 FrmVC6

 Timestamp is 590acce3 (Thu May 04 15:40:35 2017)

 Preferred load address is 00400000

 Start         Length     Name                   Class
 0001:00000000 0000c222H .text                   CODE
 0001:0000c222 00000085H .text$AFX_AUX           CODE
 0001:0000c2a7 000007d5H .text$AFX_CMNCTL        CODE
 0001:0000ca7c 000003dfH .text$AFX_COL1          CODE
 0001:0000ce5b 000004c7H .text$AFX_COL2          CODE
 0001:0000d322 000054e4H .text$AFX_CORE1         CODE
 0001:00012806 00000cabH .text$AFX_CORE2         CODE
 0001:000134b1 00003c25H .text$AFX_CORE3         CODE
 0001:000170d6 00002a79H .text$AFX_CORE4         CODE
 0001:00019b4f 000024f3H .text$AFX_INIT          CODE
 0001:0001c042 0000015eH .text$AFX_TERM          CODE
 0001:0001c1a0 000006c2H .text$x                 CODE
 0002:00000000 00000484H .idata$5                DATA
 0002:00000488 00002c10H .rdata                  DATA
 0002:00003098 00000d94H .rdata$r                DATA
 0002:00003e30 00001000H .xdata$x                DATA
 0002:00004e30 0000008cH .idata$2                DATA
 0002:00004ebc 00000014H .idata$3                DATA
 0002:00004ed0 00000484H .idata$4                DATA
 0002:00005354 000012b4H .idata$6                DATA
 0002:00006608 00000000H .edata                  DATA
 0003:00000000 00000004H .CRT$XCA                DATA
 0003:00000004 00000028H .CRT$XCC                DATA
 0003:0000002c 00000010H .CRT$XCL                DATA
 0003:0000003c 00000040H .CRT$XCU                DATA
 0003:0000007c 00000004H .CRT$XCZ                DATA
 0003:00000080 00000004H .CRT$XIA                DATA
 0003:00000084 0000000cH .CRT$XIC                DATA
 0003:00000090 00000004H .CRT$XIY                DATA
 0003:00000094 00000004H .CRT$XIZ                DATA
 0003:00000098 00000004H .CRT$XPA                DATA
 0003:0000009c 00000004H .CRT$XPX                DATA
 0003:000000a0 00000004H .CRT$XPZ                DATA
 0003:000000a4 00000004H .CRT$XTA                DATA
 0003:000000a8 00000004H .CRT$XTB                DATA
 0003:000000ac 00000004H .CRT$XTZ                DATA
 0003:000000b0 0000373dH .data                   DATA
 0003:000037f0 00004318H .bss                    DATA
 0004:00000000 00000838H .rsrc$01                DATA
 0004:00000840 00002c68H .rsrc$02                DATA

  Address         Publics by Value              Rva+Base     Lib:Object

 0001:00000000       ??0CChildView@@QAE@XZ      00401000 f   ChildView.obj
 0001:00000020       ??_ECChildView@@UAEPAXI@Z  00401020 f i ChildView.obj
 0001:00000020       ??_GCChildView@@UAEPAXI@Z  00401020 f i ChildView.obj
 0001:00000040       ??1CChildView@@UAE@XZ      00401040 f   ChildView.obj
 0001:00000050       ?GetMessageMap@CChildView@@MBEPBUAFX_MSGMAP@@XZ 00401050 f   ChildView.obj
 0001:00000060       ?PreCreateWindow@CChildView@@MAEHAAUtagCREATESTRUCTA@@@Z 00401060 f   ChildView.obj
 0001:000000b0       ?OnPaint@CChildView@@IAEXXZ 004010b0 f   ChildView.obj
 0001:000000d0       ?Serialize@CObject@@UAEXAAVCArchive@@@Z 004010d0 f i ChildView.obj
 0001:000000d0       ?DoDataExchange@CWnd@@MAEXPAVCDataExchange@@@Z 004010d0 f i ChildView.obj
 0001:000000e0       ?BeginModalState@CWnd@@UAEXXZ 004010e0 f i ChildView.obj
 0001:000000f0       ?EndModalState@CWnd@@UAEXXZ 004010f0 f i ChildView.obj
 0001:00000100       ?GetMessageMap@CFrmVC6App@@MBEPBUAFX_MSGMAP@@XZ 00401100 f   FrmVC6.obj
 0001:00000110       ??0CFrmVC6App@@QAE@XZ      00401110 f   FrmVC6.obj
 0001:00000130       ??_ECFrmVC6App@@UAEPAXI@Z  00401130 f i FrmVC6.obj
 0001:00000130       ??_GCFrmVC6App@@UAEPAXI@Z  00401130 f i FrmVC6.obj
 0001:00000150       ??1CFrmVC6App@@UAE@XZ      00401150 f i FrmVC6.obj
 0001:000001a0       ?InitInstance@CFrmVC6App@@UAEHXZ 004011a0 f   FrmVC6.obj
 0001:00000250       ??0CAboutDlg@@QAE@XZ       00401250 f   FrmVC6.obj
 0001:00000270       ??_ECAboutDlg@@UAEPAXI@Z   00401270 f i FrmVC6.obj
 0001:00000270       ??_GCAboutDlg@@UAEPAXI@Z   00401270 f i FrmVC6.obj
 0001:00000290       ??1CAboutDlg@@UAE@XZ       00401290 f i FrmVC6.obj
 0001:000002a0       ?DoDataExchange@CAboutDlg@@MAEXPAVCDataExchange@@@Z 004012a0 f   FrmVC6.obj
 0001:000002b0       ?GetMessageMap@CAboutDlg@@MBEPBUAFX_MSGMAP@@XZ 004012b0 f   FrmVC6.obj
 0001:000002c0       ?OnAppAbout@CFrmVC6App@@QAEXXZ 004012c0 f   FrmVC6.obj
 0001:00000320       ??3CObject@@SGXPAX@Z       00401320 f i FrmVC6.obj
 0001:00000330       ?GetRuntimeClass@CMainFrame@@UBEPAUCRuntimeClass@@XZ 00401330 f   MainFrm.obj
 0001:00000340       ?GetMessageMap@CMainFrame@@MBEPBUAFX_MSGMAP@@XZ 00401340 f   MainFrm.obj
 0001:00000350       ??0CMainFrame@@QAE@XZ      00401350 f   MainFrm.obj
 0001:000003c0       ??_ECMainFrame@@UAEPAXI@Z  004013c0 f i MainFrm.obj
 0001:000003c0       ??_GCMainFrame@@UAEPAXI@Z  004013c0 f i MainFrm.obj
 0001:000003e0       ??1CMainFrame@@UAE@XZ      004013e0 f   MainFrm.obj
 0001:00000460       ?OnCreate@CMainFrame@@IAEHPAUtagCREATESTRUCTA@@@Z 00401460 f   MainFrm.obj
 0001:00000530       ?PreCreateWindow@CMainFrame@@UAEHAAUtagCREATESTRUCTA@@@Z 00401530 f   MainFrm.obj
 0001:00000570       ?OnSetFocus@CMainFrame@@IAEXPAVCWnd@@@Z 00401570 f   MainFrm.obj
 0001:00000580       ?OnCmdMsg@CMainFrame@@UAEHIHPAXPAUAFX_CMDHANDLERINFO@@@Z 00401580 f   MainFrm.obj
 0001:000005d0       _InitMultipleMonitorStubs  004015d0 f   nafxcw:wincore.obj
 0001:000006a8       _xMonitorFromRect@8        004016a8 f   nafxcw:wincore.obj
 0001:000006fe       _xMonitorFromWindow@8      004016fe f   nafxcw:wincore.obj
 0001:00000769       _xGetMonitorInfo@8         00401769 f   nafxcw:wincore.obj
 0001:000007fc       ?GetOwner@CWnd@@QBEPAV1@XZ 004017fc f i nafxcw:wincore.obj
 0001:00000813       ?AfxGetMainWnd@@YGPAVCWnd@@XZ 00401813 f i nafxcw:wincore.obj
 0001:00000827       ??1CWaitCursor@@QAE@XZ     00401827 f i nafxcw:wincore.obj
 0001:00000834       ??0CResourceException@@QAE@HI@Z 00401834 f i nafxcw:wingdi.obj
 0001:0000085e       ??_GCResourceException@@UAEPAXI@Z 0040185e f i nafxcw:wingdi.obj
 0001:0000085e       ??_ECResourceException@@UAEPAXI@Z 0040185e f i nafxcw:wingdi.obj
 0001:0000087a       ??1CResourceException@@UAE@XZ 0040187a f i nafxcw:wingdi.obj
 0001:00000881       ??0CUserException@@QAE@HI@Z 00401881 f i nafxcw:wingdi.obj
 0001:000008ab       ??_ECUserException@@UAEPAXI@Z 004018ab f i nafxcw:wingdi.obj
 0001:000008ab       ??_GCUserException@@UAEPAXI@Z 004018ab f i nafxcw:wingdi.obj
 0001:000008c7       ??1CUserException@@UAE@XZ  004018c7 f i nafxcw:wingdi.obj
 0001:000008ce       ??_GCGdiObject@@UAEPAXI@Z  004018ce f i nafxcw:wingdi.obj
 0001:000008ce       ??_ECGdiObject@@UAEPAXI@Z  004018ce f i nafxcw:wingdi.obj
 0001:000008ea       ??1CGdiObject@@UAE@XZ      004018ea f i nafxcw:wingdi.obj
 0001:00000913       ?PtVisible@CDC@@UBEHHH@Z   00401913 f i nafxcw:wingdi.obj
 0001:00000927       ?RectVisible@CDC@@UBEHPBUtagRECT@@@Z 00401927 f i nafxcw:wingdi.obj
 0001:00000937       ?TextOutA@CDC@@UAEHHHPBDH@Z 00401937 f i nafxcw:wingdi.obj
 0001:00000953       ?ExtTextOutA@CDC@@UAEHHHIPBUtagRECT@@PBDIPAH@Z 00401953 f i nafxcw:wingdi.obj
 0001:00000978       ?TabbedTextOutA@CDC@@UAE?AVCSize@@HHPBDHHPAHH@Z 00401978 f i nafxcw:wingdi.obj
 0001:000009b0       ?DrawTextA@CDC@@UAEHPBDHPAUtagRECT@@I@Z 004019b0 f i nafxcw:wingdi.obj
 0001:000009cc       ?GrayStringA@CDC@@UAEHPAVCBrush@@P6GHPAUHDC__@@JH@ZJHHHHH@Z 004019cc f i nafxcw:wingdi.obj
 0001:000009fc       ?Escape@CDC@@UAEHHHPBDPAX@Z 004019fc f i nafxcw:wingdi.obj
 0001:00000a18       ??_9@$BME@AE               00401a18 f i nafxcw:dlgcore.obj
 0001:00000a20       ??_9@$BMI@AE               00401a20 f i nafxcw:dlgcore.obj
 0001:00000a28       ??1CNoTrackObject@@UAE@XZ  00401a28 f i nafxcw:appcore.obj
 0001:00000a28       ??1CObject@@UAE@XZ         00401a28 f i nafxcw:appcore.obj
 0001:00000a29       ??1CPushRoutingFrame@@QAE@XZ 00401a29 f i nafxcw:winfrm.obj
 0001:00000a35       ??0CMemoryException@@QAE@HI@Z 00401a35 f i nafxcw:except.obj
 0001:00000a5f       ??_ECMemoryException@@UAEPAXI@Z 00401a5f f i nafxcw:except.obj
 0001:00000a5f       ??_GCMemoryException@@UAEPAXI@Z 00401a5f f i nafxcw:except.obj
 0001:00000a7b       ??1CMemoryException@@UAE@XZ 00401a7b f i nafxcw:except.obj
 0001:00000a82       ??0CNotSupportedException@@QAE@HI@Z 00401a82 f i nafxcw:except.obj
 0001:00000aac       ??_ECNotSupportedException@@UAEPAXI@Z 00401aac f i nafxcw:except.obj
 0001:00000aac       ??_GCNotSupportedException@@UAEPAXI@Z 00401aac f i nafxcw:except.obj
 0001:00000ac8       ??1CNotSupportedException@@UAE@XZ 00401ac8 f i nafxcw:except.obj
 0001:00000acf       ??_GCHandleMap@@UAEPAXI@Z  00401acf f i nafxcw:winhand.obj
 0001:00000acf       ??_ECHandleMap@@UAEPAXI@Z  00401acf f i nafxcw:winhand.obj
 0001:00000aeb       ??1CHandleMap@@UAE@XZ      00401aeb f i nafxcw:winhand.obj
 0001:00000b33       ??_ECMenu@@UAEPAXI@Z       00401b33 f i nafxcw:winmenu.obj
 0001:00000b33       ??_GCMenu@@UAEPAXI@Z       00401b33 f i nafxcw:winmenu.obj
 0001:00000b4f       ??1CMenu@@UAE@XZ           00401b4f f i nafxcw:winmenu.obj
 0001:00000b78       ??0CFixedAlloc@@QAE@II@Z   00401b78 f   nafxcw:fixalloc.obj
 0001:00000ba0       ??1CFixedAlloc@@QAE@XZ     00401ba0 f   nafxcw:fixalloc.obj
 0001:00000bb4       ?FreeAll@CFixedAlloc@@QAEXXZ 00401bb4 f   nafxcw:fixalloc.obj
 0001:00000bdc       ?Alloc@CFixedAlloc@@QAEPAXXZ 00401bdc f   nafxcw:fixalloc.obj
 0001:00000c6b       ?Free@CFixedAlloc@@QAEXPAX@Z 00401c6b f   nafxcw:fixalloc.obj
 0001:00000c97       ??0CPoint@@QAE@K@Z         00401c97 f i nafxcw:barcore.obj
 0001:00000cae       ?OnCancelMode@CWnd@@IAEXXZ 00401cae f i nafxcw:barcore.obj
 0001:00000cb3       ?OnEraseBkgnd@CWnd@@IAEHPAVCDC@@@Z 00401cb3 f i nafxcw:barcore.obj
 0001:00000cbb       ?OnShowWindow@CWnd@@IAEXHI@Z 00401cbb f i nafxcw:barcore.obj
 0001:00000cc3       ??0CGdiObject@@QAE@XZ      00401cc3 f i nafxcw:wingdix.obj
 0001:00000cd0       ??_ECRgn@@UAEPAXI@Z        00401cd0 f i nafxcw:wingdix.obj
 0001:00000cd0       ??_GCRgn@@UAEPAXI@Z        00401cd0 f i nafxcw:wingdix.obj
 0001:00000cec       ??1CRgn@@UAE@XZ            00401cec f i nafxcw:wingdix.obj
 0001:00000d15       __onexit                   00401d15 f   libcmt:onexit.obj
 0001:00000d93       _atexit                    00401d93 f   libcmt:onexit.obj
 0001:00000da5       ___onexitinit              00401da5 f   libcmt:onexit.obj
 0001:00000dd4       ?_JumpToContinuation@@YGXPAXPAUEHRegistrationNode@@@Z 00401dd4 f   libcmt:trnsctrl.obj
 0001:00000e08       ?_CallMemberFunction1@@YGXPAX00@Z 00401e08 f   libcmt:trnsctrl.obj
 0001:00000e08       ?_CallMemberFunction0@@YGXPAX0@Z 00401e08 f   libcmt:trnsctrl.obj
 0001:00000e0f       ?_CallMemberFunction2@@YGXPAX00H@Z 00401e0f f   libcmt:trnsctrl.obj
 0001:00000e16       ?_UnwindNestedFrames@@YGXPAUEHRegistrationNode@@PAUEHExceptionRecord@@@Z 00401e16 f   libcmt:trnsctrl.obj
 0001:00000e65       ___CxxFrameHandler         00401e65 f   libcmt:trnsctrl.obj
 0001:00000e9b       ?_CallCatchBlock2@@YAPAXPAUEHRegistrationNode@@PBU_s_FuncInfo@@PAXHK@Z 00401e9b f   libcmt:trnsctrl.obj
 0001:00000f14       ?_CallSETranslator@@YAHPAUEHExceptionRecord@@PAUEHRegistrationNode@@PAX2PBU_s_FuncInfo@@H1@Z 00401f14 f   libcmt:trnsctrl.obj
 0001:0000103f       ?_GetRangeOfTrysToCheck@@YAPBU_s_TryBlockMapEntry@@PBU_s_FuncInfo@@HHPAI1@Z 0040203f f   libcmt:trnsctrl.obj
 0001:000010bc       __global_unwind2           004020bc f   libcmt:exsup.obj
 0001:000010fe       __local_unwind2            004020fe f   libcmt:exsup.obj
 0001:00001156       __NLG_Return2              00402156 f   libcmt:exsup.obj
 0001:00001166       __abnormal_termination     00402166 f   libcmt:exsup.obj
 0001:00001189       __NLG_Notify1              00402189 f   libcmt:exsup.obj
 0001:00001192       __NLG_Notify               00402192 f   libcmt:exsup.obj
 0001:000011a5       __NLG_Dispatch             004021a5 f   libcmt:exsup.obj
 0001:000011aa       _WinMainCRTStartup         004021aa f   libcmt:wincrt0.obj
 0001:000012b2       __amsg_exit                004022b2 f   libcmt:wincrt0.obj
 0001:000012fb       ??1type_info@@UAE@XZ       004022fb f   libcmt:typinfo.obj
 0001:00001324       ??_Gtype_info@@UAEPAXI@Z   00402324 f i libcmt:typinfo.obj
 0001:00001324       ??_Etype_info@@UAEPAXI@Z   00402324 f i libcmt:typinfo.obj
 0001:00001340       _memset                    00402340 f   libcmt:memset.obj
 0001:00001398       __EH_prolog                00402398 f   libcmt:ehprolog.obj
 0001:000013b7       __CxxThrowException@8      004023b7 f   libcmt:throw.obj
 0001:00001400       _memcmp                    00402400 f   libcmt:memcmp.obj
 0001:000014ac       _malloc                    004024ac f   libcmt:malloc.obj
 0001:000014be       __nh_malloc                004024be f   libcmt:malloc.obj
 0001:000014ea       __heap_alloc               004024ea f   libcmt:malloc.obj
 0001:000015e6       _free                      004025e6 f   libcmt:free.obj
 0001:000016cf       __mbscmp                   004026cf f   libcmt:mbscmp.obj
 0001:0000177e       __strdup                   0040277e f   libcmt:strdup.obj
 0001:000017a9       __cinit                    004027a9 f   libcmt:crt0dat.obj
 0001:000017d6       _exit                      004027d6 f   libcmt:crt0dat.obj
 0001:000017e7       __exit                     004027e7 f   libcmt:crt0dat.obj
 0001:0000189d       __lockexit                 0040289d f   libcmt:crt0dat.obj
 0001:000018a6       __unlockexit               004028a6 f   libcmt:crt0dat.obj
 0001:000018d0       __chkstk                   004028d0 f   libcmt:chkstk.obj
 0001:000018d0       __alloca_probe             004028d0 f   libcmt:chkstk.obj
 0001:000018ff       __mbschr                   004028ff f   libcmt:mbschr.obj
 0001:000019a0       _memcpy                    004029a0 f   libcmt:memcpy.obj
 0001:00001cd5       __msize                    00402cd5 f   libcmt:msize.obj
 0001:00001dc3       _atol                      00402dc3 f   libcmt:atox.obj
 0001:00001e4e       _atoi                      00402e4e f   libcmt:atox.obj
 0001:00001e59       __expand                   00402e59 f   libcmt:expand.obj
 0001:00001fbd       _wcslen                    00402fbd f   libcmt:wcslen.obj
 0001:00001fe0       _memmove                   00402fe0 f   libcmt:memmove.obj
 0001:00002315       __mbsinc                   00403315 f   libcmt:mbsinc.obj
 0001:0000232c       __setmbcp                  0040332c f   libcmt:mbctype.obj
 0001:00002704       ___initmbctable            00403704 f   libcmt:mbctype.obj
 0001:00002720       _calloc                    00403720 f   libcmt:calloc.obj
 0001:0000285d       __mbsrchr                  0040385d f   libcmt:mbsrchr.obj
 0001:000028d0       _strlen                    004038d0 f   libcmt:strlen.obj
 0001:0000294b       __fpmath                   0040394b f   libcmt:fpinit.obj
 0001:00002962       __fpclear                  00403962 f   libcmt:fpinit.obj
 0001:00002963       __cfltcvt_init             00403963 f   libcmt:fpinit.obj
 0001:0000299b       __dosmaperr                0040399b f   libcmt:dosmap.obj
 0001:00002a0e       __errno                    00403a0e f   libcmt:dosmap.obj
 0001:00002a17       ___doserrno                00403a17 f   libcmt:dosmap.obj
 0001:00002a20       _realloc                   00403a20 f   libcmt:realloc.obj
 0001:00002d4f       ___InternalCxxFrameHandler 00403d4f f   libcmt:frame.obj
 0001:000030a4       ___FrameUnwindToState      004040a4 f   libcmt:frame.obj
 0001:000034dc       ?_DestructExceptionObject@@YAXPAUEHExceptionRecord@@E@Z 004044dc f   libcmt:frame.obj
 0001:00003570       __CallSettingFrame@12      00404570 f   libcmt:lowhelpr.obj
 0001:00003597       __NLG_Return               00404597 f   libcmt:lowhelpr.obj
 0001:000035bc       __mtinit                   004045bc f   libcmt:tidtable.obj
 0001:00003610       __initptd                  00404610 f   libcmt:tidtable.obj
 0001:00003623       __getptd                   00404623 f   libcmt:tidtable.obj
 0001:0000368a       ?terminate@@YAXXZ          0040468a f   libcmt:hooks.obj
 0001:000036eb       ?_inconsistency@@YAXXZ     004046eb f   libcmt:hooks.obj
 0001:00003741       __XcptFilter               00404741 f   libcmt:winxfltr.obj
 0001:000038b9       __wincmdln                 004048b9 f   libcmt:wincmdln.obj
 0001:00003911       __setenvp                  00404911 f   libcmt:stdenvp.obj
 0001:000039ca       __setargv                  004049ca f   libcmt:stdargv.obj
 0001:00003c17       ___crtGetEnvironmentStringsA 00404c17 f   libcmt:a_env.obj
 0001:00003d49       __ioinit                   00404d49 f   libcmt:ioinit.obj
 0001:00003f05       __GetLinkerVersion         00404f05 f   libcmt:heapinit.obj
 0001:00003f32       ___heap_select             00404f32 f   libcmt:heapinit.obj
 0001:0000407a       __heap_init                0040507a f   libcmt:heapinit.obj
 0001:000040e0       __except_handler3          004050e0 f   libcmt:exsup3.obj
 0001:0000419d       __seh_longjmp_unwind@4     0040519d f   libcmt:exsup3.obj
 0001:000041b8       __FF_MSGBANNER             004051b8 f   libcmt:crt0msg.obj
 0001:000041f1       __NMSG_WRITE               004051f1 f   libcmt:crt0msg.obj
 0001:00004344       __mtinitlocks              00405344 f   libcmt:mlock.obj
 0001:0000436d       __lock                     0040536d f   libcmt:mlock.obj
 0001:000043ce       __unlock                   004053ce f   libcmt:mlock.obj
 0001:000043f0       _strcmp                    004053f0 f   libcmt:strcmp.obj
 0001:00004474       ?__CxxUnhandledExceptionFilter@@YGJPAU_EXCEPTION_POINTERS@@@Z 00405474 f   libcmt:unhandld.obj
 0001:000044ba       ?__CxxSetUnhandledExceptionFilter@@YAXXZ 004054ba f   libcmt:unhandld.obj
 0001:000044cb       ?__CxxRestoreUnhandledExceptionFilter@@YAXXZ 004054cb f   libcmt:unhandld.obj
 0001:000044d8       __callnewh                 004054d8 f   libcmt:handler.obj
 0001:000044f3       ___sbh_heap_init           004054f3 f   libcmt:sbheap.obj
 0001:0000453b       ___sbh_find_block          0040553b f   libcmt:sbheap.obj
 0001:00004566       ___sbh_free_block          00405566 f   libcmt:sbheap.obj
 0001:0000488f       ___sbh_alloc_block         0040588f f   libcmt:sbheap.obj
 0001:00004b98       ___sbh_alloc_new_region    00405b98 f   libcmt:sbheap.obj
 0001:00004c49       ___sbh_alloc_new_group     00405c49 f   libcmt:sbheap.obj
 0001:00004d44       ___sbh_resize_block        00405d44 f   libcmt:sbheap.obj
 0001:0000503a       ___old_sbh_new_region      0040603a f   libcmt:sbheap.obj
 0001:0000517e       ___old_sbh_release_region  0040617e f   libcmt:sbheap.obj
 0001:000051d4       ___old_sbh_decommit_pages  004061d4 f   libcmt:sbheap.obj
 0001:00005296       ___old_sbh_find_block      00406296 f   libcmt:sbheap.obj
 0001:000052ed       ___old_sbh_free_block      004062ed f   libcmt:sbheap.obj
 0001:00005332       ___old_sbh_alloc_block     00406332 f   libcmt:sbheap.obj
 0001:0000553a       ___old_sbh_alloc_block_from_page 0040653a f   libcmt:sbheap.obj
 0001:0000565e       ___old_sbh_resize_block    0040665e f   libcmt:sbheap.obj
 0001:00005710       _strcpy                    00406710 f   libcmt:strcat.obj
 0001:00005720       _strcat                    00406720 f   libcmt:strcat.obj
 0001:00005810       _strchr                    00406810 f   libcmt:strchr.obj
 0001:00005816       ___from_strstr_to_strchr   00406816 f   libcmt:strchr.obj
 0001:000058cc       __isctype                  004068cc f   libcmt:isctype.obj
 0001:00005950       __allmul                   00406950 f   libcmt:llmul.obj
 0001:00005990       _strpbrk                   00406990 f   libcmt:strpbrk.obj
 0001:000059ca       ___crtLCMapStringA         004069ca f   libcmt:a_map.obj
 0001:00005c20       __strrev                   00406c20 f   libcmt:strrev.obj
 0001:00005c50       ___crtGetStringTypeA       00406c50 f   libcmt:a_str.obj
 0001:00005da0       _strstr                    00406da0 f   libcmt:strstr.obj
 0001:00005e20       _strspn                    00406e20 f   libcmt:strspn.obj
 0001:00005e60       _strcspn                   00406e60 f   libcmt:strcspn.obj
 0001:00005ea0       _strrchr                   00406ea0 f   libcmt:strrchr.obj
 0001:00005ed0       _strncmp                   00406ed0 f   libcmt:strncmp.obj
 0001:00005f08       __setdefaultprecision      00406f08 f   libcmt:fp8.obj
 0001:00005f1a       __ms_p5_test_fdiv          00406f1a f   libcmt:testfdiv.obj
 0001:00005f58       __ms_p5_mp_test_fdiv       00406f58 f   libcmt:testfdiv.obj
 0001:00005f81       __forcdecpt                00406f81 f   libcmt:cvt.obj
 0001:00005fdb       __cropzeros                00406fdb f   libcmt:cvt.obj
 0001:00006029       __positive                 00407029 f   libcmt:cvt.obj
 0001:00006041       __fassign                  00407041 f   libcmt:cvt.obj
 0001:0000607f       __cftoe                    0040707f f   libcmt:cvt.obj
 0001:000061a2       __cftof                    004071a2 f   libcmt:cvt.obj
 0001:0000629e       __cftog                    0040729e f   libcmt:cvt.obj
 0001:00006331       __cfltcvt                  00407331 f   libcmt:cvt.obj
 0001:000063b0       __strcmpi                  004073b0 f   libcmt:stricmp.obj
 0001:000063b0       __stricmp                  004073b0 f   libcmt:stricmp.obj
 0001:00006480       ?_ValidateRead@@YAHPBXI@Z  00407480 f   libcmt:validate.obj
 0001:0000649c       ?_ValidateWrite@@YAHPAXI@Z 0040749c f   libcmt:validate.obj
 0001:000064b8       ?_ValidateExecute@@YAHP6GHXZ@Z 004074b8 f   libcmt:validate.obj
 0001:000064d0       _abort                     004074d0 f   libcmt:abort.obj
 0001:000064e7       __ismbblead                004074e7 f   libcmt:ismbbyte.obj
 0001:00006529       _strtol                    00407529 f   libcmt:strtol.obj
 0001:00006745       ___crtMessageBoxA          00407745 f   libcmt:crtmbox.obj
 0001:000067d0       _strncpy                   004077d0 f   libcmt:strncpy.obj
 0001:000068ce       __lseek_lk                 004078ce f   libcmt:lseek.obj
 0001:00006941       __write                    00407941 f   libcmt:write.obj
 0001:000069a6       __write_lk                 004079a6 f   libcmt:write.obj
 0001:00006b31       ___initstdio               00407b31 f   libcmt:_file.obj
 0001:00006bd9       ___endstdio                00407bd9 f   libcmt:_file.obj
 0001:00006bed       __lock_file                00407bed f   libcmt:_file.obj
 0001:00006c1c       __lock_file2               00407c1c f   libcmt:_file.obj
 0001:00006c3f       __unlock_file              00407c3f f   libcmt:_file.obj
 0001:00006c6e       __unlock_file2             00407c6e f   libcmt:_file.obj
 0001:00006ca0       __aulldiv                  00407ca0 f   libcmt:ulldiv.obj
 0001:00006d10       __aullrem                  00407d10 f   libcmt:ullrem.obj
 0001:00006d85       __control87                00407d85 f   libcmt:ieee87.obj
 0001:00006dba       __controlfp                00407dba f   libcmt:ieee87.obj
 0001:00006eeb       _tolower                   00407eeb f   libcmt:tolower.obj
 0001:00006f5a       __tolower_lk               00407f5a f   libcmt:tolower.obj
 0001:00007025       __ZeroTail                 00408025 f   libcmt:intrncvt.obj
 0001:0000706e       __IncMan                   0040806e f   libcmt:intrncvt.obj
 0001:000070c4       __RoundMan                 004080c4 f   libcmt:intrncvt.obj
 0001:00007150       __CopyMan                  00408150 f   libcmt:intrncvt.obj
 0001:0000716b       __FillZeroMan              0040816b f   libcmt:intrncvt.obj
 0001:00007177       __IsZeroMan                00408177 f   libcmt:intrncvt.obj
 0001:00007192       __ShrMan                   00408192 f   libcmt:intrncvt.obj
 0001:0000721f       __ld12cvt                  0040821f f   libcmt:intrncvt.obj
 0001:0000738b       __ld12tod                  0040838b f   libcmt:intrncvt.obj
 0001:000073a1       __ld12tof                  004083a1 f   libcmt:intrncvt.obj
 0001:000073b7       __atodbl                   004083b7 f   libcmt:intrncvt.obj
 0001:000073e4       __atoflt                   004083e4 f   libcmt:intrncvt.obj
 0001:00007411       __fptostr                  00408411 f   libcmt:_fptostr.obj
 0001:00007488       __fltout2                  00408488 f   libcmt:cfout.obj
 0001:000074e4       ___dtold                   004084e4 f   libcmt:cfout.obj
 0001:0000759a       __fptrap                   0040859a f   libcmt:crt0fp.obj
 0001:000075a3       _raise                     004085a3 f   libcmt:winsig.obj
 0001:00007762       _toupper                   00408762 f   libcmt:toupper.obj
 0001:000077d1       __toupper_lk               004087d1 f   libcmt:toupper.obj
 0001:0000789d       __free_osfhnd              0040889d f   libcmt:osfinfo.obj
 0001:0000791c       __get_osfhandle            0040891c f   libcmt:osfinfo.obj
 0001:0000795e       __lock_fhandle             0040895e f   libcmt:osfinfo.obj
 0001:000079bd       __unlock_fhandle           004089bd f   libcmt:osfinfo.obj
 0001:000079df       __fcloseall                004089df f   libcmt:closeall.obj
 0001:00007a60       __fflush_lk                00408a60 f   libcmt:fflush.obj
 0001:00007a8e       __flush                    00408a8e f   libcmt:fflush.obj
 0001:00007aea       __flushall                 00408aea f   libcmt:fflush.obj
 0001:00007b97       ___addl                    00408b97 f   libcmt:mantold.obj
 0001:00007bb8       ___add_12                  00408bb8 f   libcmt:mantold.obj
 0001:00007c16       ___shl_12                  00408c16 f   libcmt:mantold.obj
 0001:00007c44       ___shr_12                  00408c44 f   libcmt:mantold.obj
 0001:00007c71       ___mtold12                 00408c71 f   libcmt:mantold.obj
 0001:00007d38       ___strgtold12              00408d38 f   libcmt:strgtold.obj
 0001:00008209       _$I10_OUTPUT               00409209 f   libcmt:x10fout.obj
 0001:000084a0       __strnicmp                 004094a0 f   libcmt:strnicmp.obj
 0001:000085a1       _fclose                    004095a1 f   libcmt:fclose.obj
 0001:000085d2       __fclose_lk                004095d2 f   libcmt:fclose.obj
 0001:0000861e       __commit                   0040961e f   libcmt:commit.obj
 0001:000086b1       ___ld12mul                 004096b1 f   libcmt:tenpow.obj
 0001:000088d1       ___multtenpow12            004098d1 f   libcmt:tenpow.obj
 0001:0000894d       __close                    0040994d f   libcmt:close.obj
 0001:000089aa       __close_lk                 004099aa f   libcmt:close.obj
 0001:00008a2d       __freebuf                  00409a2d f   libcmt:_freebuf.obj
 0001:00008a58       _RtlUnwind@16              00409a58 f   kernel32:KERNEL32.dll
 0001:00008a5e       _ReuseDDElParam@20         00409a5e f   user32:USER32.dll
 0001:00008a64       _UnpackDDElParam@16        00409a64 f   user32:USER32.dll
 0001:00008a6a       _ClosePrinter@4            00409a6a f   winspool:WINSPOOL.DRV
 0001:00008a70       _DocumentPropertiesA@24    00409a70 f   winspool:WINSPOOL.DRV
 0001:00008a76       _OpenPrinterA@12           00409a76 f   winspool:WINSPOOL.DRV
 0001:00008be0       _CallWndProcFilterProc@12  00409be0 f   ctl3d32s:CTL3D.OBJ
 0001:00009050       _Ctl3dRegister@4           0040a050 f   ctl3d32s:CTL3D.OBJ
 0001:000090c0       _Ctl3dUnregister@4         0040a0c0 f   ctl3d32s:CTL3D.OBJ
 0001:00009180       _Ctl3dAutoSubclass@4       0040a180 f   ctl3d32s:CTL3D.OBJ
 0001:00009190       _Ctl3dAutoSubclassEx@8     0040a190 f   ctl3d32s:CTL3D.OBJ
 0001:000092d0       _Ctl3dIsAutoSubclass@0     0040a2d0 f   ctl3d32s:CTL3D.OBJ
 0001:00009300       _Ctl3dUnAutoSubclass@0     0040a300 f   ctl3d32s:CTL3D.OBJ
 0001:000093a0       _Ctl3dSubclassCtl@4        0040a3a0 f   ctl3d32s:CTL3D.OBJ
 0001:000093d0       _Ctl3dUnsubclassCtl@4      0040a3d0 f   ctl3d32s:CTL3D.OBJ
 0001:000094e0       _Ctl3dSubclassCtlEx@8      0040a4e0 f   ctl3d32s:CTL3D.OBJ
 0001:00009620       _Ctl3dCheckSubclassDlg@8   0040a620 f   ctl3d32s:CTL3D.OBJ
 0001:000096a0       _Ctl3dSubclassDlgEx@8      0040a6a0 f   ctl3d32s:CTL3D.OBJ
 0001:00009710       _Ctl3dCtlColorEx@12        0040a710 f   ctl3d32s:CTL3D.OBJ
 0001:000097a0       _Ctl3dColorChange@0        0040a7a0 f   ctl3d32s:CTL3D.OBJ
 0001:00009a80       _Ctl3dWinIniChange@0       0040aa80 f   ctl3d32s:CTL3D.OBJ
 0001:00009f80       _Ctl3dDlgProc@16           0040af80 f   ctl3d32s:CTL3D.OBJ
 0001:0000a2f0       _Ctl3dHook@12              0040b2f0 f   ctl3d32s:CTL3D.OBJ
 0001:0000b130       _BtnWndProc3d@16           0040c130 f   ctl3d32s:CTL3D.OBJ
 0001:0000b410       _ListEditPaint3d           0040c410 f   ctl3d32s:CTL3D.OBJ
 0001:0000b750       _ShareEditComboWndProc3d   0040c750 f   ctl3d32s:CTL3D.OBJ
 0001:0000b8a0       _EditWndProc3d@16          0040c8a0 f   ctl3d32s:CTL3D.OBJ
 0001:0000b8d0       _SharedListWndProc         0040c8d0 f   ctl3d32s:CTL3D.OBJ
 0001:0000bb00       _ListWndProc3d@16          0040cb00 f   ctl3d32s:CTL3D.OBJ
 0001:0000bb30       _ComboWndProc3d@16         0040cb30 f   ctl3d32s:CTL3D.OBJ
 0001:0000bb80       _StaticPrint               0040cb80 f   ctl3d32s:CTL3D.OBJ
 0001:0000bc60       _StaticPaint               0040cc60 f   ctl3d32s:CTL3D.OBJ
 0001:0000be00       _StaticWndProc3d@16        0040ce00 f   ctl3d32s:CTL3D.OBJ
 0001:0000bf50       _LibMain                   0040cf50 f   ctl3d32s:CTL3D.OBJ
 0001:0000c020       _LoadUIBitmap@32           0040d020 f   ctl3d32s:CTL3D.OBJ
 0001:0000c1b7       _WinMain@16                0040d1b7 f   nafxcw:appmodul.obj
 0001:0000c1cf       ?AfxInitialize@@YGHHK@Z    0040d1cf f   nafxcw:appmodul.obj
 0001:0000c1ed       ?_AfxTermAppState@@YAXXZ   0040d1ed f   nafxcw:appmodul.obj
 0001:0000c222       ?InitString@CSimpleException@@QAEXXZ 0040d222 f   nafxcw:except.obj
 0001:0000c24b       ?GetErrorMessage@CSimpleException@@UAEHPADIPAI@Z 0040d24b f   nafxcw:except.obj
 0001:0000c28e       ?AfxThrowMemoryException@@YGXXZ 0040d28e f   nafxcw:except.obj
 0001:0000c2a7       ?GetMessageMap@CToolTipCtrl@@MBEPBUAFX_MSGMAP@@XZ 0040d2a7 f   nafxcw:tooltip.obj
 0001:0000c2ad       ??0CToolTipCtrl@@QAE@XZ    0040d2ad f   nafxcw:tooltip.obj
 0001:0000c2e6       ??_ECToolTipCtrl@@UAEPAXI@Z 0040d2e6 f i nafxcw:tooltip.obj
 0001:0000c2e6       ??_GCToolTipCtrl@@UAEPAXI@Z 0040d2e6 f i nafxcw:tooltip.obj
 0001:0000c302       ?Create@CToolTipCtrl@@QAEHPAVCWnd@@K@Z 0040d302 f   nafxcw:tooltip.obj
 0001:0000c357       ??1CToolTipCtrl@@UAE@XZ    0040d357 f   nafxcw:tooltip.obj
 0001:0000c39e       ?DestroyToolTipCtrl@CToolTipCtrl@@UAEHXZ 0040d39e f   nafxcw:tooltip.obj
 0001:0000c3b8       ?OnAddTool@CToolTipCtrl@@IAEJIJ@Z 0040d3b8 f   nafxcw:tooltip.obj
 0001:0000c42c       ?OnDisableModal@CToolTipCtrl@@IAEJIJ@Z 0040d42c f   nafxcw:tooltip.obj
 0001:0000c443       ?OnEnable@CToolTipCtrl@@IAEXH@Z 0040d443 f   nafxcw:tooltip.obj
 0001:0000c45a       ?OnWindowFromPoint@CToolTipCtrl@@IAEJIJ@Z 0040d45a f   nafxcw:tooltip.obj
 0001:0000c4cd       ?_EnableToolTips@CWnd@@QAEHHI@Z 0040d4cd f   nafxcw:tooltip.obj
 0001:0000c570       ?EnableToolTips@CWnd@@QAEHH@Z 0040d570 f   nafxcw:tooltip.obj
 0001:0000c57e       ?_AfxRelayToolTipMessage@@YGXPAVCToolTipCtrl@@PAUtagMSG@@@Z 0040d57e f   nafxcw:tooltip.obj
 0001:0000c600       ?_FilterToolTipMessage@CWnd@@SGXPAUtagMSG@@PAV1@@Z 0040d600 f   nafxcw:tooltip.obj
 0001:0000c610       ?FilterToolTipMessage@CWnd@@QAEXPAUtagMSG@@@Z 0040d610 f   nafxcw:tooltip.obj
 0001:0000ca7c       ??0CPtrList@@QAE@H@Z       0040da7c f   nafxcw:list_p.obj
 0001:0000ca9f       ??_GCPtrList@@UAEPAXI@Z    0040da9f f i nafxcw:list_p.obj
 0001:0000ca9f       ??_ECPtrList@@UAEPAXI@Z    0040da9f f i nafxcw:list_p.obj
 0001:0000cabb       ?RemoveAll@CPtrList@@QAEXXZ 0040dabb f   nafxcw:list_p.obj
 0001:0000cadb       ??1CPtrList@@UAE@XZ        0040dadb f   nafxcw:list_p.obj
 0001:0000cb04       ?NewNode@CPtrList@@IAEPAUCNode@1@PAU21@0@Z 0040db04 f   nafxcw:list_p.obj
 0001:0000cb5c       ?FreeNode@CPtrList@@IAEXPAUCNode@1@@Z 0040db5c f   nafxcw:list_p.obj
 0001:0000cb75       ?AddTail@CPtrList@@QAEPAU__POSITION@@PAX@Z 0040db75 f   nafxcw:list_p.obj
 0001:0000cb9e       ?RemoveHead@CPtrList@@QAEPAXXZ 0040db9e f   nafxcw:list_p.obj
 0001:0000cbc2       ?RemoveAt@CPtrList@@QAEXPAU__POSITION@@@Z 0040dbc2 f   nafxcw:list_p.obj
 0001:0000cbf9       ?Find@CPtrList@@QBEPAU__POSITION@@PAXPAU2@@Z 0040dbf9 f   nafxcw:list_p.obj
 0001:0000cc1c       ?Create@CPlex@@SGPAU1@AAPAU1@II@Z 0040dc1c f   nafxcw:plex.obj
 0001:0000cc3c       ?FreeDataChain@CPlex@@QAEXXZ 0040dc3c f   nafxcw:plex.obj
 0001:0000cc52       ?SetSize@CPtrArray@@QAEXHH@Z 0040dc52 f   nafxcw:array_p.obj
 0001:0000cd6b       ?SetAtGrow@CPtrArray@@QAEXHPAX@Z 0040dd6b f   nafxcw:array_p.obj
 0001:0000cd92       ?InsertAt@CPtrArray@@QAEXHPAXH@Z 0040dd92 f   nafxcw:array_p.obj
 0001:0000ce24       ?RemoveAt@CPtrArray@@QAEXHH@Z 0040de24 f   nafxcw:array_p.obj
 0001:0000ce5b       ??0CMapPtrToPtr@@QAE@H@Z   0040de5b f   nafxcw:map_pp.obj
 0001:0000ce82       ??_ECMapPtrToPtr@@UAEPAXI@Z 0040de82 f i nafxcw:map_pp.obj
 0001:0000ce82       ??_GCMapPtrToPtr@@UAEPAXI@Z 0040de82 f i nafxcw:map_pp.obj
 0001:0000ce9e       ?RemoveAll@CMapPtrToPtr@@QAEXXZ 0040de9e f   nafxcw:map_pp.obj
 0001:0000cec9       ??1CMapPtrToPtr@@UAE@XZ    0040dec9 f   nafxcw:map_pp.obj
 0001:0000cef2       ?NewAssoc@CMapPtrToPtr@@IAEPAUCAssoc@1@XZ 0040def2 f   nafxcw:map_pp.obj
 0001:0000cf3f       ?FreeAssoc@CMapPtrToPtr@@IAEXPAUCAssoc@1@@Z 0040df3f f   nafxcw:map_pp.obj
 0001:0000cf58       ?GetAssocAt@CMapPtrToPtr@@IBEPAUCAssoc@1@PAXAAI@Z 0040df58 f   nafxcw:map_pp.obj
 0001:0000cf8a       ?GetValueAt@CMapPtrToPtr@@QBEPAXPAX@Z 0040df8a f   nafxcw:map_pp.obj
 0001:0000cfbd       ??ACMapPtrToPtr@@QAEAAPAXPAX@Z 0040dfbd f   nafxcw:map_pp.obj
 0001:0000d00d       ?RemoveKey@CMapPtrToPtr@@QAEHPAX@Z 0040e00d f   nafxcw:map_pp.obj
 0001:0000d04f       ?GetNextAssoc@CMapPtrToPtr@@QBEXAAPAU__POSITION@@AAPAX1@Z 0040e04f f   nafxcw:map_pp.obj
 0001:0000d0c1       ??0CMapStringToPtr@@QAE@H@Z 0040e0c1 f   nafxcw:map_sp.obj
 0001:0000d0e8       ??_ECMapStringToPtr@@UAEPAXI@Z 0040e0e8 f i nafxcw:map_sp.obj
 0001:0000d0e8       ??_GCMapStringToPtr@@UAEPAXI@Z 0040e0e8 f i nafxcw:map_sp.obj
 0001:0000d104       ?InitHashTable@CMapPtrToPtr@@QAEXIH@Z 0040e104 f   nafxcw:map_sp.obj
 0001:0000d104       ?InitHashTable@CMapStringToPtr@@QAEXIH@Z 0040e104 f   nafxcw:map_sp.obj
 0001:0000d149       ?RemoveAll@CMapStringToPtr@@QAEXXZ 0040e149 f   nafxcw:map_sp.obj
 0001:0000d19b       ??1CMapStringToPtr@@UAE@XZ 0040e19b f   nafxcw:map_sp.obj
 0001:0000d1c4       ?NewAssoc@CMapStringToPtr@@IAEPAUCAssoc@1@XZ 0040e1c4 f   nafxcw:map_sp.obj
 0001:0000d226       ?GetAssocAt@CMapStringToPtr@@IBEPAUCAssoc@1@PBDAAI@Z 0040e226 f   nafxcw:map_sp.obj
 0001:0000d27c       ?Lookup@CMapStringToPtr@@QBEHPBDAAPAX@Z 0040e27c f   nafxcw:map_sp.obj
 0001:0000d29e       ?LookupKey@CMapStringToPtr@@QBEHPBDAAPBD@Z 0040e29e f   nafxcw:map_sp.obj
 0001:0000d2c0       ??ACMapStringToPtr@@QAEAAPAXPBD@Z 0040e2c0 f   nafxcw:map_sp.obj
 0001:0000d430       ??0CWnd@@QAE@XZ            0040e430 f   nafxcw:wincore.obj
 0001:0000d452       ??_ECWnd@@UAEPAXI@Z        0040e452 f i nafxcw:wincore.obj
 0001:0000d452       ??_GCWnd@@UAEPAXI@Z        0040e452 f i nafxcw:wincore.obj
 0001:0000d46e       ??0CWnd@@AAE@PAUHWND__@@@Z 0040e46e f   nafxcw:wincore.obj
 0001:0000d49a       ?_AfxModifyStyle@@YGHPAUHWND__@@HKKI@Z 0040e49a f   nafxcw:wincore.obj
 0001:0000d4e9       ?ModifyStyle@CWnd@@SGHPAUHWND__@@KKI@Z 0040e4e9 f   nafxcw:wincore.obj
 0001:0000d503       ?ModifyStyleEx@CWnd@@SGHPAUHWND__@@KKI@Z 0040e503 f   nafxcw:wincore.obj
 0001:0000d51d       ?_AfxPreInitDialog@@YGXPAVCWnd@@PAUtagRECT@@PAK@Z 0040e51d f   nafxcw:wincore.obj
 0001:0000d540       ?_AfxPostInitDialog@@YGXPAVCWnd@@ABUtagRECT@@K@Z 0040e540 f   nafxcw:wincore.obj
 0001:0000d5b9       ?_AfxHandleActivate@@YGXPAVCWnd@@I0@Z 0040e5b9 f   nafxcw:wincore.obj
 0001:0000d61a       ?_AfxHandleSetCursor@@YGHPAVCWnd@@II@Z 0040e61a f   nafxcw:wincore.obj
 0001:0000d690       ?AfxCallWndProc@@YGJPAVCWnd@@PAUHWND__@@IIJ@Z 0040e690 f   nafxcw:wincore.obj
 0001:0000d78d       ?GetCurrentMessage@CWnd@@KGPBUtagMSG@@XZ 0040e78d f   nafxcw:wincore.obj
 0001:0000d7c2       ?Default@CWnd@@IAEJXZ      0040e7c2 f   nafxcw:wincore.obj
 0001:0000d7e9       ?afxMapHWND@@YGPAVCHandleMap@@H@Z 0040e7e9 f   nafxcw:wincore.obj
 0001:0000d85b       ?FromHandle@CWnd@@SGPAV1@PAUHWND__@@@Z 0040e85b f   nafxcw:wincore.obj
 0001:0000d882       ?FromHandlePermanent@CWnd@@SGPAV1@PAUHWND__@@@Z 0040e882 f   nafxcw:wincore.obj
 0001:0000d8a0       ?Attach@CWnd@@QAEHPAUHWND__@@@Z 0040e8a0 f   nafxcw:wincore.obj
 0001:0000d8d9       ?Detach@CWnd@@QAEPAUHWND__@@XZ 0040e8d9 f   nafxcw:wincore.obj
 0001:0000d907       ?PostNcDestroy@CWnd@@MAEXXZ 0040e907 f   nafxcw:wincore.obj
 0001:0000d907       ?PreInitDialog@CDialog@@MAEXXZ 0040e907 f   nafxcw:wincore.obj
 0001:0000d907       ?PreSubclassWindow@CWnd@@UAEXXZ 0040e907 f   nafxcw:wincore.obj
 0001:0000d908       ?AfxWndProc@@YGJPAUHWND__@@IIJ@Z 0040e908 f   nafxcw:wincore.obj
 0001:0000d953       ?AfxGetAfxWndProc@@YGP6GJPAUHWND__@@IIJ@ZXZ 0040e953 f   nafxcw:wincore.obj
 0001:0000d959       ?_AfxActivationWndProc@@YGJPAUHWND__@@IIJ@Z 0040e959 f   nafxcw:wincore.obj
 0001:0000dab8       ?_AfxGrayBackgroundWndProc@@YGJPAUHWND__@@IIJ@Z 0040eab8 f   nafxcw:wincore.obj
 0001:0000db34       ?_AfxCbtFilterHook@@YGJHIJ@Z 0040eb34 f   nafxcw:wincore.obj
 0001:0000dd2a       ?AfxHookWindowCreate@@YGXPAVCWnd@@@Z 0040ed2a f   nafxcw:wincore.obj
 0001:0000dd76       ?AfxUnhookWindowCreate@@YGHXZ 0040ed76 f   nafxcw:wincore.obj
 0001:0000ddb8       ?CreateEx@CWnd@@QAEHKPBD0KHHHHPAUHWND__@@PAUHMENU__@@PAX@Z 0040edb8 f   nafxcw:wincore.obj
 0001:0000de7e       ?PreCreateWindow@CWnd@@UAEHAAUtagCREATESTRUCTA@@@Z 0040ee7e f   nafxcw:wincore.obj
 0001:0000de9e       ?Create@CWnd@@UAEHPBD0KABUtagRECT@@PAV1@IPAUCCreateContext@@@Z 0040ee9e f   nafxcw:wincore.obj
 0001:0000deea       ??1CWnd@@UAE@XZ            0040eeea f   nafxcw:wincore.obj
 0001:0000df66       ?OnDestroy@CWnd@@IAEXXZ    0040ef66 f   nafxcw:wincore.obj
 0001:0000df84       ?OnNcDestroy@CWnd@@IAEXXZ  0040ef84 f   nafxcw:wincore.obj
 0001:0000e096       ?OnFinalRelease@CWnd@@UAEXXZ 0040f096 f   nafxcw:wincore.obj
 0001:0000e0a7       ?DestroyWindow@CWnd@@UAEHXZ 0040f0a7 f   nafxcw:wincore.obj
 0001:0000e0f4       ?DefWindowProcA@CWnd@@MAEJIIJ@Z 0040f0f4 f   nafxcw:wincore.obj
 0001:0000e13b       ?GetSuperWndProcAddr@CWnd@@MAEPAP6GJPAUHWND__@@IIJ@ZXZ 0040f13b f   nafxcw:wincore.obj
 0001:0000e13f       ?PreTranslateMessage@CWnd@@UAEHPAUtagMSG@@@Z 0040f13f f   nafxcw:wincore.obj
 0001:0000e15e       ?CancelToolTips@CWnd@@SGXH@Z 0040f15e f   nafxcw:wincore.obj
 0001:0000e1b5       ?OnToolHitTest@CWnd@@UBEHVCPoint@@PAUtagTOOLINFOA@@@Z 0040f1b5 f   nafxcw:wincore.obj
 0001:0000e226       ?OnDrawItem@CWnd@@IAEXHPAUtagDRAWITEMSTRUCT@@@Z 0040f226 f   nafxcw:wincore.obj
 0001:0000e263       ?OnCompareItem@CWnd@@IAEHHPAUtagCOMPAREITEMSTRUCT@@@Z 0040f263 f   nafxcw:wincore.obj
 0001:0000e28d       ?OnDeleteItem@CWnd@@IAEXHPAUtagDELETEITEMSTRUCT@@@Z 0040f28d f   nafxcw:wincore.obj
 0001:0000e2ad       ?OnVKeyToItem@CWnd@@IAEHIPAVCListBox@@I@Z 0040f2ad f   nafxcw:wincore.obj
 0001:0000e2ad       ?OnCharToItem@CWnd@@IAEHIPAVCListBox@@I@Z 0040f2ad f   nafxcw:wincore.obj
 0001:0000e2d8       ?_AfxFindPopupMenuFromID@@YGPAVCMenu@@PAV1@I@Z 0040f2d8 f   nafxcw:wincore.obj
 0001:0000e33b       ?OnMeasureItem@CWnd@@IAEXHPAUtagMEASUREITEMSTRUCT@@@Z 0040f33b f   nafxcw:wincore.obj
 0001:0000e3b3       ?AfxRegisterClass@@YGHPAUtagWNDCLASSA@@@Z 0040f3b3 f   nafxcw:wincore.obj
 0001:0000e454       ?AfxRegisterWndClass@@YGPBDIPAUHICON__@@PAUHBRUSH__@@0@Z 0040f454 f   nafxcw:wincore.obj
 0001:0000e508       ?OnNTCtlColor@CWnd@@IAEJIJ@Z 0040f508 f   nafxcw:wincore.obj
 0001:0000e54e       ?WinHelpA@CWnd@@UAEXKI@Z   0040f54e f   nafxcw:wincore.obj
 0001:0000e630       ?GetMessageMap@CWnd@@MBEPBUAFX_MSGMAP@@XZ 0040f630 f   nafxcw:wincore.obj
 0001:0000e636       ?AfxFindMessageEntry@@YGPBUAFX_MSGMAP_ENTRY@@PBU1@III@Z 0040f636 f   nafxcw:wincore.obj
 0001:0000e676       ?WindowProc@CWnd@@MAEJIIJ@Z 0040f676 f   nafxcw:wincore.obj
 0001:0000e6ba       ?OnWndMsg@CWnd@@MAEHIIJPAJ@Z 0040f6ba f   nafxcw:wincore.obj
 0001:0000ec2c       ??0CTestCmdUI@@QAE@XZ      0040fc2c f   nafxcw:wincore.obj
 0001:0000ec45       ?Enable@CTestCmdUI@@UAEXH@Z 0040fc45 f   nafxcw:wincore.obj
 0001:0000ec56       ?SetCheck@CTestCmdUI@@UAEXH@Z 0040fc56 f   nafxcw:wincore.obj
 0001:0000ec56       ?SetRadio@CTestCmdUI@@UAEXH@Z 0040fc56 f   nafxcw:wincore.obj
 0001:0000ec56       ?MeasureItem@CMenu@@UAEXPAUtagMEASUREITEMSTRUCT@@@Z 0040fc56 f   nafxcw:wincore.obj
 0001:0000ec56       ?OnSetFont@CDialog@@UAEXPAVCFont@@@Z 0040fc56 f   nafxcw:wincore.obj
 0001:0000ec56       ?SetText@CTestCmdUI@@UAEXPBD@Z 0040fc56 f   nafxcw:wincore.obj
 0001:0000ec56       ?DrawItem@CMenu@@UAEXPAUtagDRAWITEMSTRUCT@@@Z 0040fc56 f   nafxcw:wincore.obj
 0001:0000ec59       ?OnCommand@CWnd@@MAEHIJ@Z  0040fc59 f   nafxcw:wincore.obj
 0001:0000ece5       ?OnNotify@CWnd@@MAEHIJPAJ@Z 0040fce5 f   nafxcw:wincore.obj
 0001:0000ed5f       ?GetParentFrame@CWnd@@QBEPAVCFrameWnd@@XZ 0040fd5f f   nafxcw:wincore.obj
 0001:0000ed9d       ?AfxGetParentOwner@@YGPAUHWND__@@PAU1@@Z 0040fd9d f   nafxcw:wincore.obj
 0001:0000ede2       ?GetTopLevelParent@CWnd@@QBEPAV1@XZ 0040fde2 f   nafxcw:wincore.obj
 0001:0000ee0a       ?GetParentOwner@CWnd@@QBEPAV1@XZ 0040fe0a f   nafxcw:wincore.obj
 0001:0000ee4e       ?IsTopParentActive@CWnd@@QBEHXZ 0040fe4e f   nafxcw:wincore.obj
 0001:0000ee82       ?ActivateTopParent@CWnd@@QAEXXZ 0040fe82 f   nafxcw:wincore.obj
 0001:0000eebf       ?GetTopLevelFrame@CWnd@@QBEPAVCFrameWnd@@XZ 0040febf f   nafxcw:wincore.obj
 0001:0000ef00       ?GetDescendantWindow@CWnd@@SGPAV1@PAUHWND__@@HH@Z 0040ff00 f   nafxcw:wincore.obj
 0001:0000ef79       ?SendMessageToDescendants@CWnd@@SGXPAUHWND__@@IIJHH@Z 0040ff79 f   nafxcw:wincore.obj
 0001:0000eff6       ?RepositionBars@CWnd@@QAEXIIIIPAUtagRECT@@PBU2@H@Z 0040fff6 f   nafxcw:wincore.obj
 0001:0000f130       ?AfxRepositionWindow@@YGXPAUAFX_SIZEPARENTPARAMS@@PAUHWND__@@PBUtagRECT@@@Z 00410130 f   nafxcw:wincore.obj
 0001:0000f1ca       ?CalcWindowRect@CWnd@@UAEXPAUtagRECT@@I@Z 004101ca f   nafxcw:wincore.obj
 0001:0000f1f5       ?WalkPreTranslateTree@CWnd@@SGHPAUHWND__@@PAUtagMSG@@@Z 004101f5 f   nafxcw:wincore.obj
 0001:0000f237       ?SendChildNotifyLastMsg@CWnd@@QAEHPAJ@Z 00410237 f   nafxcw:wincore.obj
 0001:0000f264       ?ReflectLastMsg@CWnd@@KGHPAUHWND__@@PAJ@Z 00410264 f   nafxcw:wincore.obj
 0001:0000f308       ?OnChildNotify@CWnd@@MAEHIIJPAJ@Z 00410308 f   nafxcw:wincore.obj
 0001:0000f363       ?ReflectChildNotify@CWnd@@IAEHIIJPAJ@Z 00410363 f   nafxcw:wincore.obj
 0001:0000f44b       ?OnParentNotify@CWnd@@IAEXIJ@Z 0041044b f   nafxcw:wincore.obj
 0001:0000f478       ?OnActivateTopLevel@CWnd@@IAEJIJ@Z 00410478 f   nafxcw:wincore.obj
 0001:0000f49a       ?OnSysColorChange@CWnd@@IAEXXZ 0041049a f   nafxcw:wincore.obj
 0001:0000f517       ?OnSettingChange@CWnd@@IAEXIPBD@Z 00410517 f   nafxcw:wincore.obj
 0001:0000f56a       ?OnDevModeChange@CWnd@@IAEXPAD@Z 0041056a f   nafxcw:wincore.obj
 0001:0000f5b5       ?OnHelpInfo@CWnd@@IAEHPAUtagHELPINFO@@@Z 004105b5 f   nafxcw:wincore.obj
 0001:0000f619       ?OnDisplayChange@CWnd@@IAEJIJ@Z 00410619 f   nafxcw:wincore.obj
 0001:0000f662       ?OnDragList@CWnd@@IAEJIJ@Z 00410662 f   nafxcw:wincore.obj
 0001:0000f68c       ?OnHScroll@CWnd@@IAEXIIPAVCScrollBar@@@Z 0041068c f   nafxcw:wincore.obj
 0001:0000f68c       ?OnVScroll@CWnd@@IAEXIIPAVCScrollBar@@@Z 0041068c f   nafxcw:wincore.obj
 0001:0000f6ad       ?OnEnterIdle@CWnd@@IAEXIPAV1@@Z 004106ad f   nafxcw:wincore.obj
 0001:0000f6f7       ?OnCtlColor@CWnd@@IAEPAUHBRUSH__@@PAVCDC@@PAV1@I@Z 004106f7 f   nafxcw:wincore.obj
 0001:0000f71e       ?OnGrayCtlColor@CWnd@@QAEPAUHBRUSH__@@PAVCDC@@PAV1@I@Z 0041071e f   nafxcw:wincore.obj
 0001:0000f781       ?GrayCtlColor@CWnd@@SGHPAUHDC__@@PAUHWND__@@IPAUHBRUSH__@@K@Z 00410781 f   nafxcw:wincore.obj
 0001:0000f7f6       ?OnQuery3dControls@CWnd@@IAEJIJ@Z 004107f6 f   nafxcw:wincore.obj
 0001:0000f7fe       ?UpdateData@CWnd@@QAEHH@Z  004107fe f   nafxcw:wincore.obj
 0001:0000f8a0       ??0CDataExchange@@QAE@PAVCWnd@@H@Z 004108a0 f   nafxcw:wincore.obj
 0001:0000f8b6       ?CenterWindow@CWnd@@QAEXPAV1@@Z 004108b6 f   nafxcw:wincore.obj
 0001:0000fa6b       ?ExecuteDlgInit@CWnd@@QAEHPBD@Z 00410a6b f   nafxcw:wincore.obj
 0001:0000fabb       ?ExecuteDlgInit@CWnd@@QAEHPAX@Z 00410abb f   nafxcw:wincore.obj
 0001:0000fb8d       ?UpdateDialogControls@CWnd@@QAEXPAVCCmdTarget@@H@Z 00410b8d f   nafxcw:wincore.obj
 0001:0000fc92       ?PreTranslateInput@CWnd@@QAEHPAUtagMSG@@@Z 00410c92 f   nafxcw:wincore.obj
 0001:0000fcc2       ?RunModalLoop@CWnd@@QAEHK@Z 00410cc2 f   nafxcw:wincore.obj
 0001:0000fe21       ?ContinueModal@CWnd@@UAEHXZ 00410e21 f   nafxcw:wincore.obj
 0001:0000fe28       ?EndModalLoop@CWnd@@UAEXH@Z 00410e28 f   nafxcw:wincore.obj
 0001:0000fe4c       ?GetDispatchIID@CCmdTarget@@UAEHPAU_GUID@@@Z 00410e4c f   nafxcw:wincore.obj
 0001:0000fe4c       ?GetScrollBarCtrl@CWnd@@UBEPAVCScrollBar@@H@Z 00410e4c f   nafxcw:wincore.obj
 0001:0000fe4c       ?SetOccDialogInfo@CWnd@@MAEHPAU_AFX_OCC_DIALOG_INFO@@@Z 00410e4c f   nafxcw:wincore.obj
 0001:0000fe4c       ?GetConnectionHook@CCmdTarget@@MAEPAUIConnectionPoint@@ABU_GUID@@@Z 00410e4c f   nafxcw:wincore.obj
 0001:0000fe4c       ?GetInterfaceHook@CCmdTarget@@UAEPAUIUnknown@@PBX@Z 00410e4c f   nafxcw:wincore.obj
 0001:0000fe4c       ?GetExtraConnectionPoints@CCmdTarget@@MAEHPAVCPtrArray@@@Z 00410e4c f   nafxcw:wincore.obj
 0001:0000fe51       ?_AfxRegisterWithIcon@@YGHPAUtagWNDCLASSA@@PBDI@Z 00410e51 f   nafxcw:wincore.obj
 0001:0000fe92       ?_AfxInitCommonControls@@YGJPAUtagINITCOMMONCONTROLSEX@@J@Z 00410e92 f   nafxcw:wincore.obj
 0001:0000ff09       ?AfxEndDeferRegisterClass@@YGHJ@Z 00410f09 f   nafxcw:wincore.obj
 0001:000101c0       ?CheckAutoCenter@CWnd@@UAEHXZ 004111c0 f   nafxcw:wincore.obj
 0001:000101c0       ?OnCreateAggregates@CCmdTarget@@UAEHXZ 004111c0 f   nafxcw:wincore.obj
 0001:000101c0       ?IsFrameWnd@CFrameWnd@@UBEHXZ 004111c0 f   nafxcw:wincore.obj
 0001:000101c4       ?IsTracking@CFrameWnd@@QBEHXZ 004111c4 f   nafxcw:wincore.obj
 0001:000101e3       ??3CTempWnd@@SAXPAX@Z      004111e3 f i nafxcw:wincore.obj
 0001:000101f2       ?OnAmbientProperty@CWnd@@UAEHPAVCOleControlSite@@JPAUtagVARIANT@@@Z 004111f2 f   nafxcw:winocc.obj
 0001:00010209       ?GetDlgItem@CWnd@@QBEPAV1@H@Z 00411209 f   nafxcw:winocc.obj
 0001:00010233       ?IsDialogMessageA@CWnd@@QAEHPAUtagMSG@@@Z 00411233 f   nafxcw:winocc.obj
 0001:00010266       ?GetStyle@CWnd@@QBEKXZ     00411266 f   nafxcw:winocc.obj
 0001:00010280       ?GetExStyle@CWnd@@QBEKXZ   00411280 f   nafxcw:winocc.obj
 0001:0001029a       ?ModifyStyle@CWnd@@QAEHKKI@Z 0041129a f   nafxcw:winocc.obj
 0001:000102cb       ?ModifyStyleEx@CWnd@@QAEHKKI@Z 004112cb f   nafxcw:winocc.obj
 0001:000102fc       ?SetWindowTextA@CWnd@@QAEXPBD@Z 004112fc f   nafxcw:winocc.obj
 0001:00010323       ?GetWindowTextA@CWnd@@QBEHPADH@Z 00411323 f   nafxcw:winocc.obj
 0001:00010352       ?SetWindowPos@CWnd@@QAEHPBV1@HHHHI@Z 00411352 f   nafxcw:winocc.obj
 0001:000103a1       ?ShowWindow@CWnd@@QAEHH@Z  004113a1 f   nafxcw:winocc.obj
 0001:000103c8       ?IsWindowEnabled@CWnd@@QBEHXZ 004113c8 f   nafxcw:winocc.obj
 0001:000103e3       ?EnableWindow@CWnd@@QAEHH@Z 004113e3 f   nafxcw:winocc.obj
 0001:0001040a       ?SetFocus@CWnd@@QAEPAV1@XZ 0041140a f   nafxcw:winocc.obj
 0001:0001042b       ?AttachControlSite@CWnd@@IAEXPAVCHandleMap@@@Z 0041142b f   nafxcw:winocc.obj
 0001:00010468       ??0CCmdTarget@@QAE@XZ      00411468 f   nafxcw:cmdtarg.obj
 0001:00010482       ??1CCmdTarget@@UAE@XZ      00411482 f   nafxcw:cmdtarg.obj
 0001:000104ad       ?_AfxDispatchCmdMsg@@YGHPAVCCmdTarget@@IHP81@AEXXZPAXIPAUAFX_CMDHANDLERINFO@@@Z 004114ad f   nafxcw:cmdtarg.obj
 0001:000105b4       ?OnCmdMsg@CCmdTarget@@UAEHIHPAXPAUAFX_CMDHANDLERINFO@@@Z 004115b4 f   nafxcw:cmdtarg.obj
 0001:000106c3       ?IsInvokeAllowed@CCmdTarget@@UAEHJ@Z 004116c3 f   nafxcw:cmdtarg.obj
 0001:000106c9       ?GetTypeInfoCount@CCmdTarget@@UAEIXZ 004116c9 f   nafxcw:cmdtarg.obj
 0001:000106c9       ?InitInstance@CWinThread@@UAEHXZ 004116c9 f   nafxcw:cmdtarg.obj
 0001:000106c9       ?IsFrameWnd@CWnd@@UBEHXZ   004116c9 f   nafxcw:cmdtarg.obj
 0001:000106c9       ?GetTypeLibCache@CCmdTarget@@UAEPAVCTypeLibCache@@XZ 004116c9 f   nafxcw:cmdtarg.obj
 0001:000106cc       ?GetTypeLib@CCmdTarget@@UAEJKPAPAUITypeLib@@@Z 004116cc f   nafxcw:cmdtarg.obj
 0001:000106d4       ?BeginWaitCursor@CCmdTarget@@QAEXXZ 004116d4 f   nafxcw:cmdtarg.obj
 0001:000106e9       ?EndWaitCursor@CCmdTarget@@QAEXXZ 004116e9 f   nafxcw:cmdtarg.obj
 0001:000106fe       ?GetMessageMap@CCmdTarget@@MBEPBUAFX_MSGMAP@@XZ 004116fe f   nafxcw:cmdtarg.obj
 0001:00010704       ?GetDispatchMap@CCmdTarget@@MBEPBUAFX_DISPMAP@@XZ 00411704 f   nafxcw:cmdtarg.obj
 0001:0001070a       ?GetEventSinkMap@CCmdTarget@@MBEPBUAFX_EVENTSINKMAP@@XZ 0041170a f   nafxcw:cmdtarg.obj
 0001:00010710       ?GetInterfaceMap@CCmdTarget@@MBEPBUAFX_INTERFACEMAP@@XZ 00411710 f   nafxcw:cmdtarg.obj
 0001:00010716       ?OnFinalRelease@CCmdTarget@@UAEXXZ 00411716 f   nafxcw:cmdtarg.obj
 0001:00010748       ?GetConnectionMap@CCmdTarget@@MBEPBUAFX_CONNECTIONMAP@@XZ 00411748 f   nafxcw:cmdtarg.obj
 0001:0001074e       ?GetCommandMap@CCmdTarget@@MBEPBUAFX_OLECMDMAP@@XZ 0041174e f   nafxcw:cmdtarg.obj
 0001:00010754       ??0CCmdUI@@QAE@XZ          00411754 f   nafxcw:cmdtarg.obj
 0001:0001077a       ?Enable@CCmdUI@@UAEXH@Z    0041177a f   nafxcw:cmdtarg.obj
 0001:0001080a       ?SetCheck@CCmdUI@@UAEXH@Z  0041180a f   nafxcw:cmdtarg.obj
 0001:0001086c       ?SetRadio@CCmdUI@@UAEXH@Z  0041186c f   nafxcw:cmdtarg.obj
 0001:000108c2       ?SetText@CCmdUI@@UAEXPBD@Z 004118c2 f   nafxcw:cmdtarg.obj
 0001:00010919       ?DoUpdate@CCmdUI@@QAEHPAVCCmdTarget@@H@Z 00411919 f   nafxcw:cmdtarg.obj
 0001:0001097a       ?AfxNewHandler@@YAHI@Z     0041197a f   nafxcw:afxmem.obj
 0001:00010982       ?AfxSetNewHandler@@YGP6AHI@ZP6AHI@Z@Z 00411982 f   nafxcw:afxmem.obj
 0001:00010994       ??2@YAPAXI@Z               00411994 f   nafxcw:afxmem.obj
 0001:000109bd       ??3@YAXPAX@Z               004119bd f   nafxcw:afxmem.obj
 0001:000109c8       ?AfxDlgProc@@YGHPAUHWND__@@IIJ@Z 004119c8 f   nafxcw:dlgcore.obj
 0001:00010a02       ?GetMessageMap@CDialog@@MBEPBUAFX_MSGMAP@@XZ 00411a02 f   nafxcw:dlgcore.obj
 0001:00010a08       ?PreTranslateMessage@CDialog@@UAEHPAUtagMSG@@@Z 00411a08 f   nafxcw:dlgcore.obj
 0001:00010aa1       ?OnCmdMsg@CDialog@@UAEHIHPAXPAUAFX_CMDHANDLERINFO@@@Z 00411aa1 f   nafxcw:dlgcore.obj
 0001:00010b26       ??_GCDialog@@UAEPAXI@Z     00411b26 f i nafxcw:dlgcore.obj
 0001:00010b26       ??_ECDialog@@UAEPAXI@Z     00411b26 f i nafxcw:dlgcore.obj
 0001:00010b42       ??1CDialog@@UAE@XZ         00411b42 f   nafxcw:dlgcore.obj
 0001:00010b80       ?CreateDlgIndirect@CWnd@@IAEHPBUDLGTEMPLATE@@PAV1@PAUHINSTANCE__@@@Z 00411b80 f   nafxcw:dlgcore.obj
 0001:00010da2       ?SetOccDialogInfo@CDialog@@MAEHPAU_AFX_OCC_DIALOG_INFO@@@Z 00411da2 f   nafxcw:dlgcore.obj
 0001:00010daf       ??0CDialog@@QAE@IPAVCWnd@@@Z 00411daf f   nafxcw:dlgcore.obj
 0001:00010de8       ?PreModal@CDialog@@IAEPAUHWND__@@XZ 00411de8 f   nafxcw:dlgcore.obj
 0001:00010e22       ?PostModal@CDialog@@IAEXXZ 00411e22 f   nafxcw:dlgcore.obj
 0001:00010e64       ?DoModal@CDialog@@UAEHXZ   00411e64 f   nafxcw:dlgcore.obj
 0001:00010fc4       ?EndDialog@CDialog@@QAEXH@Z 00411fc4 f   nafxcw:dlgcore.obj
 0001:00010fe7       ?HandleSetFont@CDialog@@IAEJIJ@Z 00411fe7 f   nafxcw:dlgcore.obj
 0001:0001100b       ?HandleInitDialog@CDialog@@IAEJIJ@Z 0041200b f   nafxcw:dlgcore.obj
 0001:00011093       ?AfxHelpEnabled@@YGHXZ     00412093 f   nafxcw:dlgcore.obj
 0001:000110e9       ?OnInitDialog@CDialog@@UAEHXZ 004120e9 f   nafxcw:dlgcore.obj
 0001:0001114e       ?OnOK@CDialog@@MAEXXZ      0041214e f   nafxcw:dlgcore.obj
 0001:00011167       ?OnCancel@CDialog@@MAEXXZ  00412167 f   nafxcw:dlgcore.obj
 0001:0001116f       ?CheckAutoCenter@CDialog@@UAEHXZ 0041216f f   nafxcw:dlgcore.obj
 0001:000111eb       ?OnCtlColor@CDialog@@IAEPAUHBRUSH__@@PAVCDC@@PAVCWnd@@I@Z 004121eb f   nafxcw:dlgcore.obj
 0001:000111ff       ?OnCommandHelp@CDialog@@IAEJIJ@Z 004121ff f   nafxcw:dlgcore.obj
 0001:0001123d       ?OnHelpHitTest@CDialog@@IAEJIJ@Z 0041223d f   nafxcw:dlgcore.obj
 0001:00011250       ?GetMessageMap@CWinApp@@MBEPBUAFX_MSGMAP@@XZ 00412250 f   nafxcw:appcore.obj
 0001:00011256       ?Run@CWinApp@@UAEHXZ       00412256 f   nafxcw:appcore.obj
 0001:00011278       ?WinHelpA@CWinApp@@UAEXKI@Z 00412278 f   nafxcw:appcore.obj
 0001:000112af       ?ProcessWndProcException@CWinApp@@UAEJPAVCException@@PBUtagMSG@@@Z 004122af f   nafxcw:appcore.obj
 0001:00011326       ?OnIdle@CWinApp@@UAEHJ@Z   00412326 f   nafxcw:appcore.obj
 0001:00011390       ?DevModeChange@CWinApp@@QAEXPAD@Z 00412390 f   nafxcw:appcore.obj
 0001:0001143d       ?AfxGetThread@@YGPAVCWinThread@@XZ 0041243d f   nafxcw:thrdcore.obj
 0001:00011452       ?AfxInitThread@@YGXXZ      00412452 f   nafxcw:thrdcore.obj
 0001:000114b1       ?Delete@CWinThread@@UAEXXZ 004124b1 f   nafxcw:thrdcore.obj
 0001:000114c3       ?Run@CWinThread@@UAEHXZ    004124c3 f   nafxcw:thrdcore.obj
 0001:00011542       ?IsIdleMessage@CWinThread@@UAEHPAUtagMSG@@@Z 00412542 f   nafxcw:thrdcore.obj
 0001:0001159b       ?ExitInstance@CWinThread@@UAEHXZ 0041259b f   nafxcw:thrdcore.obj
 0001:0001159f       ?OnIdle@CWinThread@@UAEHJ@Z 0041259f f   nafxcw:thrdcore.obj
 0001:000116aa       ?DispatchThreadMessageEx@CWinThread@@IAEHPAUtagMSG@@@Z 004126aa f   nafxcw:thrdcore.obj
 0001:00011725       ?PreTranslateMessage@CWinThread@@UAEHPAUtagMSG@@@Z 00412725 f   nafxcw:thrdcore.obj
 0001:00011782       ?ProcessWndProcException@CWinThread@@UAEJPAVCException@@PBUtagMSG@@@Z 00412782 f   nafxcw:thrdcore.obj
 0001:000117a7       ?_AfxMsgFilterHook@@YGJHIJ@Z 004127a7 f   nafxcw:thrdcore.obj
 0001:000117ff       ?IsHelpKey@@YGHPAUtagMSG@@@Z 004127ff f   nafxcw:thrdcore.obj
 0001:0001184a       ?ProcessMessageFilter@CWinThread@@UAEHHPAUtagMSG@@@Z 0041284a f   nafxcw:thrdcore.obj
 0001:00011994       ?GetMainWnd@CWinThread@@UAEPAVCWnd@@XZ 00412994 f   nafxcw:thrdcore.obj
 0001:000119af       ?PumpMessage@CWinThread@@UAEHXZ 004129af f   nafxcw:thrdcore.obj
 0001:000119ef       ??0CException@@QAE@H@Z     004129ef f   nafxcw:except.obj
 0001:000119fb       ?Delete@CException@@QAEXXZ 004129fb f   nafxcw:except.obj
 0001:00011a0d       ?ReportError@CException@@UAEHII@Z 00412a0d f   nafxcw:except.obj
 0001:00011a62       ?AfxLockTempMaps@@YGXXZ    00412a62 f   nafxcw:winhand.obj
 0001:00011a6b       ?AfxUnlockTempMaps@@YGHH@Z 00412a6b f   nafxcw:winhand.obj
 0001:00011b65       ??0CHandleMap@@QAE@PAUCRuntimeClass@@IH@Z 00412b65 f   nafxcw:winhand.obj
 0001:00011bca       ?FromHandle@CHandleMap@@QAEPAVCObject@@PAX@Z 00412bca f   nafxcw:winhand.obj
 0001:00011c89       ?DeleteTemp@CHandleMap@@QAEXXZ 00412c89 f   nafxcw:winhand.obj
 0001:00011cee       ?UpdateSysColors@AUX_DATA@@QAEXXZ 00412cee f   nafxcw:auxdata.obj
 0001:00011d32       ?UpdateSysMetrics@AUX_DATA@@QAEXXZ 00412d32 f   nafxcw:auxdata.obj
 0001:00011e4f       ?AllocBuffer@CString@@IAEXH@Z 00412e4f f   nafxcw:strcore.obj
 0001:00011ed1       ?FreeData@CString@@KIXPAUCStringData@@@Z 00412ed1 f   nafxcw:strcore.obj
 0001:00011f19       ?Release@CString@@IAEXXZ   00412f19 f   nafxcw:strcore.obj
 0001:00011f4a       ?Release@CString@@KGXPAUCStringData@@@Z 00412f4a f   nafxcw:strcore.obj
 0001:00011f6d       ?Empty@CString@@QAEXXZ     00412f6d f   nafxcw:strcore.obj
 0001:00011f8b       ?CopyBeforeWrite@CString@@IAEXXZ 00412f8b f   nafxcw:strcore.obj
 0001:00011fb9       ?AllocBeforeWrite@CString@@IAEXH@Z 00412fb9 f   nafxcw:strcore.obj
 0001:00011fe2       ??1CString@@QAE@XZ         00412fe2 f   nafxcw:strcore.obj
 0001:0001200c       ?AssignCopy@CString@@IAEXHPBD@Z 0041300c f   nafxcw:strcore.obj
 0001:00012039       ??4CString@@QAEABV0@PBD@Z  00413039 f   nafxcw:strcore.obj
 0001:00012060       ?GetBuffer@CString@@QAEPADH@Z 00413060 f   nafxcw:strcore.obj
 0001:000120af       ?ReleaseBuffer@CString@@QAEXH@Z 004130af f   nafxcw:strcore.obj
 0001:000120d7       ?GetBufferSetLength@CString@@QAEPADH@Z 004130d7 f   nafxcw:strcore.obj
 0001:000120f7       ?_mbstowcsz@@YAHPAGPBDI@Z  004130f7 f   nafxcw:strcore.obj
 0001:0001212c       ?afxMapHMENU@@YGPAVCHandleMap@@H@Z 0041312c f   nafxcw:winmenu.obj
 0001:0001219e       ?FromHandle@CMenu@@SGPAV1@PAUHMENU__@@@Z 0041319e f   nafxcw:winmenu.obj
 0001:000121b3       ?FromHandlePermanent@CMenu@@SGPAV1@PAUHMENU__@@@Z 004131b3 f   nafxcw:winmenu.obj
 0001:000121d1       ?Detach@CMenu@@QAEPAUHMENU__@@XZ 004131d1 f   nafxcw:winmenu.obj
 0001:000121fb       ?DestroyMenu@CMenu@@QAEHXZ 004131fb f   nafxcw:winmenu.obj
 0001:00012211       ?IsKindOf@CObject@@QBEHPBUCRuntimeClass@@@Z 00413211 f   nafxcw:objcore.obj
 0001:00012223       ?AfxDynamicDownCast@@YAPAVCObject@@PAUCRuntimeClass@@PAV1@@Z 00413223 f   nafxcw:objcore.obj
 0001:00012243       ?CreateObject@CRuntimeClass@@QAEPAVCObject@@XZ 00413243 f   nafxcw:objcore.obj
 0001:00012289       ?IsDerivedFrom@CRuntimeClass@@QBEHPBU1@@Z 00413289 f   nafxcw:objcore.obj
 0001:000122a2       ??0CDialogTemplate@@QAE@PBUDLGTEMPLATE@@@Z 004132a2 f   nafxcw:dlgtempl.obj
 0001:000122d1       ?SetTemplate@CDialogTemplate@@IAEHPBUDLGTEMPLATE@@I@Z 004132d1 f   nafxcw:dlgtempl.obj
 0001:00012331       ??1CDialogTemplate@@QAE@XZ 00413331 f   nafxcw:dlgtempl.obj
 0001:0001233f       ?Detach@CDialogTemplate@@QAEPAXXZ 0041333f f   nafxcw:dlgtempl.obj
 0001:00012345       ?GetFontSizeField@CDialogTemplate@@KAPAEPBUDLGTEMPLATE@@@Z 00413345 f   nafxcw:dlgtempl.obj
 0001:0001239b       ?GetTemplateSize@CDialogTemplate@@KAIPBUDLGTEMPLATE@@@Z 0041339b f   nafxcw:dlgtempl.obj
 0001:00012453       ?GetFont@CDialogTemplate@@SAHPBUDLGTEMPLATE@@AAVCString@@AAG@Z 00413453 f   nafxcw:dlgtempl.obj
 0001:000124c2       ?SetFont@CDialogTemplate@@QAEHPBDG@Z 004134c2 f   nafxcw:dlgtempl.obj
 0001:000125dc       ?SetSystemFont@CDialogTemplate@@QAEHG@Z 004135dc f   nafxcw:dlgtempl.obj
 0001:0001266d       ?LoadStringA@CString@@QAEHI@Z 0041366d f   nafxcw:winstr.obj
 0001:000126f1       ?AfxLoadString@@YGHIPADI@Z 004136f1 f   nafxcw:winstr.obj
 0001:00012718       ?AfxExtractSubString@@YGHAAVCString@@PBDHD@Z 00413718 f   nafxcw:winstr.obj
 0001:00012790       ?AfxWinMain@@YGHPAUHINSTANCE__@@0PADH@Z 00413790 f   nafxcw:winmain.obj
 0001:00012806       ??0CDC@@QAE@XZ             00413806 f   nafxcw:wingdi.obj
 0001:0001281a       ??_GCDC@@UAEPAXI@Z         0041381a f i nafxcw:wingdi.obj
 0001:0001281a       ??_ECDC@@UAEPAXI@Z         0041381a f i nafxcw:wingdi.obj
 0001:00012836       ?afxMapHDC@@YGPAVCHandleMap@@H@Z 00413836 f   nafxcw:wingdi.obj
 0001:000128a8       ?FromHandle@CDC@@SGPAV1@PAUHDC__@@@Z 004138a8 f   nafxcw:wingdi.obj
 0001:000128bd       ?Attach@CDC@@QAEHPAUHDC__@@@Z 004138bd f   nafxcw:wingdi.obj
 0001:000128f4       ?Detach@CDC@@QAEPAUHDC__@@XZ 004138f4 f   nafxcw:wingdi.obj
 0001:00012925       ??1CDC@@UAE@XZ             00413925 f   nafxcw:wingdi.obj
 0001:0001295b       ?SetAttribDC@CDC@@UAEXPAUHDC__@@@Z 0041395b f   nafxcw:wingdi.obj
 0001:00012965       ?SetOutputDC@CDC@@UAEXPAUHDC__@@@Z 00413965 f   nafxcw:wingdi.obj
 0001:0001296f       ?ReleaseAttribDC@CDC@@UAEXXZ 0041396f f   nafxcw:wingdi.obj
 0001:00012974       ?ReleaseOutputDC@CDC@@UAEXXZ 00413974 f   nafxcw:wingdi.obj
 0001:00012979       ?SaveDC@CDC@@UAEHXZ        00413979 f   nafxcw:wingdi.obj
 0001:000129aa       ?RestoreDC@CDC@@UAEHH@Z    004139aa f   nafxcw:wingdi.obj
 0001:000129e8       ?SelectStockObject@CDC@@UAEPAVCGdiObject@@H@Z 004139e8 f   nafxcw:wingdi.obj
 0001:00012a24       ?SelectObject@CDC@@QAEPAVCBrush@@PAV2@@Z 00413a24 f   nafxcw:wingdi.obj
 0001:00012a24       ?SelectObject@CDC@@UAEPAVCFont@@PAV2@@Z 00413a24 f   nafxcw:wingdi.obj
 0001:00012a6a       ?SetBkColor@CDC@@UAEKK@Z   00413a6a f   nafxcw:wingdi.obj
 0001:00012a99       ?SetTextColor@CDC@@UAEKK@Z 00413a99 f   nafxcw:wingdi.obj
 0001:00012ac8       ?SetMapMode@CDC@@UAEHH@Z   00413ac8 f   nafxcw:wingdi.obj
 0001:00012af6       ?SetViewportOrg@CDC@@UAE?AVCPoint@@HH@Z 00413af6 f   nafxcw:wingdi.obj
 0001:00012b42       ?OffsetViewportOrg@CDC@@UAE?AVCPoint@@HH@Z 00413b42 f   nafxcw:wingdi.obj
 0001:00012b8e       ?SetViewportExt@CDC@@UAE?AVCSize@@HH@Z 00413b8e f   nafxcw:wingdi.obj
 0001:00012bda       ?ScaleViewportExt@CDC@@UAE?AVCSize@@HHHH@Z 00413bda f   nafxcw:wingdi.obj
 0001:00012c32       ?SetWindowExt@CDC@@UAE?AVCSize@@HH@Z 00413c32 f   nafxcw:wingdi.obj
 0001:00012c7e       ?ScaleWindowExt@CDC@@UAE?AVCSize@@HHHH@Z 00413c7e f   nafxcw:wingdi.obj
 0001:00012cd6       ?GetClipBox@CDC@@UBEHPAUtagRECT@@@Z 00413cd6 f   nafxcw:wingdi.obj
 0001:00012ce6       ?SelectClipRgn@CDC@@QAEHPAVCRgn@@@Z 00413ce6 f   nafxcw:wingdi.obj
 0001:00012d26       ?ExcludeClipRect@CDC@@QAEHPBUtagRECT@@@Z 00413d26 f   nafxcw:wingdi.obj
 0001:00012d68       ?IntersectClipRect@CDC@@QAEHPBUtagRECT@@@Z 00413d68 f   nafxcw:wingdi.obj
 0001:00012daa       ?GetLayout@CDC@@QBEKXZ     00413daa f   nafxcw:wingdi.obj
 0001:00012de0       ?SetLayout@CDC@@QAEKK@Z    00413de0 f   nafxcw:wingdi.obj
 0001:00012e26       ?ScreenToClient@CWnd@@QBEXPAUtagRECT@@@Z 00413e26 f   nafxcw:wingdi.obj
 0001:00012e62       ?ClientToScreen@CWnd@@QBEXPAUtagRECT@@@Z 00413e62 f   nafxcw:wingdi.obj
 0001:00012e9e       ??0CClientDC@@QAE@PAVCWnd@@@Z 00413e9e f   nafxcw:wingdi.obj
 0001:00012ef4       ??_ECClientDC@@UAEPAXI@Z   00413ef4 f i nafxcw:wingdi.obj
 0001:00012ef4       ??_GCClientDC@@UAEPAXI@Z   00413ef4 f i nafxcw:wingdi.obj
 0001:00012f10       ??1CClientDC@@UAE@XZ       00413f10 f   nafxcw:wingdi.obj
 0001:00012f52       ??0CWindowDC@@QAE@PAVCWnd@@@Z 00413f52 f   nafxcw:wingdi.obj
 0001:00012fa8       ??_ECWindowDC@@UAEPAXI@Z   00413fa8 f i nafxcw:wingdi.obj
 0001:00012fa8       ??_GCWindowDC@@UAEPAXI@Z   00413fa8 f i nafxcw:wingdi.obj
 0001:00012fc4       ??1CWindowDC@@UAE@XZ       00413fc4 f   nafxcw:wingdi.obj
 0001:00013006       ??0CPaintDC@@QAE@PAVCWnd@@@Z 00414006 f   nafxcw:wingdi.obj
 0001:0001305c       ??_ECPaintDC@@UAEPAXI@Z    0041405c f i nafxcw:wingdi.obj
 0001:0001305c       ??_GCPaintDC@@UAEPAXI@Z    0041405c f i nafxcw:wingdi.obj
 0001:00013078       ??1CPaintDC@@UAE@XZ        00414078 f   nafxcw:wingdi.obj
 0001:000130bf       ?afxMapHGDIOBJ@@YGPAVCHandleMap@@H@Z 004140bf f   nafxcw:wingdi.obj
 0001:00013131       ?FromHandle@CGdiObject@@SGPAV1@PAX@Z 00414131 f   nafxcw:wingdi.obj
 0001:00013146       ?Attach@CGdiObject@@QAEHPAX@Z 00414146 f   nafxcw:wingdi.obj
 0001:00013173       ?Detach@CGdiObject@@QAEPAXXZ 00414173 f   nafxcw:wingdi.obj
 0001:0001319d       ?DeleteObject@CGdiObject@@QAEHXZ 0041419d f   nafxcw:wingdi.obj
 0001:000131b3       ?AfxThrowResourceException@@YGXXZ 004141b3 f   nafxcw:wingdi.obj
 0001:000131cc       ?OnAppExit@CWinApp@@IAEXXZ 004141cc f   nafxcw:appui.obj
 0001:000131df       ?AfxCustomLogFont@@YGHIPAUtagLOGFONTA@@@Z 004141df f   nafxcw:winutil.obj
 0001:00013257       ?_AfxIsComboBoxControl@@YGHPAUHWND__@@I@Z 00414257 f   nafxcw:winutil.obj
 0001:000132a1       ?_AfxCompareClassName@@YGHPAUHWND__@@PBD@Z 004142a1 f   nafxcw:winutil.obj
 0001:000132cc       ?_AfxChildWindowFromPoint@@YGPAUHWND__@@PAU1@UtagPOINT@@@Z 004142cc f   nafxcw:winutil.obj
 0001:00013341       ?AfxSetWindowText@@YGXPAUHWND__@@PBD@Z 00414341 f   nafxcw:winutil.obj
 0001:00013399       ?AfxDeleteObject@@YGXPAPAX@Z 00414399 f   nafxcw:winutil.obj
 0001:000133b2       ?AfxCancelModes@@YGXPAUHWND__@@@Z 004143b2 f   nafxcw:winutil.obj
 0001:00013429       ?AfxGlobalFree@@YGXPAX@Z   00414429 f   nafxcw:winutil.obj
 0001:0001345f       ?AfxCriticalNewHandler@@YAHI@Z 0041445f f   nafxcw:winutil.obj
 0001:000134b1       ?HideApplication@CWinApp@@QAEXXZ 004144b1 f   nafxcw:appui.obj
 0001:000134e3       ?DoWaitCursor@CWinApp@@UAEXH@Z 004144e3 f   nafxcw:appui.obj
 0001:00013542       ?SaveAllModified@CWinApp@@UAEHXZ 00414542 f   nafxcw:appui.obj
 0001:00013555       ?AddToRecentFileList@CWinApp@@UAEXPBD@Z 00414555 f   nafxcw:appui.obj
 0001:0001356b       ?OpenDocumentFile@CWinApp@@UAEPAVCDocument@@PBD@Z 0041456b f   nafxcw:appui.obj
 0001:0001357d       ?CloseAllDocuments@CWinApp@@QAEXH@Z 0041457d f   nafxcw:appui.obj
 0001:00013593       ?OnUpdateRecentFileMenu@CWinApp@@IAEXPAVCCmdUI@@@Z 00414593 f   nafxcw:appui.obj
 0001:000135b5       ?OnDDECommand@CWinApp@@UAEHPAD@Z 004145b5 f   nafxcw:appui.obj
 0001:000135cf       ?OnOpenRecentFile@CWinApp@@IAEHI@Z 004145cf f   nafxcw:appui.obj
 0001:00013602       ?EnableModeless@CWinApp@@QAEXH@Z 00414602 f   nafxcw:appui1.obj
 0001:00013630       ?DoMessageBox@CWinApp@@UAEHPBDII@Z 00414630 f   nafxcw:appui1.obj
 0001:00013717       ?AfxMessageBox@@YGHPBDII@Z 00414717 f   nafxcw:appui1.obj
 0001:0001374f       ?AfxMessageBox@@YGHIII@Z   0041474f f   nafxcw:appui1.obj
 0001:000137a8       ?GetSafeOwner_@CWnd@@SGPAUHWND__@@PAU2@PAPAU2@@Z 004147a8 f   nafxcw:appui1.obj
 0001:00013844       ?GetRoutingFrame_@CCmdTarget@@KGPAVCFrameWnd@@XZ 00414844 f   nafxcw:appui1.obj
 0001:00013850       ?WriteProfileInt@CWinApp@@QAEHPBD0H@Z 00414850 f   nafxcw:appui3.obj
 0001:000138c5       ?AfxLoadSysColorBitmap@@YGPAUHBITMAP__@@PAUHINSTANCE__@@PAUHRSRC__@@H@Z 004148c5 f   nafxcw:bartool.obj
 0001:00013a31       ?_GetButton@CToolBar@@IBEXHPAU_TBBUTTON@@@Z 00414a31 f   nafxcw:bartool.obj
 0001:00013a50       ?_SetButton@CToolBar@@IAEXHPAU_TBBUTTON@@@Z 00414a50 f   nafxcw:bartool.obj
 0001:00013b3f       ?GetItemID@CToolBar@@QBEIH@Z 00414b3f f   nafxcw:bartool.obj
 0001:00013b58       ?GetItemRect@CToolBar@@UBEXHPAUtagRECT@@@Z 00414b58 f   nafxcw:bartool.obj
 0001:00013b92       ?Layout@CToolBar@@IAEXXZ   00414b92 f   nafxcw:bartool.obj
 0001:00013be2       ?GetButtonStyle@CToolBar@@QBEIH@Z 00414be2 f   nafxcw:bartool.obj
 0001:00013c05       ?SetButtonStyle@CToolBar@@QAEXHI@Z 00414c05 f   nafxcw:bartool.obj
 0001:00013c52       ?CalcSize@CToolBar@@IAE?AVCSize@@PAU_TBBUTTON@@H@Z 00414c52 f   nafxcw:bartool.obj
 0001:00013d74       ?WrapToolBar@CToolBar@@IAEHPAU_TBBUTTON@@HH@Z 00414d74 f   nafxcw:bartool.obj
 0001:00013e4e       ?SizeToolBar@CToolBar@@IAEXPAU_TBBUTTON@@HHH@Z 00414e4e f   nafxcw:bartool.obj
 0001:00013fa3       ?CalcLayout@CToolBar@@IAE?AVCSize@@KH@Z 00414fa3 f   nafxcw:bartool.obj
 0001:000142cc       ?CalcFixedLayout@CToolBar@@UAE?AVCSize@@HH@Z 004152cc f   nafxcw:bartool.obj
 0001:000142f5       ?CalcDynamicLayout@CToolBar@@UAE?AVCSize@@HK@Z 004152f5 f   nafxcw:bartool.obj
 0001:0001433a       ?OnToolHitTest@CToolBar@@UBEHVCPoint@@PAUtagTOOLINFOA@@@Z 0041533a f   nafxcw:bartool.obj
 0001:00014409       ?GetMessageMap@CToolBar@@MBEPBUAFX_MSGMAP@@XZ 00415409 f   nafxcw:bartool.obj
 0001:0001440f       ?OnEraseBkgnd@CToolBar@@IAEHPAVCDC@@@Z 0041540f f   nafxcw:bartool.obj
 0001:00014417       ?OnNcHitTest@CToolBar@@IAEIVCPoint@@@Z 00415417 f   nafxcw:bartool.obj
 0001:0001441d       ?OnNcCalcSize@CToolBar@@IAEXHPAUtagNCCALCSIZE_PARAMS@@@Z 0041541d f   nafxcw:bartool.obj
 0001:0001447e       ?OnBarStyleChange@CToolBar@@UAEXKK@Z 0041547e f   nafxcw:bartool.obj
 0001:000144b1       ?OnWindowPosChanging@CToolBar@@IAEXPAUtagWINDOWPOS@@@Z 004154b1 f   nafxcw:bartool.obj
 0001:000144ec       ?OnPaint@CToolBar@@IAEXXZ  004154ec f   nafxcw:bartool.obj
 0001:00014506       ?OnSetButtonSize@CToolBar@@IAEJIJ@Z 00415506 f   nafxcw:bartool.obj
 0001:00014519       ?OnSetBitmapSize@CToolBar@@IAEJIJ@Z 00415519 f   nafxcw:bartool.obj
 0001:0001452c       ?OnSetSizeHelper@CToolBar@@IAEJAAVCSize@@J@Z 0041552c f   nafxcw:bartool.obj
 0001:00014598       ?OnPreserveZeroBorderHelper@CToolBar@@IAEJIJ@Z 00415598 f   nafxcw:bartool.obj
 0001:000145e7       ?OnSysColorChange@CToolBar@@IAEXXZ 004155e7 f   nafxcw:bartool.obj
 0001:00014613       ?Enable@CToolCmdUI@@UAEXH@Z 00415613 f   nafxcw:bartool.obj
 0001:00014651       ?SetCheck@CToolCmdUI@@UAEXH@Z 00415651 f   nafxcw:bartool.obj
 0001:00014693       ?OnUpdateCmdUI@CToolBar@@UAEXPAVCFrameWnd@@H@Z 00415693 f   nafxcw:bartool.obj
 0001:0001473d       ?CommandToIndex@CStatusBar@@QBEHI@Z 0041573d f   nafxcw:barstat.obj
 0001:00014765       ?GetPaneStyle@CStatusBar@@QBEIH@Z 00415765 f   nafxcw:barstat.obj
 0001:00014776       ?SetPaneStyle@CStatusBar@@QAEXHI@Z 00415776 f   nafxcw:barstat.obj
 0001:000147c8       ?SetPaneText@CStatusBar@@QAEHHPBDH@Z 004157c8 f   nafxcw:barstat.obj
 0001:00014885       ?CalcFixedLayout@CStatusBar@@UAE?AVCSize@@HH@Z 00415885 f   nafxcw:barstat.obj
 0001:00014948       ?GetMessageMap@CStatusBar@@MBEPBUAFX_MSGMAP@@XZ 00415948 f   nafxcw:barstat.obj
 0001:0001494e       ?OnNcHitTest@CStatusBar@@IAEIVCPoint@@@Z 0041594e f   nafxcw:barstat.obj
 0001:00014962       ?OnNcCalcSize@CStatusBar@@IAEXHPAUtagNCCALCSIZE_PARAMS@@@Z 00415962 f   nafxcw:barstat.obj
 0001:000149a4       ?OnBarStyleChange@CStatusBar@@UAEXKK@Z 004159a4 f   nafxcw:barstat.obj
 0001:000149c7       ?OnNcPaint@CStatusBar@@IAEXXZ 004159c7 f   nafxcw:barstat.obj
 0001:000149c7       ?OnNcPaint@CToolBar@@IAEXXZ 004159c7 f   nafxcw:barstat.obj
 0001:000149cc       ?DrawItem@CStatusBar@@UAEXPAUtagDRAWITEMSTRUCT@@@Z 004159cc f   nafxcw:barstat.obj
 0001:000149cc       ?SetText@CToolCmdUI@@UAEXPBD@Z 004159cc f   nafxcw:barstat.obj
 0001:000149cf       ?OnChildNotify@CStatusBar@@MAEHIIJPAJ@Z 004159cf f   nafxcw:barstat.obj
 0001:000149fd       ?OnPaint@CStatusBar@@IAEXXZ 004159fd f   nafxcw:barstat.obj
 0001:00014a12       ?OnSize@CStatusBar@@IAEXIHH@Z 00415a12 f   nafxcw:barstat.obj
 0001:00014a29       ?OnWindowPosChanging@CStatusBar@@IAEXPAUtagWINDOWPOS@@@Z 00415a29 f   nafxcw:barstat.obj
 0001:00014a49       ?OnSetText@CStatusBar@@IAEJIJ@Z 00415a49 f   nafxcw:barstat.obj
 0001:00014a75       ?OnGetText@CStatusBar@@IAEJIJ@Z 00415a75 f   nafxcw:barstat.obj
 0001:00014ac9       ?OnGetTextLength@CStatusBar@@IAEJIJ@Z 00415ac9 f   nafxcw:barstat.obj
 0001:00014aed       ?OnSetMinHeight@CStatusBar@@IAEJIJ@Z 00415aed f   nafxcw:barstat.obj
 0001:00014b00       ?Enable@CStatusCmdUI@@UAEXH@Z 00415b00 f   nafxcw:barstat.obj
 0001:00014b39       ?SetCheck@CStatusCmdUI@@UAEXH@Z 00415b39 f   nafxcw:barstat.obj
 0001:00014b67       ?SetText@CStatusCmdUI@@UAEXPBD@Z 00415b67 f   nafxcw:barstat.obj
 0001:00014b7b       ?OnUpdateCmdUI@CStatusBar@@UAEXPAVCFrameWnd@@H@Z 00415b7b f   nafxcw:barstat.obj
 0001:00014bef       ??1CControlBar@@UAE@XZ     00415bef f   nafxcw:barcore.obj
 0001:00014c74       ?PostNcDestroy@CControlBar@@UAEXXZ 00415c74 f   nafxcw:barcore.obj
 0001:00014c86       ?CalcFixedLayout@CControlBar@@UAE?AVCSize@@HH@Z 00415c86 f   nafxcw:barcore.obj
 0001:00014cb8       ?CalcDynamicLayout@CControlBar@@UAE?AVCSize@@HK@Z 00415cb8 f   nafxcw:barcore.obj
 0001:00014cdb       ?IsDockBar@CControlBar@@UBEHXZ 00415cdb f   nafxcw:barcore.obj
 0001:00014cde       ?ResetTimer@CControlBar@@QAEXII@Z 00415cde f   nafxcw:barcore.obj
 0001:00014d14       ?OnTimer@CControlBar@@QAEXI@Z 00415d14 f   nafxcw:barcore.obj
 0001:00014e84       ?SetStatusText@CControlBar@@UAEHH@Z 00415e84 f   nafxcw:barcore.obj
 0001:00014f1b       ?PreTranslateMessage@CControlBar@@UAEHPAUtagMSG@@@Z 00415f1b f   nafxcw:barcore.obj
 0001:00015114       ?WindowProc@CControlBar@@UAEJIIJ@Z 00416114 f   nafxcw:barcore.obj
 0001:000151e1       ?OnHelpHitTest@CControlBar@@QAEJIJ@Z 004161e1 f   nafxcw:barcore.obj
 0001:00015224       ?OnWindowPosChanging@CControlBar@@QAEXPAUtagWINDOWPOS@@@Z 00416224 f   nafxcw:barcore.obj
 0001:00015325       ?OnCreate@CControlBar@@QAEHPAUtagCREATESTRUCTA@@@Z 00416325 f   nafxcw:barcore.obj
 0001:00015378       ?OnDestroy@CControlBar@@QAEXXZ 00416378 f   nafxcw:barcore.obj
 0001:000153ae       ?DestroyWindow@CControlBar@@UAEHXZ 004163ae f   nafxcw:barcore.obj
 0001:000153d9       ?OnMouseActivate@CControlBar@@QAEHPAVCWnd@@II@Z 004163d9 f   nafxcw:barcore.obj
 0001:000153fa       ?OnPaint@CControlBar@@QAEXXZ 004163fa f   nafxcw:barcore.obj
 0001:0001544c       ?EraseNonClient@CControlBar@@QAEXXZ 0041644c f   nafxcw:barcore.obj
 0001:00015519       ?OnCtlColor@CControlBar@@QAEPAUHBRUSH__@@PAVCDC@@PAVCWnd@@I@Z 00416519 f   nafxcw:barcore.obj
 0001:00015571       ?OnLButtonDown@CControlBar@@QAEXIVCPoint@@@Z 00416571 f   nafxcw:barcore.obj
 0001:000155b7       ?OnLButtonDblClk@CControlBar@@QAEXIVCPoint@@@Z 004165b7 f   nafxcw:barcore.obj
 0001:000155e9       ?OnIdleUpdateCmdUI@CControlBar@@QAEJIJ@Z 004165e9 f   nafxcw:barcore.obj
 0001:00015691       ?OnInitialUpdate@CControlBar@@QAEXXZ 00416691 f   nafxcw:barcore.obj
 0001:0001569b       ?RecalcDelayShow@CControlBar@@UAEKPAUAFX_SIZEPARENTPARAMS@@@Z 0041669b f   nafxcw:barcore.obj
 0001:0001570b       ?OnSizeParent@CControlBar@@QAEJIJ@Z 0041670b f   nafxcw:barcore.obj
 0001:00015845       ?DelayShow@CControlBar@@UAEXH@Z 00416845 f   nafxcw:barcore.obj
 0001:00015879       ?IsVisible@CControlBar@@UBEHXZ 00416879 f   nafxcw:barcore.obj
 0001:00015897       ?DoPaint@CControlBar@@UAEXPAVCDC@@@Z 00416897 f   nafxcw:barcore.obj
 0001:000158ce       ?DrawBorders@CControlBar@@QAEXPAVCDC@@AAVCRect@@@Z 004168ce f   nafxcw:barcore.obj
 0001:00015a7c       ?DrawGripper@CControlBar@@QAEXPAVCDC@@ABVCRect@@@Z 00416a7c f   nafxcw:barcore.obj
 0001:00015af5       ?CalcInsideRect@CControlBar@@QBEXAAVCRect@@H@Z 00416af5 f   nafxcw:barcore.obj
 0001:00015b98       ?_AfxAdjustRectangle@@YGXAAVCRect@@VCPoint@@@Z 00416b98 f   nafxcw:dockcont.obj
 0001:00015bd9       ??1CDockContext@@QAE@XZ    00416bd9 f   nafxcw:dockcont.obj
 0001:00015bf4       ?StartDrag@CDockContext@@UAEXVCPoint@@@Z 00416bf4 f   nafxcw:dockcont.obj
 0001:00015f40       ?Move@CDockContext@@QAEXVCPoint@@@Z 00416f40 f   nafxcw:dockcont.obj
 0001:00015fbc       ?OnKey@CDockContext@@QAEXHH@Z 00416fbc f   nafxcw:dockcont.obj
 0001:00015ff0       ?EndDrag@CDockContext@@QAEXXZ 00416ff0 f   nafxcw:dockcont.obj
 0001:000160fb       ?StartResize@CDockContext@@UAEXHVCPoint@@@Z 004170fb f   nafxcw:dockcont.obj
 0001:0001623d       ?Stretch@CDockContext@@QAEXVCPoint@@@Z 0041723d f   nafxcw:dockcont.obj
 0001:0001639a       ?EndResize@CDockContext@@QAEXXZ 0041739a f   nafxcw:dockcont.obj
 0001:000163dd       ?ToggleDocking@CDockContext@@UAEXXZ 004173dd f   nafxcw:dockcont.obj
 0001:000164b6       ?InitLoop@CDockContext@@QAEXXZ 004174b6 f   nafxcw:dockcont.obj
 0001:00016577       ?CancelLoop@CDockContext@@QAEXXZ 00417577 f   nafxcw:dockcont.obj
 0001:000165c0       ?DrawFocusRect@CDockContext@@QAEXH@Z 004175c0 f   nafxcw:dockcont.obj
 0001:000166d6       ?UpdateState@CDockContext@@QAEXPAHH@Z 004176d6 f   nafxcw:dockcont.obj
 0001:00016728       ?CanDock@CDockContext@@QAEKXZ 00417728 f   nafxcw:dockcont.obj
 0001:0001683f       ?GetDockBar@CDockContext@@QAEPAVCDockBar@@K@Z 0041783f f   nafxcw:dockcont.obj
 0001:00016887       ?Track@CDockContext@@QAEHXZ 00417887 f   nafxcw:dockcont.obj
 0001:000169a2       ?GetDockedCount@CDockBar@@QBEHXZ 004179a2 f   nafxcw:bardock.obj
 0001:000169cf       ?DockControlBar@CDockBar@@QAEXPAVCControlBar@@PBUtagRECT@@@Z 004179cf f   nafxcw:bardock.obj
 0001:00016bfa       ?ReDockControlBar@CDockBar@@QAEXPAVCControlBar@@PBUtagRECT@@@Z 00417bfa f   nafxcw:bardock.obj
 0001:00016de1       ?RemovePlaceHolder@CDockBar@@QAEXPAVCControlBar@@@Z 00417de1 f   nafxcw:bardock.obj
 0001:00016e42       ?RemoveControlBar@CDockBar@@QAEHPAVCControlBar@@HH@Z 00417e42 f   nafxcw:bardock.obj
 0001:00016f50       ?FindBar@CDockBar@@QAEHPAVCControlBar@@H@Z 00417f50 f   nafxcw:bardock.obj
 0001:00016f7e       ?GetDockedControlBar@CDockBar@@IBEPAVCControlBar@@H@Z 00417f7e f   nafxcw:bardock.obj
 0001:00016f9a       ?Insert@CDockBar@@IAEHPAVCControlBar@@VCRect@@VCPoint@@@Z 00417f9a f   nafxcw:bardock.obj
 0001:00017143       ?GetMessageMap@CFrameWnd@@MBEPBUAFX_MSGMAP@@XZ 00418143 f   nafxcw:winfrm.obj
 0001:00017149       ??0CFrameWnd@@QAE@XZ       00418149 f   nafxcw:winfrm.obj
 0001:0001720b       ??_ECFrameWnd@@UAEPAXI@Z   0041820b f i nafxcw:winfrm.obj
 0001:0001720b       ??_GCFrameWnd@@UAEPAXI@Z   0041820b f i nafxcw:winfrm.obj
 0001:00017227       ??1CFrameWnd@@UAE@XZ       00418227 f   nafxcw:winfrm.obj
 0001:000172a7       ?AddFrameWnd@CFrameWnd@@IAEXXZ 004182a7 f   nafxcw:winfrm.obj
 0001:000172cb       ?RemoveFrameWnd@CFrameWnd@@IAEXXZ 004182cb f   nafxcw:winfrm.obj
 0001:000172ef       ?LoadAccelTable@CFrameWnd@@QAEHPBD@Z 004182ef f   nafxcw:winfrm.obj
 0001:00017315       ?GetDefaultAccelerator@CFrameWnd@@UAEPAUHACCEL__@@XZ 00418315 f   nafxcw:winfrm.obj
 0001:00017339       ?PreTranslateMessage@CFrameWnd@@UAEHPAUtagMSG@@@Z 00418339 f   nafxcw:winfrm.obj
 0001:000173b0       ?PostNcDestroy@CFrameWnd@@MAEXXZ 004183b0 f   nafxcw:winfrm.obj
 0001:000173bc       ?OnPaletteChanged@CFrameWnd@@IAEXPAVCWnd@@@Z 004183bc f   nafxcw:winfrm.obj
 0001:000173d8       ?OnQueryNewPalette@CFrameWnd@@IAEHXZ 004183d8 f   nafxcw:winfrm.obj
 0001:000173f9       ?ExitHelpMode@CFrameWnd@@UAEXXZ 004183f9 f   nafxcw:winfrm.obj
 0001:00017464       ?OnSetCursor@CFrameWnd@@IAEHPAVCWnd@@II@Z 00418464 f   nafxcw:winfrm.obj
 0001:0001748e       ?OnCommandHelp@CFrameWnd@@IAEJIJ@Z 0041848e f   nafxcw:winfrm.obj
 0001:000174e6       ?OnHelpHitTest@CFrameWnd@@IAEJIJ@Z 004184e6 f   nafxcw:winfrm.obj
 0001:000174fc       ?OnCommand@CFrameWnd@@MAEHIJ@Z 004184fc f   nafxcw:winfrm.obj
 0001:00017573       ?AfxIsDescendant@@YGHPAUHWND__@@0@Z 00418573 f   nafxcw:winfrm.obj
 0001:00017593       ?BeginModalState@CFrameWnd@@UAEXXZ 00418593 f   nafxcw:winfrm.obj
 0001:000176af       ?EndModalState@CFrameWnd@@UAEXXZ 004186af f   nafxcw:winfrm.obj
 0001:0001771e       ?ShowOwnedWindows@CFrameWnd@@QAEXH@Z 0041871e f   nafxcw:winfrm.obj
 0001:000177b6       ?OnEnable@CFrameWnd@@IAEXH@Z 004187b6 f   nafxcw:winfrm.obj
 0001:0001786c       ?NotifyFloatingWindows@CFrameWnd@@QAEXK@Z 0041886c f   nafxcw:winfrm.obj
 0001:00017916       ?PreCreateWindow@CFrameWnd@@MAEHAAUtagCREATESTRUCTA@@@Z 00418916 f   nafxcw:winfrm.obj
 0001:0001795a       ?Create@CFrameWnd@@QAEHPBD0KABUtagRECT@@PAVCWnd@@0KPAUCCreateContext@@@Z 0041895a f   nafxcw:winfrm.obj
 0001:000179f2       ?CreateView@CFrameWnd@@QAEPAVCWnd@@PAUCCreateContext@@I@Z 004189f2 f   nafxcw:winfrm.obj
 0001:00017a6a       ?OnCreateClient@CFrameWnd@@MAEHPAUtagCREATESTRUCTA@@PAUCCreateContext@@@Z 00418a6a f   nafxcw:winfrm.obj
 0001:00017a8c       ?OnCreate@CFrameWnd@@IAEHPAUtagCREATESTRUCTA@@@Z 00418a8c f   nafxcw:winfrm.obj
 0001:00017a9b       ?OnCreateHelper@CFrameWnd@@IAEHPAUtagCREATESTRUCTA@@PAUCCreateContext@@@Z 00418a9b f   nafxcw:winfrm.obj
 0001:00017aea       ?GetIconWndClass@CFrameWnd@@IAEPBDKI@Z 00418aea f   nafxcw:winfrm.obj
 0001:00017b6d       ?LoadFrame@CFrameWnd@@UAEHIKPAVCWnd@@PAUCCreateContext@@@Z 00418b6d f   nafxcw:winfrm.obj
 0001:00017c37       ?OnUpdateFrameMenu@CFrameWnd@@UAEXPAUHMENU__@@@Z 00418c37 f   nafxcw:winfrm.obj
 0001:00017c6d       ?OnClose@CFrameWnd@@IAEXXZ 00418c6d f   nafxcw:winfrm.obj
 0001:00017d64       ?OnDestroy@CFrameWnd@@IAEXXZ 00418d64 f   nafxcw:winfrm.obj
 0001:00017db7       ?RemoveControlBar@CFrameWnd@@QAEXPAVCControlBar@@@Z 00418db7 f   nafxcw:winfrm.obj
 0001:00017dd8       ?OnCmdMsg@CFrameWnd@@UAEHIHPAXPAUAFX_CMDHANDLERINFO@@@Z 00418dd8 f   nafxcw:winfrm.obj
 0001:00017e80       ?OnHScroll@CFrameWnd@@IAEXIIPAVCScrollBar@@@Z 00418e80 f   nafxcw:winfrm.obj
 0001:00017ea9       ?OnVScroll@CFrameWnd@@IAEXIIPAVCScrollBar@@@Z 00418ea9 f   nafxcw:winfrm.obj
 0001:00017ed2       ?OnActivateTopLevel@CFrameWnd@@IAEJIJ@Z 00418ed2 f   nafxcw:winfrm.obj
 0001:00017f60       ?OnActivate@CFrameWnd@@IAEXIPAVCWnd@@H@Z 00418f60 f   nafxcw:winfrm.obj
 0001:00018034       ?OnNcActivate@CFrameWnd@@IAEHH@Z 00419034 f   nafxcw:winfrm.obj
 0001:0001806b       ?OnSysCommand@CFrameWnd@@IAEXIJ@Z 0041906b f   nafxcw:winfrm.obj
 0001:00018100       ?OnDropFiles@CFrameWnd@@IAEXPAUHDROP__@@@Z 00419100 f   nafxcw:winfrm.obj
 0001:00018172       ?OnQueryEndSession@CFrameWnd@@IAEHXZ 00419172 f   nafxcw:winfrm.obj
 0001:00018197       ?OnEndSession@CFrameWnd@@IAEXH@Z 00419197 f   nafxcw:winfrm.obj
 0001:000181cf       ?OnDDEInitiate@CFrameWnd@@IAEJIJ@Z 004191cf f   nafxcw:winfrm.obj
[...]
 0003:00006c8c       ___active_heap             0042bc8c     <common>
 0003:00006ca0       ___pioinfo                 0042bca0     <common>
 0003:00006da0       __nhandle                  0042bda0     <common>
 0003:00006da4       ___mbcodepage              0042bda4     <common>
 0003:00006db0       ___mbulinfo                0042bdb0     <common>
 0003:00006dbc       ___ismbcodepage            0042bdbc     <common>
 0003:00006dc0       __mbcasemap                0042bdc0     <common>
 0003:00006ec0       __mbctype                  0042bec0     <common>
 0003:00006fc4       ___mblcid                  0042bfc4     <common>
 0003:00006fc8       ___env_initialized         0042bfc8     <common>
 0003:00006fcc       ___mbctype_initialized     0042bfcc     <common>
 0003:00006fd0       ___onexitend               0042bfd0     <common>
 0003:00006fd4       ___onexitbegin             0042bfd4     <common>
 0003:00006fd8       __acmdln                   0042bfd8     <common>
 0003:00006fe0       _g_CriticalSection         0042bfe0     <common>
 0003:00007000       _g3d                       0042c000     <common>

 entry point at        0001:000011aa

 Static symbols

 0001:00000160       _$E209                     00401160 f   FrmVC6.obj
 0001:00000170       _$E206                     00401170 f   FrmVC6.obj
 0001:00000180       _$E208                     00401180 f   FrmVC6.obj
 0001:00000190       _$E207                     00401190 f   FrmVC6.obj
 0001:0000c200       _$E366                     0040d200 f   nafxcw:appmodul.obj
 0001:0000c205       _$E365                     0040d205 f   nafxcw:appmodul.obj
 0001:000196a9       _$E366                     0041a6a9 f   nafxcw:winmini.obj
 0001:000196ae       _$E365                     0041a6ae f   nafxcw:winmini.obj
 0001:00019251       _$E366                     0041a251 f   nafxcw:wingdix.obj
 0001:00019256       _$E365                     0041a256 f   nafxcw:wingdix.obj
 0001:0001bbb1       _$E371                     0041cbb1 f   nafxcw:winmenu.obj
 0001:0001bbbb       _$E367                     0041cbbb f   nafxcw:winmenu.obj
 0001:0001bbca       _$E370                     0041cbca f   nafxcw:winmenu.obj
 0001:0001bbd6       _$E368                     0041cbd6 f   nafxcw:winmenu.obj
 0001:00011d8a       _$E368                     00412d8a f   nafxcw:strcore.obj
 0001:00011d94       _$E365                     00412d94 f   nafxcw:strcore.obj
 0001:00011da3       _$E367                     00412da3 f   nafxcw:strcore.obj
 0001:00011daf       _$E366                     00412daf f   nafxcw:strcore.obj
 0001:00011db9       _$E373                     00412db9 f   nafxcw:strcore.obj
 0001:00011dc3       _$E370                     00412dc3 f   nafxcw:strcore.obj
 0001:00011dd5       _$E372                     00412dd5 f   nafxcw:strcore.obj
 0001:00011de1       _$E371                     00412de1 f   nafxcw:strcore.obj
 0001:00011deb       _$E378                     00412deb f   nafxcw:strcore.obj
 0001:00011df5       _$E375                     00412df5 f   nafxcw:strcore.obj
 0001:00011e07       _$E377                     00412e07 f   nafxcw:strcore.obj
 0001:00011e13       _$E376                     00412e13 f   nafxcw:strcore.obj
 0001:00011e1d       _$E383                     00412e1d f   nafxcw:strcore.obj
 0001:00011e27       _$E380                     00412e27 f   nafxcw:strcore.obj
 0001:00011e39       _$E382                     00412e39 f   nafxcw:strcore.obj
 0001:00011e45       _$E381                     00412e45 f   nafxcw:strcore.obj
 0001:0001bb16       _$E366                     0041cb16 f   nafxcw:afxdbcs.obj
 0001:0001bb1b       _$E365                     0041cb1b f   nafxcw:afxdbcs.obj
 0001:0001b9dc       _$E368                     0041c9dc f   nafxcw:auxdata.obj
 0001:0001b9e6       _$E365                     0041c9e6 f   nafxcw:auxdata.obj
 0001:0001b9f0       _$E367                     0041c9f0 f   nafxcw:auxdata.obj
 0001:0001b9fc       _$E366                     0041c9fc f   nafxcw:auxdata.obj
 0001:0001b99a       _$E368                     0041c99a f   nafxcw:app3d.obj
 0001:0001b9a4       _$E365                     0041c9a4 f   nafxcw:app3d.obj
 0001:0001b9a5       _$E367                     0041c9a5 f   nafxcw:app3d.obj
 0001:0001b9b1       _$E366                     0041c9b1 f   nafxcw:app3d.obj
 0001:0001b9bb       _$E373                     0041c9bb f   nafxcw:app3d.obj
 0001:0001b9c5       _$E370                     0041c9c5 f   nafxcw:app3d.obj
 0001:0001b9c6       _$E372                     0041c9c6 f   nafxcw:app3d.obj
 0001:0001b9d2       _$E371                     0041c9d2 f   nafxcw:app3d.obj
 0001:0001b641       _$E368                     0041c641 f   nafxcw:afxstate.obj
 0001:0001b64b       _$E365                     0041c64b f   nafxcw:afxstate.obj
 0001:0001b64c       _$E367                     0041c64c f   nafxcw:afxstate.obj
 0001:0001b658       _$E366                     0041c658 f   nafxcw:afxstate.obj
 0001:0001b842       _$E373                     0041c842 f   nafxcw:afxstate.obj
 0001:0001b84c       _$E370                     0041c84c f   nafxcw:afxstate.obj
 0001:0001b84d       _$E372                     0041c84d f   nafxcw:afxstate.obj
 0001:0001b859       _$E371                     0041c859 f   nafxcw:afxstate.obj
 0001:0001af3f       _$E368                     0041bf3f f   nafxcw:except.obj
 0001:0001af49       _$E365                     0041bf49 f   nafxcw:except.obj
 0001:0001af5b       _$E367                     0041bf5b f   nafxcw:except.obj
 0001:0001af67       _$E366                     0041bf67 f   nafxcw:except.obj
 0001:0001af77       _$E373                     0041bf77 f   nafxcw:except.obj
 0001:0001af81       _$E370                     0041bf81 f   nafxcw:except.obj
 0001:0001af93       _$E372                     0041bf93 f   nafxcw:except.obj
 0001:0001af9f       _$E371                     0041bf9f f   nafxcw:except.obj
 0001:000170d6       _$E366                     004180d6 f   nafxcw:winfrm.obj
 0001:000170db       _$E365                     004180db f   nafxcw:winfrm.obj
 0001:000170f9       _$E369                     004180f9 f   nafxcw:winfrm.obj
 0001:000170fe       _$E368                     004180fe f   nafxcw:winfrm.obj
 0001:0001a2be       _$E368                     0041b2be f   nafxcw:appcore.obj
 0001:0001a2c8       _$E365                     0041b2c8 f   nafxcw:appcore.obj
 0001:0001a2c9       _$E367                     0041b2c9 f   nafxcw:appcore.obj
 0001:0001a2d5       _$E366                     0041b2d5 f   nafxcw:appcore.obj
 0001:00019dad       _$E372                     0041adad f   nafxcw:wingdi.obj
 0001:00019db7       _$E369                     0041adb7 f   nafxcw:wingdi.obj
 0001:00019dc9       _$E371                     0041adc9 f   nafxcw:wingdi.obj
 0001:00019dd5       _$E370                     0041add5 f   nafxcw:wingdi.obj
 0001:00019de5       _$E377                     0041ade5 f   nafxcw:wingdi.obj
 0001:00019def       _$E374                     0041adef f   nafxcw:wingdi.obj
 0001:00019e01       _$E376                     0041ae01 f   nafxcw:wingdi.obj
 0001:00019e0d       _$E375                     0041ae0d f   nafxcw:wingdi.obj
 0001:00019f28       _$E383                     0041af28 f   nafxcw:wingdi.obj
 0001:00019f32       _$E379                     0041af32 f   nafxcw:wingdi.obj
 0001:00019f41       _$E382                     0041af41 f   nafxcw:wingdi.obj
 0001:00019f4d       _$E380                     0041af4d f   nafxcw:wingdi.obj
 0001:00019f68       _$E388                     0041af68 f   nafxcw:wingdi.obj
 0001:00019f72       _$E385                     0041af72 f   nafxcw:wingdi.obj
 0001:00019f81       _$E387                     0041af81 f   nafxcw:wingdi.obj
 0001:00019f8d       _$E386                     0041af8d f   nafxcw:wingdi.obj
 0001:0000d322       _$E374                     0040e322 f   nafxcw:wincore.obj
 0001:0000d327       _$E373                     0040e327 f   nafxcw:wincore.obj
 0001:0000d338       _$E380                     0040e338 f   nafxcw:wincore.obj
 0001:0000d342       _$E376                     0040e342 f   nafxcw:wincore.obj
 0001:0000d34f       _$E379                     0040e34f f   nafxcw:wincore.obj
 0001:0000d35b       _$E377                     0040e35b f   nafxcw:wincore.obj
 0001:0000d376       _$E385                     0040e376 f   nafxcw:wincore.obj
 0001:0000d380       _$E382                     0040e380 f   nafxcw:wincore.obj
 0001:0000d38d       _$E384                     0040e38d f   nafxcw:wincore.obj
 0001:0000d399       _$E383                     0040e399 f   nafxcw:wincore.obj
 0001:0000d3b4       _$E390                     0040e3b4 f   nafxcw:wincore.obj
 0001:0000d3be       _$E387                     0040e3be f   nafxcw:wincore.obj
 0001:0000d3cb       _$E389                     0040e3cb f   nafxcw:wincore.obj
 0001:0000d3d7       _$E388                     0040e3d7 f   nafxcw:wincore.obj
 0001:0000d3f2       _$E395                     0040e3f2 f   nafxcw:wincore.obj
 0001:0000d3fc       _$E392                     0040e3fc f   nafxcw:wincore.obj
 0001:0000d409       _$E394                     0040e409 f   nafxcw:wincore.obj
 0001:0000d415       _$E393                     0040e415 f   nafxcw:wincore.obj
 0001:00019bf2       _$E403                     0041abf2 f   nafxcw:wincore.obj
 0001:00019bfc       _$E399                     0041abfc f   nafxcw:wincore.obj
 0001:00019c0b       _$E402                     0041ac0b f   nafxcw:wincore.obj
 0001:00019c17       _$E400                     0041ac17 f   nafxcw:wincore.obj
 0001:00007af3       _flsall                    00408af3 f   libcmt:fflush.obj
 0001:00007725       _siglookup                 00408725 f   libcmt:winsig.obj
 0001:00006dd0       __abstract_cw              00407dd0 f   libcmt:ieee87.obj
 0001:00006e62       __hw_cw                    00407e62 f   libcmt:ieee87.obj
 0001:00006540       _strtoxl                   00407540 f   libcmt:strtol.obj
 0001:000064f8       _x_ismbbtype               004074f8 f   libcmt:ismbbyte.obj
 0001:000060e0       __cftoe2                   004070e0 f   libcmt:cvt.obj
 0001:000061f7       __cftof2                   004071f7 f   libcmt:cvt.obj
 0001:00006382       __shift                    00407382 f   libcmt:cvt.obj
 0001:00005bee       _strncnt                   00406bee f   libcmt:a_map.obj
 0001:00003a63       _parse_cmdline             00404a63 f   libcmt:stdargv.obj
 0001:0000387f       _xcptlookup                0040487f f   libcmt:winxfltr.obj
 0001:00002dea       ?FindHandler@@YAXPAUEHExceptionRecord@@PAUEHRegistrationNode@@PAU_CONTEXT@@PAXPBU_s_FuncInfo@@EH1@Z 00403dea f   libcmt:frame.obj
 0001:00002f9d       ?FindHandlerForForeignException@@YAXPAUEHExceptionRecord@@PAUEHRegistrationNode@@PAU_CONTEXT@@PAXPBU_s_FuncInfo@@HH1@Z 00403f9d f   libcmt:frame.obj
 0001:00003047       ?TypeMatch@@YAHPBU_s_HandlerType@@PBU_s_CatchableType@@PBU_s_ThrowInfo@@@Z 00404047 f   libcmt:frame.obj
 0001:00003142       ?FrameUnwindFilter@@YAHPAU_EXCEPTION_POINTERS@@@Z 00404142 f   libcmt:frame.obj
 0001:00003158       ?CatchIt@@YAXPAUEHExceptionRecord@@PAUEHRegistrationNode@@PAU_CONTEXT@@PAXPBU_s_FuncInfo@@PBU_s_HandlerType@@PBU_s_CatchableType@@PBU_s_TryBlockMapEntry@@H1E@Z 00404158 f   libcmt:frame.obj
 0001:000031d3       ?CallCatchBlock@@YAPAXPAUEHExceptionRecord@@PAUEHRegistrationNode@@PAU_CONTEXT@@PBU_s_FuncInfo@@PAXHK@Z 004041d3 f   libcmt:frame.obj
 0001:000032ee       ?ExFilterRethrow@@YAHPAU_EXCEPTION_POINTERS@@@Z 004042ee f   libcmt:frame.obj
 0001:00003318       ?BuildCatchObject@@YAXPAUEHExceptionRecord@@PAUEHRegistrationNode@@PBU_s_HandlerType@@PBU_s_CatchableType@@@Z 00404318 f   libcmt:frame.obj
 0001:00003543       ?AdjustPointer@@YAPAXPAXABUPMD@@@Z 00404543 f   libcmt:frame.obj
 0001:000024d9       _getSystemCP               004034d9 f   libcmt:mbctype.obj
 0001:00002523       _CPtoLCID                  00403523 f   libcmt:mbctype.obj
 0001:00002556       _setSBCS                   00403556 f   libcmt:mbctype.obj
 0001:0000257f       _setSBUpLow                0040357f f   libcmt:mbctype.obj
 0001:00002050       LeadUp1                    00403050 f   libcmt:memmove.obj
 0001:0000207c       LeadUp2                    0040307c f   libcmt:memmove.obj
 0001:000020a0       LeadUp3                    004030a0 f   libcmt:memmove.obj
 0001:0000211f       UnwindUp0                  0040311f f   libcmt:memmove.obj
 0001:0000210c       UnwindUp1                  0040310c f   libcmt:memmove.obj
 0001:00002104       UnwindUp2                  00403104 f   libcmt:memmove.obj
 0001:000020fc       UnwindUp3                  004030fc f   libcmt:memmove.obj
 0001:000020f4       UnwindUp4                  004030f4 f   libcmt:memmove.obj
 0001:000020ec       UnwindUp5                  004030ec f   libcmt:memmove.obj
 0001:000020e4       UnwindUp6                  004030e4 f   libcmt:memmove.obj
 0001:000020dc       UnwindUp7                  004030dc f   libcmt:memmove.obj
 0001:00002138       TrailUp0                   00403138 f   libcmt:memmove.obj
 0001:00002140       TrailUp1                   00403140 f   libcmt:memmove.obj
 0001:0000214c       TrailUp2                   0040314c f   libcmt:memmove.obj
 0001:00002160       TrailUp3                   00403160 f   libcmt:memmove.obj
 0001:000021d8       LeadDown1                  004031d8 f   libcmt:memmove.obj
 0001:000021f8       LeadDown2                  004031f8 f   libcmt:memmove.obj
 0001:00002220       LeadDown3                  00403220 f   libcmt:memmove.obj
 0001:00002274       UnwindDown7                00403274 f   libcmt:memmove.obj
 0001:0000227c       UnwindDown6                0040327c f   libcmt:memmove.obj
 0001:00002284       UnwindDown5                00403284 f   libcmt:memmove.obj
 0001:0000228c       UnwindDown4                0040328c f   libcmt:memmove.obj
 0001:00002294       UnwindDown3                00403294 f   libcmt:memmove.obj
 0001:0000229c       UnwindDown2                0040329c f   libcmt:memmove.obj
 0001:000022a4       UnwindDown1                004032a4 f   libcmt:memmove.obj
 0001:000022b7       UnwindDown0                004032b7 f   libcmt:memmove.obj
 0001:000022d0       TrailDown0                 004032d0 f   libcmt:memmove.obj
 0001:000022d8       TrailDown1                 004032d8 f   libcmt:memmove.obj
 0001:000022e8       TrailDown2                 004032e8 f   libcmt:memmove.obj
 0001:000022fc       TrailDown3                 004032fc f   libcmt:memmove.obj
 0001:00001a10       LeadUp1                    00402a10 f   libcmt:memcpy.obj
 0001:00001a3c       LeadUp2                    00402a3c f   libcmt:memcpy.obj
 0001:00001a60       LeadUp3                    00402a60 f   libcmt:memcpy.obj
 0001:00001adf       UnwindUp0                  00402adf f   libcmt:memcpy.obj
 0001:00001acc       UnwindUp1                  00402acc f   libcmt:memcpy.obj
 0001:00001ac4       UnwindUp2                  00402ac4 f   libcmt:memcpy.obj
 0001:00001abc       UnwindUp3                  00402abc f   libcmt:memcpy.obj
 0001:00001ab4       UnwindUp4                  00402ab4 f   libcmt:memcpy.obj
 0001:00001aac       UnwindUp5                  00402aac f   libcmt:memcpy.obj
 0001:00001aa4       UnwindUp6                  00402aa4 f   libcmt:memcpy.obj
 0001:00001a9c       UnwindUp7                  00402a9c f   libcmt:memcpy.obj
 0001:00001af8       TrailUp0                   00402af8 f   libcmt:memcpy.obj
 0001:00001b00       TrailUp1                   00402b00 f   libcmt:memcpy.obj
 0001:00001b0c       TrailUp2                   00402b0c f   libcmt:memcpy.obj
 0001:00001b20       TrailUp3                   00402b20 f   libcmt:memcpy.obj
 0001:00001b98       LeadDown1                  00402b98 f   libcmt:memcpy.obj
 0001:00001bb8       LeadDown2                  00402bb8 f   libcmt:memcpy.obj
 0001:00001be0       LeadDown3                  00402be0 f   libcmt:memcpy.obj
 0001:00001c34       UnwindDown7                00402c34 f   libcmt:memcpy.obj
 0001:00001c3c       UnwindDown6                00402c3c f   libcmt:memcpy.obj
 0001:00001c44       UnwindDown5                00402c44 f   libcmt:memcpy.obj
 0001:00001c4c       UnwindDown4                00402c4c f   libcmt:memcpy.obj
 0001:00001c54       UnwindDown3                00402c54 f   libcmt:memcpy.obj
 0001:00001c5c       UnwindDown2                00402c5c f   libcmt:memcpy.obj
 0001:00001c64       UnwindDown1                00402c64 f   libcmt:memcpy.obj
 0001:00001c77       UnwindDown0                00402c77 f   libcmt:memcpy.obj
 0001:00001c90       TrailDown0                 00402c90 f   libcmt:memcpy.obj
 0001:00001c98       TrailDown1                 00402c98 f   libcmt:memcpy.obj
 0001:00001ca8       TrailDown2                 00402ca8 f   libcmt:memcpy.obj
 0001:00001cbc       TrailDown3                 00402cbc f   libcmt:memcpy.obj
 0001:000017f8       _doexit                    004027f8 f   libcmt:crt0dat.obj
 0001:000018af       __initterm                 004028af f   libcmt:crt0dat.obj
 0001:000012d7       _fast_error_exit           004022d7 f   libcmt:wincrt0.obj
 0001:000010d4       _gu_return                 004020d4 f   libcmt:exsup.obj
 0001:000010dc       __unwind_handler           004020dc f   libcmt:exsup.obj
 0001:00000eef       ?CatchGuardHandler@@YA?AW4_EXCEPTION_DISPOSITION@@PAUEHExceptionRecord@@PAUCatchGuardRN@@PAX2@Z 00401eef f   libcmt:trnsctrl.obj
 0001:00000fca       ?TranslatorGuardHandler@@YA?AW4_EXCEPTION_DISPOSITION@@PAUEHExceptionRecord@@PAUTranslatorGuardRN@@PAX2@Z 00401fca f   libcmt:trnsctrl.obj
 0001:00008a80       _LpfnGetDefWndProcNull     00409a80 f   ctl3d32s:CTL3D.OBJ
 0001:00008aa0       _LpfnGetDefWndProc         00409aa0 f   ctl3d32s:CTL3D.OBJ
 0001:00008af0       _SubclassWindow            00409af0 f   ctl3d32s:CTL3D.OBJ
 0001:00008c90       _HookSubclassWindow        00409c90 f   ctl3d32s:CTL3D.OBJ
 0001:00008cd0       _CleanupSubclass           00409cd0 f   ctl3d32s:CTL3D.OBJ
 0001:00008d30       _DeleteObjectNull          00409d30 f   ctl3d32s:CTL3D.OBJ
 0001:00008d50       _DeleteObjects             00409d50 f   ctl3d32s:CTL3D.OBJ
 0001:00008d80       _PatFill                   00409d80 f   ctl3d32s:CTL3D.OBJ
 0001:00008db0       _DrawRec3d                 00409db0 f   ctl3d32s:CTL3D.OBJ
 0001:00008ef0       _DrawInsetRect3d           00409ef0 f   ctl3d32s:CTL3D.OBJ
 0001:00008f60       _ClipCtlDc                 00409f60 f   ctl3d32s:CTL3D.OBJ
 0001:00008fa0       _MyGetTextExtent           00409fa0 f   ctl3d32s:CTL3D.OBJ
 0001:00009570       _CheckChildSubclass        0040a570 f   ctl3d32s:CTL3D.OBJ
 0001:000097d0       _Ctl3dDlgFramePaintI@20    0040a7d0 f   ctl3d32s:CTL3D.OBJ
 0001:00009b20       _FInit3dDialogs            0040ab20 f   ctl3d32s:CTL3D.OBJ
 0001:00009d10       _End3dDialogs              0040ad10 f   ctl3d32s:CTL3D.OBJ
 0001:00009df0       _InternalCtl3dColorChange  0040adf0 f   ctl3d32s:CTL3D.OBJ
 0001:0000a2b0       _DoesChildNeedSubclass     0040b2b0 f   ctl3d32s:CTL3D.OBJ
 0001:0000a4a0       _FBtn                      0040b4a0 f   ctl3d32s:CTL3D.OBJ
 0001:0000a4d0       _FEdit                     0040b4d0 f   ctl3d32s:CTL3D.OBJ
 0001:0000a4d0       _FList                     0040b4d0 f   ctl3d32s:CTL3D.OBJ
 0001:0000a520       _FComboList                0040b520 f   ctl3d32s:CTL3D.OBJ
 0001:0000a560       _FCombo                    0040b560 f   ctl3d32s:CTL3D.OBJ
 0001:0000a630       _FStatic                   0040b630 f   ctl3d32s:CTL3D.OBJ
 0001:0000a680       _DoSubclassCtl             0040b680 f   ctl3d32s:CTL3D.OBJ
 0001:0000a770       _Inval3dCtl                0040b770 f   ctl3d32s:CTL3D.OBJ
 0001:0000a830       _Val3dCtl                  0040b830 f   ctl3d32s:CTL3D.OBJ
 0001:0000a8a0       _DrawPushButton            0040b8a0 f   ctl3d32s:CTL3D.OBJ
 0001:0000abe0       _BtnPaint                  0040bbe0 f   ctl3d32s:CTL3D.OBJ

 326 bytes saved through ICF

