 FrmVC6

 Timestamp is 59474100 (Mon Jun 19 12:12:00 2017)

 Preferred load address is 00400000

 Start         Length     Name                   Class
 0001:00000000 0001812aH .text                   CODE
 0001:00018130 000004b3H .text$x                 CODE
 0002:00000000 0000032cH .idata$5                DATA
 0002:00000330 00000e41H .rdata                  DATA
 0002:00001178 00000590H .xdata$x                DATA
 0002:00001708 00000078H .idata$2                DATA
 0002:00001780 00000014H .idata$3                DATA
 0002:00001794 0000032cH .idata$4                DATA
 0002:00001ac0 00000d38H .idata$6                DATA
 0002:000027f8 00000000H .edata                  DATA
 0003:00000000 00000004H .CRT$XCA                DATA
 0003:00000004 00000018H .CRT$XCU                DATA
 0003:0000001c 00000004H .CRT$XCZ                DATA
 0003:00000020 00000004H .CRT$XIA                DATA
 0003:00000024 00000008H .CRT$XIC                DATA
 0003:0000002c 00000004H .CRT$XIY                DATA
 0003:00000030 00000004H .CRT$XIZ                DATA
 0003:00000034 00000004H .CRT$XPA                DATA
 0003:00000038 00000004H .CRT$XPZ                DATA
 0003:0000003c 00000004H .CRT$XTA                DATA
 0003:00000040 00000004H .CRT$XTB                DATA
 0003:00000044 00000004H .CRT$XTZ                DATA
 0003:00000050 00002bf8H .data                   DATA
 0003:00002c48 0000099cH .bss                    DATA
 0004:00000000 00000838H .rsrc$01                DATA
 0004:00000840 00002c68H .rsrc$02                DATA

  Address         Publics by Value              Rva+Base     Lib:Object

 0001:00000000       ??0CChildView@@QAE@XZ      00401000 f   ChildView.obj
 0001:00000030       ??_ECChildView@@UAEPAXI@Z  00401030 f i ChildView.obj
 0001:00000030       ??_GCChildView@@UAEPAXI@Z  00401030 f i ChildView.obj
 0001:00000050       ??1CChildView@@UAE@XZ      00401050 f   ChildView.obj
 0001:000000a0       ?_ProcessWindowMessage@CChildView@@UAEHPAUHWND__@@IIJAAJ@Z 004010a0 f i ChildView.obj
 0001:000000e0       ?PreCreateWindow@CChildView@@MAEHAAUtagCREATESTRUCTA@@@Z 004010e0 f   ChildView.obj
 0001:00000300       ?OnPaint@CChildView@@IAEXXZ 00401300 f   ChildView.obj
 0001:000003c0       ?memcpy_x@SecureHelper@WTL@@YAXPAXIPBXI@Z 004013c0 f i ChildView.obj
 0001:000003f0       ?ConcatCopy@CString@WTL@@IAEHHPBDH0@Z 004013f0 f i ChildView.obj
 0001:000004a0       ?Release@CString@WTL@@KGXPAUCStringData@2@@Z 004014a0 f i ChildView.obj
 0001:000004d0       ?AfxEndDeferRegisterClass@CAfx@@SAHJ@Z 004014d0 f i ChildView.obj
 0001:000009d0       ?ConcatInPlace@CString@WTL@@IAEXHPBD@Z 004019d0 f i ChildView.obj
 0001:00000ad0       ?AllocBuffer@CString@WTL@@IAEHH@Z 00401ad0 f i ChildView.obj
 0001:00000b30       ??1CString@WTL@@QAE@XZ     00401b30 f i ChildView.obj
 0001:00000b60       ?SetAttribDC@CDCMTL@@UAEXPAUHDC__@@@Z 00401b60 f i ChildView.obj
 0001:00000b70       ?ReleaseAttribDC@CDCMTL@@UAEXXZ 00401b70 f i ChildView.obj
 0001:00000b80       ?SaveDC@CDCMTL@@UAEHXZ     00401b80 f i ChildView.obj
 0001:00000bc0       ?RestoreDC@CDCMTL@@UAEHH@Z 00401bc0 f i ChildView.obj
 0001:00000c10       ?TextOutA@CDCMTL@@UAEHHHPBDH@Z 00401c10 f i ChildView.obj
 0001:00000c40       ?GetCurrentMessage@CCmdTarget@@UBEPBUtagMSG@@XZ 00401c40 f i ChildView.obj
 0001:00000c50       ?OnCmdMsg@CCmdTarget@@UAEHIHPAXPAUAFX_CMDHANDLERINFO@@@Z 00401c50 f i ChildView.obj
 0001:00000d30       ??1CWMHnd@@UAE@XZ          00401d30 f i ChildView.obj
 0001:00000d40       ?CalcWindowRect@CWMHnd@@UAEXPAUtagRECT@@I@Z 00401d40 f i ChildView.obj
 0001:00000d80       ?EnableWindow@CWMHnd@@UAEXH@Z 00401d80 f i ChildView.obj
 0001:00000da0       ?GetMenu@CWMHnd@@UBEPAVCMenuMTL@@XZ 00401da0 f i ChildView.obj
 0001:00000dd0       ?classHandleFuncCMenuMTL@CMenuMTL@@SAPAXPAX0@Z 00401dd0 f i ChildView.obj
 0001:00000e10       ??_ECMenuMTL@@UAEPAXI@Z    00401e10 f i ChildView.obj
 0001:00000e10       ??_GCMenuMTL@@UAEPAXI@Z    00401e10 f i ChildView.obj
 0001:00000e30       ??1CMenuMTL@@UAE@XZ        00401e30 f i ChildView.obj
 0001:00000e30       ??1?$CHandleWrapper@VCMenuMTL@@PAUHMENU__@@V?$CMenuT@$00@WTL@@@@UAE@XZ 00401e30 f i ChildView.obj
 0001:00000e80       ?ExitInstance@CWinApp@@UAEHXZ 00401e80 f i ChildView.obj
 0001:00000e80       ?IsFrameWnd@CWMHnd@@UAEHXZ 00401e80 f i ChildView.obj
 0001:00000e80       ?GetEventSinkMap@CCmdTarget@@UBEPBUAFX_EVENTSINKMAP@@XZ 00401e80 f i ChildView.obj
 0001:00000e80       ?IsDockBar@CControlBar@@UBEHXZ 00401e80 f i ChildView.obj
 0001:00000e90       ?SetMenu@CWMHnd@@UAEHPAVCMenuMTL@@@Z 00401e90 f i ChildView.obj
 0001:00000ec0       ??_ECPaintDCMTL@@UAEPAXI@Z 00401ec0 f i ChildView.obj
 0001:00000ec0       ??_GCPaintDCMTL@@UAEPAXI@Z 00401ec0 f i ChildView.obj
 0001:00000ee0       ??1CPaintDCMTL@@UAE@XZ     00401ee0 f i ChildView.obj
 0001:00000f40       ?CWndDestruct@CWnd@@QAEXXZ 00401f40 f i ChildView.obj
 0001:00000fa0       ?DefWindowProcA@CWnd@@UAEJIIJ@Z 00401fa0 f i ChildView.obj
 0001:00000fc0       ?WindowProc@CWnd@@UAEJIIJ@Z 00401fc0 f i ChildView.obj
 0001:00001010       ?OnWndMsg@CWnd@@UAEHIIJPAJ@Z 00402010 f i ChildView.obj
 0001:00001090       ?OnChildNotify@CWnd@@UAEHIIJPAJ@Z 00402090 f i ChildView.obj
 0001:00001280       ?OnCommand@CWnd@@UAEHIJ@Z  00402280 f i ChildView.obj
 0001:000013b0       ?Enable@CTestCmdUI@@UAEXH@Z 004023b0 f i ChildView.obj
 0001:000013d0       ?OnToolHitTest@CWnd@@UBEJVCPoint@WTL@@PAUtagTOOLINFOA@@@Z 004023d0 f i ChildView.obj
 0001:00001500       ?OnNotify@CWnd@@UAEHIJPAJ@Z 00402500 f i ChildView.obj
 0001:000015d0       ?Create@CWnd@@UAEHPBD0KABUtagRECT@@PAV1@IPAUCCreateContext@@@Z 004025d0 f i ChildView.obj
 0001:00001630       ?CreateEx@CWnd@@UAEHKPBD0KHHHHPAUHWND__@@PAUHMENU__@@PAX@Z 00402630 f i ChildView.obj
 0001:000017c0       ?CbtFilterHook@CWnd@@SGJHIJ@Z 004027c0 f i ChildView.obj
 0001:000018f0       ?classHandleFuncCWnd@CWnd@@SAPAXPAX0@Z 004028f0 f i ChildView.obj
 0001:00001950       ?AfxWindowProc@CWnd@@SGJPAUHWND__@@IIJ@Z 00402950 f i ChildView.obj
 0001:000019a0       ?DestroyWindow@CWnd@@UAEHXZ 004029a0 f i ChildView.obj
 0001:000019b0       ?PreCreateWindow@CWnd@@UAEHAAUtagCREATESTRUCTA@@@Z 004029b0 f i ChildView.obj
 0001:00001d00       ??YCString@WTL@@QAEAAV01@PBD@Z 00402d00 f i ChildView.obj
 0001:00001e20       ?_AfxInitCommonControls@CAfx@@SAJPAUtagINITCOMMONCONTROLSEX@@J@Z 00402e20 f i ChildView.obj
 0001:00001e40       ?_AfxRegisterWithIcon@CAfx@@SAHPAUtagWNDCLASSA@@PBDI@Z 00402e40 f i ChildView.obj
 0001:00002040       ?AfxRegisterClass@CAfx@@SAHPAUtagWNDCLASSA@@@Z 00403040 f i ChildView.obj
 0001:00002230       ?ContinueModal@CWnd@@UAEHXZ 00403230 f i ChildView.obj
 0001:00002240       ?EndModalLoop@CWnd@@UAEXH@Z 00403240 f i ChildView.obj
 0001:00002270       ??_GCWnd@@UAEPAXI@Z        00403270 f i ChildView.obj
 0001:00002270       ??_ECWnd@@UAEPAXI@Z        00403270 f i ChildView.obj
 0001:00002290       ??1CWnd@@UAE@XZ            00403290 f i ChildView.obj
 0001:000022e0       ?_ProcessWindowMessage@CWnd@@UAEHPAUHWND__@@IIJAAJ@Z 004032e0 f i ChildView.obj
 0001:00002540       ??1?$CDCT@$00@WTL@@QAE@XZ  00403540 f i ChildView.obj
 0001:00002560       ??_ECDCMTL@@UAEPAXI@Z      00403560 f i ChildView.obj
 0001:00002560       ??_GCDCMTL@@UAEPAXI@Z      00403560 f i ChildView.obj
 0001:00002580       ??1CDCMTL@@UAE@XZ          00403580 f i ChildView.obj
 0001:000025d0       ?Default@CWMHnd@@QAEJXZ    004035d0 f i ChildView.obj
 0001:000025d0       ?OnInitDialog@CWMHnd@@UAEHXZ 004035d0 f i ChildView.obj
 0001:000025f0       ?AfxUnsubclassWindow@CWnd@@QAEPAUHWND__@@XZ 004035f0 f i ChildView.obj
 0001:00002640       ?FromHandleWnd@CWinApp@@QAEPAVCWMHnd@@PAUHWND__@@PAV2@0P6APAXPAX2@Z@Z 00403640 f i ChildView.obj
 0001:00002710       ?NewNode@?$CHandleList@PAUHMENU__@@VCMenuMTL@@PAUHWND__@@@@QAEPAV?$CHandlePair@PAUHMENU__@@PAVCMenuMTL@@PAUHWND__@@@@PAUHMENU__@@@Z 00403710 f i ChildView.obj
 0001:00002710       ?NewNode@?$CHandleHashList@PAUHWND__@@VCWMHnd@@PAU1@$0BB@@@QAEPAV?$CHandlePair@PAUHWND__@@PAVCWMHnd@@PAU1@@@PAUHWND__@@@Z 00403710 f i ChildView.obj
 0001:00002750       ?RemoveHandleWnd@CWinApp@@QAEPAUHWND__@@PAU2@@Z 00403750 f i ChildView.obj
 0001:000029c0       ?FromHandleMenu@CWinApp@@QAEPAVCMenuMTL@@PAUHMENU__@@PAV2@PAUHWND__@@P6APAXPAX3@Z@Z 004039c0 f i ChildView.obj
 0001:00002a50       ?RemoveHandleMenu@CWinApp@@QAEPAUHMENU__@@PAU2@@Z 00403a50 f i ChildView.obj
 0001:00002ac0       ?RemoveHandleDC@CWinApp@@QAEPAUHDC__@@PAU2@@Z 00403ac0 f i ChildView.obj
 0001:00002b30       ?_GetCModuleState@CWinApp@@SAPAVCModuleState@@XZ 00403b30 f i ChildView.obj
 0001:00002b70       ??0CModuleState@@QAE@XZ    00403b70 f i ChildView.obj
 0001:00002ba0       ?cModuleState@?1??_GetCModuleState@CWinApp@@SAPAVCModuleState@@XZ@$AV2@A 00403ba0 f i ChildView.obj
 0001:00002bb0       ??1CModuleState@@QAE@XZ    00403bb0 f i ChildView.obj
 0001:00002c40       ?RemoveHandle@CDCMTL@@SAPAUHDC__@@PAU2@@Z 00403c40 f i ChildView.obj
 0001:00002c60       ?PreTranslateMessage@CWnd@@UAEHPAUtagMSG@@@Z 00403c60 f i ChildView.obj
 0001:00002c80       ??0CFrmVC6App@@QAE@XZ      00403c80 f   FrmVC6.obj
 0001:00002e00       ?_ProcessWindowMessage@CFrmVC6App@@UAEHPAUHWND__@@IIJAAJ@Z 00403e00 f i FrmVC6.obj
 0001:00002ec0       ??1CFrmVC6App@@QAE@XZ      00403ec0 f i FrmVC6.obj
 0001:00003020       ?InitInstance@CFrmVC6App@@UAEHXZ 00404020 f   FrmVC6.obj
 0001:000030d0       ??0CAboutDlg@@QAE@XZ       004040d0 f   FrmVC6.obj
 0001:00003110       ??_GCAboutDlg@@UAEPAXI@Z   00404110 f i FrmVC6.obj
 0001:00003110       ??_ECAboutDlg@@UAEPAXI@Z   00404110 f i FrmVC6.obj
 0001:00003130       ??1CAboutDlg@@UAE@XZ       00404130 f i FrmVC6.obj
 0001:00003180       ?DoDataExchange@CAboutDlg@@MAEXPAVCDataExchange@@@Z 00404180 f   FrmVC6.obj
 0001:00003190       ?OnAppAbout@CFrmVC6App@@QAEXXZ 00404190 f   FrmVC6.obj
 0001:000033d0       ??1?$CHandleHashList@PAUHWND__@@VCWMHnd@@PAU1@$0BB@@@QAE@XZ 004043d0 f i FrmVC6.obj
 0001:000033e0       ??_9@$BHM@AE               004043e0 f i FrmVC6.obj
 0001:000033f0       ??_9@$BHI@AE               004043f0 f i FrmVC6.obj
 0001:00003400       ?_ProcessWindowMessage@CCmdTarget@@UAEHPAUHWND__@@IIJAAJ@Z 00404400 f i FrmVC6.obj
 0001:00003410       ?SetWindowPos@CWMHnd@@QAEHPBV1@HHHHI@Z 00404410 f i FrmVC6.obj
 0001:00003450       ?classHandleFuncCDialog@CDialog@@SAPAXPAX0@Z 00404450 f i FrmVC6.obj
 0001:000034b0       ?OnOK@CDialog@@UAEXXZ      004044b0 f i FrmVC6.obj
 0001:00003520       ?OnCancel@CDialog@@UAEXXZ  00404520 f i FrmVC6.obj
 0001:00003550       ?OnInitDialog@CDialog@@UAEHXZ 00404550 f i FrmVC6.obj
 0001:00003620       ?ExecuteDlgInit@CWnd@@QAEHPAX@Z 00404620 f i FrmVC6.obj
 0001:00003700       ?Create@CDialog@@UAEHIPAVCWnd@@@Z 00404700 f i FrmVC6.obj
 0001:00003720       ?Create@CDialog@@UAEHPBDPAVCWnd@@@Z 00404720 f i FrmVC6.obj
 0001:00003860       ?CreateIndirect@CDialog@@UAEHPAXPAVCWnd@@PAUHINSTANCE__@@@Z 00404860 f i FrmVC6.obj
 0001:00003960       ?DoModal@CDialog@@UAEJXZ   00404960 f i FrmVC6.obj
 0001:00003d00       ?PreTranslateMessage@CDialog@@UAEHPAUtagMSG@@@Z 00404d00 f i FrmVC6.obj
 0001:00003de0       ??_GCDialog@@UAEPAXI@Z     00404de0 f i FrmVC6.obj
 0001:00003de0       ??_ECDialog@@UAEPAXI@Z     00404de0 f i FrmVC6.obj
 0001:00003e00       ??1CDialog@@UAE@XZ         00404e00 f i FrmVC6.obj
 0001:00003e50       ?_ProcessWindowMessage@CAboutDlg@@UAEHPAUHWND__@@IIJAAJ@Z 00404e50 f i FrmVC6.obj
 0001:00003e50       ?_ProcessWindowMessage@CDialog@@UAEHPAUHWND__@@IIJAAJ@Z 00404e50 f i FrmVC6.obj
 0001:00003ee0       ?AfxDlgProc@CWnd@@SGJPAUHWND__@@IIJ@Z 00404ee0 f i FrmVC6.obj
 0001:000040d0       ??1CWinThread@@QAE@XZ      004050d0 f i FrmVC6.obj
 0001:000040f0       ?OnAppExit@CWinApp@@QAEXXZ 004050f0 f i FrmVC6.obj
 0001:00004110       ?OnFileNew@CWinApp@@UAEXXZ 00405110 f i FrmVC6.obj
 0001:00004110       ?OnFileOpen@CWinApp@@UAEXXZ 00405110 f i FrmVC6.obj
 0001:00004110       ?OnHideMenuBar@CFrameWnd@@UAEXXZ 00405110 f i FrmVC6.obj
 0001:00004110       ?PostNcDestroy@CWMHnd@@UAEXXZ 00405110 f i FrmVC6.obj
 0001:00004110       ?_afxdata@?1??_GetAfxData@CAfx@@SAABU_AUX_DATA@@XZ@$AU2@A 00405110 f i FrmVC6.obj
 0001:00004110       ?OnShowMenuBar@CFrameWnd@@UAEXXZ 00405110 f i FrmVC6.obj
 0001:00004120       ?OnIdle@CWinApp@@UAEHH@Z   00405120 f i FrmVC6.obj
 0001:00004270       ?RemoveOwner@?$CHandleHashList@PAUHWND__@@VCWMHnd@@PAU1@$0BB@@@QAEHQAUHWND__@@@Z 00405270 f i FrmVC6.obj
 0001:00004300       ?RemoveOwner@?$CHandleList@PAUHMENU__@@VCMenuMTL@@PAUHWND__@@@@QAEHQAUHWND__@@@Z 00405300 f i FrmVC6.obj
 0001:00004300       ?RemoveOwner@?$CHandleList@PAXVCGdiObject@@PAUHWND__@@@@QAEHQAUHWND__@@@Z 00405300 f i FrmVC6.obj
 0001:00004300       ?RemoveOwner@?$CHandleList@PAUHDC__@@VCDCMTL@@PAUHWND__@@@@QAEHQAUHWND__@@@Z 00405300 f i FrmVC6.obj
 0001:00004300       ?RemoveOwner@?$CHandleList@PAXXPAUHWND__@@@@QAEHQAUHWND__@@@Z 00405300 f i FrmVC6.obj
 0001:00004370       ?SendMessageToDescendants@CWnd@@QAEXPAUHWND__@@IIJHH@Z 00405370 f i FrmVC6.obj
 0001:00004450       ?InitInstance@CWinApp@@UAEHXZ 00405450 f i FrmVC6.obj
 0001:00004450       ?IsFrameWnd@CFrameWnd@@UAEHXZ 00405450 f i FrmVC6.obj
 0001:00004460       ?OpenDocumentFile@CWinApp@@UAEPAVCDocument@@PBD@Z 00405460 f i FrmVC6.obj
 0001:00004460       ?GetScrollBarCtrl@CWMHnd@@UBEPAVCScrollBarMTL@@H@Z 00405460 f i FrmVC6.obj
 0001:00004470       ?PreTranslateMessage@CWinApp@@UAEHPAUtagMSG@@@Z 00405470 f i FrmVC6.obj
 0001:00004510       ?PumpMessage@CWinApp@@UAEHXZ 00405510 f i FrmVC6.obj
 0001:00004560       ?Run@CWinApp@@UAEHXZ       00405560 f i FrmVC6.obj
 0001:00004600       ??1CModuleThreadState@@QAE@XZ 00405600 f i FrmVC6.obj
 0001:00004640       ?_ProcessWindowMessage@CWinApp@@UAEHPAUHWND__@@IIJAAJ@Z 00405640 f i FrmVC6.obj
 0001:00004690       ?FromHandle@CWnd@@SAPAV1@PAUHWND__@@PAV1@0P6APAXPAX2@Z@Z 00405690 f i FrmVC6.obj
 0001:000046b0       ?OnCmdMsg@CDialog@@UAEHIHPAXPAUAFX_CMDHANDLERINFO@@@Z 004056b0 f i FrmVC6.obj
 0001:00004850       ?RunModalLoop@CWnd@@QAEHK@Z 00405850 f i FrmVC6.obj
 0001:000049f0       ?GetRuntimeClass@CMainFrame@@UBEPAUCRuntimeClass@@XZ 004059f0 f   MainFrm.obj
 0001:00004a00       ??0CMainFrame@@QAE@XZ      00405a00 f   MainFrm.obj
 0001:00004be0       ?_ProcessWindowMessage@CMainFrame@@UAEHPAUHWND__@@IIJAAJ@Z 00405be0 f i MainFrm.obj
 0001:00004c60       ??_ECMainFrame@@UAEPAXI@Z  00405c60 f i MainFrm.obj
 0001:00004c60       ??_GCMainFrame@@UAEPAXI@Z  00405c60 f i MainFrm.obj
 0001:00004c80       ??1CMainFrame@@UAE@XZ      00405c80 f   MainFrm.obj
 0001:00004dd0       ?OnCreate@CMainFrame@@IAEHPAUtagCREATESTRUCTA@@@Z 00405dd0 f   MainFrm.obj
 0001:000050a0       ?PreCreateWindow@CMainFrame@@UAEHAAUtagCREATESTRUCTA@@@Z 004060a0 f   MainFrm.obj
 0001:00005290       ?OnSetFocus@CMainFrame@@IAEXPAVCWnd@@@Z 00406290 f   MainFrm.obj
 0001:000052a0       ?OnCmdMsg@CMainFrame@@UAEHIHPAXPAUAFX_CMDHANDLERINFO@@@Z 004062a0 f   MainFrm.obj
 0001:00005400       ?AddHead@?$CList@PAVCFrameWnd@@ABQAV1@@@QAEPAU__POSITION@@ABQAVCFrameWnd@@@Z 00406400 f i MainFrm.obj
 0001:00005430       ?_GetAfxData@CAfx@@SAABU_AUX_DATA@@XZ 00406430 f i MainFrm.obj
 0001:00005520       ??0CWMHnd@@QAE@PAUHWND__@@@Z 00406520 f i MainFrm.obj
 0001:00005540       ??0CWnd@@QAE@PAUHWND__@@@Z 00406540 f i MainFrm.obj
 0001:00005580       ??0CControlBar@@QAE@XZ     00406580 f i MainFrm.obj
 0001:00005630       ?OnBarStyleChange@CControlBar@@UAEXKK@Z 00406630 f i MainFrm.obj
 0001:00005640       ?WindowProc@CControlBar@@UAEJIIJ@Z 00406640 f i MainFrm.obj
 0001:000058d0       ?CalcDynamicLayout@CControlBar@@UAE?AVCSize@WTL@@HK@Z 004068d0 f i MainFrm.obj
 0001:00005900       ?CalcFixedLayout@CControlBar@@UAE?AVCSize@WTL@@HH@Z 00406900 f i MainFrm.obj
 0001:00005940       ?IsVisible@CControlBar@@UBEHXZ 00406940 f i MainFrm.obj
 0001:00005970       ?PostNcDestroy@CControlBar@@UAEXXZ 00406970 f i MainFrm.obj
 0001:00005990       ?PreCreateWindow@CControlBar@@UAEHAAUtagCREATESTRUCTA@@@Z 00406990 f i MainFrm.obj
 0001:00005cf0       ??_GCControlBar@@UAEPAXI@Z 00406cf0 f i MainFrm.obj
 0001:00005cf0       ??_ECControlBar@@UAEPAXI@Z 00406cf0 f i MainFrm.obj
 0001:00005d10       ??1CControlBar@@UAE@XZ     00406d10 f i MainFrm.obj
 0001:00005d80       ?_ProcessWindowMessage@CControlBar@@UAEHPAUHWND__@@IIJAAJ@Z 00406d80 f i MainFrm.obj
 0001:00006070       ?Find@?$CList@PAXPAX@@QBEPAU__POSITION@@PAXPAU2@@Z 00407070 f i MainFrm.obj
 0001:000060a0       ?RemoveAt@?$CList@PAXPAX@@QAEXPAU__POSITION@@@Z 004070a0 f i MainFrm.obj
 0001:00006100       ?NewNode@?$CList@PAVCFrameWnd@@ABQAV1@@@QAEPAUCNode@1@PAU21@0@Z 00407100 f i MainFrm.obj
 0001:00006100       ?NewNode@?$CList@PAXPAX@@QAEPAUCNode@1@PAU21@0@Z 00407100 f i MainFrm.obj
 0001:00006100       ?NewNode@?$CList@PAUHWND__@@PAU1@@@QAEPAUCNode@1@PAU21@0@Z 00407100 f i MainFrm.obj
 0001:00006140       ?OnInitialUpdate@CControlBar@@QAEXXZ 00407140 f i MainFrm.obj
 0001:00006270       ?OnSizeParent@CControlBar@@QAEJIJ@Z 00407270 f i MainFrm.obj
 0001:00006510       ?OnBarStyleChange@CStatusBar@@UAEXKK@Z 00407510 f i MainFrm.obj
 0001:00006540       ?OnUpdateCmdUI@CStatusBar@@UAEXPAVCFrameWnd@@H@Z 00407540 f i MainFrm.obj
 0001:00006630       ?UpdateDialogControls@CWnd@@QAEXPAVCCmdTarget@@H@Z 00407630 f i MainFrm.obj
 0001:00006810       ?OnIdle@CCmdUI@@QAEHPAVCCmdTarget@@H@Z 00407810 f i MainFrm.obj
 0001:00006880       ?Enable@CCmdUI@@UAEXH@Z    00407880 f i MainFrm.obj
 0001:00006920       ?SetCheck@CCmdUI@@UAEXH@Z  00407920 f i MainFrm.obj
 0001:00006990       ?SetRadio@CCmdUI@@UAEXH@Z  00407990 f i MainFrm.obj
 0001:000069e0       ?SetText@CCmdUI@@UAEXPBD@Z 004079e0 f i MainFrm.obj
 0001:00006ab0       ?CalcFixedLayout@CStatusBar@@UAE?AVCSize@WTL@@HH@Z 00407ab0 f i MainFrm.obj
 0001:00006c60       ??_GCClientDCMTL@@UAEPAXI@Z 00407c60 f i MainFrm.obj
 0001:00006c60       ??_ECClientDCMTL@@UAEPAXI@Z 00407c60 f i MainFrm.obj
 0001:00006c80       ??1CClientDCMTL@@UAE@XZ    00407c80 f i MainFrm.obj
 0001:00006ce0       ?CalcInsideRect@CControlBar@@QBEXAAVCRect@WTL@@H@Z 00407ce0 f i MainFrm.obj
 0001:00006dd0       ?Create@CStatusBar@@UAEHPAVCWnd@@KI@Z 00407dd0 f i MainFrm.obj
 0001:00006df0       ?CreateEx@CStatusBar@@UAEHPAVCWnd@@KKI@Z 00407df0 f i MainFrm.obj
 0001:00006eb0       ?PreCreateWindow@CStatusBar@@UAEHAAUtagCREATESTRUCTA@@@Z 00407eb0 f i MainFrm.obj
 0001:000071e0       ??_ECStatusBar@@UAEPAXI@Z  004081e0 f i MainFrm.obj
 0001:000071e0       ??_GCStatusBar@@UAEPAXI@Z  004081e0 f i MainFrm.obj
 0001:00007200       ??1CStatusBar@@UAE@XZ      00408200 f i MainFrm.obj
 0001:00007270       ?_ProcessWindowMessage@CStatusBar@@UAEHPAUHWND__@@IIJAAJ@Z 00408270 f i MainFrm.obj
 0001:00007570       ?EraseNonClient@CControlBar@@QAEXXZ 00408570 f i MainFrm.obj
 0001:000077d0       ?Draw3dRect@?$CDCT@$00@WTL@@QAEXHHHHKK@Z 004087d0 f i MainFrm.obj
 0001:00007930       ??0CDCMTL@@QAE@PAUHDC__@@@Z 00408930 f i MainFrm.obj
 0001:00007960       ??_GCWindowDCMTL@@UAEPAXI@Z 00408960 f i MainFrm.obj
 0001:00007960       ??_ECWindowDCMTL@@UAEPAXI@Z 00408960 f i MainFrm.obj
 0001:00007980       ??1CWindowDCMTL@@UAE@XZ    00408980 f i MainFrm.obj
 0001:000079e0       ?OnSetMinHeight@CStatusBar@@QAEJIJ@Z 004089e0 f i MainFrm.obj
 0001:00007a10       ?CommandToIndex@CStatusBar@@QBEHI@Z 00408a10 f i MainFrm.obj
 0001:00007a40       ?SetPaneText@CStatusBar@@QAEHHPBDH@Z 00408a40 f i MainFrm.obj
 0001:00007c10       ?Release@CString@WTL@@IAEXXZ 00408c10 f i MainFrm.obj
 0001:00007c50       ?UpdateAllPanes@CStatusBar@@QAEXHH@Z 00408c50 f i MainFrm.obj
 0001:00007f40       ?Empty@CString@WTL@@QAEXXZ 00408f40 f i MainFrm.obj
 0001:00008060       ?AssignCopy@CString@WTL@@IAEXHPBD@Z 00409060 f i MainFrm.obj
 0001:00008120       ?Enable@CStatusCmdUI@@UAEXH@Z 00409120 f i MainFrm.obj
 0001:000082e0       ?SetCheck@CStatusCmdUI@@UAEXH@Z 004092e0 f i MainFrm.obj
 0001:00008490       ?SetText@CStatusCmdUI@@UAEXPBD@Z 00409490 f i MainFrm.obj
 0001:00008620       ?AllocBeforeWrite@CString@WTL@@IAEHH@Z 00409620 f i MainFrm.obj
 0001:000086c0       ?AfxLoadSysColorBitmap@@YAPAUHBITMAP__@@PAUHINSTANCE__@@PAUHRSRC__@@H@Z 004096c0 f i MainFrm.obj
 0001:00008880       ?OnBarStyleChange@CToolBar@@UAEXKK@Z 00409880 f i MainFrm.obj
 0001:000088c0       ?OnToolHitTest@CToolBar@@UBEJVCPoint@WTL@@PAUtagTOOLINFOA@@@Z 004098c0 f i MainFrm.obj
 0001:00008ae0       ??0CRect@WTL@@QAE@XZ       00409ae0 f i MainFrm.obj
 0001:00008af0       ?OnUpdateCmdUI@CToolBar@@UAEXPAVCFrameWnd@@H@Z 00409af0 f i MainFrm.obj
 0001:00008c80       ?AddReplaceBitmap@CToolBar@@QAEHPAUHBITMAP__@@@Z 00409c80 f i MainFrm.obj
 0001:00008d30       ?CalcDynamicLayout@CToolBar@@UAE?AVCSize@WTL@@HK@Z 00409d30 f i MainFrm.obj
 0001:00008d80       ?CalcFixedLayout@CToolBar@@UAE?AVCSize@WTL@@HH@Z 00409d80 f i MainFrm.obj
 0001:00008db0       ?CalcLayout@CToolBar@@QAE?AVCSize@WTL@@KH@Z 00409db0 f i MainFrm.obj
 0001:00009480       ?CalcSize@CToolBar@@QAE?AVCSize@WTL@@PAU_TBBUTTON@@H@Z 0040a480 f i MainFrm.obj
 0001:00009690       ?Create@CToolBar@@UAEHPAVCWnd@@KI@Z 0040a690 f i MainFrm.obj
 0001:000096e0       ?CreateEx@CToolBar@@UAEHPAVCWnd@@KKVCRect@WTL@@I@Z 0040a6e0 f i MainFrm.obj
 0001:00009900       ?Layout@CToolBar@@QAEXXZ   0040a900 f i MainFrm.obj
 0001:00009970       ?_SetButton@CToolBar@@QAEXHPAU_TBBUTTON@@@Z 0040a970 f i MainFrm.obj
 0001:00009b20       ?SetButtons@CToolBar@@QAEHPBIH@Z 0040ab20 f i MainFrm.obj
 0001:00009c60       ?SizeToolBar@CToolBar@@QAEXPAU_TBBUTTON@@HHH@Z 0040ac60 f i MainFrm.obj
 0001:00009fb0       ?WrapToolBar@CToolBar@@QAEHPAU_TBBUTTON@@HH@Z 0040afb0 f i MainFrm.obj
 0001:0000a0a0       ??_GCToolBar@@UAEPAXI@Z    0040b0a0 f i MainFrm.obj
 0001:0000a0a0       ??_ECToolBar@@UAEPAXI@Z    0040b0a0 f i MainFrm.obj
 0001:0000a0c0       ??1CToolBar@@UAE@XZ        0040b0c0 f i MainFrm.obj
 0001:0000a130       ?_ProcessWindowMessage@CToolBar@@UAEHPAUHWND__@@IIJAAJ@Z 0040b130 f i MainFrm.obj
 0001:0000a650       ?AddTail@?$CList@PAXPAX@@QAEPAU__POSITION@@PAX@Z 0040b650 f i MainFrm.obj
 0001:0000a680       ?OnLButtonDown@CControlBar@@QAEXIVCPoint@WTL@@@Z 0040b680 f i MainFrm.obj
 0001:0000a6f0       ?OnLButtonDblClk@CControlBar@@QAEXIVCPoint@WTL@@@Z 0040b6f0 f i MainFrm.obj
 0001:0000a8c0       ?GetNext@?$CList@PAXPAX@@QBEABQAXAAPAU__POSITION@@@Z 0040b8c0 f i MainFrm.obj
 0001:0000a8e0       ?OnPreserveSizingPolicyHelper@CToolBar@@QAEJIJ@Z 0040b8e0 f i MainFrm.obj
 0001:0000abf0       ?_AfxModifyStyle@CWMHnd@@SAHPAUHWND__@@HKKI@Z 0040bbf0 f i MainFrm.obj
 0001:0000ac50       ?ModifyStyle@CWMHnd@@QAEHKKI@Z 0040bc50 f i MainFrm.obj
 0001:0000acb0       ?OnPreserveZeroBorderHelper@CToolBar@@QAEJIJ@Z 0040bcb0 f i MainFrm.obj
 0001:0000ad70       ?OnSetButtonSize@CToolBar@@QAEJIJ@Z 0040bd70 f i MainFrm.obj
 0001:0000ae40       ?OnSetBitmapSize@CToolBar@@QAEJIJ@Z 0040be40 f i MainFrm.obj
 0001:0000af10       ?DrawBorders@CControlBar@@QAEXPAVCDCMTL@@AAVCRect@WTL@@@Z 0040bf10 f i MainFrm.obj
 0001:0000b350       ?FillSolidRect@?$CDCT@$00@WTL@@QAEXPBUtagRECT@@K@Z 0040c350 f i MainFrm.obj
 0001:0000b3a0       ?IsDerivedFrom@CRuntimeClass@@QBEHPBU1@@Z 0040c3a0 f i MainFrm.obj
 0001:0000b3c0       ?Enable@CToolCmdUI@@UAEXH@Z 0040c3c0 f i MainFrm.obj
 0001:0000b5f0       ?SetCheck@CToolCmdUI@@UAEXH@Z 0040c5f0 f i MainFrm.obj
 0001:0000b820       ?SetText@CTestCmdUI@@UAEXPBD@Z 0040c820 f i MainFrm.obj
 0001:0000b820       ?Serialize@CObject@@UAEXAAVCArchive@@@Z 0040c820 f i MainFrm.obj
 0001:0000b820       ?SetText@CToolCmdUI@@UAEXPBD@Z 0040c820 f i MainFrm.obj
 0001:0000b820       ?DoDataExchange@CWMHnd@@UAEXPAVCDataExchange@@@Z 0040c820 f i MainFrm.obj
 0001:0000b820       ?SetCheck@CTestCmdUI@@UAEXH@Z 0040c820 f i MainFrm.obj
 0001:0000b820       ?SetRadio@CTestCmdUI@@UAEXH@Z 0040c820 f i MainFrm.obj
 0001:0000b830       ?CFrameWndDestruct@CFrameWnd@@QAEXXZ 0040c830 f i MainFrm.obj
 0001:0000b8b0       ??1CFrameWnd@@UAE@XZ       0040c8b0 f i MainFrm.obj
 0001:0000b970       ?OnCreateClient@CFrameWnd@@UAEHPAUtagCREATESTRUCTA@@PAUCCreateContext@@@Z 0040c970 f i MainFrm.obj
 0001:0000ba30       ?ActivateFrame@CFrameWnd@@UAEXH@Z 0040ca30 f i MainFrm.obj
 0001:0000bad0       ?Create@CFrameWnd@@UAEHPBD0KABUtagRECT@@PAVCWnd@@0KPAUCCreateContext@@@Z 0040cad0 f i MainFrm.obj
 0001:0000bc20       ?GetActiveFrame@CFrameWnd@@UAEPAV1@XZ 0040cc20 f i MainFrm.obj
 0001:0000bc30       ?LoadFrame@CFrameWnd@@UAEHIKPAVCWnd@@PAUCCreateContext@@@Z 0040cc30 f i MainFrm.obj
 0001:0000bfa0       ??4CString@WTL@@QAEAAV01@PBD@Z 0040cfa0 f i MainFrm.obj
 0001:0000c070       ?GetBuffer@CString@WTL@@QAEPADH@Z 0040d070 f i MainFrm.obj
 0001:0000c120       ?ReleaseBuffer@CString@WTL@@QAEXH@Z 0040d120 f i MainFrm.obj
 0001:0000c1e0       ?_LoadString@CString@WTL@@KGHIPADI@Z 0040d1e0 f i MainFrm.obj
 0001:0000c210       ?AfxExtractSubString@CAfx@@SAHAAVCString@WTL@@PBDHD@Z 0040d210 f i MainFrm.obj
 0001:0000c430       ?AfxRegisterWndClass@CAfx@@SAPBDIPAUHICON__@@PAUHBRUSH__@@0@Z 0040d430 f i MainFrm.obj
 0001:0000c6a0       ?PostNcDestroy@CFrameWnd@@UAEXXZ 0040d6a0 f i MainFrm.obj
 0001:0000c6b0       ?PreCreateWindow@CFrameWnd@@UAEHAAUtagCREATESTRUCTA@@@Z 0040d6b0 f i MainFrm.obj
 0001:0000ca00       ?PreTranslateMessage@CFrameWnd@@UAEHPAUtagMSG@@@Z 0040da00 f i MainFrm.obj
 0001:0000ca60       ?RecalcLayout@CFrameWnd@@UAEXH@Z 0040da60 f i MainFrm.obj
 0001:0000cbf0       ?RepositionBars@CWnd@@QAEXIIIIPAUtagRECT@@PBU2@H@Z 0040dbf0 f i MainFrm.obj
 0001:0000ce60       ?ReDockControlBar@CFrameWnd@@QAEXPAVCControlBar@@PAVCDockBar@@PBUtagRECT@@@Z 0040de60 f i MainFrm.obj
 0001:0000cf70       ??_GCFrameWnd@@UAEPAXI@Z   0040df70 f i MainFrm.obj
 0001:0000cf70       ??_ECFrameWnd@@UAEPAXI@Z   0040df70 f i MainFrm.obj
 0001:0000cf90       ?_ProcessWindowMessage@CFrameWnd@@UAEHPAUHWND__@@IIJAAJ@Z 0040df90 f i MainFrm.obj
 0001:0000da00       ??0?$CHandleWrapper@VCDCMTL@@PAUHDC__@@V?$CDCT@$00@WTL@@@@QAE@PAUHDC__@@@Z 0040ea00 f i MainFrm.obj
 0001:0000da00       ??0?$CHandleWrapper@VCMenuMTL@@PAUHMENU__@@V?$CMenuT@$00@WTL@@@@QAE@PAUHMENU__@@@Z 0040ea00 f i MainFrm.obj
 0001:0000da20       ?PostMessageA@CWindow@ATL@@QAEHIIJ@Z 0040ea20 f i MainFrm.obj
 0001:0000da40       ?DestroyMenu@?$CMenuT@$00@WTL@@QAEHXZ 0040ea40 f i MainFrm.obj
 0001:0000da60       ?GetSubMenu@CMenuMTL@@QAEPAV1@H@Z 0040ea60 f i MainFrm.obj
 0001:0000da90       ?GetTopLevelParent@CWnd@@QAEPAV1@XZ 0040ea90 f i MainFrm.obj
 0001:0000db40       ?GetDescendantWindow@CWnd@@QAEPAV1@HH@Z 0040eb40 f i MainFrm.obj
 0001:0000dbf0       ?GetDescendantWindow@CWnd@@QAEPAV1@PAUHWND__@@HH@Z 0040ebf0 f i MainFrm.obj
 0001:0000dca0       ?OnBarCheck@CFrameWnd@@QAEHI@Z 0040eca0 f i MainFrm.obj
 0001:0000de50       ?GetParentFrame@CWnd@@QAEPAVCFrameWnd@@XZ 0040ee50 f i MainFrm.obj
 0001:0000dec0       ?OnUpdateControlBarMenu@CFrameWnd@@QAEXPAVCCmdUI@@@Z 0040eec0 f i MainFrm.obj
 0001:0000df30       ?OnIdleUpdateCmdUI@CFrameWnd@@QAEXXZ 0040ef30 f i MainFrm.obj
 0001:0000dfc0       ?OnPopMessageString@CFrameWnd@@QAEJIJ@Z 0040efc0 f i MainFrm.obj
 0001:0000dff0       ?OnSetMessageString@CFrameWnd@@QAEJIJ@Z 0040eff0 f i MainFrm.obj
 0001:0000e1a0       ?CopyBeforeWrite@CString@WTL@@IAEXXZ 0040f1a0 f i MainFrm.obj
 0001:0000e240       ?AfxLoadString@CAfx@@SAHIPADI@Z 0040f240 f i MainFrm.obj
 0001:0000e300       ?OnToolTipText@CFrameWnd@@QAEHIPAUtagNMHDR@@PAJ@Z 0040f300 f i MainFrm.obj
 0001:0000e530       ?GetBufferSetLength@CString@WTL@@QAEPADH@Z 0040f530 f i MainFrm.obj
 0001:0000e600       ?AtlGetStringResourceImage@CAfx@@SAPBUATLSTRINGRESOURCEIMAGE@@PAUHINSTANCE__@@I@Z 0040f600 f i MainFrm.obj
 0001:0000e690       ?DestroyDockBars@CFrameWnd@@QAEXXZ 0040f690 f i MainFrm.obj
 0001:0000e860       ??1?$CList@PAUHWND__@@PAU1@@@QAE@XZ 0040f860 f i MainFrm.obj
 0001:0000e860       ??1?$CList@PAVCFrameWnd@@ABQAV1@@@QAE@XZ 0040f860 f i MainFrm.obj
 0001:0000e860       ??1?$CList@PAXPAX@@QAE@XZ  0040f860 f i MainFrm.obj
 0001:0000e860       ??1?$CList@PAUCRuntimeClass@@ABQAU1@@@QAE@XZ 0040f860 f i MainFrm.obj
 0001:0000e8a0       ?IsKindOf@CObject@@QBEHPBUCRuntimeClass@@@Z 0040f8a0 f i MainFrm.obj
 0001:0000e8d0       ?SetMenuBarState@CFrameWnd@@QAEHK@Z 0040f8d0 f i MainFrm.obj
 0001:0000e940       ?FloatControlBar@CFrameWnd@@QAEXPAVCControlBar@@VCPoint@WTL@@K@Z 0040f940 f i MainFrm.obj
 0001:0000eae0       ?Create@CMiniDockFrameWnd@@QAEHPAVCWnd@@K@Z 0040fae0 f i MainFrm.obj
 0001:0000ee30       ?GetTopLevelFrame@CWnd@@QAEPAVCFrameWnd@@XZ 0040fe30 f i MainFrm.obj
 0001:0000ef30       ?ToggleDocking@CDockContext@@QAEXXZ 0040ff30 f i MainFrm.obj
 0001:0000f140       ?GetControlBar@CFrameWnd@@QAEPAVCControlBar@@I@Z 00410140 f i MainFrm.obj
 0001:0000f190       ?OnIdleUpdateCmdUI@CControlBar@@QAEJIJ@Z 00410190 f i MainFrm.obj
 0001:0000f2d0       ?DestroyWindow@CControlBar@@UAEHXZ 004102d0 f i MainFrm.obj
 0001:0000f390       ?DockControlBar@CDockBar@@QAEXPAVCControlBar@@PBUtagRECT@@@Z 00410390 f i MainFrm.obj
 0001:0000f8d0       ?InsertAt@?$CArray@PAXABQAX@@QAEXJABQAXJ@Z 004108d0 f i MainFrm.obj
 0001:0000fb60       ?RemoveAt@?$CArray@PAXABQAX@@QAEXJJ@Z 00410b60 f i MainFrm.obj
 0001:0000fba0       ??1?$CArray@HABH@@QAE@XZ   00410ba0 f i MainFrm.obj
 0001:0000fba0       ?RemoveAll@?$CArray@HABH@@QAEXXZ 00410ba0 f i MainFrm.obj
 0001:0000fba0       ?RemoveAll@?$CArray@PAXABQAX@@QAEXXZ 00410ba0 f i MainFrm.obj
 0001:0000fbc0       ?SetAtGrow@?$CArray@PAXABQAX@@QAEXJABQAX@Z 00410bc0 f i MainFrm.obj
 0001:0000fd00       ?Size@CRect@WTL@@QBE?AVCSize@2@XZ 00410d00 f i MainFrm.obj
 0001:0000fd20       ?ConstructElements@@YAXPAPAXJ@Z 00410d20 f i MainFrm.obj
 0001:0000fd20       ?ConstructElements@@YAXPAHJ@Z 00410d20 f i MainFrm.obj
 0001:0000fd30       ?AfxSetWindowText@CAfx@@SAXPAUHWND__@@PBD@Z 00410d30 f i MainFrm.obj
 0001:0000fdb0       ?ScreenToClient@CWMHnd@@QBEXPAUtagRECT@@@Z 00410db0 f i MainFrm.obj
 0001:0000fde0       ?GetDockingFrame@CControlBar@@QAEPAVCFrameWnd@@XZ 00410de0 f i MainFrm.obj
 0001:0000fe60       ?FindBar@CDockBar@@QAEHPAVCControlBar@@H@Z 00410e60 f i MainFrm.obj
 0001:0000fe90       ?GetDockedCount@CDockBar@@QBEHXZ 00410e90 f i MainFrm.obj
 0001:0000fec0       ?GetDockedControlBar@CDockBar@@QBEPAVCControlBar@@H@Z 00410ec0 f i MainFrm.obj
 0001:0000fee0       ?RemovePlaceHolder@CDockBar@@QAEXPAVCControlBar@@@Z 00410ee0 f i MainFrm.obj
 0001:0000ff80       ?ReDockControlBar@CDockBar@@QAEXPAVCControlBar@@PBUtagRECT@@@Z 00410f80 f i MainFrm.obj
 0001:00010400       ?RemoveControlBar@CDockBar@@QAEHPAVCControlBar@@HH@Z 00411400 f i MainFrm.obj
 0001:00010630       ?OnSetPreviewMode@CFrameWnd@@UAEXHPAUCPrintPreviewState@@@Z 00411630 f i MainFrm.obj
 0001:00010aa0       ?AfxGetParentOwner@CWnd@@SAPAUHWND__@@PAU2@@Z 00411aa0 f i MainFrm.obj
 0001:00010b20       ?IsFloating@CControlBar@@QBEHXZ 00411b20 f i MainFrm.obj
 0001:00010b50       ?GetDefaultAccelerator@CFrameWnd@@UAEPAUHACCEL__@@XZ 00411b50 f i MainFrm.obj
 0001:00010b60       ?OnUpdateFrameMenu@CFrameWnd@@UAEXPAUHMENU__@@@Z 00411b60 f i MainFrm.obj
 0001:00010ba0       ?OnUpdateFrameTitle@CFrameWnd@@UAEXH@Z 00411ba0 f i MainFrm.obj
 0001:00010bd0       ?UpdateFrameTitleForDocument@CFrameWnd@@QAEXPBD@Z 00411bd0 f i MainFrm.obj
 0001:00010dd0       ?HideApplication@CWinApp@@QAEXXZ 00411dd0 f i MainFrm.obj
 0001:00010e20       ?FromHandle@CMenuMTL@@SAPAV1@PAUHMENU__@@PAV1@PAUHWND__@@P6APAXPAX3@Z@Z 00411e20 f i MainFrm.obj
 0001:00010e40       ?RemoveHandle@CMenuMTL@@SAPAUHMENU__@@PAU2@@Z 00411e40 f i MainFrm.obj
 0001:00010e60       ?CControlBarDestruct@CControlBar@@QAEXXZ 00411e60 f i MainFrm.obj
 0001:00010f20       ?OnDestroy@CControlBar@@QAEXXZ 00411f20 f i MainFrm.obj
 0001:00010fd0       ?OnTimer@CControlBar@@QAEXK@Z 00411fd0 f i MainFrm.obj
 0001:000112b0       ?GetOwner@CWnd@@QAEPAV1@XZ 004122b0 f i MainFrm.obj
 0001:000112e0       ?PreTranslateMessage@CControlBar@@UAEHPAUtagMSG@@@Z 004122e0 f i MainFrm.obj
 0001:00011630       ?SetStatusText@CControlBar@@UAEHJ@Z 00412630 f i MainFrm.obj
 0001:00011740       ?OnCmdMsg@CFrameWnd@@UAEHIHPAXPAUAFX_CMDHANDLERINFO@@@Z 00412740 f i MainFrm.obj
 0001:00011870       ?_EnableToolTips@CWnd@@QAEHHI@Z 00412870 f i MainFrm.obj
 0001:00011980       ?_FilterToolTipMessage@CWnd@@SAXPAUtagMSG@@PAV1@@Z 00412980 f i MainFrm.obj
 0001:00011990       ?FilterToolTipMessage@CWnd@@QAEXPAUtagMSG@@@Z 00412990 f i MainFrm.obj
 0001:00012100       ??_GCToolTipCtrlMTL@@UAEPAXI@Z 00413100 f i MainFrm.obj
 0001:00012100       ??_ECToolTipCtrlMTL@@UAEPAXI@Z 00413100 f i MainFrm.obj
 0001:00012120       ??1CToolTipCtrlMTL@@UAE@XZ 00413120 f i MainFrm.obj
 0001:00012380       ?GetRuntimeClass@CCmdTarget@@UBEPAUCRuntimeClass@@XZ 00413380 f   StdAfx.obj
 0001:00012390       ?CreateObject@CWnd@@SAPAVCObject@@XZ 00413390 f   StdAfx.obj
 0001:000123d0       ?GetRuntimeClass@CWnd@@UBEPAUCRuntimeClass@@XZ 004133d0 f   StdAfx.obj
 0001:000123e0       ?GetRuntimeClass@CDialog@@UBEPAUCRuntimeClass@@XZ 004133e0 f   StdAfx.obj
 0001:000123f0       ?CreateObject@CFrameWnd@@SAPAVCObject@@XZ 004133f0 f   StdAfx.obj
 0001:00012540       ?GetRuntimeClass@CFrameWnd@@UBEPAUCRuntimeClass@@XZ 00413540 f   StdAfx.obj
 0001:00012550       ?GetRuntimeClass@CControlBar@@UBEPAUCRuntimeClass@@XZ 00413550 f   StdAfx.obj
 0001:00012560       ?GetRuntimeClass@CToolBar@@UBEPAUCRuntimeClass@@XZ 00413560 f   StdAfx.obj
 0001:00012570       ?GetRuntimeClass@CToolTipCtrlMTL@@UBEPAUCRuntimeClass@@XZ 00413570 f   StdAfx.obj
 0001:00012580       _WinMain@16                00413580 f   StdAfx.obj
 0001:00012880       ?AtlModuleInit@ATL@@YGJPAU_ATL_MODULE@1@PAU_ATL_OBJMAP_ENTRY@1@PAUHINSTANCE__@@@Z 00413880 f i StdAfx.obj
 0001:00012910       ?AfxGetFileName@CAfx@@SAIPBDPADI@Z 00413910 f i StdAfx.obj
 0001:00012940       ?_AtlGetStringResourceImage@CAfx@@SAPBUATLSTRINGRESOURCEIMAGE@@PAUHINSTANCE__@@PAUHRSRC__@@I@Z 00413940 f i StdAfx.obj
 0001:000129b0       ??3@YAXPAX@Z               004139b0 f   LIBCMT:delete.obj
 0001:000129bb       ?_JumpToContinuation@@YGXPAXPAUEHRegistrationNode@@@Z 004139bb f   LIBCMT:trnsctrl.obj
 0001:000129ef       ?_CallMemberFunction1@@YGXPAX00@Z 004139ef f   LIBCMT:trnsctrl.obj
 0001:000129ef       ?_CallMemberFunction0@@YGXPAX0@Z 004139ef f   LIBCMT:trnsctrl.obj
 0001:000129f6       ?_CallMemberFunction2@@YGXPAX00H@Z 004139f6 f   LIBCMT:trnsctrl.obj
 0001:000129fd       ?_UnwindNestedFrames@@YGXPAUEHRegistrationNode@@PAUEHExceptionRecord@@@Z 004139fd f   LIBCMT:trnsctrl.obj
 0001:00012a4c       ___CxxFrameHandler         00413a4c f   LIBCMT:trnsctrl.obj
 0001:00012a82       ?_CallCatchBlock2@@YAPAXPAUEHRegistrationNode@@PBU_s_FuncInfo@@PAXHK@Z 00413a82 f   LIBCMT:trnsctrl.obj
 0001:00012afb       ?_CallSETranslator@@YAHPAUEHExceptionRecord@@PAUEHRegistrationNode@@PAX2PBU_s_FuncInfo@@H1@Z 00413afb f   LIBCMT:trnsctrl.obj
 0001:00012c26       ?_GetRangeOfTrysToCheck@@YAPBU_s_TryBlockMapEntry@@PBU_s_FuncInfo@@HHPAI1@Z 00413c26 f   LIBCMT:trnsctrl.obj
 0001:00012ca4       __global_unwind2           00413ca4 f   LIBCMT:exsup.obj
 0001:00012ce6       __local_unwind2            00413ce6 f   LIBCMT:exsup.obj
 0001:00012d3e       __NLG_Return2              00413d3e f   LIBCMT:exsup.obj
 0001:00012d4e       __abnormal_termination     00413d4e f   LIBCMT:exsup.obj
 0001:00012d71       __NLG_Notify1              00413d71 f   LIBCMT:exsup.obj
 0001:00012d7a       __NLG_Notify               00413d7a f   LIBCMT:exsup.obj
 0001:00012d8d       __NLG_Dispatch             00413d8d f   LIBCMT:exsup.obj
 0001:00012d92       ??2@YAPAXI@Z               00413d92 f   LIBCMT:new.obj
 0001:00012da0       __onexit                   00413da0 f   LIBCMT:onexit.obj
 0001:00012e1e       _atexit                    00413e1e f   LIBCMT:onexit.obj
 0001:00012e30       ___onexitinit              00413e30 f   LIBCMT:onexit.obj
 0001:00012e5f       _free                      00413e5f f   LIBCMT:free.obj
 0001:00012f48       __strdup                   00413f48 f   LIBCMT:strdup.obj
 0001:00012f73       __purecall                 00413f73 f   LIBCMT:purevirt.obj
 0001:00012f7c       __mbscmp                   00413f7c f   LIBCMT:mbscmp.obj
 0001:0001302b       _malloc                    0041402b f   LIBCMT:malloc.obj
 0001:0001303d       __nh_malloc                0041403d f   LIBCMT:malloc.obj
 0001:00013069       __heap_alloc               00414069 f   LIBCMT:malloc.obj
 0001:00013165       __mbschr                   00414165 f   LIBCMT:mbschr.obj
 0001:00013200       _memmove                   00414200 f   LIBCMT:memmove.obj
 0001:00013535       _WinMainCRTStartup         00414535 f   LIBCMT:wincrt0.obj
 0001:0001363d       __amsg_exit                0041463d f   LIBCMT:wincrt0.obj
 0001:00013686       ___InternalCxxFrameHandler 00414686 f   LIBCMT:frame.obj
 0001:000139db       ___FrameUnwindToState      004149db f   LIBCMT:frame.obj
 0001:00013e13       ?_DestructExceptionObject@@YAXPAUEHExceptionRecord@@E@Z 00414e13 f   LIBCMT:frame.obj
 0001:00013ea0       __CallSettingFrame@12      00414ea0 f   LIBCMT:lowhelpr.obj
 0001:00013ec7       __NLG_Return               00414ec7 f   LIBCMT:lowhelpr.obj
 0001:00013eec       __mtinit                   00414eec f   LIBCMT:tidtable.obj
 0001:00013f40       __initptd                  00414f40 f   LIBCMT:tidtable.obj
 0001:00013f53       __getptd                   00414f53 f   LIBCMT:tidtable.obj
 0001:00013fba       ?terminate@@YAXXZ          00414fba f   LIBCMT:hooks.obj
 0001:0001401b       ?_inconsistency@@YAXXZ     0041501b f   LIBCMT:hooks.obj
 0001:0001407c       __except_handler3          0041507c f   LIBCMT:exsup3.obj
 0001:00014139       __seh_longjmp_unwind@4     00415139 f   LIBCMT:exsup3.obj
 0001:00014154       __cinit                    00415154 f   LIBCMT:crt0dat.obj
 0001:00014181       _exit                      00415181 f   LIBCMT:crt0dat.obj
 0001:00014192       __exit                     00415192 f   LIBCMT:crt0dat.obj
 0001:00014248       __lockexit                 00415248 f   LIBCMT:crt0dat.obj
 0001:00014251       __unlockexit               00415251 f   LIBCMT:crt0dat.obj
 0001:00014274       _realloc                   00415274 f   LIBCMT:realloc.obj
 0001:000145a3       __msize                    004155a3 f   LIBCMT:msize.obj
 0001:00014691       __GetLinkerVersion         00415691 f   LIBCMT:heapinit.obj
 0001:000146be       ___heap_select             004156be f   LIBCMT:heapinit.obj
 0001:00014806       __heap_init                00415806 f   LIBCMT:heapinit.obj
 0001:00014863       ___sbh_heap_init           00415863 f   LIBCMT:sbheap.obj
 0001:000148ab       ___sbh_find_block          004158ab f   LIBCMT:sbheap.obj
 0001:000148d6       ___sbh_free_block          004158d6 f   LIBCMT:sbheap.obj
 0001:00014bff       ___sbh_alloc_block         00415bff f   LIBCMT:sbheap.obj
 0001:00014f08       ___sbh_alloc_new_region    00415f08 f   LIBCMT:sbheap.obj
 0001:00014fb9       ___sbh_alloc_new_group     00415fb9 f   LIBCMT:sbheap.obj
 0001:000150b4       ___sbh_resize_block        004160b4 f   LIBCMT:sbheap.obj
 0001:000153aa       ___old_sbh_new_region      004163aa f   LIBCMT:sbheap.obj
 0001:000154ee       ___old_sbh_release_region  004164ee f   LIBCMT:sbheap.obj
 0001:00015544       ___old_sbh_decommit_pages  00416544 f   LIBCMT:sbheap.obj
 0001:00015606       ___old_sbh_find_block      00416606 f   LIBCMT:sbheap.obj
 0001:0001565d       ___old_sbh_free_block      0041665d f   LIBCMT:sbheap.obj
 0001:000156a2       ___old_sbh_alloc_block     004166a2 f   LIBCMT:sbheap.obj
 0001:000158aa       ___old_sbh_alloc_block_from_page 004168aa f   LIBCMT:sbheap.obj
 0001:000159ce       ___old_sbh_resize_block    004169ce f   LIBCMT:sbheap.obj
 0001:00015a77       __mtinitlocks              00416a77 f   LIBCMT:mlock.obj
 0001:00015aa0       __lock                     00416aa0 f   LIBCMT:mlock.obj
 0001:00015b01       __unlock                   00416b01 f   LIBCMT:mlock.obj
 0001:00015b20       _strcpy                    00416b20 f   LIBCMT:strcat.obj
 0001:00015b30       _strcat                    00416b30 f   LIBCMT:strcat.obj
 0001:00015c10       _strlen                    00416c10 f   LIBCMT:strlen.obj
 0001:00015c8b       __setmbcp                  00416c8b f   LIBCMT:mbctype.obj
 0001:00016063       ___initmbctable            00417063 f   LIBCMT:mbctype.obj
 0001:00016080       _strcmp                    00417080 f   LIBCMT:strcmp.obj
 0001:00016104       __callnewh                 00417104 f   LIBCMT:handler.obj
 0001:00016130       _strchr                    00417130 f   LIBCMT:strchr.obj
 0001:00016136       ___from_strstr_to_strchr   00417136 f   LIBCMT:strchr.obj
 0001:000161ec       __XcptFilter               004171ec f   LIBCMT:winxfltr.obj
 0001:00016364       __wincmdln                 00417364 f   LIBCMT:wincmdln.obj
 0001:000163bc       __setenvp                  004173bc f   LIBCMT:stdenvp.obj
 0001:00016475       __setargv                  00417475 f   LIBCMT:stdargv.obj
 0001:000166c2       ___crtGetEnvironmentStringsA 004176c2 f   LIBCMT:a_env.obj
 0001:000167f4       __ioinit                   004177f4 f   LIBCMT:ioinit.obj
 0001:000169b0       __FF_MSGBANNER             004179b0 f   LIBCMT:crt0msg.obj
 0001:000169e9       __NMSG_WRITE               004179e9 f   LIBCMT:crt0msg.obj
 0001:00016b3c       ?__CxxUnhandledExceptionFilter@@YGJPAU_EXCEPTION_POINTERS@@@Z 00417b3c f   LIBCMT:unhandld.obj
 0001:00016b82       ?__CxxSetUnhandledExceptionFilter@@YAXXZ 00417b82 f   LIBCMT:unhandld.obj
 0001:00016b93       ?__CxxRestoreUnhandledExceptionFilter@@YAXXZ 00417b93 f   LIBCMT:unhandld.obj
 0001:00016ba0       ?_ValidateRead@@YAHPBXI@Z  00417ba0 f   LIBCMT:validate.obj
 0001:00016bbc       ?_ValidateWrite@@YAHPAXI@Z 00417bbc f   LIBCMT:validate.obj
 0001:00016bd8       ?_ValidateExecute@@YAHP6GHXZ@Z 00417bd8 f   LIBCMT:validate.obj
 0001:00016bf0       _calloc                    00417bf0 f   LIBCMT:calloc.obj
 0001:00016d2d       _abort                     00417d2d f   LIBCMT:abort.obj
 0001:00016d50       _memcpy                    00417d50 f   LIBCMT:memcpy.obj
 0001:00017085       _strtol                    00418085 f   LIBCMT:strtol.obj
 0001:000172b0       _strstr                    004182b0 f   LIBCMT:strstr.obj
 0001:00017330       _strncmp                   00418330 f   LIBCMT:strncmp.obj
 0001:00017370       __chkstk                   00418370 f   LIBCMT:chkstk.obj
 0001:00017370       __alloca_probe             00418370 f   LIBCMT:chkstk.obj
 0001:000173a0       _memset                    004183a0 f   LIBCMT:memset.obj
 0001:000173f8       ___crtLCMapStringA         004183f8 f   LIBCMT:a_map.obj
 0001:00017647       ___crtGetStringTypeA       00418647 f   LIBCMT:a_str.obj
 0001:00017790       __ismbblead                00418790 f   LIBCMT:ismbbyte.obj
 0001:000177d2       ___crtMessageBoxA          004187d2 f   LIBCMT:crtmbox.obj
 0001:00017860       _strncpy                   00418860 f   LIBCMT:strncpy.obj
 0001:0001795e       _raise                     0041895e f   LIBCMT:winsig.obj
 0001:00017b1d       __errno                    00418b1d f   LIBCMT:dosmap.obj
 0001:00017b26       _toupper                   00418b26 f   LIBCMT:toupper.obj
 0001:00017b95       __toupper_lk               00418b95 f   LIBCMT:toupper.obj
 0001:00017c61       __isctype                  00418c61 f   LIBCMT:isctype.obj
 0001:00017ce0       _strcspn                   00418ce0 f   LIBCMT:strcspn.obj
 0001:00017d20       _strpbrk                   00418d20 f   LIBCMT:strpbrk.obj
 0001:00017d60       __strcmpi                  00418d60 f   LIBCMT:stricmp.obj
 0001:00017d60       __stricmp                  00418d60 f   LIBCMT:stricmp.obj
 0001:00017e30       __strnicmp                 00418e30 f   LIBCMT:strnicmp.obj
 0001:00017f40       __aulldiv                  00418f40 f   LIBCMT:ulldiv.obj
 0001:00017fb0       __aullrem                  00418fb0 f   LIBCMT:ullrem.obj
 0001:00018025       __tolower_lk               00419025 f   LIBCMT:tolower.obj
 0001:000180f0       __allmul                   004190f0 f   LIBCMT:llmul.obj
 0001:00018124       _RtlUnwind@16              00419124 f   kernel32:KERNEL32.dll
 0002:00000000       __imp__InitCommonControlsEx@4 0041a000     comctl32:COMCTL32.dll
 0002:00000004       \177COMCTL32_NULL_THUNK_DATA 0041a004     comctl32:COMCTL32.dll
 0002:00000008       __imp__DeleteDC@4          0041a008     gdi32:GDI32.dll
 0002:0000000c       __imp__RestoreDC@8         0041a00c     gdi32:GDI32.dll
 0002:00000010       __imp__TextOutA@20         0041a010     gdi32:GDI32.dll
 0002:00000014       __imp__DeleteObject@4      0041a014     gdi32:GDI32.dll
 0002:00000018       __imp__GetDeviceCaps@8     0041a018     gdi32:GDI32.dll
 0002:0000001c       __imp__GetTextMetricsA@8   0041a01c     gdi32:GDI32.dll
 0002:00000020       __imp__SelectObject@8      0041a020     gdi32:GDI32.dll
 0002:00000024       __imp__IntersectClipRect@20 0041a024     gdi32:GDI32.dll
 0002:00000028       __imp__ExcludeClipRect@20  0041a028     gdi32:GDI32.dll
 0002:0000002c       __imp__ExtTextOutA@32      0041a02c     gdi32:GDI32.dll
 0002:00000030       __imp__SetBkColor@8        0041a030     gdi32:GDI32.dll
 0002:00000034       __imp__StretchDIBits@52    0041a034     gdi32:GDI32.dll
 0002:00000038       __imp__CreateCompatibleDC@4 0041a038     gdi32:GDI32.dll
 0002:0000003c       __imp__CreateCompatibleBitmap@12 0041a03c     gdi32:GDI32.dll
 0002:00000040       __imp__GetObjectA@12       0041a040     gdi32:GDI32.dll
 0002:00000044       __imp__GetCharWidthA@16    0041a044     gdi32:GDI32.dll
 0002:00000048       __imp__CreateFontA@56      0041a048     gdi32:GDI32.dll
 0002:0000004c       __imp__GetBkColor@4        0041a04c     gdi32:GDI32.dll
 0002:00000050       __imp__SaveDC@4            0041a050     gdi32:GDI32.dll
 0002:00000054       \177GDI32_NULL_THUNK_DATA  0041a054     gdi32:GDI32.dll
 0002:00000058       __imp__DeleteCriticalSection@4 0041a058     kernel32:KERNEL32.dll
 0002:0000005c       __imp__lstrcpyA@8          0041a05c     kernel32:KERNEL32.dll
 0002:00000060       __imp__GetModuleFileNameA@12 0041a060     kernel32:KERNEL32.dll
 0002:00000064       __imp__InitializeCriticalSection@4 0041a064     kernel32:KERNEL32.dll
 0002:00000068       __imp__LoadLibraryA@4      0041a068     kernel32:KERNEL32.dll
 0002:0000006c       __imp__GetProcAddress@8    0041a06c     kernel32:KERNEL32.dll
 0002:00000070       __imp__GetStringTypeW@16   0041a070     kernel32:KERNEL32.dll
 0002:00000074       __imp__GetStringTypeA@20   0041a074     kernel32:KERNEL32.dll
 0002:00000078       __imp__LCMapStringW@24     0041a078     kernel32:KERNEL32.dll
 0002:0000007c       __imp__LCMapStringA@24     0041a07c     kernel32:KERNEL32.dll
 0002:00000080       __imp__IsBadCodePtr@4      0041a080     kernel32:KERNEL32.dll
 0002:00000084       __imp__IsBadReadPtr@8      0041a084     kernel32:KERNEL32.dll
 0002:00000088       __imp__SetUnhandledExceptionFilter@4 0041a088     kernel32:KERNEL32.dll
 0002:0000008c       __imp__WriteFile@20        0041a08c     kernel32:KERNEL32.dll
 0002:00000090       __imp__GetFileType@4       0041a090     kernel32:KERNEL32.dll
 0002:00000094       __imp__GetStdHandle@4      0041a094     kernel32:KERNEL32.dll
 0002:00000098       __imp__SetHandleCount@4    0041a098     kernel32:KERNEL32.dll
 0002:0000009c       __imp__GetEnvironmentStringsW@0 0041a09c     kernel32:KERNEL32.dll
 0002:000000a0       __imp__HeapDestroy@4       0041a0a0     kernel32:KERNEL32.dll
 0002:000000a4       __imp__FreeEnvironmentStringsW@4 0041a0a4     kernel32:KERNEL32.dll
 0002:000000a8       __imp__FreeEnvironmentStringsA@4 0041a0a8     kernel32:KERNEL32.dll
 0002:000000ac       __imp__UnhandledExceptionFilter@4 0041a0ac     kernel32:KERNEL32.dll
 0002:000000b0       __imp__GetOEMCP@0          0041a0b0     kernel32:KERNEL32.dll
 0002:000000b4       __imp__GetACP@0            0041a0b4     kernel32:KERNEL32.dll
 0002:000000b8       __imp__GetCPInfo@8         0041a0b8     kernel32:KERNEL32.dll
 0002:000000bc       __imp__IsBadWritePtr@8     0041a0bc     kernel32:KERNEL32.dll
 0002:000000c0       __imp__VirtualAlloc@16     0041a0c0     kernel32:KERNEL32.dll
 0002:000000c4       __imp__VirtualFree@12      0041a0c4     kernel32:KERNEL32.dll
 0002:000000c8       __imp__HeapCreate@12       0041a0c8     kernel32:KERNEL32.dll
 0002:000000cc       __imp__GetVersionExA@4     0041a0cc     kernel32:KERNEL32.dll
 0002:000000d0       __imp__GetEnvironmentVariableA@12 0041a0d0     kernel32:KERNEL32.dll
 0002:000000d4       __imp__HeapSize@12         0041a0d4     kernel32:KERNEL32.dll
 0002:000000d8       __imp__HeapReAlloc@16      0041a0d8     kernel32:KERNEL32.dll
 0002:000000dc       __imp__TerminateProcess@8  0041a0dc     kernel32:KERNEL32.dll
 0002:000000e0       __imp__GetLastError@0      0041a0e0     kernel32:KERNEL32.dll
 0002:000000e4       __imp__TlsGetValue@4       0041a0e4     kernel32:KERNEL32.dll
 0002:000000e8       __imp__SetLastError@4      0041a0e8     kernel32:KERNEL32.dll
 0002:000000ec       __imp__TlsAlloc@0          0041a0ec     kernel32:KERNEL32.dll
 0002:000000f0       __imp__TlsSetValue@8       0041a0f0     kernel32:KERNEL32.dll
 0002:000000f4       __imp__ExitProcess@4       0041a0f4     kernel32:KERNEL32.dll
 0002:000000f8       __imp__GetVersion@0        0041a0f8     kernel32:KERNEL32.dll
 0002:000000fc       __imp__GetCommandLineA@0   0041a0fc     kernel32:KERNEL32.dll
 0002:00000100       __imp__GetStartupInfoA@4   0041a100     kernel32:KERNEL32.dll
 0002:00000104       __imp__GetModuleHandleA@4  0041a104     kernel32:KERNEL32.dll
 0002:00000108       __imp__HeapAlloc@12        0041a108     kernel32:KERNEL32.dll
 0002:0000010c       __imp__HeapFree@12         0041a10c     kernel32:KERNEL32.dll
 0002:00000110       __imp__RtlUnwind@16        0041a110     kernel32:KERNEL32.dll
 0002:00000114       __imp__lstrcpynA@12        0041a114     kernel32:KERNEL32.dll
 0002:00000118       __imp__MultiByteToWideChar@24 0041a118     kernel32:KERNEL32.dll
 0002:0000011c       __imp__FindResourceW@12    0041a11c     kernel32:KERNEL32.dll
 0002:00000120       __imp__SizeofResource@8    0041a120     kernel32:KERNEL32.dll
 0002:00000124       __imp__WideCharToMultiByte@32 0041a124     kernel32:KERNEL32.dll
 0002:00000128       __imp__InterlockedIncrement@4 0041a128     kernel32:KERNEL32.dll
 0002:0000012c       __imp__lstrcmpA@8          0041a12c     kernel32:KERNEL32.dll
 0002:00000130       __imp__lstrcmpiA@8         0041a130     kernel32:KERNEL32.dll
 0002:00000134       __imp__FindResourceA@12    0041a134     kernel32:KERNEL32.dll
 0002:00000138       __imp__LoadResource@8      0041a138     kernel32:KERNEL32.dll
 0002:0000013c       __imp__LockResource@4      0041a13c     kernel32:KERNEL32.dll
 0002:00000140       __imp__FreeResource@4      0041a140     kernel32:KERNEL32.dll
 0002:00000144       __imp__GlobalDeleteAtom@4  0041a144     kernel32:KERNEL32.dll
 0002:00000148       __imp__CloseHandle@4       0041a148     kernel32:KERNEL32.dll
 0002:0000014c       __imp__GetCurrentProcess@0 0041a14c     kernel32:KERNEL32.dll
 0002:00000150       __imp__FlushInstructionCache@12 0041a150     kernel32:KERNEL32.dll
 0002:00000154       __imp__GetCurrentThreadId@0 0041a154     kernel32:KERNEL32.dll
 0002:00000158       __imp__EnterCriticalSection@4 0041a158     kernel32:KERNEL32.dll
 0002:0000015c       __imp__lstrlenA@4          0041a15c     kernel32:KERNEL32.dll
 0002:00000160       __imp__LeaveCriticalSection@4 0041a160     kernel32:KERNEL32.dll
 0002:00000164       __imp__GetEnvironmentStrings@0 0041a164     kernel32:KERNEL32.dll
 0002:00000168       __imp__InterlockedDecrement@4 0041a168     kernel32:KERNEL32.dll
 0002:0000016c       \177KERNEL32_NULL_THUNK_DATA 0041a16c     kernel32:KERNEL32.dll
 0002:00000170       __imp__DragQueryFileA@16   0041a170     shell32:SHELL32.dll
 0002:00000174       __imp__DragFinish@4        0041a174     shell32:SHELL32.dll
 0002:00000178       \177SHELL32_NULL_THUNK_DATA 0041a178     shell32:SHELL32.dll
 0002:0000017c       __imp__PathFindFileNameA@4 0041a17c     Shlwapi:SHLWAPI.dll
 0002:00000180       __imp__PathFindExtensionA@4 0041a180     Shlwapi:SHLWAPI.dll
 0002:00000184       \177SHLWAPI_NULL_THUNK_DATA 0041a184     Shlwapi:SHLWAPI.dll
 0002:00000188       __imp__GetMenuItemID@8     0041a188     user32:USER32.dll
 0002:0000018c       __imp__GetSubMenu@8        0041a18c     user32:USER32.dll
 0002:00000190       __imp__GetMenuItemCount@4  0041a190     user32:USER32.dll
 0002:00000194       __imp__WinHelpA@16         0041a194     user32:USER32.dll
 0002:00000198       __imp__SetParent@8         0041a198     user32:USER32.dll
 0002:0000019c       __imp__AppendMenuA@16      0041a19c     user32:USER32.dll
 0002:000001a0       __imp__DeleteMenu@12       0041a1a0     user32:USER32.dll
 0002:000001a4       __imp__GetSystemMenu@8     0041a1a4     user32:USER32.dll
 0002:000001a8       __imp__ShowOwnedPopups@8   0041a1a8     user32:USER32.dll
 0002:000001ac       __imp__KillTimer@8         0041a1ac     user32:USER32.dll
 0002:000001b0       __imp__IsChild@8           0041a1b0     user32:USER32.dll
 0002:000001b4       __imp__WindowFromPoint@8   0041a1b4     user32:USER32.dll
 0002:000001b8       __imp__GetCapture@0        0041a1b8     user32:USER32.dll
 0002:000001bc       __imp__GetForegroundWindow@0 0041a1bc     user32:USER32.dll
 0002:000001c0       __imp__GetCursorPos@4      0041a1c0     user32:USER32.dll
 0002:000001c4       __imp__SetTimer@16         0041a1c4     user32:USER32.dll
 0002:000001c8       __imp__IsIconic@4          0041a1c8     user32:USER32.dll
 0002:000001cc       __imp__BeginDeferWindowPos@4 0041a1cc     user32:USER32.dll
 0002:000001d0       __imp__EndDeferWindowPos@4 0041a1d0     user32:USER32.dll
 0002:000001d4       __imp__GetWindowDC@4       0041a1d4     user32:USER32.dll
 0002:000001d8       __imp__OffsetRect@12       0041a1d8     user32:USER32.dll
 0002:000001dc       __imp__SetRectEmpty@4      0041a1dc     user32:USER32.dll
 0002:000001e0       __imp__IsZoomed@4          0041a1e0     user32:USER32.dll
 0002:000001e4       __imp__GetMenuState@12     0041a1e4     user32:USER32.dll
 0002:000001e8       __imp__ModifyMenuA@20      0041a1e8     user32:USER32.dll
 0002:000001ec       __imp__GetWindowTextA@12   0041a1ec     user32:USER32.dll
 0002:000001f0       __imp__SetWindowTextA@8    0041a1f0     user32:USER32.dll
 0002:000001f4       __imp__CheckMenuItem@12    0041a1f4     user32:USER32.dll
 0002:000001f8       __imp__EnableMenuItem@12   0041a1f8     user32:USER32.dll
 0002:000001fc       __imp__GetFocus@0          0041a1fc     user32:USER32.dll
 0002:00000200       __imp__DeferWindowPos@32   0041a200     user32:USER32.dll
 0002:00000204       __imp__CopyRect@8          0041a204     user32:USER32.dll
 0002:00000208       __imp__ScreenToClient@8    0041a208     user32:USER32.dll
 0002:0000020c       __imp__EqualRect@8         0041a20c     user32:USER32.dll
 0002:00000210       __imp__GetSystemMetrics@4  0041a210     user32:USER32.dll
 0002:00000214       __imp__GetDC@4             0041a214     user32:USER32.dll
 0002:00000218       __imp__ReleaseDC@8         0041a218     user32:USER32.dll
 0002:0000021c       __imp__GetSysColor@4       0041a21c     user32:USER32.dll
 0002:00000220       __imp__SetFocus@4          0041a220     user32:USER32.dll
 0002:00000224       __imp__IsWindow@4          0041a224     user32:USER32.dll
 0002:00000228       __imp__InvalidateRect@12   0041a228     user32:USER32.dll
 0002:0000022c       __imp__TranslateAcceleratorA@12 0041a22c     user32:USER32.dll
 0002:00000230       __imp__LoadStringA@16      0041a230     user32:USER32.dll
 0002:00000234       __imp__LoadAcceleratorsA@8 0041a234     user32:USER32.dll
 0002:00000238       __imp__BringWindowToTop@4  0041a238     user32:USER32.dll
 0002:0000023c       __imp__LoadMenuA@8         0041a23c     user32:USER32.dll
 0002:00000240       __imp__GetMessageA@16      0041a240     user32:USER32.dll
 0002:00000244       __imp__TranslateMessage@4  0041a244     user32:USER32.dll
 0002:00000248       __imp__DispatchMessageA@4  0041a248     user32:USER32.dll
 0002:0000024c       __imp__IsWindowVisible@4   0041a24c     user32:USER32.dll
 0002:00000250       __imp__SystemParametersInfoA@16 0041a250     user32:USER32.dll
 0002:00000254       __imp__GetClientRect@8     0041a254     user32:USER32.dll
 0002:00000258       __imp__MapWindowPoints@16  0041a258     user32:USER32.dll
 0002:0000025c       __imp__GetClassNameA@12    0041a25c     user32:USER32.dll
 0002:00000260       __imp__GetDlgItem@8        0041a260     user32:USER32.dll
 0002:00000264       __imp__IsDialogMessageA@8  0041a264     user32:USER32.dll
 0002:00000268       __imp__PeekMessageA@20     0041a268     user32:USER32.dll
 0002:0000026c       __imp__CreateDialogIndirectParamA@20 0041a26c     user32:USER32.dll
 0002:00000270       __imp__SendDlgItemMessageA@20 0041a270     user32:USER32.dll
 0002:00000274       __imp__GetTopWindow@4      0041a274     user32:USER32.dll
 0002:00000278       __imp__EndDialog@8         0041a278     user32:USER32.dll
 0002:0000027c       __imp__SetWindowPos@28     0041a27c     user32:USER32.dll
 0002:00000280       __imp__GetParent@4         0041a280     user32:USER32.dll
 0002:00000284       __imp__GetActiveWindow@0   0041a284     user32:USER32.dll
 0002:00000288       __imp__GetLastActivePopup@4 0041a288     user32:USER32.dll
 0002:0000028c       __imp__GetDesktopWindow@0  0041a28c     user32:USER32.dll
 0002:00000290       __imp__IsWindowEnabled@4   0041a290     user32:USER32.dll
 0002:00000294       __imp__SetActiveWindow@4   0041a294     user32:USER32.dll
 0002:00000298       __imp__ShowWindow@8        0041a298     user32:USER32.dll
 0002:0000029c       __imp__UpdateWindow@4      0041a29c     user32:USER32.dll
 0002:000002a0       __imp__PostQuitMessage@4   0041a2a0     user32:USER32.dll
 0002:000002a4       __imp__PostMessageA@16     0041a2a4     user32:USER32.dll
 0002:000002a8       __imp__DestroyWindow@4     0041a2a8     user32:USER32.dll
 0002:000002ac       __imp__GetClassLongA@8     0041a2ac     user32:USER32.dll
 0002:000002b0       __imp__SetWindowLongA@12   0041a2b0     user32:USER32.dll
 0002:000002b4       __imp__CallNextHookEx@16   0041a2b4     user32:USER32.dll
 0002:000002b8       __imp__GetClassInfoExA@12  0041a2b8     user32:USER32.dll
 0002:000002bc       __imp__SetWindowsHookExA@16 0041a2bc     user32:USER32.dll
 0002:000002c0       __imp__CreateWindowExA@48  0041a2c0     user32:USER32.dll
 0002:000002c4       __imp__UnhookWindowsHookEx@4 0041a2c4     user32:USER32.dll
 0002:000002c8       __imp__ChildWindowFromPointEx@16 0041a2c8     user32:USER32.dll
 0002:000002cc       __imp__ClientToScreen@8    0041a2cc     user32:USER32.dll
 0002:000002d0       __imp__GetWindow@8         0041a2d0     user32:USER32.dll
 0002:000002d4       __imp__GetDlgCtrlID@4      0041a2d4     user32:USER32.dll
 0002:000002d8       __imp__GetWindowRect@8     0041a2d8     user32:USER32.dll
 0002:000002dc       __imp__PtInRect@12         0041a2dc     user32:USER32.dll
 0002:000002e0       __imp__SendMessageA@16     0041a2e0     user32:USER32.dll
 0002:000002e4       __imp__CallWindowProcA@20  0041a2e4     user32:USER32.dll
 0002:000002e8       __imp__SetMenu@8           0041a2e8     user32:USER32.dll
 0002:000002ec       __imp__DestroyMenu@4       0041a2ec     user32:USER32.dll
 0002:000002f0       __imp__GetMenu@4           0041a2f0     user32:USER32.dll
 0002:000002f4       __imp__EnableWindow@8      0041a2f4     user32:USER32.dll
 0002:000002f8       __imp__GetWindowLongA@8    0041a2f8     user32:USER32.dll
 0002:000002fc       __imp__AdjustWindowRectEx@16 0041a2fc     user32:USER32.dll
 0002:00000300       __imp__LoadIconW@8         0041a300     user32:USER32.dll
 0002:00000304       __imp__LoadIconA@8         0041a304     user32:USER32.dll
 0002:00000308       __imp__BeginPaint@8        0041a308     user32:USER32.dll
 0002:0000030c       __imp__EndPaint@8          0041a30c     user32:USER32.dll
 0002:00000310       __imp__LoadCursorA@8       0041a310     user32:USER32.dll
 0002:00000314       __imp__wsprintfA           0041a314     user32:USER32.dll
 0002:00000318       __imp__GetClassInfoA@12    0041a318     user32:USER32.dll
 0002:0000031c       __imp__RegisterClassA@4    0041a31c     user32:USER32.dll
 0002:00000320       __imp__DefWindowProcA@16   0041a320     user32:USER32.dll
 0002:00000324       __imp__GetKeyState@4       0041a324     user32:USER32.dll
 0002:00000328       \177USER32_NULL_THUNK_DATA 0041a328     user32:USER32.dll
 0002:00000330       ??_7CChildView@@6B@        0041a330     ChildView.obj
 0002:000003a8       ??_7CWnd@@6B@              0041a3a8     ChildView.obj
 0002:00000420       ??_7CPaintDCMTL@@6B@       0041a420     ChildView.obj
 0002:00000438       ??_7CMenuMTL@@6B@          0041a438     ChildView.obj
 0002:0000043c       ??_7CTestCmdUI@@6B@        0041a43c     ChildView.obj
 0002:0000044c       ??_7CDCMTL@@6B@            0041a44c     ChildView.obj
 0002:00000464       ??_7CFrmVC6App@@6B@        0041a464     FrmVC6.obj
 0002:000004a0       ??_7CWinThread@@6B@        0041a4a0     FrmVC6.obj
 0002:000004b8       ??_7CWinApp@@6B@           0041a4b8     FrmVC6.obj
 0002:000004f4       ??_7CAboutDlg@@6B@         0041a4f4     FrmVC6.obj
 0002:00000584       ??_7CDialog@@6B@           0041a584     FrmVC6.obj
 0002:00000618       ?classCMainFrame@CMainFrame@@2UCRuntimeClass@@B 0041a618     MainFrm.obj
 0002:00000634       ??_7CMainFrame@@6B@        0041a634     MainFrm.obj
 0002:000006dc       ??_7CToolBar@@6B@          0041a6dc     MainFrm.obj
 0002:00000778       ??_7CStatusBar@@6B@        0041a778     MainFrm.obj
 0002:00000814       ??_7CFrameWnd@@6B@         0041a814     MainFrm.obj
 0002:000008bc       ??_7CControlBar@@6B@       0041a8bc     MainFrm.obj
 0002:00000950       ??_7CCmdTarget@@6B@        0041a950     MainFrm.obj
 0002:00000968       ??_7CStatusCmdUI@@6B@      0041a968     MainFrm.obj
 0002:00000978       ??_7CCmdUI@@6B@            0041a978     MainFrm.obj
 0002:00000988       ??_7CClientDCMTL@@6B@      0041a988     MainFrm.obj
 0002:000009a0       ??_7CWindowDCMTL@@6B@      0041a9a0     MainFrm.obj
 0002:000009b8       ?_afxSysColorMap@?1??AfxLoadSysColorBitmap@@YAPAUHBITMAP__@@PAUHINSTANCE__@@PAUHRSRC__@@H@Z@4QBUAFX_COLORMAP@@B 0041a9b8     MainFrm.obj
 0002:000009d8       ??_7CToolCmdUI@@6B@        0041a9d8     MainFrm.obj
 0002:000009e8       ??_7CToolTipCtrlMTL@@6B@   0041a9e8     MainFrm.obj
 0002:00000a60       ?classCToolTipCtrlMTL@CToolTipCtrlMTL@@2UCRuntimeClass@@B 0041aa60     StdAfx.obj
 0002:00000a80       ?classCToolBar@CToolBar@@2UCRuntimeClass@@B 0041aa80     StdAfx.obj
 0002:00000aa0       ?classCDockBar@CDockBar@@2UCRuntimeClass@@B 0041aaa0     StdAfx.obj
 0002:00000ac0       ?classCControlBar@CControlBar@@2UCRuntimeClass@@B 0041aac0     StdAfx.obj
 0002:00000ae0       ?classCFrameWnd@CFrameWnd@@2UCRuntimeClass@@B 0041aae0     StdAfx.obj
 0002:00000b00       ?classCDialog@CDialog@@2UCRuntimeClass@@B 0041ab00     StdAfx.obj
 0002:00000b20       ?classCWnd@CWnd@@2UCRuntimeClass@@B 0041ab20     StdAfx.obj
 0002:00000b40       ?classCCmdTarget@CCmdTarget@@2UCRuntimeClass@@B 0041ab40     StdAfx.obj
 0002:00000b60       ?classCObject@CObject@@2UCRuntimeClass@@B 0041ab60     StdAfx.obj
 0002:00000b80       ?sizeDefault@CScrollView@@2UtagSIZE@@B 0041ab80     StdAfx.obj
 0002:00000c70       ??_C@_0BH@PHHF@__GLOBAL_HEAP_SELECTED?$AA@ 0041ac70     LIBCMT:heapinit.obj
 0002:00000c88       ??_C@_0BF@BBGL@__MSVCRT_HEAP_SELECT?$AA@ 0041ac88     LIBCMT:heapinit.obj
 0002:00000ca0       ??_C@_0P@GGKG@runtime?5error?5?$AA@ 0041aca0     LIBCMT:crt0msg.obj
 0002:00000cb0       ??_C@_02PIMC@?$AN?6?$AA@   0041acb0     LIBCMT:crt0msg.obj
 0002:00000cb4       ??_C@_0O@DELO@TLOSS?5error?$AN?6?$AA@ 0041acb4     LIBCMT:crt0msg.obj
 0002:00000cc4       ??_C@_0N@OMLL@SING?5error?$AN?6?$AA@ 0041acc4     LIBCMT:crt0msg.obj
 0002:00000cd4       ??_C@_0P@OJAK@DOMAIN?5error?$AN?6?$AA@ 0041acd4     LIBCMT:crt0msg.obj
 0002:00000ce4       ??_C@_0CF@EANP@R6028?$AN?6?9?5unable?5to?5initialize?5he@ 0041ace4     LIBCMT:crt0msg.obj
 0002:00000d0c       ??_C@_0DF@ECGN@R6027?$AN?6?9?5not?5enough?5space?5for?5lo@ 0041ad0c     LIBCMT:crt0msg.obj
 0002:00000d44       ??_C@_0DF@FKAC@R6026?$AN?6?9?5not?5enough?5space?5for?5st@ 0041ad44     LIBCMT:crt0msg.obj
 0002:00000d7c       ??_C@_0CG@DPMN@R6025?$AN?6?9?5pure?5virtual?5function?5c@ 0041ad7c     LIBCMT:crt0msg.obj
 0002:00000da4       ??_C@_0DF@CKIP@R6024?$AN?6?9?5not?5enough?5space?5for?5_o@ 0041ada4     LIBCMT:crt0msg.obj
 0002:00000ddc       ??_C@_0CJ@GGOE@R6019?$AN?6?9?5unable?5to?5open?5console?5@ 0041addc     LIBCMT:crt0msg.obj
 0002:00000e08       ??_C@_0CB@LBOB@R6018?$AN?6?9?5unexpected?5heap?5error?$AN?6@ 0041ae08     LIBCMT:crt0msg.obj
 0002:00000e2c       ??_C@_0CN@FPEG@R6017?$AN?6?9?5unexpected?5multithread?5@ 0041ae2c     LIBCMT:crt0msg.obj
 0002:00000e5c       ??_C@_0CM@OBIC@R6016?$AN?6?9?5not?5enough?5space?5for?5th@ 0041ae5c     LIBCMT:crt0msg.obj
 0002:00000e88       ??_C@_0CB@HPAL@?$AN?6abnormal?5program?5termination?$AN?6@ 0041ae88     LIBCMT:crt0msg.obj
 0002:00000eac       ??_C@_0CM@JOOB@R6009?$AN?6?9?5not?5enough?5space?5for?5en@ 0041aeac     LIBCMT:crt0msg.obj
 0002:00000ed8       ??_C@_0CK@OIBL@R6008?$AN?6?9?5not?5enough?5space?5for?5ar@ 0041aed8     LIBCMT:crt0msg.obj
 0002:00000f04       ??_C@_0CF@LKPB@R6002?$AN?6?9?5floating?5point?5not?5load@ 0041af04     LIBCMT:crt0msg.obj
 0002:00000f2c       ??_C@_0CF@JPDF@Microsoft?5Visual?5C?$CL?$CL?5Runtime?5Lib@ 0041af2c     LIBCMT:crt0msg.obj
 0002:00000f54       ??_C@_02JJJH@?6?6?$AA@     0041af54     LIBCMT:crt0msg.obj
 0002:00000f58       ??_C@_0BK@DEOK@Runtime?5Error?$CB?6?6Program?3?5?$AA@ 0041af58     LIBCMT:crt0msg.obj
 0002:00000f74       ??_C@_03NAME@?4?4?4?$AA@   0041af74     LIBCMT:crt0msg.obj
 0002:00000f78       ??_C@_0BH@NNCD@?$DMprogram?5name?5unknown?$DO?$AA@ 0041af78     LIBCMT:crt0msg.obj
 0002:00000fa8       ??_C@_01A@?$AA?$AA@        0041afa8     LIBCMT:a_map.obj
 0002:00000fac       ??_C@_13A@?$AA?$AA?$AA?$AA@ 0041afac     LIBCMT:a_map.obj
 0002:00000fd4       ??_C@_0BD@NJFP@GetLastActivePopup?$AA@ 0041afd4     LIBCMT:crtmbox.obj
 0002:00000fe8       ??_C@_0BA@GILI@GetActiveWindow?$AA@ 0041afe8     LIBCMT:crtmbox.obj
 0002:00000ff8       ??_C@_0M@PKCK@MessageBoxA?$AA@ 0041aff8     LIBCMT:crtmbox.obj
 0002:00001004       ??_C@_0L@HKL@user32?4dll?$AA@ 0041b004     LIBCMT:crtmbox.obj
 0002:00001010       ??_C@_07CJME@H?3mm?3ss?$AA@ 0041b010     LIBCMT:strftime.obj
 0002:00001018       ??_C@_0BE@MHI@dddd?0?5MMMM?5dd?0?5yyyy?$AA@ 0041b018     LIBCMT:strftime.obj
 0002:0000102c       ??_C@_06HCAD@M?1d?1yy?$AA@ 0041b02c     LIBCMT:strftime.obj
 0002:00001034       ??_C@_02DBLP@PM?$AA@       0041b034     LIBCMT:strftime.obj
 0002:00001038       ??_C@_02ENLM@AM?$AA@       0041b038     LIBCMT:strftime.obj
 0002:0000103c       ??_C@_08LIDF@December?$AA@ 0041b03c     LIBCMT:strftime.obj
 0002:00001048       ??_C@_08NJLI@November?$AA@ 0041b048     LIBCMT:strftime.obj
 0002:00001054       ??_C@_07IAMM@October?$AA@  0041b054     LIBCMT:strftime.obj
 0002:0000105c       ??_C@_09MKGD@September?$AA@ 0041b05c     LIBCMT:strftime.obj
 0002:00001068       ??_C@_06PADP@August?$AA@   0041b068     LIBCMT:strftime.obj
 0002:00001070       ??_C@_04PIJO@July?$AA@     0041b070     LIBCMT:strftime.obj
 0002:00001078       ??_C@_04ICFP@June?$AA@     0041b078     LIBCMT:strftime.obj
 0002:00001080       ??_C@_05JFGC@April?$AA@    0041b080     LIBCMT:strftime.obj
 0002:00001088       ??_C@_05FGPD@March?$AA@    0041b088     LIBCMT:strftime.obj
 0002:00001090       ??_C@_08PGBA@February?$AA@ 0041b090     LIBCMT:strftime.obj
 0002:0000109c       ??_C@_07BPKJ@January?$AA@  0041b09c     LIBCMT:strftime.obj
 0002:000010a4       ??_C@_03PGJO@Dec?$AA@      0041b0a4     LIBCMT:strftime.obj
 0002:000010a8       ??_C@_03PDLM@Nov?$AA@      0041b0a8     LIBCMT:strftime.obj
 0002:000010ac       ??_C@_03BLHK@Oct?$AA@      0041b0ac     LIBCMT:strftime.obj
 0002:000010b0       ??_C@_03DPFM@Sep?$AA@      0041b0b0     LIBCMT:strftime.obj
 0002:000010b4       ??_C@_03CMCH@Aug?$AA@      0041b0b4     LIBCMT:strftime.obj
 0002:000010b8       ??_C@_03OBKI@Jul?$AA@      0041b0b8     LIBCMT:strftime.obj
 0002:000010bc       ??_C@_03LEIG@Jun?$AA@      0041b0bc     LIBCMT:strftime.obj
 0002:000010c0       ??_C@_03MGHB@May?$AA@      0041b0c0     LIBCMT:strftime.obj
 0002:000010c4       ??_C@_03MJJM@Apr?$AA@      0041b0c4     LIBCMT:strftime.obj
 0002:000010c8       ??_C@_03GNHA@Mar?$AA@      0041b0c8     LIBCMT:strftime.obj
 0002:000010cc       ??_C@_03PICE@Feb?$AA@      0041b0cc     LIBCMT:strftime.obj
 0002:000010d0       ??_C@_03IEIF@Jan?$AA@      0041b0d0     LIBCMT:strftime.obj
 0002:000010d4       ??_C@_08FAKH@Saturday?$AA@ 0041b0d4     LIBCMT:strftime.obj
 0002:000010e0       ??_C@_06ONCK@Friday?$AA@   0041b0e0     LIBCMT:strftime.obj
 0002:000010e8       ??_C@_08CCFO@Thursday?$AA@ 0041b0e8     LIBCMT:strftime.obj
 0002:000010f4       ??_C@_09PBIN@Wednesday?$AA@ 0041b0f4     LIBCMT:strftime.obj
 0002:00001100       ??_C@_07BMBC@Tuesday?$AA@  0041b100     LIBCMT:strftime.obj
 0002:00001108       ??_C@_06CHLK@Monday?$AA@   0041b108     LIBCMT:strftime.obj
 0002:00001110       ??_C@_06OOEM@Sunday?$AA@   0041b110     LIBCMT:strftime.obj
 0002:00001118       ??_C@_03MPKK@Sat?$AA@      0041b118     LIBCMT:strftime.obj
 0002:0000111c       ??_C@_03FINJ@Fri?$AA@      0041b11c     LIBCMT:strftime.obj
 0002:00001120       ??_C@_03HIKC@Thu?$AA@      0041b120     LIBCMT:strftime.obj
 0002:00001124       ??_C@_03HECK@Wed?$AA@      0041b124     LIBCMT:strftime.obj
 0002:00001128       ??_C@_03ECCP@Tue?$AA@      0041b128     LIBCMT:strftime.obj
 0002:0000112c       ??_C@_03PIEP@Mon?$AA@      0041b12c     LIBCMT:strftime.obj
 0002:00001130       ??_C@_03FHEP@Sun?$AA@      0041b130     LIBCMT:strftime.obj
 0002:00001134       ___dnames                  0041b134     LIBCMT:timeset.obj
 0002:0000114c       ___mnames                  0041b14c     LIBCMT:timeset.obj
 0002:00001708       __IMPORT_DESCRIPTOR_KERNEL32 0041b708     kernel32:KERNEL32.dll
 0002:0000171c       __IMPORT_DESCRIPTOR_USER32 0041b71c     user32:USER32.dll
 0002:00001730       __IMPORT_DESCRIPTOR_COMCTL32 0041b730     comctl32:COMCTL32.dll
 0002:00001744       __IMPORT_DESCRIPTOR_GDI32  0041b744     gdi32:GDI32.dll
 0002:00001758       __IMPORT_DESCRIPTOR_SHELL32 0041b758     shell32:SHELL32.dll
 0002:0000176c       __IMPORT_DESCRIPTOR_SHLWAPI 0041b76c     Shlwapi:SHLWAPI.dll
 0002:00001780       __NULL_IMPORT_DESCRIPTOR   0041b780     kernel32:KERNEL32.dll
 0003:00000000       ___xc_a                    0041d000     LIBCMT:crt0init.obj
 0003:0000001c       ___xc_z                    0041d01c     LIBCMT:crt0init.obj
 0003:00000020       ___xi_a                    0041d020     LIBCMT:crt0init.obj
 0003:00000030       ___xi_z                    0041d030     LIBCMT:crt0init.obj
 0003:00000034       ___xp_a                    0041d034     LIBCMT:crt0init.obj
 0003:00000038       ___xp_z                    0041d038     LIBCMT:crt0init.obj
 0003:0000003c       ___xt_a                    0041d03c     LIBCMT:crt0init.obj
 0003:00000044       ___xt_z                    0041d044     LIBCMT:crt0init.obj
 0003:00000050       ?_atltmpPchNil@WTL@@3PBDB  0041d050     ChildView.obj
 0003:00000054       ?_atltmpDataNil@WTL@@3PAUCStringData@1@A 0041d054     ChildView.obj
 0003:00000058       ?rgInitData@WTL@@3PAHA     0041d058     ChildView.obj
 0003:00000068       ??_C@_0BD@BAAL@Afx?3?$CFp?3?$CFx?3?$CFp?3?$CFp?3?$CFp?$AA@ 0041d068     ChildView.obj
 0003:0000007c       ??_C@_0L@LBNJ@AfxWndMtls?$AA@ 0041d07c     ChildView.obj
 0003:00000088       ??_C@_0BD@HCBA@AfxFrameOrViewMtls?$AA@ 0041d088     ChildView.obj
 0003:0000009c       ??_C@_0BA@NJK@AfxMDIFrameMtls?$AA@ 0041d09c     ChildView.obj
 0003:000000ac       ??_C@_0BC@JFPC@AfxControlBarMtls?$AA@ 0041d0ac     ChildView.obj
 0003:000000c0       ??_C@_0BC@ELON@AfxOleControlMtls?$AA@ 0041d0c0     ChildView.obj
 0003:000000d4       ??_C@_0CH@DJLM@Local?5AppWizard?9Generated?5Applic@ 0041d0d4     FrmVC6.obj
 0003:000000fc       ??_C@_04EDLP@Edit?$AA@     0041d0fc     FrmVC6.obj
 0003:00000118       ??_C@_0L@IAGP@CMainFrame?$AA@ 0041d118     MainFrm.obj
 0003:00000124       ??_C@_09CHNO@Afx?3?$CFp?3?$CFx?$AA@ 0041d124     MainFrm.obj
 0003:00000130       ??_C@_0BD@BJDK@msctls_statusbar32?$AA@ 0041d130     MainFrm.obj
 0003:00000144       ??_C@_07GEJO@Marlett?$AA@  0041d144     MainFrm.obj
 0003:0000014c       ?_afxDropDownWidth@?1??_AfxGetDropDownWidth@CToolBar@@SAHXZ@4HA 0041d14c     MainFrm.obj
 0003:00000150       ??_C@_0BA@PLIN@ToolbarWindow32?$AA@ 0041d150     MainFrm.obj
 0003:00000160       ?dmDockBarMap@?1??GetDockBarMap@CFrameWnd@@SAAAU_DocBarMap@2@XZ@4U32@A 0041d160     MainFrm.obj
 0003:00000180       ??_C@_03DMDD@?5?9?5?$AA@   0041d180     MainFrm.obj
 0003:00000184       ??_C@_03JDAJ@?3?$CFd?$AA@  0041d184     MainFrm.obj
 0003:00000188       ??_C@_0BB@FNBH@tooltips_class32?$AA@ 0041d188     MainFrm.obj
 0003:0000019c       ??_C@_0BA@ODHP@CToolTipCtrlMTL?$AA@ 0041d19c     StdAfx.obj
 0003:000001ac       ??_C@_08NCEL@CToolBar?$AA@ 0041d1ac     StdAfx.obj
 0003:000001b8       ??_C@_08EABA@CDockBar?$AA@ 0041d1b8     StdAfx.obj
 0003:000001c4       ??_C@_0M@GCON@CControlBar?$AA@ 0041d1c4     StdAfx.obj
 0003:000001d0       ??_C@_09HNKJ@CFrameWnd?$AA@ 0041d1d0     StdAfx.obj
 0003:000001dc       ??_C@_07IJJI@CDialog?$AA@  0041d1dc     StdAfx.obj
 0003:000001e4       ??_C@_04MBPC@CWnd?$AA@     0041d1e4     StdAfx.obj
 0003:000001ec       ??_C@_0L@MION@CCmdTarget?$AA@ 0041d1ec     StdAfx.obj
 0003:000001f8       ??_C@_07EFMO@CObject?$AA@  0041d1f8     StdAfx.obj
 0003:00000200       ?GUID_ATLVer30@ATL@@3U_GUID@@A 0041d200     StdAfx.obj
 0003:00000210       ??_C@_04CLNG@?4INI?$AA@    0041d210     StdAfx.obj
 0003:00000218       ??_C@_04DMK@?4HLP?$AA@     0041d218     StdAfx.obj
 0003:00000220       ??_C@_04MCON@?4CHM?$AA@    0041d220     StdAfx.obj
 0003:00000228       __NLG_Destination          0041d228     LIBCMT:exsup.obj
 0003:00000240       __aexit_rtn                0041d240     LIBCMT:wincrt0.obj
 0003:00000244       ___app_type                0041d244     LIBCMT:wincrt0.obj
 0003:00000250       ___tlsindex                0041d250     LIBCMT:tidtable.obj
 0003:00000254       ?__pInconsistency@@3P6AXXZA 0041d254     LIBCMT:hooks.obj
 0003:00000258       __amblksiz                 0041d258     LIBCMT:heapinit.obj
 0003:00000260       ___old_small_block_heap    0041d260     LIBCMT:sbheap.obj
 0003:00002284       ___old_sbh_threshold       0041f284     LIBCMT:sbheap.obj
 0003:00002288       __locktable                0041f288     LIBCMT:mlock.obj
 0003:00002450       __XcptActTab               0041f450     LIBCMT:winxfltr.obj
 0003:000024c8       __First_FPE_Indx           0041f4c8     LIBCMT:winxfltr.obj
 0003:000024cc       __Num_FPE                  0041f4cc     LIBCMT:winxfltr.obj
 0003:000024d0       __XcptActTabSize           0041f4d0     LIBCMT:winxfltr.obj
 0003:000024d4       __XcptActTabCount          0041f4d4     LIBCMT:winxfltr.obj
 0003:000024d8       ___badioinfo               0041f4d8     LIBCMT:ioinit.obj
 0003:000026f8       __pctype                   0041f6f8     LIBCMT:ctype.obj
 0003:000026fc       __pwctype                  0041f6fc     LIBCMT:ctype.obj
 0003:00002700       __ctype                    0041f700     LIBCMT:ctype.obj
 0003:00002904       ___mb_cur_max              0041f904     LIBCMT:nlsdata1.obj
 0003:00002908       ___decimal_point           0041f908     LIBCMT:nlsdata1.obj
 0003:0000290c       ___decimal_point_length    0041f90c     LIBCMT:nlsdata1.obj
 0003:00002a20       ___lc_time_curr            0041fa20     LIBCMT:strftime.obj
 0003:00002a28       ___lc_time_c               0041fa28     LIBCMT:strftime.obj
 0003:00002ad8       ___lconv_static_decimal    0041fad8     LIBCMT:lconv.obj
 0003:00002ae0       ___lconv_c                 0041fae0     LIBCMT:lconv.obj
 0003:00002b10       ___lconv                   0041fb10     LIBCMT:lconv.obj
 0003:00002b20       __timezone                 0041fb20     LIBCMT:timeset.obj
 0003:00002b24       __daylight                 0041fb24     LIBCMT:timeset.obj
 0003:00002b28       __dstbias                  0041fb28     LIBCMT:timeset.obj
 0003:00002bac       __tzname                   0041fbac     LIBCMT:timeset.obj
 0003:00002be0       __lpdays                   0041fbe0     LIBCMT:days.obj
 0003:00002c14       __days                     0041fc14     LIBCMT:days.obj
 0003:00002c48       ?_pModule@ATL@@3PAVCComModule@1@A 0041fc48     ChildView.obj
 0003:00002c50       ?cwp@?1??GetHookOldCbtFilter@CWnd@@SAAAU_CreateWindowParam@2@XZ@4U32@A 0041fc50     ChildView.obj
 0003:00002c60       ?theApp@@3VCFrmVC6App@@A   0041fc60     FrmVC6.obj
 0003:00002d9c       ?hHalftoneBrush@?1??HalftoneBrush@CAfx@@SAPAUHBRUSH__@@H@Z@4PAU3@A 0041fd9c     FrmVC6.obj
 0003:00002da0       ??_C@_00A@?$AA@            0041fda0     MainFrm.obj
 0003:00002da8       ?m_pCWinApp@CWinApp@@2PAV1@A 0041fda8     StdAfx.obj
 0003:00002db0       ?rectDefault@CFrameWnd@@2VCRect@WTL@@B 0041fdb0     StdAfx.obj
 0003:00002dc0       ?_AtlWinModule@@3VCComModule@ATL@@A 0041fdc0     StdAfx.obj
 0003:00002e48       ?wndTopMost@CWMHnd@@2V1@B  0041fe48     StdAfx.obj
 0003:00002e58       ?wndBottom@CWMHnd@@2V1@B   0041fe58     StdAfx.obj
 0003:00002e68       ?wndTop@CWMHnd@@2V1@B      0041fe68     StdAfx.obj
 0003:00002e78       ?wndNoTopMost@CWMHnd@@2V1@B 0041fe78     StdAfx.obj
 0003:00002e88       __aenvptr                  0041fe88     LIBCMT:wincrt0.obj
 0003:00002e8c       __wenvptr                  0041fe8c     LIBCMT:wincrt0.obj
 0003:00002e90       ___error_mode              0041fe90     LIBCMT:wincrt0.obj
 0003:00002e94       __umaskval                 0041fe94     LIBCMT:crt0dat.obj
 0003:00002e98       __osver                    0041fe98     LIBCMT:crt0dat.obj
 0003:00002e9c       __winver                   0041fe9c     LIBCMT:crt0dat.obj
 0003:00002ea0       __winmajor                 0041fea0     LIBCMT:crt0dat.obj
 0003:00002ea4       __winminor                 0041fea4     LIBCMT:crt0dat.obj
 0003:00002ea8       ___argc                    0041fea8     LIBCMT:crt0dat.obj
 0003:00002eac       ___argv                    0041feac     LIBCMT:crt0dat.obj
 0003:00002eb0       ___wargv                   0041feb0     LIBCMT:crt0dat.obj
 0003:00002eb4       __environ                  0041feb4     LIBCMT:crt0dat.obj
 0003:00002eb8       ___initenv                 0041feb8     LIBCMT:crt0dat.obj
 0003:00002ebc       __wenviron                 0041febc     LIBCMT:crt0dat.obj
 0003:00002ec0       ___winitenv                0041fec0     LIBCMT:crt0dat.obj
 0003:00002ec4       __pgmptr                   0041fec4     LIBCMT:crt0dat.obj
 0003:00002ec8       __wpgmptr                  0041fec8     LIBCMT:crt0dat.obj
 0003:00002ecc       __exitflag                 0041fecc     LIBCMT:crt0dat.obj
 0003:00002ed0       __C_Termination_Done       0041fed0     LIBCMT:crt0dat.obj
 0003:00002ed4       __C_Exit_Done              0041fed4     LIBCMT:crt0dat.obj
 0003:00002f44       __newmode                  0041ff44     LIBCMT:_newmode.obj
 0003:00002f48       ?_pnhHeap@@3P6AHI@ZA       0041ff48     LIBCMT:handler.obj
 0003:00003054       __adbgmsg                  00420054     LIBCMT:crt0msg.obj
 0003:0000305c       ___lc_handle               0042005c     LIBCMT:nlsdata2.obj
 0003:00003074       ___lc_codepage             00420074     LIBCMT:nlsdata2.obj
 0003:00003078       ___lc_collate_cp           00420078     LIBCMT:nlsdata2.obj
 0003:000030b0       ___lc_time_intl            004200b0     LIBCMT:inittime.obj
 0003:000030cc       ___lc_id                   004200cc     LIBCMT:nlsdata3.obj
 0003:0000311c       ___lconv_static_null       0042011c     LIBCMT:lconv.obj
 0003:000031f0       ?$S12@?1??_GetAfxData@CAfx@@SAABU_AUX_DATA@@XZ@4EA 004201f0     <common>
 0003:00003200       ?_afxdata@?1??_GetAfxData@CAfx@@SAABU_AUX_DATA@@XZ@4U3@A 00420200     <common>
 0003:00003234       ?$S54@?1??_GetCModuleState@CWinApp@@SAPAVCModuleState@@XZ@4EA 00420234     <common>
 0003:00003240       ?cModuleState@?1??_GetCModuleState@CWinApp@@SAPAVCModuleState@@XZ@4V3@A 00420240     <common>
 0003:00003264       ?m_lastSentMsg@?1??GetLastSentMsg@CCmdTarget@@SAAAPAUtagMSG@@XZ@4PAU3@A 00420264     <common>
 0003:00003268       ___setlc_active            00420268     <common>
 0003:0000326c       ___unguarded_readlc_active 0042026c     <common>
 0003:00003280       ___pioinfo                 00420280     <common>
 0003:00003380       __nhandle                  00420380     <common>
 0003:00003384       ___mbcodepage              00420384     <common>
 0003:00003390       ___mbulinfo                00420390     <common>
 0003:0000339c       ___ismbcodepage            0042039c     <common>
 0003:000033a0       __mbcasemap                004203a0     <common>
 0003:000034a0       __mbctype                  004204a0     <common>
 0003:000035a4       ___mblcid                  004205a4     <common>
 0003:000035a8       ___sbh_sizeHeaderList      004205a8     <common>
 0003:000035ac       ___sbh_indGroupDefer       004205ac     <common>
 0003:000035b0       ___sbh_pHeaderScan         004205b0     <common>
 0003:000035b4       ___sbh_pHeaderDefer        004205b4     <common>
 0003:000035b8       ___sbh_cntHeaderList       004205b8     <common>
 0003:000035bc       ___sbh_pHeaderList         004205bc     <common>
 0003:000035c0       ___sbh_threshold           004205c0     <common>
 0003:000035c4       __crtheap                  004205c4     <common>
 0003:000035c8       ___active_heap             004205c8     <common>
 0003:000035cc       ___env_initialized         004205cc     <common>
 0003:000035d0       ___mbctype_initialized     004205d0     <common>
 0003:000035d4       ___onexitend               004205d4     <common>
 0003:000035d8       ___onexitbegin             004205d8     <common>
 0003:000035dc       __FPinit                   004205dc     <common>
 0003:000035e0       __acmdln                   004205e0     <common>

 entry point at        0001:00013535

 Static symbols

 0001:00012190       _$E65                      00413190 f   StdAfx.obj
 0001:000121a0       _$E61                      004131a0 f   StdAfx.obj
 0001:000121c0       _$E64                      004131c0 f   StdAfx.obj
 0001:000121d0       _$E62                      004131d0 f   StdAfx.obj
 0001:00012200       _$E70                      00413200 f   StdAfx.obj
 0001:00012210       _$E67                      00413210 f   StdAfx.obj
 0001:00012230       _$E69                      00413230 f   StdAfx.obj
 0001:00012240       _$E68                      00413240 f   StdAfx.obj
 0001:00012270       _$E75                      00413270 f   StdAfx.obj
 0001:00012280       _$E72                      00413280 f   StdAfx.obj
 0001:000122a0       _$E74                      004132a0 f   StdAfx.obj
 0001:000122b0       _$E73                      004132b0 f   StdAfx.obj
 0001:000122e0       _$E80                      004132e0 f   StdAfx.obj
 0001:000122f0       _$E77                      004132f0 f   StdAfx.obj
 0001:00012310       _$E79                      00413310 f   StdAfx.obj
 0001:00012320       _$E78                      00413320 f   StdAfx.obj
 0001:00012350       _$E83                      00413350 f   StdAfx.obj
 0001:00012360       _$E82                      00413360 f   StdAfx.obj
 0001:00002e80       _$E65                      00403e80 f   FrmVC6.obj
 0001:00002e90       _$E62                      00403e90 f   FrmVC6.obj
 0001:00002ea0       _$E64                      00403ea0 f   FrmVC6.obj
 0001:00002eb0       _$E63                      00403eb0 f   FrmVC6.obj
 0001:00017ae0       _siglookup                 00418ae0 f   LIBCMT:winsig.obj
 0001:000177a1       _x_ismbbtype               004187a1 f   LIBCMT:ismbbyte.obj
 0001:0001761c       _strncnt                   0041861c f   LIBCMT:a_map.obj
 0001:0001709c       _strtoxl                   0041809c f   LIBCMT:strtol.obj
 0001:00016dc0       LeadUp1                    00417dc0 f   LIBCMT:memcpy.obj
 0001:00016dec       LeadUp2                    00417dec f   LIBCMT:memcpy.obj
 0001:00016e10       LeadUp3                    00417e10 f   LIBCMT:memcpy.obj
 0001:00016e8f       UnwindUp0                  00417e8f f   LIBCMT:memcpy.obj
 0001:00016e7c       UnwindUp1                  00417e7c f   LIBCMT:memcpy.obj
 0001:00016e74       UnwindUp2                  00417e74 f   LIBCMT:memcpy.obj
 0001:00016e6c       UnwindUp3                  00417e6c f   LIBCMT:memcpy.obj
 0001:00016e64       UnwindUp4                  00417e64 f   LIBCMT:memcpy.obj
 0001:00016e5c       UnwindUp5                  00417e5c f   LIBCMT:memcpy.obj
 0001:00016e54       UnwindUp6                  00417e54 f   LIBCMT:memcpy.obj
 0001:00016e4c       UnwindUp7                  00417e4c f   LIBCMT:memcpy.obj
 0001:00016ea8       TrailUp0                   00417ea8 f   LIBCMT:memcpy.obj
 0001:00016eb0       TrailUp1                   00417eb0 f   LIBCMT:memcpy.obj
 0001:00016ebc       TrailUp2                   00417ebc f   LIBCMT:memcpy.obj
 0001:00016ed0       TrailUp3                   00417ed0 f   LIBCMT:memcpy.obj
 0001:00016f48       LeadDown1                  00417f48 f   LIBCMT:memcpy.obj
 0001:00016f68       LeadDown2                  00417f68 f   LIBCMT:memcpy.obj
 0001:00016f90       LeadDown3                  00417f90 f   LIBCMT:memcpy.obj
 0001:00016fe4       UnwindDown7                00417fe4 f   LIBCMT:memcpy.obj
 0001:00016fec       UnwindDown6                00417fec f   LIBCMT:memcpy.obj
 0001:00016ff4       UnwindDown5                00417ff4 f   LIBCMT:memcpy.obj
 0001:00016ffc       UnwindDown4                00417ffc f   LIBCMT:memcpy.obj
 0001:00017004       UnwindDown3                00418004 f   LIBCMT:memcpy.obj
 0001:0001700c       UnwindDown2                0041800c f   LIBCMT:memcpy.obj
 0001:00017014       UnwindDown1                00418014 f   LIBCMT:memcpy.obj
 0001:00017027       UnwindDown0                00418027 f   LIBCMT:memcpy.obj
 0001:00017040       TrailDown0                 00418040 f   LIBCMT:memcpy.obj
 0001:00017048       TrailDown1                 00418048 f   LIBCMT:memcpy.obj
 0001:00017058       TrailDown2                 00418058 f   LIBCMT:memcpy.obj
 0001:0001706c       TrailDown3                 0041806c f   LIBCMT:memcpy.obj
 0001:0001650e       _parse_cmdline             0041750e f   LIBCMT:stdargv.obj
 0001:0001632a       _xcptlookup                0041732a f   LIBCMT:winxfltr.obj
 0001:00015e38       _getSystemCP               00416e38 f   LIBCMT:mbctype.obj
 0001:00015e82       _CPtoLCID                  00416e82 f   LIBCMT:mbctype.obj
 0001:00015eb5       _setSBCS                   00416eb5 f   LIBCMT:mbctype.obj
 0001:00015ede       _setSBUpLow                00416ede f   LIBCMT:mbctype.obj
 0001:000141a3       _doexit                    004151a3 f   LIBCMT:crt0dat.obj
 0001:0001425a       __initterm                 0041525a f   LIBCMT:crt0dat.obj
 0001:00013721       ?FindHandler@@YAXPAUEHExceptionRecord@@PAUEHRegistrationNode@@PAU_CONTEXT@@PAXPBU_s_FuncInfo@@EH1@Z 00414721 f   LIBCMT:frame.obj
 0001:000138d4       ?FindHandlerForForeignException@@YAXPAUEHExceptionRecord@@PAUEHRegistrationNode@@PAU_CONTEXT@@PAXPBU_s_FuncInfo@@HH1@Z 004148d4 f   LIBCMT:frame.obj
 0001:0001397e       ?TypeMatch@@YAHPBU_s_HandlerType@@PBU_s_CatchableType@@PBU_s_ThrowInfo@@@Z 0041497e f   LIBCMT:frame.obj
 0001:00013a79       ?FrameUnwindFilter@@YAHPAU_EXCEPTION_POINTERS@@@Z 00414a79 f   LIBCMT:frame.obj
 0001:00013a8f       ?CatchIt@@YAXPAUEHExceptionRecord@@PAUEHRegistrationNode@@PAU_CONTEXT@@PAXPBU_s_FuncInfo@@PBU_s_HandlerType@@PBU_s_CatchableType@@PBU_s_TryBlockMapEntry@@H1E@Z 00414a8f f   LIBCMT:frame.obj
 0001:00013b0a       ?CallCatchBlock@@YAPAXPAUEHExceptionRecord@@PAUEHRegistrationNode@@PAU_CONTEXT@@PBU_s_FuncInfo@@PAXHK@Z 00414b0a f   LIBCMT:frame.obj
 0001:00013c25       ?ExFilterRethrow@@YAHPAU_EXCEPTION_POINTERS@@@Z 00414c25 f   LIBCMT:frame.obj
 0001:00013c4f       ?BuildCatchObject@@YAXPAUEHExceptionRecord@@PAUEHRegistrationNode@@PBU_s_HandlerType@@PBU_s_CatchableType@@@Z 00414c4f f   LIBCMT:frame.obj
 0001:00013e7a       ?AdjustPointer@@YAPAXPAXABUPMD@@@Z 00414e7a f   LIBCMT:frame.obj
 0001:00013662       _fast_error_exit           00414662 f   LIBCMT:wincrt0.obj
 0001:00013270       LeadUp1                    00414270 f   LIBCMT:memmove.obj
 0001:0001329c       LeadUp2                    0041429c f   LIBCMT:memmove.obj
 0001:000132c0       LeadUp3                    004142c0 f   LIBCMT:memmove.obj
 0001:0001333f       UnwindUp0                  0041433f f   LIBCMT:memmove.obj
 0001:0001332c       UnwindUp1                  0041432c f   LIBCMT:memmove.obj
 0001:00013324       UnwindUp2                  00414324 f   LIBCMT:memmove.obj
 0001:0001331c       UnwindUp3                  0041431c f   LIBCMT:memmove.obj
 0001:00013314       UnwindUp4                  00414314 f   LIBCMT:memmove.obj
 0001:0001330c       UnwindUp5                  0041430c f   LIBCMT:memmove.obj
 0001:00013304       UnwindUp6                  00414304 f   LIBCMT:memmove.obj
 0001:000132fc       UnwindUp7                  004142fc f   LIBCMT:memmove.obj
 0001:00013358       TrailUp0                   00414358 f   LIBCMT:memmove.obj
 0001:00013360       TrailUp1                   00414360 f   LIBCMT:memmove.obj
 0001:0001336c       TrailUp2                   0041436c f   LIBCMT:memmove.obj
 0001:00013380       TrailUp3                   00414380 f   LIBCMT:memmove.obj
 0001:000133f8       LeadDown1                  004143f8 f   LIBCMT:memmove.obj
 0001:00013418       LeadDown2                  00414418 f   LIBCMT:memmove.obj
 0001:00013440       LeadDown3                  00414440 f   LIBCMT:memmove.obj
 0001:00013494       UnwindDown7                00414494 f   LIBCMT:memmove.obj
 0001:0001349c       UnwindDown6                0041449c f   LIBCMT:memmove.obj
 0001:000134a4       UnwindDown5                004144a4 f   LIBCMT:memmove.obj
 0001:000134ac       UnwindDown4                004144ac f   LIBCMT:memmove.obj
 0001:000134b4       UnwindDown3                004144b4 f   LIBCMT:memmove.obj
 0001:000134bc       UnwindDown2                004144bc f   LIBCMT:memmove.obj
 0001:000134c4       UnwindDown1                004144c4 f   LIBCMT:memmove.obj
 0001:000134d7       UnwindDown0                004144d7 f   LIBCMT:memmove.obj
 0001:000134f0       TrailDown0                 004144f0 f   LIBCMT:memmove.obj
 0001:000134f8       TrailDown1                 004144f8 f   LIBCMT:memmove.obj
 0001:00013508       TrailDown2                 00414508 f   LIBCMT:memmove.obj
 0001:0001351c       TrailDown3                 0041451c f   LIBCMT:memmove.obj
 0001:00012cbc       _gu_return                 00413cbc f   LIBCMT:exsup.obj
 0001:00012cc4       __unwind_handler           00413cc4 f   LIBCMT:exsup.obj
 0001:00012ad6       ?CatchGuardHandler@@YA?AW4_EXCEPTION_DISPOSITION@@PAUEHExceptionRecord@@PAUCatchGuardRN@@PAX2@Z 00413ad6 f   LIBCMT:trnsctrl.obj
 0001:00012bb1       ?TranslatorGuardHandler@@YA?AW4_EXCEPTION_DISPOSITION@@PAUEHExceptionRecord@@PAUTranslatorGuardRN@@PAX2@Z 00413bb1 f   LIBCMT:trnsctrl.obj

 1335 bytes saved through ICF

