 FrmVC6

 Timestamp is 590ad010 (Thu May 04 15:54:08 2017)

 Preferred load address is 0000000140000000

 Start         Length     Name                   Class
 0001:00000000 000000ecH .text$di                CODE
 0001:000000f0 0001f698H .text$mn                CODE
 0001:0001f790 0000077fH .text$x                 CODE
 0001:0001ff10 00000234H .text$yd                CODE
 0002:00000000 000006e8H .idata$5                DATA
 0002:000006e8 00000008H .CRT$XCA                DATA
 0002:000006f0 00000008H .CRT$XCL                DATA
 0002:000006f8 00000030H .CRT$XCU                DATA
 0002:00000728 00000008H .CRT$XCZ                DATA
 0002:00000730 00000008H .CRT$XIA                DATA
 0002:00000738 00000020H .CRT$XIC                DATA
 0002:00000758 00000008H .CRT$XIY                DATA
 0002:00000760 00000008H .CRT$XIZ                DATA
 0002:00000768 00000008H .CRT$XPA                DATA
 0002:00000770 00000010H .CRT$XPX                DATA
 0002:00000780 00000008H .CRT$XPXA               DATA
 0002:00000788 00000008H .CRT$XPZ                DATA
 0002:00000790 00000008H .CRT$XTA                DATA
 0002:00000798 00000008H .CRT$XTZ                DATA
 0002:000007a0 000074a0H .rdata                  DATA
 0002:00007c40 0000141cH .rdata$r                DATA
 0002:00009060 00000008H .rtc$IAA                DATA
 0002:00009068 00000008H .rtc$IZZ                DATA
 0002:00009070 00000008H .rtc$TAA                DATA
 0002:00009078 00000008H .rtc$TZZ                DATA
 0002:00009080 00002c88H .xdata                  DATA
 0002:0000bd08 0000013cH .xdata$x                DATA
 0002:0000be48 00000000H ATL$__a                 DATA
 0002:0000be48 00000000H ATL$__z                 DATA
 0002:0000be48 00000000H .edata                  DATA
 0002:0000be48 00000078H .idata$2                DATA
 0002:0000bec0 00000014H .idata$3                DATA
 0002:0000bed8 000006e8H .idata$4                DATA
 0002:0000c5c0 00000eb4H .idata$6                DATA
 0003:00000000 00001730H .data                   DATA
 0003:00001730 00000630H .data$r                 DATA
 0003:00001d60 000027f8H .bss                    DATA
 0004:00000000 000023c4H .pdata                  DATA
 0005:00000000 00000df0H .rsrc$01                DATA
 0005:00000df0 00003d20H .rsrc$02                DATA

  Address         Publics by Value              Rva+Base               Lib:Object

 0000:00000000       ___safe_se_handler_count   0000000000000000     <absolute>
 0000:00000000       __guard_fids_table         0000000000000000     <absolute>
 0000:00000000       __guard_fids_count         0000000000000000     <absolute>
 0000:00000000       __guard_flags              0000000000000000     <absolute>
 0000:00000000       ___safe_se_handler_table   0000000000000000     <absolute>
 0000:00000000       __ImageBase                0000000140000000     <linker-defined>
 0001:000000f0       ??_ECChildView@@UEAAPEAXI@Z 00000001400010f0 f i * CIL library *:* CIL module *
 0001:000000f0       ??_GCChildView@@UEAAPEAXI@Z 00000001400010f0 f i ChildView.obj
 0001:00000130       ?_ProcessWindowMessage@CChildView@@UEAAHPEAUHWND__@@I_K_JAEA_J@Z 0000000140001130 f i ChildView.obj
 0001:00000160       ?PreCreateWindow@CChildView@@MEAAHAEAUtagCREATESTRUCTA@@@Z 0000000140001160 f   ChildView.obj
 0001:000001f0       ?OnPaint@CChildView@@IEAAXXZ 00000001400011f0 f   ChildView.obj
 0001:000002c0       ??1CPaintDCMTL@@UEAA@XZ    00000001400012c0 f i ChildView.obj
 0001:00000340       ??_GCPaintDCMTL@@UEAAPEAXI@Z 0000000140001340 f i ChildView.obj
 0001:00000340       ??_ECPaintDCMTL@@UEAAPEAXI@Z 0000000140001340 f i * CIL library *:* CIL module *
 0001:00000370       ?AfxRegisterWndClass@CAfx@@SAPEBDIPEAUHICON__@@PEAUHBRUSH__@@0@Z 0000000140001370 f i ChildView.obj
 0001:00000500       ??_ECWnd@@UEAAPEAXI@Z      0000000140001500 f i * CIL library *:* CIL module *
 0001:00000500       ??_ECDialog@@UEAAPEAXI@Z   0000000140001500 f i * CIL library *:* CIL module *
 0001:00000500       ??_GCDialog@@UEAAPEAXI@Z   0000000140001500 f i FrmVC6.obj
 0001:00000500       ??_GCWnd@@UEAAPEAXI@Z      0000000140001500 f i ChildView.obj
 0001:00000500       ??_ECAboutDlg@@UEAAPEAXI@Z 0000000140001500 f i * CIL library *:* CIL module *
 0001:00000500       ??_GCAboutDlg@@UEAAPEAXI@Z 0000000140001500 f i FrmVC6.obj
 0001:00000530       ?WindowProc@CWnd@@UEAA_JI_K_J@Z 0000000140001530 f i ChildView.obj
 0001:000005a0       ?PreTranslateMessage@CWnd@@UEAAHPEAUtagMSG@@@Z 00000001400015a0 f i ChildView.obj
 0001:000005e0       ?_AfxTopChildWindowFromPoint@CWnd@@SAPEAUHWND__@@PEAU2@UtagPOINT@@@Z 00000001400015e0 f i ChildView.obj
 0001:000006d0       ?OnToolHitTest@CWnd@@UEBA_JVCPoint@WTL@@PEAUtagTOOLINFOA@@@Z 00000001400016d0 f i ChildView.obj
 0001:00000780       ?FromHandlePermanent@CWnd@@SAPEAV1@PEAUHWND__@@@Z 0000000140001780 f i ChildView.obj
 0001:000007f0       ?GetParent@CWnd@@QEAAPEAV1@XZ 00000001400017f0 f i ChildView.obj
 0001:00000970       ?Enable@CCmdUI@@UEAAXH@Z   0000000140001970 f i ChildView.obj
 0001:00000a20       ?SetCheck@CCmdUI@@UEAAXH@Z 0000000140001a20 f i ChildView.obj
 0001:00000ab0       ?SetRadio@CCmdUI@@UEAAXH@Z 0000000140001ab0 f i ChildView.obj
 0001:00000b10       ?AfxSetWindowText@CAfx@@SAXPEAUHWND__@@PEBD@Z 0000000140001b10 f i ChildView.obj
 0001:00000ba0       ?SetText@CCmdUI@@UEAAXPEBD@Z 0000000140001ba0 f i ChildView.obj
 0001:00000c20       ?Enable@CTestCmdUI@@UEAAXH@Z 0000000140001c20 f i ChildView.obj
 0001:00000c30       ?OnFileNew@CWinApp@@UEAAXXZ 0000000140001c30 f i FrmVC6.obj
 0001:00000c30       ?OnShowMenuBar@CFrameWnd@@UEAAXXZ 0000000140001c30 f i MainFrm.obj
 0001:00000c30       ?SetText@CToolCmdUI@@UEAAXPEBD@Z 0000000140001c30 f i MainFrm.obj
 0001:00000c30       ?Serialize@CObject@@UEAAXAEAVCArchive@@@Z 0000000140001c30 f i ChildView.obj
 0001:00000c30       ?PostNcDestroy@CWMHnd@@UEAAXXZ 0000000140001c30 f i ChildView.obj
 0001:00000c30       ?DoDataExchange@CAboutDlg@@MEAAXPEAVCDataExchange@@@Z 0000000140001c30 f i FrmVC6.obj
 0001:00000c30       ?OnFileOpen@CWinApp@@UEAAXXZ 0000000140001c30 f i FrmVC6.obj
 0001:00000c30       ?SetText@CTestCmdUI@@UEAAXPEBD@Z 0000000140001c30 f i ChildView.obj
 0001:00000c30       ?SetRadio@CTestCmdUI@@UEAAXH@Z 0000000140001c30 f i ChildView.obj
 0001:00000c30       ?SetCheck@CTestCmdUI@@UEAAXH@Z 0000000140001c30 f i ChildView.obj
 0001:00000c30       ?OnBarStyleChange@CControlBar@@UEAAXKK@Z 0000000140001c30 f i MainFrm.obj
 0001:00000c30       ?OnHideMenuBar@CFrameWnd@@UEAAXXZ 0000000140001c30 f i MainFrm.obj
 0001:00000c30       ?DoDataExchange@CWMHnd@@UEAAXPEAVCDataExchange@@@Z 0000000140001c30 f i ChildView.obj
 0001:00000c40       ?OnCommand@CWnd@@UEAAH_K_J@Z 0000000140001c40 f i ChildView.obj
 0001:00000d40       ??_ECDCMTL@@UEAAPEAXI@Z    0000000140001d40 f i * CIL library *:* CIL module *
 0001:00000d40       ??_GCDCMTL@@UEAAPEAXI@Z    0000000140001d40 f i ChildView.obj
 0001:00000dc0       ?SetAttribDC@CDCMTL@@UEAAXPEAUHDC__@@@Z 0000000140001dc0 f i ChildView.obj
 0001:00000dd0       ?ReleaseAttribDC@CDCMTL@@UEAAXXZ 0000000140001dd0 f i ChildView.obj
 0001:00000de0       ?SaveDC@CDCMTL@@UEAAHXZ    0000000140001de0 f i ChildView.obj
 0001:00000e30       ?RestoreDC@CDCMTL@@UEAAHH@Z 0000000140001e30 f i ChildView.obj
 0001:00000e90       ?TextOutA@CDCMTL@@UEAAHHHPEBDH@Z 0000000140001e90 f i ChildView.obj
 0001:00000ea0       ??1?$CDCT@$00@WTL@@QEAA@XZ 0000000140001ea0 f i ChildView.obj
 0001:00000ec0       ?RemoveHandle@?$CHandleList@PEAUHDC__@@VCDCMTL@@PEAUHWND__@@@@QEAAPEAUHDC__@@QEAU2@@Z 0000000140001ec0 f i ChildView.obj
 0001:00000ec0       ?RemoveHandle@?$CHandleList@PEAUHMENU__@@VCMenuMTL@@PEAUHWND__@@@@QEAAPEAUHMENU__@@QEAU2@@Z 0000000140001ec0 f i ChildView.obj
 0001:00000f40       ??1CDCMTL@@UEAA@XZ         0000000140001f40 f i ChildView.obj
 0001:00000fb0       ?DestroyWindow@CWnd@@UEAAHXZ 0000000140001fb0 f i ChildView.obj
 0001:00000fb0       ?DestroyWindow@CWMHnd@@UEAAHXZ 0000000140001fb0 f i ChildView.obj
 0001:00000fd0       ??1CWnd@@UEAA@XZ           0000000140001fd0 f i ChildView.obj
 0001:000010a0       ?classHandleFuncCWnd@CWnd@@SAPEAXPEAX0@Z 00000001400020a0 f i ChildView.obj
 0001:00001130       ?UnsubclassWindow@CWMHnd@@QEAAPEAUHWND__@@XZ 0000000140002130 f i ChildView.obj
 0001:000011b0       ?OnNcDestroy@CWnd@@QEAAXXZ 00000001400021b0 f i ChildView.obj
 0001:00001290       ?_ProcessWindowMessage@CWnd@@UEAAHPEAUHWND__@@I_K_JAEA_J@Z 0000000140002290 f i ChildView.obj
 0001:000015b0       ?OnWndMsg@CWnd@@UEAAHI_K_JPEA_J@Z 00000001400025b0 f i ChildView.obj
 0001:00001650       ?ReflectChildNotify@CWnd@@QEAAHI_K_JPEA_J@Z 0000000140002650 f i ChildView.obj
 0001:00001790       ?OnChildNotify@CWnd@@UEAAHI_K_JPEA_J@Z 0000000140002790 f i ChildView.obj
 0001:000017a0       ?ReflectLastMsg@CWnd@@SAHPEAUHWND__@@PEA_J@Z 00000001400027a0 f i ChildView.obj
 0001:00001860       ?OnNotify@CWnd@@UEAAH_K_JPEA_J@Z 0000000140002860 f i ChildView.obj
 0001:00001910       ?Create@CWnd@@UEAAHPEBD0KAEBUtagRECT@@PEAV1@IPEAUCCreateContext@@@Z 0000000140002910 f i ChildView.obj
 0001:000019d0       ?AtlWinModuleExtractCreateWndData@ATL@@YAPEAXPEAU_ATL_WIN_MODULE70@1@@Z 00000001400029d0 f i ChildView.obj
 0001:00001a50       ?AtlWinModuleTerm@ATL@@YAJPEAU_ATL_WIN_MODULE70@1@PEAUHINSTANCE__@@@Z 0000000140002a50 f i ChildView.obj
 0001:00001b30       ?_AtlInitializeCriticalSectionEx@ATL@@YAHPEAU_RTL_CRITICAL_SECTION@@KK@Z 0000000140002b30 f i ChildView.obj
 0001:00001b40       ??0CAtlWinModule@ATL@@QEAA@XZ 0000000140002b40 f i ChildView.obj
 0001:00001be0       ?Init@CDynamicStdCallThunk@ATL@@QEAAH_KPEAX@Z 0000000140002be0 f i ChildView.obj
 0001:00001c70       ?AfxWindowProc@CWMHnd@@SA_JPEAUHWND__@@I_K_J@Z 0000000140002c70 f i ChildView.obj
 0001:00001cd0       ?FromHandle@?$CHandleHashList@PEAUHWND__@@VCWMHnd@@PEAU1@$0BB@@@QEAAPEAVCWMHnd@@QEAUHWND__@@PEAV2@0Q6APEAXPEAX2@Z@Z 0000000140002cd0 f i ChildView.obj
 0001:00001e10       ?PreTranslateMessage@CWMHnd@@UEAAHPEAUtagMSG@@@Z 0000000140002e10 f i ChildView.obj
 0001:00001e10       ?IsFrameWnd@CWMHnd@@UEAAHXZ 0000000140002e10 f i ChildView.obj
 0001:00001e10       ?ExitInstance@CWinApp@@UEAAHXZ 0000000140002e10 f i FrmVC6.obj
 0001:00001e10       ?GetScrollBarCtrl@CWMHnd@@UEBAPEAVCScrollBarMTL@@H@Z 0000000140002e10 f i ChildView.obj
 0001:00001e10       ?OpenDocumentFile@CWinApp@@UEAAPEAVCDocument@@PEBD@Z 0000000140002e10 f i FrmVC6.obj
 0001:00001e10       ?IsDockBar@CControlBar@@UEBAHXZ 0000000140002e10 f i MainFrm.obj
 0001:00001e10       ?_ProcessWindowMessage@CCmdTarget@@UEAAHPEAUHWND__@@I_K_JAEA_J@Z 0000000140002e10 f i ChildView.obj
 0001:00001e20       ?OnCmdMsg@CCmdTarget@@UEAAHIHPEAXPEAUAFX_CMDHANDLERINFO@@@Z 0000000140002e20 f i ChildView.obj
 0001:00001f70       ??_GCWMHnd@@UEAAPEAXI@Z    0000000140002f70 f i ChildView.obj
 0001:00001f70       ??_ECWMHnd@@UEAAPEAXI@Z    0000000140002f70 f i * CIL library *:* CIL module *
 0001:00001ff0       ?WindowProc@CWMHnd@@UEAA_JI_K_J@Z 0000000140002ff0 f i ChildView.obj
 0001:00002000       ?CalcWindowRect@CWMHnd@@UEAAXPEAUtagRECT@@I@Z 0000000140003000 f i ChildView.obj
 0001:00002070       ?EnableWindow@CWMHnd@@UEAAXH@Z 0000000140003070 f i ChildView.obj
 0001:00002090       ?FromHandle@?$CHandleList@PEAUHMENU__@@VCMenuMTL@@PEAUHWND__@@@@QEAAPEAVCMenuMTL@@QEAUHMENU__@@PEAV2@QEAUHWND__@@Q6APEAXPEAX3@Z@Z 0000000140003090 f i ChildView.obj
 0001:00002170       ??_ECMenuMTL@@UEAAPEAXI@Z  0000000140003170 f i * CIL library *:* CIL module *
 0001:00002170       ??_GCMenuMTL@@UEAAPEAXI@Z  0000000140003170 f i ChildView.obj
 0001:00002200       ??1?$CMenuT@$00@WTL@@QEAA@XZ 0000000140003200 f i ChildView.obj
 0001:00002230       ??1CMenuMTL@@UEAA@XZ       0000000140003230 f i ChildView.obj
 0001:000022a0       ?classHandleFuncCMenuMTL@CMenuMTL@@SAPEAXPEAX0@Z 00000001400032a0 f i ChildView.obj
 0001:00002300       ?GetMenu@CWMHnd@@UEBAPEAVCMenuMTL@@XZ 0000000140003300 f i ChildView.obj
 0001:00002340       ?SetMenu@CWMHnd@@UEAAHPEAVCMenuMTL@@@Z 0000000140003340 f i ChildView.obj
 0001:00002360       ?GetCurrentMessage@CCmdTarget@@UEBAPEBU_ATL_MSG@ATL@@XZ 0000000140003360 f i ChildView.obj
 0001:00002370       ?DefWindowProcA@CWMHnd@@UEAA_JI_K_J@Z 0000000140003370 f i ChildView.obj
 0001:000023a0       ?OnInitDialog@CWMHnd@@UEAAHXZ 00000001400033a0 f i ChildView.obj
 0001:000023d0       ??1CWndProcThunk@ATL@@QEAA@XZ 00000001400033d0 f i ChildView.obj
 0001:000023e0       ?RemoveHandle@?$CHandleHashList@PEAUHWND__@@VCWMHnd@@PEAU1@$0BB@@@QEAAPEAUHWND__@@QEAU2@@Z 00000001400033e0 f i ChildView.obj
 0001:000024a0       ?RemoveOwner@?$CHandleHashList@PEAUHWND__@@VCWMHnd@@PEAU1@$0BB@@@QEAAHQEAUHWND__@@@Z 00000001400034a0 f i ChildView.obj
 0001:00002560       ?RemoveOwner@?$CHandleList@PEAUHDC__@@VCDCMTL@@PEAUHWND__@@@@QEAAHQEAUHWND__@@@Z 0000000140003560 f i ChildView.obj
 0001:00002560       ?RemoveOwner@?$CHandleList@PEAXXPEAUHWND__@@@@QEAAHQEAUHWND__@@@Z 0000000140003560 f i ChildView.obj
 0001:00002560       ?RemoveOwner@?$CHandleList@PEAXVCGdiObject@@PEAUHWND__@@@@QEAAHQEAUHWND__@@@Z 0000000140003560 f i ChildView.obj
 0001:00002560       ?RemoveOwner@?$CHandleList@PEAUHMENU__@@VCMenuMTL@@PEAUHWND__@@@@QEAAHQEAUHWND__@@@Z 0000000140003560 f i ChildView.obj
 0001:000025f0       ?RemoveHandleWnd@CModuleThreadState@@QEAAPEAUHWND__@@PEAU2@@Z 00000001400035f0 f i ChildView.obj
 0001:00002690       ?classHandleFuncCWMHnd@CWMHnd@@SAPEAXPEAX0@Z 0000000140003690 f i ChildView.obj
 0001:00002710       ?SubclassWindow@CWMHnd@@QEAAHPEAUHWND__@@PEAUtagCREATESTRUCTA@@@Z 0000000140003710 f i ChildView.obj
 0001:000027c0       ?CbtFilterHook@CWnd@@SA_JH_K_J@Z 00000001400037c0 f i ChildView.obj
 0001:00002860       ?HookWindowCreate@CWnd@@SAHPEAV1@G@Z 0000000140003860 f i ChildView.obj
 0001:00002910       ?CreateEx@CWnd@@UEAAHKPEBD0KHHHHPEAUHWND__@@PEAUHMENU__@@PEAX@Z 0000000140003910 f i ChildView.obj
 0001:00002a90       ??1?$CList@PEAUHWND__@@PEAU1@@@QEAA@XZ 0000000140003a90 f i MainFrm.obj
 0001:00002a90       ??1?$CList@PEAXPEAX@@QEAA@XZ 0000000140003a90 f i MainFrm.obj
 0001:00002a90       ??1?$CList@PEAUCRuntimeClass@@AEBQEAU1@@@QEAA@XZ 0000000140003a90 f i ChildView.obj
 0001:00002a90       ??1?$CList@PEAVCFrameWnd@@AEBQEAV1@@@QEAA@XZ 0000000140003a90 f i FrmVC6.obj
 0001:00002ac0       ??1CString@WTL@@QEAA@XZ    0000000140003ac0 f i ChildView.obj
 0001:00002af0       ??1CModuleState@@QEAA@XZ   0000000140003af0 f i ChildView.obj
 0001:00002b70       ?AfxGetModuleState@@YAPEAVCModuleState@@XZ 0000000140003b70 f i ChildView.obj
 0001:00002be0       ?AllocBuffer@CString@WTL@@IEAAHH@Z 0000000140003be0 f i ChildView.obj
 0001:00002c70       ?ConcatCopy@CString@WTL@@IEAAHHPEBDH0@Z 0000000140003c70 f i ChildView.obj
 0001:00002d20       ?AtlThrowImpl@ATL@@YAXJ@Z  0000000140003d20 f i ChildView.obj
 0001:00002d40       ?memcpy_x@SecureHelper@WTL@@YAXPEAX_KPEBX1@Z 0000000140003d40 f i ChildView.obj
 0001:00002d90       ?ConcatInPlace@CString@WTL@@IEAAXHPEBD@Z 0000000140003d90 f i ChildView.obj
 0001:00002e80       ?AfxEndDeferRegisterClass@CAfx@@SAHJ@Z 0000000140003e80 f i ChildView.obj
 0001:00003410       ?PreCreateWindow@CWnd@@UEAAHAEAUtagCREATESTRUCTA@@@Z 0000000140004410 f i ChildView.obj
 0001:00003460       ?ContinueModal@CWnd@@UEAAHXZ 0000000140004460 f i ChildView.obj
 0001:00003470       ?EndModalLoop@CWnd@@UEAAXH@Z 0000000140004470 f i ChildView.obj
 0001:000034a0       ?_ProcessWindowMessage@CFrmVC6App@@UEAAHPEAUHWND__@@I_K_JAEA_J@Z 00000001400044a0 f i FrmVC6.obj
 0001:00003530       ?InitInstance@CFrmVC6App@@UEAAHXZ 0000000140004530 f   FrmVC6.obj
 0001:000035e0       ??1CAboutDlg@@UEAA@XZ      00000001400045e0 f i FrmVC6.obj
 0001:000035f0       ?_ProcessWindowMessage@CAboutDlg@@UEAAHPEAUHWND__@@I_K_JAEA_J@Z 00000001400045f0 f i FrmVC6.obj
 0001:00003600       ?OnAppAbout@CFrmVC6App@@QEAAXXZ 0000000140004600 f   FrmVC6.obj
 0001:00003678       ??_9CDialog@@$BOI@AA       0000000140004678 f i FrmVC6.obj
 0001:00003684       ??_9CDialog@@$BPA@AA       0000000140004684 f i FrmVC6.obj
 0001:00003690       ?_ProcessWindowMessage@CDialog@@UEAAHPEAUHWND__@@I_K_JAEA_J@Z 0000000140004690 f i FrmVC6.obj
 0001:00003740       ?OnCmdMsg@CDialog@@UEAAHIHPEAXPEAUAFX_CMDHANDLERINFO@@@Z 0000000140004740 f i FrmVC6.obj
 0001:00003800       ?PreTranslateMessage@CDialog@@UEAAHPEAUtagMSG@@@Z 0000000140004800 f i FrmVC6.obj
 0001:00003910       ?OnOK@CDialog@@UEAAXXZ     0000000140004910 f i FrmVC6.obj
 0001:000039a0       ?OnCancel@CDialog@@UEAAXXZ 00000001400049a0 f i FrmVC6.obj
 0001:000039e0       ?Create@CDialog@@UEAAHIPEAVCWnd@@@Z 00000001400049e0 f i FrmVC6.obj
 0001:000039f0       ?CreateIndirect@CDialog@@UEAAHPEAXPEAVCWnd@@PEAUHINSTANCE__@@@Z 00000001400049f0 f i FrmVC6.obj
 0001:00003a70       ?classHandleFuncCDialog@CDialog@@SAPEAXPEAX0@Z 0000000140004a70 f i FrmVC6.obj
 0001:00003b10       ?CenterWindow@CWindow@ATL@@QEAAHPEAUHWND__@@@Z 0000000140004b10 f i FrmVC6.obj
 0001:00003cf0       ?ExecuteDlgInit@CWnd@@QEAAHPEAX@Z 0000000140004cf0 f i FrmVC6.obj
 0001:00003e00       ?ExecuteDlgInit@CWnd@@QEAAHPEBD@Z 0000000140004e00 f i FrmVC6.obj
 0001:00003ea0       ?OnInitDialog@CDialog@@UEAAHXZ 0000000140004ea0 f i FrmVC6.obj
 0001:00003f50       ?AfxDlgProc@CWnd@@SA_JPEAUHWND__@@I_K_J@Z 0000000140004f50 f i FrmVC6.obj
 0001:00003fd0       ?CreateDlgIndirect@CWnd@@QEAAHPEBUDLGTEMPLATE@@PEAV1@PEAUHINSTANCE__@@@Z 0000000140004fd0 f i FrmVC6.obj
 0001:00004080       ?CreateDlg@CWnd@@QEAAHPEBDPEAV1@@Z 0000000140005080 f i FrmVC6.obj
 0001:00004120       ?Create@CDialog@@UEAAHPEBDPEAVCWnd@@@Z 0000000140005120 f i FrmVC6.obj
 0001:00004170       ?RunModalLoop@CWnd@@QEAAHK@Z 0000000140005170 f i FrmVC6.obj
 0001:00004330       ?DoModal@CDialog@@UEAA_JXZ 0000000140005330 f i FrmVC6.obj
 0001:00004630       ?GetActiveWindow@CWnd@@SAPEAV1@XZ 0000000140005630 f i FrmVC6.obj
 0001:000047b0       ?GetSafeOwner_@CWnd@@SAPEAUHWND__@@PEAU2@PEAPEAU2@@Z 00000001400057b0 f i FrmVC6.obj
 0001:00004870       ??1CCommandLineInfo@@QEAA@XZ 0000000140005870 f i FrmVC6.obj
 0001:00004930       ??1CWinApp@@QEAA@XZ        0000000140005930 f i FrmVC6.obj
 0001:00004a60       ??1CWinThread@@QEAA@XZ     0000000140005a60 f i FrmVC6.obj
 0001:00004a80       ??0CModuleThreadState@@QEAA@XZ 0000000140005a80 f i FrmVC6.obj
 0001:00004b70       ??1CModuleThreadState@@QEAA@XZ 0000000140005b70 f i FrmVC6.obj
 0001:00004bc0       ?IsFrameWnd@CFrameWnd@@UEAAHXZ 0000000140005bc0 f i MainFrm.obj
 0001:00004bc0       ?InitInstance@CWinApp@@UEAAHXZ 0000000140005bc0 f i FrmVC6.obj
 0001:00004bd0       ?SendMessageToDescendants@CWnd@@QEAAXPEAUHWND__@@I_K_JHH@Z 0000000140005bd0 f i FrmVC6.obj
 0001:00004db0       ?OnIdle@CWinApp@@UEAAHH@Z  0000000140005db0 f i FrmVC6.obj
 0001:00004f80       ?WalkPreTranslateTree@CWnd@@SAHPEAUHWND__@@PEAUtagMSG@@@Z 0000000140005f80 f i FrmVC6.obj
 0001:00005060       ?PreTranslateMessage@CWinApp@@UEAAHPEAUtagMSG@@@Z 0000000140006060 f i FrmVC6.obj
 0001:00005120       ?PumpMessage@CWinApp@@UEAAHXZ 0000000140006120 f i FrmVC6.obj
 0001:000051a0       ?IsIdleMessage@CWinApp@@SAHPEAUtagMSG@@@Z 00000001400061a0 f i FrmVC6.obj
 0001:000051d0       ?Run@CWinApp@@UEAAHXZ      00000001400061d0 f i FrmVC6.obj
 0001:000052b0       ??0CWinApp@@QEAA@XZ        00000001400062b0 f i FrmVC6.obj
 0001:00005360       ?OnAppExit@CWinApp@@QEAAXXZ 0000000140006360 f i FrmVC6.obj
 0001:00005380       ?_ProcessWindowMessage@CWinApp@@UEAAHPEAUHWND__@@I_K_JAEA_J@Z 0000000140006380 f i FrmVC6.obj
 0001:000053e0       ?GetRuntimeClass@CMainFrame@@UEBAPEAUCRuntimeClass@@XZ 00000001400063e0 f   MainFrm.obj
 0001:000053f0       ?_ProcessWindowMessage@CMainFrame@@UEAAHPEAUHWND__@@I_K_JAEA_J@Z 00000001400063f0 f i MainFrm.obj
 0001:000055d0       ??0CMainFrame@@QEAA@XZ     00000001400065d0 f   MainFrm.obj
 0001:00005680       ??_ECMainFrame@@UEAAPEAXI@Z 0000000140006680 f i * CIL library *:* CIL module *
 0001:00005680       ??_GCMainFrame@@UEAAPEAXI@Z 0000000140006680 f i MainFrm.obj
 0001:00005700       ?OnCreate@CMainFrame@@IEAAHPEAUtagCREATESTRUCTA@@@Z 0000000140006700 f   MainFrm.obj
 0001:00005810       ?PreCreateWindow@CMainFrame@@UEAAHAEAUtagCREATESTRUCTA@@@Z 0000000140006810 f   MainFrm.obj
 0001:00005870       ?OnCmdMsg@CMainFrame@@UEAAHIHPEAXPEAUAFX_CMDHANDLERINFO@@@Z 0000000140006870 f   MainFrm.obj
 0001:00005910       ?SetButtons@CToolBar@@QEAAHPEBIH@Z 0000000140006910 f i MainFrm.obj
 0001:00005a90       ?AfxLoadSysColorBitmap@@YAPEAUHBITMAP__@@PEAUHINSTANCE__@@PEAUHRSRC__@@H@Z 0000000140006a90 f i MainFrm.obj
 0001:00005d40       ?AddReplaceBitmap@CToolBar@@QEAAHPEAUHBITMAP__@@@Z 0000000140006d40 f i MainFrm.obj
 0001:00005e30       ?LoadBitmapA@CToolBar@@QEAAHPEBD@Z 0000000140006e30 f i MainFrm.obj
 0001:00005ec0       ?LoadToolBar@CToolBar@@QEAAHPEBD@Z 0000000140006ec0 f i MainFrm.obj
 0001:00006020       ??1CToolBar@@UEAA@XZ       0000000140007020 f i MainFrm.obj
 0001:00006020       ??1CStatusBar@@UEAA@XZ     0000000140007020 f i MainFrm.obj
 0001:00006030       ?OnPaint@CToolBar@@QEAAXXZ 0000000140007030 f i MainFrm.obj
 0001:000060c0       ?OnSetBitmapSize@CToolBar@@QEAA_J_K_J@Z 00000001400070c0 f i MainFrm.obj
 0001:000060d0       ?OnSetSizeHelper@CToolBar@@QEAA_JAEAVCSize@WTL@@_J@Z 00000001400070d0 f i MainFrm.obj
 0001:00006200       ?OnSetButtonSize@CToolBar@@QEAA_J_K_J@Z 0000000140007200 f i MainFrm.obj
 0001:00006210       ?OnPreserveSizingPolicyHelper@CToolBar@@QEAA_J_K_J@Z 0000000140007210 f i MainFrm.obj
 0001:000063e0       ?OnPreserveZeroBorderHelper@CToolBar@@QEAA_J_K_J@Z 00000001400073e0 f i MainFrm.obj
 0001:000064f0       ?_ProcessWindowMessage@CToolBar@@UEAAHPEAUHWND__@@I_K_JAEA_J@Z 00000001400074f0 f i MainFrm.obj
 0001:000067d0       ??_GCControlBar@@UEAAPEAXI@Z 00000001400077d0 f i MainFrm.obj
 0001:000067d0       ??_GCToolBar@@UEAAPEAXI@Z  00000001400077d0 f i MainFrm.obj
 0001:000067d0       ??_ECControlBar@@UEAAPEAXI@Z 00000001400077d0 f i * CIL library *:* CIL module *
 0001:000067d0       ??_ECStatusBar@@UEAAPEAXI@Z 00000001400077d0 f i * CIL library *:* CIL module *
 0001:000067d0       ??_ECToolBar@@UEAAPEAXI@Z  00000001400077d0 f i * CIL library *:* CIL module *
 0001:000067d0       ??_GCStatusBar@@UEAAPEAXI@Z 00000001400077d0 f i MainFrm.obj
 0001:00006800       ?OnToolHitTest@CToolBar@@UEBA_JVCPoint@WTL@@PEAUtagTOOLINFOA@@@Z 0000000140007800 f i MainFrm.obj
 0001:00006930       ?OnBarStyleChange@CToolBar@@UEAAXKK@Z 0000000140007930 f i MainFrm.obj
 0001:00006980       ?Enable@CToolCmdUI@@UEAAXH@Z 0000000140007980 f i MainFrm.obj
 0001:00006a50       ?SetCheck@CToolCmdUI@@UEAAXH@Z 0000000140007a50 f i MainFrm.obj
 0001:00006b20       ?OnUpdateCmdUI@CToolBar@@UEAAXPEAVCFrameWnd@@H@Z 0000000140007b20 f i MainFrm.obj
 0001:00006cb0       ?WrapToolBar@CToolBar@@QEAAHPEAU_TBBUTTON@@HH@Z 0000000140007cb0 f i MainFrm.obj
 0001:00006dd0       ?SizeToolBar@CToolBar@@QEAAXPEAU_TBBUTTON@@HHH@Z 0000000140007dd0 f i MainFrm.obj
 0001:00006fa0       ?CalcSize@CToolBar@@QEAA?AVCSize@WTL@@PEAU_TBBUTTON@@H@Z 0000000140007fa0 f i MainFrm.obj
 0001:00007100       ?_SetButton@CToolBar@@QEAAXHPEAU_TBBUTTON@@@Z 0000000140008100 f i MainFrm.obj
 0001:000072f0       ?CalcDynamicLayout@CToolBar@@UEAA?AVCSize@WTL@@HK@Z 00000001400082f0 f i MainFrm.obj
 0001:00007350       ?CalcLayout@CToolBar@@QEAA?AVCSize@WTL@@KH@Z 0000000140008350 f i MainFrm.obj
 0001:000079b0       ?CalcFixedLayout@CToolBar@@UEAA?AVCSize@WTL@@HH@Z 00000001400089b0 f i MainFrm.obj
 0001:000079f0       ?Create@CToolBar@@UEAAHPEAVCWnd@@KI@Z 00000001400089f0 f i MainFrm.obj
 0001:00007a40       ?_AfxGetDropDownWidth@CToolBar@@SAHXZ 0000000140008a40 f i MainFrm.obj
 0001:00007b40       ?SetSizes@CToolBar@@QEAAXUtagSIZE@@0@Z 0000000140008b40 f i MainFrm.obj
 0001:00007be0       ?CreateEx@CToolBar@@UEAAHPEAVCWnd@@KKVCRect@WTL@@I@Z 0000000140008be0 f i MainFrm.obj
 0001:00007d20       ??0CToolBar@@QEAA@XZ       0000000140008d20 f i MainFrm.obj
 0001:00007db0       ??0_AUX_DATA@@QEAA@XZ      0000000140008db0 f i MainFrm.obj
 0001:00007ec0       ??0CControlBar@@QEAA@XZ    0000000140008ec0 f i MainFrm.obj
 0001:00007f80       ?OnGetText@CStatusBar@@QEAAHHPEAD@Z 0000000140008f80 f i MainFrm.obj
 0001:00008010       ?OnNcCalcSize@CStatusBar@@QEAAXHPEAUtagNCCALCSIZE_PARAMS@@@Z 0000000140009010 f i MainFrm.obj
 0001:000080d0       ??_GCWindowDCMTL@@UEAAPEAXI@Z 00000001400090d0 f i MainFrm.obj
 0001:000080d0       ??_ECWindowDCMTL@@UEAAPEAXI@Z 00000001400090d0 f i * CIL library *:* CIL module *
 0001:00008100       ??1CWindowDCMTL@@UEAA@XZ   0000000140009100 f i MainFrm.obj
 0001:00008180       ?DrawBorders@CControlBar@@QEAAXPEAVCDCMTL@@AEAVCRect@WTL@@@Z 0000000140009180 f i MainFrm.obj
 0001:00008590       ?FillSolidRect@?$CDCT@$00@WTL@@QEAAXHHHHK@Z 0000000140009590 f i MainFrm.obj
 0001:00008620       ?Draw3dRect@?$CDCT@$00@WTL@@QEAAXHHHHKK@Z 0000000140009620 f i MainFrm.obj
 0001:00008810       ?DrawNonThemedGripper@CControlBar@@QEAAHPEAVCDCMTL@@AEBVCRect@WTL@@@Z 0000000140009810 f i MainFrm.obj
 0001:000088d0       ?EraseNonClient@CControlBar@@QEAAXXZ 00000001400098d0 f i MainFrm.obj
 0001:00008b10       ?OnSetMinHeight@CStatusBar@@QEAA_J_K_J@Z 0000000140009b10 f i MainFrm.obj
 0001:00008b50       ?_ProcessWindowMessage@CStatusBar@@UEAAHPEAUHWND__@@I_K_JAEA_J@Z 0000000140009b50 f i MainFrm.obj
 0001:00008db0       ?OnCreate@CControlBar@@QEAAHPEAUtagCREATESTRUCTA@@@Z 0000000140009db0 f i MainFrm.obj
 0001:00008e90       ?OnDestroy@CControlBar@@QEAAXXZ 0000000140009e90 f i MainFrm.obj
 0001:00008f10       ?OnLButtonDown@CControlBar@@QEAAXIVCPoint@WTL@@@Z 0000000140009f10 f i MainFrm.obj
 0001:00008f90       ?ReDockControlBar@CDockBar@@QEAAXPEAVCControlBar@@PEBUtagRECT@@@Z 0000000140009f90 f i MainFrm.obj
 0001:00009360       ?ReDockControlBar@CFrameWnd@@QEAAXPEAVCControlBar@@PEAVCDockBar@@PEBUtagRECT@@@Z 000000014000a360 f i MainFrm.obj
 0001:000094b0       ?ToggleDocking@CDockContext@@QEAAXXZ 000000014000a4b0 f i MainFrm.obj
 0001:00009620       ?OnTimer@CControlBar@@QEAAX_K@Z 000000014000a620 f i MainFrm.obj
 0001:00009820       ?RecalcDelayShow@CControlBar@@QEAAKPEAUAFX_SIZEPARENTPARAMS@@@Z 000000014000a820 f i MainFrm.obj
 0001:000098f0       ?OnSizeParent@CControlBar@@QEAA_J_K_J@Z 000000014000a8f0 f i MainFrm.obj
 0001:00009a70       ?OnIdleUpdateCmdUI@CControlBar@@QEAA_J_K_J@Z 000000014000aa70 f i MainFrm.obj
 0001:00009b80       ?OnInitialUpdate@CControlBar@@QEAAXXZ 000000014000ab80 f i MainFrm.obj
 0001:00009b90       ?_ProcessWindowMessage@CControlBar@@UEAAHPEAUHWND__@@I_K_JAEA_J@Z 000000014000ab90 f i MainFrm.obj
 0001:00009d10       ?WindowProc@CControlBar@@UEAA_JI_K_J@Z 000000014000ad10 f i MainFrm.obj
 0001:00009e60       ?RemoveControlBar@CFrameWnd@@QEAAXPEAVCControlBar@@@Z 000000014000ae60 f i MainFrm.obj
 0001:00009ee0       ?GetCapture@CWnd@@SAPEAV1@XZ 000000014000aee0 f i MainFrm.obj
 0001:0000a060       ?Create@CDockBar@@QEAAHPEAVCWnd@@KI@Z 000000014000b060 f i MainFrm.obj
 0001:0000a130       ?Create@CMiniDockFrameWnd@@QEAAHPEAVCWnd@@K@Z 000000014000b130 f i MainFrm.obj
 0001:0000a390       ?GetDlgItem@CWnd@@QEAAPEAV1@H@Z 000000014000b390 f i MainFrm.obj
 0001:0000a510       ?GetParentOwner@CWnd@@QEAAPEAV1@XZ 000000014000b510 f i MainFrm.obj
 0001:0000a6f0       ?Create@CToolTipCtrlMTL@@QEAAHPEAVCWnd@@K@Z 000000014000b6f0 f i MainFrm.obj
 0001:0000a790       ??_GCToolTipCtrlMTL@@UEAAPEAXI@Z 000000014000b790 f i MainFrm.obj
 0001:0000a790       ??_ECToolTipCtrlMTL@@UEAAPEAXI@Z 000000014000b790 f i * CIL library *:* CIL module *
 0001:0000a7e0       ?GetForegroundWindow@CWnd@@SAPEAV1@XZ 000000014000b7e0 f i MainFrm.obj
 0001:0000a960       ?GetLastActivePopup@CWnd@@QEAAPEAV1@XZ 000000014000b960 f i MainFrm.obj
 0001:0000aae0       ?_AfxRelayToolTipMessage@CWnd@@SAXPEAVCToolTipCtrlMTL@@PEAUtagMSG@@@Z 000000014000bae0 f i MainFrm.obj
 0001:0000ab90       ?CancelToolTips@CWnd@@QEAAXH@Z 000000014000bb90 f i MainFrm.obj
 0001:0000ac10       ?FilterToolTipMessage@CWnd@@QEAAXPEAUtagMSG@@@Z 000000014000bc10 f i MainFrm.obj
 0001:0000b3d0       ?_FilterToolTipMessage@CWnd@@SAXPEAUtagMSG@@PEAV1@@Z 000000014000c3d0 f i MainFrm.obj
 0001:0000b3e0       ?_EnableToolTips@CWnd@@QEAAHHI@Z 000000014000c3e0 f i MainFrm.obj
 0001:0000b530       ?Insert@CDockBar@@QEAAHPEAVCControlBar@@VCRect@WTL@@VCPoint@4@@Z 000000014000c530 f i MainFrm.obj
 0001:0000b8a0       ?SetSize@?$CArray@PEAXAEBQEAX@@QEAAX_J0@Z 000000014000c8a0 f i MainFrm.obj
 0001:0000b9f0       ?SetParent@CWnd@@QEAAPEAV1@PEAV1@@Z 000000014000c9f0 f i MainFrm.obj
 0001:0000bb80       ?DockControlBar@CDockBar@@QEAAXPEAVCControlBar@@PEBUtagRECT@@@Z 000000014000cb80 f i MainFrm.obj
 0001:0000beb0       ?FloatControlBar@CFrameWnd@@QEAAXPEAVCControlBar@@VCPoint@WTL@@K@Z 000000014000ceb0 f i MainFrm.obj
 0001:0000c090       ?RemoveAt@?$CArray@PEAXAEBQEAX@@QEAAX_J0@Z 000000014000d090 f i MainFrm.obj
 0001:0000c0d0       ?RemovePlaceHolder@CDockBar@@QEAAXPEAVCControlBar@@@Z 000000014000d0d0 f i MainFrm.obj
 0001:0000c1b0       ?RemoveControlBar@CDockBar@@QEAAHPEAVCControlBar@@HH@Z 000000014000d1b0 f i MainFrm.obj
 0001:0000c430       ??1CControlBar@@UEAA@XZ    000000014000d430 f i MainFrm.obj
 0001:0000c4e0       ?PostNcDestroy@CControlBar@@UEAAXXZ 000000014000d4e0 f i MainFrm.obj
 0001:0000c500       ?PreTranslateMessage@CControlBar@@UEAAHPEAUtagMSG@@@Z 000000014000d500 f i MainFrm.obj
 0001:0000c7e0       ?PreCreateWindow@CControlBar@@UEAAHAEAUtagCREATESTRUCTA@@@Z 000000014000d7e0 f i MainFrm.obj
 0001:0000c890       ?PreCreateWindow@CStatusBar@@UEAAHAEAUtagCREATESTRUCTA@@@Z 000000014000d890 f i MainFrm.obj
 0001:0000c8c0       ?OnBarStyleChange@CStatusBar@@UEAAXKK@Z 000000014000d8c0 f i MainFrm.obj
 0001:0000c900       ?Enable@CStatusCmdUI@@UEAAXH@Z 000000014000d900 f i MainFrm.obj
 0001:0000c9a0       ??1?$CArray@HAEBH@@QEAA@XZ 000000014000d9a0 f i MainFrm.obj
 0001:0000c9e0       ?SetSize@?$CArray@HAEBH@@QEAAX_J0@Z 000000014000d9e0 f i MainFrm.obj
 0001:0000cb30       ?UpdateAllPanes@CStatusBar@@QEAAXHH@Z 000000014000db30 f i MainFrm.obj
 0001:0000ced0       ?SetCheck@CStatusCmdUI@@UEAAXH@Z 000000014000ded0 f i MainFrm.obj
 0001:0000cf70       ?SetPaneText@CStatusBar@@QEAAHHPEBDH@Z 000000014000df70 f i MainFrm.obj
 0001:0000d040       ?SetText@CStatusCmdUI@@UEAAXPEBD@Z 000000014000e040 f i MainFrm.obj
 0001:0000d050       ?UpdateDialogControls@CWnd@@QEAAXPEAVCCmdTarget@@H@Z 000000014000e050 f i MainFrm.obj
 0001:0000d350       ?OnUpdateCmdUI@CStatusBar@@UEAAXPEAVCFrameWnd@@H@Z 000000014000e350 f i MainFrm.obj
 0001:0000d490       ?CalcFixedLayout@CControlBar@@UEAA?AVCSize@WTL@@HH@Z 000000014000e490 f i MainFrm.obj
 0001:0000d4d0       ?CalcDynamicLayout@CControlBar@@UEAA?AVCSize@WTL@@HK@Z 000000014000e4d0 f i MainFrm.obj
 0001:0000d500       ??_GCClientDCMTL@@UEAAPEAXI@Z 000000014000e500 f i MainFrm.obj
 0001:0000d500       ??_ECClientDCMTL@@UEAAPEAXI@Z 000000014000e500 f i * CIL library *:* CIL module *
 0001:0000d530       ??1CClientDCMTL@@UEAA@XZ   000000014000e530 f i MainFrm.obj
 0001:0000d5b0       ?CalcInsideRect@CControlBar@@QEBAXAEAVCRect@WTL@@H@Z 000000014000e5b0 f i MainFrm.obj
 0001:0000d670       ?CalcFixedLayout@CStatusBar@@UEAA?AVCSize@WTL@@HH@Z 000000014000e670 f i MainFrm.obj
 0001:0000d880       ?ResetTimer@CControlBar@@QEAAX_KI@Z 000000014000e880 f i MainFrm.obj
 0001:0000d8e0       ?SetStatusText@CControlBar@@UEAAH_J@Z 000000014000e8e0 f i MainFrm.obj
 0001:0000da00       ?Create@CStatusBar@@UEAAHPEAVCWnd@@KI@Z 000000014000ea00 f i MainFrm.obj
 0001:0000da20       ?CreateEx@CStatusBar@@UEAAHPEAVCWnd@@KKI@Z 000000014000ea20 f i MainFrm.obj
 0001:0000db10       ?OnCmdMsg@CFrameWnd@@UEAAHIHPEAXPEAUAFX_CMDHANDLERINFO@@@Z 000000014000eb10 f i MainFrm.obj
 0001:0000db80       ??_GCFrameWnd@@UEAAPEAXI@Z 000000014000eb80 f i MainFrm.obj
 0001:0000db80       ??_ECFrameWnd@@UEAAPEAXI@Z 000000014000eb80 f i * CIL library *:* CIL module *
 0001:0000dbb0       ?PreTranslateMessage@CFrameWnd@@UEAAHPEAUtagMSG@@@Z 000000014000ebb0 f i MainFrm.obj
 0001:0000dc30       ?AfxIsDescendant@CFrameWnd@@SAHPEAUHWND__@@0@Z 000000014000ec30 f i MainFrm.obj
 0001:0000dd30       ?ShowOwnedWindows@CFrameWnd@@QEAAXH@Z 000000014000ed30 f i MainFrm.obj
 0001:0000df70       ?OnSetPreviewMode@CFrameWnd@@UEAAXHPEAUCPrintPreviewState@@@Z 000000014000ef70 f i MainFrm.obj
 0001:0000e330       ?ActivateFrame@CFrameWnd@@UEAAXH@Z 000000014000f330 f i MainFrm.obj
 0001:0000e3e0       ?GetActiveFrame@CFrameWnd@@UEAAPEAV1@XZ 000000014000f3e0 f i MainFrm.obj
 0001:0000e3f0       ?GetDefaultAccelerator@CFrameWnd@@UEAAPEAUHACCEL__@@XZ 000000014000f3f0 f i MainFrm.obj
 0001:0000e400       ?PreCreateWindow@CFrameWnd@@UEAAHAEAUtagCREATESTRUCTA@@@Z 000000014000f400 f i MainFrm.obj
 0001:0000e450       ?GetIconWndClass@CFrameWnd@@QEAAPEBDKI@Z 000000014000f450 f i MainFrm.obj
 0001:0000e510       ?RemoveFrameWnd@CFrameWnd@@QEAAXXZ 000000014000f510 f i MainFrm.obj
 0001:0000e590       ??1CFrameWnd@@UEAA@XZ      000000014000f590 f i MainFrm.obj
 0001:0000e620       ?PostNcDestroy@CFrameWnd@@UEAAXXZ 000000014000f620 f i MainFrm.obj
 0001:0000e640       ?Create@CFrameWnd@@UEAAHPEBD0KAEBUtagRECT@@PEAVCWnd@@0KPEAUCCreateContext@@@Z 000000014000f640 f i MainFrm.obj
 0001:0000e780       ?LoadFrame@CFrameWnd@@UEAAHIKPEAVCWnd@@PEAUCCreateContext@@@Z 000000014000f780 f i MainFrm.obj
 0001:0000e960       ?AddFrameWnd@CFrameWnd@@QEAAXXZ 000000014000f960 f i MainFrm.obj
 0001:0000e9f0       ??0CFrameWnd@@QEAA@XZ      000000014000f9f0 f i MainFrm.obj
 0001:0000eae0       ?LoadStringA@CString@WTL@@QEAAHI@Z 000000014000fae0 f i MainFrm.obj
 0001:0000ec20       ?OnClose@CFrameWnd@@QEAAXXZ 000000014000fc20 f i MainFrm.obj
 0001:0000ece0       ?CreateView@CFrameWnd@@QEAAPEAVCWnd@@PEAUCCreateContext@@I@Z 000000014000fce0 f i MainFrm.obj
 0001:0000edf0       ?OnCreateClient@CFrameWnd@@UEAAHPEAUtagCREATESTRUCTA@@PEAUCCreateContext@@@Z 000000014000fdf0 f i MainFrm.obj
 0001:0000ee20       ?OnCreateHelper@CFrameWnd@@QEAAHPEAUtagCREATESTRUCTA@@PEAUCCreateContext@@@Z 000000014000fe20 f i MainFrm.obj
 0001:0000eec0       ?DestroyWindow@CControlBar@@UEAAHXZ 000000014000fec0 f i MainFrm.obj
 0001:0000ef30       ?DestroyDockBars@CFrameWnd@@QEAAXXZ 000000014000ff30 f i MainFrm.obj
 0001:0000f270       ?OnDestroy@CFrameWnd@@QEAAXXZ 0000000140010270 f i MainFrm.obj
 0001:0000f300       ?SetActiveWindow@CWnd@@QEAAPEAV1@XZ 0000000140010300 f i MainFrm.obj
 0001:0000f480       ?OnDropFiles@CFrameWnd@@QEAAXPEAUHDROP__@@@Z 0000000140010480 f i MainFrm.obj
 0001:0000f510       ?GetOwner@CWnd@@QEAAPEAV1@XZ 0000000140010510 f i MainFrm.obj
 0001:0000f6a0       ?AfxGetParentOwner@CWnd@@SAPEAUHWND__@@PEAU2@@Z 00000001400106a0 f i MainFrm.obj
 0001:0000f780       ?GetTopLevelParent@CWnd@@QEAAPEAV1@XZ 0000000140010780 f i MainFrm.obj
 0001:0000f950       ?OnIdle@CCmdUI@@QEAAHPEAVCCmdTarget@@H@Z 0000000140010950 f i MainFrm.obj
 0001:0000fa10       ?OnInitMenuPopup@CFrameWnd@@QEAAXPEAVCMenuMTL@@IH@Z 0000000140010a10 f i MainFrm.obj
 0001:0000fcf0       ?GetTopLevelFrame@CWnd@@QEAAPEAVCFrameWnd@@XZ 0000000140010cf0 f i MainFrm.obj
 0001:0000fdc0       ?SetMenuBarState@CFrameWnd@@QEAAHK@Z 0000000140010dc0 f i MainFrm.obj
 0001:0000fe20       ?OnMenuSelect@CFrameWnd@@QEAAXIIPEAUHMENU__@@@Z 0000000140010e20 f i MainFrm.obj
 0001:0000ffd0       ?OnSize@CFrameWnd@@QEAAXIHH@Z 0000000140010fd0 f i MainFrm.obj
 0001:00010020       ?OnPopMessageString@CFrameWnd@@QEAA_J_K_J@Z 0000000140011020 f i MainFrm.obj
 0001:00010040       ?GetDescendantWindow@CWnd@@QEAAPEAV1@PEAUHWND__@@HH@Z 0000000140011040 f i MainFrm.obj
 0001:00010270       ?OnSetMessageString@CFrameWnd@@QEAA_J_K_J@Z 0000000140011270 f i MainFrm.obj
 0001:000103f0       ?OnUpdateFrameMenu@CFrameWnd@@UEAAXPEAUHMENU__@@@Z 00000001400113f0 f i MainFrm.obj
 0001:00010420       ?UpdateFrameTitleForDocument@CFrameWnd@@QEAAXPEBD@Z 0000000140011420 f i MainFrm.obj
 0001:00010a40       ?OnUpdateFrameTitle@CFrameWnd@@UEAAXH@Z 0000000140011a40 f i MainFrm.obj
 0001:00010a80       ?OnIdleUpdateCmdUI@CFrameWnd@@QEAAXXZ 0000000140011a80 f i MainFrm.obj
 0001:00010b20       ?OnUpdateControlBarMenu@CFrameWnd@@QEAAXPEAVCCmdUI@@@Z 0000000140011b20 f i MainFrm.obj
 0001:00010bb0       ?GetControlBar@CFrameWnd@@QEAAPEAVCControlBar@@I@Z 0000000140011bb0 f i MainFrm.obj
 0001:00010c20       ?GetParentFrame@CWnd@@QEAAPEAVCFrameWnd@@XZ 0000000140011c20 f i MainFrm.obj
 0001:00010c80       ?GetDockingFrame@CControlBar@@QEAAPEAVCFrameWnd@@XZ 0000000140011c80 f i MainFrm.obj
 0001:00010cf0       ?IsVisible@CControlBar@@UEBAHXZ 0000000140011cf0 f i MainFrm.obj
 0001:00010d30       ?AfxRepositionWindow@CAfx@@SAXPEAUAFX_SIZEPARENTPARAMS@@PEAUHWND__@@PEBUtagRECT@@@Z 0000000140011d30 f i MainFrm.obj
 0001:00010e30       ?RepositionBars@CWnd@@QEAAXIIIIPEAUtagRECT@@PEBU2@H@Z 0000000140011e30 f i MainFrm.obj
 0001:00011150       ?RecalcLayout@CFrameWnd@@UEAAXH@Z 0000000140012150 f i MainFrm.obj
 0001:00011280       ?ShowControlBar@CFrameWnd@@QEAAXPEAVCControlBar@@HH@Z 0000000140012280 f i MainFrm.obj
 0001:000114c0       ?OnBarCheck@CFrameWnd@@QEAAHI@Z 00000001400124c0 f i MainFrm.obj
 0001:00011550       ?_AtlGetStringResourceImage@CAfx@@SAPEBUATLSTRINGRESOURCEIMAGE@ATL@@PEAUHINSTANCE__@@PEAUHRSRC__@@I@Z 0000000140012550 f i MainFrm.obj
 0001:000115f0       ?AfxLoadString@CAfx@@SAHIPEADI@Z 00000001400125f0 f i MainFrm.obj
 0001:000116a0       ?AssignCopy@CString@WTL@@IEAAXHPEBD@Z 00000001400126a0 f i MainFrm.obj
 0001:00011780       ?Empty@CString@WTL@@QEAAXXZ 0000000140012780 f i MainFrm.obj
 0001:00011800       ?GetBuffer@CString@WTL@@QEAAPEADH@Z 0000000140012800 f i MainFrm.obj
 0001:000118d0       ?CopyBeforeWrite@CString@WTL@@IEAAXXZ 00000001400128d0 f i MainFrm.obj
 0001:00011980       ?AfxExtractSubString@CAfx@@SAHAEAVCString@WTL@@PEBDHD@Z 0000000140012980 f i MainFrm.obj
 0001:00011a80       ?OnToolTipText@CFrameWnd@@QEAAHIPEAUtagNMHDR@@PEA_J@Z 0000000140012a80 f i MainFrm.obj
 0001:00011df0       ?_ProcessWindowMessage@CFrameWnd@@UEAAHPEAUHWND__@@I_K_JAEA_J@Z 0000000140012df0 f i MainFrm.obj
 0001:000124d0       ?SetCurrentHandles@CWinApp@@QEAAXXZ 00000001400134d0 f i StdAfx.obj
 0001:000127f0       ?GetRuntimeClass@CCmdTarget@@UEBAPEAUCRuntimeClass@@XZ 00000001400137f0 f   StdAfx.obj
 0001:00012800       ?CreateObject@CWnd@@SAPEAVCObject@@XZ 0000000140013800 f   StdAfx.obj
 0001:00012850       ?GetRuntimeClass@CWnd@@UEBAPEAUCRuntimeClass@@XZ 0000000140013850 f   StdAfx.obj
 0001:00012860       ?GetRuntimeClass@CDialog@@UEBAPEAUCRuntimeClass@@XZ 0000000140013860 f   StdAfx.obj
 0001:00012870       ?CreateObject@CFrameWnd@@SAPEAVCObject@@XZ 0000000140013870 f   StdAfx.obj
 0001:000128b0       ?GetRuntimeClass@CFrameWnd@@UEBAPEAUCRuntimeClass@@XZ 00000001400138b0 f   StdAfx.obj
 0001:000128c0       ?GetRuntimeClass@CControlBar@@UEBAPEAUCRuntimeClass@@XZ 00000001400138c0 f   StdAfx.obj
 0001:000128d0       ?GetRuntimeClass@CToolBar@@UEBAPEAUCRuntimeClass@@XZ 00000001400138d0 f   StdAfx.obj
 0001:000128e0       ?GetRuntimeClass@CToolTipCtrlMTL@@UEBAPEAUCRuntimeClass@@XZ 00000001400138e0 f   StdAfx.obj
 0001:000128f0       WinMain                    00000001400138f0 f   StdAfx.obj
 0001:00012960       ?__AllocStdCallThunk@ATL@@YAPEAXXZ 0000000140013960 f   atls:atlthunk.obj
 0001:00012a24       ?__FreeStdCallThunk@ATL@@YAXPEAX@Z 0000000140013a24 f   atls:atlthunk.obj
 0001:00012ab4       ??0CAtlBaseModule@ATL@@QEAA@XZ 0000000140013ab4 f   atls:atlbase.obj
 0001:00012b5c       ??1CAtlBaseModule@ATL@@QEAA@XZ 0000000140013b5c f   atls:atlbase.obj
 0001:00012b90       ??3@YAXPEAX@Z              0000000140013b90 f   LIBCMT:delete.obj
 0001:00012b98       memcpy_s                   0000000140013b98 f   LIBCMT:memcpy_s.obj
 0001:00012c20       ??8type_info@@QEBA_NAEBV0@@Z 0000000140013c20 f   LIBCMT:typinfo.obj
 0001:00012c40       ??_Etype_info@@UEAAPEAXI@Z 0000000140013c40 f i LIBCMT:typinfo.obj
 0001:00012c40       ??_Gtype_info@@UEAAPEAXI@Z 0000000140013c40 f i LIBCMT:typinfo.obj
 0001:00012c7c       ??_V@YAXPEAX@Z             0000000140013c7c f   LIBCMT:delete2.obj
 0001:00012c84       ??_U@YAPEAX_K@Z            0000000140013c84 f   LIBCMT:new2.obj
 0001:00012c8c       __onexitinit               0000000140013c8c f   LIBCMT:onexit.obj
 0001:00012cd0       _onexit                    0000000140013cd0 f   LIBCMT:onexit.obj
 0001:00012ddc       atexit                     0000000140013ddc f   LIBCMT:onexit.obj
 0001:00012df4       ??0bad_alloc@std@@QEAA@AEBV01@@Z 0000000140013df4 f i LIBCMT:new.obj
 0001:00012e18       ??1bad_alloc@std@@UEAA@XZ  0000000140013e18 f i LIBCMT:new.obj
 0001:00012e28       ??2@YAPEAX_K@Z             0000000140013e28 f   LIBCMT:new.obj
 0001:00012e94       ??_Gbad_alloc@std@@UEAAPEAXI@Z 0000000140013e94 f i LIBCMT:new.obj
 0001:00012e94       ??_Ebad_alloc@std@@UEAAPEAXI@Z 0000000140013e94 f i LIBCMT:new.obj
 0001:00012ed0       free                       0000000140013ed0 f   LIBCMT:free.obj
 0001:00012f10       _strdup                    0000000140013f10 f   LIBCMT:strdup.obj
 0001:00012f80       ??0_LocaleUpdate@@QEAA@PEAUlocaleinfo_struct@@@Z 0000000140013f80 f i LIBCMT:mbschr.obj
 0001:00013028       _mbschr                    0000000140014028 f   LIBCMT:mbschr.obj
 0001:00013030       _mbschr_l                  0000000140014030 f   LIBCMT:mbschr.obj
 0001:000130f0       _mbscmp                    00000001400140f0 f   LIBCMT:mbscmp.obj
 0001:000130f8       _mbscmp_l                  00000001400140f8 f   LIBCMT:mbscmp.obj
 0001:000131f0       memmove                    00000001400141f0 f   LIBCMT:memcpy.obj
 0001:000131f0       memcpy                     00000001400141f0 f   LIBCMT:memcpy.obj
 0001:00013758       _purecall                  0000000140014758 f   LIBCMT:purevirt.obj
 0001:00013784       malloc                     0000000140014784 f   LIBCMT:malloc.obj
 0001:0001383c       WinMainCRTStartup          000000014001483c f   LIBCMT:wincrt0.obj
 0001:00013a20       memset                     0000000140014a20 f   LIBCMT:memset.obj
 0001:00013c4c       _call_reportfault          0000000140014c4c f   LIBCMT:invarg.obj
 0001:00013d40       _initp_misc_invarg         0000000140014d40 f   LIBCMT:invarg.obj
 0001:00013d48       _invalid_parameter         0000000140014d48 f   LIBCMT:invarg.obj
 0001:00013db0       _invalid_parameter_noinfo  0000000140014db0 f   LIBCMT:invarg.obj
 0001:00013dd0       _invoke_watson             0000000140014dd0 f   LIBCMT:invarg.obj
 0001:00013e0c       __doserrno                 0000000140014e0c f   LIBCMT:dosmap.obj
 0001:00013e2c       _dosmaperr                 0000000140014e2c f   LIBCMT:dosmap.obj
 0001:00013e7c       _errno                     0000000140014e7c f   LIBCMT:dosmap.obj
 0001:00013e9c       _get_errno_from_oserr      0000000140014e9c f   LIBCMT:dosmap.obj
 0001:00013f00       strcmp                     0000000140014f00 f   LIBCMT:strcmp.obj
 0001:00013f68       ?_Type_info_dtor@type_info@@CAXPEAV1@@Z 0000000140014f68 f   LIBCMT:typname.obj
 0001:00013fd4       __crtCorExitProcess        0000000140014fd4 f   LIBCMT:crt0dat.obj
 0001:00014018       __crtExitProcess           0000000140015018 f   LIBCMT:crt0dat.obj
 0001:00014030       _amsg_exit                 0000000140015030 f   LIBCMT:crt0dat.obj
 0001:00014058       _c_exit                    0000000140015058 f   LIBCMT:crt0dat.obj
 0001:00014068       _cexit                     0000000140015068 f   LIBCMT:crt0dat.obj
 0001:00014078       _cinit                     0000000140015078 f   LIBCMT:crt0dat.obj
 0001:00014110       _exit                      0000000140015110 f   LIBCMT:crt0dat.obj
 0001:0001411c       _init_pointers             000000014001511c f   LIBCMT:crt0dat.obj
 0001:000141c8       _initterm_e                00000001400151c8 f   LIBCMT:crt0dat.obj
 0001:00014204       _lockexit                  0000000140015204 f   LIBCMT:crt0dat.obj
 0001:00014210       _unlockexit                0000000140015210 f   LIBCMT:crt0dat.obj
 0001:000143b4       exit                       00000001400153b4 f   LIBCMT:crt0dat.obj
 0001:000143c0       _msize                     00000001400153c0 f   LIBCMT:msize.obj
 0001:000143fc       _calloc_crt                00000001400153fc f   LIBCMT:crtheap.obj
 0001:0001447c       _malloc_crt                000000014001547c f   LIBCMT:crtheap.obj
 0001:000144f8       _realloc_crt               00000001400154f8 f   LIBCMT:crtheap.obj
 0001:0001457c       __C_specific_handler       000000014001557c f   LIBCMT:chandler.obj
 0001:00014760       ??0exception@std@@QEAA@AEBQEBD@Z 0000000140015760 f   LIBCMT:stdexcpt.obj
 0001:00014790       ??0exception@std@@QEAA@AEBQEBDH@Z 0000000140015790 f   LIBCMT:stdexcpt.obj
 0001:000147ac       ??0exception@std@@QEAA@AEBV01@@Z 00000001400157ac f   LIBCMT:stdexcpt.obj
 0001:000147d8       ??1exception@std@@UEAA@XZ  00000001400157d8 f   LIBCMT:stdexcpt.obj
 0001:000147e8       ??4exception@std@@QEAAAEAV01@AEBV01@@Z 00000001400157e8 f   LIBCMT:stdexcpt.obj
 0001:0001482c       ??_Gexception@std@@UEAAPEAXI@Z 000000014001582c f i LIBCMT:stdexcpt.obj
 0001:0001482c       ??_Eexception@std@@UEAAPEAXI@Z 000000014001582c f i LIBCMT:stdexcpt.obj
 0001:00014868       ?_Copy_str@exception@std@@AEAAXPEBD@Z 0000000140015868 f   LIBCMT:stdexcpt.obj
 0001:000148c4       ?_Tidy@exception@std@@AEAAXXZ 00000001400158c4 f   LIBCMT:stdexcpt.obj
 0001:000148ec       ?what@exception@std@@UEBAPEBDXZ 00000001400158ec f   LIBCMT:stdexcpt.obj
 0001:00014900       _callnewh                  0000000140015900 f   LIBCMT:handler.obj
 0001:00014934       _initp_heap_handler        0000000140015934 f   LIBCMT:handler.obj
 0001:0001493c       _CxxThrowException         000000014001593c f   LIBCMT:throw.obj
 0001:00014a04       _heap_init                 0000000140015a04 f   LIBCMT:heapinit.obj
 0001:00014a24       strcpy_s                   0000000140015a24 f   LIBCMT:strcpy_s.obj
 0001:00014aa0       strlen                     0000000140015aa0 f   LIBCMT:strlen.obj
 0001:00014b48       __addlocaleref             0000000140015b48 f   LIBCMT:localref.obj
 0001:00014bd4       __freetlocinfo             0000000140015bd4 f   LIBCMT:localref.obj
 0001:00014d6c       __removelocaleref          0000000140015d6c f   LIBCMT:localref.obj
 0001:00014e10       __updatetlocinfo           0000000140015e10 f   LIBCMT:localref.obj
 0001:00014e88       _updatetlocinfoEx_nolock   0000000140015e88 f   LIBCMT:localref.obj
 0001:00014eec       __initmbctable             0000000140015eec f   LIBCMT:mbctype.obj
 0001:00015208       __updatetmbcinfo           0000000140016208 f   LIBCMT:mbctype.obj
 0001:000152c4       _setmbcp                   00000001400162c4 f   LIBCMT:mbctype.obj
 0001:00015508       _setmbcp_nolock            0000000140016508 f   LIBCMT:mbctype.obj
 0001:000157b8       strchr                     00000001400167b8 f   LIBCMT:strchr.obj
 0001:00015844       _freefls                   0000000140016844 f   LIBCMT:tidtable.obj
 0001:00015978       _getptd                    0000000140016978 f   LIBCMT:tidtable.obj
 0001:0001599c       _getptd_noexit             000000014001699c f   LIBCMT:tidtable.obj
 0001:00015a20       _initptd                   0000000140016a20 f   LIBCMT:tidtable.obj
 0001:00015ae4       _mtinit                    0000000140016ae4 f   LIBCMT:tidtable.obj
 0001:00015b64       _mtterm                    0000000140016b64 f   LIBCMT:tidtable.obj
 0001:00015b88       __isa_available_init       0000000140016b88 f   LIBCMT:cpu_disp.obj
 0001:00015d2c       _set_abort_behavior        0000000140016d2c f   LIBCMT:abort.obj
 0001:00015d48       abort                      0000000140016d48 f   LIBCMT:abort.obj
 0001:00015da0       _initp_misc_purevirt       0000000140016da0 f   LIBCMT:inithelp.obj
 0001:00015da8       _FF_MSGBANNER              0000000140016da8 f   LIBCMT:crt0msg.obj
 0001:00015dec       _GET_RTERRMSG              0000000140016dec f   LIBCMT:crt0msg.obj
 0001:00015e1c       _NMSG_WRITE                0000000140016e1c f   LIBCMT:crt0msg.obj
 0001:0001608c       ?_inconsistency@@YAXXZ     000000014001708c f   LIBCMT:hooks.obj
 0001:000160ac       ?terminate@@YAXXZ          00000001400170ac f   LIBCMT:hooks.obj
 0001:000160cc       _initp_eh_hooks            00000001400170cc f   LIBCMT:hooks.obj
 0001:000160ec       ?__CxxUnhandledExceptionFilter@@YAJPEAU_EXCEPTION_POINTERS@@@Z 00000001400170ec f   LIBCMT:unhandld.obj
 0001:00016124       __CxxSetUnhandledExceptionFilter 0000000140017124 f   LIBCMT:unhandld.obj
 0001:0001613c       _XcptFilter                000000014001713c f   LIBCMT:winxfltr.obj
 0001:00016308       _ioinit                    0000000140017308 f   LIBCMT:ioinit.obj
 0001:00016638       _setargv                   0000000140017638 f   LIBCMT:stdargv.obj
 0001:000168f4       _setenvp                   00000001400178f4 f   LIBCMT:stdenvp.obj
 0001:00016a28       __set_app_type             0000000140017a28 f   LIBCMT:errmode.obj
 0001:00016a30       _set_error_mode            0000000140017a30 f   LIBCMT:errmode.obj
 0001:00016a70       __security_init_cookie     0000000140017a70 f   LIBCMT:gs_support.obj
 0001:00016b1c       _RTC_Initialize            0000000140017b1c f   LIBCMT:initsect.obj
 0001:00016b54       _RTC_Terminate             0000000140017b54 f   LIBCMT:initsect.obj
 0001:00016b8c       __crtGetEnvironmentStringsA 0000000140017b8c f   LIBCMT:a_env.obj
 0001:00016c80       __crtCaptureCurrentContext 0000000140017c80 f   LIBCMT:winapisupp.obj
 0001:00016cf0       __crtCapturePreviousContext 0000000140017cf0 f   LIBCMT:winapisupp.obj
 0001:00016d64       __crtFlsAlloc              0000000140017d64 f   LIBCMT:winapisupp.obj
 0001:00016d80       __crtFlsFree               0000000140017d80 f   LIBCMT:winapisupp.obj
 0001:00016d9c       __crtFlsGetValue           0000000140017d9c f   LIBCMT:winapisupp.obj
 0001:00016db8       __crtFlsSetValue           0000000140017db8 f   LIBCMT:winapisupp.obj
 0001:00016dd4       __crtGetShowWindowMode     0000000140017dd4 f   LIBCMT:winapisupp.obj
 0001:00016e00       __crtInitializeCriticalSectionEx 0000000140017e00 f   LIBCMT:winapisupp.obj
 0001:00016e2c       __crtIsPackagedApp         0000000140017e2c f   LIBCMT:winapisupp.obj
 0001:00016e78       __crtLoadWinApiPointers    0000000140017e78 f   LIBCMT:winapisupp.obj
 0001:00017274       __crtSetUnhandledExceptionFilter 0000000140018274 f   LIBCMT:winapisupp.obj
 0001:0001727c       __crtSleep                 000000014001827c f   LIBCMT:winapisupp.obj
 0001:00017284       __crtTerminateProcess      0000000140018284 f   LIBCMT:winapisupp.obj
 0001:000172a4       __crtUnhandledException    00000001400182a4 f   LIBCMT:winapisupp.obj
 0001:000172c4       _wincmdln                  00000001400182c4 f   LIBCMT:wincmdln.obj
 0001:00017340       realloc                    0000000140018340 f   LIBCMT:realloc.obj
 0001:00017414       __crt_debugger_hook        0000000140018414 f   LIBCMT:dbghook.obj
 0001:0001741c       __GSHandlerCheck           000000014001841c f   LIBCMT:gshandler.obj
 0001:0001743c       __GSHandlerCheckCommon     000000014001843c f   LIBCMT:gshandler.obj
 0001:000174b0       __security_check_cookie    00000001400184b0 f   LIBCMT:amdsecgs.obj
 0001:000174d0       _lock                      00000001400184d0 f   LIBCMT:mlock.obj
 0001:00017514       _mtdeletelocks             0000000140018514 f   LIBCMT:mlock.obj
 0001:0001759c       _mtinitlocknum             000000014001859c f   LIBCMT:mlock.obj
 0001:0001765c       _mtinitlocks               000000014001865c f   LIBCMT:mlock.obj
 0001:000176c0       _unlock                    00000001400186c0 f   LIBCMT:mlock.obj
 0001:000176f0       _local_unwind              00000001400186f0 f   LIBCMT:jmpuwind.obj
 0001:00017720       _NLG_Notify                0000000140018720 f   LIBCMT:jmpuwind.obj
 0001:00017740       __NLG_Dispatch2            0000000140018740 f   LIBCMT:jmpuwind.obj
 0001:00017750       __NLG_Return2              0000000140018750 f   LIBCMT:jmpuwind.obj
 0001:00017760       _FindPESection             0000000140018760 f   LIBCMT:pesect.obj
 0001:000177b0       _IsNonwritableInCurrentImage 00000001400187b0 f   LIBCMT:pesect.obj
 0001:00017800       _ValidateImageBase         0000000140018800 f   LIBCMT:pesect.obj
 0001:00017830       _initp_misc_cfltcvt_tab    0000000140018830 f   LIBCMT:cmiscdat.obj
 0001:0001786c       __get_sigabrt              000000014001886c f   LIBCMT:winsig.obj
 0001:0001787c       _initp_misc_winsig         000000014001887c f   LIBCMT:winsig.obj
 0001:0001789c       raise                      000000014001889c f   LIBCMT:winsig.obj
 0001:00017ad0       _initp_misc_rand_s         0000000140018ad0 f   LIBCMT:rand_s.obj
 0001:00017ad8       _calloc_impl               0000000140018ad8 f   LIBCMT:calloc_impl.obj
 0001:00017b74       __free_lconv_mon           0000000140018b74 f   LIBCMT:initmon.obj
 0001:00017c80       __free_lconv_num           0000000140018c80 f   LIBCMT:initnum.obj
 0001:00017cec       __free_lc_time             0000000140018cec f   LIBCMT:inittime.obj
 0001:000183d4       __crtLCMapStringA          00000001400193d4 f   LIBCMT:a_map.obj
 0001:000185e4       __crtGetStringTypeA        00000001400195e4 f   LIBCMT:a_str.obj
 0001:00018660       GetTableIndexFromLocaleName 0000000140019660 f   LIBCMT:winapinls.obj
 0001:000186ec       __crtDownlevelLocaleNameToLCID 00000001400196ec f   LIBCMT:winapinls.obj
 0001:00018720       __crtLCMapStringEx         0000000140019720 f   LIBCMT:winapinls.obj
 0001:000187b0       __wcsnicmp_ascii           00000001400197b0 f   LIBCMT:winapinls.obj
 0001:00018808       wcscat_s                   0000000140019808 f   LIBCMT:wcscat_s.obj
 0001:00018890       wcscpy_s                   0000000140019890 f   LIBCMT:wcscpy_s.obj
 0001:000188fc       wcslen                     00000001400198fc f   LIBCMT:wcslen.obj
 0001:00018918       wcsncpy_s                  0000000140019918 f   LIBCMT:wcsncpy_s.obj
 0001:000189e4       __crtMessageBoxW           00000001400199e4 f   LIBCMT:crtmboxw.obj
 0001:00018c58       __initstdio                0000000140019c58 f   LIBCMT:_file.obj
 0001:00018cf0       __endstdio                 0000000140019cf0 f   LIBCMT:_file.obj
 0001:00018d20       _lock_file                 0000000140019d20 f   LIBCMT:_file.obj
 0001:00018d88       _lock_file2                0000000140019d88 f   LIBCMT:_file.obj
 0001:00018dbc       _unlock_file               0000000140019dbc f   LIBCMT:_file.obj
 0001:00018e0c       _unlock_file2              0000000140019e0c f   LIBCMT:_file.obj
 0001:00018ea8       _ismbblead                 0000000140019ea8 f   LIBCMT:ismbbyte.obj
 0001:00018ebc       __raise_securityfailure    0000000140019ebc f   LIBCMT:gs_report.obj
 0001:00018f08       __report_gsfailure         0000000140019f08 f   LIBCMT:gs_report.obj
 0001:00018fdc       _fptrap                    0000000140019fdc f   LIBCMT:crt0fp.obj
 0001:00018fe8       _fileno                    0000000140019fe8 f   LIBCMT:fileno.obj
 0001:00019010       _isatty                    000000014001a010 f   LIBCMT:isatty.obj
 0001:00019070       _fflush_nolock             000000014001a070 f   LIBCMT:fflush.obj
 0001:000190bc       _flush                     000000014001a0bc f   LIBCMT:fflush.obj
 0001:00019138       _flushall                  000000014001a138 f   LIBCMT:fflush.obj
 0001:0001922c       _locterm                   000000014001a22c f   LIBCMT:wsetloca.obj
 0001:00019290       _alloca_probe              000000014001a290 f   LIBCMT:chkstk.obj
 0001:00019290       __chkstk                   000000014001a290 f   LIBCMT:chkstk.obj
 0001:000192e0       _fcloseall                 000000014001a2e0 f   LIBCMT:closeall.obj
 0001:00019388       _commit                    000000014001a388 f   LIBCMT:commit.obj
 0001:00019460       _write                     000000014001a460 f   LIBCMT:write.obj
 0001:00019544       _write_nolock              000000014001a544 f   LIBCMT:write.obj
 0001:00019d50       memcmp                     000000014001ad50 f   LIBCMT:memcmp.obj
 0001:00019e18       _fclose_nolock             000000014001ae18 f   LIBCMT:fclose.obj
 0001:00019e94       fclose                     000000014001ae94 f   LIBCMT:fclose.obj
 0001:00019efc       _isctype_l                 000000014001aefc f   LIBCMT:isctype.obj
 0001:00019fd8       __crt_atoflt_l             000000014001afd8 f   LIBCMT:atodbl.obj
 0001:0001a0a8       _atodbl_l                  000000014001b0a8 f   LIBCMT:atodbl.obj
 0001:0001a170       _atoflt_l                  000000014001b170 f   LIBCMT:atodbl.obj
 0001:0001a178       _fpmath                    000000014001b178 f   LIBCMT:fpinit.obj
 0001:0001a180       _cfltcvt_init              000000014001b180 f   LIBCMT:fpinit.obj
 0001:0001a208       __lock_fhandle             000000014001b208 f   LIBCMT:osfinfo.obj
 0001:0001a2a0       _free_osfhnd               000000014001b2a0 f   LIBCMT:osfinfo.obj
 0001:0001a34c       _get_osfhandle             000000014001b34c f   LIBCMT:osfinfo.obj
 0001:0001a3c0       _unlock_fhandle            000000014001b3c0 f   LIBCMT:osfinfo.obj
 0001:0001a3ec       _isleadbyte_l              000000014001b3ec f i LIBCMT:_wctype.obj
 0001:0001a430       isleadbyte                 000000014001b430 f i LIBCMT:_wctype.obj
 0001:0001a478       _lseeki64_nolock           000000014001b478 f   LIBCMT:lseeki64.obj
 0001:0001a50c       _mbtowc_l                  000000014001b50c f   LIBCMT:mbtowc.obj
 0001:0001a660       mbtowc                     000000014001b660 f   LIBCMT:mbtowc.obj
 0001:0001a668       _putwch_nolock             000000014001b668 f   LIBCMT:putwch.obj
 0001:0001a6c4       _close                     000000014001b6c4 f   LIBCMT:close.obj
 0001:0001a788       _close_nolock              000000014001b788 f   LIBCMT:close.obj
 0001:0001a844       _freebuf                   000000014001b844 f   LIBCMT:_freebuf.obj
 0001:0001a880       _ld12tod                   000000014001b880 f   LIBCMT:intrncvt.obj
 0001:0001ae38       _ld12tof                   000000014001be38 f   LIBCMT:intrncvt.obj
 0001:0001b3f0       __strgtold12_l             000000014001c3f0 f   LIBCMT:strgtold.obj
 0001:0001bc54       _cfltcvt                   000000014001cc54 f   LIBCMT:cvt.obj
 0001:0001bc78       _cfltcvt_l                 000000014001cc78 f   LIBCMT:cvt.obj
 0001:0001bcf8       _cftoa_l                   000000014001ccf8 f   LIBCMT:cvt.obj
 0001:0001c2a4       _cftoe_l                   000000014001d2a4 f   LIBCMT:cvt.obj
 0001:0001c500       _cftof_l                   000000014001d500 f   LIBCMT:cvt.obj
 0001:0001c5d4       _cftog_l                   000000014001d5d4 f   LIBCMT:cvt.obj
 0001:0001c708       _cropzeros                 000000014001d708 f   LIBCMT:cvt.obj
 0001:0001c710       _cropzeros_l               000000014001d710 f   LIBCMT:cvt.obj
 0001:0001c7a8       _fassign                   000000014001d7a8 f   LIBCMT:cvt.obj
 0001:0001c7b0       _fassign_l                 000000014001d7b0 f   LIBCMT:cvt.obj
 0001:0001c7f0       _forcdecpt                 000000014001d7f0 f   LIBCMT:cvt.obj
 0001:0001c7f8       _forcdecpt_l               000000014001d7f8 f   LIBCMT:cvt.obj
 0001:0001c878       _positive                  000000014001d878 f   LIBCMT:cvt.obj
 0001:0001c88c       __termconout               000000014001d88c f   LIBCMT:initcon.obj
 0001:0001c8ac       __initconout               000000014001d8ac f   LIBCMT:initcon.obj
 0001:0001c8e8       __mtold12                  000000014001d8e8 f   LIBCMT:mantold.obj
 0001:0001cb0c       isdigit                    000000014001db0c f i LIBCMT:_ctype.obj
 0001:0001cb88       _tolower_l                 000000014001db88 f   LIBCMT:tolower.obj
 0001:0001ccdc       tolower                    000000014001dcdc f   LIBCMT:tolower.obj
 0001:0001ccfc       strrchr                    000000014001dcfc f   LIBCMT:strrchr.obj
 0001:0001ce40       _fptostr                   000000014001de40 f   LIBCMT:_fptostr.obj
 0001:0001cf0c       __dtold                    000000014001df0c f   LIBCMT:cfout.obj
 0001:0001cfdc       _fltout2                   000000014001dfdc f   LIBCMT:cfout.obj
 0001:0001d094       $I10_OUTPUT                000000014001e094 f   LIBCMT:x10fout.obj
 0001:0001db6c       IsProcessorFeaturePresent  000000014001eb6c f   kernel32:KERNEL32.dll
 0001:0001db72       RtlUnwindEx                000000014001eb72 f   kernel32:KERNEL32.dll
 0001:0001db78       ?_GetEstablisherFrame@@YAPEA_KPEA_KPEAU_xDISPATCHER_CONTEXT@@PEBU_s_FuncInfo@@0@Z 000000014001eb78 f   LIBCMT:trnsctrl.obj
 0001:0001dc44       ?_GetRangeOfTrysToCheck@@YAPEBU_s_TryBlockMapEntry@@PEA_KPEBU_s_FuncInfo@@HHPEAI2PEAU_xDISPATCHER_CONTEXT@@@Z 000000014001ec44 f   LIBCMT:trnsctrl.obj
 0001:0001dd70       ?__FrameUnwindToEmptyState@@YAXPEA_KPEAU_xDISPATCHER_CONTEXT@@PEBU_s_FuncInfo@@@Z 000000014001ed70 f   LIBCMT:trnsctrl.obj
 0001:0001de04       ?__SehTransFilter@@YAHPEAU_EXCEPTION_POINTERS@@PEAUEHExceptionRecord@@PEA_KPEAU_CONTEXT@@PEAU_xDISPATCHER_CONTEXT@@PEBU_s_FuncInfo@@PEAH@Z 000000014001ee04 f   LIBCMT:trnsctrl.obj
 0001:0001dea8       _CallSETranslator          000000014001eea8 f   LIBCMT:trnsctrl.obj
 0001:0001defc       _CreateFrameInfo           000000014001eefc f   LIBCMT:trnsctrl.obj
 0001:0001df40       _FindAndUnlinkFrame        000000014001ef40 f   LIBCMT:trnsctrl.obj
 0001:0001dfa0       _GetImageBase              000000014001efa0 f   LIBCMT:trnsctrl.obj
 0001:0001dfb8       _GetThrowImageBase         000000014001efb8 f   LIBCMT:trnsctrl.obj
 0001:0001dfd0       _IsExceptionObjectToBeDestroyed 000000014001efd0 f   LIBCMT:trnsctrl.obj
 0001:0001e004       _SetImageBase              000000014001f004 f   LIBCMT:trnsctrl.obj
 0001:0001e020       _SetThrowImageBase         000000014001f020 f   LIBCMT:trnsctrl.obj
 0001:0001e03c       _UnwindNestedFrames        000000014001f03c f   LIBCMT:trnsctrl.obj
 0001:0001e160       __CxxFrameHandler3         000000014001f160 f   LIBCMT:trnsctrl.obj
 0001:0001e1e8       __DestructExceptionObject  000000014001f1e8 f   LIBCMT:frame.obj
 0001:0001e258       ??0bad_exception@std@@QEAA@AEBV01@@Z 000000014001f258 f i LIBCMT:frame.obj
 0001:0001e27c       ??1bad_exception@std@@UEAA@XZ 000000014001f27c f i LIBCMT:frame.obj
 0001:0001e28c       ??_Gbad_exception@std@@UEAAPEAXI@Z 000000014001f28c f i LIBCMT:frame.obj
 0001:0001e28c       ??_Ebad_exception@std@@UEAAPEAXI@Z 000000014001f28c f i LIBCMT:frame.obj
 0001:0001eb80       __AdjustPointer            000000014001fb80 f   LIBCMT:frame.obj
 0001:0001eba4       __BuildCatchObject         000000014001fba4 f   LIBCMT:frame.obj
 0001:0001ec5c       __BuildCatchObjectHelper   000000014001fc5c f   LIBCMT:frame.obj
 0001:0001eeac       __CxxCallCatchBlock        000000014001feac f   LIBCMT:frame.obj
 0001:0001f0b0       __FrameUnwindFilter        00000001400200b0 f   LIBCMT:frame.obj
 0001:0001f104       __FrameUnwindToState       0000000140020104 f   LIBCMT:frame.obj
 0001:0001f298       __InternalCxxFrameHandler  0000000140020298 f   LIBCMT:frame.obj
 0001:0001f4bc       __TypeMatch                00000001400204bc f   LIBCMT:frame.obj
 0001:0001f5ec       ?__GetCurrentState@@YAHPEA_KPEAU_xDISPATCHER_CONTEXT@@PEBU_s_FuncInfo@@@Z 00000001400205ec f   LIBCMT:ehstate.obj
 0001:0001f614       ?__GetUnwindTryBlock@@YAHPEA_KPEAU_xDISPATCHER_CONTEXT@@PEBU_s_FuncInfo@@@Z 0000000140020614 f   LIBCMT:ehstate.obj
 0001:0001f640       ?__SetState@@YAXPEA_KPEAU_xDISPATCHER_CONTEXT@@PEBU_s_FuncInfo@@H@Z 0000000140020640 f   LIBCMT:ehstate.obj
 0001:0001f64c       ?__SetUnwindTryBlock@@YAXPEA_KPEAU_xDISPATCHER_CONTEXT@@PEBU_s_FuncInfo@@H@Z 000000014002064c f   LIBCMT:ehstate.obj
 0001:0001f688       ?__StateFromControlPc@@YAHPEBU_s_FuncInfo@@PEAU_xDISPATCHER_CONTEXT@@@Z 0000000140020688 f   LIBCMT:ehstate.obj
 0001:0001f690       ?__StateFromIp@@YAHPEBU_s_FuncInfo@@PEAU_xDISPATCHER_CONTEXT@@_J@Z 0000000140020690 f   LIBCMT:ehstate.obj
 0001:0001f71c       ?_ValidateWrite@@YAHPEAXI@Z 000000014002071c f   LIBCMT:validate.obj
 0001:0001f71c       ?_ValidateExecute@@YAHP6A_JXZ@Z 000000014002071c f   LIBCMT:validate.obj
 0001:0001f71c       ?_ValidateRead@@YAHPEBXI@Z 000000014002071c f   LIBCMT:validate.obj
 0001:0001f740       _CallSettingFrame          0000000140020740 f   LIBCMT:handlers.obj
 0001:0001f780       _GetNextInstrOffset        0000000140020780 f   LIBCMT:handlers.obj
 0001:0001ff60       ??__FcModuleState@?1??GetCModuleState@CWinApp@@SAPEAVCModuleState@@XZ@YAXXZ 0000000140020f60 f i ChildView.obj
 0002:00000000       __imp_InitCommonControlsEx 0000000140022000     comctl32:COMCTL32.dll
 0002:00000008       \177COMCTL32_NULL_THUNK_DATA 0000000140022008     comctl32:COMCTL32.dll
 0002:00000010       __imp_SaveDC               0000000140022010     gdi32:GDI32.dll
 0002:00000018       __imp_DeleteObject         0000000140022018     gdi32:GDI32.dll
 0002:00000020       __imp_SelectObject         0000000140022020     gdi32:GDI32.dll
 0002:00000028       __imp_GetTextMetricsA      0000000140022028     gdi32:GDI32.dll
 0002:00000030       __imp_SetBkColor           0000000140022030     gdi32:GDI32.dll
 0002:00000038       __imp_ExtTextOutA          0000000140022038     gdi32:GDI32.dll
 0002:00000040       __imp_IntersectClipRect    0000000140022040     gdi32:GDI32.dll
 0002:00000048       __imp_RestoreDC            0000000140022048     gdi32:GDI32.dll
 0002:00000050       __imp_ExcludeClipRect      0000000140022050     gdi32:GDI32.dll
 0002:00000058       __imp_GetDeviceCaps        0000000140022058     gdi32:GDI32.dll
 0002:00000060       __imp_GetCharWidthA        0000000140022060     gdi32:GDI32.dll
 0002:00000068       __imp_CreateFontA          0000000140022068     gdi32:GDI32.dll
 0002:00000070       __imp_GetObjectA           0000000140022070     gdi32:GDI32.dll
 0002:00000078       __imp_StretchDIBits        0000000140022078     gdi32:GDI32.dll
 0002:00000080       __imp_CreateCompatibleDC   0000000140022080     gdi32:GDI32.dll
 0002:00000088       __imp_CreateCompatibleBitmap 0000000140022088     gdi32:GDI32.dll
 0002:00000090       __imp_GetBkColor           0000000140022090     gdi32:GDI32.dll
 0002:00000098       __imp_DeleteDC             0000000140022098     gdi32:GDI32.dll
 0002:000000a0       __imp_TextOutA             00000001400220a0     gdi32:GDI32.dll
 0002:000000a8       \177GDI32_NULL_THUNK_DATA  00000001400220a8     gdi32:GDI32.dll
 0002:000000b0       __imp_GetModuleFileNameA   00000001400220b0     kernel32:KERNEL32.dll
 0002:000000b8       __imp_lstrcpyA             00000001400220b8     kernel32:KERNEL32.dll
 0002:000000c0       __imp_HeapAlloc            00000001400220c0     kernel32:KERNEL32.dll
 0002:000000c8       __imp_HeapFree             00000001400220c8     kernel32:KERNEL32.dll
 0002:000000d0       __imp_GetProcessHeap       00000001400220d0     kernel32:KERNEL32.dll
 0002:000000d8       __imp_InitializeSListHead  00000001400220d8     kernel32:KERNEL32.dll
 0002:000000e0       __imp_InterlockedPopEntrySList 00000001400220e0     kernel32:KERNEL32.dll
 0002:000000e8       __imp_InterlockedPushEntrySList 00000001400220e8     kernel32:KERNEL32.dll
 0002:000000f0       __imp_VirtualAlloc         00000001400220f0     kernel32:KERNEL32.dll
 0002:000000f8       __imp_VirtualFree          00000001400220f8     kernel32:KERNEL32.dll
 0002:00000100       __imp_IsDebuggerPresent    0000000140022100     kernel32:KERNEL32.dll
 0002:00000108       __imp_OutputDebugStringW   0000000140022108     kernel32:KERNEL32.dll
 0002:00000110       __imp_WriteConsoleW        0000000140022110     kernel32:KERNEL32.dll
 0002:00000118       __imp_SetFilePointerEx     0000000140022118     kernel32:KERNEL32.dll
 0002:00000120       __imp_SetStdHandle         0000000140022120     kernel32:KERNEL32.dll
 0002:00000128       __imp_GetConsoleMode       0000000140022128     kernel32:KERNEL32.dll
 0002:00000130       __imp_GetConsoleCP         0000000140022130     kernel32:KERNEL32.dll
 0002:00000138       __imp_FlushFileBuffers     0000000140022138     kernel32:KERNEL32.dll
 0002:00000140       __imp_LCMapStringW         0000000140022140     kernel32:KERNEL32.dll
 0002:00000148       __imp_GetStringTypeW       0000000140022148     kernel32:KERNEL32.dll
 0002:00000150       __imp_LoadLibraryExW       0000000140022150     kernel32:KERNEL32.dll
 0002:00000158       __imp_HeapReAlloc          0000000140022158     kernel32:KERNEL32.dll
 0002:00000160       __imp_GetModuleHandleW     0000000140022160     kernel32:KERNEL32.dll
 0002:00000168       __imp_TlsFree              0000000140022168     kernel32:KERNEL32.dll
 0002:00000170       __imp_DecodePointer        0000000140022170     kernel32:KERNEL32.dll
 0002:00000178       __imp_TlsGetValue          0000000140022178     kernel32:KERNEL32.dll
 0002:00000180       __imp_TlsAlloc             0000000140022180     kernel32:KERNEL32.dll
 0002:00000188       __imp_TerminateProcess     0000000140022188     kernel32:KERNEL32.dll
 0002:00000190       __imp_Sleep                0000000140022190     kernel32:KERNEL32.dll
 0002:00000198       __imp_InitializeCriticalSectionAndSpinCount 0000000140022198     kernel32:KERNEL32.dll
 0002:000001a0       __imp_SetUnhandledExceptionFilter 00000001400221a0     kernel32:KERNEL32.dll
 0002:000001a8       __imp_UnhandledExceptionFilter 00000001400221a8     kernel32:KERNEL32.dll
 0002:000001b0       __imp_RtlVirtualUnwind     00000001400221b0     kernel32:KERNEL32.dll
 0002:000001b8       __imp_RtlLookupFunctionEntry 00000001400221b8     kernel32:KERNEL32.dll
 0002:000001c0       __imp_RtlCaptureContext    00000001400221c0     kernel32:KERNEL32.dll
 0002:000001c8       __imp_FreeEnvironmentStringsW 00000001400221c8     kernel32:KERNEL32.dll
 0002:000001d0       __imp_GetEnvironmentStringsW 00000001400221d0     kernel32:KERNEL32.dll
 0002:000001d8       __imp_GetSystemTimeAsFileTime 00000001400221d8     kernel32:KERNEL32.dll
 0002:000001e0       __imp_GetCurrentProcessId  00000001400221e0     kernel32:KERNEL32.dll
 0002:000001e8       __imp_QueryPerformanceCounter 00000001400221e8     kernel32:KERNEL32.dll
 0002:000001f0       __imp_GetStartupInfoW      00000001400221f0     kernel32:KERNEL32.dll
 0002:000001f8       __imp_GetFileType          00000001400221f8     kernel32:KERNEL32.dll
 0002:00000200       __imp_GetModuleFileNameW   0000000140022200     kernel32:KERNEL32.dll
 0002:00000208       __imp_WriteFile            0000000140022208     kernel32:KERNEL32.dll
 0002:00000210       __imp_GetStdHandle         0000000140022210     kernel32:KERNEL32.dll
 0002:00000218       __imp_SetLastError         0000000140022218     kernel32:KERNEL32.dll
 0002:00000220       __imp_GetCPInfo            0000000140022220     kernel32:KERNEL32.dll
 0002:00000228       __imp_GetOEMCP             0000000140022228     kernel32:KERNEL32.dll
 0002:00000230       __imp_GetACP               0000000140022230     kernel32:KERNEL32.dll
 0002:00000238       __imp_IsValidCodePage      0000000140022238     kernel32:KERNEL32.dll
 0002:00000240       __imp_RtlPcToFileHeader    0000000140022240     kernel32:KERNEL32.dll
 0002:00000248       __imp_RtlUnwindEx          0000000140022248     kernel32:KERNEL32.dll
 0002:00000250       __imp_HeapSize             0000000140022250     kernel32:KERNEL32.dll
 0002:00000258       __imp_GetProcAddress       0000000140022258     kernel32:KERNEL32.dll
 0002:00000260       __imp_GetModuleHandleExW   0000000140022260     kernel32:KERNEL32.dll
 0002:00000268       __imp_ExitProcess          0000000140022268     kernel32:KERNEL32.dll
 0002:00000270       __imp_IsProcessorFeaturePresent 0000000140022270     kernel32:KERNEL32.dll
 0002:00000278       __imp_GetCommandLineA      0000000140022278     kernel32:KERNEL32.dll
 0002:00000280       __imp_EncodePointer        0000000140022280     kernel32:KERNEL32.dll
 0002:00000288       __imp_FindResourceW        0000000140022288     kernel32:KERNEL32.dll
 0002:00000290       __imp_SizeofResource       0000000140022290     kernel32:KERNEL32.dll
 0002:00000298       __imp_WideCharToMultiByte  0000000140022298     kernel32:KERNEL32.dll
 0002:000002a0       __imp_lstrcpynA            00000001400222a0     kernel32:KERNEL32.dll
 0002:000002a8       __imp_MultiByteToWideChar  00000001400222a8     kernel32:KERNEL32.dll
 0002:000002b0       __imp_lstrcmpiA            00000001400222b0     kernel32:KERNEL32.dll
 0002:000002b8       __imp_FindResourceA        00000001400222b8     kernel32:KERNEL32.dll
 0002:000002c0       __imp_FreeResource         00000001400222c0     kernel32:KERNEL32.dll
 0002:000002c8       __imp_LoadResource         00000001400222c8     kernel32:KERNEL32.dll
 0002:000002d0       __imp_LockResource         00000001400222d0     kernel32:KERNEL32.dll
 0002:000002d8       __imp_GlobalDeleteAtom     00000001400222d8     kernel32:KERNEL32.dll
 0002:000002e0       __imp_CloseHandle          00000001400222e0     kernel32:KERNEL32.dll
 0002:000002e8       __imp_lstrcmpA             00000001400222e8     kernel32:KERNEL32.dll
 0002:000002f0       __imp_LeaveCriticalSection 00000001400222f0     kernel32:KERNEL32.dll
 0002:000002f8       __imp_EnterCriticalSection 00000001400222f8     kernel32:KERNEL32.dll
 0002:00000300       __imp_GetCurrentThreadId   0000000140022300     kernel32:KERNEL32.dll
 0002:00000308       __imp_RaiseException       0000000140022308     kernel32:KERNEL32.dll
 0002:00000310       __imp_DeleteCriticalSection 0000000140022310     kernel32:KERNEL32.dll
 0002:00000318       __imp_InitializeCriticalSectionEx 0000000140022318     kernel32:KERNEL32.dll
 0002:00000320       __imp_GetLastError         0000000140022320     kernel32:KERNEL32.dll
 0002:00000328       __imp_FlushInstructionCache 0000000140022328     kernel32:KERNEL32.dll
 0002:00000330       __imp_GetCurrentProcess    0000000140022330     kernel32:KERNEL32.dll
 0002:00000338       __imp_TlsSetValue          0000000140022338     kernel32:KERNEL32.dll
 0002:00000340       __imp_lstrlenA             0000000140022340     kernel32:KERNEL32.dll
 0002:00000348       __imp_CreateFileW          0000000140022348     kernel32:KERNEL32.dll
 0002:00000350       \177KERNEL32_NULL_THUNK_DATA 0000000140022350     kernel32:KERNEL32.dll
 0002:00000358       __imp_DragQueryFileA       0000000140022358     shell32:SHELL32.dll
 0002:00000360       __imp_DragFinish           0000000140022360     shell32:SHELL32.dll
 0002:00000368       \177SHELL32_NULL_THUNK_DATA 0000000140022368     shell32:SHELL32.dll
 0002:00000370       __imp_PathFindExtensionA   0000000140022370     shlwapi:SHLWAPI.dll
 0002:00000378       __imp_PathFindFileNameA    0000000140022378     shlwapi:SHLWAPI.dll
 0002:00000380       \177SHLWAPI_NULL_THUNK_DATA 0000000140022380     shlwapi:SHLWAPI.dll
 0002:00000388       __imp_SetParent            0000000140022388     user32:USER32.dll
 0002:00000390       __imp_GetCursorPos         0000000140022390     user32:USER32.dll
 0002:00000398       __imp_GetForegroundWindow  0000000140022398     user32:USER32.dll
 0002:000003a0       __imp_AppendMenuA          00000001400223a0     user32:USER32.dll
 0002:000003a8       __imp_DeleteMenu           00000001400223a8     user32:USER32.dll
 0002:000003b0       __imp_GetSystemMenu        00000001400223b0     user32:USER32.dll
 0002:000003b8       __imp_GetCapture           00000001400223b8     user32:USER32.dll
 0002:000003c0       __imp_IsChild              00000001400223c0     user32:USER32.dll
 0002:000003c8       __imp_WindowFromPoint      00000001400223c8     user32:USER32.dll
 0002:000003d0       __imp_GetWindowDC          00000001400223d0     user32:USER32.dll
 0002:000003d8       __imp_IsWindow             00000001400223d8     user32:USER32.dll
 0002:000003e0       __imp_SetFocus             00000001400223e0     user32:USER32.dll
 0002:000003e8       __imp_OffsetRect           00000001400223e8     user32:USER32.dll
 0002:000003f0       __imp_GetDC                00000001400223f0     user32:USER32.dll
 0002:000003f8       __imp_ReleaseDC            00000001400223f8     user32:USER32.dll
 0002:00000400       __imp_IsZoomed             0000000140022400     user32:USER32.dll
 0002:00000408       __imp_GetSystemMetrics     0000000140022408     user32:USER32.dll
 0002:00000410       __imp_KillTimer            0000000140022410     user32:USER32.dll
 0002:00000418       __imp_GetSysColor          0000000140022418     user32:USER32.dll
 0002:00000420       __imp_SetRectEmpty         0000000140022420     user32:USER32.dll
 0002:00000428       __imp_TranslateAcceleratorA 0000000140022428     user32:USER32.dll
 0002:00000430       __imp_InvalidateRect       0000000140022430     user32:USER32.dll
 0002:00000438       __imp_IsIconic             0000000140022438     user32:USER32.dll
 0002:00000440       __imp_BringWindowToTop     0000000140022440     user32:USER32.dll
 0002:00000448       __imp_LoadMenuA            0000000140022448     user32:USER32.dll
 0002:00000450       __imp_LoadAcceleratorsA    0000000140022450     user32:USER32.dll
 0002:00000458       __imp_LoadStringA          0000000140022458     user32:USER32.dll
 0002:00000460       __imp_ShowOwnedPopups      0000000140022460     user32:USER32.dll
 0002:00000468       __imp_SetWindowLongA       0000000140022468     user32:USER32.dll
 0002:00000470       __imp_WinHelpA             0000000140022470     user32:USER32.dll
 0002:00000478       __imp_GetSubMenu           0000000140022478     user32:USER32.dll
 0002:00000480       __imp_GetMenuItemCount     0000000140022480     user32:USER32.dll
 0002:00000488       __imp_GetMenuItemID        0000000140022488     user32:USER32.dll
 0002:00000490       __imp_GetKeyState          0000000140022490     user32:USER32.dll
 0002:00000498       __imp_BeginDeferWindowPos  0000000140022498     user32:USER32.dll
 0002:000004a0       __imp_CopyRect             00000001400224a0     user32:USER32.dll
 0002:000004a8       __imp_ScreenToClient       00000001400224a8     user32:USER32.dll
 0002:000004b0       __imp_EqualRect            00000001400224b0     user32:USER32.dll
 0002:000004b8       __imp_DeferWindowPos       00000001400224b8     user32:USER32.dll
 0002:000004c0       __imp_EndDeferWindowPos    00000001400224c0     user32:USER32.dll
 0002:000004c8       __imp_GetClassNameA        00000001400224c8     user32:USER32.dll
 0002:000004d0       __imp_IsDialogMessageA     00000001400224d0     user32:USER32.dll
 0002:000004d8       __imp_CreateDialogIndirectParamA 00000001400224d8     user32:USER32.dll
 0002:000004e0       __imp_MonitorFromWindow    00000001400224e0     user32:USER32.dll
 0002:000004e8       __imp_GetMonitorInfoA      00000001400224e8     user32:USER32.dll
 0002:000004f0       __imp_MapWindowPoints      00000001400224f0     user32:USER32.dll
 0002:000004f8       __imp_SendDlgItemMessageA  00000001400224f8     user32:USER32.dll
 0002:00000500       __imp_EndDialog            0000000140022500     user32:USER32.dll
 0002:00000508       __imp_IsWindowEnabled      0000000140022508     user32:USER32.dll
 0002:00000510       __imp_SetActiveWindow      0000000140022510     user32:USER32.dll
 0002:00000518       __imp_UpdateWindow         0000000140022518     user32:USER32.dll
 0002:00000520       __imp_GetDlgItem           0000000140022520     user32:USER32.dll
 0002:00000528       __imp_GetDesktopWindow     0000000140022528     user32:USER32.dll
 0002:00000530       __imp_GetLastActivePopup   0000000140022530     user32:USER32.dll
 0002:00000538       __imp_GetClientRect        0000000140022538     user32:USER32.dll
 0002:00000540       __imp_SetWindowPos         0000000140022540     user32:USER32.dll
 0002:00000548       __imp_IsWindowVisible      0000000140022548     user32:USER32.dll
 0002:00000550       __imp_GetTopWindow         0000000140022550     user32:USER32.dll
 0002:00000558       __imp_ShowWindow           0000000140022558     user32:USER32.dll
 0002:00000560       __imp_GetMessageA          0000000140022560     user32:USER32.dll
 0002:00000568       __imp_GetActiveWindow      0000000140022568     user32:USER32.dll
 0002:00000570       __imp_TranslateMessage     0000000140022570     user32:USER32.dll
 0002:00000578       __imp_DispatchMessageA     0000000140022578     user32:USER32.dll
[...]
 0004:00001c8c       $pdata$_wincmdln           0000000140036c8c     LIBCMT:wincmdln.obj
 0004:00001c98       $pdata$realloc             0000000140036c98     LIBCMT:realloc.obj
 0004:00001ca4       $pdata$__GSHandlerCheck    0000000140036ca4     LIBCMT:gshandler.obj
 0004:00001cb0       $pdata$__GSHandlerCheckCommon 0000000140036cb0     LIBCMT:gshandler.obj
 0004:00001cc8       $pdata$_lock               0000000140036cc8     LIBCMT:mlock.obj
 0004:00001cd4       $pdata$_mtdeletelocks      0000000140036cd4     LIBCMT:mlock.obj
 0004:00001ce0       $pdata$_mtinitlocknum      0000000140036ce0     LIBCMT:mlock.obj
 0004:00001cec       $pdata$_mtinitlocks        0000000140036cec     LIBCMT:mlock.obj
 0004:00001d28       $pdata$_IsNonwritableInCurrentImage 0000000140036d28     LIBCMT:pesect.obj
 0004:00001d34       $pdata$_initp_misc_cfltcvt_tab 0000000140036d34     LIBCMT:cmiscdat.obj
 0004:00001d40       $pdata$raise               0000000140036d40     LIBCMT:winsig.obj
 0004:00001d4c       $pdata$_calloc_impl        0000000140036d4c     LIBCMT:calloc_impl.obj
 0004:00001d58       $pdata$__free_lconv_mon    0000000140036d58     LIBCMT:initmon.obj
 0004:00001d64       $pdata$__free_lconv_num    0000000140036d64     LIBCMT:initnum.obj
 0004:00001d70       $pdata$__free_lc_time      0000000140036d70     LIBCMT:inittime.obj
 0004:00001d7c       $pdata$?__crtLCMapStringA_stat@@YAHPEAUlocaleinfo_struct@@PEB_WKPEBDHPEADHHH@Z 0000000140036d7c     LIBCMT:a_map.obj
 0004:00001d88       $pdata$__crtLCMapStringA   0000000140036d88     LIBCMT:a_map.obj
 0004:00001d94       $pdata$?__crtGetStringTypeA_stat@@YAHPEAUlocaleinfo_struct@@KPEBDHPEAGHH@Z 0000000140036d94     LIBCMT:a_str.obj
 0004:00001da0       $pdata$__crtGetStringTypeA 0000000140036da0     LIBCMT:a_str.obj
 0004:00001dac       $pdata$GetTableIndexFromLocaleName 0000000140036dac     LIBCMT:winapinls.obj
 0004:00001db8       $pdata$__crtDownlevelLocaleNameToLCID 0000000140036db8     LIBCMT:winapinls.obj
 0004:00001dc4       $pdata$__crtLCMapStringEx  0000000140036dc4     LIBCMT:winapinls.obj
 0004:00001dd0       $pdata$wcscat_s            0000000140036dd0     LIBCMT:wcscat_s.obj
 0004:00001ddc       $pdata$wcscpy_s            0000000140036ddc     LIBCMT:wcscpy_s.obj
 0004:00001de8       $pdata$wcsncpy_s           0000000140036de8     LIBCMT:wcsncpy_s.obj
 0004:00001df4       $pdata$__crtMessageBoxW    0000000140036df4     LIBCMT:crtmboxw.obj
 0004:00001e00       $pdata$__initstdio         0000000140036e00     LIBCMT:_file.obj
 0004:00001e0c       $pdata$__endstdio          0000000140036e0c     LIBCMT:_file.obj
 0004:00001e18       $pdata$_lock_file          0000000140036e18     LIBCMT:_file.obj
 0004:00001e24       $pdata$_lock_file2         0000000140036e24     LIBCMT:_file.obj
 0004:00001e30       $pdata$?x_ismbbtype_l@@YAHPEAUlocaleinfo_struct@@IHH@Z 0000000140036e30     LIBCMT:ismbbyte.obj
 0004:00001e3c       $pdata$__raise_securityfailure 0000000140036e3c     LIBCMT:gs_report.obj
 0004:00001e48       $pdata$__report_gsfailure  0000000140036e48     LIBCMT:gs_report.obj
 0004:00001e54       $pdata$_fileno             0000000140036e54     LIBCMT:fileno.obj
 0004:00001e60       $pdata$_isatty             0000000140036e60     LIBCMT:isatty.obj
 0004:00001e6c       $pdata$_fflush_nolock      0000000140036e6c     LIBCMT:fflush.obj
 0004:00001e78       $pdata$_flush              0000000140036e78     LIBCMT:fflush.obj
 0004:00001e84       $pdata$flsall              0000000140036e84     LIBCMT:fflush.obj
 0004:00001e90       $pdata$_locterm            0000000140036e90     LIBCMT:wsetloca.obj
 0004:00001ea8       $pdata$_fcloseall          0000000140036ea8     LIBCMT:closeall.obj
 0004:00001eb4       $pdata$_commit             0000000140036eb4     LIBCMT:commit.obj
 0004:00001ec0       $pdata$_write              0000000140036ec0     LIBCMT:write.obj
 0004:00001ecc       $pdata$_write_nolock       0000000140036ecc     LIBCMT:write.obj
 0004:00001ee4       $pdata$_fclose_nolock      0000000140036ee4     LIBCMT:fclose.obj
 0004:00001ef0       $pdata$fclose              0000000140036ef0     LIBCMT:fclose.obj
 0004:00001efc       $pdata$_isctype_l          0000000140036efc     LIBCMT:isctype.obj
 0004:00001f08       $pdata$__crt_atoflt_l      0000000140036f08     LIBCMT:atodbl.obj
 0004:00001f14       $pdata$_atodbl_l           0000000140036f14     LIBCMT:atodbl.obj
 0004:00001f20       $pdata$__lock_fhandle      0000000140036f20     LIBCMT:osfinfo.obj
 0004:00001f2c       $pdata$_free_osfhnd        0000000140036f2c     LIBCMT:osfinfo.obj
 0004:00001f38       $pdata$_get_osfhandle      0000000140036f38     LIBCMT:osfinfo.obj
 0004:00001f44       $pdata$_isleadbyte_l       0000000140036f44     LIBCMT:_wctype.obj
 0004:00001f50       $pdata$isleadbyte          0000000140036f50     LIBCMT:_wctype.obj
 0004:00001f5c       $pdata$_lseeki64_nolock    0000000140036f5c     LIBCMT:lseeki64.obj
 0004:00001f68       $pdata$_mbtowc_l           0000000140036f68     LIBCMT:mbtowc.obj
 0004:00001f74       $pdata$_putwch_nolock      0000000140036f74     LIBCMT:putwch.obj
 0004:00001f80       $pdata$_close              0000000140036f80     LIBCMT:close.obj
 0004:00001f8c       $pdata$_close_nolock       0000000140036f8c     LIBCMT:close.obj
 0004:00001f98       $pdata$_freebuf            0000000140036f98     LIBCMT:_freebuf.obj
 0004:00001fa4       $pdata$_ld12tod            0000000140036fa4     LIBCMT:intrncvt.obj
 0004:00001fb0       $pdata$_ld12tof            0000000140036fb0     LIBCMT:intrncvt.obj
 0004:00001fbc       $pdata$__strgtold12_l      0000000140036fbc     LIBCMT:strgtold.obj
 0004:00001fc8       $pdata$_cfltcvt            0000000140036fc8     LIBCMT:cvt.obj
 0004:00001fd4       $pdata$_cfltcvt_l          0000000140036fd4     LIBCMT:cvt.obj
 0004:00001fe0       $pdata$_cftoa_l            0000000140036fe0     LIBCMT:cvt.obj
 0004:00001fec       $pdata$_cftoe2_l           0000000140036fec     LIBCMT:cvt.obj
 0004:00001ff8       $pdata$_cftoe_l            0000000140036ff8     LIBCMT:cvt.obj
 0004:00002004       $pdata$_cftof2_l           0000000140037004     LIBCMT:cvt.obj
 0004:00002010       $pdata$_cftof_l            0000000140037010     LIBCMT:cvt.obj
 0004:0000201c       $pdata$_cftog_l            000000014003701c     LIBCMT:cvt.obj
 0004:00002028       $pdata$_cropzeros_l        0000000140037028     LIBCMT:cvt.obj
 0004:00002034       $pdata$_fassign_l          0000000140037034     LIBCMT:cvt.obj
 0004:00002040       $pdata$_forcdecpt_l        0000000140037040     LIBCMT:cvt.obj
 0004:0000204c       $pdata$__termconout        000000014003704c     LIBCMT:initcon.obj
 0004:00002058       $pdata$__initconout        0000000140037058     LIBCMT:initcon.obj
 0004:00002064       $pdata$__mtold12           0000000140037064     LIBCMT:mantold.obj
 0004:00002070       $pdata$isdigit             0000000140037070     LIBCMT:_ctype.obj
 0004:0000207c       $pdata$_tolower_l          000000014003707c     LIBCMT:tolower.obj
 0004:00002088       $pdata$strrchr             0000000140037088     LIBCMT:strrchr.obj
 0004:00002094       $pdata$_fptostr            0000000140037094     LIBCMT:_fptostr.obj
 0004:000020a0       $pdata$__dtold             00000001400370a0     LIBCMT:cfout.obj
 0004:000020ac       $pdata$_fltout2            00000001400370ac     LIBCMT:cfout.obj
 0004:000020b8       $pdata$$I10_OUTPUT         00000001400370b8     LIBCMT:x10fout.obj
 0004:000020c4       $pdata$?_GetEstablisherFrame@@YAPEA_KPEA_KPEAU_xDISPATCHER_CONTEXT@@PEBU_s_FuncInfo@@0@Z 00000001400370c4     LIBCMT:trnsctrl.obj
 0004:000020d0       $pdata$?_GetRangeOfTrysToCheck@@YAPEBU_s_TryBlockMapEntry@@PEA_KPEBU_s_FuncInfo@@HHPEAI2PEAU_xDISPATCHER_CONTEXT@@@Z 00000001400370d0     LIBCMT:trnsctrl.obj
 0004:000020dc       $pdata$?__FrameUnwindToEmptyState@@YAXPEA_KPEAU_xDISPATCHER_CONTEXT@@PEBU_s_FuncInfo@@@Z 00000001400370dc     LIBCMT:trnsctrl.obj
 0004:000020e8       $pdata$?__SehTransFilter@@YAHPEAU_EXCEPTION_POINTERS@@PEAUEHExceptionRecord@@PEA_KPEAU_CONTEXT@@PEAU_xDISPATCHER_CONTEXT@@PEBU_s_FuncInfo@@PEAH@Z 00000001400370e8     LIBCMT:trnsctrl.obj
 0004:000020f4       $pdata$_CallSETranslator   00000001400370f4     LIBCMT:trnsctrl.obj
 0004:00002100       $pdata$_CreateFrameInfo    0000000140037100     LIBCMT:trnsctrl.obj
 0004:0000210c       $pdata$_FindAndUnlinkFrame 000000014003710c     LIBCMT:trnsctrl.obj
 0004:00002118       $pdata$_GetImageBase       0000000140037118     LIBCMT:trnsctrl.obj
 0004:00002124       $pdata$_GetThrowImageBase  0000000140037124     LIBCMT:trnsctrl.obj
 0004:00002130       $pdata$_IsExceptionObjectToBeDestroyed 0000000140037130     LIBCMT:trnsctrl.obj
 0004:0000213c       $pdata$_SetImageBase       000000014003713c     LIBCMT:trnsctrl.obj
 0004:00002148       $pdata$_SetThrowImageBase  0000000140037148     LIBCMT:trnsctrl.obj
 0004:00002154       $pdata$_UnwindNestedFrames 0000000140037154     LIBCMT:trnsctrl.obj
 0004:00002160       $pdata$__CxxFrameHandler3  0000000140037160     LIBCMT:trnsctrl.obj
 0004:0000216c       $pdata$__DestructExceptionObject 000000014003716c     LIBCMT:frame.obj
 0004:00002178       $pdata$??0bad_exception@std@@QEAA@AEBV01@@Z 0000000140037178     LIBCMT:frame.obj
 0004:00002184       $pdata$??_Gbad_exception@std@@UEAAPEAXI@Z 0000000140037184     LIBCMT:frame.obj
 0004:00002190       $pdata$?CatchIt@@YAXPEAUEHExceptionRecord@@PEA_KPEAU_CONTEXT@@PEAU_xDISPATCHER_CONTEXT@@PEBU_s_FuncInfo@@PEBU_s_HandlerType@@PEBU_s_CatchableType@@PEBU_s_TryBlockMapEntry@@H1EE@Z 0000000140037190     LIBCMT:frame.obj
 0004:0000219c       $pdata$?FindHandler@@YAXPEAUEHExceptionRecord@@PEA_KPEAU_CONTEXT@@PEAU_xDISPATCHER_CONTEXT@@PEBU_s_FuncInfo@@EH1@Z 000000014003719c     LIBCMT:frame.obj
 0004:000021a8       $pdata$?FindHandlerForForeignException@@YAXPEAUEHExceptionRecord@@PEA_KPEAU_CONTEXT@@PEAU_xDISPATCHER_CONTEXT@@PEBU_s_FuncInfo@@HH1@Z 00000001400371a8     LIBCMT:frame.obj
 0004:000021b4       $pdata$?IsInExceptionSpec@@YAEPEAUEHExceptionRecord@@PEBU_s_ESTypeList@@@Z 00000001400371b4     LIBCMT:frame.obj
 0004:000021c0       $pdata$__BuildCatchObject  00000001400371c0     LIBCMT:frame.obj
 0004:000021cc       $pdata$__BuildCatchObjectHelper 00000001400371cc     LIBCMT:frame.obj
 0004:000021d8       $pdata$__CxxCallCatchBlock 00000001400371d8     LIBCMT:frame.obj
 0004:000021e4       $pdata$__FrameUnwindFilter 00000001400371e4     LIBCMT:frame.obj
 0004:000021f0       $pdata$__FrameUnwindToState 00000001400371f0     LIBCMT:frame.obj
 0004:000021fc       $pdata$__InternalCxxFrameHandler 00000001400371fc     LIBCMT:frame.obj
 0004:00002208       $pdata$__TypeMatch         0000000140037208     LIBCMT:frame.obj
 0004:00002214       $pdata$?__GetCurrentState@@YAHPEA_KPEAU_xDISPATCHER_CONTEXT@@PEBU_s_FuncInfo@@@Z 0000000140037214     LIBCMT:ehstate.obj
 0004:00002220       $pdata$?__GetUnwindTryBlock@@YAHPEA_KPEAU_xDISPATCHER_CONTEXT@@PEBU_s_FuncInfo@@@Z 0000000140037220     LIBCMT:ehstate.obj
 0004:0000222c       $pdata$?__SetUnwindTryBlock@@YAXPEA_KPEAU_xDISPATCHER_CONTEXT@@PEBU_s_FuncInfo@@H@Z 000000014003722c     LIBCMT:ehstate.obj
 0004:00002238       $pdata$?__StateFromIp@@YAHPEBU_s_FuncInfo@@PEAU_xDISPATCHER_CONTEXT@@_J@Z 0000000140037238     LIBCMT:ehstate.obj
 0004:00002250       $pdata$?catch$0@?0??AllocBuffer@CString@WTL@@IEAAHH@Z@4HA 0000000140037250     ChildView.obj
 0004:0000225c       $pdata$_onexit$fin$0       000000014003725c     LIBCMT:onexit.obj
 0004:00002268       $pdata$__tmainCRTStartup$filt$0 0000000140037268     LIBCMT:wincrt0.obj
 0004:00002274       $pdata$?fin$0@?0??_Type_info_dtor@type_info@@CAXPEAV1@@Z@4HA 0000000140037274     LIBCMT:typname.obj
 0004:00002280       $pdata$doexit$fin$0        0000000140037280     LIBCMT:crt0dat.obj
 0004:0000228c       $pdata$_setmbcp$fin$0      000000014003728c     LIBCMT:mbctype.obj
 0004:0000228c       $pdata$__updatetmbcinfo$fin$0 000000014003728c     LIBCMT:mbctype.obj
 0004:00002298       $pdata$_freefls$fin$1      0000000140037298     LIBCMT:tidtable.obj
 0004:00002298       $pdata$_initptd$fin$1      0000000140037298     LIBCMT:tidtable.obj
 0004:000022a4       $pdata$_initptd$fin$0      00000001400372a4     LIBCMT:tidtable.obj
 0004:000022a4       $pdata$_freefls$fin$0      00000001400372a4     LIBCMT:tidtable.obj
 0004:000022b0       $pdata$_ioinit$fin$0       00000001400372b0     LIBCMT:ioinit.obj
 0004:000022bc       $pdata$_mtinitlocknum$fin$0 00000001400372bc     LIBCMT:mlock.obj
 0004:000022c8       $pdata$_IsNonwritableInCurrentImage$filt$0 00000001400372c8     LIBCMT:pesect.obj
 0004:000022d4       $pdata$raise$fin$0         00000001400372d4     LIBCMT:winsig.obj
 0004:000022e0       $pdata$flsall$fin$0        00000001400372e0     LIBCMT:fflush.obj
 0004:000022ec       $pdata$flsall$fin$1        00000001400372ec     LIBCMT:fflush.obj
 0004:000022f8       $pdata$__updatetlocinfo$fin$0 00000001400372f8     LIBCMT:wsetloca.obj
 0004:000022f8       $pdata$_locterm$fin$0      00000001400372f8     LIBCMT:wsetloca.obj
 0004:00002304       $pdata$_fcloseall$fin$0    0000000140037304     LIBCMT:closeall.obj
 0004:00002310       $pdata$_write$fin$0        0000000140037310     LIBCMT:write.obj
 0004:0000231c       $pdata$fclose$fin$0        000000014003731c     LIBCMT:fclose.obj
 0004:00002328       $pdata$__lock_fhandle$fin$0 0000000140037328     LIBCMT:osfinfo.obj
 0004:00002334       $pdata$_close$fin$0        0000000140037334     LIBCMT:close.obj
 0004:00002334       $pdata$_commit$fin$0       0000000140037334     LIBCMT:close.obj
 0004:00002340       $pdata$_CallSETranslator$filt$0 0000000140037340     LIBCMT:trnsctrl.obj
 0004:0000234c       $pdata$__CxxCallCatchBlock$filt$0 000000014003734c     LIBCMT:frame.obj
 0004:00002358       $pdata$__CxxCallCatchBlock$fin$1 0000000140037358     LIBCMT:frame.obj
 0004:00002364       $pdata$__DestructExceptionObject$filt$0 0000000140037364     LIBCMT:frame.obj
 0004:00002370       $pdata$__FrameUnwindToState$filt$0 0000000140037370     LIBCMT:frame.obj
 0004:0000237c       $pdata$__FrameUnwindToState$fin$1 000000014003737c     LIBCMT:frame.obj
 0004:00002388       $pdata$??__F_AtlWinModule@ATL@@YAXXZ 0000000140037388     ChildView.obj
 0004:00002394       $pdata$??__F?wndTop@CWMHnd@@2V1@B@@YAXXZ 0000000140037394     StdAfx.obj
 0004:000023a0       $pdata$??__F?wndBottom@CWMHnd@@2V1@B@@YAXXZ 00000001400373a0     StdAfx.obj
 0004:000023ac       $pdata$??__F?wndTopMost@CWMHnd@@2V1@B@@YAXXZ 00000001400373ac     StdAfx.obj
 0004:000023b8       $pdata$??__F?wndNoTopMost@CWMHnd@@2V1@B@@YAXXZ 00000001400373b8     StdAfx.obj
 0005:00000df0       $R000000                   0000000140038df0     FrmVC6.res
 0005:000010d8       $R0002E8                   00000001400390d8     FrmVC6.res
 0005:00001200       $R000410                   0000000140039200     FrmVC6.res
 0005:00001228       $R000438                   0000000140039228     FrmVC6.res
 0005:000014e8       $R0006F8                   00000001400394e8     FrmVC6.res
 0005:00001500       $R000710                   0000000140039500     FrmVC6.res
 0005:00001680       $R000890                   0000000140039680     FrmVC6.res
 0005:000016d0       $R0008E0                   00000001400396d0     FrmVC6.res
 0005:000017d8       $R0009E8                   00000001400397d8     FrmVC6.res
 0005:00001ac8       $R000CD8                   0000000140039ac8     FrmVC6.res
 0005:00001c00       $R000E10                   0000000140039c00     FrmVC6.res
 0005:00001cb8       $R000EC8                   0000000140039cb8     FrmVC6.res
 0005:00001ce0       $R000EF0                   0000000140039ce0     FrmVC6.res
 0005:00001e18       $R001028                   0000000140039e18     FrmVC6.res
 0005:00001e30       $R001040                   0000000140039e30     FrmVC6.res
 0005:00001f68       $R001178                   0000000140039f68     FrmVC6.res
 0005:00001f80       $R001190                   0000000140039f80     FrmVC6.res
 0005:000020b8       $R0012C8                   000000014003a0b8     FrmVC6.res
 0005:000020d0       $R0012E0                   000000014003a0d0     FrmVC6.res
 0005:00002208       $R001418                   000000014003a208     FrmVC6.res
 0005:00002220       $R001430                   000000014003a220     FrmVC6.res
 0005:00002358       $R001568                   000000014003a358     FrmVC6.res
 0005:00002370       $R001580                   000000014003a370     FrmVC6.res
 0005:000024a8       $R0016B8                   000000014003a4a8     FrmVC6.res
 0005:000024c0       $R0016D0                   000000014003a4c0     FrmVC6.res
 0005:000025f8       $R001808                   000000014003a5f8     FrmVC6.res
 0005:00002610       $R001820                   000000014003a610     FrmVC6.res
 0005:00002748       $R001958                   000000014003a748     FrmVC6.res
 0005:00002760       $R001970                   000000014003a760     FrmVC6.res
 0005:00002898       $R001AA8                   000000014003a898     FrmVC6.res
 0005:000028b0       $R001AC0                   000000014003a8b0     FrmVC6.res
 0005:000029e8       $R001BF8                   000000014003a9e8     FrmVC6.res
 0005:00002a00       $R001C10                   000000014003aa00     FrmVC6.res
 0005:00002b38       $R001D48                   000000014003ab38     FrmVC6.res
 0005:00002b50       $R001D60                   000000014003ab50     FrmVC6.res
 0005:00002c88       $R001E98                   000000014003ac88     FrmVC6.res
 0005:00002ca0       $R001EB0                   000000014003aca0     FrmVC6.res
 0005:00002dd8       $R001FE8                   000000014003add8     FrmVC6.res
 0005:00002df0       $R002000                   000000014003adf0     FrmVC6.res
 0005:00002f28       $R002138                   000000014003af28     FrmVC6.res
 0005:00002f40       $R002150                   000000014003af40     FrmVC6.res
 0005:00003028       $R002238                   000000014003b028     FrmVC6.res
 0005:00003060       $R002270                   000000014003b060     FrmVC6.res
 0005:00003118       $R002328                   000000014003b118     FrmVC6.res
 0005:00003260       $R002470                   000000014003b260     FrmVC6.res
 0005:00003290       $R0024A0                   000000014003b290     FrmVC6.res
 0005:000032c8       $R0024D8                   000000014003b2c8     FrmVC6.res
 0005:00003310       $R002520                   000000014003b310     FrmVC6.res
 0005:000033b0       $R0025C0                   000000014003b3b0     FrmVC6.res
 0005:00003428       $R002638                   000000014003b428     FrmVC6.res
 0005:00003468       $R002678                   000000014003b468     FrmVC6.res
 0005:00003628       $R002838                   000000014003b628     FrmVC6.res
 0005:000036c8       $R0028D8                   000000014003b6c8     FrmVC6.res
 0005:000037c0       $R0029D0                   000000014003b7c0     FrmVC6.res
 0005:00003820       $R002A30                   000000014003b820     FrmVC6.res
 0005:00003888       $R002A98                   000000014003b888     FrmVC6.res
 0005:000038b8       $R002AC8                   000000014003b8b8     FrmVC6.res
 0005:000039a0       $R002BB0                   000000014003b9a0     FrmVC6.res
 0005:00003cf8       $R002F08                   000000014003bcf8     FrmVC6.res
 0005:00003d70       $R002F80                   000000014003bd70     FrmVC6.res
 0005:00003f00       $R003110                   000000014003bf00     FrmVC6.res
 0005:000040c0       $R0032D0                   000000014003c0c0     FrmVC6.res
 0005:000043a8       $R0035B8                   000000014003c3a8     FrmVC6.res
 0005:00004508       $R003718                   000000014003c508     FrmVC6.res
 0005:00004598       $R0037A8                   000000014003c598     FrmVC6.res
 0005:000045c0       $R0037D0                   000000014003c5c0     FrmVC6.res
 0005:00004628       $R003838                   000000014003c628     FrmVC6.res
 0005:000048e8       $R003AF8                   000000014003c8e8     FrmVC6.res
