 FrmVC6

 Timestamp is 595b1354 (Tue Jul 04 13:02:28 2017)

 Preferred load address is 0000000140000000

 Start         Length     Name                   Class
 0001:00000000 0000008cH .text$di                CODE
 0001:00000090 0001dd98H .text$mn                CODE
 0001:0001de30 000007cfH .text$x                 CODE
 0001:0001e600 000000a8H .text$yd                CODE
 0002:00000000 000006e0H .idata$5                DATA
 0002:000006e0 00000008H .CRT$XCA                DATA
 0002:000006e8 00000008H .CRT$XCL                DATA
 0002:000006f0 00000028H .CRT$XCU                DATA
 0002:00000718 00000008H .CRT$XCZ                DATA
 0002:00000720 00000008H .CRT$XIA                DATA
 0002:00000728 00000020H .CRT$XIC                DATA
 0002:00000748 00000008H .CRT$XIY                DATA
 0002:00000750 00000008H .CRT$XIZ                DATA
 0002:00000758 00000008H .CRT$XPA                DATA
 0002:00000760 00000010H .CRT$XPX                DATA
 0002:00000770 00000008H .CRT$XPXA               DATA
 0002:00000778 00000008H .CRT$XPZ                DATA
 0002:00000780 00000008H .CRT$XTA                DATA
 0002:00000788 00000008H .CRT$XTZ                DATA
 0002:00000790 000070d0H .rdata                  DATA
 0002:00007860 000001ecH .rdata$r                DATA
 0002:00007a50 00000008H .rtc$IAA                DATA
 0002:00007a58 00000008H .rtc$IZZ                DATA
 0002:00007a60 00000008H .rtc$TAA                DATA
 0002:00007a68 00000008H .rtc$TZZ                DATA
 0002:00007a70 00002698H .xdata                  DATA
 0002:0000a108 000000e4H .xdata$x                DATA
 0002:0000a1f0 00000000H ATL$__a                 DATA
 0002:0000a1f0 00000000H ATL$__z                 DATA
 0002:0000a1f0 00000000H .edata                  DATA
 0002:0000a1f0 00000078H .idata$2                DATA
 0002:0000a268 00000014H .idata$3                DATA
 0002:0000a280 000006e0H .idata$4                DATA
 0002:0000a960 00000ea0H .idata$6                DATA
 0003:00000000 00001650H .data                   DATA
 0003:00001650 00000098H .data$r                 DATA
 0003:00001700 00002798H .bss                    DATA
 0004:00000000 00001f14H .pdata                  DATA
 0005:00000000 00000df0H .rsrc$01                DATA
 0005:00000df0 00003d20H .rsrc$02                DATA

  Address         Publics by Value              Rva+Base               Lib:Object

 0000:00000000       ___safe_se_handler_table   0000000000000000     <absolute>
 0000:00000000       __guard_fids_count         0000000000000000     <absolute>
 0000:00000000       __guard_fids_table         0000000000000000     <absolute>
 0000:00000000       ___safe_se_handler_count   0000000000000000     <absolute>
 0000:00000000       __guard_flags              0000000000000000     <absolute>
 0000:00000000       __ImageBase                0000000140000000     <linker-defined>
 0001:00000090       ??_ECWnd@@UEAAPEAXI@Z      0000000140001090 f i * CIL library *:* CIL module *
 0001:00000090       ??_GCDialog@@UEAAPEAXI@Z   0000000140001090 f i FrmVC6.obj
 0001:00000090       ??_GCChildView@@UEAAPEAXI@Z 0000000140001090 f i ChildView.obj
 0001:00000090       ??_ECAboutDlg@@UEAAPEAXI@Z 0000000140001090 f i * CIL library *:* CIL module *
 0001:00000090       ??_GCAboutDlg@@UEAAPEAXI@Z 0000000140001090 f i FrmVC6.obj
 0001:00000090       ??_ECChildView@@UEAAPEAXI@Z 0000000140001090 f i * CIL library *:* CIL module *
 0001:00000090       ??_GCWnd@@UEAAPEAXI@Z      0000000140001090 f i ChildView.obj
 0001:00000090       ??_ECDialog@@UEAAPEAXI@Z   0000000140001090 f i * CIL library *:* CIL module *
 0001:00000100       ?_ProcessWindowMessage@CChildView@@UEAAHPEAUHWND__@@I_K_JAEA_J@Z 0000000140001100 f i ChildView.obj
 0001:00000130       ?PreCreateWindow@CChildView@@MEAAHAEAUtagCREATESTRUCTA@@@Z 0000000140001130 f   ChildView.obj
 0001:000001c0       ?OnPaint@CChildView@@IEAAXXZ 00000001400011c0 f   ChildView.obj
 0001:00000270       ??_GCPaintDCMTL@@UEAAPEAXI@Z 0000000140001270 f i ChildView.obj
 0001:00000270       ??_ECPaintDCMTL@@UEAAPEAXI@Z 0000000140001270 f i * CIL library *:* CIL module *
 0001:000002f0       ?AfxRegisterWndClass@CAfx@@SAPEBDIPEAUHICON__@@PEAUHBRUSH__@@0@Z 00000001400012f0 f i ChildView.obj
 0001:00000400       ?SetRadio@CTestCmdUI@@UEAAXH@Z 0000000140001400 f i ChildView.obj
 0001:00000400       ?Serialize@CObject@@UEAAXAEAVCArchive@@@Z 0000000140001400 f i ChildView.obj
 0001:00000400       ?OnHideMenuBar@CFrameWnd@@UEAAXXZ 0000000140001400 f i MainFrm.obj
 0001:00000400       ?OnBarStyleChange@CControlBar@@UEAAXKK@Z 0000000140001400 f i MainFrm.obj
 0001:00000400       ?OnFileOpen@CWinApp@@UEAAXXZ 0000000140001400 f i FrmVC6.obj
 0001:00000400       ?SetText@CToolCmdUI@@UEAAXPEBD@Z 0000000140001400 f i MainFrm.obj
 0001:00000400       ?OnShowMenuBar@CFrameWnd@@UEAAXXZ 0000000140001400 f i MainFrm.obj
 0001:00000400       ?DoDataExchange@CAboutDlg@@MEAAXPEAVCDataExchange@@@Z 0000000140001400 f i FrmVC6.obj
 0001:00000400       ?OnFileNew@CWinApp@@UEAAXXZ 0000000140001400 f i FrmVC6.obj
 0001:00000400       ?SetCheck@CTestCmdUI@@UEAAXH@Z 0000000140001400 f i ChildView.obj
 0001:00000400       ?DoDataExchange@CWMHnd@@UEAAXPEAVCDataExchange@@@Z 0000000140001400 f i ChildView.obj
 0001:00000400       ?SetText@CTestCmdUI@@UEAAXPEBD@Z 0000000140001400 f i ChildView.obj
 0001:00000400       ?PostNcDestroy@CWMHnd@@UEAAXXZ 0000000140001400 f i ChildView.obj
 0001:00000410       ?IsFrameWnd@CWMHnd@@UEAAHXZ 0000000140001410 f i ChildView.obj
 0001:00000410       ?GetEventSinkMap@CCmdTarget@@UEBAPEBUAFX_EVENTSINKMAP@@XZ 0000000140001410 f i ChildView.obj
 0001:00000410       ?ExitInstance@CWinApp@@UEAAHXZ 0000000140001410 f i FrmVC6.obj
 0001:00000410       ?OpenDocumentFile@CWinApp@@UEAAPEAVCDocument@@PEBD@Z 0000000140001410 f i FrmVC6.obj
 0001:00000410       ?IsDockBar@CControlBar@@UEBAHXZ 0000000140001410 f i MainFrm.obj
 0001:00000410       ?GetScrollBarCtrl@CWMHnd@@UEBAPEAVCScrollBarMTL@@H@Z 0000000140001410 f i ChildView.obj
 0001:00000410       ?_ProcessWindowMessage@CCmdTarget@@UEAAHPEAUHWND__@@I_K_JAEA_J@Z 0000000140001410 f i ChildView.obj
 0001:00000420       ?CalcWindowRect@CWMHnd@@UEAAXPEAUtagRECT@@I@Z 0000000140001420 f i ChildView.obj
 0001:00000490       ?FromHandle@?$CHandleList@PEAUHMENU__@@VCMenuMTL@@PEAUHWND__@@@@QEAAPEAVCMenuMTL@@QEAUHMENU__@@PEAV2@QEAUHWND__@@Q6APEAXPEAX3@Z@Z 0000000140001490 f i ChildView.obj
 0001:00000570       ?FromHandleMenu@CWinApp@@QEAAPEAVCMenuMTL@@PEAUHMENU__@@PEAV2@PEAUHWND__@@P6APEAXPEAX3@Z@Z 0000000140001570 f i ChildView.obj
 0001:00000590       ??_ECMenuMTL@@UEAAPEAXI@Z  0000000140001590 f i * CIL library *:* CIL module *
 0001:00000590       ??_GCMenuMTL@@UEAAPEAXI@Z  0000000140001590 f i ChildView.obj
 0001:00000600       ?RemoveHandle@?$CHandleList@PEAUHMENU__@@VCMenuMTL@@PEAUHWND__@@@@QEAAPEAUHMENU__@@QEAU2@@Z 0000000140001600 f i ChildView.obj
 0001:00000600       ?RemoveHandle@?$CHandleList@PEAUHDC__@@VCDCMTL@@PEAUHWND__@@@@QEAAPEAUHDC__@@QEAU2@@Z 0000000140001600 f i ChildView.obj
 0001:00000680       ?RemoveHandleMenu@CWinApp@@QEAAPEAUHMENU__@@PEAU2@@Z 0000000140001680 f i ChildView.obj
 0001:000006a0       ??1CMenuMTL@@UEAA@XZ       00000001400016a0 f i ChildView.obj
 0001:000006f0       ?classHandleFuncCMenuMTL@CMenuMTL@@SAPEAXPEAX0@Z 00000001400016f0 f i ChildView.obj
 0001:00000750       ?GetMenu@CWMHnd@@UEBAPEAVCMenuMTL@@XZ 0000000140001750 f i ChildView.obj
 0001:00000790       ?PreTranslateMessage@CWnd@@UEAAHPEAUtagMSG@@@Z 0000000140001790 f i ChildView.obj
 0001:000007d0       ?SetMenu@CWMHnd@@UEAAHPEAVCMenuMTL@@@Z 00000001400017d0 f i ChildView.obj
 0001:000007f0       ?OnInitDialog@CWMHnd@@UEAAHXZ 00000001400017f0 f i ChildView.obj
 0001:00000820       ?_AfxTopChildWindowFromPoint@CWnd@@SAPEAUHWND__@@PEAU2@UtagPOINT@@@Z 0000000140001820 f i ChildView.obj
 0001:00000910       ?OnToolHitTest@CWnd@@UEBA_JVCPoint@WTL@@PEAUtagTOOLINFOA@@@Z 0000000140001910 f i ChildView.obj
 0001:000009c0       ?Create@CWnd@@UEAAHPEBD0KAEBUtagRECT@@PEAV1@IPEAUCCreateContext@@@Z 00000001400019c0 f i ChildView.obj
 0001:00000a80       ?Init@CDynamicStdCallThunk@ATL@@QEAAH_KPEAX@Z 0000000140001a80 f i ChildView.obj
 0001:00000b10       ?GetParent@CWnd@@QEAAPEAV1@XZ 0000000140001b10 f i ChildView.obj
 0001:00000b50       ?EnableWindow@CWMHnd@@UEAAXH@Z 0000000140001b50 f i ChildView.obj
 0001:00000b70       ?Enable@CCmdUI@@UEAAXH@Z   0000000140001b70 f i ChildView.obj
 0001:00000c50       ?SetCheck@CCmdUI@@UEAAXH@Z 0000000140001c50 f i ChildView.obj
 0001:00000ce0       ?SetRadio@CCmdUI@@UEAAXH@Z 0000000140001ce0 f i ChildView.obj
 0001:00000d40       ?AfxSetWindowText@CAfx@@SAXPEAUHWND__@@PEBD@Z 0000000140001d40 f i ChildView.obj
 0001:00000dd0       ?SetText@CCmdUI@@UEAAXPEBD@Z 0000000140001dd0 f i ChildView.obj
 0001:00000e50       ?Enable@CTestCmdUI@@UEAAXH@Z 0000000140001e50 f i ChildView.obj
 0001:00000e60       ?OnCommand@CWnd@@UEAAH_K_J@Z 0000000140001e60 f i ChildView.obj
 0001:00000f60       ?ReflectLastMsg@CWnd@@SAHPEAUHWND__@@PEA_J@Z 0000000140001f60 f i ChildView.obj
 0001:00000fd0       ?OnNotify@CWnd@@UEAAH_K_JPEA_J@Z 0000000140001fd0 f i ChildView.obj
 0001:00001080       ?OnCmdMsg@CCmdTarget@@UEAAHIHPEAXPEAUAFX_CMDHANDLERINFO@@@Z 0000000140002080 f i ChildView.obj
 0001:000011c0       ?ReflectChildNotify@CWnd@@QEAAHI_K_JPEA_J@Z 00000001400021c0 f i ChildView.obj
 0001:00001300       ?OnChildNotify@CWnd@@UEAAHI_K_JPEA_J@Z 0000000140002300 f i ChildView.obj
 0001:00001310       ??_ECDCMTL@@UEAAPEAXI@Z    0000000140002310 f i * CIL library *:* CIL module *
 0001:00001310       ??_GCDCMTL@@UEAAPEAXI@Z    0000000140002310 f i ChildView.obj
 0001:00001380       ?SetAttribDC@CDCMTL@@UEAAXPEAUHDC__@@@Z 0000000140002380 f i ChildView.obj
 0001:00001390       ?ReleaseAttribDC@CDCMTL@@UEAAXXZ 0000000140002390 f i ChildView.obj
 0001:000013a0       ?SaveDC@CDCMTL@@UEAAHXZ    00000001400023a0 f i ChildView.obj
 0001:000013f0       ?RestoreDC@CDCMTL@@UEAAHH@Z 00000001400023f0 f i ChildView.obj
 0001:00001450       ?TextOutA@CDCMTL@@UEAAHHHPEBDH@Z 0000000140002450 f i ChildView.obj
 0001:00001460       ?RemoveHandleDC@CWinApp@@QEAAPEAUHDC__@@PEAU2@@Z 0000000140002460 f i ChildView.obj
 0001:00001480       ??1CDCMTL@@UEAA@XZ         0000000140002480 f i ChildView.obj
 0001:000014e0       ?GetCurrentMessage@CCmdTarget@@UEBAPEBU_ATL_MSG@ATL@@XZ 00000001400024e0 f i ChildView.obj
 0001:000014f0       ?AfxUnsubclassWindow@CWnd@@QEAAPEAUHWND__@@XZ 00000001400024f0 f i ChildView.obj
 0001:00001570       ?OnNcDestroy@CWnd@@QEAAXXZ 0000000140002570 f i ChildView.obj
 0001:00001650       ?_ProcessWindowMessage@CWnd@@UEAAHPEAUHWND__@@I_K_JAEA_J@Z 0000000140002650 f i ChildView.obj
 0001:00001840       ?OnWndMsg@CWnd@@UEAAHI_K_JPEA_J@Z 0000000140002840 f i ChildView.obj
 0001:000018e0       ?DefWindowProcA@CWnd@@UEAA_JI_K_J@Z 00000001400028e0 f i ChildView.obj
 0001:00001910       ?WindowProc@CWnd@@UEAA_JI_K_J@Z 0000000140002910 f i ChildView.obj
 0001:00001980       ?AfxWindowProc@CWnd@@SA_JPEAUHWND__@@I_K_J@Z 0000000140002980 f i ChildView.obj
 0001:000019f0       ?FromHandle@?$CHandleHashList@PEAUHWND__@@VCWMHnd@@PEAU1@$0BB@@@QEAAPEAVCWMHnd@@QEAUHWND__@@PEAV2@0Q6APEAXPEAX2@Z@Z 00000001400029f0 f i ChildView.obj
 0001:00001b30       ?FromHandleWnd@CWinApp@@QEAAPEAVCWMHnd@@PEAUHWND__@@PEAV2@0P6APEAXPEAX2@Z@Z 0000000140002b30 f i ChildView.obj
 0001:00001b50       ??1CWMHnd@@UEAA@XZ         0000000140002b50 f i ChildView.obj
 0001:00001b60       ?RemoveHandle@?$CHandleHashList@PEAUHWND__@@VCWMHnd@@PEAU1@$0BB@@@QEAAPEAUHWND__@@QEAU2@@Z 0000000140002b60 f i ChildView.obj
 0001:00001c20       ?RemoveOwner@?$CHandleHashList@PEAUHWND__@@VCWMHnd@@PEAU1@$0BB@@@QEAAHQEAUHWND__@@@Z 0000000140002c20 f i ChildView.obj
 0001:00001ce0       ?RemoveOwner@?$CHandleList@PEAXXPEAUHWND__@@@@QEAAHQEAUHWND__@@@Z 0000000140002ce0 f i ChildView.obj
 0001:00001ce0       ?RemoveOwner@?$CHandleList@PEAUHMENU__@@VCMenuMTL@@PEAUHWND__@@@@QEAAHQEAUHWND__@@@Z 0000000140002ce0 f i ChildView.obj
 0001:00001ce0       ?RemoveOwner@?$CHandleList@PEAXVCGdiObject@@PEAUHWND__@@@@QEAAHQEAUHWND__@@@Z 0000000140002ce0 f i ChildView.obj
 0001:00001ce0       ?RemoveOwner@?$CHandleList@PEAUHDC__@@VCDCMTL@@PEAUHWND__@@@@QEAAHQEAUHWND__@@@Z 0000000140002ce0 f i ChildView.obj
 0001:00001d70       ?RemoveHandleWnd@CWinApp@@QEAAPEAUHWND__@@PEAU2@@Z 0000000140002d70 f i ChildView.obj
 0001:00001e10       ?DestroyWindow@CWnd@@UEAAHXZ 0000000140002e10 f i ChildView.obj
 0001:00001e30       ?CWndDestruct@CWnd@@QEAAXXZ 0000000140002e30 f i ChildView.obj
 0001:00001eb0       ??1CAboutDlg@@UEAA@XZ      0000000140002eb0 f i FrmVC6.obj
 0001:00001eb0       ??1CWnd@@UEAA@XZ           0000000140002eb0 f i ChildView.obj
 0001:00001f00       ?classHandleFuncCWnd@CWnd@@SAPEAXPEAX0@Z 0000000140002f00 f i ChildView.obj
 0001:00001f80       ?AfxSubclassWindow@CWnd@@QEAAHPEAUHWND__@@PEAUtagCREATESTRUCTA@@@Z 0000000140002f80 f i ChildView.obj
 0001:00002030       ?CbtFilterHook@CWnd@@SA_JH_K_J@Z 0000000140003030 f i ChildView.obj
 0001:000020d0       ?CreateEx@CWnd@@UEAAHKPEBD0KHHHHPEAUHWND__@@PEAUHMENU__@@PEAX@Z 00000001400030d0 f i ChildView.obj
 0001:00002270       ??1?$CList@PEAUCRuntimeClass@@AEBQEAU1@@@QEAA@XZ 0000000140003270 f i ChildView.obj
 0001:00002270       ??1?$CList@PEAXPEAX@@QEAA@XZ 0000000140003270 f i MainFrm.obj
 0001:00002270       ??1?$CList@PEAUHWND__@@PEAU1@@@QEAA@XZ 0000000140003270 f i MainFrm.obj
 0001:00002270       ??1?$CList@PEAVCFrameWnd@@AEBQEAV1@@@QEAA@XZ 0000000140003270 f i FrmVC6.obj
 0001:000022b0       ??1CString@WTL@@QEAA@XZ    00000001400032b0 f i ChildView.obj
 0001:000022e0       ??1CModuleState@@QEAA@XZ   00000001400032e0 f i ChildView.obj
 0001:00002370       ?_GetCModuleState@CWinApp@@SAPEAVCModuleState@@XZ 0000000140003370 f i ChildView.obj
 0001:000023e0       ?AllocBuffer@CString@WTL@@IEAAHH@Z 00000001400033e0 f i ChildView.obj
 0001:00002470       ?ConcatCopy@CString@WTL@@IEAAHHPEBDH0@Z 0000000140003470 f i ChildView.obj
 0001:00002520       ?ConcatInPlace@CString@WTL@@IEAAXHPEBD@Z 0000000140003520 f i ChildView.obj
 0001:000025e0       ??YCString@WTL@@QEAAAEAV01@D@Z 00000001400035e0 f i ChildView.obj
 0001:00002690       ?_AfxRegisterClass@CAfx@@SAHPEAUtagWNDCLASSA@@@Z 0000000140003690 f i ChildView.obj
 0001:00002720       ?_AfxEndDeferRegisterClass@CAfx@@SAHJ@Z 0000000140003720 f i ChildView.obj
 0001:00002a60       ?PreCreateWindow@CWnd@@UEAAHAEAUtagCREATESTRUCTA@@@Z 0000000140003a60 f i ChildView.obj
 0001:00002ab0       ?ContinueModal@CWnd@@UEAAHXZ 0000000140003ab0 f i ChildView.obj
 0001:00002ac0       ?EndModalLoop@CWnd@@UEAAXH@Z 0000000140003ac0 f i ChildView.obj
 0001:00002af0       ??1CWndProcThunk@ATL@@QEAA@XZ 0000000140003af0 f i ChildView.obj
 0001:00002b00       ?_ProcessWindowMessage@CFrmVC6App@@UEAAHPEAUHWND__@@I_K_JAEA_J@Z 0000000140003b00 f i FrmVC6.obj
 0001:00002b80       ?InitInstance@CFrmVC6App@@UEAAHXZ 0000000140003b80 f   FrmVC6.obj
 0001:00002c30       ?_ProcessWindowMessage@CAboutDlg@@UEAAHPEAUHWND__@@I_K_JAEA_J@Z 0000000140003c30 f i FrmVC6.obj
 0001:00002c30       ?_ProcessWindowMessage@CDialog@@UEAAHPEAUHWND__@@I_K_JAEA_J@Z 0000000140003c30 f i FrmVC6.obj
 0001:00002ca0       ?OnAppAbout@CFrmVC6App@@QEAAXXZ 0000000140003ca0 f   FrmVC6.obj
 0001:00002d34       ??_9CDialog@@$BPA@AA       0000000140003d34 f i FrmVC6.obj
 0001:00002d40       ??_9CDialog@@$BPI@AA       0000000140003d40 f i FrmVC6.obj
 0001:00002d50       ?OnCmdMsg@CDialog@@UEAAHIHPEAXPEAUAFX_CMDHANDLERINFO@@@Z 0000000140003d50 f i FrmVC6.obj
 0001:00002e40       ?PreTranslateMessage@CDialog@@UEAAHPEAUtagMSG@@@Z 0000000140003e40 f i FrmVC6.obj
 0001:00002f50       ?OnOK@CDialog@@UEAAXXZ     0000000140003f50 f i FrmVC6.obj
 0001:00002fe0       ?OnCancel@CDialog@@UEAAXXZ 0000000140003fe0 f i FrmVC6.obj
 0001:00003020       ?Create@CDialog@@UEAAHIPEAVCWnd@@@Z 0000000140004020 f i FrmVC6.obj
 0001:00003030       ?CreateIndirect@CDialog@@UEAAHPEAXPEAVCWnd@@PEAUHINSTANCE__@@@Z 0000000140004030 f i FrmVC6.obj
 0001:000030d0       ?classHandleFuncCDialog@CDialog@@SAPEAXPEAX0@Z 00000001400040d0 f i FrmVC6.obj
 0001:00003170       ?CenterWindow@CWindow@ATL@@QEAAHPEAUHWND__@@@Z 0000000140004170 f i FrmVC6.obj
 0001:00003350       ?ExecuteDlgInit@CWnd@@QEAAHPEAX@Z 0000000140004350 f i FrmVC6.obj
 0001:00003460       ?ExecuteDlgInit@CWnd@@QEAAHPEBD@Z 0000000140004460 f i FrmVC6.obj
 0001:00003500       ?OnInitDialog@CDialog@@UEAAHXZ 0000000140004500 f i FrmVC6.obj
 0001:000035b0       ?AfxDlgProc@CWnd@@SA_JPEAUHWND__@@I_K_J@Z 00000001400045b0 f i FrmVC6.obj
 0001:00003650       ?CreateDlgIndirect@CWnd@@QEAAHPEBUDLGTEMPLATE@@PEAV1@PEAUHINSTANCE__@@@Z 0000000140004650 f i FrmVC6.obj
 0001:00003730       ?CreateDlg@CWnd@@QEAAHPEBDPEAV1@@Z 0000000140004730 f i FrmVC6.obj
 0001:000037d0       ?Create@CDialog@@UEAAHPEBDPEAVCWnd@@@Z 00000001400047d0 f i FrmVC6.obj
 0001:00003840       ?RunModalLoop@CWnd@@QEAAHK@Z 0000000140004840 f i FrmVC6.obj
 0001:00003a00       ?DoModal@CDialog@@UEAA_JXZ 0000000140004a00 f i FrmVC6.obj
 0001:00003be0       ?GetSafeOwner_@CWnd@@SAPEAUHWND__@@PEAU2@PEAPEAU2@@Z 0000000140004be0 f i FrmVC6.obj
 0001:00003cc0       ??1CCommandLineInfo@@QEAA@XZ 0000000140004cc0 f i FrmVC6.obj
 0001:00003d80       ?_AtlInitializeCriticalSectionEx@ATL@@YAHPEAU_RTL_CRITICAL_SECTION@@KK@Z 0000000140004d80 f i FrmVC6.obj
 0001:00003d90       ??1CWinApp@@QEAA@XZ        0000000140004d90 f i FrmVC6.obj
 0001:00003ef0       ??1CWinThread@@QEAA@XZ     0000000140004ef0 f i FrmVC6.obj
 0001:00003f10       ??0CModuleThreadState@@QEAA@XZ 0000000140004f10 f i FrmVC6.obj
 0001:00003f90       ??1CModuleThreadState@@QEAA@XZ 0000000140004f90 f i FrmVC6.obj
 0001:00003ff0       ?InitInstance@CWinApp@@UEAAHXZ 0000000140004ff0 f i FrmVC6.obj
 0001:00003ff0       ?IsFrameWnd@CFrameWnd@@UEAAHXZ 0000000140004ff0 f i MainFrm.obj
 0001:00004000       ?SendMessageToDescendants@CWnd@@QEAAXPEAUHWND__@@I_K_JHH@Z 0000000140005000 f i FrmVC6.obj
 0001:00004170       ?OnIdle@CWinApp@@UEAAHH@Z  0000000140005170 f i FrmVC6.obj
 0001:00004510       ?WalkPreTranslateTree@CWnd@@SAHPEAUHWND__@@PEAUtagMSG@@@Z 0000000140005510 f i FrmVC6.obj
 0001:000045b0       ?PreTranslateMessage@CWinApp@@UEAAHPEAUtagMSG@@@Z 00000001400055b0 f i FrmVC6.obj
 0001:00004670       ?PumpMessage@CWinApp@@UEAAHXZ 0000000140005670 f i FrmVC6.obj
 0001:000046f0       ?IsIdleMessage@CWinApp@@SAHPEAUtagMSG@@@Z 00000001400056f0 f i FrmVC6.obj
 0001:00004720       ?Run@CWinApp@@UEAAHXZ      0000000140005720 f i FrmVC6.obj
 0001:00004800       ??1?$CHandleHashList@PEAUHWND__@@VCWMHnd@@PEAU1@$0BB@@@QEAA@XZ 0000000140005800 f i FrmVC6.obj
 0001:00004810       ??0CWinApp@@QEAA@XZ        0000000140005810 f i FrmVC6.obj
 0001:00004910       ?OnAppExit@CWinApp@@QEAAXXZ 0000000140005910 f i FrmVC6.obj
 0001:00004930       ?_ProcessWindowMessage@CWinApp@@UEAAHPEAUHWND__@@I_K_JAEA_J@Z 0000000140005930 f i FrmVC6.obj
 0001:00004990       ?GetRuntimeClass@CMainFrame@@UEBAPEAUCRuntimeClass@@XZ 0000000140005990 f   MainFrm.obj
 0001:000049a0       ?_ProcessWindowMessage@CMainFrame@@UEAAHPEAUHWND__@@I_K_JAEA_J@Z 00000001400059a0 f i MainFrm.obj
 0001:00004a30       ??0CMainFrame@@QEAA@XZ     0000000140005a30 f   MainFrm.obj
 0001:00004af0       ??_GCMainFrame@@UEAAPEAXI@Z 0000000140005af0 f i MainFrm.obj
 0001:00004af0       ??_ECMainFrame@@UEAAPEAXI@Z 0000000140005af0 f i * CIL library *:* CIL module *
 0001:00004b20       ??1CMainFrame@@UEAA@XZ     0000000140005b20 f   MainFrm.obj
 0001:00004c30       ?OnCreate@CMainFrame@@IEAAHPEAUtagCREATESTRUCTA@@@Z 0000000140005c30 f   MainFrm.obj
 0001:00004d40       ?PreCreateWindow@CMainFrame@@UEAAHAEAUtagCREATESTRUCTA@@@Z 0000000140005d40 f   MainFrm.obj
 0001:00004e30       ?OnCmdMsg@CMainFrame@@UEAAHIHPEAXPEAUAFX_CMDHANDLERINFO@@@Z 0000000140005e30 f   MainFrm.obj
 0001:00004ed0       ?SetButtons@CToolBar@@QEAAHPEBIH@Z 0000000140005ed0 f i MainFrm.obj
 0001:00005050       ?AfxLoadSysColorBitmap@@YAPEAUHBITMAP__@@PEAUHINSTANCE__@@PEAUHRSRC__@@H@Z 0000000140006050 f i MainFrm.obj
 0001:000052b0       ?AddReplaceBitmap@CToolBar@@QEAAHPEAUHBITMAP__@@@Z 00000001400062b0 f i MainFrm.obj
 0001:000053a0       ?LoadBitmapA@CToolBar@@QEAAHPEBD@Z 00000001400063a0 f i MainFrm.obj
 0001:00005430       ?LoadToolBar@CToolBar@@QEAAHPEBD@Z 0000000140006430 f i MainFrm.obj
 0001:00005590       ??1CStatusBar@@UEAA@XZ     0000000140006590 f i MainFrm.obj
 0001:00005590       ??1CToolBar@@UEAA@XZ       0000000140006590 f i MainFrm.obj
 0001:000055f0       ?OnPaint@CToolBar@@QEAAXXZ 00000001400065f0 f i MainFrm.obj
 0001:00005680       ?OnSetBitmapSize@CToolBar@@QEAA_J_K_J@Z 0000000140006680 f i MainFrm.obj
 0001:00005690       ?OnSetSizeHelper@CToolBar@@QEAA_JAEAVCSize@WTL@@_J@Z 0000000140006690 f i MainFrm.obj
 0001:000057c0       ?OnSetButtonSize@CToolBar@@QEAA_J_K_J@Z 00000001400067c0 f i MainFrm.obj
 0001:000057d0       ?OnPreserveSizingPolicyHelper@CToolBar@@QEAA_J_K_J@Z 00000001400067d0 f i MainFrm.obj
 0001:000059a0       ?OnPreserveZeroBorderHelper@CToolBar@@QEAA_J_K_J@Z 00000001400069a0 f i MainFrm.obj
 0001:00005ab0       ?_ProcessWindowMessage@CToolBar@@UEAAHPEAUHWND__@@I_K_JAEA_J@Z 0000000140006ab0 f i MainFrm.obj
 0001:00005d90       ??_GCControlBar@@UEAAPEAXI@Z 0000000140006d90 f i MainFrm.obj
 0001:00005d90       ??_ECControlBar@@UEAAPEAXI@Z 0000000140006d90 f i * CIL library *:* CIL module *
 0001:00005d90       ??_ECStatusBar@@UEAAPEAXI@Z 0000000140006d90 f i * CIL library *:* CIL module *
 0001:00005d90       ??_ECToolBar@@UEAAPEAXI@Z  0000000140006d90 f i * CIL library *:* CIL module *
 0001:00005d90       ??_GCToolBar@@UEAAPEAXI@Z  0000000140006d90 f i MainFrm.obj
 0001:00005d90       ??_GCStatusBar@@UEAAPEAXI@Z 0000000140006d90 f i MainFrm.obj
 0001:00005e10       ?OnToolHitTest@CToolBar@@UEBA_JVCPoint@WTL@@PEAUtagTOOLINFOA@@@Z 0000000140006e10 f i MainFrm.obj
 0001:00005f40       ?OnBarStyleChange@CToolBar@@UEAAXKK@Z 0000000140006f40 f i MainFrm.obj
 0001:00005f90       ?Enable@CToolCmdUI@@UEAAXH@Z 0000000140006f90 f i MainFrm.obj
 0001:00006060       ?SetCheck@CToolCmdUI@@UEAAXH@Z 0000000140007060 f i MainFrm.obj
 0001:00006130       ?OnUpdateCmdUI@CToolBar@@UEAAXPEAVCFrameWnd@@H@Z 0000000140007130 f i MainFrm.obj
 0001:000062c0       ?WrapToolBar@CToolBar@@QEAAHPEAU_TBBUTTON@@HH@Z 00000001400072c0 f i MainFrm.obj
 0001:000063e0       ?SizeToolBar@CToolBar@@QEAAXPEAU_TBBUTTON@@HHH@Z 00000001400073e0 f i MainFrm.obj
 0001:000065b0       ?CalcSize@CToolBar@@QEAA?AVCSize@WTL@@PEAU_TBBUTTON@@H@Z 00000001400075b0 f i MainFrm.obj
 0001:00006710       ?_SetButton@CToolBar@@QEAAXHPEAU_TBBUTTON@@@Z 0000000140007710 f i MainFrm.obj
 0001:00006900       ?CalcDynamicLayout@CToolBar@@UEAA?AVCSize@WTL@@HK@Z 0000000140007900 f i MainFrm.obj
 0001:00006960       ?CalcLayout@CToolBar@@QEAA?AVCSize@WTL@@KH@Z 0000000140007960 f i MainFrm.obj
 0001:00006ff0       ?CalcFixedLayout@CToolBar@@UEAA?AVCSize@WTL@@HH@Z 0000000140007ff0 f i MainFrm.obj
 0001:00007030       ?Create@CToolBar@@UEAAHPEAVCWnd@@KI@Z 0000000140008030 f i MainFrm.obj
 0001:00007080       ?_AfxGetDropDownWidth@CToolBar@@SAHXZ 0000000140008080 f i MainFrm.obj
 0001:00007180       ?SetSizes@CToolBar@@QEAAXUtagSIZE@@0@Z 0000000140008180 f i MainFrm.obj
 0001:00007220       ?CreateEx@CToolBar@@UEAAHPEAVCWnd@@KKVCRect@WTL@@I@Z 0000000140008220 f i MainFrm.obj
 0001:00007360       ??0CToolBar@@QEAA@XZ       0000000140008360 f i MainFrm.obj
 0001:000073f0       ??0_AUX_DATA@@QEAA@XZ      00000001400083f0 f i MainFrm.obj
 0001:00007500       ?_GetAfxData@CAfx@@SAAEBU_AUX_DATA@@XZ 0000000140008500 f i MainFrm.obj
 0001:00007530       ??0CControlBar@@QEAA@XZ    0000000140008530 f i MainFrm.obj
 0001:000075e0       ?OnGetText@CStatusBar@@QEAAHHPEAD@Z 00000001400085e0 f i MainFrm.obj
 0001:00007670       ?OnNcCalcSize@CStatusBar@@QEAAXHPEAUtagNCCALCSIZE_PARAMS@@@Z 0000000140008670 f i MainFrm.obj
 0001:00007730       ??_GCWindowDCMTL@@UEAAPEAXI@Z 0000000140008730 f i MainFrm.obj
 0001:00007730       ??_ECWindowDCMTL@@UEAAPEAXI@Z 0000000140008730 f i * CIL library *:* CIL module *
 0001:000077b0       ?DrawBorders@CControlBar@@QEAAXPEAVCDCMTL@@AEAVCRect@WTL@@@Z 00000001400087b0 f i MainFrm.obj
 0001:00007bc0       ?FillSolidRect@?$CDCT@$00@WTL@@QEAAXHHHHK@Z 0000000140008bc0 f i MainFrm.obj
 0001:00007c50       ?Draw3dRect@?$CDCT@$00@WTL@@QEAAXHHHHKK@Z 0000000140008c50 f i MainFrm.obj
 0001:00007e40       ?DrawNonThemedGripper@CControlBar@@QEAAHPEAVCDCMTL@@AEBVCRect@WTL@@@Z 0000000140008e40 f i MainFrm.obj
 0001:00007f00       ?EraseNonClient@CControlBar@@QEAAXXZ 0000000140008f00 f i MainFrm.obj
 0001:00008120       ?OnSetMinHeight@CStatusBar@@QEAA_J_K_J@Z 0000000140009120 f i MainFrm.obj
 0001:00008160       ?_ProcessWindowMessage@CStatusBar@@UEAAHPEAUHWND__@@I_K_JAEA_J@Z 0000000140009160 f i MainFrm.obj
 0001:000083c0       ?OnCreate@CControlBar@@QEAAHPEAUtagCREATESTRUCTA@@@Z 00000001400093c0 f i MainFrm.obj
 0001:000084c0       ?OnDestroy@CControlBar@@QEAAXXZ 00000001400094c0 f i MainFrm.obj
 0001:00008540       ?OnLButtonDown@CControlBar@@QEAAXIVCPoint@WTL@@@Z 0000000140009540 f i MainFrm.obj
 0001:000085c0       ?ReDockControlBar@CDockBar@@QEAAXPEAVCControlBar@@PEBUtagRECT@@@Z 00000001400095c0 f i MainFrm.obj
 0001:000089b0       ?ReDockControlBar@CFrameWnd@@QEAAXPEAVCControlBar@@PEAVCDockBar@@PEBUtagRECT@@@Z 00000001400099b0 f i MainFrm.obj
 0001:00008b00       ?ToggleDocking@CDockContext@@QEAAXXZ 0000000140009b00 f i MainFrm.obj
 0001:00008c90       ?OnTimer@CControlBar@@QEAAX_K@Z 0000000140009c90 f i MainFrm.obj
 0001:00008ea0       ?RecalcDelayShow@CControlBar@@QEAAKPEAUAFX_SIZEPARENTPARAMS@@@Z 0000000140009ea0 f i MainFrm.obj
 0001:00008f70       ?OnSizeParent@CControlBar@@QEAA_J_K_J@Z 0000000140009f70 f i MainFrm.obj
 0001:000090f0       ?OnIdleUpdateCmdUI@CControlBar@@QEAA_J_K_J@Z 000000014000a0f0 f i MainFrm.obj
 0001:00009230       ?OnInitialUpdate@CControlBar@@QEAAXXZ 000000014000a230 f i MainFrm.obj
 0001:00009240       ?_ProcessWindowMessage@CControlBar@@UEAAHPEAUHWND__@@I_K_JAEA_J@Z 000000014000a240 f i MainFrm.obj
 0001:000093c0       ?RemoveControlBar@CFrameWnd@@QEAAXPEAVCControlBar@@@Z 000000014000a3c0 f i MainFrm.obj
 0001:00009440       ?Create@CDockBar@@QEAAHPEAVCWnd@@KI@Z 000000014000a440 f i MainFrm.obj
 0001:00009510       ?Create@CMiniDockFrameWnd@@QEAAHPEAVCWnd@@K@Z 000000014000a510 f i MainFrm.obj
 0001:00009790       ?GetParentOwner@CWnd@@QEAAPEAV1@XZ 000000014000a790 f i MainFrm.obj
 0001:00009820       ?Create@CToolTipCtrlMTL@@QEAAHPEAVCWnd@@K@Z 000000014000a820 f i MainFrm.obj
 0001:000098e0       ??_ECToolTipCtrlMTL@@UEAAPEAXI@Z 000000014000a8e0 f i * CIL library *:* CIL module *
 0001:000098e0       ??_GCToolTipCtrlMTL@@UEAAPEAXI@Z 000000014000a8e0 f i MainFrm.obj
 0001:00009970       ?IsTopParentActive@CWnd@@QEAAHXZ 000000014000a970 f i MainFrm.obj
 0001:00009a00       ?_AfxRelayToolTipMessage@CWnd@@SAXPEAVCToolTipCtrlMTL@@PEAUtagMSG@@@Z 000000014000aa00 f i MainFrm.obj
 0001:00009ab0       ?FilterToolTipMessage@CWnd@@QEAAXPEAUtagMSG@@@Z 000000014000aab0 f i MainFrm.obj
 0001:0000a0c0       ?_FilterToolTipMessage@CWnd@@SAXPEAUtagMSG@@PEAV1@@Z 000000014000b0c0 f i MainFrm.obj
 0001:0000a0d0       ?_EnableToolTips@CWnd@@QEAAHHI@Z 000000014000b0d0 f i MainFrm.obj
 0001:0000a220       ?Insert@CDockBar@@QEAAHPEAVCControlBar@@VCRect@WTL@@VCPoint@4@@Z 000000014000b220 f i MainFrm.obj
 0001:0000a590       ?SetSize@?$CArray@PEAXAEBQEAX@@QEAAX_J0@Z 000000014000b590 f i MainFrm.obj
 0001:0000a6e0       ?DockControlBar@CDockBar@@QEAAXPEAVCControlBar@@PEBUtagRECT@@@Z 000000014000b6e0 f i MainFrm.obj
 0001:0000aa30       ?FloatControlBar@CFrameWnd@@QEAAXPEAVCControlBar@@VCPoint@WTL@@K@Z 000000014000ba30 f i MainFrm.obj
 0001:0000ac30       ?RemoveAt@?$CArray@PEAXAEBQEAX@@QEAAX_J0@Z 000000014000bc30 f i MainFrm.obj
 0001:0000ac70       ?RemovePlaceHolder@CDockBar@@QEAAXPEAVCControlBar@@@Z 000000014000bc70 f i MainFrm.obj
 0001:0000ad50       ?RemoveControlBar@CDockBar@@QEAAHPEAVCControlBar@@HH@Z 000000014000bd50 f i MainFrm.obj
 0001:0000afa0       ?CControlBarDestruct@CControlBar@@QEAAXXZ 000000014000bfa0 f i MainFrm.obj
 0001:0000b030       ?PostNcDestroy@CControlBar@@UEAAXXZ 000000014000c030 f i MainFrm.obj
 0001:0000b050       ?PreTranslateMessage@CControlBar@@UEAAHPEAUtagMSG@@@Z 000000014000c050 f i MainFrm.obj
 0001:0000b350       ?WindowProc@CControlBar@@UEAA_JI_K_J@Z 000000014000c350 f i MainFrm.obj
 0001:0000b4c0       ?PreCreateWindow@CControlBar@@UEAAHAEAUtagCREATESTRUCTA@@@Z 000000014000c4c0 f i MainFrm.obj
 0001:0000b570       ?PreCreateWindow@CStatusBar@@UEAAHAEAUtagCREATESTRUCTA@@@Z 000000014000c570 f i MainFrm.obj
 0001:0000b5a0       ?OnBarStyleChange@CStatusBar@@UEAAXKK@Z 000000014000c5a0 f i MainFrm.obj
 0001:0000b5e0       ?Enable@CStatusCmdUI@@UEAAXH@Z 000000014000c5e0 f i MainFrm.obj
 0001:0000b680       ??1?$CArray@HAEBH@@QEAA@XZ 000000014000c680 f i MainFrm.obj
 0001:0000b6c0       ?SetSize@?$CArray@HAEBH@@QEAAX_J0@Z 000000014000c6c0 f i MainFrm.obj
 0001:0000b810       ?UpdateAllPanes@CStatusBar@@QEAAXHH@Z 000000014000c810 f i MainFrm.obj
 0001:0000bcb0       ?SetCheck@CStatusCmdUI@@UEAAXH@Z 000000014000ccb0 f i MainFrm.obj
 0001:0000bd50       ?SetPaneText@CStatusBar@@QEAAHHPEBDH@Z 000000014000cd50 f i MainFrm.obj
 0001:0000be20       ?SetText@CStatusCmdUI@@UEAAXPEBD@Z 000000014000ce20 f i MainFrm.obj
 0001:0000be30       ?UpdateDialogControls@CWnd@@QEAAXPEAVCCmdTarget@@H@Z 000000014000ce30 f i MainFrm.obj
 0001:0000c0d0       ?OnUpdateCmdUI@CStatusBar@@UEAAXPEAVCFrameWnd@@H@Z 000000014000d0d0 f i MainFrm.obj
 0001:0000c210       ?CalcFixedLayout@CControlBar@@UEAA?AVCSize@WTL@@HH@Z 000000014000d210 f i MainFrm.obj
 0001:0000c250       ?CalcDynamicLayout@CControlBar@@UEAA?AVCSize@WTL@@HK@Z 000000014000d250 f i MainFrm.obj
 0001:0000c280       ?CalcInsideRect@CControlBar@@QEBAXAEAVCRect@WTL@@H@Z 000000014000d280 f i MainFrm.obj
 0001:0000c340       ?CalcFixedLayout@CStatusBar@@UEAA?AVCSize@WTL@@HH@Z 000000014000d340 f i MainFrm.obj
 0001:0000c4f0       ?ResetTimer@CControlBar@@QEAAX_KI@Z 000000014000d4f0 f i MainFrm.obj
 0001:0000c550       ?SetStatusText@CControlBar@@UEAAH_J@Z 000000014000d550 f i MainFrm.obj
 0001:0000c690       ?Create@CStatusBar@@UEAAHPEAVCWnd@@KI@Z 000000014000d690 f i MainFrm.obj
 0001:0000c6b0       ?CreateEx@CStatusBar@@UEAAHPEAVCWnd@@KKI@Z 000000014000d6b0 f i MainFrm.obj
 0001:0000c7a0       ?OnCmdMsg@CFrameWnd@@UEAAHIHPEAXPEAUAFX_CMDHANDLERINFO@@@Z 000000014000d7a0 f i MainFrm.obj
 0001:0000c810       ??_ECFrameWnd@@UEAAPEAXI@Z 000000014000d810 f i * CIL library *:* CIL module *
 0001:0000c810       ??_GCFrameWnd@@UEAAPEAXI@Z 000000014000d810 f i MainFrm.obj
 0001:0000c840       ?PreTranslateMessage@CFrameWnd@@UEAAHPEAUtagMSG@@@Z 000000014000d840 f i MainFrm.obj
 0001:0000c8c0       ?AfxIsDescendant@CFrameWnd@@SAHPEAUHWND__@@0@Z 000000014000d8c0 f i MainFrm.obj
 0001:0000c9a0       ?ShowOwnedWindows@CFrameWnd@@QEAAXH@Z 000000014000d9a0 f i MainFrm.obj
 0001:0000cac0       ?OnSetPreviewMode@CFrameWnd@@UEAAXHPEAUCPrintPreviewState@@@Z 000000014000dac0 f i MainFrm.obj
 0001:0000cef0       ?ActivateFrame@CFrameWnd@@UEAAXH@Z 000000014000def0 f i MainFrm.obj
 0001:0000cfa0       ?GetActiveFrame@CFrameWnd@@UEAAPEAV1@XZ 000000014000dfa0 f i MainFrm.obj
 0001:0000cfb0       ?GetDefaultAccelerator@CFrameWnd@@UEAAPEAUHACCEL__@@XZ 000000014000dfb0 f i MainFrm.obj
 0001:0000cfc0       ?PreCreateWindow@CFrameWnd@@UEAAHAEAUtagCREATESTRUCTA@@@Z 000000014000dfc0 f i MainFrm.obj
 0001:0000d010       ?GetIconWndClass@CFrameWnd@@QEAAPEBDKI@Z 000000014000e010 f i MainFrm.obj
 0001:0000d0d0       ?RemoveFrameWnd@CFrameWnd@@QEAAXXZ 000000014000e0d0 f i MainFrm.obj
 0001:0000d150       ?CFrameWndDestruct@CFrameWnd@@QEAAXXZ 000000014000e150 f i MainFrm.obj
 0001:0000d160       ??1CFrameWnd@@UEAA@XZ      000000014000e160 f i MainFrm.obj
 0001:0000d220       ?PostNcDestroy@CFrameWnd@@UEAAXXZ 000000014000e220 f i MainFrm.obj
 0001:0000d240       ?Create@CFrameWnd@@UEAAHPEBD0KAEBUtagRECT@@PEAVCWnd@@0KPEAUCCreateContext@@@Z 000000014000e240 f i MainFrm.obj
 0001:0000d380       ?LoadFrame@CFrameWnd@@UEAAHIKPEAVCWnd@@PEAUCCreateContext@@@Z 000000014000e380 f i MainFrm.obj
 0001:0000d6b0       ?AddFrameWnd@CFrameWnd@@QEAAXXZ 000000014000e6b0 f i MainFrm.obj
 0001:0000d730       ??0CFrameWnd@@QEAA@XZ      000000014000e730 f i MainFrm.obj
 0001:0000d820       ?LoadStringA@CString@WTL@@QEAAHI@Z 000000014000e820 f i MainFrm.obj
 0001:0000da30       ?OnClose@CFrameWnd@@QEAAXXZ 000000014000ea30 f i MainFrm.obj
 0001:0000daf0       ?CreateView@CFrameWnd@@QEAAPEAVCWnd@@PEAUCCreateContext@@I@Z 000000014000eaf0 f i MainFrm.obj
 0001:0000dc00       ?OnCreateClient@CFrameWnd@@UEAAHPEAUtagCREATESTRUCTA@@PEAUCCreateContext@@@Z 000000014000ec00 f i MainFrm.obj
 0001:0000dc30       ?OnCreateHelper@CFrameWnd@@QEAAHPEAUtagCREATESTRUCTA@@PEAUCCreateContext@@@Z 000000014000ec30 f i MainFrm.obj
 0001:0000dcd0       ?DestroyWindow@CControlBar@@UEAAHXZ 000000014000ecd0 f i MainFrm.obj
 0001:0000dd50       ?DestroyDockBars@CFrameWnd@@QEAAXXZ 000000014000ed50 f i MainFrm.obj
 0001:0000dfa0       ?OnDestroy@CFrameWnd@@QEAAXXZ 000000014000efa0 f i MainFrm.obj
 0001:0000e030       ?OnDropFiles@CFrameWnd@@QEAAXPEAUHDROP__@@@Z 000000014000f030 f i MainFrm.obj
 0001:0000e0f0       ?GetOwner@CWnd@@QEAAPEAV1@XZ 000000014000f0f0 f i MainFrm.obj
 0001:0000e130       ?GetTopLevelParent@CWnd@@QEAAPEAV1@XZ 000000014000f130 f i MainFrm.obj
 0001:0000e230       ?OnIdle@CCmdUI@@QEAAHPEAVCCmdTarget@@H@Z 000000014000f230 f i MainFrm.obj
 0001:0000e2f0       ?OnInitMenuPopup@CFrameWnd@@QEAAXPEAVCMenuMTL@@IH@Z 000000014000f2f0 f i MainFrm.obj
 0001:0000e5e0       ?GetTopLevelFrame@CWnd@@QEAAPEAVCFrameWnd@@XZ 000000014000f5e0 f i MainFrm.obj
 0001:0000e6d0       ?SetMenuBarState@CFrameWnd@@QEAAHK@Z 000000014000f6d0 f i MainFrm.obj
 0001:0000e730       ?OnMenuSelect@CFrameWnd@@QEAAXIIPEAUHMENU__@@@Z 000000014000f730 f i MainFrm.obj
 0001:0000e900       ?OnSize@CFrameWnd@@QEAAXIHH@Z 000000014000f900 f i MainFrm.obj
 0001:0000e950       ?OnPopMessageString@CFrameWnd@@QEAA_J_K_J@Z 000000014000f950 f i MainFrm.obj
 0001:0000e970       ?GetDescendantWindow@CWnd@@QEAAPEAV1@PEAUHWND__@@HH@Z 000000014000f970 f i MainFrm.obj
 0001:0000ea70       ?OnSetMessageString@CFrameWnd@@QEAA_J_K_J@Z 000000014000fa70 f i MainFrm.obj
 0001:0000ecb0       ?OnUpdateFrameMenu@CFrameWnd@@UEAAXPEAUHMENU__@@@Z 000000014000fcb0 f i MainFrm.obj
 0001:0000ece0       ?UpdateFrameTitleForDocument@CFrameWnd@@QEAAXPEBD@Z 000000014000fce0 f i MainFrm.obj
 0001:0000f4c0       ?OnUpdateFrameTitle@CFrameWnd@@UEAAXH@Z 00000001400104c0 f i MainFrm.obj
 0001:0000f500       ?OnIdleUpdateCmdUI@CFrameWnd@@QEAAXXZ 0000000140010500 f i MainFrm.obj
 0001:0000f5a0       ?OnUpdateControlBarMenu@CFrameWnd@@QEAAXPEAVCCmdUI@@@Z 00000001400105a0 f i MainFrm.obj
 0001:0000f630       ?GetControlBar@CFrameWnd@@QEAAPEAVCControlBar@@I@Z 0000000140010630 f i MainFrm.obj
 0001:0000f6a0       ?GetParentFrame@CWnd@@QEAAPEAVCFrameWnd@@XZ 00000001400106a0 f i MainFrm.obj
 0001:0000f760       ?IsVisible@CControlBar@@UEBAHXZ 0000000140010760 f i MainFrm.obj
 0001:0000f7a0       ?AfxRepositionWindow@CAfx@@SAXPEAUAFX_SIZEPARENTPARAMS@@PEAUHWND__@@PEBUtagRECT@@@Z 00000001400107a0 f i MainFrm.obj
 0001:0000f8a0       ?RepositionBars@CWnd@@QEAAXIIIIPEAUtagRECT@@PEBU2@H@Z 00000001400108a0 f i MainFrm.obj
 0001:0000fa80       ?RecalcLayout@CFrameWnd@@UEAAXH@Z 0000000140010a80 f i MainFrm.obj
 0001:0000fbb0       ?ShowControlBar@CFrameWnd@@QEAAXPEAVCControlBar@@HH@Z 0000000140010bb0 f i MainFrm.obj
 0001:0000fdc0       ?OnBarCheck@CFrameWnd@@QEAAHI@Z 0000000140010dc0 f i MainFrm.obj
 0001:0000fe50       ?_AtlGetStringResourceImage@CAfx@@SAPEBUATLSTRINGRESOURCEIMAGE@ATL@@PEAUHINSTANCE__@@PEAUHRSRC__@@I@Z 0000000140010e50 f i MainFrm.obj
 0001:0000fef0       ?AfxLoadString@CAfx@@SAHIPEADI@Z 0000000140010ef0 f i MainFrm.obj
 0001:0000ffa0       ?AssignCopy@CString@WTL@@IEAAXHPEBD@Z 0000000140010fa0 f i MainFrm.obj
 0001:00010040       ?Empty@CString@WTL@@QEAAXXZ 0000000140011040 f i MainFrm.obj
 0001:000100c0       ?GetBuffer@CString@WTL@@QEAAPEADH@Z 00000001400110c0 f i MainFrm.obj
 0001:00010160       ?CopyBeforeWrite@CString@WTL@@IEAAXXZ 0000000140011160 f i MainFrm.obj
 0001:000101e0       ?AfxExtractSubString@CAfx@@SAHAEAVCString@WTL@@PEBDHD@Z 00000001400111e0 f i MainFrm.obj
 0001:000102e0       ?OnToolTipText@CFrameWnd@@QEAAHIPEAUtagNMHDR@@PEA_J@Z 00000001400112e0 f i MainFrm.obj
 0001:000106e0       ?_ProcessWindowMessage@CFrameWnd@@UEAAHPEAUHWND__@@I_K_JAEA_J@Z 00000001400116e0 f i MainFrm.obj
 0001:00010c10       ?SetCurrentHandles@CWinApp@@QEAAXXZ 0000000140011c10 f i StdAfx.obj
 0001:00010f20       ?GetRuntimeClass@CCmdTarget@@UEBAPEAUCRuntimeClass@@XZ 0000000140011f20 f   StdAfx.obj
 0001:00010f30       ?CreateObject@CWnd@@SAPEAVCObject@@XZ 0000000140011f30 f   StdAfx.obj
 0001:00010f80       ?GetRuntimeClass@CWnd@@UEBAPEAUCRuntimeClass@@XZ 0000000140011f80 f   StdAfx.obj
 0001:00010f90       ?GetRuntimeClass@CDialog@@UEBAPEAUCRuntimeClass@@XZ 0000000140011f90 f   StdAfx.obj
 0001:00010fa0       ?CreateObject@CFrameWnd@@SAPEAVCObject@@XZ 0000000140011fa0 f   StdAfx.obj
 0001:00010fe0       ?GetRuntimeClass@CFrameWnd@@UEBAPEAUCRuntimeClass@@XZ 0000000140011fe0 f   StdAfx.obj
 0001:00010ff0       ?GetRuntimeClass@CControlBar@@UEBAPEAUCRuntimeClass@@XZ 0000000140011ff0 f   StdAfx.obj
 0001:00011000       ?GetRuntimeClass@CToolBar@@UEBAPEAUCRuntimeClass@@XZ 0000000140012000 f   StdAfx.obj
 0001:00011010       ?GetRuntimeClass@CToolTipCtrlMTL@@UEBAPEAUCRuntimeClass@@XZ 0000000140012010 f   StdAfx.obj
 0001:00011020       WinMain                    0000000140012020 f   StdAfx.obj
 0001:00011098       ?__AllocStdCallThunk@ATL@@YAPEAXXZ 0000000140012098 f   atls:atlthunk.obj
 0001:0001115c       ?__FreeStdCallThunk@ATL@@YAXPEAX@Z 000000014001215c f   atls:atlthunk.obj
 0001:000111ec       ??0CAtlBaseModule@ATL@@QEAA@XZ 00000001400121ec f   atls:atlbase.obj
 0001:00011294       ??1CAtlBaseModule@ATL@@QEAA@XZ 0000000140012294 f   atls:atlbase.obj
 0001:000112c8       ??3@YAXPEAX@Z              00000001400122c8 f   LIBCMT:delete.obj
 0001:000112d0       ??_V@YAXPEAX@Z             00000001400122d0 f   LIBCMT:delete2.obj
 0001:000112d8       ??_U@YAPEAX_K@Z            00000001400122d8 f   LIBCMT:new2.obj
 0001:000112e0       __onexitinit               00000001400122e0 f   LIBCMT:onexit.obj
 0001:00011324       _onexit                    0000000140012324 f   LIBCMT:onexit.obj
 0001:00011430       atexit                     0000000140012430 f   LIBCMT:onexit.obj
 0001:00011448       ??0bad_alloc@std@@QEAA@AEBV01@@Z 0000000140012448 f i LIBCMT:new.obj
 0001:0001146c       ??1bad_alloc@std@@UEAA@XZ  000000014001246c f i LIBCMT:new.obj
 0001:0001147c       ??2@YAPEAX_K@Z             000000014001247c f   LIBCMT:new.obj
 0001:000114e8       ??_Gbad_alloc@std@@UEAAPEAXI@Z 00000001400124e8 f i LIBCMT:new.obj
 0001:000114e8       ??_Ebad_alloc@std@@UEAAPEAXI@Z 00000001400124e8 f i LIBCMT:new.obj
 0001:00011524       free                       0000000140012524 f   LIBCMT:free.obj
 0001:00011564       _strdup                    0000000140012564 f   LIBCMT:strdup.obj
 0001:000115d4       ??0_LocaleUpdate@@QEAA@PEAUlocaleinfo_struct@@@Z 00000001400125d4 f i LIBCMT:mbschr.obj
 0001:0001167c       _mbschr                    000000014001267c f   LIBCMT:mbschr.obj
 0001:00011684       _mbschr_l                  0000000140012684 f   LIBCMT:mbschr.obj
 0001:00011744       _mbscmp                    0000000140012744 f   LIBCMT:mbscmp.obj
 0001:0001174c       _mbscmp_l                  000000014001274c f   LIBCMT:mbscmp.obj
 0001:00011840       memmove                    0000000140012840 f   LIBCMT:memcpy.obj
 0001:00011840       memcpy                     0000000140012840 f   LIBCMT:memcpy.obj
 0001:00011da8       _purecall                  0000000140012da8 f   LIBCMT:purevirt.obj
 0001:00011dd4       malloc                     0000000140012dd4 f   LIBCMT:malloc.obj
 0001:00011e8c       WinMainCRTStartup          0000000140012e8c f   LIBCMT:wincrt0.obj
 0001:00012070       memset                     0000000140013070 f   LIBCMT:memset.obj
 0001:0001229c       __crtCorExitProcess        000000014001329c f   LIBCMT:crt0dat.obj
 0001:000122e0       __crtExitProcess           00000001400132e0 f   LIBCMT:crt0dat.obj
 0001:000122f8       _amsg_exit                 00000001400132f8 f   LIBCMT:crt0dat.obj
 0001:00012320       _c_exit                    0000000140013320 f   LIBCMT:crt0dat.obj
 0001:00012330       _cexit                     0000000140013330 f   LIBCMT:crt0dat.obj
 0001:00012340       _cinit                     0000000140013340 f   LIBCMT:crt0dat.obj
 0001:000123d8       _exit                      00000001400133d8 f   LIBCMT:crt0dat.obj
 0001:000123e4       _init_pointers             00000001400133e4 f   LIBCMT:crt0dat.obj
 0001:00012490       _initterm_e                0000000140013490 f   LIBCMT:crt0dat.obj
 0001:000124cc       _lockexit                  00000001400134cc f   LIBCMT:crt0dat.obj
 0001:000124d8       _unlockexit                00000001400134d8 f   LIBCMT:crt0dat.obj
 0001:0001267c       exit                       000000014001367c f   LIBCMT:crt0dat.obj
 0001:00012688       _msize                     0000000140013688 f   LIBCMT:msize.obj
 0001:000126c4       _calloc_crt                00000001400136c4 f   LIBCMT:crtheap.obj
 0001:00012744       _malloc_crt                0000000140013744 f   LIBCMT:crtheap.obj
 0001:000127c0       _realloc_crt               00000001400137c0 f   LIBCMT:crtheap.obj
 0001:00012844       __C_specific_handler       0000000140013844 f   LIBCMT:chandler.obj
 0001:00012a28       ??0exception@std@@QEAA@AEBQEBD@Z 0000000140013a28 f   LIBCMT:stdexcpt.obj
 0001:00012a58       ??0exception@std@@QEAA@AEBQEBDH@Z 0000000140013a58 f   LIBCMT:stdexcpt.obj
 0001:00012a74       ??0exception@std@@QEAA@AEBV01@@Z 0000000140013a74 f   LIBCMT:stdexcpt.obj
 0001:00012aa0       ??1exception@std@@UEAA@XZ  0000000140013aa0 f   LIBCMT:stdexcpt.obj
 0001:00012ab0       ??4exception@std@@QEAAAEAV01@AEBV01@@Z 0000000140013ab0 f   LIBCMT:stdexcpt.obj
 0001:00012af4       ??_Gexception@std@@UEAAPEAXI@Z 0000000140013af4 f i LIBCMT:stdexcpt.obj
 0001:00012af4       ??_Eexception@std@@UEAAPEAXI@Z 0000000140013af4 f i LIBCMT:stdexcpt.obj
 0001:00012b30       ?_Copy_str@exception@std@@AEAAXPEBD@Z 0000000140013b30 f   LIBCMT:stdexcpt.obj
 0001:00012b8c       ?_Tidy@exception@std@@AEAAXXZ 0000000140013b8c f   LIBCMT:stdexcpt.obj
 0001:00012bb4       ?what@exception@std@@UEBAPEBDXZ 0000000140013bb4 f   LIBCMT:stdexcpt.obj
 0001:00012bc8       _callnewh                  0000000140013bc8 f   LIBCMT:handler.obj
 0001:00012bfc       _initp_heap_handler        0000000140013bfc f   LIBCMT:handler.obj
 0001:00012c04       _CxxThrowException         0000000140013c04 f   LIBCMT:throw.obj
 0001:00012ccc       ??8type_info@@QEBA_NAEBV0@@Z 0000000140013ccc f   LIBCMT:typinfo.obj
 0001:00012cec       ??_Etype_info@@UEAAPEAXI@Z 0000000140013cec f i LIBCMT:typinfo.obj
 0001:00012cec       ??_Gtype_info@@UEAAPEAXI@Z 0000000140013cec f i LIBCMT:typinfo.obj
 0001:00012d28       __doserrno                 0000000140013d28 f   LIBCMT:dosmap.obj
 0001:00012d48       _dosmaperr                 0000000140013d48 f   LIBCMT:dosmap.obj
 0001:00012d98       _errno                     0000000140013d98 f   LIBCMT:dosmap.obj
 0001:00012db8       _get_errno_from_oserr      0000000140013db8 f   LIBCMT:dosmap.obj
 0001:00012e08       _heap_init                 0000000140013e08 f   LIBCMT:heapinit.obj
 0001:00012e28       _call_reportfault          0000000140013e28 f   LIBCMT:invarg.obj
 0001:00012f1c       _initp_misc_invarg         0000000140013f1c f   LIBCMT:invarg.obj
 0001:00012f24       _invalid_parameter         0000000140013f24 f   LIBCMT:invarg.obj
 0001:00012f8c       _invalid_parameter_noinfo  0000000140013f8c f   LIBCMT:invarg.obj
 0001:00012fac       _invoke_watson             0000000140013fac f   LIBCMT:invarg.obj
 0001:00012fe8       strcpy_s                   0000000140013fe8 f   LIBCMT:strcpy_s.obj
 0001:00013060       strlen                     0000000140014060 f   LIBCMT:strlen.obj
 0001:00013108       __addlocaleref             0000000140014108 f   LIBCMT:localref.obj
 0001:00013194       __freetlocinfo             0000000140014194 f   LIBCMT:localref.obj
 0001:0001332c       __removelocaleref          000000014001432c f   LIBCMT:localref.obj
 0001:000133d0       __updatetlocinfo           00000001400143d0 f   LIBCMT:localref.obj
 0001:00013448       _updatetlocinfoEx_nolock   0000000140014448 f   LIBCMT:localref.obj
 0001:000134ac       __initmbctable             00000001400144ac f   LIBCMT:mbctype.obj
 0001:000137c8       __updatetmbcinfo           00000001400147c8 f   LIBCMT:mbctype.obj
 0001:00013884       _setmbcp                   0000000140014884 f   LIBCMT:mbctype.obj
 0001:00013ac8       _setmbcp_nolock            0000000140014ac8 f   LIBCMT:mbctype.obj
 0001:00013d78       strchr                     0000000140014d78 f   LIBCMT:strchr.obj
 0001:00013e04       _freefls                   0000000140014e04 f   LIBCMT:tidtable.obj
 0001:00013f38       _getptd                    0000000140014f38 f   LIBCMT:tidtable.obj
 0001:00013f5c       _getptd_noexit             0000000140014f5c f   LIBCMT:tidtable.obj
 0001:00013fe0       _initptd                   0000000140014fe0 f   LIBCMT:tidtable.obj
 0001:000140a4       _mtinit                    00000001400150a4 f   LIBCMT:tidtable.obj
 0001:00014124       _mtterm                    0000000140015124 f   LIBCMT:tidtable.obj
 0001:00014160       strcmp                     0000000140015160 f   LIBCMT:strcmp.obj
 0001:000141c8       __isa_available_init       00000001400151c8 f   LIBCMT:cpu_disp.obj
 0001:0001436c       _set_abort_behavior        000000014001536c f   LIBCMT:abort.obj
 0001:00014388       abort                      0000000140015388 f   LIBCMT:abort.obj
 0001:000143e0       _initp_misc_purevirt       00000001400153e0 f   LIBCMT:inithelp.obj
 0001:000143e8       _FF_MSGBANNER              00000001400153e8 f   LIBCMT:crt0msg.obj
 0001:0001442c       _GET_RTERRMSG              000000014001542c f   LIBCMT:crt0msg.obj
 0001:0001445c       _NMSG_WRITE                000000014001545c f   LIBCMT:crt0msg.obj
 0001:000146cc       ?_inconsistency@@YAXXZ     00000001400156cc f   LIBCMT:hooks.obj
 0001:000146ec       ?terminate@@YAXXZ          00000001400156ec f   LIBCMT:hooks.obj
 0001:0001470c       _initp_eh_hooks            000000014001570c f   LIBCMT:hooks.obj
 0001:0001472c       ?__CxxUnhandledExceptionFilter@@YAJPEAU_EXCEPTION_POINTERS@@@Z 000000014001572c f   LIBCMT:unhandld.obj
 0001:00014764       __CxxSetUnhandledExceptionFilter 0000000140015764 f   LIBCMT:unhandld.obj
 0001:0001477c       _XcptFilter                000000014001577c f   LIBCMT:winxfltr.obj
 0001:00014948       _ioinit                    0000000140015948 f   LIBCMT:ioinit.obj
 0001:00014c78       _setargv                   0000000140015c78 f   LIBCMT:stdargv.obj
 0001:00014f34       _setenvp                   0000000140015f34 f   LIBCMT:stdenvp.obj
 0001:00015068       __set_app_type             0000000140016068 f   LIBCMT:errmode.obj
 0001:00015070       _set_error_mode            0000000140016070 f   LIBCMT:errmode.obj
 0001:000150b0       __security_init_cookie     00000001400160b0 f   LIBCMT:gs_support.obj
 0001:0001515c       _RTC_Initialize            000000014001615c f   LIBCMT:initsect.obj
 0001:00015194       _RTC_Terminate             0000000140016194 f   LIBCMT:initsect.obj
 0001:000151cc       __crtGetEnvironmentStringsA 00000001400161cc f   LIBCMT:a_env.obj
 0001:000152c0       __crtCaptureCurrentContext 00000001400162c0 f   LIBCMT:winapisupp.obj
 0001:00015330       __crtCapturePreviousContext 0000000140016330 f   LIBCMT:winapisupp.obj
 0001:000153a4       __crtFlsAlloc              00000001400163a4 f   LIBCMT:winapisupp.obj
 0001:000153c0       __crtFlsFree               00000001400163c0 f   LIBCMT:winapisupp.obj
 0001:000153dc       __crtFlsGetValue           00000001400163dc f   LIBCMT:winapisupp.obj
 0001:000153f8       __crtFlsSetValue           00000001400163f8 f   LIBCMT:winapisupp.obj
 0001:00015414       __crtGetShowWindowMode     0000000140016414 f   LIBCMT:winapisupp.obj
 0001:00015440       __crtInitializeCriticalSectionEx 0000000140016440 f   LIBCMT:winapisupp.obj
 0001:0001546c       __crtIsPackagedApp         000000014001646c f   LIBCMT:winapisupp.obj
 0001:000154b8       __crtLoadWinApiPointers    00000001400164b8 f   LIBCMT:winapisupp.obj
 0001:000158b4       __crtSetUnhandledExceptionFilter 00000001400168b4 f   LIBCMT:winapisupp.obj
 0001:000158bc       __crtSleep                 00000001400168bc f   LIBCMT:winapisupp.obj
 0001:000158c4       __crtTerminateProcess      00000001400168c4 f   LIBCMT:winapisupp.obj
 0001:000158e4       __crtUnhandledException    00000001400168e4 f   LIBCMT:winapisupp.obj
 0001:00015904       _wincmdln                  0000000140016904 f   LIBCMT:wincmdln.obj
 0001:00015980       realloc                    0000000140016980 f   LIBCMT:realloc.obj
 0001:00015a54       _lock                      0000000140016a54 f   LIBCMT:mlock.obj
 0001:00015a98       _mtdeletelocks             0000000140016a98 f   LIBCMT:mlock.obj
 0001:00015b20       _mtinitlocknum             0000000140016b20 f   LIBCMT:mlock.obj
 0001:00015be0       _mtinitlocks               0000000140016be0 f   LIBCMT:mlock.obj
 0001:00015c44       _unlock                    0000000140016c44 f   LIBCMT:mlock.obj
 0001:00015c60       _FindPESection             0000000140016c60 f   LIBCMT:pesect.obj
 0001:00015cb0       _IsNonwritableInCurrentImage 0000000140016cb0 f   LIBCMT:pesect.obj
 0001:00015d00       _ValidateImageBase         0000000140016d00 f   LIBCMT:pesect.obj
 0001:00015d30       _initp_misc_cfltcvt_tab    0000000140016d30 f   LIBCMT:cmiscdat.obj
 0001:00015d6c       __get_sigabrt              0000000140016d6c f   LIBCMT:winsig.obj
 0001:00015d7c       _initp_misc_winsig         0000000140016d7c f   LIBCMT:winsig.obj
 0001:00015d9c       raise                      0000000140016d9c f   LIBCMT:winsig.obj
 0001:00015fd0       _initp_misc_rand_s         0000000140016fd0 f   LIBCMT:rand_s.obj
 0001:00015fd8       _calloc_impl               0000000140016fd8 f   LIBCMT:calloc_impl.obj
 0001:00016090       _local_unwind              0000000140017090 f   LIBCMT:jmpuwind.obj
 0001:000160c0       _NLG_Notify                00000001400170c0 f   LIBCMT:jmpuwind.obj
 0001:000160e0       __NLG_Dispatch2            00000001400170e0 f   LIBCMT:jmpuwind.obj
 0001:000160f0       __NLG_Return2              00000001400170f0 f   LIBCMT:jmpuwind.obj
 0001:000160f4       ?_Type_info_dtor@type_info@@CAXPEAV1@@Z 00000001400170f4 f   LIBCMT:typname.obj
 0001:00016160       __crt_debugger_hook        0000000140017160 f   LIBCMT:dbghook.obj
 0001:00016168       __GSHandlerCheck           0000000140017168 f   LIBCMT:gshandler.obj
 0001:00016188       __GSHandlerCheckCommon     0000000140017188 f   LIBCMT:gshandler.obj
 0001:00016200       __security_check_cookie    0000000140017200 f   LIBCMT:amdsecgs.obj
 0001:00016220       __free_lconv_mon           0000000140017220 f   LIBCMT:initmon.obj
 0001:0001632c       __free_lconv_num           000000014001732c f   LIBCMT:initnum.obj
 0001:00016398       __free_lc_time             0000000140017398 f   LIBCMT:inittime.obj
 0001:00016a80       __crtLCMapStringA          0000000140017a80 f   LIBCMT:a_map.obj
 0001:00016c90       __crtGetStringTypeA        0000000140017c90 f   LIBCMT:a_str.obj
 0001:00016d0c       GetTableIndexFromLocaleName 0000000140017d0c f   LIBCMT:winapinls.obj
 0001:00016d98       __crtDownlevelLocaleNameToLCID 0000000140017d98 f   LIBCMT:winapinls.obj
 0001:00016dcc       __crtLCMapStringEx         0000000140017dcc f   LIBCMT:winapinls.obj
 0001:00016e5c       __wcsnicmp_ascii           0000000140017e5c f   LIBCMT:winapinls.obj
 0001:00016eb4       wcscat_s                   0000000140017eb4 f   LIBCMT:wcscat_s.obj
 0001:00016f3c       wcscpy_s                   0000000140017f3c f   LIBCMT:wcscpy_s.obj
 0001:00016fa8       wcslen                     0000000140017fa8 f   LIBCMT:wcslen.obj
 0001:00016fc4       wcsncpy_s                  0000000140017fc4 f   LIBCMT:wcsncpy_s.obj
 0001:00017090       __crtMessageBoxW           0000000140018090 f   LIBCMT:crtmboxw.obj
 0001:00017304       __initstdio                0000000140018304 f   LIBCMT:_file.obj
 0001:0001739c       __endstdio                 000000014001839c f   LIBCMT:_file.obj
 0001:000173cc       _lock_file                 00000001400183cc f   LIBCMT:_file.obj
 0001:00017434       _lock_file2                0000000140018434 f   LIBCMT:_file.obj
 0001:00017468       _unlock_file               0000000140018468 f   LIBCMT:_file.obj
 0001:000174b8       _unlock_file2              00000001400184b8 f   LIBCMT:_file.obj
 0001:00017554       _ismbblead                 0000000140018554 f   LIBCMT:ismbbyte.obj
 0001:00017568       _fptrap                    0000000140018568 f   LIBCMT:crt0fp.obj
 0001:00017574       _fileno                    0000000140018574 f   LIBCMT:fileno.obj
 0001:0001759c       _isatty                    000000014001859c f   LIBCMT:isatty.obj
 0001:000175fc       _fflush_nolock             00000001400185fc f   LIBCMT:fflush.obj
 0001:00017648       _flush                     0000000140018648 f   LIBCMT:fflush.obj
 0001:000176c4       _flushall                  00000001400186c4 f   LIBCMT:fflush.obj
 0001:000177b8       __raise_securityfailure    00000001400187b8 f   LIBCMT:gs_report.obj
 0001:00017804       __report_gsfailure         0000000140018804 f   LIBCMT:gs_report.obj
 0001:000178d8       _locterm                   00000001400188d8 f   LIBCMT:wsetloca.obj
 0001:00017930       __chkstk                   0000000140018930 f   LIBCMT:chkstk.obj
 0001:00017930       _alloca_probe              0000000140018930 f   LIBCMT:chkstk.obj
 0001:00017980       _fcloseall                 0000000140018980 f   LIBCMT:closeall.obj
 0001:00017a28       _commit                    0000000140018a28 f   LIBCMT:commit.obj
 0001:00017b00       _write                     0000000140018b00 f   LIBCMT:write.obj
 0001:00017be4       _write_nolock              0000000140018be4 f   LIBCMT:write.obj
 0001:000183f0       memcmp                     00000001400193f0 f   LIBCMT:memcmp.obj
 0001:000184b8       _fclose_nolock             00000001400194b8 f   LIBCMT:fclose.obj
 0001:00018534       fclose                     0000000140019534 f   LIBCMT:fclose.obj
 0001:0001859c       __lock_fhandle             000000014001959c f   LIBCMT:osfinfo.obj
 0001:00018634       _free_osfhnd               0000000140019634 f   LIBCMT:osfinfo.obj
 0001:000186e0       _get_osfhandle             00000001400196e0 f   LIBCMT:osfinfo.obj
 0001:00018754       _unlock_fhandle            0000000140019754 f   LIBCMT:osfinfo.obj
 0001:00018780       _isleadbyte_l              0000000140019780 f i LIBCMT:_wctype.obj
 0001:000187c4       isleadbyte                 00000001400197c4 f i LIBCMT:_wctype.obj
 0001:0001880c       _lseeki64_nolock           000000014001980c f   LIBCMT:lseeki64.obj
 0001:000188a0       _mbtowc_l                  00000001400198a0 f   LIBCMT:mbtowc.obj
 0001:000189f4       mbtowc                     00000001400199f4 f   LIBCMT:mbtowc.obj
 0001:000189fc       _putwch_nolock             00000001400199fc f   LIBCMT:putwch.obj
 0001:00018a58       _close                     0000000140019a58 f   LIBCMT:close.obj
 0001:00018b1c       _close_nolock              0000000140019b1c f   LIBCMT:close.obj
 0001:00018bd8       _freebuf                   0000000140019bd8 f   LIBCMT:_freebuf.obj
 0001:00018c10       __termconout               0000000140019c10 f   LIBCMT:initcon.obj
 0001:00018c30       __initconout               0000000140019c30 f   LIBCMT:initcon.obj
 0001:00018c6c       _isctype_l                 0000000140019c6c f   LIBCMT:isctype.obj
 0001:00018d48       __crt_atoflt_l             0000000140019d48 f   LIBCMT:atodbl.obj
 0001:00018e18       _atodbl_l                  0000000140019e18 f   LIBCMT:atodbl.obj
 0001:00018ee0       _atoflt_l                  0000000140019ee0 f   LIBCMT:atodbl.obj
 0001:00018ee8       _fpmath                    0000000140019ee8 f   LIBCMT:fpinit.obj
 0001:00018ef0       _cfltcvt_init              0000000140019ef0 f   LIBCMT:fpinit.obj
 0001:00018f80       _ld12tod                   0000000140019f80 f   LIBCMT:intrncvt.obj
 0001:00019538       _ld12tof                   000000014001a538 f   LIBCMT:intrncvt.obj
 0001:00019af0       __strgtold12_l             000000014001aaf0 f   LIBCMT:strgtold.obj
 0001:0001a354       _cfltcvt                   000000014001b354 f   LIBCMT:cvt.obj
 0001:0001a378       _cfltcvt_l                 000000014001b378 f   LIBCMT:cvt.obj
 0001:0001a3f8       _cftoa_l                   000000014001b3f8 f   LIBCMT:cvt.obj
 0001:0001a9a4       _cftoe_l                   000000014001b9a4 f   LIBCMT:cvt.obj
 0001:0001ac00       _cftof_l                   000000014001bc00 f   LIBCMT:cvt.obj
 0001:0001acd4       _cftog_l                   000000014001bcd4 f   LIBCMT:cvt.obj
 0001:0001ae08       _cropzeros                 000000014001be08 f   LIBCMT:cvt.obj
 0001:0001ae10       _cropzeros_l               000000014001be10 f   LIBCMT:cvt.obj
 0001:0001aea8       _fassign                   000000014001bea8 f   LIBCMT:cvt.obj
 0001:0001aeb0       _fassign_l                 000000014001beb0 f   LIBCMT:cvt.obj
 0001:0001aef0       _forcdecpt                 000000014001bef0 f   LIBCMT:cvt.obj
 0001:0001aef8       _forcdecpt_l               000000014001bef8 f   LIBCMT:cvt.obj
 0001:0001af78       _positive                  000000014001bf78 f   LIBCMT:cvt.obj
 0001:0001af8c       __mtold12                  000000014001bf8c f   LIBCMT:mantold.obj
 0001:0001b1b0       isdigit                    000000014001c1b0 f i LIBCMT:_ctype.obj
 0001:0001b22c       _tolower_l                 000000014001c22c f   LIBCMT:tolower.obj
 0001:0001b380       tolower                    000000014001c380 f   LIBCMT:tolower.obj
 0001:0001b3a0       strrchr                    000000014001c3a0 f   LIBCMT:strrchr.obj
 0001:0001b4e4       _fptostr                   000000014001c4e4 f   LIBCMT:_fptostr.obj
 0001:0001b5b0       __dtold                    000000014001c5b0 f   LIBCMT:cfout.obj
 0001:0001b680       _fltout2                   000000014001c680 f   LIBCMT:cfout.obj
 0001:0001b738       $I10_OUTPUT                000000014001c738 f   LIBCMT:x10fout.obj
 0001:0001c210       RtlUnwindEx                000000014001d210 f   kernel32:KERNEL32.dll
 0001:0001c216       IsProcessorFeaturePresent  000000014001d216 f   kernel32:KERNEL32.dll
 0001:0001c21c       ?_GetEstablisherFrame@@YAPEA_KPEA_KPEAU_xDISPATCHER_CONTEXT@@PEBU_s_FuncInfo@@0@Z 000000014001d21c f   LIBCMT:trnsctrl.obj
 0001:0001c2e8       ?_GetRangeOfTrysToCheck@@YAPEBU_s_TryBlockMapEntry@@PEA_KPEBU_s_FuncInfo@@HHPEAI2PEAU_xDISPATCHER_CONTEXT@@@Z 000000014001d2e8 f   LIBCMT:trnsctrl.obj
 0001:0001c414       ?__FrameUnwindToEmptyState@@YAXPEA_KPEAU_xDISPATCHER_CONTEXT@@PEBU_s_FuncInfo@@@Z 000000014001d414 f   LIBCMT:trnsctrl.obj
 0001:0001c4a8       ?__SehTransFilter@@YAHPEAU_EXCEPTION_POINTERS@@PEAUEHExceptionRecord@@PEA_KPEAU_CONTEXT@@PEAU_xDISPATCHER_CONTEXT@@PEBU_s_FuncInfo@@PEAH@Z 000000014001d4a8 f   LIBCMT:trnsctrl.obj
 0001:0001c54c       _CallSETranslator          000000014001d54c f   LIBCMT:trnsctrl.obj
 0001:0001c5a0       _CreateFrameInfo           000000014001d5a0 f   LIBCMT:trnsctrl.obj
 0001:0001c5e4       _FindAndUnlinkFrame        000000014001d5e4 f   LIBCMT:trnsctrl.obj
 0001:0001c644       _GetImageBase              000000014001d644 f   LIBCMT:trnsctrl.obj
 0001:0001c65c       _GetThrowImageBase         000000014001d65c f   LIBCMT:trnsctrl.obj
 0001:0001c674       _IsExceptionObjectToBeDestroyed 000000014001d674 f   LIBCMT:trnsctrl.obj
 0001:0001c6a8       _SetImageBase              000000014001d6a8 f   LIBCMT:trnsctrl.obj
 0001:0001c6c4       _SetThrowImageBase         000000014001d6c4 f   LIBCMT:trnsctrl.obj
 0001:0001c6e0       _UnwindNestedFrames        000000014001d6e0 f   LIBCMT:trnsctrl.obj
 0001:0001c804       __CxxFrameHandler3         000000014001d804 f   LIBCMT:trnsctrl.obj
 0001:0001c88c       __DestructExceptionObject  000000014001d88c f   LIBCMT:frame.obj
 0001:0001c8fc       ??0bad_exception@std@@QEAA@AEBV01@@Z 000000014001d8fc f i LIBCMT:frame.obj
 0001:0001c920       ??1bad_exception@std@@UEAA@XZ 000000014001d920 f i LIBCMT:frame.obj
 0001:0001c930       ??_Ebad_exception@std@@UEAAPEAXI@Z 000000014001d930 f i LIBCMT:frame.obj
 0001:0001c930       ??_Gbad_exception@std@@UEAAPEAXI@Z 000000014001d930 f i LIBCMT:frame.obj
 0001:0001d224       __AdjustPointer            000000014001e224 f   LIBCMT:frame.obj
 0001:0001d248       __BuildCatchObject         000000014001e248 f   LIBCMT:frame.obj
 0001:0001d300       __BuildCatchObjectHelper   000000014001e300 f   LIBCMT:frame.obj
 0001:0001d550       __CxxCallCatchBlock        000000014001e550 f   LIBCMT:frame.obj
 0001:0001d754       __FrameUnwindFilter        000000014001e754 f   LIBCMT:frame.obj
 0001:0001d7a8       __FrameUnwindToState       000000014001e7a8 f   LIBCMT:frame.obj
 0001:0001d93c       __InternalCxxFrameHandler  000000014001e93c f   LIBCMT:frame.obj
 0001:0001db60       __TypeMatch                000000014001eb60 f   LIBCMT:frame.obj
 0001:0001dc90       ?__GetCurrentState@@YAHPEA_KPEAU_xDISPATCHER_CONTEXT@@PEBU_s_FuncInfo@@@Z 000000014001ec90 f   LIBCMT:ehstate.obj
 0001:0001dcb8       ?__GetUnwindTryBlock@@YAHPEA_KPEAU_xDISPATCHER_CONTEXT@@PEBU_s_FuncInfo@@@Z 000000014001ecb8 f   LIBCMT:ehstate.obj
 0001:0001dce4       ?__SetState@@YAXPEA_KPEAU_xDISPATCHER_CONTEXT@@PEBU_s_FuncInfo@@H@Z 000000014001ece4 f   LIBCMT:ehstate.obj
 0001:0001dcf0       ?__SetUnwindTryBlock@@YAXPEA_KPEAU_xDISPATCHER_CONTEXT@@PEBU_s_FuncInfo@@H@Z 000000014001ecf0 f   LIBCMT:ehstate.obj
 0001:0001dd2c       ?__StateFromControlPc@@YAHPEBU_s_FuncInfo@@PEAU_xDISPATCHER_CONTEXT@@@Z 000000014001ed2c f   LIBCMT:ehstate.obj
 0001:0001dd34       ?__StateFromIp@@YAHPEBU_s_FuncInfo@@PEAU_xDISPATCHER_CONTEXT@@_J@Z 000000014001ed34 f   LIBCMT:ehstate.obj
 0001:0001ddc0       ?_ValidateExecute@@YAHP6A_JXZ@Z 000000014001edc0 f   LIBCMT:validate.obj
 0001:0001ddc0       ?_ValidateRead@@YAHPEBXI@Z 000000014001edc0 f   LIBCMT:validate.obj
 0001:0001ddc0       ?_ValidateWrite@@YAHPEAXI@Z 000000014001edc0 f   LIBCMT:validate.obj
 0001:0001dde0       _CallSettingFrame          000000014001ede0 f   LIBCMT:handlers.obj
 0001:0001de20       _GetNextInstrOffset        000000014001ee20 f   LIBCMT:handlers.obj
 0001:0001e600       ??__FcModuleState@?1??_GetCModuleState@CWinApp@@SAPEAVCModuleState@@XZ@YAXXZ 000000014001f600 f i ChildView.obj
 0002:00000000       __imp_InitCommonControlsEx 0000000140020000     comctl32:COMCTL32.dll
 0002:00000008       \177COMCTL32_NULL_THUNK_DATA 0000000140020008     comctl32:COMCTL32.dll
 0002:00000010       __imp_SaveDC               0000000140020010     gdi32:GDI32.dll
 0002:00000018       __imp_DeleteObject         0000000140020018     gdi32:GDI32.dll
 0002:00000020       __imp_SelectObject         0000000140020020     gdi32:GDI32.dll
 0002:00000028       __imp_GetTextMetricsA      0000000140020028     gdi32:GDI32.dll
 0002:00000030       __imp_SetBkColor           0000000140020030     gdi32:GDI32.dll
 0002:00000038       __imp_ExtTextOutA          0000000140020038     gdi32:GDI32.dll
 0002:00000040       __imp_IntersectClipRect    0000000140020040     gdi32:GDI32.dll
 0002:00000048       __imp_RestoreDC            0000000140020048     gdi32:GDI32.dll
 0002:00000050       __imp_ExcludeClipRect      0000000140020050     gdi32:GDI32.dll
 0002:00000058       __imp_GetDeviceCaps        0000000140020058     gdi32:GDI32.dll
 0002:00000060       __imp_GetCharWidthA        0000000140020060     gdi32:GDI32.dll
 0002:00000068       __imp_CreateFontA          0000000140020068     gdi32:GDI32.dll
 0002:00000070       __imp_GetObjectA           0000000140020070     gdi32:GDI32.dll
 0002:00000078       __imp_StretchDIBits        0000000140020078     gdi32:GDI32.dll
 0002:00000080       __imp_CreateCompatibleDC   0000000140020080     gdi32:GDI32.dll
 0002:00000088       __imp_CreateCompatibleBitmap 0000000140020088     gdi32:GDI32.dll
 0002:00000090       __imp_GetBkColor           0000000140020090     gdi32:GDI32.dll
 0002:00000098       __imp_DeleteDC             0000000140020098     gdi32:GDI32.dll
 0002:000000a0       __imp_TextOutA             00000001400200a0     gdi32:GDI32.dll
 0002:000000a8       \177GDI32_NULL_THUNK_DATA  00000001400200a8     gdi32:GDI32.dll
 0002:000000b0       __imp_HeapAlloc            00000001400200b0     kernel32:KERNEL32.dll
 0002:000000b8       __imp_HeapFree             00000001400200b8     kernel32:KERNEL32.dll
 0002:000000c0       __imp_GetProcessHeap       00000001400200c0     kernel32:KERNEL32.dll
 0002:000000c8       __imp_InitializeSListHead  00000001400200c8     kernel32:KERNEL32.dll
 0002:000000d0       __imp_InterlockedPopEntrySList 00000001400200d0     kernel32:KERNEL32.dll
 0002:000000d8       __imp_InterlockedPushEntrySList 00000001400200d8     kernel32:KERNEL32.dll
 0002:000000e0       __imp_VirtualAlloc         00000001400200e0     kernel32:KERNEL32.dll
 0002:000000e8       __imp_VirtualFree          00000001400200e8     kernel32:KERNEL32.dll
 0002:000000f0       __imp_IsDebuggerPresent    00000001400200f0     kernel32:KERNEL32.dll
 0002:000000f8       __imp_OutputDebugStringW   00000001400200f8     kernel32:KERNEL32.dll
 0002:00000100       __imp_EnterCriticalSection 0000000140020100     kernel32:KERNEL32.dll
 0002:00000108       __imp_LeaveCriticalSection 0000000140020108     kernel32:KERNEL32.dll
 0002:00000110       __imp_WriteConsoleW        0000000140020110     kernel32:KERNEL32.dll
 0002:00000118       __imp_SetFilePointerEx     0000000140020118     kernel32:KERNEL32.dll
 0002:00000120       __imp_SetStdHandle         0000000140020120     kernel32:KERNEL32.dll
 0002:00000128       __imp_GetConsoleMode       0000000140020128     kernel32:KERNEL32.dll
 0002:00000130       __imp_GetConsoleCP         0000000140020130     kernel32:KERNEL32.dll
 0002:00000138       __imp_FlushFileBuffers     0000000140020138     kernel32:KERNEL32.dll
 0002:00000140       __imp_LCMapStringW         0000000140020140     kernel32:KERNEL32.dll
 0002:00000148       __imp_GetStringTypeW       0000000140020148     kernel32:KERNEL32.dll
 0002:00000150       __imp_LoadLibraryExW       0000000140020150     kernel32:KERNEL32.dll
 0002:00000158       __imp_HeapReAlloc          0000000140020158     kernel32:KERNEL32.dll
 0002:00000160       __imp_GetModuleHandleW     0000000140020160     kernel32:KERNEL32.dll
 0002:00000168       __imp_TlsFree              0000000140020168     kernel32:KERNEL32.dll
 0002:00000170       __imp_lstrcpyA             0000000140020170     kernel32:KERNEL32.dll
 0002:00000178       __imp_TlsGetValue          0000000140020178     kernel32:KERNEL32.dll
 0002:00000180       __imp_TlsAlloc             0000000140020180     kernel32:KERNEL32.dll
 0002:00000188       __imp_TerminateProcess     0000000140020188     kernel32:KERNEL32.dll
 0002:00000190       __imp_Sleep                0000000140020190     kernel32:KERNEL32.dll
 0002:00000198       __imp_InitializeCriticalSectionAndSpinCount 0000000140020198     kernel32:KERNEL32.dll
 0002:000001a0       __imp_SetUnhandledExceptionFilter 00000001400201a0     kernel32:KERNEL32.dll
 0002:000001a8       __imp_UnhandledExceptionFilter 00000001400201a8     kernel32:KERNEL32.dll
 0002:000001b0       __imp_RtlVirtualUnwind     00000001400201b0     kernel32:KERNEL32.dll
 0002:000001b8       __imp_RtlLookupFunctionEntry 00000001400201b8     kernel32:KERNEL32.dll
 0002:000001c0       __imp_RtlCaptureContext    00000001400201c0     kernel32:KERNEL32.dll
 0002:000001c8       __imp_FreeEnvironmentStringsW 00000001400201c8     kernel32:KERNEL32.dll
 0002:000001d0       __imp_GetEnvironmentStringsW 00000001400201d0     kernel32:KERNEL32.dll
 0002:000001d8       __imp_GetSystemTimeAsFileTime 00000001400201d8     kernel32:KERNEL32.dll
 0002:000001e0       __imp_GetCurrentProcessId  00000001400201e0     kernel32:KERNEL32.dll
 0002:000001e8       __imp_QueryPerformanceCounter 00000001400201e8     kernel32:KERNEL32.dll
 0002:000001f0       __imp_GetStartupInfoW      00000001400201f0     kernel32:KERNEL32.dll
 0002:000001f8       __imp_GetFileType          00000001400201f8     kernel32:KERNEL32.dll
 0002:00000200       __imp_GetModuleFileNameW   0000000140020200     kernel32:KERNEL32.dll
 0002:00000208       __imp_WriteFile            0000000140020208     kernel32:KERNEL32.dll
 0002:00000210       __imp_GetStdHandle         0000000140020210     kernel32:KERNEL32.dll
 0002:00000218       __imp_SetLastError         0000000140020218     kernel32:KERNEL32.dll
 0002:00000220       __imp_GetCPInfo            0000000140020220     kernel32:KERNEL32.dll
 0002:00000228       __imp_GetOEMCP             0000000140020228     kernel32:KERNEL32.dll
 0002:00000230       __imp_GetACP               0000000140020230     kernel32:KERNEL32.dll
 0002:00000238       __imp_IsValidCodePage      0000000140020238     kernel32:KERNEL32.dll
 0002:00000240       __imp_IsProcessorFeaturePresent 0000000140020240     kernel32:KERNEL32.dll
 0002:00000248       __imp_RtlPcToFileHeader    0000000140020248     kernel32:KERNEL32.dll
 0002:00000250       __imp_RtlUnwindEx          0000000140020250     kernel32:KERNEL32.dll
 0002:00000258       __imp_HeapSize             0000000140020258     kernel32:KERNEL32.dll
 0002:00000260       __imp_GetProcAddress       0000000140020260     kernel32:KERNEL32.dll
 0002:00000268       __imp_GetModuleHandleExW   0000000140020268     kernel32:KERNEL32.dll
 0002:00000270       __imp_ExitProcess          0000000140020270     kernel32:KERNEL32.dll
 0002:00000278       __imp_GetCommandLineA      0000000140020278     kernel32:KERNEL32.dll
 0002:00000280       __imp_EncodePointer        0000000140020280     kernel32:KERNEL32.dll
 0002:00000288       __imp_GetModuleFileNameA   0000000140020288     kernel32:KERNEL32.dll
 0002:00000290       __imp_DecodePointer        0000000140020290     kernel32:KERNEL32.dll
 0002:00000298       __imp_FindResourceW        0000000140020298     kernel32:KERNEL32.dll
 0002:000002a0       __imp_SizeofResource       00000001400202a0     kernel32:KERNEL32.dll
 0002:000002a8       __imp_WideCharToMultiByte  00000001400202a8     kernel32:KERNEL32.dll
 0002:000002b0       __imp_lstrcpynA            00000001400202b0     kernel32:KERNEL32.dll
 0002:000002b8       __imp_MultiByteToWideChar  00000001400202b8     kernel32:KERNEL32.dll
 0002:000002c0       __imp_lstrcmpiA            00000001400202c0     kernel32:KERNEL32.dll
 0002:000002c8       __imp_FindResourceA        00000001400202c8     kernel32:KERNEL32.dll
 0002:000002d0       __imp_FreeResource         00000001400202d0     kernel32:KERNEL32.dll
 0002:000002d8       __imp_LoadResource         00000001400202d8     kernel32:KERNEL32.dll
 0002:000002e0       __imp_LockResource         00000001400202e0     kernel32:KERNEL32.dll
 0002:000002e8       __imp_GlobalDeleteAtom     00000001400202e8     kernel32:KERNEL32.dll
 0002:000002f0       __imp_InitializeCriticalSectionEx 00000001400202f0     kernel32:KERNEL32.dll
 0002:000002f8       __imp_GetLastError         00000001400202f8     kernel32:KERNEL32.dll
 0002:00000300       __imp_RaiseException       0000000140020300     kernel32:KERNEL32.dll
 0002:00000308       __imp_DeleteCriticalSection 0000000140020308     kernel32:KERNEL32.dll
 0002:00000310       __imp_CloseHandle          0000000140020310     kernel32:KERNEL32.dll
 0002:00000318       __imp_GetCurrentThreadId   0000000140020318     kernel32:KERNEL32.dll
 0002:00000320       __imp_FlushInstructionCache 0000000140020320     kernel32:KERNEL32.dll
 0002:00000328       __imp_GetCurrentProcess    0000000140020328     kernel32:KERNEL32.dll
 0002:00000330       __imp_lstrcmpA             0000000140020330     kernel32:KERNEL32.dll
 0002:00000338       __imp_TlsSetValue          0000000140020338     kernel32:KERNEL32.dll
 0002:00000340       __imp_lstrlenA             0000000140020340     kernel32:KERNEL32.dll
 0002:00000348       __imp_CreateFileW          0000000140020348     kernel32:KERNEL32.dll
 0002:00000350       \177KERNEL32_NULL_THUNK_DATA 0000000140020350     kernel32:KERNEL32.dll
 0002:00000358       __imp_DragQueryFileA       0000000140020358     shell32:SHELL32.dll
 0002:00000360       __imp_DragFinish           0000000140020360     shell32:SHELL32.dll
 0002:00000368       \177SHELL32_NULL_THUNK_DATA 0000000140020368     shell32:SHELL32.dll
 0002:00000370       __imp_PathFindExtensionA   0000000140020370     shlwapi:SHLWAPI.dll
 0002:00000378       __imp_PathFindFileNameA    0000000140020378     shlwapi:SHLWAPI.dll
 0002:00000380       \177SHLWAPI_NULL_THUNK_DATA 0000000140020380     shlwapi:SHLWAPI.dll
 0002:00000388       __imp_GetCursorPos         0000000140020388     user32:USER32.dll
 0002:00000390       __imp_GetForegroundWindow  0000000140020390     user32:USER32.dll
 0002:00000398       __imp_AppendMenuA          0000000140020398     user32:USER32.dll
 0002:000003a0       __imp_DeleteMenu           00000001400203a0     user32:USER32.dll
 0002:000003a8       __imp_GetSystemMenu        00000001400203a8     user32:USER32.dll
 0002:000003b0       __imp_GetCapture           00000001400203b0     user32:USER32.dll
 0002:000003b8       __imp_IsChild              00000001400203b8     user32:USER32.dll
 0002:000003c0       __imp_WindowFromPoint      00000001400203c0     user32:USER32.dll
 0002:000003c8       __imp_GetWindowDC          00000001400203c8     user32:USER32.dll
 0002:000003d0       __imp_GetSysColor          00000001400203d0     user32:USER32.dll
 0002:000003d8       __imp_SetFocus             00000001400203d8     user32:USER32.dll
 0002:000003e0       __imp_SetParent            00000001400203e0     user32:USER32.dll
 0002:000003e8       __imp_DefWindowProcA       00000001400203e8     user32:USER32.dll
 0002:000003f0       __imp_PostMessageA         00000001400203f0     user32:USER32.dll
 0002:000003f8       __imp_IsWindow             00000001400203f8     user32:USER32.dll
 0002:00000400       __imp_OffsetRect           0000000140020400     user32:USER32.dll
 0002:00000408       __imp_GetDC                0000000140020408     user32:USER32.dll
 0002:00000410       __imp_ReleaseDC            0000000140020410     user32:USER32.dll
 0002:00000418       __imp_IsZoomed             0000000140020418     user32:USER32.dll
 0002:00000420       __imp_SetTimer             0000000140020420     user32:USER32.dll
 0002:00000428       __imp_KillTimer            0000000140020428     user32:USER32.dll
 0002:00000430       __imp_SetRectEmpty         0000000140020430     user32:USER32.dll
 0002:00000438       __imp_TranslateAcceleratorA 0000000140020438     user32:USER32.dll
 0002:00000440       __imp_InvalidateRect       0000000140020440     user32:USER32.dll
 0002:00000448       __imp_IsIconic             0000000140020448     user32:USER32.dll
 0002:00000450       __imp_BringWindowToTop     0000000140020450     user32:USER32.dll
 0002:00000458       __imp_LoadMenuA            0000000140020458     user32:USER32.dll
 0002:00000460       __imp_LoadAcceleratorsA    0000000140020460     user32:USER32.dll
 0002:00000468       __imp_LoadStringA          0000000140020468     user32:USER32.dll
 0002:00000470       __imp_ShowOwnedPopups      0000000140020470     user32:USER32.dll
 0002:00000478       __imp_SetWindowLongA       0000000140020478     user32:USER32.dll
 0002:00000480       __imp_WinHelpA             0000000140020480     user32:USER32.dll
 0002:00000488       __imp_GetSubMenu           0000000140020488     user32:USER32.dll
 0002:00000490       __imp_GetMenuItemCount     0000000140020490     user32:USER32.dll
 0002:00000498       __imp_GetMenuItemID        0000000140020498     user32:USER32.dll
 0002:000004a0       __imp_GetKeyState          00000001400204a0     user32:USER32.dll
 0002:000004a8       __imp_BeginDeferWindowPos  00000001400204a8     user32:USER32.dll
 0002:000004b0       __imp_CopyRect             00000001400204b0     user32:USER32.dll
 0002:000004b8       __imp_ScreenToClient       00000001400204b8     user32:USER32.dll
 0002:000004c0       __imp_EqualRect            00000001400204c0     user32:USER32.dll
 0002:000004c8       __imp_DeferWindowPos       00000001400204c8     user32:USER32.dll
 0002:000004d0       __imp_EndDeferWindowPos    00000001400204d0     user32:USER32.dll
 0002:000004d8       __imp_GetClassNameA        00000001400204d8     user32:USER32.dll
 0002:000004e0       __imp_IsDialogMessageA     00000001400204e0     user32:USER32.dll
 0002:000004e8       __imp_CreateDialogIndirectParamA 00000001400204e8     user32:USER32.dll
 0002:000004f0       __imp_MonitorFromWindow    00000001400204f0     user32:USER32.dll
 0002:000004f8       __imp_GetMonitorInfoA      00000001400204f8     user32:USER32.dll
 0002:00000500       __imp_MapWindowPoints      0000000140020500     user32:USER32.dll
 0002:00000508       __imp_SendDlgItemMessageA  0000000140020508     user32:USER32.dll
 0002:00000510       __imp_EndDialog            0000000140020510     user32:USER32.dll
 0002:00000518       __imp_IsWindowEnabled      0000000140020518     user32:USER32.dll
 0002:00000520       __imp_SetActiveWindow      0000000140020520     user32:USER32.dll
 0002:00000528       __imp_UpdateWindow         0000000140020528     user32:USER32.dll
 0002:00000530       __imp_GetDlgItem           0000000140020530     user32:USER32.dll
 0002:00000538       __imp_GetDesktopWindow     0000000140020538     user32:USER32.dll
 0002:00000540       __imp_GetLastActivePopup   0000000140020540     user32:USER32.dll
 0002:00000548       __imp_GetClientRect        0000000140020548     user32:USER32.dll
 0002:00000550       __imp_SetWindowPos         0000000140020550     user32:USER32.dll
 0002:00000558       __imp_IsWindowVisible      0000000140020558     user32:USER32.dll
 0002:00000560       __imp_GetTopWindow         0000000140020560     user32:USER32.dll
 0002:00000568       __imp_ShowWindow           0000000140020568     user32:USER32.dll
 0002:00000570       __imp_GetMessageA          0000000140020570     user32:USER32.dll
 0002:00000578       __imp_GetActiveWindow      0000000140020578     user32:USER32.dll
 0002:00000580       __imp_TranslateMessage     0000000140020580     user32:USER32.dll
 0002:00000588       __imp_DispatchMessageA     0000000140020588     user32:USER32.dll
 0002:00000590       __imp_PeekMessageA         0000000140020590     user32:USER32.dll
 0002:00000598       __imp_EndPaint             0000000140020598     user32:USER32.dll
 0002:000005a0       __imp_BeginPaint           00000001400205a0     user32:USER32.dll
 0002:000005a8       __imp_wsprintfA            00000001400205a8     user32:USER32.dll
 0002:000005b0       __imp_AdjustWindowRectEx   00000001400205b0     user32:USER32.dll
 0002:000005b8       __imp_DestroyMenu          00000001400205b8     user32:USER32.dll
 0002:000005c0       __imp_GetMenu              00000001400205c0     user32:USER32.dll
 0002:000005c8       __imp_SetMenu              00000001400205c8     user32:USER32.dll
 0002:000005d0       __imp_ChildWindowFromPointEx 00000001400205d0     user32:USER32.dll
 0002:000005d8       __imp_ClientToScreen       00000001400205d8     user32:USER32.dll
 0002:000005e0       __imp_GetWindow            00000001400205e0     user32:USER32.dll
 0002:000005e8       __imp_GetWindowLongA       00000001400205e8     user32:USER32.dll
 0002:000005f0       __imp_GetWindowRect        00000001400205f0     user32:USER32.dll
 0002:000005f8       __imp_PtInRect             00000001400205f8     user32:USER32.dll
 0002:00000600       __imp_GetClassInfoExA      0000000140020600     user32:USER32.dll
[...]
 0004:000017dc       $pdata$__crtIsPackagedApp  00000001400317dc     LIBCMT:winapisupp.obj
 0004:000017e8       $pdata$__crtLoadWinApiPointers 00000001400317e8     LIBCMT:winapisupp.obj
 0004:000017f4       $pdata$__crtTerminateProcess 00000001400317f4     LIBCMT:winapisupp.obj
 0004:00001800       $pdata$__crtUnhandledException 0000000140031800     LIBCMT:winapisupp.obj
 0004:0000180c       $pdata$_wincmdln           000000014003180c     LIBCMT:wincmdln.obj
 0004:00001818       $pdata$realloc             0000000140031818     LIBCMT:realloc.obj
 0004:00001824       $pdata$_lock               0000000140031824     LIBCMT:mlock.obj
 0004:00001830       $pdata$_mtdeletelocks      0000000140031830     LIBCMT:mlock.obj
 0004:0000183c       $pdata$_mtinitlocknum      000000014003183c     LIBCMT:mlock.obj
 0004:00001848       $pdata$_mtinitlocks        0000000140031848     LIBCMT:mlock.obj
 0004:00001854       $pdata$_IsNonwritableInCurrentImage 0000000140031854     LIBCMT:pesect.obj
 0004:00001860       $pdata$_initp_misc_cfltcvt_tab 0000000140031860     LIBCMT:cmiscdat.obj
 0004:0000186c       $pdata$raise               000000014003186c     LIBCMT:winsig.obj
 0004:00001878       $pdata$_calloc_impl        0000000140031878     LIBCMT:calloc_impl.obj
 0004:000018b4       $pdata$?_Type_info_dtor@type_info@@CAXPEAV1@@Z 00000001400318b4     LIBCMT:typname.obj
 0004:000018c0       $pdata$__GSHandlerCheck    00000001400318c0     LIBCMT:gshandler.obj
 0004:000018cc       $pdata$__GSHandlerCheckCommon 00000001400318cc     LIBCMT:gshandler.obj
 0004:000018e4       $pdata$__free_lconv_mon    00000001400318e4     LIBCMT:initmon.obj
 0004:000018f0       $pdata$__free_lconv_num    00000001400318f0     LIBCMT:initnum.obj
 0004:000018fc       $pdata$__free_lc_time      00000001400318fc     LIBCMT:inittime.obj
 0004:00001908       $pdata$?__crtLCMapStringA_stat@@YAHPEAUlocaleinfo_struct@@PEB_WKPEBDHPEADHHH@Z 0000000140031908     LIBCMT:a_map.obj
 0004:00001914       $pdata$__crtLCMapStringA   0000000140031914     LIBCMT:a_map.obj
 0004:00001920       $pdata$?__crtGetStringTypeA_stat@@YAHPEAUlocaleinfo_struct@@KPEBDHPEAGHH@Z 0000000140031920     LIBCMT:a_str.obj
 0004:0000192c       $pdata$__crtGetStringTypeA 000000014003192c     LIBCMT:a_str.obj
 0004:00001938       $pdata$GetTableIndexFromLocaleName 0000000140031938     LIBCMT:winapinls.obj
 0004:00001944       $pdata$__crtDownlevelLocaleNameToLCID 0000000140031944     LIBCMT:winapinls.obj
 0004:00001950       $pdata$__crtLCMapStringEx  0000000140031950     LIBCMT:winapinls.obj
 0004:0000195c       $pdata$wcscat_s            000000014003195c     LIBCMT:wcscat_s.obj
 0004:00001968       $pdata$wcscpy_s            0000000140031968     LIBCMT:wcscpy_s.obj
 0004:00001974       $pdata$wcsncpy_s           0000000140031974     LIBCMT:wcsncpy_s.obj
 0004:00001980       $pdata$__crtMessageBoxW    0000000140031980     LIBCMT:crtmboxw.obj
 0004:0000198c       $pdata$__initstdio         000000014003198c     LIBCMT:_file.obj
 0004:00001998       $pdata$__endstdio          0000000140031998     LIBCMT:_file.obj
 0004:000019a4       $pdata$_lock_file          00000001400319a4     LIBCMT:_file.obj
 0004:000019b0       $pdata$_lock_file2         00000001400319b0     LIBCMT:_file.obj
 0004:000019bc       $pdata$?x_ismbbtype_l@@YAHPEAUlocaleinfo_struct@@IHH@Z 00000001400319bc     LIBCMT:ismbbyte.obj
 0004:000019c8       $pdata$_fileno             00000001400319c8     LIBCMT:fileno.obj
 0004:000019d4       $pdata$_isatty             00000001400319d4     LIBCMT:isatty.obj
 0004:000019e0       $pdata$_fflush_nolock      00000001400319e0     LIBCMT:fflush.obj
 0004:000019ec       $pdata$_flush              00000001400319ec     LIBCMT:fflush.obj
 0004:000019f8       $pdata$flsall              00000001400319f8     LIBCMT:fflush.obj
 0004:00001a04       $pdata$__raise_securityfailure 0000000140031a04     LIBCMT:gs_report.obj
 0004:00001a10       $pdata$__report_gsfailure  0000000140031a10     LIBCMT:gs_report.obj
 0004:00001a1c       $pdata$_locterm            0000000140031a1c     LIBCMT:wsetloca.obj
 0004:00001a34       $pdata$_fcloseall          0000000140031a34     LIBCMT:closeall.obj
 0004:00001a40       $pdata$_commit             0000000140031a40     LIBCMT:commit.obj
 0004:00001a4c       $pdata$_write              0000000140031a4c     LIBCMT:write.obj
 0004:00001a58       $pdata$_write_nolock       0000000140031a58     LIBCMT:write.obj
 0004:00001a70       $pdata$_fclose_nolock      0000000140031a70     LIBCMT:fclose.obj
 0004:00001a7c       $pdata$fclose              0000000140031a7c     LIBCMT:fclose.obj
 0004:00001a88       $pdata$__lock_fhandle      0000000140031a88     LIBCMT:osfinfo.obj
 0004:00001a94       $pdata$_free_osfhnd        0000000140031a94     LIBCMT:osfinfo.obj
 0004:00001aa0       $pdata$_get_osfhandle      0000000140031aa0     LIBCMT:osfinfo.obj
 0004:00001aac       $pdata$_isleadbyte_l       0000000140031aac     LIBCMT:_wctype.obj
 0004:00001ab8       $pdata$isleadbyte          0000000140031ab8     LIBCMT:_wctype.obj
 0004:00001ac4       $pdata$_lseeki64_nolock    0000000140031ac4     LIBCMT:lseeki64.obj
 0004:00001ad0       $pdata$_mbtowc_l           0000000140031ad0     LIBCMT:mbtowc.obj
 0004:00001adc       $pdata$_putwch_nolock      0000000140031adc     LIBCMT:putwch.obj
 0004:00001ae8       $pdata$_close              0000000140031ae8     LIBCMT:close.obj
 0004:00001af4       $pdata$_close_nolock       0000000140031af4     LIBCMT:close.obj
 0004:00001b00       $pdata$_freebuf            0000000140031b00     LIBCMT:_freebuf.obj
 0004:00001b0c       $pdata$__termconout        0000000140031b0c     LIBCMT:initcon.obj
 0004:00001b18       $pdata$__initconout        0000000140031b18     LIBCMT:initcon.obj
 0004:00001b24       $pdata$_isctype_l          0000000140031b24     LIBCMT:isctype.obj
 0004:00001b30       $pdata$__crt_atoflt_l      0000000140031b30     LIBCMT:atodbl.obj
 0004:00001b3c       $pdata$_atodbl_l           0000000140031b3c     LIBCMT:atodbl.obj
 0004:00001b48       $pdata$_ld12tod            0000000140031b48     LIBCMT:intrncvt.obj
 0004:00001b54       $pdata$_ld12tof            0000000140031b54     LIBCMT:intrncvt.obj
 0004:00001b60       $pdata$__strgtold12_l      0000000140031b60     LIBCMT:strgtold.obj
 0004:00001b6c       $pdata$_cfltcvt            0000000140031b6c     LIBCMT:cvt.obj
 0004:00001b78       $pdata$_cfltcvt_l          0000000140031b78     LIBCMT:cvt.obj
 0004:00001b84       $pdata$_cftoa_l            0000000140031b84     LIBCMT:cvt.obj
 0004:00001b90       $pdata$_cftoe2_l           0000000140031b90     LIBCMT:cvt.obj
 0004:00001b9c       $pdata$_cftoe_l            0000000140031b9c     LIBCMT:cvt.obj
 0004:00001ba8       $pdata$_cftof2_l           0000000140031ba8     LIBCMT:cvt.obj
 0004:00001bb4       $pdata$_cftof_l            0000000140031bb4     LIBCMT:cvt.obj
 0004:00001bc0       $pdata$_cftog_l            0000000140031bc0     LIBCMT:cvt.obj
 0004:00001bcc       $pdata$_cropzeros_l        0000000140031bcc     LIBCMT:cvt.obj
 0004:00001bd8       $pdata$_fassign_l          0000000140031bd8     LIBCMT:cvt.obj
 0004:00001be4       $pdata$_forcdecpt_l        0000000140031be4     LIBCMT:cvt.obj
 0004:00001bf0       $pdata$__mtold12           0000000140031bf0     LIBCMT:mantold.obj
 0004:00001bfc       $pdata$isdigit             0000000140031bfc     LIBCMT:_ctype.obj
 0004:00001c08       $pdata$_tolower_l          0000000140031c08     LIBCMT:tolower.obj
 0004:00001c14       $pdata$strrchr             0000000140031c14     LIBCMT:strrchr.obj
 0004:00001c20       $pdata$_fptostr            0000000140031c20     LIBCMT:_fptostr.obj
 0004:00001c2c       $pdata$__dtold             0000000140031c2c     LIBCMT:cfout.obj
 0004:00001c38       $pdata$_fltout2            0000000140031c38     LIBCMT:cfout.obj
 0004:00001c44       $pdata$$I10_OUTPUT         0000000140031c44     LIBCMT:x10fout.obj
 0004:00001c50       $pdata$?_GetEstablisherFrame@@YAPEA_KPEA_KPEAU_xDISPATCHER_CONTEXT@@PEBU_s_FuncInfo@@0@Z 0000000140031c50     LIBCMT:trnsctrl.obj
 0004:00001c5c       $pdata$?_GetRangeOfTrysToCheck@@YAPEBU_s_TryBlockMapEntry@@PEA_KPEBU_s_FuncInfo@@HHPEAI2PEAU_xDISPATCHER_CONTEXT@@@Z 0000000140031c5c     LIBCMT:trnsctrl.obj
 0004:00001c68       $pdata$?__FrameUnwindToEmptyState@@YAXPEA_KPEAU_xDISPATCHER_CONTEXT@@PEBU_s_FuncInfo@@@Z 0000000140031c68     LIBCMT:trnsctrl.obj
 0004:00001c74       $pdata$?__SehTransFilter@@YAHPEAU_EXCEPTION_POINTERS@@PEAUEHExceptionRecord@@PEA_KPEAU_CONTEXT@@PEAU_xDISPATCHER_CONTEXT@@PEBU_s_FuncInfo@@PEAH@Z 0000000140031c74     LIBCMT:trnsctrl.obj
 0004:00001c80       $pdata$_CallSETranslator   0000000140031c80     LIBCMT:trnsctrl.obj
 0004:00001c8c       $pdata$_CreateFrameInfo    0000000140031c8c     LIBCMT:trnsctrl.obj
 0004:00001c98       $pdata$_FindAndUnlinkFrame 0000000140031c98     LIBCMT:trnsctrl.obj
 0004:00001ca4       $pdata$_GetImageBase       0000000140031ca4     LIBCMT:trnsctrl.obj
 0004:00001cb0       $pdata$_GetThrowImageBase  0000000140031cb0     LIBCMT:trnsctrl.obj
 0004:00001cbc       $pdata$_IsExceptionObjectToBeDestroyed 0000000140031cbc     LIBCMT:trnsctrl.obj
 0004:00001cc8       $pdata$_SetImageBase       0000000140031cc8     LIBCMT:trnsctrl.obj
 0004:00001cd4       $pdata$_SetThrowImageBase  0000000140031cd4     LIBCMT:trnsctrl.obj
 0004:00001ce0       $pdata$_UnwindNestedFrames 0000000140031ce0     LIBCMT:trnsctrl.obj
 0004:00001cec       $pdata$__CxxFrameHandler3  0000000140031cec     LIBCMT:trnsctrl.obj
 0004:00001cf8       $pdata$__DestructExceptionObject 0000000140031cf8     LIBCMT:frame.obj
 0004:00001d04       $pdata$??0bad_exception@std@@QEAA@AEBV01@@Z 0000000140031d04     LIBCMT:frame.obj
 0004:00001d10       $pdata$??_Gbad_exception@std@@UEAAPEAXI@Z 0000000140031d10     LIBCMT:frame.obj
 0004:00001d1c       $pdata$?CatchIt@@YAXPEAUEHExceptionRecord@@PEA_KPEAU_CONTEXT@@PEAU_xDISPATCHER_CONTEXT@@PEBU_s_FuncInfo@@PEBU_s_HandlerType@@PEBU_s_CatchableType@@PEBU_s_TryBlockMapEntry@@H1EE@Z 0000000140031d1c     LIBCMT:frame.obj
 0004:00001d28       $pdata$?FindHandler@@YAXPEAUEHExceptionRecord@@PEA_KPEAU_CONTEXT@@PEAU_xDISPATCHER_CONTEXT@@PEBU_s_FuncInfo@@EH1@Z 0000000140031d28     LIBCMT:frame.obj
 0004:00001d34       $pdata$?FindHandlerForForeignException@@YAXPEAUEHExceptionRecord@@PEA_KPEAU_CONTEXT@@PEAU_xDISPATCHER_CONTEXT@@PEBU_s_FuncInfo@@HH1@Z 0000000140031d34     LIBCMT:frame.obj
 0004:00001d40       $pdata$?IsInExceptionSpec@@YAEPEAUEHExceptionRecord@@PEBU_s_ESTypeList@@@Z 0000000140031d40     LIBCMT:frame.obj
 0004:00001d4c       $pdata$__BuildCatchObject  0000000140031d4c     LIBCMT:frame.obj
 0004:00001d58       $pdata$__BuildCatchObjectHelper 0000000140031d58     LIBCMT:frame.obj
 0004:00001d64       $pdata$__CxxCallCatchBlock 0000000140031d64     LIBCMT:frame.obj
 0004:00001d70       $pdata$__FrameUnwindFilter 0000000140031d70     LIBCMT:frame.obj
 0004:00001d7c       $pdata$__FrameUnwindToState 0000000140031d7c     LIBCMT:frame.obj
 0004:00001d88       $pdata$__InternalCxxFrameHandler 0000000140031d88     LIBCMT:frame.obj
 0004:00001d94       $pdata$__TypeMatch         0000000140031d94     LIBCMT:frame.obj
 0004:00001da0       $pdata$?__GetCurrentState@@YAHPEA_KPEAU_xDISPATCHER_CONTEXT@@PEBU_s_FuncInfo@@@Z 0000000140031da0     LIBCMT:ehstate.obj
 0004:00001dac       $pdata$?__GetUnwindTryBlock@@YAHPEA_KPEAU_xDISPATCHER_CONTEXT@@PEBU_s_FuncInfo@@@Z 0000000140031dac     LIBCMT:ehstate.obj
 0004:00001db8       $pdata$?__SetUnwindTryBlock@@YAXPEA_KPEAU_xDISPATCHER_CONTEXT@@PEBU_s_FuncInfo@@H@Z 0000000140031db8     LIBCMT:ehstate.obj
 0004:00001dc4       $pdata$?__StateFromIp@@YAHPEBU_s_FuncInfo@@PEAU_xDISPATCHER_CONTEXT@@_J@Z 0000000140031dc4     LIBCMT:ehstate.obj
 0004:00001ddc       $pdata$?catch$0@?0??AllocBuffer@CString@WTL@@IEAAHH@Z@4HA 0000000140031ddc     ChildView.obj
 0004:00001de8       $pdata$_onexit$fin$0       0000000140031de8     LIBCMT:onexit.obj
 0004:00001df4       $pdata$__tmainCRTStartup$filt$0 0000000140031df4     LIBCMT:wincrt0.obj
 0004:00001e00       $pdata$doexit$fin$0        0000000140031e00     LIBCMT:crt0dat.obj
 0004:00001e0c       $pdata$__updatetlocinfo$fin$0 0000000140031e0c     LIBCMT:localref.obj
 0004:00001e0c       $pdata$_locterm$fin$0      0000000140031e0c     LIBCMT:localref.obj
 0004:00001e18       $pdata$_setmbcp$fin$0      0000000140031e18     LIBCMT:mbctype.obj
 0004:00001e18       $pdata$__updatetmbcinfo$fin$0 0000000140031e18     LIBCMT:mbctype.obj
 0004:00001e24       $pdata$_initptd$fin$1      0000000140031e24     LIBCMT:tidtable.obj
 0004:00001e24       $pdata$_freefls$fin$1      0000000140031e24     LIBCMT:tidtable.obj
 0004:00001e30       $pdata$_freefls$fin$0      0000000140031e30     LIBCMT:tidtable.obj
 0004:00001e30       $pdata$_initptd$fin$0      0000000140031e30     LIBCMT:tidtable.obj
 0004:00001e3c       $pdata$_ioinit$fin$0       0000000140031e3c     LIBCMT:ioinit.obj
 0004:00001e48       $pdata$_mtinitlocknum$fin$0 0000000140031e48     LIBCMT:mlock.obj
 0004:00001e54       $pdata$_IsNonwritableInCurrentImage$filt$0 0000000140031e54     LIBCMT:pesect.obj
 0004:00001e60       $pdata$raise$fin$0         0000000140031e60     LIBCMT:winsig.obj
 0004:00001e6c       $pdata$?fin$0@?0??_Type_info_dtor@type_info@@CAXPEAV1@@Z@4HA 0000000140031e6c     LIBCMT:typname.obj
 0004:00001e78       $pdata$flsall$fin$0        0000000140031e78     LIBCMT:fflush.obj
 0004:00001e84       $pdata$flsall$fin$1        0000000140031e84     LIBCMT:fflush.obj
 0004:00001e90       $pdata$_fcloseall$fin$0    0000000140031e90     LIBCMT:closeall.obj
 0004:00001e9c       $pdata$_write$fin$0        0000000140031e9c     LIBCMT:write.obj
 0004:00001ea8       $pdata$fclose$fin$0        0000000140031ea8     LIBCMT:fclose.obj
 0004:00001eb4       $pdata$__lock_fhandle$fin$0 0000000140031eb4     LIBCMT:osfinfo.obj
 0004:00001ec0       $pdata$_close$fin$0        0000000140031ec0     LIBCMT:close.obj
 0004:00001ec0       $pdata$_commit$fin$0       0000000140031ec0     LIBCMT:close.obj
 0004:00001ecc       $pdata$_CallSETranslator$filt$0 0000000140031ecc     LIBCMT:trnsctrl.obj
 0004:00001ed8       $pdata$__CxxCallCatchBlock$filt$0 0000000140031ed8     LIBCMT:frame.obj
 0004:00001ee4       $pdata$__CxxCallCatchBlock$fin$1 0000000140031ee4     LIBCMT:frame.obj
 0004:00001ef0       $pdata$__DestructExceptionObject$filt$0 0000000140031ef0     LIBCMT:frame.obj
 0004:00001efc       $pdata$__FrameUnwindToState$filt$0 0000000140031efc     LIBCMT:frame.obj
 0004:00001f08       $pdata$__FrameUnwindToState$fin$1 0000000140031f08     LIBCMT:frame.obj
 0005:00000df0       $R000000                   0000000140032df0     FrmVC6.res
 0005:000010d8       $R0002E8                   00000001400330d8     FrmVC6.res
 0005:00001200       $R000410                   0000000140033200     FrmVC6.res
 0005:00001228       $R000438                   0000000140033228     FrmVC6.res
 0005:000014e8       $R0006F8                   00000001400334e8     FrmVC6.res
 0005:00001500       $R000710                   0000000140033500     FrmVC6.res
 0005:00001680       $R000890                   0000000140033680     FrmVC6.res
 0005:000016d0       $R0008E0                   00000001400336d0     FrmVC6.res
 0005:000017d8       $R0009E8                   00000001400337d8     FrmVC6.res
 0005:00001ac8       $R000CD8                   0000000140033ac8     FrmVC6.res
 0005:00001c00       $R000E10                   0000000140033c00     FrmVC6.res
 0005:00001cb8       $R000EC8                   0000000140033cb8     FrmVC6.res
 0005:00001ce0       $R000EF0                   0000000140033ce0     FrmVC6.res
 0005:00001e18       $R001028                   0000000140033e18     FrmVC6.res
 0005:00001e30       $R001040                   0000000140033e30     FrmVC6.res
 0005:00001f68       $R001178                   0000000140033f68     FrmVC6.res
 0005:00001f80       $R001190                   0000000140033f80     FrmVC6.res
 0005:000020b8       $R0012C8                   00000001400340b8     FrmVC6.res
 0005:000020d0       $R0012E0                   00000001400340d0     FrmVC6.res
 0005:00002208       $R001418                   0000000140034208     FrmVC6.res
 0005:00002220       $R001430                   0000000140034220     FrmVC6.res
 0005:00002358       $R001568                   0000000140034358     FrmVC6.res
 0005:00002370       $R001580                   0000000140034370     FrmVC6.res
 0005:000024a8       $R0016B8                   00000001400344a8     FrmVC6.res
 0005:000024c0       $R0016D0                   00000001400344c0     FrmVC6.res
 0005:000025f8       $R001808                   00000001400345f8     FrmVC6.res
 0005:00002610       $R001820                   0000000140034610     FrmVC6.res
 0005:00002748       $R001958                   0000000140034748     FrmVC6.res
 0005:00002760       $R001970                   0000000140034760     FrmVC6.res
 0005:00002898       $R001AA8                   0000000140034898     FrmVC6.res
 0005:000028b0       $R001AC0                   00000001400348b0     FrmVC6.res
 0005:000029e8       $R001BF8                   00000001400349e8     FrmVC6.res
 0005:00002a00       $R001C10                   0000000140034a00     FrmVC6.res
 0005:00002b38       $R001D48                   0000000140034b38     FrmVC6.res
 0005:00002b50       $R001D60                   0000000140034b50     FrmVC6.res
 0005:00002c88       $R001E98                   0000000140034c88     FrmVC6.res
 0005:00002ca0       $R001EB0                   0000000140034ca0     FrmVC6.res
 0005:00002dd8       $R001FE8                   0000000140034dd8     FrmVC6.res
 0005:00002df0       $R002000                   0000000140034df0     FrmVC6.res
 0005:00002f28       $R002138                   0000000140034f28     FrmVC6.res
 0005:00002f40       $R002150                   0000000140034f40     FrmVC6.res
 0005:00003028       $R002238                   0000000140035028     FrmVC6.res
 0005:00003060       $R002270                   0000000140035060     FrmVC6.res
 0005:00003118       $R002328                   0000000140035118     FrmVC6.res
 0005:00003260       $R002470                   0000000140035260     FrmVC6.res
 0005:00003290       $R0024A0                   0000000140035290     FrmVC6.res
 0005:000032c8       $R0024D8                   00000001400352c8     FrmVC6.res
 0005:00003310       $R002520                   0000000140035310     FrmVC6.res
 0005:000033b0       $R0025C0                   00000001400353b0     FrmVC6.res
 0005:00003428       $R002638                   0000000140035428     FrmVC6.res
 0005:00003468       $R002678                   0000000140035468     FrmVC6.res
 0005:00003628       $R002838                   0000000140035628     FrmVC6.res
 0005:000036c8       $R0028D8                   00000001400356c8     FrmVC6.res
 0005:000037c0       $R0029D0                   00000001400357c0     FrmVC6.res
 0005:00003820       $R002A30                   0000000140035820     FrmVC6.res
 0005:00003888       $R002A98                   0000000140035888     FrmVC6.res
 0005:000038b8       $R002AC8                   00000001400358b8     FrmVC6.res
 0005:000039a0       $R002BB0                   00000001400359a0     FrmVC6.res
 0005:00003cf8       $R002F08                   0000000140035cf8     FrmVC6.res
 0005:00003d70       $R002F80                   0000000140035d70     FrmVC6.res
 0005:00003f00       $R003110                   0000000140035f00     FrmVC6.res
 0005:000040c0       $R0032D0                   00000001400360c0     FrmVC6.res
 0005:000043a8       $R0035B8                   00000001400363a8     FrmVC6.res
 0005:00004508       $R003718                   0000000140036508     FrmVC6.res
 0005:00004598       $R0037A8                   0000000140036598     FrmVC6.res
 0005:000045c0       $R0037D0                   00000001400365c0     FrmVC6.res
 0005:00004628       $R003838                   0000000140036628     FrmVC6.res
 0005:000048e8       $R003AF8                   00000001400368e8     FrmVC6.res
