 FrmVC6

 Timestamp is 591fe3a3 (Sat May 20 15:35:15 2017)

 Preferred load address is 0000000140000000

 Start         Length     Name                   Class
 0001:00000000 000000ecH .text$di                CODE
 0001:000000f0 0001f658H .text$mn                CODE
 0001:0001f750 0000077fH .text$x                 CODE
 0001:0001fed0 00000234H .text$yd                CODE
 0002:00000000 000006e8H .idata$5                DATA
 0002:000006e8 00000008H .CRT$XCA                DATA
 0002:000006f0 00000008H .CRT$XCL                DATA
 0002:000006f8 00000030H .CRT$XCU                DATA
 0002:00000728 00000008H .CRT$XCZ                DATA
 0002:00000730 00000008H .CRT$XIA                DATA
 0002:00000738 00000020H .CRT$XIC                DATA
 0002:00000758 00000008H .CRT$XIY                DATA
 0002:00000760 00000008H .CRT$XIZ                DATA
 0002:00000768 00000008H .CRT$XPA                DATA
 0002:00000770 00000010H .CRT$XPX                DATA
 0002:00000780 00000008H .CRT$XPXA               DATA
 0002:00000788 00000008H .CRT$XPZ                DATA
 0002:00000790 00000008H .CRT$XTA                DATA
 0002:00000798 00000008H .CRT$XTZ                DATA
 0002:000007a0 000074c0H .rdata                  DATA
 0002:00007c60 0000141cH .rdata$r                DATA
 0002:00009080 00000008H .rtc$IAA                DATA
 0002:00009088 00000008H .rtc$IZZ                DATA
 0002:00009090 00000008H .rtc$TAA                DATA
 0002:00009098 00000008H .rtc$TZZ                DATA
 0002:000090a0 00002c98H .xdata                  DATA
 0002:0000bd38 0000013cH .xdata$x                DATA
 0002:0000be78 00000000H ATL$__a                 DATA
 0002:0000be78 00000000H ATL$__z                 DATA
 0002:0000be78 00000000H .edata                  DATA
 0002:0000be78 00000078H .idata$2                DATA
 0002:0000bef0 00000014H .idata$3                DATA
 0002:0000bf08 000006e8H .idata$4                DATA
 0002:0000c5f0 00000eb4H .idata$6                DATA
 0003:00000000 00001730H .data                   DATA
 0003:00001730 00000630H .data$r                 DATA
 0003:00001d60 000027d8H .bss                    DATA
 0004:00000000 000023c4H .pdata                  DATA
 0005:00000000 00000df0H .rsrc$01                DATA
 0005:00000df0 00003d20H .rsrc$02                DATA

  Address         Publics by Value              Rva+Base               Lib:Object

 0000:00000000       ___safe_se_handler_count   0000000000000000     <absolute>
 0000:00000000       __guard_fids_count         0000000000000000     <absolute>
 0000:00000000       ___safe_se_handler_table   0000000000000000     <absolute>
 0000:00000000       __guard_fids_table         0000000000000000     <absolute>
 0000:00000000       __guard_flags              0000000000000000     <absolute>
 0000:00000000       __ImageBase                0000000140000000     <linker-defined>
 0001:000000f0       ??_GCChildView@@UEAAPEAXI@Z 00000001400010f0 f i ChildView.obj
 0001:000000f0       ??_ECChildView@@UEAAPEAXI@Z 00000001400010f0 f i * CIL library *:* CIL module *
 0001:00000130       ?_ProcessWindowMessage@CChildView@@UEAAHPEAUHWND__@@I_K_JAEA_J@Z 0000000140001130 f i ChildView.obj
 0001:00000160       ?PreCreateWindow@CChildView@@MEAAHAEAUtagCREATESTRUCTA@@@Z 0000000140001160 f   ChildView.obj
 0001:000001f0       ?OnPaint@CChildView@@IEAAXXZ 00000001400011f0 f   ChildView.obj
 0001:000002c0       ??1CPaintDCMTL@@UEAA@XZ    00000001400012c0 f i ChildView.obj
 0001:00000340       ??_GCPaintDCMTL@@UEAAPEAXI@Z 0000000140001340 f i ChildView.obj
 0001:00000340       ??_ECPaintDCMTL@@UEAAPEAXI@Z 0000000140001340 f i * CIL library *:* CIL module *
 0001:00000370       ?AfxRegisterWndClass@CAfx@@SAPEBDIPEAUHICON__@@PEAUHBRUSH__@@0@Z 0000000140001370 f i ChildView.obj
 0001:00000500       ??_ECWnd@@UEAAPEAXI@Z      0000000140001500 f i * CIL library *:* CIL module *
 0001:00000500       ??_ECAboutDlg@@UEAAPEAXI@Z 0000000140001500 f i * CIL library *:* CIL module *
 0001:00000500       ??_GCWnd@@UEAAPEAXI@Z      0000000140001500 f i ChildView.obj
 0001:00000500       ??_ECDialog@@UEAAPEAXI@Z   0000000140001500 f i * CIL library *:* CIL module *
 0001:00000500       ??_GCAboutDlg@@UEAAPEAXI@Z 0000000140001500 f i FrmVC6.obj
 0001:00000500       ??_GCDialog@@UEAAPEAXI@Z   0000000140001500 f i FrmVC6.obj
 0001:00000530       ?WindowProc@CWnd@@UEAA_JI_K_J@Z 0000000140001530 f i ChildView.obj
 0001:000005a0       ?PreTranslateMessage@CWnd@@UEAAHPEAUtagMSG@@@Z 00000001400015a0 f i ChildView.obj
 0001:000005e0       ?_AfxTopChildWindowFromPoint@CWnd@@SAPEAUHWND__@@PEAU2@UtagPOINT@@@Z 00000001400015e0 f i ChildView.obj
 0001:000006d0       ?OnToolHitTest@CWnd@@UEBA_JVCPoint@WTL@@PEAUtagTOOLINFOA@@@Z 00000001400016d0 f i ChildView.obj
 0001:00000780       ?FromHandlePermanent@CWnd@@SAPEAV1@PEAUHWND__@@@Z 0000000140001780 f i ChildView.obj
 0001:000007f0       ?GetParent@CWnd@@QEAAPEAV1@XZ 00000001400017f0 f i ChildView.obj
 0001:00000970       ?Enable@CCmdUI@@UEAAXH@Z   0000000140001970 f i ChildView.obj
 0001:00000a20       ?SetCheck@CCmdUI@@UEAAXH@Z 0000000140001a20 f i ChildView.obj
 0001:00000ab0       ?SetRadio@CCmdUI@@UEAAXH@Z 0000000140001ab0 f i ChildView.obj
 0001:00000b10       ?AfxSetWindowText@CAfx@@SAXPEAUHWND__@@PEBD@Z 0000000140001b10 f i ChildView.obj
 0001:00000ba0       ?SetText@CCmdUI@@UEAAXPEBD@Z 0000000140001ba0 f i ChildView.obj
 0001:00000c20       ?Enable@CTestCmdUI@@UEAAXH@Z 0000000140001c20 f i ChildView.obj
 0001:00000c30       ?OnHideMenuBar@CFrameWnd@@UEAAXXZ 0000000140001c30 f i MainFrm.obj
 0001:00000c30       ?OnShowMenuBar@CFrameWnd@@UEAAXXZ 0000000140001c30 f i MainFrm.obj
 0001:00000c30       ?SetRadio@CTestCmdUI@@UEAAXH@Z 0000000140001c30 f i ChildView.obj
 0001:00000c30       ?PostNcDestroy@CWMHnd@@UEAAXXZ 0000000140001c30 f i ChildView.obj
 0001:00000c30       ?DoDataExchange@CAboutDlg@@MEAAXPEAVCDataExchange@@@Z 0000000140001c30 f i FrmVC6.obj
 0001:00000c30       ?OnFileOpen@CWinApp@@UEAAXXZ 0000000140001c30 f i FrmVC6.obj
 0001:00000c30       ?SetCheck@CTestCmdUI@@UEAAXH@Z 0000000140001c30 f i ChildView.obj
 0001:00000c30       ?SetText@CTestCmdUI@@UEAAXPEBD@Z 0000000140001c30 f i ChildView.obj
 0001:00000c30       ?DoDataExchange@CWMHnd@@UEAAXPEAVCDataExchange@@@Z 0000000140001c30 f i ChildView.obj
 0001:00000c30       ?OnBarStyleChange@CControlBar@@UEAAXKK@Z 0000000140001c30 f i MainFrm.obj
 0001:00000c30       ?Serialize@CObject@@UEAAXAEAVCArchive@@@Z 0000000140001c30 f i ChildView.obj
 0001:00000c30       ?OnFileNew@CWinApp@@UEAAXXZ 0000000140001c30 f i FrmVC6.obj
 0001:00000c30       ?SetText@CToolCmdUI@@UEAAXPEBD@Z 0000000140001c30 f i MainFrm.obj
 0001:00000c40       ?OnCommand@CWnd@@UEAAH_K_J@Z 0000000140001c40 f i ChildView.obj
 0001:00000d40       ??_ECDCMTL@@UEAAPEAXI@Z    0000000140001d40 f i * CIL library *:* CIL module *
 0001:00000d40       ??_GCDCMTL@@UEAAPEAXI@Z    0000000140001d40 f i ChildView.obj
 0001:00000dc0       ?SetAttribDC@CDCMTL@@UEAAXPEAUHDC__@@@Z 0000000140001dc0 f i ChildView.obj
 0001:00000dd0       ?ReleaseAttribDC@CDCMTL@@UEAAXXZ 0000000140001dd0 f i ChildView.obj
 0001:00000de0       ?SaveDC@CDCMTL@@UEAAHXZ    0000000140001de0 f i ChildView.obj
 0001:00000e30       ?RestoreDC@CDCMTL@@UEAAHH@Z 0000000140001e30 f i ChildView.obj
 0001:00000e90       ?TextOutA@CDCMTL@@UEAAHHHPEBDH@Z 0000000140001e90 f i ChildView.obj
 0001:00000ea0       ??1?$CDCT@$00@WTL@@QEAA@XZ 0000000140001ea0 f i ChildView.obj
 0001:00000ec0       ?RemoveHandle@?$CHandleList@PEAUHDC__@@VCDCMTL@@PEAUHWND__@@@@QEAAPEAUHDC__@@QEAU2@@Z 0000000140001ec0 f i ChildView.obj
 0001:00000ec0       ?RemoveHandle@?$CHandleList@PEAUHMENU__@@VCMenuMTL@@PEAUHWND__@@@@QEAAPEAUHMENU__@@QEAU2@@Z 0000000140001ec0 f i ChildView.obj
 0001:00000f40       ??1CDCMTL@@UEAA@XZ         0000000140001f40 f i ChildView.obj
 0001:00000fb0       ?DestroyWindow@CWnd@@UEAAHXZ 0000000140001fb0 f i ChildView.obj
 0001:00000fb0       ?DestroyWindow@CWMHnd@@UEAAHXZ 0000000140001fb0 f i ChildView.obj
 0001:00000fd0       ??1CWnd@@UEAA@XZ           0000000140001fd0 f i ChildView.obj
 0001:000010a0       ?classHandleFuncCWnd@CWnd@@SAPEAXPEAX0@Z 00000001400020a0 f i ChildView.obj
 0001:00001130       ?UnsubclassWindow@CWMHnd@@QEAAPEAUHWND__@@XZ 0000000140002130 f i ChildView.obj
 0001:000011b0       ?OnNcDestroy@CWnd@@QEAAXXZ 00000001400021b0 f i ChildView.obj
 0001:00001290       ?_ProcessWindowMessage@CWnd@@UEAAHPEAUHWND__@@I_K_JAEA_J@Z 0000000140002290 f i ChildView.obj
 0001:000015b0       ?OnWndMsg@CWnd@@UEAAHI_K_JPEA_J@Z 00000001400025b0 f i ChildView.obj
 0001:00001650       ?ReflectChildNotify@CWnd@@QEAAHI_K_JPEA_J@Z 0000000140002650 f i ChildView.obj
 0001:00001790       ?OnChildNotify@CWnd@@UEAAHI_K_JPEA_J@Z 0000000140002790 f i ChildView.obj
 0001:000017a0       ?ReflectLastMsg@CWnd@@SAHPEAUHWND__@@PEA_J@Z 00000001400027a0 f i ChildView.obj
 0001:00001860       ?OnNotify@CWnd@@UEAAH_K_JPEA_J@Z 0000000140002860 f i ChildView.obj
 0001:00001910       ?Create@CWnd@@UEAAHPEBD0KAEBUtagRECT@@PEAV1@IPEAUCCreateContext@@@Z 0000000140002910 f i ChildView.obj
 0001:000019d0       ?AtlWinModuleExtractCreateWndData@ATL@@YAPEAXPEAU_ATL_WIN_MODULE70@1@@Z 00000001400029d0 f i ChildView.obj
 0001:00001a50       ?AtlWinModuleTerm@ATL@@YAJPEAU_ATL_WIN_MODULE70@1@PEAUHINSTANCE__@@@Z 0000000140002a50 f i ChildView.obj
 0001:00001b30       ?_AtlInitializeCriticalSectionEx@ATL@@YAHPEAU_RTL_CRITICAL_SECTION@@KK@Z 0000000140002b30 f i ChildView.obj
 0001:00001b40       ??0CAtlWinModule@ATL@@QEAA@XZ 0000000140002b40 f i ChildView.obj
 0001:00001be0       ?Init@CDynamicStdCallThunk@ATL@@QEAAH_KPEAX@Z 0000000140002be0 f i ChildView.obj
 0001:00001c70       ?AfxWindowProc@CWMHnd@@SA_JPEAUHWND__@@I_K_J@Z 0000000140002c70 f i ChildView.obj
 0001:00001cd0       ?FromHandle@?$CHandleHashList@PEAUHWND__@@VCWMHnd@@PEAU1@$0BB@@@QEAAPEAVCWMHnd@@QEAUHWND__@@PEAV2@0Q6APEAXPEAX2@Z@Z 0000000140002cd0 f i ChildView.obj
 0001:00001e10       ?ExitInstance@CWinApp@@UEAAHXZ 0000000140002e10 f i FrmVC6.obj
 0001:00001e10       ?OpenDocumentFile@CWinApp@@UEAAPEAVCDocument@@PEBD@Z 0000000140002e10 f i FrmVC6.obj
 0001:00001e10       ?GetScrollBarCtrl@CWMHnd@@UEBAPEAVCScrollBarMTL@@H@Z 0000000140002e10 f i ChildView.obj
 0001:00001e10       ?PreTranslateMessage@CWMHnd@@UEAAHPEAUtagMSG@@@Z 0000000140002e10 f i ChildView.obj
 0001:00001e10       ?_ProcessWindowMessage@CCmdTarget@@UEAAHPEAUHWND__@@I_K_JAEA_J@Z 0000000140002e10 f i ChildView.obj
 0001:00001e10       ?IsDockBar@CControlBar@@UEBAHXZ 0000000140002e10 f i MainFrm.obj
 0001:00001e10       ?IsFrameWnd@CWMHnd@@UEAAHXZ 0000000140002e10 f i ChildView.obj
 0001:00001e20       ?OnCmdMsg@CCmdTarget@@UEAAHIHPEAXPEAUAFX_CMDHANDLERINFO@@@Z 0000000140002e20 f i ChildView.obj
 0001:00001f60       ??_ECWMHnd@@UEAAPEAXI@Z    0000000140002f60 f i * CIL library *:* CIL module *
 0001:00001f60       ??_GCWMHnd@@UEAAPEAXI@Z    0000000140002f60 f i ChildView.obj
 0001:00001fe0       ?WindowProc@CWMHnd@@UEAA_JI_K_J@Z 0000000140002fe0 f i ChildView.obj
 0001:00001ff0       ?CalcWindowRect@CWMHnd@@UEAAXPEAUtagRECT@@I@Z 0000000140002ff0 f i ChildView.obj
 0001:00002060       ?EnableWindow@CWMHnd@@UEAAXH@Z 0000000140003060 f i ChildView.obj
 0001:00002080       ?FromHandle@?$CHandleList@PEAUHMENU__@@VCMenuMTL@@PEAUHWND__@@@@QEAAPEAVCMenuMTL@@QEAUHMENU__@@PEAV2@QEAUHWND__@@Q6APEAXPEAX3@Z@Z 0000000140003080 f i ChildView.obj
 0001:00002160       ??_GCMenuMTL@@UEAAPEAXI@Z  0000000140003160 f i ChildView.obj
 0001:00002160       ??_ECMenuMTL@@UEAAPEAXI@Z  0000000140003160 f i * CIL library *:* CIL module *
 0001:000021f0       ??1?$CMenuT@$00@WTL@@QEAA@XZ 00000001400031f0 f i ChildView.obj
 0001:00002220       ??1CMenuMTL@@UEAA@XZ       0000000140003220 f i ChildView.obj
 0001:00002290       ?classHandleFuncCMenuMTL@CMenuMTL@@SAPEAXPEAX0@Z 0000000140003290 f i ChildView.obj
 0001:000022f0       ?GetMenu@CWMHnd@@UEBAPEAVCMenuMTL@@XZ 00000001400032f0 f i ChildView.obj
 0001:00002330       ?SetMenu@CWMHnd@@UEAAHPEAVCMenuMTL@@@Z 0000000140003330 f i ChildView.obj
 0001:00002350       ?GetCurrentMessage@CCmdTarget@@UEBAPEBU_ATL_MSG@ATL@@XZ 0000000140003350 f i ChildView.obj
 0001:00002360       ?DefWindowProcA@CWMHnd@@UEAA_JI_K_J@Z 0000000140003360 f i ChildView.obj
 0001:00002390       ?OnInitDialog@CWMHnd@@UEAAHXZ 0000000140003390 f i ChildView.obj
 0001:000023c0       ??1CWndProcThunk@ATL@@QEAA@XZ 00000001400033c0 f i ChildView.obj
 0001:000023d0       ?RemoveHandle@?$CHandleHashList@PEAUHWND__@@VCWMHnd@@PEAU1@$0BB@@@QEAAPEAUHWND__@@QEAU2@@Z 00000001400033d0 f i ChildView.obj
 0001:00002490       ?RemoveOwner@?$CHandleHashList@PEAUHWND__@@VCWMHnd@@PEAU1@$0BB@@@QEAAHQEAUHWND__@@@Z 0000000140003490 f i ChildView.obj
 0001:00002550       ?RemoveOwner@?$CHandleList@PEAUHMENU__@@VCMenuMTL@@PEAUHWND__@@@@QEAAHQEAUHWND__@@@Z 0000000140003550 f i ChildView.obj
 0001:00002550       ?RemoveOwner@?$CHandleList@PEAXVCGdiObject@@PEAUHWND__@@@@QEAAHQEAUHWND__@@@Z 0000000140003550 f i ChildView.obj
 0001:00002550       ?RemoveOwner@?$CHandleList@PEAUHDC__@@VCDCMTL@@PEAUHWND__@@@@QEAAHQEAUHWND__@@@Z 0000000140003550 f i ChildView.obj
 0001:00002550       ?RemoveOwner@?$CHandleList@PEAXXPEAUHWND__@@@@QEAAHQEAUHWND__@@@Z 0000000140003550 f i ChildView.obj
 0001:000025e0       ?RemoveHandleWnd@CModuleThreadState@@QEAAPEAUHWND__@@PEAU2@@Z 00000001400035e0 f i ChildView.obj
 0001:00002680       ?classHandleFuncCWMHnd@CWMHnd@@SAPEAXPEAX0@Z 0000000140003680 f i ChildView.obj
 0001:00002700       ?SubclassWindow@CWMHnd@@QEAAHPEAUHWND__@@PEAUtagCREATESTRUCTA@@@Z 0000000140003700 f i ChildView.obj
 0001:000027b0       ?CbtFilterHook@CWnd@@SA_JH_K_J@Z 00000001400037b0 f i ChildView.obj
 0001:00002850       ?HookWindowCreate@CWnd@@SAHPEAV1@G@Z 0000000140003850 f i ChildView.obj
 0001:00002900       ?CreateEx@CWnd@@UEAAHKPEBD0KHHHHPEAUHWND__@@PEAUHMENU__@@PEAX@Z 0000000140003900 f i ChildView.obj
 0001:00002a80       ??1?$CList@PEAUHWND__@@PEAU1@@@QEAA@XZ 0000000140003a80 f i MainFrm.obj
 0001:00002a80       ??1?$CList@PEAVCFrameWnd@@AEBQEAV1@@@QEAA@XZ 0000000140003a80 f i FrmVC6.obj
 0001:00002a80       ??1?$CList@PEAUCRuntimeClass@@AEBQEAU1@@@QEAA@XZ 0000000140003a80 f i ChildView.obj
 0001:00002a80       ??1?$CList@PEAXPEAX@@QEAA@XZ 0000000140003a80 f i MainFrm.obj
 0001:00002ab0       ??1CString@WTL@@QEAA@XZ    0000000140003ab0 f i ChildView.obj
 0001:00002ae0       ??1CModuleState@@QEAA@XZ   0000000140003ae0 f i ChildView.obj
 0001:00002b60       ?AfxGetModuleState@@YAPEAVCModuleState@@XZ 0000000140003b60 f i ChildView.obj
 0001:00002bd0       ?AllocBuffer@CString@WTL@@IEAAHH@Z 0000000140003bd0 f i ChildView.obj
 0001:00002c60       ?ConcatCopy@CString@WTL@@IEAAHHPEBDH0@Z 0000000140003c60 f i ChildView.obj
 0001:00002d10       ?AtlThrowImpl@ATL@@YAXJ@Z  0000000140003d10 f i ChildView.obj
 0001:00002d30       ?memcpy_x@SecureHelper@WTL@@YAXPEAX_KPEBX1@Z 0000000140003d30 f i ChildView.obj
 0001:00002d80       ?ConcatInPlace@CString@WTL@@IEAAXHPEBD@Z 0000000140003d80 f i ChildView.obj
 0001:00002e70       ?AfxEndDeferRegisterClass@CAfx@@SAHJ@Z 0000000140003e70 f i ChildView.obj
 0001:00003400       ?PreCreateWindow@CWnd@@UEAAHAEAUtagCREATESTRUCTA@@@Z 0000000140004400 f i ChildView.obj
 0001:00003450       ?ContinueModal@CWnd@@UEAAHXZ 0000000140004450 f i ChildView.obj
 0001:00003460       ?EndModalLoop@CWnd@@UEAAXH@Z 0000000140004460 f i ChildView.obj
 0001:00003490       ?_ProcessWindowMessage@CFrmVC6App@@UEAAHPEAUHWND__@@I_K_JAEA_J@Z 0000000140004490 f i FrmVC6.obj
 0001:00003520       ?InitInstance@CFrmVC6App@@UEAAHXZ 0000000140004520 f   FrmVC6.obj
 0001:000035d0       ??1CAboutDlg@@UEAA@XZ      00000001400045d0 f i FrmVC6.obj
 0001:000035e0       ?_ProcessWindowMessage@CAboutDlg@@UEAAHPEAUHWND__@@I_K_JAEA_J@Z 00000001400045e0 f i FrmVC6.obj
 0001:000035f0       ?OnAppAbout@CFrmVC6App@@QEAAXXZ 00000001400045f0 f   FrmVC6.obj
 0001:00003668       ??_9CDialog@@$BOI@AA       0000000140004668 f i FrmVC6.obj
 0001:00003674       ??_9CDialog@@$BPA@AA       0000000140004674 f i FrmVC6.obj
 0001:00003680       ?_ProcessWindowMessage@CDialog@@UEAAHPEAUHWND__@@I_K_JAEA_J@Z 0000000140004680 f i FrmVC6.obj
 0001:00003730       ?OnCmdMsg@CDialog@@UEAAHIHPEAXPEAUAFX_CMDHANDLERINFO@@@Z 0000000140004730 f i FrmVC6.obj
 0001:000037f0       ?PreTranslateMessage@CDialog@@UEAAHPEAUtagMSG@@@Z 00000001400047f0 f i FrmVC6.obj
 0001:00003900       ?OnOK@CDialog@@UEAAXXZ     0000000140004900 f i FrmVC6.obj
 0001:00003990       ?OnCancel@CDialog@@UEAAXXZ 0000000140004990 f i FrmVC6.obj
 0001:000039d0       ?Create@CDialog@@UEAAHIPEAVCWnd@@@Z 00000001400049d0 f i FrmVC6.obj
 0001:000039e0       ?CreateIndirect@CDialog@@UEAAHPEAXPEAVCWnd@@PEAUHINSTANCE__@@@Z 00000001400049e0 f i FrmVC6.obj
 0001:00003a60       ?classHandleFuncCDialog@CDialog@@SAPEAXPEAX0@Z 0000000140004a60 f i FrmVC6.obj
 0001:00003b00       ?CenterWindow@CWindow@ATL@@QEAAHPEAUHWND__@@@Z 0000000140004b00 f i FrmVC6.obj
 0001:00003ce0       ?ExecuteDlgInit@CWnd@@QEAAHPEAX@Z 0000000140004ce0 f i FrmVC6.obj
 0001:00003df0       ?ExecuteDlgInit@CWnd@@QEAAHPEBD@Z 0000000140004df0 f i FrmVC6.obj
 0001:00003e90       ?OnInitDialog@CDialog@@UEAAHXZ 0000000140004e90 f i FrmVC6.obj
 0001:00003f40       ?AfxDlgProc@CWnd@@SA_JPEAUHWND__@@I_K_J@Z 0000000140004f40 f i FrmVC6.obj
 0001:00003fc0       ?CreateDlgIndirect@CWnd@@QEAAHPEBUDLGTEMPLATE@@PEAV1@PEAUHINSTANCE__@@@Z 0000000140004fc0 f i FrmVC6.obj
 0001:00004070       ?CreateDlg@CWnd@@QEAAHPEBDPEAV1@@Z 0000000140005070 f i FrmVC6.obj
 0001:00004110       ?Create@CDialog@@UEAAHPEBDPEAVCWnd@@@Z 0000000140005110 f i FrmVC6.obj
 0001:00004160       ?RunModalLoop@CWnd@@QEAAHK@Z 0000000140005160 f i FrmVC6.obj
 0001:00004320       ?DoModal@CDialog@@UEAA_JXZ 0000000140005320 f i FrmVC6.obj
 0001:00004620       ?GetActiveWindow@CWnd@@SAPEAV1@XZ 0000000140005620 f i FrmVC6.obj
 0001:000047a0       ?GetSafeOwner_@CWnd@@SAPEAUHWND__@@PEAU2@PEAPEAU2@@Z 00000001400057a0 f i FrmVC6.obj
 0001:00004860       ??1CCommandLineInfo@@QEAA@XZ 0000000140005860 f i FrmVC6.obj
 0001:00004920       ??1CWinApp@@QEAA@XZ        0000000140005920 f i FrmVC6.obj
 0001:00004a50       ??1CWinThread@@QEAA@XZ     0000000140005a50 f i FrmVC6.obj
 0001:00004a70       ??0CModuleThreadState@@QEAA@XZ 0000000140005a70 f i FrmVC6.obj
 0001:00004b60       ??1CModuleThreadState@@QEAA@XZ 0000000140005b60 f i FrmVC6.obj
 0001:00004bb0       ?IsFrameWnd@CFrameWnd@@UEAAHXZ 0000000140005bb0 f i MainFrm.obj
 0001:00004bb0       ?InitInstance@CWinApp@@UEAAHXZ 0000000140005bb0 f i FrmVC6.obj
 0001:00004bc0       ?SendMessageToDescendants@CWnd@@QEAAXPEAUHWND__@@I_K_JHH@Z 0000000140005bc0 f i FrmVC6.obj
 0001:00004da0       ?OnIdle@CWinApp@@UEAAHH@Z  0000000140005da0 f i FrmVC6.obj
 0001:00004f70       ?WalkPreTranslateTree@CWnd@@SAHPEAUHWND__@@PEAUtagMSG@@@Z 0000000140005f70 f i FrmVC6.obj
 0001:00005050       ?PreTranslateMessage@CWinApp@@UEAAHPEAUtagMSG@@@Z 0000000140006050 f i FrmVC6.obj
 0001:00005110       ?PumpMessage@CWinApp@@UEAAHXZ 0000000140006110 f i FrmVC6.obj
 0001:00005190       ?IsIdleMessage@CWinApp@@SAHPEAUtagMSG@@@Z 0000000140006190 f i FrmVC6.obj
 0001:000051c0       ?Run@CWinApp@@UEAAHXZ      00000001400061c0 f i FrmVC6.obj
 0001:000052a0       ??0CWinApp@@QEAA@XZ        00000001400062a0 f i FrmVC6.obj
 0001:00005350       ?OnAppExit@CWinApp@@QEAAXXZ 0000000140006350 f i FrmVC6.obj
 0001:00005370       ?_ProcessWindowMessage@CWinApp@@UEAAHPEAUHWND__@@I_K_JAEA_J@Z 0000000140006370 f i FrmVC6.obj
 0001:000053d0       ?GetRuntimeClass@CMainFrame@@UEBAPEAUCRuntimeClass@@XZ 00000001400063d0 f   MainFrm.obj
 0001:000053e0       ?_ProcessWindowMessage@CMainFrame@@UEAAHPEAUHWND__@@I_K_JAEA_J@Z 00000001400063e0 f i MainFrm.obj
 0001:000055c0       ??0CMainFrame@@QEAA@XZ     00000001400065c0 f   MainFrm.obj
 0001:00005670       ??_ECMainFrame@@UEAAPEAXI@Z 0000000140006670 f i * CIL library *:* CIL module *
 0001:00005670       ??_GCMainFrame@@UEAAPEAXI@Z 0000000140006670 f i MainFrm.obj
 0001:000056f0       ?OnCreate@CMainFrame@@IEAAHPEAUtagCREATESTRUCTA@@@Z 00000001400066f0 f   MainFrm.obj
 0001:00005800       ?PreCreateWindow@CMainFrame@@UEAAHAEAUtagCREATESTRUCTA@@@Z 0000000140006800 f   MainFrm.obj
 0001:00005860       ?OnCmdMsg@CMainFrame@@UEAAHIHPEAXPEAUAFX_CMDHANDLERINFO@@@Z 0000000140006860 f   MainFrm.obj
 0001:00005900       ?SetButtons@CToolBar@@QEAAHPEBIH@Z 0000000140006900 f i MainFrm.obj
 0001:00005a80       ?AfxLoadSysColorBitmap@@YAPEAUHBITMAP__@@PEAUHINSTANCE__@@PEAUHRSRC__@@H@Z 0000000140006a80 f i MainFrm.obj
 0001:00005ce0       ?AddReplaceBitmap@CToolBar@@QEAAHPEAUHBITMAP__@@@Z 0000000140006ce0 f i MainFrm.obj
 0001:00005dd0       ?LoadBitmapA@CToolBar@@QEAAHPEBD@Z 0000000140006dd0 f i MainFrm.obj
 0001:00005e60       ?LoadToolBar@CToolBar@@QEAAHPEBD@Z 0000000140006e60 f i MainFrm.obj
 0001:00005fc0       ??1CToolBar@@UEAA@XZ       0000000140006fc0 f i MainFrm.obj
 0001:00005fc0       ??1CStatusBar@@UEAA@XZ     0000000140006fc0 f i MainFrm.obj
 0001:00005fd0       ?OnPaint@CToolBar@@QEAAXXZ 0000000140006fd0 f i MainFrm.obj
 0001:00006060       ?OnSetBitmapSize@CToolBar@@QEAA_J_K_J@Z 0000000140007060 f i MainFrm.obj
 0001:00006070       ?OnSetSizeHelper@CToolBar@@QEAA_JAEAVCSize@WTL@@_J@Z 0000000140007070 f i MainFrm.obj
 0001:000061a0       ?OnSetButtonSize@CToolBar@@QEAA_J_K_J@Z 00000001400071a0 f i MainFrm.obj
 0001:000061b0       ?OnPreserveSizingPolicyHelper@CToolBar@@QEAA_J_K_J@Z 00000001400071b0 f i MainFrm.obj
 0001:00006380       ?OnPreserveZeroBorderHelper@CToolBar@@QEAA_J_K_J@Z 0000000140007380 f i MainFrm.obj
 0001:00006490       ?_ProcessWindowMessage@CToolBar@@UEAAHPEAUHWND__@@I_K_JAEA_J@Z 0000000140007490 f i MainFrm.obj
 0001:00006770       ??_ECToolBar@@UEAAPEAXI@Z  0000000140007770 f i * CIL library *:* CIL module *
 0001:00006770       ??_ECStatusBar@@UEAAPEAXI@Z 0000000140007770 f i * CIL library *:* CIL module *
 0001:00006770       ??_GCToolBar@@UEAAPEAXI@Z  0000000140007770 f i MainFrm.obj
 0001:00006770       ??_GCControlBar@@UEAAPEAXI@Z 0000000140007770 f i MainFrm.obj
 0001:00006770       ??_ECControlBar@@UEAAPEAXI@Z 0000000140007770 f i * CIL library *:* CIL module *
 0001:00006770       ??_GCStatusBar@@UEAAPEAXI@Z 0000000140007770 f i MainFrm.obj
 0001:000067a0       ?OnToolHitTest@CToolBar@@UEBA_JVCPoint@WTL@@PEAUtagTOOLINFOA@@@Z 00000001400077a0 f i MainFrm.obj
 0001:000068d0       ?OnBarStyleChange@CToolBar@@UEAAXKK@Z 00000001400078d0 f i MainFrm.obj
 0001:00006920       ?Enable@CToolCmdUI@@UEAAXH@Z 0000000140007920 f i MainFrm.obj
 0001:000069f0       ?SetCheck@CToolCmdUI@@UEAAXH@Z 00000001400079f0 f i MainFrm.obj
 0001:00006ac0       ?OnUpdateCmdUI@CToolBar@@UEAAXPEAVCFrameWnd@@H@Z 0000000140007ac0 f i MainFrm.obj
 0001:00006c50       ?WrapToolBar@CToolBar@@QEAAHPEAU_TBBUTTON@@HH@Z 0000000140007c50 f i MainFrm.obj
 0001:00006d70       ?SizeToolBar@CToolBar@@QEAAXPEAU_TBBUTTON@@HHH@Z 0000000140007d70 f i MainFrm.obj
 0001:00006f40       ?CalcSize@CToolBar@@QEAA?AVCSize@WTL@@PEAU_TBBUTTON@@H@Z 0000000140007f40 f i MainFrm.obj
 0001:000070a0       ?_SetButton@CToolBar@@QEAAXHPEAU_TBBUTTON@@@Z 00000001400080a0 f i MainFrm.obj
 0001:00007290       ?CalcDynamicLayout@CToolBar@@UEAA?AVCSize@WTL@@HK@Z 0000000140008290 f i MainFrm.obj
 0001:000072f0       ?CalcLayout@CToolBar@@QEAA?AVCSize@WTL@@KH@Z 00000001400082f0 f i MainFrm.obj
 0001:00007950       ?CalcFixedLayout@CToolBar@@UEAA?AVCSize@WTL@@HH@Z 0000000140008950 f i MainFrm.obj
 0001:00007990       ?Create@CToolBar@@UEAAHPEAVCWnd@@KI@Z 0000000140008990 f i MainFrm.obj
 0001:000079e0       ?_AfxGetDropDownWidth@CToolBar@@SAHXZ 00000001400089e0 f i MainFrm.obj
 0001:00007ae0       ?SetSizes@CToolBar@@QEAAXUtagSIZE@@0@Z 0000000140008ae0 f i MainFrm.obj
 0001:00007b80       ?CreateEx@CToolBar@@UEAAHPEAVCWnd@@KKVCRect@WTL@@I@Z 0000000140008b80 f i MainFrm.obj
 0001:00007cc0       ??0CToolBar@@QEAA@XZ       0000000140008cc0 f i MainFrm.obj
 0001:00007d50       ??0_AUX_DATA@@QEAA@XZ      0000000140008d50 f i MainFrm.obj
 0001:00007e60       ??0CControlBar@@QEAA@XZ    0000000140008e60 f i MainFrm.obj
 0001:00007f20       ?OnGetText@CStatusBar@@QEAAHHPEAD@Z 0000000140008f20 f i MainFrm.obj
 0001:00007fb0       ?OnNcCalcSize@CStatusBar@@QEAAXHPEAUtagNCCALCSIZE_PARAMS@@@Z 0000000140008fb0 f i MainFrm.obj
 0001:00008070       ??_GCWindowDCMTL@@UEAAPEAXI@Z 0000000140009070 f i MainFrm.obj
 0001:00008070       ??_ECWindowDCMTL@@UEAAPEAXI@Z 0000000140009070 f i * CIL library *:* CIL module *
 0001:000080a0       ??1CWindowDCMTL@@UEAA@XZ   00000001400090a0 f i MainFrm.obj
 0001:00008120       ?DrawBorders@CControlBar@@QEAAXPEAVCDCMTL@@AEAVCRect@WTL@@@Z 0000000140009120 f i MainFrm.obj
 0001:00008530       ?FillSolidRect@?$CDCT@$00@WTL@@QEAAXHHHHK@Z 0000000140009530 f i MainFrm.obj
 0001:000085c0       ?Draw3dRect@?$CDCT@$00@WTL@@QEAAXHHHHKK@Z 00000001400095c0 f i MainFrm.obj
 0001:000087b0       ?DrawNonThemedGripper@CControlBar@@QEAAHPEAVCDCMTL@@AEBVCRect@WTL@@@Z 00000001400097b0 f i MainFrm.obj
 0001:00008870       ?EraseNonClient@CControlBar@@QEAAXXZ 0000000140009870 f i MainFrm.obj
 0001:00008ab0       ?OnSetMinHeight@CStatusBar@@QEAA_J_K_J@Z 0000000140009ab0 f i MainFrm.obj
 0001:00008af0       ?_ProcessWindowMessage@CStatusBar@@UEAAHPEAUHWND__@@I_K_JAEA_J@Z 0000000140009af0 f i MainFrm.obj
 0001:00008d50       ?OnCreate@CControlBar@@QEAAHPEAUtagCREATESTRUCTA@@@Z 0000000140009d50 f i MainFrm.obj
 0001:00008e30       ?OnDestroy@CControlBar@@QEAAXXZ 0000000140009e30 f i MainFrm.obj
 0001:00008eb0       ?OnLButtonDown@CControlBar@@QEAAXIVCPoint@WTL@@@Z 0000000140009eb0 f i MainFrm.obj
 0001:00008f30       ?ReDockControlBar@CDockBar@@QEAAXPEAVCControlBar@@PEBUtagRECT@@@Z 0000000140009f30 f i MainFrm.obj
 0001:00009300       ?ReDockControlBar@CFrameWnd@@QEAAXPEAVCControlBar@@PEAVCDockBar@@PEBUtagRECT@@@Z 000000014000a300 f i MainFrm.obj
 0001:00009450       ?ToggleDocking@CDockContext@@QEAAXXZ 000000014000a450 f i MainFrm.obj
 0001:000095c0       ?OnTimer@CControlBar@@QEAAX_K@Z 000000014000a5c0 f i MainFrm.obj
 0001:000097c0       ?RecalcDelayShow@CControlBar@@QEAAKPEAUAFX_SIZEPARENTPARAMS@@@Z 000000014000a7c0 f i MainFrm.obj
 0001:00009890       ?OnSizeParent@CControlBar@@QEAA_J_K_J@Z 000000014000a890 f i MainFrm.obj
 0001:00009a10       ?OnIdleUpdateCmdUI@CControlBar@@QEAA_J_K_J@Z 000000014000aa10 f i MainFrm.obj
 0001:00009b20       ?OnInitialUpdate@CControlBar@@QEAAXXZ 000000014000ab20 f i MainFrm.obj
 0001:00009b30       ?_ProcessWindowMessage@CControlBar@@UEAAHPEAUHWND__@@I_K_JAEA_J@Z 000000014000ab30 f i MainFrm.obj
 0001:00009cb0       ?WindowProc@CControlBar@@UEAA_JI_K_J@Z 000000014000acb0 f i MainFrm.obj
 0001:00009e00       ?RemoveControlBar@CFrameWnd@@QEAAXPEAVCControlBar@@@Z 000000014000ae00 f i MainFrm.obj
 0001:00009e80       ?GetCapture@CWnd@@SAPEAV1@XZ 000000014000ae80 f i MainFrm.obj
 0001:0000a000       ?Create@CDockBar@@QEAAHPEAVCWnd@@KI@Z 000000014000b000 f i MainFrm.obj
 0001:0000a0d0       ?Create@CMiniDockFrameWnd@@QEAAHPEAVCWnd@@K@Z 000000014000b0d0 f i MainFrm.obj
 0001:0000a330       ?GetDlgItem@CWnd@@QEAAPEAV1@H@Z 000000014000b330 f i MainFrm.obj
 0001:0000a4b0       ?GetParentOwner@CWnd@@QEAAPEAV1@XZ 000000014000b4b0 f i MainFrm.obj
 0001:0000a690       ?Create@CToolTipCtrlMTL@@QEAAHPEAVCWnd@@K@Z 000000014000b690 f i MainFrm.obj
 0001:0000a750       ??_GCToolTipCtrlMTL@@UEAAPEAXI@Z 000000014000b750 f i MainFrm.obj
 0001:0000a750       ??_ECToolTipCtrlMTL@@UEAAPEAXI@Z 000000014000b750 f i * CIL library *:* CIL module *
 0001:0000a7a0       ?GetForegroundWindow@CWnd@@SAPEAV1@XZ 000000014000b7a0 f i MainFrm.obj
 0001:0000a920       ?GetLastActivePopup@CWnd@@QEAAPEAV1@XZ 000000014000b920 f i MainFrm.obj
 0001:0000aaa0       ?_AfxRelayToolTipMessage@CWnd@@SAXPEAVCToolTipCtrlMTL@@PEAUtagMSG@@@Z 000000014000baa0 f i MainFrm.obj
 0001:0000ab50       ?CancelToolTips@CWnd@@QEAAXH@Z 000000014000bb50 f i MainFrm.obj
 0001:0000abd0       ?FilterToolTipMessage@CWnd@@QEAAXPEAUtagMSG@@@Z 000000014000bbd0 f i MainFrm.obj
 0001:0000b390       ?_FilterToolTipMessage@CWnd@@SAXPEAUtagMSG@@PEAV1@@Z 000000014000c390 f i MainFrm.obj
 0001:0000b3a0       ?_EnableToolTips@CWnd@@QEAAHHI@Z 000000014000c3a0 f i MainFrm.obj
 0001:0000b4f0       ?Insert@CDockBar@@QEAAHPEAVCControlBar@@VCRect@WTL@@VCPoint@4@@Z 000000014000c4f0 f i MainFrm.obj
 0001:0000b860       ?SetSize@?$CArray@PEAXAEBQEAX@@QEAAX_J0@Z 000000014000c860 f i MainFrm.obj
 0001:0000b9b0       ?SetParent@CWnd@@QEAAPEAV1@PEAV1@@Z 000000014000c9b0 f i MainFrm.obj
 0001:0000bb40       ?DockControlBar@CDockBar@@QEAAXPEAVCControlBar@@PEBUtagRECT@@@Z 000000014000cb40 f i MainFrm.obj
 0001:0000be70       ?FloatControlBar@CFrameWnd@@QEAAXPEAVCControlBar@@VCPoint@WTL@@K@Z 000000014000ce70 f i MainFrm.obj
 0001:0000c050       ?RemoveAt@?$CArray@PEAXAEBQEAX@@QEAAX_J0@Z 000000014000d050 f i MainFrm.obj
 0001:0000c090       ?RemovePlaceHolder@CDockBar@@QEAAXPEAVCControlBar@@@Z 000000014000d090 f i MainFrm.obj
 0001:0000c170       ?RemoveControlBar@CDockBar@@QEAAHPEAVCControlBar@@HH@Z 000000014000d170 f i MainFrm.obj
 0001:0000c3f0       ??1CControlBar@@UEAA@XZ    000000014000d3f0 f i MainFrm.obj
 0001:0000c4a0       ?PostNcDestroy@CControlBar@@UEAAXXZ 000000014000d4a0 f i MainFrm.obj
 0001:0000c4c0       ?PreTranslateMessage@CControlBar@@UEAAHPEAUtagMSG@@@Z 000000014000d4c0 f i MainFrm.obj
 0001:0000c7a0       ?PreCreateWindow@CControlBar@@UEAAHAEAUtagCREATESTRUCTA@@@Z 000000014000d7a0 f i MainFrm.obj
 0001:0000c850       ?PreCreateWindow@CStatusBar@@UEAAHAEAUtagCREATESTRUCTA@@@Z 000000014000d850 f i MainFrm.obj
 0001:0000c880       ?OnBarStyleChange@CStatusBar@@UEAAXKK@Z 000000014000d880 f i MainFrm.obj
 0001:0000c8c0       ?Enable@CStatusCmdUI@@UEAAXH@Z 000000014000d8c0 f i MainFrm.obj
 0001:0000c960       ??1?$CArray@HAEBH@@QEAA@XZ 000000014000d960 f i MainFrm.obj
 0001:0000c9a0       ?SetSize@?$CArray@HAEBH@@QEAAX_J0@Z 000000014000d9a0 f i MainFrm.obj
 0001:0000caf0       ?UpdateAllPanes@CStatusBar@@QEAAXHH@Z 000000014000daf0 f i MainFrm.obj
 0001:0000ce90       ?SetCheck@CStatusCmdUI@@UEAAXH@Z 000000014000de90 f i MainFrm.obj
 0001:0000cf30       ?SetPaneText@CStatusBar@@QEAAHHPEBDH@Z 000000014000df30 f i MainFrm.obj
 0001:0000d000       ?SetText@CStatusCmdUI@@UEAAXPEBD@Z 000000014000e000 f i MainFrm.obj
 0001:0000d010       ?UpdateDialogControls@CWnd@@QEAAXPEAVCCmdTarget@@H@Z 000000014000e010 f i MainFrm.obj
 0001:0000d310       ?OnUpdateCmdUI@CStatusBar@@UEAAXPEAVCFrameWnd@@H@Z 000000014000e310 f i MainFrm.obj
 0001:0000d450       ?CalcFixedLayout@CControlBar@@UEAA?AVCSize@WTL@@HH@Z 000000014000e450 f i MainFrm.obj
 0001:0000d490       ?CalcDynamicLayout@CControlBar@@UEAA?AVCSize@WTL@@HK@Z 000000014000e490 f i MainFrm.obj
 0001:0000d4c0       ??_ECClientDCMTL@@UEAAPEAXI@Z 000000014000e4c0 f i * CIL library *:* CIL module *
 0001:0000d4c0       ??_GCClientDCMTL@@UEAAPEAXI@Z 000000014000e4c0 f i MainFrm.obj
 0001:0000d4f0       ??1CClientDCMTL@@UEAA@XZ   000000014000e4f0 f i MainFrm.obj
 0001:0000d570       ?CalcInsideRect@CControlBar@@QEBAXAEAVCRect@WTL@@H@Z 000000014000e570 f i MainFrm.obj
 0001:0000d630       ?CalcFixedLayout@CStatusBar@@UEAA?AVCSize@WTL@@HH@Z 000000014000e630 f i MainFrm.obj
 0001:0000d840       ?ResetTimer@CControlBar@@QEAAX_KI@Z 000000014000e840 f i MainFrm.obj
 0001:0000d8a0       ?SetStatusText@CControlBar@@UEAAH_J@Z 000000014000e8a0 f i MainFrm.obj
 0001:0000d9c0       ?Create@CStatusBar@@UEAAHPEAVCWnd@@KI@Z 000000014000e9c0 f i MainFrm.obj
 0001:0000d9e0       ?CreateEx@CStatusBar@@UEAAHPEAVCWnd@@KKI@Z 000000014000e9e0 f i MainFrm.obj
 0001:0000dad0       ?OnCmdMsg@CFrameWnd@@UEAAHIHPEAXPEAUAFX_CMDHANDLERINFO@@@Z 000000014000ead0 f i MainFrm.obj
 0001:0000db40       ??_GCFrameWnd@@UEAAPEAXI@Z 000000014000eb40 f i MainFrm.obj
 0001:0000db40       ??_ECFrameWnd@@UEAAPEAXI@Z 000000014000eb40 f i * CIL library *:* CIL module *
 0001:0000db70       ?PreTranslateMessage@CFrameWnd@@UEAAHPEAUtagMSG@@@Z 000000014000eb70 f i MainFrm.obj
 0001:0000dbf0       ?AfxIsDescendant@CFrameWnd@@SAHPEAUHWND__@@0@Z 000000014000ebf0 f i MainFrm.obj
 0001:0000dcf0       ?ShowOwnedWindows@CFrameWnd@@QEAAXH@Z 000000014000ecf0 f i MainFrm.obj
 0001:0000df30       ?OnSetPreviewMode@CFrameWnd@@UEAAXHPEAUCPrintPreviewState@@@Z 000000014000ef30 f i MainFrm.obj
 0001:0000e2f0       ?ActivateFrame@CFrameWnd@@UEAAXH@Z 000000014000f2f0 f i MainFrm.obj
 0001:0000e3a0       ?GetActiveFrame@CFrameWnd@@UEAAPEAV1@XZ 000000014000f3a0 f i MainFrm.obj
 0001:0000e3b0       ?GetDefaultAccelerator@CFrameWnd@@UEAAPEAUHACCEL__@@XZ 000000014000f3b0 f i MainFrm.obj
 0001:0000e3c0       ?PreCreateWindow@CFrameWnd@@UEAAHAEAUtagCREATESTRUCTA@@@Z 000000014000f3c0 f i MainFrm.obj
 0001:0000e410       ?GetIconWndClass@CFrameWnd@@QEAAPEBDKI@Z 000000014000f410 f i MainFrm.obj
 0001:0000e4d0       ?RemoveFrameWnd@CFrameWnd@@QEAAXXZ 000000014000f4d0 f i MainFrm.obj
 0001:0000e550       ??1CFrameWnd@@UEAA@XZ      000000014000f550 f i MainFrm.obj
 0001:0000e5e0       ?PostNcDestroy@CFrameWnd@@UEAAXXZ 000000014000f5e0 f i MainFrm.obj
 0001:0000e600       ?Create@CFrameWnd@@UEAAHPEBD0KAEBUtagRECT@@PEAVCWnd@@0KPEAUCCreateContext@@@Z 000000014000f600 f i MainFrm.obj
 0001:0000e740       ?LoadFrame@CFrameWnd@@UEAAHIKPEAVCWnd@@PEAUCCreateContext@@@Z 000000014000f740 f i MainFrm.obj
 0001:0000e920       ?AddFrameWnd@CFrameWnd@@QEAAXXZ 000000014000f920 f i MainFrm.obj
 0001:0000e9b0       ??0CFrameWnd@@QEAA@XZ      000000014000f9b0 f i MainFrm.obj
 0001:0000eaa0       ?LoadStringA@CString@WTL@@QEAAHI@Z 000000014000faa0 f i MainFrm.obj
 0001:0000ebe0       ?OnClose@CFrameWnd@@QEAAXXZ 000000014000fbe0 f i MainFrm.obj
 0001:0000eca0       ?CreateView@CFrameWnd@@QEAAPEAVCWnd@@PEAUCCreateContext@@I@Z 000000014000fca0 f i MainFrm.obj
 0001:0000edb0       ?OnCreateClient@CFrameWnd@@UEAAHPEAUtagCREATESTRUCTA@@PEAUCCreateContext@@@Z 000000014000fdb0 f i MainFrm.obj
 0001:0000ede0       ?OnCreateHelper@CFrameWnd@@QEAAHPEAUtagCREATESTRUCTA@@PEAUCCreateContext@@@Z 000000014000fde0 f i MainFrm.obj
 0001:0000ee80       ?DestroyWindow@CControlBar@@UEAAHXZ 000000014000fe80 f i MainFrm.obj
 0001:0000eef0       ?DestroyDockBars@CFrameWnd@@QEAAXXZ 000000014000fef0 f i MainFrm.obj
 0001:0000f230       ?OnDestroy@CFrameWnd@@QEAAXXZ 0000000140010230 f i MainFrm.obj
 0001:0000f2c0       ?SetActiveWindow@CWnd@@QEAAPEAV1@XZ 00000001400102c0 f i MainFrm.obj
 0001:0000f440       ?OnDropFiles@CFrameWnd@@QEAAXPEAUHDROP__@@@Z 0000000140010440 f i MainFrm.obj
 0001:0000f4d0       ?GetOwner@CWnd@@QEAAPEAV1@XZ 00000001400104d0 f i MainFrm.obj
 0001:0000f660       ?AfxGetParentOwner@CWnd@@SAPEAUHWND__@@PEAU2@@Z 0000000140010660 f i MainFrm.obj
 0001:0000f740       ?GetTopLevelParent@CWnd@@QEAAPEAV1@XZ 0000000140010740 f i MainFrm.obj
 0001:0000f910       ?OnIdle@CCmdUI@@QEAAHPEAVCCmdTarget@@H@Z 0000000140010910 f i MainFrm.obj
 0001:0000f9d0       ?OnInitMenuPopup@CFrameWnd@@QEAAXPEAVCMenuMTL@@IH@Z 00000001400109d0 f i MainFrm.obj
 0001:0000fcb0       ?GetTopLevelFrame@CWnd@@QEAAPEAVCFrameWnd@@XZ 0000000140010cb0 f i MainFrm.obj
 0001:0000fd80       ?SetMenuBarState@CFrameWnd@@QEAAHK@Z 0000000140010d80 f i MainFrm.obj
 0001:0000fde0       ?OnMenuSelect@CFrameWnd@@QEAAXIIPEAUHMENU__@@@Z 0000000140010de0 f i MainFrm.obj
 0001:0000ff90       ?OnSize@CFrameWnd@@QEAAXIHH@Z 0000000140010f90 f i MainFrm.obj
 0001:0000ffe0       ?OnPopMessageString@CFrameWnd@@QEAA_J_K_J@Z 0000000140010fe0 f i MainFrm.obj
 0001:00010000       ?GetDescendantWindow@CWnd@@QEAAPEAV1@PEAUHWND__@@HH@Z 0000000140011000 f i MainFrm.obj
 0001:00010230       ?OnSetMessageString@CFrameWnd@@QEAA_J_K_J@Z 0000000140011230 f i MainFrm.obj
 0001:000103b0       ?OnUpdateFrameMenu@CFrameWnd@@UEAAXPEAUHMENU__@@@Z 00000001400113b0 f i MainFrm.obj
 0001:000103e0       ?UpdateFrameTitleForDocument@CFrameWnd@@QEAAXPEBD@Z 00000001400113e0 f i MainFrm.obj
 0001:00010a00       ?OnUpdateFrameTitle@CFrameWnd@@UEAAXH@Z 0000000140011a00 f i MainFrm.obj
 0001:00010a40       ?OnIdleUpdateCmdUI@CFrameWnd@@QEAAXXZ 0000000140011a40 f i MainFrm.obj
 0001:00010ae0       ?OnUpdateControlBarMenu@CFrameWnd@@QEAAXPEAVCCmdUI@@@Z 0000000140011ae0 f i MainFrm.obj
 0001:00010b70       ?GetControlBar@CFrameWnd@@QEAAPEAVCControlBar@@I@Z 0000000140011b70 f i MainFrm.obj
 0001:00010be0       ?GetParentFrame@CWnd@@QEAAPEAVCFrameWnd@@XZ 0000000140011be0 f i MainFrm.obj
 0001:00010c40       ?GetDockingFrame@CControlBar@@QEAAPEAVCFrameWnd@@XZ 0000000140011c40 f i MainFrm.obj
 0001:00010cb0       ?IsVisible@CControlBar@@UEBAHXZ 0000000140011cb0 f i MainFrm.obj
 0001:00010cf0       ?AfxRepositionWindow@CAfx@@SAXPEAUAFX_SIZEPARENTPARAMS@@PEAUHWND__@@PEBUtagRECT@@@Z 0000000140011cf0 f i MainFrm.obj
 0001:00010df0       ?RepositionBars@CWnd@@QEAAXIIIIPEAUtagRECT@@PEBU2@H@Z 0000000140011df0 f i MainFrm.obj
 0001:00011110       ?RecalcLayout@CFrameWnd@@UEAAXH@Z 0000000140012110 f i MainFrm.obj
 0001:00011240       ?ShowControlBar@CFrameWnd@@QEAAXPEAVCControlBar@@HH@Z 0000000140012240 f i MainFrm.obj
 0001:00011480       ?OnBarCheck@CFrameWnd@@QEAAHI@Z 0000000140012480 f i MainFrm.obj
 0001:00011510       ?_AtlGetStringResourceImage@CAfx@@SAPEBUATLSTRINGRESOURCEIMAGE@ATL@@PEAUHINSTANCE__@@PEAUHRSRC__@@I@Z 0000000140012510 f i MainFrm.obj
 0001:000115b0       ?AfxLoadString@CAfx@@SAHIPEADI@Z 00000001400125b0 f i MainFrm.obj
 0001:00011660       ?AssignCopy@CString@WTL@@IEAAXHPEBD@Z 0000000140012660 f i MainFrm.obj
 0001:00011740       ?Empty@CString@WTL@@QEAAXXZ 0000000140012740 f i MainFrm.obj
 0001:000117c0       ?GetBuffer@CString@WTL@@QEAAPEADH@Z 00000001400127c0 f i MainFrm.obj
 0001:00011890       ?CopyBeforeWrite@CString@WTL@@IEAAXXZ 0000000140012890 f i MainFrm.obj
 0001:00011940       ?AfxExtractSubString@CAfx@@SAHAEAVCString@WTL@@PEBDHD@Z 0000000140012940 f i MainFrm.obj
 0001:00011a40       ?OnToolTipText@CFrameWnd@@QEAAHIPEAUtagNMHDR@@PEA_J@Z 0000000140012a40 f i MainFrm.obj
 0001:00011db0       ?_ProcessWindowMessage@CFrameWnd@@UEAAHPEAUHWND__@@I_K_JAEA_J@Z 0000000140012db0 f i MainFrm.obj
 0001:00012490       ?SetCurrentHandles@CWinApp@@QEAAXXZ 0000000140013490 f i StdAfx.obj
 0001:000127b0       ?GetRuntimeClass@CCmdTarget@@UEBAPEAUCRuntimeClass@@XZ 00000001400137b0 f   StdAfx.obj
 0001:000127c0       ?CreateObject@CWnd@@SAPEAVCObject@@XZ 00000001400137c0 f   StdAfx.obj
 0001:00012810       ?GetRuntimeClass@CWnd@@UEBAPEAUCRuntimeClass@@XZ 0000000140013810 f   StdAfx.obj
 0001:00012820       ?GetRuntimeClass@CDialog@@UEBAPEAUCRuntimeClass@@XZ 0000000140013820 f   StdAfx.obj
 0001:00012830       ?CreateObject@CFrameWnd@@SAPEAVCObject@@XZ 0000000140013830 f   StdAfx.obj
 0001:00012870       ?GetRuntimeClass@CFrameWnd@@UEBAPEAUCRuntimeClass@@XZ 0000000140013870 f   StdAfx.obj
 0001:00012880       ?GetRuntimeClass@CControlBar@@UEBAPEAUCRuntimeClass@@XZ 0000000140013880 f   StdAfx.obj
 0001:00012890       ?GetRuntimeClass@CToolBar@@UEBAPEAUCRuntimeClass@@XZ 0000000140013890 f   StdAfx.obj
 0001:000128a0       ?GetRuntimeClass@CToolTipCtrlMTL@@UEBAPEAUCRuntimeClass@@XZ 00000001400138a0 f   StdAfx.obj
 0001:000128b0       WinMain                    00000001400138b0 f   StdAfx.obj
 0001:00012920       ?__AllocStdCallThunk@ATL@@YAPEAXXZ 0000000140013920 f   atls:atlthunk.obj
 0001:000129e4       ?__FreeStdCallThunk@ATL@@YAXPEAX@Z 00000001400139e4 f   atls:atlthunk.obj
 0001:00012a74       ??0CAtlBaseModule@ATL@@QEAA@XZ 0000000140013a74 f   atls:atlbase.obj
 0001:00012b1c       ??1CAtlBaseModule@ATL@@QEAA@XZ 0000000140013b1c f   atls:atlbase.obj
 0001:00012b50       ??3@YAXPEAX@Z              0000000140013b50 f   LIBCMT:delete.obj
 0001:00012b58       memcpy_s                   0000000140013b58 f   LIBCMT:memcpy_s.obj
 0001:00012be0       ??8type_info@@QEBA_NAEBV0@@Z 0000000140013be0 f   LIBCMT:typinfo.obj
 0001:00012c00       ??_Gtype_info@@UEAAPEAXI@Z 0000000140013c00 f i LIBCMT:typinfo.obj
 0001:00012c00       ??_Etype_info@@UEAAPEAXI@Z 0000000140013c00 f i LIBCMT:typinfo.obj
 0001:00012c3c       ??_V@YAXPEAX@Z             0000000140013c3c f   LIBCMT:delete2.obj
 0001:00012c44       ??_U@YAPEAX_K@Z            0000000140013c44 f   LIBCMT:new2.obj
 0001:00012c4c       __onexitinit               0000000140013c4c f   LIBCMT:onexit.obj
 0001:00012c90       _onexit                    0000000140013c90 f   LIBCMT:onexit.obj
 0001:00012d9c       atexit                     0000000140013d9c f   LIBCMT:onexit.obj
 0001:00012db4       ??0bad_alloc@std@@QEAA@AEBV01@@Z 0000000140013db4 f i LIBCMT:new.obj
 0001:00012dd8       ??1bad_alloc@std@@UEAA@XZ  0000000140013dd8 f i LIBCMT:new.obj
 0001:00012de8       ??2@YAPEAX_K@Z             0000000140013de8 f   LIBCMT:new.obj
 0001:00012e54       ??_Gbad_alloc@std@@UEAAPEAXI@Z 0000000140013e54 f i LIBCMT:new.obj
 0001:00012e54       ??_Ebad_alloc@std@@UEAAPEAXI@Z 0000000140013e54 f i LIBCMT:new.obj
 0001:00012e90       free                       0000000140013e90 f   LIBCMT:free.obj
 0001:00012ed0       _strdup                    0000000140013ed0 f   LIBCMT:strdup.obj
 0001:00012f40       ??0_LocaleUpdate@@QEAA@PEAUlocaleinfo_struct@@@Z 0000000140013f40 f i LIBCMT:mbschr.obj
 0001:00012fe8       _mbschr                    0000000140013fe8 f   LIBCMT:mbschr.obj
 0001:00012ff0       _mbschr_l                  0000000140013ff0 f   LIBCMT:mbschr.obj
 0001:000130b0       _mbscmp                    00000001400140b0 f   LIBCMT:mbscmp.obj
 0001:000130b8       _mbscmp_l                  00000001400140b8 f   LIBCMT:mbscmp.obj
 0001:000131b0       memmove                    00000001400141b0 f   LIBCMT:memcpy.obj
 0001:000131b0       memcpy                     00000001400141b0 f   LIBCMT:memcpy.obj
 0001:00013718       _purecall                  0000000140014718 f   LIBCMT:purevirt.obj
 0001:00013744       malloc                     0000000140014744 f   LIBCMT:malloc.obj
 0001:000137fc       WinMainCRTStartup          00000001400147fc f   LIBCMT:wincrt0.obj
 0001:000139e0       memset                     00000001400149e0 f   LIBCMT:memset.obj
 0001:00013c0c       _call_reportfault          0000000140014c0c f   LIBCMT:invarg.obj
 0001:00013d00       _initp_misc_invarg         0000000140014d00 f   LIBCMT:invarg.obj
 0001:00013d08       _invalid_parameter         0000000140014d08 f   LIBCMT:invarg.obj
 0001:00013d70       _invalid_parameter_noinfo  0000000140014d70 f   LIBCMT:invarg.obj
 0001:00013d90       _invoke_watson             0000000140014d90 f   LIBCMT:invarg.obj
 0001:00013dcc       __doserrno                 0000000140014dcc f   LIBCMT:dosmap.obj
 0001:00013dec       _dosmaperr                 0000000140014dec f   LIBCMT:dosmap.obj
 0001:00013e3c       _errno                     0000000140014e3c f   LIBCMT:dosmap.obj
 0001:00013e5c       _get_errno_from_oserr      0000000140014e5c f   LIBCMT:dosmap.obj
 0001:00013ec0       strcmp                     0000000140014ec0 f   LIBCMT:strcmp.obj
 0001:00013f28       ?_Type_info_dtor@type_info@@CAXPEAV1@@Z 0000000140014f28 f   LIBCMT:typname.obj
 0001:00013f94       __crtCorExitProcess        0000000140014f94 f   LIBCMT:crt0dat.obj
 0001:00013fd8       __crtExitProcess           0000000140014fd8 f   LIBCMT:crt0dat.obj
 0001:00013ff0       _amsg_exit                 0000000140014ff0 f   LIBCMT:crt0dat.obj
 0001:00014018       _c_exit                    0000000140015018 f   LIBCMT:crt0dat.obj
 0001:00014028       _cexit                     0000000140015028 f   LIBCMT:crt0dat.obj
 0001:00014038       _cinit                     0000000140015038 f   LIBCMT:crt0dat.obj
 0001:000140d0       _exit                      00000001400150d0 f   LIBCMT:crt0dat.obj
 0001:000140dc       _init_pointers             00000001400150dc f   LIBCMT:crt0dat.obj
 0001:00014188       _initterm_e                0000000140015188 f   LIBCMT:crt0dat.obj
 0001:000141c4       _lockexit                  00000001400151c4 f   LIBCMT:crt0dat.obj
 0001:000141d0       _unlockexit                00000001400151d0 f   LIBCMT:crt0dat.obj
 0001:00014374       exit                       0000000140015374 f   LIBCMT:crt0dat.obj
 0001:00014380       _msize                     0000000140015380 f   LIBCMT:msize.obj
 0001:000143bc       _calloc_crt                00000001400153bc f   LIBCMT:crtheap.obj
 0001:0001443c       _malloc_crt                000000014001543c f   LIBCMT:crtheap.obj
 0001:000144b8       _realloc_crt               00000001400154b8 f   LIBCMT:crtheap.obj
 0001:0001453c       __C_specific_handler       000000014001553c f   LIBCMT:chandler.obj
 0001:00014720       ??0exception@std@@QEAA@AEBQEBD@Z 0000000140015720 f   LIBCMT:stdexcpt.obj
 0001:00014750       ??0exception@std@@QEAA@AEBQEBDH@Z 0000000140015750 f   LIBCMT:stdexcpt.obj
 0001:0001476c       ??0exception@std@@QEAA@AEBV01@@Z 000000014001576c f   LIBCMT:stdexcpt.obj
 0001:00014798       ??1exception@std@@UEAA@XZ  0000000140015798 f   LIBCMT:stdexcpt.obj
 0001:000147a8       ??4exception@std@@QEAAAEAV01@AEBV01@@Z 00000001400157a8 f   LIBCMT:stdexcpt.obj
 0001:000147ec       ??_Gexception@std@@UEAAPEAXI@Z 00000001400157ec f i LIBCMT:stdexcpt.obj
 0001:000147ec       ??_Eexception@std@@UEAAPEAXI@Z 00000001400157ec f i LIBCMT:stdexcpt.obj
 0001:00014828       ?_Copy_str@exception@std@@AEAAXPEBD@Z 0000000140015828 f   LIBCMT:stdexcpt.obj
 0001:00014884       ?_Tidy@exception@std@@AEAAXXZ 0000000140015884 f   LIBCMT:stdexcpt.obj
 0001:000148ac       ?what@exception@std@@UEBAPEBDXZ 00000001400158ac f   LIBCMT:stdexcpt.obj
 0001:000148c0       _callnewh                  00000001400158c0 f   LIBCMT:handler.obj
 0001:000148f4       _initp_heap_handler        00000001400158f4 f   LIBCMT:handler.obj
 0001:000148fc       _CxxThrowException         00000001400158fc f   LIBCMT:throw.obj
 0001:000149c4       _heap_init                 00000001400159c4 f   LIBCMT:heapinit.obj
 0001:000149e4       strcpy_s                   00000001400159e4 f   LIBCMT:strcpy_s.obj
 0001:00014a60       strlen                     0000000140015a60 f   LIBCMT:strlen.obj
 0001:00014b08       __addlocaleref             0000000140015b08 f   LIBCMT:localref.obj
 0001:00014b94       __freetlocinfo             0000000140015b94 f   LIBCMT:localref.obj
 0001:00014d2c       __removelocaleref          0000000140015d2c f   LIBCMT:localref.obj
 0001:00014dd0       __updatetlocinfo           0000000140015dd0 f   LIBCMT:localref.obj
 0001:00014e48       _updatetlocinfoEx_nolock   0000000140015e48 f   LIBCMT:localref.obj
 0001:00014eac       __initmbctable             0000000140015eac f   LIBCMT:mbctype.obj
 0001:000151c8       __updatetmbcinfo           00000001400161c8 f   LIBCMT:mbctype.obj
 0001:00015284       _setmbcp                   0000000140016284 f   LIBCMT:mbctype.obj
 0001:000154c8       _setmbcp_nolock            00000001400164c8 f   LIBCMT:mbctype.obj
 0001:00015778       strchr                     0000000140016778 f   LIBCMT:strchr.obj
 0001:00015804       _freefls                   0000000140016804 f   LIBCMT:tidtable.obj
 0001:00015938       _getptd                    0000000140016938 f   LIBCMT:tidtable.obj
 0001:0001595c       _getptd_noexit             000000014001695c f   LIBCMT:tidtable.obj
 0001:000159e0       _initptd                   00000001400169e0 f   LIBCMT:tidtable.obj
 0001:00015aa4       _mtinit                    0000000140016aa4 f   LIBCMT:tidtable.obj
 0001:00015b24       _mtterm                    0000000140016b24 f   LIBCMT:tidtable.obj
 0001:00015b48       __isa_available_init       0000000140016b48 f   LIBCMT:cpu_disp.obj
 0001:00015cec       _set_abort_behavior        0000000140016cec f   LIBCMT:abort.obj
 0001:00015d08       abort                      0000000140016d08 f   LIBCMT:abort.obj
 0001:00015d60       _initp_misc_purevirt       0000000140016d60 f   LIBCMT:inithelp.obj
 0001:00015d68       _FF_MSGBANNER              0000000140016d68 f   LIBCMT:crt0msg.obj
 0001:00015dac       _GET_RTERRMSG              0000000140016dac f   LIBCMT:crt0msg.obj
 0001:00015ddc       _NMSG_WRITE                0000000140016ddc f   LIBCMT:crt0msg.obj
 0001:0001604c       ?_inconsistency@@YAXXZ     000000014001704c f   LIBCMT:hooks.obj
 0001:0001606c       ?terminate@@YAXXZ          000000014001706c f   LIBCMT:hooks.obj
 0001:0001608c       _initp_eh_hooks            000000014001708c f   LIBCMT:hooks.obj
 0001:000160ac       ?__CxxUnhandledExceptionFilter@@YAJPEAU_EXCEPTION_POINTERS@@@Z 00000001400170ac f   LIBCMT:unhandld.obj
 0001:000160e4       __CxxSetUnhandledExceptionFilter 00000001400170e4 f   LIBCMT:unhandld.obj
 0001:000160fc       _XcptFilter                00000001400170fc f   LIBCMT:winxfltr.obj
 0001:000162c8       _ioinit                    00000001400172c8 f   LIBCMT:ioinit.obj
 0001:000165f8       _setargv                   00000001400175f8 f   LIBCMT:stdargv.obj
 0001:000168b4       _setenvp                   00000001400178b4 f   LIBCMT:stdenvp.obj
 0001:000169e8       __set_app_type             00000001400179e8 f   LIBCMT:errmode.obj
 0001:000169f0       _set_error_mode            00000001400179f0 f   LIBCMT:errmode.obj
 0001:00016a30       __security_init_cookie     0000000140017a30 f   LIBCMT:gs_support.obj
 0001:00016adc       _RTC_Initialize            0000000140017adc f   LIBCMT:initsect.obj
 0001:00016b14       _RTC_Terminate             0000000140017b14 f   LIBCMT:initsect.obj
 0001:00016b4c       __crtGetEnvironmentStringsA 0000000140017b4c f   LIBCMT:a_env.obj
 0001:00016c40       __crtCaptureCurrentContext 0000000140017c40 f   LIBCMT:winapisupp.obj
 0001:00016cb0       __crtCapturePreviousContext 0000000140017cb0 f   LIBCMT:winapisupp.obj
 0001:00016d24       __crtFlsAlloc              0000000140017d24 f   LIBCMT:winapisupp.obj
 0001:00016d40       __crtFlsFree               0000000140017d40 f   LIBCMT:winapisupp.obj
 0001:00016d5c       __crtFlsGetValue           0000000140017d5c f   LIBCMT:winapisupp.obj
 0001:00016d78       __crtFlsSetValue           0000000140017d78 f   LIBCMT:winapisupp.obj
 0001:00016d94       __crtGetShowWindowMode     0000000140017d94 f   LIBCMT:winapisupp.obj
 0001:00016dc0       __crtInitializeCriticalSectionEx 0000000140017dc0 f   LIBCMT:winapisupp.obj
 0001:00016dec       __crtIsPackagedApp         0000000140017dec f   LIBCMT:winapisupp.obj
 0001:00016e38       __crtLoadWinApiPointers    0000000140017e38 f   LIBCMT:winapisupp.obj
 0001:00017234       __crtSetUnhandledExceptionFilter 0000000140018234 f   LIBCMT:winapisupp.obj
 0001:0001723c       __crtSleep                 000000014001823c f   LIBCMT:winapisupp.obj
 0001:00017244       __crtTerminateProcess      0000000140018244 f   LIBCMT:winapisupp.obj
 0001:00017264       __crtUnhandledException    0000000140018264 f   LIBCMT:winapisupp.obj
 0001:00017284       _wincmdln                  0000000140018284 f   LIBCMT:wincmdln.obj
 0001:00017300       realloc                    0000000140018300 f   LIBCMT:realloc.obj
 0001:000173d4       __crt_debugger_hook        00000001400183d4 f   LIBCMT:dbghook.obj
 0001:000173dc       __GSHandlerCheck           00000001400183dc f   LIBCMT:gshandler.obj
 0001:000173fc       __GSHandlerCheckCommon     00000001400183fc f   LIBCMT:gshandler.obj
 0001:00017470       __security_check_cookie    0000000140018470 f   LIBCMT:amdsecgs.obj
 0001:00017490       _lock                      0000000140018490 f   LIBCMT:mlock.obj
 0001:000174d4       _mtdeletelocks             00000001400184d4 f   LIBCMT:mlock.obj
 0001:0001755c       _mtinitlocknum             000000014001855c f   LIBCMT:mlock.obj
 0001:0001761c       _mtinitlocks               000000014001861c f   LIBCMT:mlock.obj
 0001:00017680       _unlock                    0000000140018680 f   LIBCMT:mlock.obj
 0001:000176b0       _local_unwind              00000001400186b0 f   LIBCMT:jmpuwind.obj
 0001:000176e0       _NLG_Notify                00000001400186e0 f   LIBCMT:jmpuwind.obj
 0001:00017700       __NLG_Dispatch2            0000000140018700 f   LIBCMT:jmpuwind.obj
 0001:00017710       __NLG_Return2              0000000140018710 f   LIBCMT:jmpuwind.obj
 0001:00017720       _FindPESection             0000000140018720 f   LIBCMT:pesect.obj
 0001:00017770       _IsNonwritableInCurrentImage 0000000140018770 f   LIBCMT:pesect.obj
 0001:000177c0       _ValidateImageBase         00000001400187c0 f   LIBCMT:pesect.obj
 0001:000177f0       _initp_misc_cfltcvt_tab    00000001400187f0 f   LIBCMT:cmiscdat.obj
 0001:0001782c       __get_sigabrt              000000014001882c f   LIBCMT:winsig.obj
 0001:0001783c       _initp_misc_winsig         000000014001883c f   LIBCMT:winsig.obj
 0001:0001785c       raise                      000000014001885c f   LIBCMT:winsig.obj
 0001:00017a90       _initp_misc_rand_s         0000000140018a90 f   LIBCMT:rand_s.obj
 0001:00017a98       _calloc_impl               0000000140018a98 f   LIBCMT:calloc_impl.obj
 0001:00017b34       __free_lconv_mon           0000000140018b34 f   LIBCMT:initmon.obj
 0001:00017c40       __free_lconv_num           0000000140018c40 f   LIBCMT:initnum.obj
 0001:00017cac       __free_lc_time             0000000140018cac f   LIBCMT:inittime.obj
 0001:00018394       __crtLCMapStringA          0000000140019394 f   LIBCMT:a_map.obj
 0001:000185a4       __crtGetStringTypeA        00000001400195a4 f   LIBCMT:a_str.obj
 0001:00018620       GetTableIndexFromLocaleName 0000000140019620 f   LIBCMT:winapinls.obj
 0001:000186ac       __crtDownlevelLocaleNameToLCID 00000001400196ac f   LIBCMT:winapinls.obj
 0001:000186e0       __crtLCMapStringEx         00000001400196e0 f   LIBCMT:winapinls.obj
 0001:00018770       __wcsnicmp_ascii           0000000140019770 f   LIBCMT:winapinls.obj
 0001:000187c8       wcscat_s                   00000001400197c8 f   LIBCMT:wcscat_s.obj
 0001:00018850       wcscpy_s                   0000000140019850 f   LIBCMT:wcscpy_s.obj
 0001:000188bc       wcslen                     00000001400198bc f   LIBCMT:wcslen.obj
 0001:000188d8       wcsncpy_s                  00000001400198d8 f   LIBCMT:wcsncpy_s.obj
 0001:000189a4       __crtMessageBoxW           00000001400199a4 f   LIBCMT:crtmboxw.obj
 0001:00018c18       __initstdio                0000000140019c18 f   LIBCMT:_file.obj
 0001:00018cb0       __endstdio                 0000000140019cb0 f   LIBCMT:_file.obj
 0001:00018ce0       _lock_file                 0000000140019ce0 f   LIBCMT:_file.obj
 0001:00018d48       _lock_file2                0000000140019d48 f   LIBCMT:_file.obj
 0001:00018d7c       _unlock_file               0000000140019d7c f   LIBCMT:_file.obj
 0001:00018dcc       _unlock_file2              0000000140019dcc f   LIBCMT:_file.obj
 0001:00018e68       _ismbblead                 0000000140019e68 f   LIBCMT:ismbbyte.obj
 0001:00018e7c       __raise_securityfailure    0000000140019e7c f   LIBCMT:gs_report.obj
 0001:00018ec8       __report_gsfailure         0000000140019ec8 f   LIBCMT:gs_report.obj
 0001:00018f9c       _fptrap                    0000000140019f9c f   LIBCMT:crt0fp.obj
 0001:00018fa8       _fileno                    0000000140019fa8 f   LIBCMT:fileno.obj
 0001:00018fd0       _isatty                    0000000140019fd0 f   LIBCMT:isatty.obj
 0001:00019030       _fflush_nolock             000000014001a030 f   LIBCMT:fflush.obj
 0001:0001907c       _flush                     000000014001a07c f   LIBCMT:fflush.obj
 0001:000190f8       _flushall                  000000014001a0f8 f   LIBCMT:fflush.obj
 0001:000191ec       _locterm                   000000014001a1ec f   LIBCMT:wsetloca.obj
 0001:00019250       __chkstk                   000000014001a250 f   LIBCMT:chkstk.obj
 0001:00019250       _alloca_probe              000000014001a250 f   LIBCMT:chkstk.obj
 0001:000192a0       _fcloseall                 000000014001a2a0 f   LIBCMT:closeall.obj
 0001:00019348       _commit                    000000014001a348 f   LIBCMT:commit.obj
 0001:00019420       _write                     000000014001a420 f   LIBCMT:write.obj
 0001:00019504       _write_nolock              000000014001a504 f   LIBCMT:write.obj
 0001:00019d10       memcmp                     000000014001ad10 f   LIBCMT:memcmp.obj
 0001:00019dd8       _fclose_nolock             000000014001add8 f   LIBCMT:fclose.obj
 0001:00019e54       fclose                     000000014001ae54 f   LIBCMT:fclose.obj
 0001:00019ebc       _isctype_l                 000000014001aebc f   LIBCMT:isctype.obj
 0001:00019f98       __crt_atoflt_l             000000014001af98 f   LIBCMT:atodbl.obj
 0001:0001a068       _atodbl_l                  000000014001b068 f   LIBCMT:atodbl.obj
 0001:0001a130       _atoflt_l                  000000014001b130 f   LIBCMT:atodbl.obj
 0001:0001a138       _fpmath                    000000014001b138 f   LIBCMT:fpinit.obj
 0001:0001a140       _cfltcvt_init              000000014001b140 f   LIBCMT:fpinit.obj
 0001:0001a1c8       __lock_fhandle             000000014001b1c8 f   LIBCMT:osfinfo.obj
 0001:0001a260       _free_osfhnd               000000014001b260 f   LIBCMT:osfinfo.obj
 0001:0001a30c       _get_osfhandle             000000014001b30c f   LIBCMT:osfinfo.obj
 0001:0001a380       _unlock_fhandle            000000014001b380 f   LIBCMT:osfinfo.obj
 0001:0001a3ac       _isleadbyte_l              000000014001b3ac f i LIBCMT:_wctype.obj
 0001:0001a3f0       isleadbyte                 000000014001b3f0 f i LIBCMT:_wctype.obj
 0001:0001a438       _lseeki64_nolock           000000014001b438 f   LIBCMT:lseeki64.obj
 0001:0001a4cc       _mbtowc_l                  000000014001b4cc f   LIBCMT:mbtowc.obj
 0001:0001a620       mbtowc                     000000014001b620 f   LIBCMT:mbtowc.obj
 0001:0001a628       _putwch_nolock             000000014001b628 f   LIBCMT:putwch.obj
 0001:0001a684       _close                     000000014001b684 f   LIBCMT:close.obj
 0001:0001a748       _close_nolock              000000014001b748 f   LIBCMT:close.obj
 0001:0001a804       _freebuf                   000000014001b804 f   LIBCMT:_freebuf.obj
 0001:0001a840       _ld12tod                   000000014001b840 f   LIBCMT:intrncvt.obj
 0001:0001adf8       _ld12tof                   000000014001bdf8 f   LIBCMT:intrncvt.obj
 0001:0001b3b0       __strgtold12_l             000000014001c3b0 f   LIBCMT:strgtold.obj
 0001:0001bc14       _cfltcvt                   000000014001cc14 f   LIBCMT:cvt.obj
 0001:0001bc38       _cfltcvt_l                 000000014001cc38 f   LIBCMT:cvt.obj
 0001:0001bcb8       _cftoa_l                   000000014001ccb8 f   LIBCMT:cvt.obj
 0001:0001c264       _cftoe_l                   000000014001d264 f   LIBCMT:cvt.obj
 0001:0001c4c0       _cftof_l                   000000014001d4c0 f   LIBCMT:cvt.obj
 0001:0001c594       _cftog_l                   000000014001d594 f   LIBCMT:cvt.obj
 0001:0001c6c8       _cropzeros                 000000014001d6c8 f   LIBCMT:cvt.obj
 0001:0001c6d0       _cropzeros_l               000000014001d6d0 f   LIBCMT:cvt.obj
 0001:0001c768       _fassign                   000000014001d768 f   LIBCMT:cvt.obj
 0001:0001c770       _fassign_l                 000000014001d770 f   LIBCMT:cvt.obj
 0001:0001c7b0       _forcdecpt                 000000014001d7b0 f   LIBCMT:cvt.obj
 0001:0001c7b8       _forcdecpt_l               000000014001d7b8 f   LIBCMT:cvt.obj
 0001:0001c838       _positive                  000000014001d838 f   LIBCMT:cvt.obj
 0001:0001c84c       __termconout               000000014001d84c f   LIBCMT:initcon.obj
 0001:0001c86c       __initconout               000000014001d86c f   LIBCMT:initcon.obj
 0001:0001c8a8       __mtold12                  000000014001d8a8 f   LIBCMT:mantold.obj
 0001:0001cacc       isdigit                    000000014001dacc f i LIBCMT:_ctype.obj
 0001:0001cb48       _tolower_l                 000000014001db48 f   LIBCMT:tolower.obj
 0001:0001cc9c       tolower                    000000014001dc9c f   LIBCMT:tolower.obj
 0001:0001ccbc       strrchr                    000000014001dcbc f   LIBCMT:strrchr.obj
 0001:0001ce00       _fptostr                   000000014001de00 f   LIBCMT:_fptostr.obj
 0001:0001cecc       __dtold                    000000014001decc f   LIBCMT:cfout.obj
 0001:0001cf9c       _fltout2                   000000014001df9c f   LIBCMT:cfout.obj
 0001:0001d054       $I10_OUTPUT                000000014001e054 f   LIBCMT:x10fout.obj
 0001:0001db2c       IsProcessorFeaturePresent  000000014001eb2c f   kernel32:KERNEL32.dll
 0001:0001db32       RtlUnwindEx                000000014001eb32 f   kernel32:KERNEL32.dll
 0001:0001db38       ?_GetEstablisherFrame@@YAPEA_KPEA_KPEAU_xDISPATCHER_CONTEXT@@PEBU_s_FuncInfo@@0@Z 000000014001eb38 f   LIBCMT:trnsctrl.obj
 0001:0001dc04       ?_GetRangeOfTrysToCheck@@YAPEBU_s_TryBlockMapEntry@@PEA_KPEBU_s_FuncInfo@@HHPEAI2PEAU_xDISPATCHER_CONTEXT@@@Z 000000014001ec04 f   LIBCMT:trnsctrl.obj
 0001:0001dd30       ?__FrameUnwindToEmptyState@@YAXPEA_KPEAU_xDISPATCHER_CONTEXT@@PEBU_s_FuncInfo@@@Z 000000014001ed30 f   LIBCMT:trnsctrl.obj
 0001:0001ddc4       ?__SehTransFilter@@YAHPEAU_EXCEPTION_POINTERS@@PEAUEHExceptionRecord@@PEA_KPEAU_CONTEXT@@PEAU_xDISPATCHER_CONTEXT@@PEBU_s_FuncInfo@@PEAH@Z 000000014001edc4 f   LIBCMT:trnsctrl.obj
 0001:0001de68       _CallSETranslator          000000014001ee68 f   LIBCMT:trnsctrl.obj
 0001:0001debc       _CreateFrameInfo           000000014001eebc f   LIBCMT:trnsctrl.obj
 0001:0001df00       _FindAndUnlinkFrame        000000014001ef00 f   LIBCMT:trnsctrl.obj
 0001:0001df60       _GetImageBase              000000014001ef60 f   LIBCMT:trnsctrl.obj
 0001:0001df78       _GetThrowImageBase         000000014001ef78 f   LIBCMT:trnsctrl.obj
 0001:0001df90       _IsExceptionObjectToBeDestroyed 000000014001ef90 f   LIBCMT:trnsctrl.obj
 0001:0001dfc4       _SetImageBase              000000014001efc4 f   LIBCMT:trnsctrl.obj
 0001:0001dfe0       _SetThrowImageBase         000000014001efe0 f   LIBCMT:trnsctrl.obj
 0001:0001dffc       _UnwindNestedFrames        000000014001effc f   LIBCMT:trnsctrl.obj
 0001:0001e120       __CxxFrameHandler3         000000014001f120 f   LIBCMT:trnsctrl.obj
 0001:0001e1a8       __DestructExceptionObject  000000014001f1a8 f   LIBCMT:frame.obj
 0001:0001e218       ??0bad_exception@std@@QEAA@AEBV01@@Z 000000014001f218 f i LIBCMT:frame.obj
 0001:0001e23c       ??1bad_exception@std@@UEAA@XZ 000000014001f23c f i LIBCMT:frame.obj
 0001:0001e24c       ??_Ebad_exception@std@@UEAAPEAXI@Z 000000014001f24c f i LIBCMT:frame.obj
 0001:0001e24c       ??_Gbad_exception@std@@UEAAPEAXI@Z 000000014001f24c f i LIBCMT:frame.obj
 0001:0001eb40       __AdjustPointer            000000014001fb40 f   LIBCMT:frame.obj
 0001:0001eb64       __BuildCatchObject         000000014001fb64 f   LIBCMT:frame.obj
 0001:0001ec1c       __BuildCatchObjectHelper   000000014001fc1c f   LIBCMT:frame.obj
 0001:0001ee6c       __CxxCallCatchBlock        000000014001fe6c f   LIBCMT:frame.obj
 0001:0001f070       __FrameUnwindFilter        0000000140020070 f   LIBCMT:frame.obj
 0001:0001f0c4       __FrameUnwindToState       00000001400200c4 f   LIBCMT:frame.obj
 0001:0001f258       __InternalCxxFrameHandler  0000000140020258 f   LIBCMT:frame.obj
 0001:0001f47c       __TypeMatch                000000014002047c f   LIBCMT:frame.obj
 0001:0001f5ac       ?__GetCurrentState@@YAHPEA_KPEAU_xDISPATCHER_CONTEXT@@PEBU_s_FuncInfo@@@Z 00000001400205ac f   LIBCMT:ehstate.obj
 0001:0001f5d4       ?__GetUnwindTryBlock@@YAHPEA_KPEAU_xDISPATCHER_CONTEXT@@PEBU_s_FuncInfo@@@Z 00000001400205d4 f   LIBCMT:ehstate.obj
 0001:0001f600       ?__SetState@@YAXPEA_KPEAU_xDISPATCHER_CONTEXT@@PEBU_s_FuncInfo@@H@Z 0000000140020600 f   LIBCMT:ehstate.obj
 0001:0001f60c       ?__SetUnwindTryBlock@@YAXPEA_KPEAU_xDISPATCHER_CONTEXT@@PEBU_s_FuncInfo@@H@Z 000000014002060c f   LIBCMT:ehstate.obj
 0001:0001f648       ?__StateFromControlPc@@YAHPEBU_s_FuncInfo@@PEAU_xDISPATCHER_CONTEXT@@@Z 0000000140020648 f   LIBCMT:ehstate.obj
 0001:0001f650       ?__StateFromIp@@YAHPEBU_s_FuncInfo@@PEAU_xDISPATCHER_CONTEXT@@_J@Z 0000000140020650 f   LIBCMT:ehstate.obj
 0001:0001f6dc       ?_ValidateExecute@@YAHP6A_JXZ@Z 00000001400206dc f   LIBCMT:validate.obj
 0001:0001f6dc       ?_ValidateWrite@@YAHPEAXI@Z 00000001400206dc f   LIBCMT:validate.obj
 0001:0001f6dc       ?_ValidateRead@@YAHPEBXI@Z 00000001400206dc f   LIBCMT:validate.obj
 0001:0001f700       _CallSettingFrame          0000000140020700 f   LIBCMT:handlers.obj
 0001:0001f740       _GetNextInstrOffset        0000000140020740 f   LIBCMT:handlers.obj
 0001:0001ff20       ??__FcModuleState@?1??GetCModuleState@CWinApp@@SAPEAVCModuleState@@XZ@YAXXZ 0000000140020f20 f i ChildView.obj
 0002:00000000       __imp_InitCommonControlsEx 0000000140022000     comctl32:COMCTL32.dll
 0002:00000008       \177COMCTL32_NULL_THUNK_DATA 0000000140022008     comctl32:COMCTL32.dll
 0002:00000010       __imp_SaveDC               0000000140022010     gdi32:GDI32.dll
 0002:00000018       __imp_DeleteObject         0000000140022018     gdi32:GDI32.dll
 0002:00000020       __imp_SelectObject         0000000140022020     gdi32:GDI32.dll
 0002:00000028       __imp_GetTextMetricsA      0000000140022028     gdi32:GDI32.dll
 0002:00000030       __imp_SetBkColor           0000000140022030     gdi32:GDI32.dll
 0002:00000038       __imp_ExtTextOutA          0000000140022038     gdi32:GDI32.dll
 0002:00000040       __imp_IntersectClipRect    0000000140022040     gdi32:GDI32.dll
 0002:00000048       __imp_RestoreDC            0000000140022048     gdi32:GDI32.dll
 0002:00000050       __imp_ExcludeClipRect      0000000140022050     gdi32:GDI32.dll
 0002:00000058       __imp_GetDeviceCaps        0000000140022058     gdi32:GDI32.dll
 0002:00000060       __imp_GetCharWidthA        0000000140022060     gdi32:GDI32.dll
 0002:00000068       __imp_CreateFontA          0000000140022068     gdi32:GDI32.dll
 0002:00000070       __imp_GetObjectA           0000000140022070     gdi32:GDI32.dll
 0002:00000078       __imp_StretchDIBits        0000000140022078     gdi32:GDI32.dll
 0002:00000080       __imp_CreateCompatibleDC   0000000140022080     gdi32:GDI32.dll
 0002:00000088       __imp_CreateCompatibleBitmap 0000000140022088     gdi32:GDI32.dll
 0002:00000090       __imp_GetBkColor           0000000140022090     gdi32:GDI32.dll
 0002:00000098       __imp_DeleteDC             0000000140022098     gdi32:GDI32.dll
 0002:000000a0       __imp_TextOutA             00000001400220a0     gdi32:GDI32.dll
 0002:000000a8       \177GDI32_NULL_THUNK_DATA  00000001400220a8     gdi32:GDI32.dll
 0002:000000b0       __imp_GetModuleFileNameA   00000001400220b0     kernel32:KERNEL32.dll
 0002:000000b8       __imp_lstrcpyA             00000001400220b8     kernel32:KERNEL32.dll
 0002:000000c0       __imp_HeapAlloc            00000001400220c0     kernel32:KERNEL32.dll
 0002:000000c8       __imp_HeapFree             00000001400220c8     kernel32:KERNEL32.dll
 0002:000000d0       __imp_GetProcessHeap       00000001400220d0     kernel32:KERNEL32.dll
 0002:000000d8       __imp_InitializeSListHead  00000001400220d8     kernel32:KERNEL32.dll
 0002:000000e0       __imp_InterlockedPopEntrySList 00000001400220e0     kernel32:KERNEL32.dll
 0002:000000e8       __imp_InterlockedPushEntrySList 00000001400220e8     kernel32:KERNEL32.dll
 0002:000000f0       __imp_VirtualAlloc         00000001400220f0     kernel32:KERNEL32.dll
 0002:000000f8       __imp_VirtualFree          00000001400220f8     kernel32:KERNEL32.dll
 0002:00000100       __imp_IsDebuggerPresent    0000000140022100     kernel32:KERNEL32.dll
 0002:00000108       __imp_OutputDebugStringW   0000000140022108     kernel32:KERNEL32.dll
 0002:00000110       __imp_WriteConsoleW        0000000140022110     kernel32:KERNEL32.dll
 0002:00000118       __imp_SetFilePointerEx     0000000140022118     kernel32:KERNEL32.dll
 0002:00000120       __imp_SetStdHandle         0000000140022120     kernel32:KERNEL32.dll
 0002:00000128       __imp_GetConsoleMode       0000000140022128     kernel32:KERNEL32.dll
 0002:00000130       __imp_GetConsoleCP         0000000140022130     kernel32:KERNEL32.dll
 0002:00000138       __imp_FlushFileBuffers     0000000140022138     kernel32:KERNEL32.dll
 0002:00000140       __imp_LCMapStringW         0000000140022140     kernel32:KERNEL32.dll
 0002:00000148       __imp_GetStringTypeW       0000000140022148     kernel32:KERNEL32.dll
 0002:00000150       __imp_LoadLibraryExW       0000000140022150     kernel32:KERNEL32.dll
 0002:00000158       __imp_HeapReAlloc          0000000140022158     kernel32:KERNEL32.dll
 0002:00000160       __imp_GetModuleHandleW     0000000140022160     kernel32:KERNEL32.dll
 0002:00000168       __imp_TlsFree              0000000140022168     kernel32:KERNEL32.dll
 0002:00000170       __imp_DecodePointer        0000000140022170     kernel32:KERNEL32.dll
 0002:00000178       __imp_TlsGetValue          0000000140022178     kernel32:KERNEL32.dll
 0002:00000180       __imp_TlsAlloc             0000000140022180     kernel32:KERNEL32.dll
 0002:00000188       __imp_TerminateProcess     0000000140022188     kernel32:KERNEL32.dll
 0002:00000190       __imp_Sleep                0000000140022190     kernel32:KERNEL32.dll
 0002:00000198       __imp_InitializeCriticalSectionAndSpinCount 0000000140022198     kernel32:KERNEL32.dll
 0002:000001a0       __imp_SetUnhandledExceptionFilter 00000001400221a0     kernel32:KERNEL32.dll
 0002:000001a8       __imp_UnhandledExceptionFilter 00000001400221a8     kernel32:KERNEL32.dll
 0002:000001b0       __imp_RtlVirtualUnwind     00000001400221b0     kernel32:KERNEL32.dll
 0002:000001b8       __imp_RtlLookupFunctionEntry 00000001400221b8     kernel32:KERNEL32.dll
 0002:000001c0       __imp_RtlCaptureContext    00000001400221c0     kernel32:KERNEL32.dll
 0002:000001c8       __imp_FreeEnvironmentStringsW 00000001400221c8     kernel32:KERNEL32.dll
 0002:000001d0       __imp_GetEnvironmentStringsW 00000001400221d0     kernel32:KERNEL32.dll
 0002:000001d8       __imp_GetSystemTimeAsFileTime 00000001400221d8     kernel32:KERNEL32.dll
 0002:000001e0       __imp_GetCurrentProcessId  00000001400221e0     kernel32:KERNEL32.dll
 0002:000001e8       __imp_QueryPerformanceCounter 00000001400221e8     kernel32:KERNEL32.dll
 0002:000001f0       __imp_GetStartupInfoW      00000001400221f0     kernel32:KERNEL32.dll
 0002:000001f8       __imp_GetFileType          00000001400221f8     kernel32:KERNEL32.dll
 0002:00000200       __imp_GetModuleFileNameW   0000000140022200     kernel32:KERNEL32.dll
 0002:00000208       __imp_WriteFile            0000000140022208     kernel32:KERNEL32.dll
 0002:00000210       __imp_GetStdHandle         0000000140022210     kernel32:KERNEL32.dll
 0002:00000218       __imp_SetLastError         0000000140022218     kernel32:KERNEL32.dll
 0002:00000220       __imp_GetCPInfo            0000000140022220     kernel32:KERNEL32.dll
 0002:00000228       __imp_GetOEMCP             0000000140022228     kernel32:KERNEL32.dll
 0002:00000230       __imp_GetACP               0000000140022230     kernel32:KERNEL32.dll
 0002:00000238       __imp_IsValidCodePage      0000000140022238     kernel32:KERNEL32.dll
 0002:00000240       __imp_RtlPcToFileHeader    0000000140022240     kernel32:KERNEL32.dll
 0002:00000248       __imp_RtlUnwindEx          0000000140022248     kernel32:KERNEL32.dll
 0002:00000250       __imp_HeapSize             0000000140022250     kernel32:KERNEL32.dll
 0002:00000258       __imp_GetProcAddress       0000000140022258     kernel32:KERNEL32.dll
 0002:00000260       __imp_GetModuleHandleExW   0000000140022260     kernel32:KERNEL32.dll
 0002:00000268       __imp_ExitProcess          0000000140022268     kernel32:KERNEL32.dll
 0002:00000270       __imp_IsProcessorFeaturePresent 0000000140022270     kernel32:KERNEL32.dll
 0002:00000278       __imp_GetCommandLineA      0000000140022278     kernel32:KERNEL32.dll
 0002:00000280       __imp_EncodePointer        0000000140022280     kernel32:KERNEL32.dll
 0002:00000288       __imp_FindResourceW        0000000140022288     kernel32:KERNEL32.dll
 0002:00000290       __imp_SizeofResource       0000000140022290     kernel32:KERNEL32.dll
 0002:00000298       __imp_WideCharToMultiByte  0000000140022298     kernel32:KERNEL32.dll
 0002:000002a0       __imp_lstrcpynA            00000001400222a0     kernel32:KERNEL32.dll
 0002:000002a8       __imp_MultiByteToWideChar  00000001400222a8     kernel32:KERNEL32.dll
 0002:000002b0       __imp_lstrcmpiA            00000001400222b0     kernel32:KERNEL32.dll
 0002:000002b8       __imp_FindResourceA        00000001400222b8     kernel32:KERNEL32.dll
 0002:000002c0       __imp_FreeResource         00000001400222c0     kernel32:KERNEL32.dll
 0002:000002c8       __imp_LoadResource         00000001400222c8     kernel32:KERNEL32.dll
 0002:000002d0       __imp_LockResource         00000001400222d0     kernel32:KERNEL32.dll
 0002:000002d8       __imp_GlobalDeleteAtom     00000001400222d8     kernel32:KERNEL32.dll
 0002:000002e0       __imp_CloseHandle          00000001400222e0     kernel32:KERNEL32.dll
 0002:000002e8       __imp_lstrcmpA             00000001400222e8     kernel32:KERNEL32.dll
 0002:000002f0       __imp_LeaveCriticalSection 00000001400222f0     kernel32:KERNEL32.dll
 0002:000002f8       __imp_EnterCriticalSection 00000001400222f8     kernel32:KERNEL32.dll
 0002:00000300       __imp_GetCurrentThreadId   0000000140022300     kernel32:KERNEL32.dll
 0002:00000308       __imp_RaiseException       0000000140022308     kernel32:KERNEL32.dll
 0002:00000310       __imp_DeleteCriticalSection 0000000140022310     kernel32:KERNEL32.dll
 0002:00000318       __imp_InitializeCriticalSectionEx 0000000140022318     kernel32:KERNEL32.dll
 0002:00000320       __imp_GetLastError         0000000140022320     kernel32:KERNEL32.dll
 0002:00000328       __imp_FlushInstructionCache 0000000140022328     kernel32:KERNEL32.dll
 0002:00000330       __imp_GetCurrentProcess    0000000140022330     kernel32:KERNEL32.dll
 0002:00000338       __imp_TlsSetValue          0000000140022338     kernel32:KERNEL32.dll
 0002:00000340       __imp_lstrlenA             0000000140022340     kernel32:KERNEL32.dll
 0002:00000348       __imp_CreateFileW          0000000140022348     kernel32:KERNEL32.dll
 0002:00000350       \177KERNEL32_NULL_THUNK_DATA 0000000140022350     kernel32:KERNEL32.dll
 0002:00000358       __imp_DragQueryFileA       0000000140022358     shell32:SHELL32.dll
 0002:00000360       __imp_DragFinish           0000000140022360     shell32:SHELL32.dll
 0002:00000368       \177SHELL32_NULL_THUNK_DATA 0000000140022368     shell32:SHELL32.dll
 0002:00000370       __imp_PathFindExtensionA   0000000140022370     shlwapi:SHLWAPI.dll
 0002:00000378       __imp_PathFindFileNameA    0000000140022378     shlwapi:SHLWAPI.dll
 0002:00000380       \177SHLWAPI_NULL_THUNK_DATA 0000000140022380     shlwapi:SHLWAPI.dll
 0002:00000388       __imp_SetParent            0000000140022388     user32:USER32.dll
 0002:00000390       __imp_GetCursorPos         0000000140022390     user32:USER32.dll
 0002:00000398       __imp_GetForegroundWindow  0000000140022398     user32:USER32.dll
 0002:000003a0       __imp_AppendMenuA          00000001400223a0     user32:USER32.dll
 0002:000003a8       __imp_DeleteMenu           00000001400223a8     user32:USER32.dll
 0002:000003b0       __imp_GetSystemMenu        00000001400223b0     user32:USER32.dll
 0002:000003b8       __imp_GetCapture           00000001400223b8     user32:USER32.dll
 0002:000003c0       __imp_IsChild              00000001400223c0     user32:USER32.dll
 0002:000003c8       __imp_WindowFromPoint      00000001400223c8     user32:USER32.dll
 0002:000003d0       __imp_GetWindowDC          00000001400223d0     user32:USER32.dll
 0002:000003d8       __imp_IsWindow             00000001400223d8     user32:USER32.dll
 0002:000003e0       __imp_SetFocus             00000001400223e0     user32:USER32.dll
 0002:000003e8       __imp_OffsetRect           00000001400223e8     user32:USER32.dll
 0002:000003f0       __imp_GetDC                00000001400223f0     user32:USER32.dll
 0002:000003f8       __imp_ReleaseDC            00000001400223f8     user32:USER32.dll
 0002:00000400       __imp_IsZoomed             0000000140022400     user32:USER32.dll
 0002:00000408       __imp_GetSystemMetrics     0000000140022408     user32:USER32.dll
 0002:00000410       __imp_KillTimer            0000000140022410     user32:USER32.dll
 0002:00000418       __imp_GetSysColor          0000000140022418     user32:USER32.dll
 0002:00000420       __imp_SetRectEmpty         0000000140022420     user32:USER32.dll
 0002:00000428       __imp_TranslateAcceleratorA 0000000140022428     user32:USER32.dll
 0002:00000430       __imp_InvalidateRect       0000000140022430     user32:USER32.dll
 0002:00000438       __imp_IsIconic             0000000140022438     user32:USER32.dll
 0002:00000440       __imp_BringWindowToTop     0000000140022440     user32:USER32.dll
 0002:00000448       __imp_LoadMenuA            0000000140022448     user32:USER32.dll
 0002:00000450       __imp_LoadAcceleratorsA    0000000140022450     user32:USER32.dll
 0002:00000458       __imp_LoadStringA          0000000140022458     user32:USER32.dll
 0002:00000460       __imp_ShowOwnedPopups      0000000140022460     user32:USER32.dll
 0002:00000468       __imp_SetWindowLongA       0000000140022468     user32:USER32.dll
 0002:00000470       __imp_WinHelpA             0000000140022470     user32:USER32.dll
 0002:00000478       __imp_GetSubMenu           0000000140022478     user32:USER32.dll
 0002:00000480       __imp_GetMenuItemCount     0000000140022480     user32:USER32.dll
 0002:00000488       __imp_GetMenuItemID        0000000140022488     user32:USER32.dll
 0002:00000490       __imp_GetKeyState          0000000140022490     user32:USER32.dll
 0002:00000498       __imp_BeginDeferWindowPos  0000000140022498     user32:USER32.dll
 0002:000004a0       __imp_CopyRect             00000001400224a0     user32:USER32.dll
 0002:000004a8       __imp_ScreenToClient       00000001400224a8     user32:USER32.dll
 0002:000004b0       __imp_EqualRect            00000001400224b0     user32:USER32.dll
 0002:000004b8       __imp_DeferWindowPos       00000001400224b8     user32:USER32.dll
 0002:000004c0       __imp_EndDeferWindowPos    00000001400224c0     user32:USER32.dll
 0002:000004c8       __imp_GetClassNameA        00000001400224c8     user32:USER32.dll
 0002:000004d0       __imp_IsDialogMessageA     00000001400224d0     user32:USER32.dll
 0002:000004d8       __imp_CreateDialogIndirectParamA 00000001400224d8     user32:USER32.dll
 0002:000004e0       __imp_MonitorFromWindow    00000001400224e0     user32:USER32.dll
 0002:000004e8       __imp_GetMonitorInfoA      00000001400224e8     user32:USER32.dll
 0002:000004f0       __imp_MapWindowPoints      00000001400224f0     user32:USER32.dll
 0002:000004f8       __imp_SendDlgItemMessageA  00000001400224f8     user32:USER32.dll
 0002:00000500       __imp_EndDialog            0000000140022500     user32:USER32.dll
 0002:00000508       __imp_IsWindowEnabled      0000000140022508     user32:USER32.dll
 0002:00000510       __imp_SetActiveWindow      0000000140022510     user32:USER32.dll
 0002:00000518       __imp_UpdateWindow         0000000140022518     user32:USER32.dll
 0002:00000520       __imp_GetDlgItem           0000000140022520     user32:USER32.dll
 0002:00000528       __imp_GetDesktopWindow     0000000140022528     user32:USER32.dll
 0002:00000530       __imp_GetLastActivePopup   0000000140022530     user32:USER32.dll
 0002:00000538       __imp_GetClientRect        0000000140022538     user32:USER32.dll
 0002:00000540       __imp_SetWindowPos         0000000140022540     user32:USER32.dll
 0002:00000548       __imp_IsWindowVisible      0000000140022548     user32:USER32.dll
 0002:00000550       __imp_GetTopWindow         0000000140022550     user32:USER32.dll
 0002:00000558       __imp_ShowWindow           0000000140022558     user32:USER32.dll
 0002:00000560       __imp_GetMessageA          0000000140022560     user32:USER32.dll
 0002:00000568       __imp_GetActiveWindow      0000000140022568     user32:USER32.dll
 0002:00000570       __imp_TranslateMessage     0000000140022570     user32:USER32.dll
 0002:00000578       __imp_DispatchMessageA     0000000140022578     user32:USER32.dll
[...]
 0004:00001c8c       $pdata$_wincmdln           0000000140036c8c     LIBCMT:wincmdln.obj
 0004:00001c98       $pdata$realloc             0000000140036c98     LIBCMT:realloc.obj
 0004:00001ca4       $pdata$__GSHandlerCheck    0000000140036ca4     LIBCMT:gshandler.obj
 0004:00001cb0       $pdata$__GSHandlerCheckCommon 0000000140036cb0     LIBCMT:gshandler.obj
 0004:00001cc8       $pdata$_lock               0000000140036cc8     LIBCMT:mlock.obj
 0004:00001cd4       $pdata$_mtdeletelocks      0000000140036cd4     LIBCMT:mlock.obj
 0004:00001ce0       $pdata$_mtinitlocknum      0000000140036ce0     LIBCMT:mlock.obj
 0004:00001cec       $pdata$_mtinitlocks        0000000140036cec     LIBCMT:mlock.obj
 0004:00001d28       $pdata$_IsNonwritableInCurrentImage 0000000140036d28     LIBCMT:pesect.obj
 0004:00001d34       $pdata$_initp_misc_cfltcvt_tab 0000000140036d34     LIBCMT:cmiscdat.obj
 0004:00001d40       $pdata$raise               0000000140036d40     LIBCMT:winsig.obj
 0004:00001d4c       $pdata$_calloc_impl        0000000140036d4c     LIBCMT:calloc_impl.obj
 0004:00001d58       $pdata$__free_lconv_mon    0000000140036d58     LIBCMT:initmon.obj
 0004:00001d64       $pdata$__free_lconv_num    0000000140036d64     LIBCMT:initnum.obj
 0004:00001d70       $pdata$__free_lc_time      0000000140036d70     LIBCMT:inittime.obj
 0004:00001d7c       $pdata$?__crtLCMapStringA_stat@@YAHPEAUlocaleinfo_struct@@PEB_WKPEBDHPEADHHH@Z 0000000140036d7c     LIBCMT:a_map.obj
 0004:00001d88       $pdata$__crtLCMapStringA   0000000140036d88     LIBCMT:a_map.obj
 0004:00001d94       $pdata$?__crtGetStringTypeA_stat@@YAHPEAUlocaleinfo_struct@@KPEBDHPEAGHH@Z 0000000140036d94     LIBCMT:a_str.obj
 0004:00001da0       $pdata$__crtGetStringTypeA 0000000140036da0     LIBCMT:a_str.obj
 0004:00001dac       $pdata$GetTableIndexFromLocaleName 0000000140036dac     LIBCMT:winapinls.obj
 0004:00001db8       $pdata$__crtDownlevelLocaleNameToLCID 0000000140036db8     LIBCMT:winapinls.obj
 0004:00001dc4       $pdata$__crtLCMapStringEx  0000000140036dc4     LIBCMT:winapinls.obj
 0004:00001dd0       $pdata$wcscat_s            0000000140036dd0     LIBCMT:wcscat_s.obj
 0004:00001ddc       $pdata$wcscpy_s            0000000140036ddc     LIBCMT:wcscpy_s.obj
 0004:00001de8       $pdata$wcsncpy_s           0000000140036de8     LIBCMT:wcsncpy_s.obj
 0004:00001df4       $pdata$__crtMessageBoxW    0000000140036df4     LIBCMT:crtmboxw.obj
 0004:00001e00       $pdata$__initstdio         0000000140036e00     LIBCMT:_file.obj
 0004:00001e0c       $pdata$__endstdio          0000000140036e0c     LIBCMT:_file.obj
 0004:00001e18       $pdata$_lock_file          0000000140036e18     LIBCMT:_file.obj
 0004:00001e24       $pdata$_lock_file2         0000000140036e24     LIBCMT:_file.obj
 0004:00001e30       $pdata$?x_ismbbtype_l@@YAHPEAUlocaleinfo_struct@@IHH@Z 0000000140036e30     LIBCMT:ismbbyte.obj
 0004:00001e3c       $pdata$__raise_securityfailure 0000000140036e3c     LIBCMT:gs_report.obj
 0004:00001e48       $pdata$__report_gsfailure  0000000140036e48     LIBCMT:gs_report.obj
 0004:00001e54       $pdata$_fileno             0000000140036e54     LIBCMT:fileno.obj
 0004:00001e60       $pdata$_isatty             0000000140036e60     LIBCMT:isatty.obj
 0004:00001e6c       $pdata$_fflush_nolock      0000000140036e6c     LIBCMT:fflush.obj
 0004:00001e78       $pdata$_flush              0000000140036e78     LIBCMT:fflush.obj
 0004:00001e84       $pdata$flsall              0000000140036e84     LIBCMT:fflush.obj
 0004:00001e90       $pdata$_locterm            0000000140036e90     LIBCMT:wsetloca.obj
 0004:00001ea8       $pdata$_fcloseall          0000000140036ea8     LIBCMT:closeall.obj
 0004:00001eb4       $pdata$_commit             0000000140036eb4     LIBCMT:commit.obj
 0004:00001ec0       $pdata$_write              0000000140036ec0     LIBCMT:write.obj
 0004:00001ecc       $pdata$_write_nolock       0000000140036ecc     LIBCMT:write.obj
 0004:00001ee4       $pdata$_fclose_nolock      0000000140036ee4     LIBCMT:fclose.obj
 0004:00001ef0       $pdata$fclose              0000000140036ef0     LIBCMT:fclose.obj
 0004:00001efc       $pdata$_isctype_l          0000000140036efc     LIBCMT:isctype.obj
 0004:00001f08       $pdata$__crt_atoflt_l      0000000140036f08     LIBCMT:atodbl.obj
 0004:00001f14       $pdata$_atodbl_l           0000000140036f14     LIBCMT:atodbl.obj
 0004:00001f20       $pdata$__lock_fhandle      0000000140036f20     LIBCMT:osfinfo.obj
 0004:00001f2c       $pdata$_free_osfhnd        0000000140036f2c     LIBCMT:osfinfo.obj
 0004:00001f38       $pdata$_get_osfhandle      0000000140036f38     LIBCMT:osfinfo.obj
 0004:00001f44       $pdata$_isleadbyte_l       0000000140036f44     LIBCMT:_wctype.obj
 0004:00001f50       $pdata$isleadbyte          0000000140036f50     LIBCMT:_wctype.obj
 0004:00001f5c       $pdata$_lseeki64_nolock    0000000140036f5c     LIBCMT:lseeki64.obj
 0004:00001f68       $pdata$_mbtowc_l           0000000140036f68     LIBCMT:mbtowc.obj
 0004:00001f74       $pdata$_putwch_nolock      0000000140036f74     LIBCMT:putwch.obj
 0004:00001f80       $pdata$_close              0000000140036f80     LIBCMT:close.obj
 0004:00001f8c       $pdata$_close_nolock       0000000140036f8c     LIBCMT:close.obj
 0004:00001f98       $pdata$_freebuf            0000000140036f98     LIBCMT:_freebuf.obj
 0004:00001fa4       $pdata$_ld12tod            0000000140036fa4     LIBCMT:intrncvt.obj
 0004:00001fb0       $pdata$_ld12tof            0000000140036fb0     LIBCMT:intrncvt.obj
 0004:00001fbc       $pdata$__strgtold12_l      0000000140036fbc     LIBCMT:strgtold.obj
 0004:00001fc8       $pdata$_cfltcvt            0000000140036fc8     LIBCMT:cvt.obj
 0004:00001fd4       $pdata$_cfltcvt_l          0000000140036fd4     LIBCMT:cvt.obj
 0004:00001fe0       $pdata$_cftoa_l            0000000140036fe0     LIBCMT:cvt.obj
 0004:00001fec       $pdata$_cftoe2_l           0000000140036fec     LIBCMT:cvt.obj
 0004:00001ff8       $pdata$_cftoe_l            0000000140036ff8     LIBCMT:cvt.obj
 0004:00002004       $pdata$_cftof2_l           0000000140037004     LIBCMT:cvt.obj
 0004:00002010       $pdata$_cftof_l            0000000140037010     LIBCMT:cvt.obj
 0004:0000201c       $pdata$_cftog_l            000000014003701c     LIBCMT:cvt.obj
 0004:00002028       $pdata$_cropzeros_l        0000000140037028     LIBCMT:cvt.obj
 0004:00002034       $pdata$_fassign_l          0000000140037034     LIBCMT:cvt.obj
 0004:00002040       $pdata$_forcdecpt_l        0000000140037040     LIBCMT:cvt.obj
 0004:0000204c       $pdata$__termconout        000000014003704c     LIBCMT:initcon.obj
 0004:00002058       $pdata$__initconout        0000000140037058     LIBCMT:initcon.obj
 0004:00002064       $pdata$__mtold12           0000000140037064     LIBCMT:mantold.obj
 0004:00002070       $pdata$isdigit             0000000140037070     LIBCMT:_ctype.obj
 0004:0000207c       $pdata$_tolower_l          000000014003707c     LIBCMT:tolower.obj
 0004:00002088       $pdata$strrchr             0000000140037088     LIBCMT:strrchr.obj
 0004:00002094       $pdata$_fptostr            0000000140037094     LIBCMT:_fptostr.obj
 0004:000020a0       $pdata$__dtold             00000001400370a0     LIBCMT:cfout.obj
 0004:000020ac       $pdata$_fltout2            00000001400370ac     LIBCMT:cfout.obj
 0004:000020b8       $pdata$$I10_OUTPUT         00000001400370b8     LIBCMT:x10fout.obj
 0004:000020c4       $pdata$?_GetEstablisherFrame@@YAPEA_KPEA_KPEAU_xDISPATCHER_CONTEXT@@PEBU_s_FuncInfo@@0@Z 00000001400370c4     LIBCMT:trnsctrl.obj
 0004:000020d0       $pdata$?_GetRangeOfTrysToCheck@@YAPEBU_s_TryBlockMapEntry@@PEA_KPEBU_s_FuncInfo@@HHPEAI2PEAU_xDISPATCHER_CONTEXT@@@Z 00000001400370d0     LIBCMT:trnsctrl.obj
 0004:000020dc       $pdata$?__FrameUnwindToEmptyState@@YAXPEA_KPEAU_xDISPATCHER_CONTEXT@@PEBU_s_FuncInfo@@@Z 00000001400370dc     LIBCMT:trnsctrl.obj
 0004:000020e8       $pdata$?__SehTransFilter@@YAHPEAU_EXCEPTION_POINTERS@@PEAUEHExceptionRecord@@PEA_KPEAU_CONTEXT@@PEAU_xDISPATCHER_CONTEXT@@PEBU_s_FuncInfo@@PEAH@Z 00000001400370e8     LIBCMT:trnsctrl.obj
 0004:000020f4       $pdata$_CallSETranslator   00000001400370f4     LIBCMT:trnsctrl.obj
 0004:00002100       $pdata$_CreateFrameInfo    0000000140037100     LIBCMT:trnsctrl.obj
 0004:0000210c       $pdata$_FindAndUnlinkFrame 000000014003710c     LIBCMT:trnsctrl.obj
 0004:00002118       $pdata$_GetImageBase       0000000140037118     LIBCMT:trnsctrl.obj
 0004:00002124       $pdata$_GetThrowImageBase  0000000140037124     LIBCMT:trnsctrl.obj
 0004:00002130       $pdata$_IsExceptionObjectToBeDestroyed 0000000140037130     LIBCMT:trnsctrl.obj
 0004:0000213c       $pdata$_SetImageBase       000000014003713c     LIBCMT:trnsctrl.obj
 0004:00002148       $pdata$_SetThrowImageBase  0000000140037148     LIBCMT:trnsctrl.obj
 0004:00002154       $pdata$_UnwindNestedFrames 0000000140037154     LIBCMT:trnsctrl.obj
 0004:00002160       $pdata$__CxxFrameHandler3  0000000140037160     LIBCMT:trnsctrl.obj
 0004:0000216c       $pdata$__DestructExceptionObject 000000014003716c     LIBCMT:frame.obj
 0004:00002178       $pdata$??0bad_exception@std@@QEAA@AEBV01@@Z 0000000140037178     LIBCMT:frame.obj
 0004:00002184       $pdata$??_Gbad_exception@std@@UEAAPEAXI@Z 0000000140037184     LIBCMT:frame.obj
 0004:00002190       $pdata$?CatchIt@@YAXPEAUEHExceptionRecord@@PEA_KPEAU_CONTEXT@@PEAU_xDISPATCHER_CONTEXT@@PEBU_s_FuncInfo@@PEBU_s_HandlerType@@PEBU_s_CatchableType@@PEBU_s_TryBlockMapEntry@@H1EE@Z 0000000140037190     LIBCMT:frame.obj
 0004:0000219c       $pdata$?FindHandler@@YAXPEAUEHExceptionRecord@@PEA_KPEAU_CONTEXT@@PEAU_xDISPATCHER_CONTEXT@@PEBU_s_FuncInfo@@EH1@Z 000000014003719c     LIBCMT:frame.obj
 0004:000021a8       $pdata$?FindHandlerForForeignException@@YAXPEAUEHExceptionRecord@@PEA_KPEAU_CONTEXT@@PEAU_xDISPATCHER_CONTEXT@@PEBU_s_FuncInfo@@HH1@Z 00000001400371a8     LIBCMT:frame.obj
 0004:000021b4       $pdata$?IsInExceptionSpec@@YAEPEAUEHExceptionRecord@@PEBU_s_ESTypeList@@@Z 00000001400371b4     LIBCMT:frame.obj
 0004:000021c0       $pdata$__BuildCatchObject  00000001400371c0     LIBCMT:frame.obj
 0004:000021cc       $pdata$__BuildCatchObjectHelper 00000001400371cc     LIBCMT:frame.obj
 0004:000021d8       $pdata$__CxxCallCatchBlock 00000001400371d8     LIBCMT:frame.obj
 0004:000021e4       $pdata$__FrameUnwindFilter 00000001400371e4     LIBCMT:frame.obj
 0004:000021f0       $pdata$__FrameUnwindToState 00000001400371f0     LIBCMT:frame.obj
 0004:000021fc       $pdata$__InternalCxxFrameHandler 00000001400371fc     LIBCMT:frame.obj
 0004:00002208       $pdata$__TypeMatch         0000000140037208     LIBCMT:frame.obj
 0004:00002214       $pdata$?__GetCurrentState@@YAHPEA_KPEAU_xDISPATCHER_CONTEXT@@PEBU_s_FuncInfo@@@Z 0000000140037214     LIBCMT:ehstate.obj
 0004:00002220       $pdata$?__GetUnwindTryBlock@@YAHPEA_KPEAU_xDISPATCHER_CONTEXT@@PEBU_s_FuncInfo@@@Z 0000000140037220     LIBCMT:ehstate.obj
 0004:0000222c       $pdata$?__SetUnwindTryBlock@@YAXPEA_KPEAU_xDISPATCHER_CONTEXT@@PEBU_s_FuncInfo@@H@Z 000000014003722c     LIBCMT:ehstate.obj
 0004:00002238       $pdata$?__StateFromIp@@YAHPEBU_s_FuncInfo@@PEAU_xDISPATCHER_CONTEXT@@_J@Z 0000000140037238     LIBCMT:ehstate.obj
 0004:00002250       $pdata$?catch$0@?0??AllocBuffer@CString@WTL@@IEAAHH@Z@4HA 0000000140037250     ChildView.obj
 0004:0000225c       $pdata$_onexit$fin$0       000000014003725c     LIBCMT:onexit.obj
 0004:00002268       $pdata$__tmainCRTStartup$filt$0 0000000140037268     LIBCMT:wincrt0.obj
 0004:00002274       $pdata$?fin$0@?0??_Type_info_dtor@type_info@@CAXPEAV1@@Z@4HA 0000000140037274     LIBCMT:typname.obj
 0004:00002280       $pdata$doexit$fin$0        0000000140037280     LIBCMT:crt0dat.obj
 0004:0000228c       $pdata$_setmbcp$fin$0      000000014003728c     LIBCMT:mbctype.obj
 0004:0000228c       $pdata$__updatetmbcinfo$fin$0 000000014003728c     LIBCMT:mbctype.obj
 0004:00002298       $pdata$_freefls$fin$1      0000000140037298     LIBCMT:tidtable.obj
 0004:00002298       $pdata$_initptd$fin$1      0000000140037298     LIBCMT:tidtable.obj
 0004:000022a4       $pdata$_initptd$fin$0      00000001400372a4     LIBCMT:tidtable.obj
 0004:000022a4       $pdata$_freefls$fin$0      00000001400372a4     LIBCMT:tidtable.obj
 0004:000022b0       $pdata$_ioinit$fin$0       00000001400372b0     LIBCMT:ioinit.obj
 0004:000022bc       $pdata$_mtinitlocknum$fin$0 00000001400372bc     LIBCMT:mlock.obj
 0004:000022c8       $pdata$_IsNonwritableInCurrentImage$filt$0 00000001400372c8     LIBCMT:pesect.obj
 0004:000022d4       $pdata$raise$fin$0         00000001400372d4     LIBCMT:winsig.obj
 0004:000022e0       $pdata$flsall$fin$0        00000001400372e0     LIBCMT:fflush.obj
 0004:000022ec       $pdata$flsall$fin$1        00000001400372ec     LIBCMT:fflush.obj
 0004:000022f8       $pdata$__updatetlocinfo$fin$0 00000001400372f8     LIBCMT:wsetloca.obj
 0004:000022f8       $pdata$_locterm$fin$0      00000001400372f8     LIBCMT:wsetloca.obj
 0004:00002304       $pdata$_fcloseall$fin$0    0000000140037304     LIBCMT:closeall.obj
 0004:00002310       $pdata$_write$fin$0        0000000140037310     LIBCMT:write.obj
 0004:0000231c       $pdata$fclose$fin$0        000000014003731c     LIBCMT:fclose.obj
 0004:00002328       $pdata$__lock_fhandle$fin$0 0000000140037328     LIBCMT:osfinfo.obj
 0004:00002334       $pdata$_close$fin$0        0000000140037334     LIBCMT:close.obj
 0004:00002334       $pdata$_commit$fin$0       0000000140037334     LIBCMT:close.obj
 0004:00002340       $pdata$_CallSETranslator$filt$0 0000000140037340     LIBCMT:trnsctrl.obj
 0004:0000234c       $pdata$__CxxCallCatchBlock$filt$0 000000014003734c     LIBCMT:frame.obj
 0004:00002358       $pdata$__CxxCallCatchBlock$fin$1 0000000140037358     LIBCMT:frame.obj
 0004:00002364       $pdata$__DestructExceptionObject$filt$0 0000000140037364     LIBCMT:frame.obj
 0004:00002370       $pdata$__FrameUnwindToState$filt$0 0000000140037370     LIBCMT:frame.obj
 0004:0000237c       $pdata$__FrameUnwindToState$fin$1 000000014003737c     LIBCMT:frame.obj
 0004:00002388       $pdata$??__F_AtlWinModule@ATL@@YAXXZ 0000000140037388     ChildView.obj
 0004:00002394       $pdata$??__F?wndTop@CWMHnd@@2V1@B@@YAXXZ 0000000140037394     StdAfx.obj
 0004:000023a0       $pdata$??__F?wndBottom@CWMHnd@@2V1@B@@YAXXZ 00000001400373a0     StdAfx.obj
 0004:000023ac       $pdata$??__F?wndTopMost@CWMHnd@@2V1@B@@YAXXZ 00000001400373ac     StdAfx.obj
 0004:000023b8       $pdata$??__F?wndNoTopMost@CWMHnd@@2V1@B@@YAXXZ 00000001400373b8     StdAfx.obj
 0005:00000df0       $R000000                   0000000140038df0     FrmVC6.res
 0005:000010d8       $R0002E8                   00000001400390d8     FrmVC6.res
 0005:00001200       $R000410                   0000000140039200     FrmVC6.res
 0005:00001228       $R000438                   0000000140039228     FrmVC6.res
 0005:000014e8       $R0006F8                   00000001400394e8     FrmVC6.res
 0005:00001500       $R000710                   0000000140039500     FrmVC6.res
 0005:00001680       $R000890                   0000000140039680     FrmVC6.res
 0005:000016d0       $R0008E0                   00000001400396d0     FrmVC6.res
 0005:000017d8       $R0009E8                   00000001400397d8     FrmVC6.res
 0005:00001ac8       $R000CD8                   0000000140039ac8     FrmVC6.res
 0005:00001c00       $R000E10                   0000000140039c00     FrmVC6.res
 0005:00001cb8       $R000EC8                   0000000140039cb8     FrmVC6.res
 0005:00001ce0       $R000EF0                   0000000140039ce0     FrmVC6.res
 0005:00001e18       $R001028                   0000000140039e18     FrmVC6.res
 0005:00001e30       $R001040                   0000000140039e30     FrmVC6.res
 0005:00001f68       $R001178                   0000000140039f68     FrmVC6.res
 0005:00001f80       $R001190                   0000000140039f80     FrmVC6.res
 0005:000020b8       $R0012C8                   000000014003a0b8     FrmVC6.res
 0005:000020d0       $R0012E0                   000000014003a0d0     FrmVC6.res
 0005:00002208       $R001418                   000000014003a208     FrmVC6.res
 0005:00002220       $R001430                   000000014003a220     FrmVC6.res
 0005:00002358       $R001568                   000000014003a358     FrmVC6.res
 0005:00002370       $R001580                   000000014003a370     FrmVC6.res
 0005:000024a8       $R0016B8                   000000014003a4a8     FrmVC6.res
 0005:000024c0       $R0016D0                   000000014003a4c0     FrmVC6.res
 0005:000025f8       $R001808                   000000014003a5f8     FrmVC6.res
 0005:00002610       $R001820                   000000014003a610     FrmVC6.res
 0005:00002748       $R001958                   000000014003a748     FrmVC6.res
 0005:00002760       $R001970                   000000014003a760     FrmVC6.res
 0005:00002898       $R001AA8                   000000014003a898     FrmVC6.res
 0005:000028b0       $R001AC0                   000000014003a8b0     FrmVC6.res
 0005:000029e8       $R001BF8                   000000014003a9e8     FrmVC6.res
 0005:00002a00       $R001C10                   000000014003aa00     FrmVC6.res
 0005:00002b38       $R001D48                   000000014003ab38     FrmVC6.res
 0005:00002b50       $R001D60                   000000014003ab50     FrmVC6.res
 0005:00002c88       $R001E98                   000000014003ac88     FrmVC6.res
 0005:00002ca0       $R001EB0                   000000014003aca0     FrmVC6.res
 0005:00002dd8       $R001FE8                   000000014003add8     FrmVC6.res
 0005:00002df0       $R002000                   000000014003adf0     FrmVC6.res
 0005:00002f28       $R002138                   000000014003af28     FrmVC6.res
 0005:00002f40       $R002150                   000000014003af40     FrmVC6.res
 0005:00003028       $R002238                   000000014003b028     FrmVC6.res
 0005:00003060       $R002270                   000000014003b060     FrmVC6.res
 0005:00003118       $R002328                   000000014003b118     FrmVC6.res
 0005:00003260       $R002470                   000000014003b260     FrmVC6.res
 0005:00003290       $R0024A0                   000000014003b290     FrmVC6.res
 0005:000032c8       $R0024D8                   000000014003b2c8     FrmVC6.res
 0005:00003310       $R002520                   000000014003b310     FrmVC6.res
 0005:000033b0       $R0025C0                   000000014003b3b0     FrmVC6.res
 0005:00003428       $R002638                   000000014003b428     FrmVC6.res
 0005:00003468       $R002678                   000000014003b468     FrmVC6.res
 0005:00003628       $R002838                   000000014003b628     FrmVC6.res
 0005:000036c8       $R0028D8                   000000014003b6c8     FrmVC6.res
 0005:000037c0       $R0029D0                   000000014003b7c0     FrmVC6.res
 0005:00003820       $R002A30                   000000014003b820     FrmVC6.res
 0005:00003888       $R002A98                   000000014003b888     FrmVC6.res
 0005:000038b8       $R002AC8                   000000014003b8b8     FrmVC6.res
 0005:000039a0       $R002BB0                   000000014003b9a0     FrmVC6.res
 0005:00003cf8       $R002F08                   000000014003bcf8     FrmVC6.res
 0005:00003d70       $R002F80                   000000014003bd70     FrmVC6.res
 0005:00003f00       $R003110                   000000014003bf00     FrmVC6.res
 0005:000040c0       $R0032D0                   000000014003c0c0     FrmVC6.res
 0005:000043a8       $R0035B8                   000000014003c3a8     FrmVC6.res
 0005:00004508       $R003718                   000000014003c508     FrmVC6.res
 0005:00004598       $R0037A8                   000000014003c598     FrmVC6.res
 0005:000045c0       $R0037D0                   000000014003c5c0     FrmVC6.res
 0005:00004628       $R003838                   000000014003c628     FrmVC6.res
 0005:000048e8       $R003AF8                   000000014003c8e8     FrmVC6.res
