 FrmVC6

 Timestamp is 59474050 (Mon Jun 19 12:09:04 2017)

 Preferred load address is 0000000140000000

 Start         Length     Name                   Class
 0001:00000000 000000acH .text$di                CODE
 0001:000000b0 0001e0a8H .text$mn                CODE
 0001:0001e160 000007cfH .text$x                 CODE
 0001:0001e930 000000f8H .text$yd                CODE
 0002:00000000 000006e8H .idata$5                DATA
 0002:000006e8 00000008H .CRT$XCA                DATA
 0002:000006f0 00000008H .CRT$XCL                DATA
 0002:000006f8 00000030H .CRT$XCU                DATA
 0002:00000728 00000008H .CRT$XCZ                DATA
 0002:00000730 00000008H .CRT$XIA                DATA
 0002:00000738 00000020H .CRT$XIC                DATA
 0002:00000758 00000008H .CRT$XIY                DATA
 0002:00000760 00000008H .CRT$XIZ                DATA
 0002:00000768 00000008H .CRT$XPA                DATA
 0002:00000770 00000010H .CRT$XPX                DATA
 0002:00000780 00000008H .CRT$XPXA               DATA
 0002:00000788 00000008H .CRT$XPZ                DATA
 0002:00000790 00000008H .CRT$XTA                DATA
 0002:00000798 00000008H .CRT$XTZ                DATA
 0002:000007a0 000070d0H .rdata                  DATA
 0002:00007870 000001ecH .rdata$r                DATA
 0002:00007a60 00000008H .rtc$IAA                DATA
 0002:00007a68 00000008H .rtc$IZZ                DATA
 0002:00007a70 00000008H .rtc$TAA                DATA
 0002:00007a78 00000008H .rtc$TZZ                DATA
 0002:00007a80 00002710H .xdata                  DATA
 0002:0000a190 000000e4H .xdata$x                DATA
 0002:0000a278 00000000H ATL$__a                 DATA
 0002:0000a278 00000000H ATL$__z                 DATA
 0002:0000a278 00000000H .edata                  DATA
 0002:0000a278 00000078H .idata$2                DATA
 0002:0000a2f0 00000014H .idata$3                DATA
 0002:0000a308 000006e8H .idata$4                DATA
 0002:0000a9f0 00000eb4H .idata$6                DATA
 0003:00000000 00001650H .data                   DATA
 0003:00001650 00000098H .data$r                 DATA
 0003:00001700 000027d8H .bss                    DATA
 0004:00000000 00001f98H .pdata                  DATA
 0005:00000000 00000df0H .rsrc$01                DATA
 0005:00000df0 00003d20H .rsrc$02                DATA

  Address         Publics by Value              Rva+Base               Lib:Object

 0000:00000000       ___safe_se_handler_table   0000000000000000     <absolute>
 0000:00000000       __guard_fids_count         0000000000000000     <absolute>
 0000:00000000       __guard_fids_table         0000000000000000     <absolute>
 0000:00000000       ___safe_se_handler_count   0000000000000000     <absolute>
 0000:00000000       __guard_flags              0000000000000000     <absolute>
 0000:00000000       __ImageBase                0000000140000000     <linker-defined>
 0001:000000b0       ??_GCChildView@@UEAAPEAXI@Z 00000001400010b0 f i ChildView.obj
 0001:000000b0       ??_GCDialog@@UEAAPEAXI@Z   00000001400010b0 f i FrmVC6.obj
 0001:000000b0       ??_ECAboutDlg@@UEAAPEAXI@Z 00000001400010b0 f i * CIL library *:* CIL module *
 0001:000000b0       ??_ECChildView@@UEAAPEAXI@Z 00000001400010b0 f i * CIL library *:* CIL module *
 0001:000000b0       ??_GCAboutDlg@@UEAAPEAXI@Z 00000001400010b0 f i FrmVC6.obj
 0001:000000b0       ??_GCWnd@@UEAAPEAXI@Z      00000001400010b0 f i ChildView.obj
 0001:000000b0       ??_ECDialog@@UEAAPEAXI@Z   00000001400010b0 f i * CIL library *:* CIL module *
 0001:000000b0       ??_ECWnd@@UEAAPEAXI@Z      00000001400010b0 f i * CIL library *:* CIL module *
 0001:00000120       ?_ProcessWindowMessage@CChildView@@UEAAHPEAUHWND__@@I_K_JAEA_J@Z 0000000140001120 f i ChildView.obj
 0001:00000150       ?PreCreateWindow@CChildView@@MEAAHAEAUtagCREATESTRUCTA@@@Z 0000000140001150 f   ChildView.obj
 0001:000001e0       ?OnPaint@CChildView@@IEAAXXZ 00000001400011e0 f   ChildView.obj
 0001:00000290       ??_ECPaintDCMTL@@UEAAPEAXI@Z 0000000140001290 f i * CIL library *:* CIL module *
 0001:00000290       ??_GCPaintDCMTL@@UEAAPEAXI@Z 0000000140001290 f i ChildView.obj
 0001:00000310       ?AfxRegisterWndClass@CAfx@@SAPEBDIPEAUHICON__@@PEAUHBRUSH__@@0@Z 0000000140001310 f i ChildView.obj
 0001:00000480       ?SetText@CTestCmdUI@@UEAAXPEBD@Z 0000000140001480 f i ChildView.obj
 0001:00000480       ?SetText@CToolCmdUI@@UEAAXPEBD@Z 0000000140001480 f i MainFrm.obj
 0001:00000480       ?OnShowMenuBar@CFrameWnd@@UEAAXXZ 0000000140001480 f i MainFrm.obj
 0001:00000480       ?DoDataExchange@CWMHnd@@UEAAXPEAVCDataExchange@@@Z 0000000140001480 f i ChildView.obj
 0001:00000480       ?DoDataExchange@CAboutDlg@@MEAAXPEAVCDataExchange@@@Z 0000000140001480 f i FrmVC6.obj
 0001:00000480       ?SetRadio@CTestCmdUI@@UEAAXH@Z 0000000140001480 f i ChildView.obj
 0001:00000480       ?OnFileOpen@CWinApp@@UEAAXXZ 0000000140001480 f i FrmVC6.obj
 0001:00000480       ?OnBarStyleChange@CControlBar@@UEAAXKK@Z 0000000140001480 f i MainFrm.obj
 0001:00000480       ?Serialize@CObject@@UEAAXAEAVCArchive@@@Z 0000000140001480 f i ChildView.obj
 0001:00000480       ?OnHideMenuBar@CFrameWnd@@UEAAXXZ 0000000140001480 f i MainFrm.obj
 0001:00000480       ?PostNcDestroy@CWMHnd@@UEAAXXZ 0000000140001480 f i ChildView.obj
 0001:00000480       ?SetCheck@CTestCmdUI@@UEAAXH@Z 0000000140001480 f i ChildView.obj
 0001:00000480       ?OnFileNew@CWinApp@@UEAAXXZ 0000000140001480 f i FrmVC6.obj
 0001:00000490       ?GetEventSinkMap@CCmdTarget@@UEBAPEBUAFX_EVENTSINKMAP@@XZ 0000000140001490 f i ChildView.obj
 0001:00000490       ?IsFrameWnd@CWMHnd@@UEAAHXZ 0000000140001490 f i ChildView.obj
 0001:00000490       ?_ProcessWindowMessage@CCmdTarget@@UEAAHPEAUHWND__@@I_K_JAEA_J@Z 0000000140001490 f i ChildView.obj
 0001:00000490       ?OpenDocumentFile@CWinApp@@UEAAPEAVCDocument@@PEBD@Z 0000000140001490 f i FrmVC6.obj
 0001:00000490       ?GetScrollBarCtrl@CWMHnd@@UEBAPEAVCScrollBarMTL@@H@Z 0000000140001490 f i ChildView.obj
 0001:00000490       ?ExitInstance@CWinApp@@UEAAHXZ 0000000140001490 f i FrmVC6.obj
 0001:00000490       ?IsDockBar@CControlBar@@UEBAHXZ 0000000140001490 f i MainFrm.obj
 0001:000004a0       ?CalcWindowRect@CWMHnd@@UEAAXPEAUtagRECT@@I@Z 00000001400014a0 f i ChildView.obj
 0001:00000510       ?FromHandle@?$CHandleList@PEAUHMENU__@@VCMenuMTL@@PEAUHWND__@@@@QEAAPEAVCMenuMTL@@QEAUHMENU__@@PEAV2@QEAUHWND__@@Q6APEAXPEAX3@Z@Z 0000000140001510 f i ChildView.obj
 0001:000005f0       ?FromHandleMenu@CWinApp@@QEAAPEAVCMenuMTL@@PEAUHMENU__@@PEAV2@PEAUHWND__@@P6APEAXPEAX3@Z@Z 00000001400015f0 f i ChildView.obj
 0001:00000610       ??_ECMenuMTL@@UEAAPEAXI@Z  0000000140001610 f i * CIL library *:* CIL module *
 0001:00000610       ??_GCMenuMTL@@UEAAPEAXI@Z  0000000140001610 f i ChildView.obj
 0001:00000680       ?RemoveHandle@?$CHandleList@PEAUHMENU__@@VCMenuMTL@@PEAUHWND__@@@@QEAAPEAUHMENU__@@QEAU2@@Z 0000000140001680 f i ChildView.obj
 0001:00000680       ?RemoveHandle@?$CHandleList@PEAUHDC__@@VCDCMTL@@PEAUHWND__@@@@QEAAPEAUHDC__@@QEAU2@@Z 0000000140001680 f i ChildView.obj
 0001:00000700       ?RemoveHandleMenu@CWinApp@@QEAAPEAUHMENU__@@PEAU2@@Z 0000000140001700 f i ChildView.obj
 0001:00000720       ??1CMenuMTL@@UEAA@XZ       0000000140001720 f i ChildView.obj
 0001:00000770       ?classHandleFuncCMenuMTL@CMenuMTL@@SAPEAXPEAX0@Z 0000000140001770 f i ChildView.obj
 0001:000007d0       ?GetMenu@CWMHnd@@UEBAPEAVCMenuMTL@@XZ 00000001400017d0 f i ChildView.obj
 0001:00000810       ?PreTranslateMessage@CWnd@@UEAAHPEAUtagMSG@@@Z 0000000140001810 f i ChildView.obj
 0001:00000850       ?SetMenu@CWMHnd@@UEAAHPEAVCMenuMTL@@@Z 0000000140001850 f i ChildView.obj
 0001:00000870       ?OnInitDialog@CWMHnd@@UEAAHXZ 0000000140001870 f i ChildView.obj
 0001:000008a0       ?_AfxTopChildWindowFromPoint@CWnd@@SAPEAUHWND__@@PEAU2@UtagPOINT@@@Z 00000001400018a0 f i ChildView.obj
 0001:00000990       ?OnToolHitTest@CWnd@@UEBA_JVCPoint@WTL@@PEAUtagTOOLINFOA@@@Z 0000000140001990 f i ChildView.obj
 0001:00000a40       ?Create@CWnd@@UEAAHPEBD0KAEBUtagRECT@@PEAV1@IPEAUCCreateContext@@@Z 0000000140001a40 f i ChildView.obj
 0001:00000b00       ?AtlWinModuleExtractCreateWndData@ATL@@YAPEAXPEAU_ATL_WIN_MODULE70@1@@Z 0000000140001b00 f i ChildView.obj
 0001:00000b80       ?AtlWinModuleTerm@ATL@@YAJPEAU_ATL_WIN_MODULE70@1@PEAUHINSTANCE__@@@Z 0000000140001b80 f i ChildView.obj
 0001:00000c60       ?_AtlInitializeCriticalSectionEx@ATL@@YAHPEAU_RTL_CRITICAL_SECTION@@KK@Z 0000000140001c60 f i ChildView.obj
 0001:00000c70       ??0CAtlWinModule@ATL@@QEAA@XZ 0000000140001c70 f i ChildView.obj
 0001:00000d10       ?Init@CDynamicStdCallThunk@ATL@@QEAAH_KPEAX@Z 0000000140001d10 f i ChildView.obj
 0001:00000da0       ?GetParent@CWnd@@QEAAPEAV1@XZ 0000000140001da0 f i ChildView.obj
 0001:00000de0       ?EnableWindow@CWMHnd@@UEAAXH@Z 0000000140001de0 f i ChildView.obj
 0001:00000e00       ?Enable@CCmdUI@@UEAAXH@Z   0000000140001e00 f i ChildView.obj
 0001:00000ee0       ?SetCheck@CCmdUI@@UEAAXH@Z 0000000140001ee0 f i ChildView.obj
 0001:00000f70       ?SetRadio@CCmdUI@@UEAAXH@Z 0000000140001f70 f i ChildView.obj
 0001:00000fd0       ?AfxSetWindowText@CAfx@@SAXPEAUHWND__@@PEBD@Z 0000000140001fd0 f i ChildView.obj
 0001:00001060       ?SetText@CCmdUI@@UEAAXPEBD@Z 0000000140002060 f i ChildView.obj
 0001:000010e0       ?Enable@CTestCmdUI@@UEAAXH@Z 00000001400020e0 f i ChildView.obj
 0001:000010f0       ?OnCommand@CWnd@@UEAAH_K_J@Z 00000001400020f0 f i ChildView.obj
 0001:000011f0       ?ReflectLastMsg@CWnd@@SAHPEAUHWND__@@PEA_J@Z 00000001400021f0 f i ChildView.obj
 0001:00001260       ?OnNotify@CWnd@@UEAAH_K_JPEA_J@Z 0000000140002260 f i ChildView.obj
 0001:00001310       ?OnCmdMsg@CCmdTarget@@UEAAHIHPEAXPEAUAFX_CMDHANDLERINFO@@@Z 0000000140002310 f i ChildView.obj
 0001:00001450       ?ReflectChildNotify@CWnd@@QEAAHI_K_JPEA_J@Z 0000000140002450 f i ChildView.obj
 0001:00001590       ?OnChildNotify@CWnd@@UEAAHI_K_JPEA_J@Z 0000000140002590 f i ChildView.obj
 0001:000015a0       ??_ECDCMTL@@UEAAPEAXI@Z    00000001400025a0 f i * CIL library *:* CIL module *
 0001:000015a0       ??_GCDCMTL@@UEAAPEAXI@Z    00000001400025a0 f i ChildView.obj
 0001:00001610       ?SetAttribDC@CDCMTL@@UEAAXPEAUHDC__@@@Z 0000000140002610 f i ChildView.obj
 0001:00001620       ?ReleaseAttribDC@CDCMTL@@UEAAXXZ 0000000140002620 f i ChildView.obj
 0001:00001630       ?SaveDC@CDCMTL@@UEAAHXZ    0000000140002630 f i ChildView.obj
 0001:00001680       ?RestoreDC@CDCMTL@@UEAAHH@Z 0000000140002680 f i ChildView.obj
 0001:000016e0       ?TextOutA@CDCMTL@@UEAAHHHPEBDH@Z 00000001400026e0 f i ChildView.obj
 0001:000016f0       ?RemoveHandleDC@CWinApp@@QEAAPEAUHDC__@@PEAU2@@Z 00000001400026f0 f i ChildView.obj
 0001:00001710       ??1CDCMTL@@UEAA@XZ         0000000140002710 f i ChildView.obj
 0001:00001770       ?GetCurrentMessage@CCmdTarget@@UEBAPEBU_ATL_MSG@ATL@@XZ 0000000140002770 f i ChildView.obj
 0001:00001780       ?AfxUnsubclassWindow@CWnd@@QEAAPEAUHWND__@@XZ 0000000140002780 f i ChildView.obj
 0001:00001800       ?OnNcDestroy@CWnd@@QEAAXXZ 0000000140002800 f i ChildView.obj
 0001:000018e0       ?_ProcessWindowMessage@CWnd@@UEAAHPEAUHWND__@@I_K_JAEA_J@Z 00000001400028e0 f i ChildView.obj
 0001:00001ad0       ?OnWndMsg@CWnd@@UEAAHI_K_JPEA_J@Z 0000000140002ad0 f i ChildView.obj
 0001:00001b70       ?DefWindowProcA@CWnd@@UEAA_JI_K_J@Z 0000000140002b70 f i ChildView.obj
 0001:00001ba0       ?WindowProc@CWnd@@UEAA_JI_K_J@Z 0000000140002ba0 f i ChildView.obj
 0001:00001c10       ?AfxWindowProc@CWnd@@SA_JPEAUHWND__@@I_K_J@Z 0000000140002c10 f i ChildView.obj
 0001:00001c80       ?FromHandle@?$CHandleHashList@PEAUHWND__@@VCWMHnd@@PEAU1@$0BB@@@QEAAPEAVCWMHnd@@QEAUHWND__@@PEAV2@0Q6APEAXPEAX2@Z@Z 0000000140002c80 f i ChildView.obj
 0001:00001dc0       ?FromHandleWnd@CWinApp@@QEAAPEAVCWMHnd@@PEAUHWND__@@PEAV2@0P6APEAXPEAX2@Z@Z 0000000140002dc0 f i ChildView.obj
 0001:00001de0       ??1CWMHnd@@UEAA@XZ         0000000140002de0 f i ChildView.obj
 0001:00001df0       ?RemoveHandle@?$CHandleHashList@PEAUHWND__@@VCWMHnd@@PEAU1@$0BB@@@QEAAPEAUHWND__@@QEAU2@@Z 0000000140002df0 f i ChildView.obj
 0001:00001eb0       ?RemoveOwner@?$CHandleHashList@PEAUHWND__@@VCWMHnd@@PEAU1@$0BB@@@QEAAHQEAUHWND__@@@Z 0000000140002eb0 f i ChildView.obj
 0001:00001f70       ?RemoveOwner@?$CHandleList@PEAXXPEAUHWND__@@@@QEAAHQEAUHWND__@@@Z 0000000140002f70 f i ChildView.obj
 0001:00001f70       ?RemoveOwner@?$CHandleList@PEAUHDC__@@VCDCMTL@@PEAUHWND__@@@@QEAAHQEAUHWND__@@@Z 0000000140002f70 f i ChildView.obj
 0001:00001f70       ?RemoveOwner@?$CHandleList@PEAXVCGdiObject@@PEAUHWND__@@@@QEAAHQEAUHWND__@@@Z 0000000140002f70 f i ChildView.obj
 0001:00001f70       ?RemoveOwner@?$CHandleList@PEAUHMENU__@@VCMenuMTL@@PEAUHWND__@@@@QEAAHQEAUHWND__@@@Z 0000000140002f70 f i ChildView.obj
 0001:00002000       ?RemoveHandleWnd@CWinApp@@QEAAPEAUHWND__@@PEAU2@@Z 0000000140003000 f i ChildView.obj
 0001:000020a0       ?DestroyWindow@CWnd@@UEAAHXZ 00000001400030a0 f i ChildView.obj
 0001:000020c0       ?CWndDestruct@CWnd@@QEAAXXZ 00000001400030c0 f i ChildView.obj
 0001:00002140       ??1CWnd@@UEAA@XZ           0000000140003140 f i ChildView.obj
 0001:00002140       ??1CAboutDlg@@UEAA@XZ      0000000140003140 f i FrmVC6.obj
 0001:00002190       ?classHandleFuncCWnd@CWnd@@SAPEAXPEAX0@Z 0000000140003190 f i ChildView.obj
 0001:00002210       ?AfxSubclassWindow@CWnd@@QEAAHPEAUHWND__@@PEAUtagCREATESTRUCTA@@@Z 0000000140003210 f i ChildView.obj
 0001:000022c0       ?CbtFilterHook@CWnd@@SA_JH_K_J@Z 00000001400032c0 f i ChildView.obj
 0001:00002360       ?HookWindowCreate@CWnd@@SAHPEAV1@G@Z 0000000140003360 f i ChildView.obj
 0001:00002410       ?CreateEx@CWnd@@UEAAHKPEBD0KHHHHPEAUHWND__@@PEAUHMENU__@@PEAX@Z 0000000140003410 f i ChildView.obj
 0001:00002590       ??1?$CList@PEAUCRuntimeClass@@AEBQEAU1@@@QEAA@XZ 0000000140003590 f i ChildView.obj
 0001:00002590       ??1?$CList@PEAVCFrameWnd@@AEBQEAV1@@@QEAA@XZ 0000000140003590 f i FrmVC6.obj
 0001:00002590       ??1?$CList@PEAXPEAX@@QEAA@XZ 0000000140003590 f i MainFrm.obj
 0001:00002590       ??1?$CList@PEAUHWND__@@PEAU1@@@QEAA@XZ 0000000140003590 f i MainFrm.obj
 0001:000025d0       ??1CString@WTL@@QEAA@XZ    00000001400035d0 f i ChildView.obj
 0001:00002600       ??1CModuleState@@QEAA@XZ   0000000140003600 f i ChildView.obj
 0001:00002690       ?_GetCModuleState@CWinApp@@SAPEAVCModuleState@@XZ 0000000140003690 f i ChildView.obj
 0001:00002700       ?AllocBuffer@CString@WTL@@IEAAHH@Z 0000000140003700 f i ChildView.obj
 0001:00002790       ?ConcatCopy@CString@WTL@@IEAAHHPEBDH0@Z 0000000140003790 f i ChildView.obj
 0001:00002840       ?ConcatInPlace@CString@WTL@@IEAAXHPEBD@Z 0000000140003840 f i ChildView.obj
 0001:00002900       ??YCString@WTL@@QEAAAEAV01@D@Z 0000000140003900 f i ChildView.obj
 0001:000029b0       ?_AfxRegisterWithIcon@CAfx@@SAHPEAUtagWNDCLASSA@@PEBDI@Z 00000001400039b0 f i ChildView.obj
 0001:00002a80       ?AfxEndDeferRegisterClass@CAfx@@SAHJ@Z 0000000140003a80 f i ChildView.obj
 0001:00002e50       ?PreCreateWindow@CWnd@@UEAAHAEAUtagCREATESTRUCTA@@@Z 0000000140003e50 f i ChildView.obj
 0001:00002ea0       ?ContinueModal@CWnd@@UEAAHXZ 0000000140003ea0 f i ChildView.obj
 0001:00002eb0       ?EndModalLoop@CWnd@@UEAAXH@Z 0000000140003eb0 f i ChildView.obj
 0001:00002ee0       ??1CWndProcThunk@ATL@@QEAA@XZ 0000000140003ee0 f i ChildView.obj
 0001:00002ef0       ?_ProcessWindowMessage@CFrmVC6App@@UEAAHPEAUHWND__@@I_K_JAEA_J@Z 0000000140003ef0 f i FrmVC6.obj
 0001:00002f70       ?InitInstance@CFrmVC6App@@UEAAHXZ 0000000140003f70 f   FrmVC6.obj
 0001:00003020       ?_ProcessWindowMessage@CAboutDlg@@UEAAHPEAUHWND__@@I_K_JAEA_J@Z 0000000140004020 f i FrmVC6.obj
 0001:00003020       ?_ProcessWindowMessage@CDialog@@UEAAHPEAUHWND__@@I_K_JAEA_J@Z 0000000140004020 f i FrmVC6.obj
 0001:00003090       ?OnAppAbout@CFrmVC6App@@QEAAXXZ 0000000140004090 f   FrmVC6.obj
 0001:00003124       ??_9CDialog@@$BPA@AA       0000000140004124 f i FrmVC6.obj
 0001:00003130       ??_9CDialog@@$BPI@AA       0000000140004130 f i FrmVC6.obj
 0001:00003140       ?OnCmdMsg@CDialog@@UEAAHIHPEAXPEAUAFX_CMDHANDLERINFO@@@Z 0000000140004140 f i FrmVC6.obj
 0001:00003230       ?PreTranslateMessage@CDialog@@UEAAHPEAUtagMSG@@@Z 0000000140004230 f i FrmVC6.obj
 0001:00003340       ?OnOK@CDialog@@UEAAXXZ     0000000140004340 f i FrmVC6.obj
 0001:000033d0       ?OnCancel@CDialog@@UEAAXXZ 00000001400043d0 f i FrmVC6.obj
 0001:00003410       ?Create@CDialog@@UEAAHIPEAVCWnd@@@Z 0000000140004410 f i FrmVC6.obj
 0001:00003420       ?CreateIndirect@CDialog@@UEAAHPEAXPEAVCWnd@@PEAUHINSTANCE__@@@Z 0000000140004420 f i FrmVC6.obj
 0001:000034c0       ?classHandleFuncCDialog@CDialog@@SAPEAXPEAX0@Z 00000001400044c0 f i FrmVC6.obj
 0001:00003560       ?CenterWindow@CWindow@ATL@@QEAAHPEAUHWND__@@@Z 0000000140004560 f i FrmVC6.obj
 0001:00003740       ?ExecuteDlgInit@CWnd@@QEAAHPEAX@Z 0000000140004740 f i FrmVC6.obj
 0001:00003850       ?ExecuteDlgInit@CWnd@@QEAAHPEBD@Z 0000000140004850 f i FrmVC6.obj
 0001:000038f0       ?OnInitDialog@CDialog@@UEAAHXZ 00000001400048f0 f i FrmVC6.obj
 0001:000039a0       ?AfxDlgProc@CWnd@@SA_JPEAUHWND__@@I_K_J@Z 00000001400049a0 f i FrmVC6.obj
 0001:00003a40       ?CreateDlgIndirect@CWnd@@QEAAHPEBUDLGTEMPLATE@@PEAV1@PEAUHINSTANCE__@@@Z 0000000140004a40 f i FrmVC6.obj
 0001:00003af0       ?CreateDlg@CWnd@@QEAAHPEBDPEAV1@@Z 0000000140004af0 f i FrmVC6.obj
 0001:00003b90       ?Create@CDialog@@UEAAHPEBDPEAVCWnd@@@Z 0000000140004b90 f i FrmVC6.obj
 0001:00003c00       ?RunModalLoop@CWnd@@QEAAHK@Z 0000000140004c00 f i FrmVC6.obj
 0001:00003dc0       ?DoModal@CDialog@@UEAA_JXZ 0000000140004dc0 f i FrmVC6.obj
 0001:00003fa0       ?GetSafeOwner_@CWnd@@SAPEAUHWND__@@PEAU2@PEAPEAU2@@Z 0000000140004fa0 f i FrmVC6.obj
 0001:00004080       ??1CCommandLineInfo@@QEAA@XZ 0000000140005080 f i FrmVC6.obj
 0001:00004140       ??1CWinApp@@QEAA@XZ        0000000140005140 f i FrmVC6.obj
 0001:000042a0       ??1CWinThread@@QEAA@XZ     00000001400052a0 f i FrmVC6.obj
 0001:000042c0       ??0CModuleThreadState@@QEAA@XZ 00000001400052c0 f i FrmVC6.obj
 0001:00004340       ??1CModuleThreadState@@QEAA@XZ 0000000140005340 f i FrmVC6.obj
 0001:000043a0       ?IsFrameWnd@CFrameWnd@@UEAAHXZ 00000001400053a0 f i MainFrm.obj
 0001:000043a0       ?InitInstance@CWinApp@@UEAAHXZ 00000001400053a0 f i FrmVC6.obj
 0001:000043b0       ?SendMessageToDescendants@CWnd@@QEAAXPEAUHWND__@@I_K_JHH@Z 00000001400053b0 f i FrmVC6.obj
 0001:00004520       ?OnIdle@CWinApp@@UEAAHH@Z  0000000140005520 f i FrmVC6.obj
 0001:000048c0       ?WalkPreTranslateTree@CWnd@@SAHPEAUHWND__@@PEAUtagMSG@@@Z 00000001400058c0 f i FrmVC6.obj
 0001:00004960       ?PreTranslateMessage@CWinApp@@UEAAHPEAUtagMSG@@@Z 0000000140005960 f i FrmVC6.obj
 0001:00004a20       ?PumpMessage@CWinApp@@UEAAHXZ 0000000140005a20 f i FrmVC6.obj
 0001:00004aa0       ?IsIdleMessage@CWinApp@@SAHPEAUtagMSG@@@Z 0000000140005aa0 f i FrmVC6.obj
 0001:00004ad0       ?Run@CWinApp@@UEAAHXZ      0000000140005ad0 f i FrmVC6.obj
 0001:00004bb0       ??1?$CHandleHashList@PEAUHWND__@@VCWMHnd@@PEAU1@$0BB@@@QEAA@XZ 0000000140005bb0 f i FrmVC6.obj
 0001:00004bc0       ??0CWinApp@@QEAA@XZ        0000000140005bc0 f i FrmVC6.obj
 0001:00004cc0       ?OnAppExit@CWinApp@@QEAAXXZ 0000000140005cc0 f i FrmVC6.obj
 0001:00004ce0       ?_ProcessWindowMessage@CWinApp@@UEAAHPEAUHWND__@@I_K_JAEA_J@Z 0000000140005ce0 f i FrmVC6.obj
 0001:00004d40       ?GetRuntimeClass@CMainFrame@@UEBAPEAUCRuntimeClass@@XZ 0000000140005d40 f   MainFrm.obj
 0001:00004d50       ?_ProcessWindowMessage@CMainFrame@@UEAAHPEAUHWND__@@I_K_JAEA_J@Z 0000000140005d50 f i MainFrm.obj
 0001:00004de0       ??0CMainFrame@@QEAA@XZ     0000000140005de0 f   MainFrm.obj
 0001:00004ea0       ??_GCMainFrame@@UEAAPEAXI@Z 0000000140005ea0 f i MainFrm.obj
 0001:00004ea0       ??_ECMainFrame@@UEAAPEAXI@Z 0000000140005ea0 f i * CIL library *:* CIL module *
 0001:00004ed0       ??1CMainFrame@@UEAA@XZ     0000000140005ed0 f   MainFrm.obj
 0001:00004fe0       ?OnCreate@CMainFrame@@IEAAHPEAUtagCREATESTRUCTA@@@Z 0000000140005fe0 f   MainFrm.obj
 0001:000050f0       ?PreCreateWindow@CMainFrame@@UEAAHAEAUtagCREATESTRUCTA@@@Z 00000001400060f0 f   MainFrm.obj
 0001:00005150       ?OnCmdMsg@CMainFrame@@UEAAHIHPEAXPEAUAFX_CMDHANDLERINFO@@@Z 0000000140006150 f   MainFrm.obj
 0001:000051f0       ?SetButtons@CToolBar@@QEAAHPEBIH@Z 00000001400061f0 f i MainFrm.obj
 0001:00005370       ?AfxLoadSysColorBitmap@@YAPEAUHBITMAP__@@PEAUHINSTANCE__@@PEAUHRSRC__@@H@Z 0000000140006370 f i MainFrm.obj
 0001:000055d0       ?AddReplaceBitmap@CToolBar@@QEAAHPEAUHBITMAP__@@@Z 00000001400065d0 f i MainFrm.obj
 0001:000056c0       ?LoadBitmapA@CToolBar@@QEAAHPEBD@Z 00000001400066c0 f i MainFrm.obj
 0001:00005750       ?LoadToolBar@CToolBar@@QEAAHPEBD@Z 0000000140006750 f i MainFrm.obj
 0001:000058b0       ??1CStatusBar@@UEAA@XZ     00000001400068b0 f i MainFrm.obj
 0001:000058b0       ??1CToolBar@@UEAA@XZ       00000001400068b0 f i MainFrm.obj
 0001:00005910       ?OnPaint@CToolBar@@QEAAXXZ 0000000140006910 f i MainFrm.obj
 0001:000059a0       ?OnSetBitmapSize@CToolBar@@QEAA_J_K_J@Z 00000001400069a0 f i MainFrm.obj
 0001:000059b0       ?OnSetSizeHelper@CToolBar@@QEAA_JAEAVCSize@WTL@@_J@Z 00000001400069b0 f i MainFrm.obj
 0001:00005ae0       ?OnSetButtonSize@CToolBar@@QEAA_J_K_J@Z 0000000140006ae0 f i MainFrm.obj
 0001:00005af0       ?OnPreserveSizingPolicyHelper@CToolBar@@QEAA_J_K_J@Z 0000000140006af0 f i MainFrm.obj
 0001:00005cc0       ?OnPreserveZeroBorderHelper@CToolBar@@QEAA_J_K_J@Z 0000000140006cc0 f i MainFrm.obj
 0001:00005dd0       ?_ProcessWindowMessage@CToolBar@@UEAAHPEAUHWND__@@I_K_JAEA_J@Z 0000000140006dd0 f i MainFrm.obj
 0001:000060b0       ??_ECToolBar@@UEAAPEAXI@Z  00000001400070b0 f i * CIL library *:* CIL module *
 0001:000060b0       ??_ECStatusBar@@UEAAPEAXI@Z 00000001400070b0 f i * CIL library *:* CIL module *
 0001:000060b0       ??_GCControlBar@@UEAAPEAXI@Z 00000001400070b0 f i MainFrm.obj
 0001:000060b0       ??_GCToolBar@@UEAAPEAXI@Z  00000001400070b0 f i MainFrm.obj
 0001:000060b0       ??_ECControlBar@@UEAAPEAXI@Z 00000001400070b0 f i * CIL library *:* CIL module *
 0001:000060b0       ??_GCStatusBar@@UEAAPEAXI@Z 00000001400070b0 f i MainFrm.obj
 0001:00006130       ?OnToolHitTest@CToolBar@@UEBA_JVCPoint@WTL@@PEAUtagTOOLINFOA@@@Z 0000000140007130 f i MainFrm.obj
 0001:00006260       ?OnBarStyleChange@CToolBar@@UEAAXKK@Z 0000000140007260 f i MainFrm.obj
 0001:000062b0       ?Enable@CToolCmdUI@@UEAAXH@Z 00000001400072b0 f i MainFrm.obj
 0001:00006380       ?SetCheck@CToolCmdUI@@UEAAXH@Z 0000000140007380 f i MainFrm.obj
 0001:00006450       ?OnUpdateCmdUI@CToolBar@@UEAAXPEAVCFrameWnd@@H@Z 0000000140007450 f i MainFrm.obj
 0001:000065e0       ?WrapToolBar@CToolBar@@QEAAHPEAU_TBBUTTON@@HH@Z 00000001400075e0 f i MainFrm.obj
 0001:00006700       ?SizeToolBar@CToolBar@@QEAAXPEAU_TBBUTTON@@HHH@Z 0000000140007700 f i MainFrm.obj
 0001:000068d0       ?CalcSize@CToolBar@@QEAA?AVCSize@WTL@@PEAU_TBBUTTON@@H@Z 00000001400078d0 f i MainFrm.obj
 0001:00006a30       ?_SetButton@CToolBar@@QEAAXHPEAU_TBBUTTON@@@Z 0000000140007a30 f i MainFrm.obj
 0001:00006c20       ?CalcDynamicLayout@CToolBar@@UEAA?AVCSize@WTL@@HK@Z 0000000140007c20 f i MainFrm.obj
 0001:00006c80       ?CalcLayout@CToolBar@@QEAA?AVCSize@WTL@@KH@Z 0000000140007c80 f i MainFrm.obj
 0001:00007310       ?CalcFixedLayout@CToolBar@@UEAA?AVCSize@WTL@@HH@Z 0000000140008310 f i MainFrm.obj
 0001:00007350       ?Create@CToolBar@@UEAAHPEAVCWnd@@KI@Z 0000000140008350 f i MainFrm.obj
 0001:000073a0       ?_AfxGetDropDownWidth@CToolBar@@SAHXZ 00000001400083a0 f i MainFrm.obj
 0001:000074a0       ?SetSizes@CToolBar@@QEAAXUtagSIZE@@0@Z 00000001400084a0 f i MainFrm.obj
 0001:00007540       ?CreateEx@CToolBar@@UEAAHPEAVCWnd@@KKVCRect@WTL@@I@Z 0000000140008540 f i MainFrm.obj
 0001:00007680       ??0CToolBar@@QEAA@XZ       0000000140008680 f i MainFrm.obj
 0001:00007710       ??0_AUX_DATA@@QEAA@XZ      0000000140008710 f i MainFrm.obj
 0001:00007820       ?_GetAfxData@CAfx@@SAAEBU_AUX_DATA@@XZ 0000000140008820 f i MainFrm.obj
 0001:00007850       ??0CControlBar@@QEAA@XZ    0000000140008850 f i MainFrm.obj
 0001:00007900       ?OnGetText@CStatusBar@@QEAAHHPEAD@Z 0000000140008900 f i MainFrm.obj
 0001:00007990       ?OnNcCalcSize@CStatusBar@@QEAAXHPEAUtagNCCALCSIZE_PARAMS@@@Z 0000000140008990 f i MainFrm.obj
 0001:00007a50       ??_GCWindowDCMTL@@UEAAPEAXI@Z 0000000140008a50 f i MainFrm.obj
 0001:00007a50       ??_ECWindowDCMTL@@UEAAPEAXI@Z 0000000140008a50 f i * CIL library *:* CIL module *
 0001:00007ad0       ?DrawBorders@CControlBar@@QEAAXPEAVCDCMTL@@AEAVCRect@WTL@@@Z 0000000140008ad0 f i MainFrm.obj
 0001:00007ee0       ?FillSolidRect@?$CDCT@$00@WTL@@QEAAXHHHHK@Z 0000000140008ee0 f i MainFrm.obj
 0001:00007f70       ?Draw3dRect@?$CDCT@$00@WTL@@QEAAXHHHHKK@Z 0000000140008f70 f i MainFrm.obj
 0001:00008160       ?DrawNonThemedGripper@CControlBar@@QEAAHPEAVCDCMTL@@AEBVCRect@WTL@@@Z 0000000140009160 f i MainFrm.obj
 0001:00008220       ?EraseNonClient@CControlBar@@QEAAXXZ 0000000140009220 f i MainFrm.obj
 0001:00008440       ?OnSetMinHeight@CStatusBar@@QEAA_J_K_J@Z 0000000140009440 f i MainFrm.obj
 0001:00008480       ?_ProcessWindowMessage@CStatusBar@@UEAAHPEAUHWND__@@I_K_JAEA_J@Z 0000000140009480 f i MainFrm.obj
 0001:000086e0       ?OnCreate@CControlBar@@QEAAHPEAUtagCREATESTRUCTA@@@Z 00000001400096e0 f i MainFrm.obj
 0001:000087e0       ?OnDestroy@CControlBar@@QEAAXXZ 00000001400097e0 f i MainFrm.obj
 0001:00008860       ?OnLButtonDown@CControlBar@@QEAAXIVCPoint@WTL@@@Z 0000000140009860 f i MainFrm.obj
 0001:000088e0       ?ReDockControlBar@CDockBar@@QEAAXPEAVCControlBar@@PEBUtagRECT@@@Z 00000001400098e0 f i MainFrm.obj
 0001:00008cd0       ?ReDockControlBar@CFrameWnd@@QEAAXPEAVCControlBar@@PEAVCDockBar@@PEBUtagRECT@@@Z 0000000140009cd0 f i MainFrm.obj
 0001:00008e20       ?ToggleDocking@CDockContext@@QEAAXXZ 0000000140009e20 f i MainFrm.obj
 0001:00008fb0       ?OnTimer@CControlBar@@QEAAX_K@Z 0000000140009fb0 f i MainFrm.obj
 0001:000091c0       ?RecalcDelayShow@CControlBar@@QEAAKPEAUAFX_SIZEPARENTPARAMS@@@Z 000000014000a1c0 f i MainFrm.obj
 0001:00009290       ?OnSizeParent@CControlBar@@QEAA_J_K_J@Z 000000014000a290 f i MainFrm.obj
 0001:00009410       ?OnIdleUpdateCmdUI@CControlBar@@QEAA_J_K_J@Z 000000014000a410 f i MainFrm.obj
 0001:00009550       ?OnInitialUpdate@CControlBar@@QEAAXXZ 000000014000a550 f i MainFrm.obj
 0001:00009560       ?_ProcessWindowMessage@CControlBar@@UEAAHPEAUHWND__@@I_K_JAEA_J@Z 000000014000a560 f i MainFrm.obj
 0001:000096e0       ?RemoveControlBar@CFrameWnd@@QEAAXPEAVCControlBar@@@Z 000000014000a6e0 f i MainFrm.obj
 0001:00009760       ?Create@CDockBar@@QEAAHPEAVCWnd@@KI@Z 000000014000a760 f i MainFrm.obj
 0001:00009830       ?Create@CMiniDockFrameWnd@@QEAAHPEAVCWnd@@K@Z 000000014000a830 f i MainFrm.obj
 0001:00009ab0       ?GetParentOwner@CWnd@@QEAAPEAV1@XZ 000000014000aab0 f i MainFrm.obj
 0001:00009b40       ?Create@CToolTipCtrlMTL@@QEAAHPEAVCWnd@@K@Z 000000014000ab40 f i MainFrm.obj
 0001:00009c00       ??_GCToolTipCtrlMTL@@UEAAPEAXI@Z 000000014000ac00 f i MainFrm.obj
 0001:00009c00       ??_ECToolTipCtrlMTL@@UEAAPEAXI@Z 000000014000ac00 f i * CIL library *:* CIL module *
 0001:00009c90       ?IsTopParentActive@CWnd@@QEAAHXZ 000000014000ac90 f i MainFrm.obj
 0001:00009d20       ?_AfxRelayToolTipMessage@CWnd@@SAXPEAVCToolTipCtrlMTL@@PEAUtagMSG@@@Z 000000014000ad20 f i MainFrm.obj
 0001:00009dd0       ?FilterToolTipMessage@CWnd@@QEAAXPEAUtagMSG@@@Z 000000014000add0 f i MainFrm.obj
 0001:0000a3e0       ?_FilterToolTipMessage@CWnd@@SAXPEAUtagMSG@@PEAV1@@Z 000000014000b3e0 f i MainFrm.obj
 0001:0000a3f0       ?_EnableToolTips@CWnd@@QEAAHHI@Z 000000014000b3f0 f i MainFrm.obj
 0001:0000a540       ?Insert@CDockBar@@QEAAHPEAVCControlBar@@VCRect@WTL@@VCPoint@4@@Z 000000014000b540 f i MainFrm.obj
 0001:0000a8b0       ?SetSize@?$CArray@PEAXAEBQEAX@@QEAAX_J0@Z 000000014000b8b0 f i MainFrm.obj
 0001:0000aa00       ?DockControlBar@CDockBar@@QEAAXPEAVCControlBar@@PEBUtagRECT@@@Z 000000014000ba00 f i MainFrm.obj
 0001:0000ad50       ?FloatControlBar@CFrameWnd@@QEAAXPEAVCControlBar@@VCPoint@WTL@@K@Z 000000014000bd50 f i MainFrm.obj
 0001:0000af50       ?RemoveAt@?$CArray@PEAXAEBQEAX@@QEAAX_J0@Z 000000014000bf50 f i MainFrm.obj
 0001:0000af90       ?RemovePlaceHolder@CDockBar@@QEAAXPEAVCControlBar@@@Z 000000014000bf90 f i MainFrm.obj
 0001:0000b070       ?RemoveControlBar@CDockBar@@QEAAHPEAVCControlBar@@HH@Z 000000014000c070 f i MainFrm.obj
 0001:0000b2c0       ?CControlBarDestruct@CControlBar@@QEAAXXZ 000000014000c2c0 f i MainFrm.obj
 0001:0000b350       ?PostNcDestroy@CControlBar@@UEAAXXZ 000000014000c350 f i MainFrm.obj
 0001:0000b370       ?PreTranslateMessage@CControlBar@@UEAAHPEAUtagMSG@@@Z 000000014000c370 f i MainFrm.obj
 0001:0000b670       ?WindowProc@CControlBar@@UEAA_JI_K_J@Z 000000014000c670 f i MainFrm.obj
 0001:0000b7f0       ?PreCreateWindow@CControlBar@@UEAAHAEAUtagCREATESTRUCTA@@@Z 000000014000c7f0 f i MainFrm.obj
 0001:0000b8a0       ?PreCreateWindow@CStatusBar@@UEAAHAEAUtagCREATESTRUCTA@@@Z 000000014000c8a0 f i MainFrm.obj
 0001:0000b8d0       ?OnBarStyleChange@CStatusBar@@UEAAXKK@Z 000000014000c8d0 f i MainFrm.obj
 0001:0000b910       ?Enable@CStatusCmdUI@@UEAAXH@Z 000000014000c910 f i MainFrm.obj
 0001:0000b9b0       ??1?$CArray@HAEBH@@QEAA@XZ 000000014000c9b0 f i MainFrm.obj
 0001:0000b9f0       ?SetSize@?$CArray@HAEBH@@QEAAX_J0@Z 000000014000c9f0 f i MainFrm.obj
 0001:0000bb40       ?UpdateAllPanes@CStatusBar@@QEAAXHH@Z 000000014000cb40 f i MainFrm.obj
 0001:0000bfe0       ?SetCheck@CStatusCmdUI@@UEAAXH@Z 000000014000cfe0 f i MainFrm.obj
 0001:0000c080       ?SetPaneText@CStatusBar@@QEAAHHPEBDH@Z 000000014000d080 f i MainFrm.obj
 0001:0000c150       ?SetText@CStatusCmdUI@@UEAAXPEBD@Z 000000014000d150 f i MainFrm.obj
 0001:0000c160       ?UpdateDialogControls@CWnd@@QEAAXPEAVCCmdTarget@@H@Z 000000014000d160 f i MainFrm.obj
 0001:0000c400       ?OnUpdateCmdUI@CStatusBar@@UEAAXPEAVCFrameWnd@@H@Z 000000014000d400 f i MainFrm.obj
 0001:0000c540       ?CalcFixedLayout@CControlBar@@UEAA?AVCSize@WTL@@HH@Z 000000014000d540 f i MainFrm.obj
 0001:0000c580       ?CalcDynamicLayout@CControlBar@@UEAA?AVCSize@WTL@@HK@Z 000000014000d580 f i MainFrm.obj
 0001:0000c5b0       ?CalcInsideRect@CControlBar@@QEBAXAEAVCRect@WTL@@H@Z 000000014000d5b0 f i MainFrm.obj
 0001:0000c670       ?CalcFixedLayout@CStatusBar@@UEAA?AVCSize@WTL@@HH@Z 000000014000d670 f i MainFrm.obj
 0001:0000c820       ?ResetTimer@CControlBar@@QEAAX_KI@Z 000000014000d820 f i MainFrm.obj
 0001:0000c880       ?SetStatusText@CControlBar@@UEAAH_J@Z 000000014000d880 f i MainFrm.obj
 0001:0000c9c0       ?Create@CStatusBar@@UEAAHPEAVCWnd@@KI@Z 000000014000d9c0 f i MainFrm.obj
 0001:0000c9e0       ?CreateEx@CStatusBar@@UEAAHPEAVCWnd@@KKI@Z 000000014000d9e0 f i MainFrm.obj
 0001:0000cad0       ?OnCmdMsg@CFrameWnd@@UEAAHIHPEAXPEAUAFX_CMDHANDLERINFO@@@Z 000000014000dad0 f i MainFrm.obj
 0001:0000cb40       ??_ECFrameWnd@@UEAAPEAXI@Z 000000014000db40 f i * CIL library *:* CIL module *
 0001:0000cb40       ??_GCFrameWnd@@UEAAPEAXI@Z 000000014000db40 f i MainFrm.obj
 0001:0000cb70       ?PreTranslateMessage@CFrameWnd@@UEAAHPEAUtagMSG@@@Z 000000014000db70 f i MainFrm.obj
 0001:0000cbf0       ?AfxIsDescendant@CFrameWnd@@SAHPEAUHWND__@@0@Z 000000014000dbf0 f i MainFrm.obj
 0001:0000ccd0       ?ShowOwnedWindows@CFrameWnd@@QEAAXH@Z 000000014000dcd0 f i MainFrm.obj
 0001:0000cdf0       ?OnSetPreviewMode@CFrameWnd@@UEAAXHPEAUCPrintPreviewState@@@Z 000000014000ddf0 f i MainFrm.obj
 0001:0000d220       ?ActivateFrame@CFrameWnd@@UEAAXH@Z 000000014000e220 f i MainFrm.obj
 0001:0000d2d0       ?GetActiveFrame@CFrameWnd@@UEAAPEAV1@XZ 000000014000e2d0 f i MainFrm.obj
 0001:0000d2e0       ?GetDefaultAccelerator@CFrameWnd@@UEAAPEAUHACCEL__@@XZ 000000014000e2e0 f i MainFrm.obj
 0001:0000d2f0       ?PreCreateWindow@CFrameWnd@@UEAAHAEAUtagCREATESTRUCTA@@@Z 000000014000e2f0 f i MainFrm.obj
 0001:0000d340       ?GetIconWndClass@CFrameWnd@@QEAAPEBDKI@Z 000000014000e340 f i MainFrm.obj
 0001:0000d400       ?RemoveFrameWnd@CFrameWnd@@QEAAXXZ 000000014000e400 f i MainFrm.obj
 0001:0000d480       ?CFrameWndDestruct@CFrameWnd@@QEAAXXZ 000000014000e480 f i MainFrm.obj
 0001:0000d490       ??1CFrameWnd@@UEAA@XZ      000000014000e490 f i MainFrm.obj
 0001:0000d550       ?PostNcDestroy@CFrameWnd@@UEAAXXZ 000000014000e550 f i MainFrm.obj
 0001:0000d570       ?Create@CFrameWnd@@UEAAHPEBD0KAEBUtagRECT@@PEAVCWnd@@0KPEAUCCreateContext@@@Z 000000014000e570 f i MainFrm.obj
 0001:0000d6b0       ?LoadFrame@CFrameWnd@@UEAAHIKPEAVCWnd@@PEAUCCreateContext@@@Z 000000014000e6b0 f i MainFrm.obj
 0001:0000d9e0       ?AddFrameWnd@CFrameWnd@@QEAAXXZ 000000014000e9e0 f i MainFrm.obj
 0001:0000da60       ??0CFrameWnd@@QEAA@XZ      000000014000ea60 f i MainFrm.obj
 0001:0000db50       ?LoadStringA@CString@WTL@@QEAAHI@Z 000000014000eb50 f i MainFrm.obj
 0001:0000dd60       ?OnClose@CFrameWnd@@QEAAXXZ 000000014000ed60 f i MainFrm.obj
 0001:0000de20       ?CreateView@CFrameWnd@@QEAAPEAVCWnd@@PEAUCCreateContext@@I@Z 000000014000ee20 f i MainFrm.obj
 0001:0000df30       ?OnCreateClient@CFrameWnd@@UEAAHPEAUtagCREATESTRUCTA@@PEAUCCreateContext@@@Z 000000014000ef30 f i MainFrm.obj
 0001:0000df60       ?OnCreateHelper@CFrameWnd@@QEAAHPEAUtagCREATESTRUCTA@@PEAUCCreateContext@@@Z 000000014000ef60 f i MainFrm.obj
 0001:0000e000       ?DestroyWindow@CControlBar@@UEAAHXZ 000000014000f000 f i MainFrm.obj
 0001:0000e080       ?DestroyDockBars@CFrameWnd@@QEAAXXZ 000000014000f080 f i MainFrm.obj
 0001:0000e2d0       ?OnDestroy@CFrameWnd@@QEAAXXZ 000000014000f2d0 f i MainFrm.obj
 0001:0000e360       ?OnDropFiles@CFrameWnd@@QEAAXPEAUHDROP__@@@Z 000000014000f360 f i MainFrm.obj
 0001:0000e420       ?GetOwner@CWnd@@QEAAPEAV1@XZ 000000014000f420 f i MainFrm.obj
 0001:0000e460       ?GetTopLevelParent@CWnd@@QEAAPEAV1@XZ 000000014000f460 f i MainFrm.obj
 0001:0000e560       ?OnIdle@CCmdUI@@QEAAHPEAVCCmdTarget@@H@Z 000000014000f560 f i MainFrm.obj
 0001:0000e620       ?OnInitMenuPopup@CFrameWnd@@QEAAXPEAVCMenuMTL@@IH@Z 000000014000f620 f i MainFrm.obj
 0001:0000e910       ?GetTopLevelFrame@CWnd@@QEAAPEAVCFrameWnd@@XZ 000000014000f910 f i MainFrm.obj
 0001:0000ea00       ?SetMenuBarState@CFrameWnd@@QEAAHK@Z 000000014000fa00 f i MainFrm.obj
 0001:0000ea60       ?OnMenuSelect@CFrameWnd@@QEAAXIIPEAUHMENU__@@@Z 000000014000fa60 f i MainFrm.obj
 0001:0000ec30       ?OnSize@CFrameWnd@@QEAAXIHH@Z 000000014000fc30 f i MainFrm.obj
 0001:0000ec80       ?OnPopMessageString@CFrameWnd@@QEAA_J_K_J@Z 000000014000fc80 f i MainFrm.obj
 0001:0000eca0       ?GetDescendantWindow@CWnd@@QEAAPEAV1@PEAUHWND__@@HH@Z 000000014000fca0 f i MainFrm.obj
 0001:0000eda0       ?OnSetMessageString@CFrameWnd@@QEAA_J_K_J@Z 000000014000fda0 f i MainFrm.obj
 0001:0000efe0       ?OnUpdateFrameMenu@CFrameWnd@@UEAAXPEAUHMENU__@@@Z 000000014000ffe0 f i MainFrm.obj
 0001:0000f010       ?UpdateFrameTitleForDocument@CFrameWnd@@QEAAXPEBD@Z 0000000140010010 f i MainFrm.obj
 0001:0000f7f0       ?OnUpdateFrameTitle@CFrameWnd@@UEAAXH@Z 00000001400107f0 f i MainFrm.obj
 0001:0000f830       ?OnIdleUpdateCmdUI@CFrameWnd@@QEAAXXZ 0000000140010830 f i MainFrm.obj
 0001:0000f8d0       ?OnUpdateControlBarMenu@CFrameWnd@@QEAAXPEAVCCmdUI@@@Z 00000001400108d0 f i MainFrm.obj
 0001:0000f960       ?GetControlBar@CFrameWnd@@QEAAPEAVCControlBar@@I@Z 0000000140010960 f i MainFrm.obj
 0001:0000f9d0       ?GetParentFrame@CWnd@@QEAAPEAVCFrameWnd@@XZ 00000001400109d0 f i MainFrm.obj
 0001:0000fa90       ?IsVisible@CControlBar@@UEBAHXZ 0000000140010a90 f i MainFrm.obj
 0001:0000fad0       ?AfxRepositionWindow@CAfx@@SAXPEAUAFX_SIZEPARENTPARAMS@@PEAUHWND__@@PEBUtagRECT@@@Z 0000000140010ad0 f i MainFrm.obj
 0001:0000fbd0       ?RepositionBars@CWnd@@QEAAXIIIIPEAUtagRECT@@PEBU2@H@Z 0000000140010bd0 f i MainFrm.obj
 0001:0000fdb0       ?RecalcLayout@CFrameWnd@@UEAAXH@Z 0000000140010db0 f i MainFrm.obj
 0001:0000fee0       ?ShowControlBar@CFrameWnd@@QEAAXPEAVCControlBar@@HH@Z 0000000140010ee0 f i MainFrm.obj
 0001:000100f0       ?OnBarCheck@CFrameWnd@@QEAAHI@Z 00000001400110f0 f i MainFrm.obj
 0001:00010180       ?_AtlGetStringResourceImage@CAfx@@SAPEBUATLSTRINGRESOURCEIMAGE@ATL@@PEAUHINSTANCE__@@PEAUHRSRC__@@I@Z 0000000140011180 f i MainFrm.obj
 0001:00010220       ?AfxLoadString@CAfx@@SAHIPEADI@Z 0000000140011220 f i MainFrm.obj
 0001:000102d0       ?AssignCopy@CString@WTL@@IEAAXHPEBD@Z 00000001400112d0 f i MainFrm.obj
 0001:00010370       ?Empty@CString@WTL@@QEAAXXZ 0000000140011370 f i MainFrm.obj
 0001:000103f0       ?GetBuffer@CString@WTL@@QEAAPEADH@Z 00000001400113f0 f i MainFrm.obj
 0001:00010490       ?CopyBeforeWrite@CString@WTL@@IEAAXXZ 0000000140011490 f i MainFrm.obj
 0001:00010510       ?AfxExtractSubString@CAfx@@SAHAEAVCString@WTL@@PEBDHD@Z 0000000140011510 f i MainFrm.obj
 0001:00010610       ?OnToolTipText@CFrameWnd@@QEAAHIPEAUtagNMHDR@@PEA_J@Z 0000000140011610 f i MainFrm.obj
 0001:00010a10       ?_ProcessWindowMessage@CFrameWnd@@UEAAHPEAUHWND__@@I_K_JAEA_J@Z 0000000140011a10 f i MainFrm.obj
 0001:00010f40       ?SetCurrentHandles@CWinApp@@QEAAXXZ 0000000140011f40 f i StdAfx.obj
 0001:00011250       ?GetRuntimeClass@CCmdTarget@@UEBAPEAUCRuntimeClass@@XZ 0000000140012250 f   StdAfx.obj
 0001:00011260       ?CreateObject@CWnd@@SAPEAVCObject@@XZ 0000000140012260 f   StdAfx.obj
 0001:000112b0       ?GetRuntimeClass@CWnd@@UEBAPEAUCRuntimeClass@@XZ 00000001400122b0 f   StdAfx.obj
 0001:000112c0       ?GetRuntimeClass@CDialog@@UEBAPEAUCRuntimeClass@@XZ 00000001400122c0 f   StdAfx.obj
 0001:000112d0       ?CreateObject@CFrameWnd@@SAPEAVCObject@@XZ 00000001400122d0 f   StdAfx.obj
 0001:00011310       ?GetRuntimeClass@CFrameWnd@@UEBAPEAUCRuntimeClass@@XZ 0000000140012310 f   StdAfx.obj
 0001:00011320       ?GetRuntimeClass@CControlBar@@UEBAPEAUCRuntimeClass@@XZ 0000000140012320 f   StdAfx.obj
 0001:00011330       ?GetRuntimeClass@CToolBar@@UEBAPEAUCRuntimeClass@@XZ 0000000140012330 f   StdAfx.obj
 0001:00011340       ?GetRuntimeClass@CToolTipCtrlMTL@@UEBAPEAUCRuntimeClass@@XZ 0000000140012340 f   StdAfx.obj
 0001:00011350       WinMain                    0000000140012350 f   StdAfx.obj
 0001:000113c8       ?__AllocStdCallThunk@ATL@@YAPEAXXZ 00000001400123c8 f   atls:atlthunk.obj
 0001:0001148c       ?__FreeStdCallThunk@ATL@@YAXPEAX@Z 000000014001248c f   atls:atlthunk.obj
 0001:0001151c       ??0CAtlBaseModule@ATL@@QEAA@XZ 000000014001251c f   atls:atlbase.obj
 0001:000115c4       ??1CAtlBaseModule@ATL@@QEAA@XZ 00000001400125c4 f   atls:atlbase.obj
 0001:000115f8       ??3@YAXPEAX@Z              00000001400125f8 f   LIBCMT:delete.obj
 0001:00011600       ??_V@YAXPEAX@Z             0000000140012600 f   LIBCMT:delete2.obj
 0001:00011608       ??_U@YAPEAX_K@Z            0000000140012608 f   LIBCMT:new2.obj
 0001:00011610       __onexitinit               0000000140012610 f   LIBCMT:onexit.obj
 0001:00011654       _onexit                    0000000140012654 f   LIBCMT:onexit.obj
 0001:00011760       atexit                     0000000140012760 f   LIBCMT:onexit.obj
 0001:00011778       ??0bad_alloc@std@@QEAA@AEBV01@@Z 0000000140012778 f i LIBCMT:new.obj
 0001:0001179c       ??1bad_alloc@std@@UEAA@XZ  000000014001279c f i LIBCMT:new.obj
 0001:000117ac       ??2@YAPEAX_K@Z             00000001400127ac f   LIBCMT:new.obj
 0001:00011818       ??_Ebad_alloc@std@@UEAAPEAXI@Z 0000000140012818 f i LIBCMT:new.obj
 0001:00011818       ??_Gbad_alloc@std@@UEAAPEAXI@Z 0000000140012818 f i LIBCMT:new.obj
 0001:00011854       free                       0000000140012854 f   LIBCMT:free.obj
 0001:00011894       ??8type_info@@QEBA_NAEBV0@@Z 0000000140012894 f   LIBCMT:typinfo.obj
 0001:000118b4       ??_Etype_info@@UEAAPEAXI@Z 00000001400128b4 f i LIBCMT:typinfo.obj
 0001:000118b4       ??_Gtype_info@@UEAAPEAXI@Z 00000001400128b4 f i LIBCMT:typinfo.obj
 0001:000118f0       _strdup                    00000001400128f0 f   LIBCMT:strdup.obj
 0001:00011960       ??0_LocaleUpdate@@QEAA@PEAUlocaleinfo_struct@@@Z 0000000140012960 f i LIBCMT:mbschr.obj
 0001:00011a08       _mbschr                    0000000140012a08 f   LIBCMT:mbschr.obj
 0001:00011a10       _mbschr_l                  0000000140012a10 f   LIBCMT:mbschr.obj
 0001:00011ad0       _mbscmp                    0000000140012ad0 f   LIBCMT:mbscmp.obj
 0001:00011ad8       _mbscmp_l                  0000000140012ad8 f   LIBCMT:mbscmp.obj
 0001:00011bd0       memmove                    0000000140012bd0 f   LIBCMT:memcpy.obj
 0001:00011bd0       memcpy                     0000000140012bd0 f   LIBCMT:memcpy.obj
 0001:00012138       _purecall                  0000000140013138 f   LIBCMT:purevirt.obj
 0001:00012164       malloc                     0000000140013164 f   LIBCMT:malloc.obj
 0001:0001221c       WinMainCRTStartup          000000014001321c f   LIBCMT:wincrt0.obj
 0001:00012400       memset                     0000000140013400 f   LIBCMT:memset.obj
 0001:0001262c       __crtCorExitProcess        000000014001362c f   LIBCMT:crt0dat.obj
 0001:00012670       __crtExitProcess           0000000140013670 f   LIBCMT:crt0dat.obj
 0001:00012688       _amsg_exit                 0000000140013688 f   LIBCMT:crt0dat.obj
 0001:000126b0       _c_exit                    00000001400136b0 f   LIBCMT:crt0dat.obj
 0001:000126c0       _cexit                     00000001400136c0 f   LIBCMT:crt0dat.obj
 0001:000126d0       _cinit                     00000001400136d0 f   LIBCMT:crt0dat.obj
 0001:00012768       _exit                      0000000140013768 f   LIBCMT:crt0dat.obj
 0001:00012774       _init_pointers             0000000140013774 f   LIBCMT:crt0dat.obj
 0001:00012820       _initterm_e                0000000140013820 f   LIBCMT:crt0dat.obj
 0001:0001285c       _lockexit                  000000014001385c f   LIBCMT:crt0dat.obj
 0001:00012868       _unlockexit                0000000140013868 f   LIBCMT:crt0dat.obj
 0001:00012a0c       exit                       0000000140013a0c f   LIBCMT:crt0dat.obj
 0001:00012a18       _msize                     0000000140013a18 f   LIBCMT:msize.obj
 0001:00012a54       _calloc_crt                0000000140013a54 f   LIBCMT:crtheap.obj
 0001:00012ad4       _malloc_crt                0000000140013ad4 f   LIBCMT:crtheap.obj
 0001:00012b50       _realloc_crt               0000000140013b50 f   LIBCMT:crtheap.obj
 0001:00012bd4       __C_specific_handler       0000000140013bd4 f   LIBCMT:chandler.obj
 0001:00012db8       ??0exception@std@@QEAA@AEBQEBD@Z 0000000140013db8 f   LIBCMT:stdexcpt.obj
 0001:00012de8       ??0exception@std@@QEAA@AEBQEBDH@Z 0000000140013de8 f   LIBCMT:stdexcpt.obj
 0001:00012e04       ??0exception@std@@QEAA@AEBV01@@Z 0000000140013e04 f   LIBCMT:stdexcpt.obj
 0001:00012e30       ??1exception@std@@UEAA@XZ  0000000140013e30 f   LIBCMT:stdexcpt.obj
 0001:00012e40       ??4exception@std@@QEAAAEAV01@AEBV01@@Z 0000000140013e40 f   LIBCMT:stdexcpt.obj
 0001:00012e84       ??_Gexception@std@@UEAAPEAXI@Z 0000000140013e84 f i LIBCMT:stdexcpt.obj
 0001:00012e84       ??_Eexception@std@@UEAAPEAXI@Z 0000000140013e84 f i LIBCMT:stdexcpt.obj
 0001:00012ec0       ?_Copy_str@exception@std@@AEAAXPEBD@Z 0000000140013ec0 f   LIBCMT:stdexcpt.obj
 0001:00012f1c       ?_Tidy@exception@std@@AEAAXXZ 0000000140013f1c f   LIBCMT:stdexcpt.obj
 0001:00012f44       ?what@exception@std@@UEBAPEBDXZ 0000000140013f44 f   LIBCMT:stdexcpt.obj
 0001:00012f58       _callnewh                  0000000140013f58 f   LIBCMT:handler.obj
 0001:00012f8c       _initp_heap_handler        0000000140013f8c f   LIBCMT:handler.obj
 0001:00012f94       _CxxThrowException         0000000140013f94 f   LIBCMT:throw.obj
 0001:0001305c       __doserrno                 000000014001405c f   LIBCMT:dosmap.obj
 0001:0001307c       _dosmaperr                 000000014001407c f   LIBCMT:dosmap.obj
 0001:000130cc       _errno                     00000001400140cc f   LIBCMT:dosmap.obj
 0001:000130ec       _get_errno_from_oserr      00000001400140ec f   LIBCMT:dosmap.obj
 0001:0001313c       _heap_init                 000000014001413c f   LIBCMT:heapinit.obj
 0001:00013170       strcmp                     0000000140014170 f   LIBCMT:strcmp.obj
 0001:000131d8       ?_Type_info_dtor@type_info@@CAXPEAV1@@Z 00000001400141d8 f   LIBCMT:typname.obj
 0001:00013244       _call_reportfault          0000000140014244 f   LIBCMT:invarg.obj
 0001:00013338       _initp_misc_invarg         0000000140014338 f   LIBCMT:invarg.obj
 0001:00013340       _invalid_parameter         0000000140014340 f   LIBCMT:invarg.obj
 0001:000133a8       _invalid_parameter_noinfo  00000001400143a8 f   LIBCMT:invarg.obj
 0001:000133c8       _invoke_watson             00000001400143c8 f   LIBCMT:invarg.obj
 0001:00013404       strcpy_s                   0000000140014404 f   LIBCMT:strcpy_s.obj
 0001:00013480       strlen                     0000000140014480 f   LIBCMT:strlen.obj
 0001:00013528       __addlocaleref             0000000140014528 f   LIBCMT:localref.obj
 0001:000135b4       __freetlocinfo             00000001400145b4 f   LIBCMT:localref.obj
 0001:0001374c       __removelocaleref          000000014001474c f   LIBCMT:localref.obj
 0001:000137f0       __updatetlocinfo           00000001400147f0 f   LIBCMT:localref.obj
 0001:00013868       _updatetlocinfoEx_nolock   0000000140014868 f   LIBCMT:localref.obj
 0001:000138cc       __initmbctable             00000001400148cc f   LIBCMT:mbctype.obj
 0001:00013be8       __updatetmbcinfo           0000000140014be8 f   LIBCMT:mbctype.obj
 0001:00013ca4       _setmbcp                   0000000140014ca4 f   LIBCMT:mbctype.obj
 0001:00013ee8       _setmbcp_nolock            0000000140014ee8 f   LIBCMT:mbctype.obj
 0001:00014198       strchr                     0000000140015198 f   LIBCMT:strchr.obj
 0001:00014224       _freefls                   0000000140015224 f   LIBCMT:tidtable.obj
 0001:00014358       _getptd                    0000000140015358 f   LIBCMT:tidtable.obj
 0001:0001437c       _getptd_noexit             000000014001537c f   LIBCMT:tidtable.obj
 0001:00014400       _initptd                   0000000140015400 f   LIBCMT:tidtable.obj
 0001:000144c4       _mtinit                    00000001400154c4 f   LIBCMT:tidtable.obj
 0001:00014544       _mtterm                    0000000140015544 f   LIBCMT:tidtable.obj
 0001:00014568       __isa_available_init       0000000140015568 f   LIBCMT:cpu_disp.obj
 0001:0001470c       _set_abort_behavior        000000014001570c f   LIBCMT:abort.obj
 0001:00014728       abort                      0000000140015728 f   LIBCMT:abort.obj
 0001:00014780       _initp_misc_purevirt       0000000140015780 f   LIBCMT:inithelp.obj
 0001:00014788       _FF_MSGBANNER              0000000140015788 f   LIBCMT:crt0msg.obj
 0001:000147cc       _GET_RTERRMSG              00000001400157cc f   LIBCMT:crt0msg.obj
 0001:000147fc       _NMSG_WRITE                00000001400157fc f   LIBCMT:crt0msg.obj
 0001:00014a6c       ?_inconsistency@@YAXXZ     0000000140015a6c f   LIBCMT:hooks.obj
 0001:00014a8c       ?terminate@@YAXXZ          0000000140015a8c f   LIBCMT:hooks.obj
 0001:00014aac       _initp_eh_hooks            0000000140015aac f   LIBCMT:hooks.obj
 0001:00014acc       ?__CxxUnhandledExceptionFilter@@YAJPEAU_EXCEPTION_POINTERS@@@Z 0000000140015acc f   LIBCMT:unhandld.obj
 0001:00014b04       __CxxSetUnhandledExceptionFilter 0000000140015b04 f   LIBCMT:unhandld.obj
 0001:00014b1c       _XcptFilter                0000000140015b1c f   LIBCMT:winxfltr.obj
 0001:00014ce8       _ioinit                    0000000140015ce8 f   LIBCMT:ioinit.obj
 0001:00015018       _setargv                   0000000140016018 f   LIBCMT:stdargv.obj
 0001:000152d4       _setenvp                   00000001400162d4 f   LIBCMT:stdenvp.obj
 0001:00015408       __set_app_type             0000000140016408 f   LIBCMT:errmode.obj
 0001:00015410       _set_error_mode            0000000140016410 f   LIBCMT:errmode.obj
 0001:00015450       __security_init_cookie     0000000140016450 f   LIBCMT:gs_support.obj
 0001:000154fc       _RTC_Initialize            00000001400164fc f   LIBCMT:initsect.obj
 0001:00015534       _RTC_Terminate             0000000140016534 f   LIBCMT:initsect.obj
 0001:0001556c       __crtGetEnvironmentStringsA 000000014001656c f   LIBCMT:a_env.obj
 0001:00015660       __crtCaptureCurrentContext 0000000140016660 f   LIBCMT:winapisupp.obj
 0001:000156d0       __crtCapturePreviousContext 00000001400166d0 f   LIBCMT:winapisupp.obj
 0001:00015744       __crtFlsAlloc              0000000140016744 f   LIBCMT:winapisupp.obj
 0001:00015760       __crtFlsFree               0000000140016760 f   LIBCMT:winapisupp.obj
 0001:0001577c       __crtFlsGetValue           000000014001677c f   LIBCMT:winapisupp.obj
 0001:00015798       __crtFlsSetValue           0000000140016798 f   LIBCMT:winapisupp.obj
 0001:000157b4       __crtGetShowWindowMode     00000001400167b4 f   LIBCMT:winapisupp.obj
 0001:000157e0       __crtInitializeCriticalSectionEx 00000001400167e0 f   LIBCMT:winapisupp.obj
 0001:0001580c       __crtIsPackagedApp         000000014001680c f   LIBCMT:winapisupp.obj
 0001:00015858       __crtLoadWinApiPointers    0000000140016858 f   LIBCMT:winapisupp.obj
 0001:00015c54       __crtSetUnhandledExceptionFilter 0000000140016c54 f   LIBCMT:winapisupp.obj
 0001:00015c5c       __crtSleep                 0000000140016c5c f   LIBCMT:winapisupp.obj
 0001:00015c64       __crtTerminateProcess      0000000140016c64 f   LIBCMT:winapisupp.obj
 0001:00015c84       __crtUnhandledException    0000000140016c84 f   LIBCMT:winapisupp.obj
 0001:00015ca4       _wincmdln                  0000000140016ca4 f   LIBCMT:wincmdln.obj
 0001:00015d20       realloc                    0000000140016d20 f   LIBCMT:realloc.obj
 0001:00015df4       _lock                      0000000140016df4 f   LIBCMT:mlock.obj
 0001:00015e38       _mtdeletelocks             0000000140016e38 f   LIBCMT:mlock.obj
 0001:00015ec0       _mtinitlocknum             0000000140016ec0 f   LIBCMT:mlock.obj
 0001:00015f80       _mtinitlocks               0000000140016f80 f   LIBCMT:mlock.obj
 0001:00015fe4       _unlock                    0000000140016fe4 f   LIBCMT:mlock.obj
 0001:00016000       _FindPESection             0000000140017000 f   LIBCMT:pesect.obj
 0001:00016050       _IsNonwritableInCurrentImage 0000000140017050 f   LIBCMT:pesect.obj
 0001:000160a0       _ValidateImageBase         00000001400170a0 f   LIBCMT:pesect.obj
 0001:000160d0       _initp_misc_cfltcvt_tab    00000001400170d0 f   LIBCMT:cmiscdat.obj
 0001:0001610c       __get_sigabrt              000000014001710c f   LIBCMT:winsig.obj
 0001:0001611c       _initp_misc_winsig         000000014001711c f   LIBCMT:winsig.obj
 0001:0001613c       raise                      000000014001713c f   LIBCMT:winsig.obj
 0001:00016370       _initp_misc_rand_s         0000000140017370 f   LIBCMT:rand_s.obj
 0001:00016378       _calloc_impl               0000000140017378 f   LIBCMT:calloc_impl.obj
 0001:00016430       _local_unwind              0000000140017430 f   LIBCMT:jmpuwind.obj
 0001:00016460       _NLG_Notify                0000000140017460 f   LIBCMT:jmpuwind.obj
 0001:00016480       __NLG_Dispatch2            0000000140017480 f   LIBCMT:jmpuwind.obj
 0001:00016490       __NLG_Return2              0000000140017490 f   LIBCMT:jmpuwind.obj
 0001:00016494       __crt_debugger_hook        0000000140017494 f   LIBCMT:dbghook.obj
 0001:0001649c       __GSHandlerCheck           000000014001749c f   LIBCMT:gshandler.obj
 0001:000164bc       __GSHandlerCheckCommon     00000001400174bc f   LIBCMT:gshandler.obj
 0001:00016530       __security_check_cookie    0000000140017530 f   LIBCMT:amdsecgs.obj
 0001:00016550       __free_lconv_mon           0000000140017550 f   LIBCMT:initmon.obj
 0001:0001665c       __free_lconv_num           000000014001765c f   LIBCMT:initnum.obj
 0001:000166c8       __free_lc_time             00000001400176c8 f   LIBCMT:inittime.obj
 0001:00016db0       __crtLCMapStringA          0000000140017db0 f   LIBCMT:a_map.obj
 0001:00016fc0       __crtGetStringTypeA        0000000140017fc0 f   LIBCMT:a_str.obj
 0001:0001703c       GetTableIndexFromLocaleName 000000014001803c f   LIBCMT:winapinls.obj
 0001:000170c8       __crtDownlevelLocaleNameToLCID 00000001400180c8 f   LIBCMT:winapinls.obj
 0001:000170fc       __crtLCMapStringEx         00000001400180fc f   LIBCMT:winapinls.obj
 0001:0001718c       __wcsnicmp_ascii           000000014001818c f   LIBCMT:winapinls.obj
 0001:000171e4       wcscat_s                   00000001400181e4 f   LIBCMT:wcscat_s.obj
 0001:0001726c       wcscpy_s                   000000014001826c f   LIBCMT:wcscpy_s.obj
 0001:000172d8       wcslen                     00000001400182d8 f   LIBCMT:wcslen.obj
 0001:000172f4       wcsncpy_s                  00000001400182f4 f   LIBCMT:wcsncpy_s.obj
 0001:000173c0       __crtMessageBoxW           00000001400183c0 f   LIBCMT:crtmboxw.obj
 0001:00017634       __initstdio                0000000140018634 f   LIBCMT:_file.obj
 0001:000176cc       __endstdio                 00000001400186cc f   LIBCMT:_file.obj
 0001:000176fc       _lock_file                 00000001400186fc f   LIBCMT:_file.obj
 0001:00017764       _lock_file2                0000000140018764 f   LIBCMT:_file.obj
 0001:00017798       _unlock_file               0000000140018798 f   LIBCMT:_file.obj
 0001:000177e8       _unlock_file2              00000001400187e8 f   LIBCMT:_file.obj
 0001:00017884       _ismbblead                 0000000140018884 f   LIBCMT:ismbbyte.obj
 0001:00017898       _fptrap                    0000000140018898 f   LIBCMT:crt0fp.obj
 0001:000178a4       _fileno                    00000001400188a4 f   LIBCMT:fileno.obj
 0001:000178cc       _isatty                    00000001400188cc f   LIBCMT:isatty.obj
 0001:0001792c       _fflush_nolock             000000014001892c f   LIBCMT:fflush.obj
 0001:00017978       _flush                     0000000140018978 f   LIBCMT:fflush.obj
 0001:000179f4       _flushall                  00000001400189f4 f   LIBCMT:fflush.obj
 0001:00017ae8       __raise_securityfailure    0000000140018ae8 f   LIBCMT:gs_report.obj
 0001:00017b34       __report_gsfailure         0000000140018b34 f   LIBCMT:gs_report.obj
 0001:00017c08       _locterm                   0000000140018c08 f   LIBCMT:wsetloca.obj
 0001:00017c60       _alloca_probe              0000000140018c60 f   LIBCMT:chkstk.obj
 0001:00017c60       __chkstk                   0000000140018c60 f   LIBCMT:chkstk.obj
 0001:00017cb0       _fcloseall                 0000000140018cb0 f   LIBCMT:closeall.obj
 0001:00017d58       _commit                    0000000140018d58 f   LIBCMT:commit.obj
 0001:00017e30       _write                     0000000140018e30 f   LIBCMT:write.obj
 0001:00017f14       _write_nolock              0000000140018f14 f   LIBCMT:write.obj
 0001:00018720       memcmp                     0000000140019720 f   LIBCMT:memcmp.obj
 0001:000187e8       _fclose_nolock             00000001400197e8 f   LIBCMT:fclose.obj
 0001:00018864       fclose                     0000000140019864 f   LIBCMT:fclose.obj
 0001:000188cc       __lock_fhandle             00000001400198cc f   LIBCMT:osfinfo.obj
 0001:00018964       _free_osfhnd               0000000140019964 f   LIBCMT:osfinfo.obj
 0001:00018a10       _get_osfhandle             0000000140019a10 f   LIBCMT:osfinfo.obj
 0001:00018a84       _unlock_fhandle            0000000140019a84 f   LIBCMT:osfinfo.obj
 0001:00018ab0       _isleadbyte_l              0000000140019ab0 f i LIBCMT:_wctype.obj
 0001:00018af4       isleadbyte                 0000000140019af4 f i LIBCMT:_wctype.obj
 0001:00018b3c       _lseeki64_nolock           0000000140019b3c f   LIBCMT:lseeki64.obj
 0001:00018bd0       _mbtowc_l                  0000000140019bd0 f   LIBCMT:mbtowc.obj
 0001:00018d24       mbtowc                     0000000140019d24 f   LIBCMT:mbtowc.obj
 0001:00018d2c       _putwch_nolock             0000000140019d2c f   LIBCMT:putwch.obj
 0001:00018d88       _isctype_l                 0000000140019d88 f   LIBCMT:isctype.obj
 0001:00018e64       __crt_atoflt_l             0000000140019e64 f   LIBCMT:atodbl.obj
 0001:00018f34       _atodbl_l                  0000000140019f34 f   LIBCMT:atodbl.obj
 0001:00018ffc       _atoflt_l                  0000000140019ffc f   LIBCMT:atodbl.obj
 0001:00019004       _fpmath                    000000014001a004 f   LIBCMT:fpinit.obj
 0001:0001900c       _cfltcvt_init              000000014001a00c f   LIBCMT:fpinit.obj
 0001:00019094       _close                     000000014001a094 f   LIBCMT:close.obj
 0001:00019158       _close_nolock              000000014001a158 f   LIBCMT:close.obj
 0001:00019214       _freebuf                   000000014001a214 f   LIBCMT:_freebuf.obj
 0001:0001924c       __termconout               000000014001a24c f   LIBCMT:initcon.obj
 0001:0001926c       __initconout               000000014001a26c f   LIBCMT:initcon.obj
 0001:000192b0       _ld12tod                   000000014001a2b0 f   LIBCMT:intrncvt.obj
 0001:00019868       _ld12tof                   000000014001a868 f   LIBCMT:intrncvt.obj
 0001:00019e20       __strgtold12_l             000000014001ae20 f   LIBCMT:strgtold.obj
 0001:0001a684       _cfltcvt                   000000014001b684 f   LIBCMT:cvt.obj
 0001:0001a6a8       _cfltcvt_l                 000000014001b6a8 f   LIBCMT:cvt.obj
 0001:0001a728       _cftoa_l                   000000014001b728 f   LIBCMT:cvt.obj
 0001:0001acd4       _cftoe_l                   000000014001bcd4 f   LIBCMT:cvt.obj
 0001:0001af30       _cftof_l                   000000014001bf30 f   LIBCMT:cvt.obj
 0001:0001b004       _cftog_l                   000000014001c004 f   LIBCMT:cvt.obj
 0001:0001b138       _cropzeros                 000000014001c138 f   LIBCMT:cvt.obj
 0001:0001b140       _cropzeros_l               000000014001c140 f   LIBCMT:cvt.obj
 0001:0001b1d8       _fassign                   000000014001c1d8 f   LIBCMT:cvt.obj
 0001:0001b1e0       _fassign_l                 000000014001c1e0 f   LIBCMT:cvt.obj
 0001:0001b220       _forcdecpt                 000000014001c220 f   LIBCMT:cvt.obj
 0001:0001b228       _forcdecpt_l               000000014001c228 f   LIBCMT:cvt.obj
 0001:0001b2a8       _positive                  000000014001c2a8 f   LIBCMT:cvt.obj
 0001:0001b2bc       __mtold12                  000000014001c2bc f   LIBCMT:mantold.obj
 0001:0001b4e0       isdigit                    000000014001c4e0 f i LIBCMT:_ctype.obj
 0001:0001b55c       _tolower_l                 000000014001c55c f   LIBCMT:tolower.obj
 0001:0001b6b0       tolower                    000000014001c6b0 f   LIBCMT:tolower.obj
 0001:0001b6d0       strrchr                    000000014001c6d0 f   LIBCMT:strrchr.obj
 0001:0001b814       _fptostr                   000000014001c814 f   LIBCMT:_fptostr.obj
 0001:0001b8e0       __dtold                    000000014001c8e0 f   LIBCMT:cfout.obj
 0001:0001b9b0       _fltout2                   000000014001c9b0 f   LIBCMT:cfout.obj
 0001:0001ba68       $I10_OUTPUT                000000014001ca68 f   LIBCMT:x10fout.obj
 0001:0001c540       RtlUnwindEx                000000014001d540 f   kernel32:KERNEL32.dll
 0001:0001c546       IsProcessorFeaturePresent  000000014001d546 f   kernel32:KERNEL32.dll
 0001:0001c54c       ?_GetEstablisherFrame@@YAPEA_KPEA_KPEAU_xDISPATCHER_CONTEXT@@PEBU_s_FuncInfo@@0@Z 000000014001d54c f   LIBCMT:trnsctrl.obj
 0001:0001c618       ?_GetRangeOfTrysToCheck@@YAPEBU_s_TryBlockMapEntry@@PEA_KPEBU_s_FuncInfo@@HHPEAI2PEAU_xDISPATCHER_CONTEXT@@@Z 000000014001d618 f   LIBCMT:trnsctrl.obj
 0001:0001c744       ?__FrameUnwindToEmptyState@@YAXPEA_KPEAU_xDISPATCHER_CONTEXT@@PEBU_s_FuncInfo@@@Z 000000014001d744 f   LIBCMT:trnsctrl.obj
 0001:0001c7d8       ?__SehTransFilter@@YAHPEAU_EXCEPTION_POINTERS@@PEAUEHExceptionRecord@@PEA_KPEAU_CONTEXT@@PEAU_xDISPATCHER_CONTEXT@@PEBU_s_FuncInfo@@PEAH@Z 000000014001d7d8 f   LIBCMT:trnsctrl.obj
 0001:0001c87c       _CallSETranslator          000000014001d87c f   LIBCMT:trnsctrl.obj
 0001:0001c8d0       _CreateFrameInfo           000000014001d8d0 f   LIBCMT:trnsctrl.obj
 0001:0001c914       _FindAndUnlinkFrame        000000014001d914 f   LIBCMT:trnsctrl.obj
 0001:0001c974       _GetImageBase              000000014001d974 f   LIBCMT:trnsctrl.obj
 0001:0001c98c       _GetThrowImageBase         000000014001d98c f   LIBCMT:trnsctrl.obj
 0001:0001c9a4       _IsExceptionObjectToBeDestroyed 000000014001d9a4 f   LIBCMT:trnsctrl.obj
 0001:0001c9d8       _SetImageBase              000000014001d9d8 f   LIBCMT:trnsctrl.obj
 0001:0001c9f4       _SetThrowImageBase         000000014001d9f4 f   LIBCMT:trnsctrl.obj
 0001:0001ca10       _UnwindNestedFrames        000000014001da10 f   LIBCMT:trnsctrl.obj
 0001:0001cb34       __CxxFrameHandler3         000000014001db34 f   LIBCMT:trnsctrl.obj
 0001:0001cbbc       __DestructExceptionObject  000000014001dbbc f   LIBCMT:frame.obj
 0001:0001cc2c       ??0bad_exception@std@@QEAA@AEBV01@@Z 000000014001dc2c f i LIBCMT:frame.obj
 0001:0001cc50       ??1bad_exception@std@@UEAA@XZ 000000014001dc50 f i LIBCMT:frame.obj
 0001:0001cc60       ??_Gbad_exception@std@@UEAAPEAXI@Z 000000014001dc60 f i LIBCMT:frame.obj
 0001:0001cc60       ??_Ebad_exception@std@@UEAAPEAXI@Z 000000014001dc60 f i LIBCMT:frame.obj
 0001:0001d554       __AdjustPointer            000000014001e554 f   LIBCMT:frame.obj
 0001:0001d578       __BuildCatchObject         000000014001e578 f   LIBCMT:frame.obj
 0001:0001d630       __BuildCatchObjectHelper   000000014001e630 f   LIBCMT:frame.obj
 0001:0001d880       __CxxCallCatchBlock        000000014001e880 f   LIBCMT:frame.obj
 0001:0001da84       __FrameUnwindFilter        000000014001ea84 f   LIBCMT:frame.obj
 0001:0001dad8       __FrameUnwindToState       000000014001ead8 f   LIBCMT:frame.obj
 0001:0001dc6c       __InternalCxxFrameHandler  000000014001ec6c f   LIBCMT:frame.obj
 0001:0001de90       __TypeMatch                000000014001ee90 f   LIBCMT:frame.obj
 0001:0001dfc0       ?__GetCurrentState@@YAHPEA_KPEAU_xDISPATCHER_CONTEXT@@PEBU_s_FuncInfo@@@Z 000000014001efc0 f   LIBCMT:ehstate.obj
 0001:0001dfe8       ?__GetUnwindTryBlock@@YAHPEA_KPEAU_xDISPATCHER_CONTEXT@@PEBU_s_FuncInfo@@@Z 000000014001efe8 f   LIBCMT:ehstate.obj
 0001:0001e014       ?__SetState@@YAXPEA_KPEAU_xDISPATCHER_CONTEXT@@PEBU_s_FuncInfo@@H@Z 000000014001f014 f   LIBCMT:ehstate.obj
 0001:0001e020       ?__SetUnwindTryBlock@@YAXPEA_KPEAU_xDISPATCHER_CONTEXT@@PEBU_s_FuncInfo@@H@Z 000000014001f020 f   LIBCMT:ehstate.obj
 0001:0001e05c       ?__StateFromControlPc@@YAHPEBU_s_FuncInfo@@PEAU_xDISPATCHER_CONTEXT@@@Z 000000014001f05c f   LIBCMT:ehstate.obj
 0001:0001e064       ?__StateFromIp@@YAHPEBU_s_FuncInfo@@PEAU_xDISPATCHER_CONTEXT@@_J@Z 000000014001f064 f   LIBCMT:ehstate.obj
 0001:0001e0f0       ?_ValidateExecute@@YAHP6A_JXZ@Z 000000014001f0f0 f   LIBCMT:validate.obj
 0001:0001e0f0       ?_ValidateWrite@@YAHPEAXI@Z 000000014001f0f0 f   LIBCMT:validate.obj
 0001:0001e0f0       ?_ValidateRead@@YAHPEBXI@Z 000000014001f0f0 f   LIBCMT:validate.obj
 0001:0001e110       _CallSettingFrame          000000014001f110 f   LIBCMT:handlers.obj
 0001:0001e150       _GetNextInstrOffset        000000014001f150 f   LIBCMT:handlers.obj
 0001:0001e980       ??__FcModuleState@?1??_GetCModuleState@CWinApp@@SAPEAVCModuleState@@XZ@YAXXZ 000000014001f980 f i ChildView.obj
 0002:00000000       __imp_InitCommonControlsEx 0000000140020000     comctl32:COMCTL32.dll
 0002:00000008       \177COMCTL32_NULL_THUNK_DATA 0000000140020008     comctl32:COMCTL32.dll
 0002:00000010       __imp_SaveDC               0000000140020010     gdi32:GDI32.dll
 0002:00000018       __imp_DeleteObject         0000000140020018     gdi32:GDI32.dll
 0002:00000020       __imp_SelectObject         0000000140020020     gdi32:GDI32.dll
 0002:00000028       __imp_GetTextMetricsA      0000000140020028     gdi32:GDI32.dll
 0002:00000030       __imp_SetBkColor           0000000140020030     gdi32:GDI32.dll
 0002:00000038       __imp_ExtTextOutA          0000000140020038     gdi32:GDI32.dll
 0002:00000040       __imp_IntersectClipRect    0000000140020040     gdi32:GDI32.dll
 0002:00000048       __imp_RestoreDC            0000000140020048     gdi32:GDI32.dll
 0002:00000050       __imp_ExcludeClipRect      0000000140020050     gdi32:GDI32.dll
 0002:00000058       __imp_GetDeviceCaps        0000000140020058     gdi32:GDI32.dll
 0002:00000060       __imp_GetCharWidthA        0000000140020060     gdi32:GDI32.dll
 0002:00000068       __imp_CreateFontA          0000000140020068     gdi32:GDI32.dll
 0002:00000070       __imp_GetObjectA           0000000140020070     gdi32:GDI32.dll
 0002:00000078       __imp_StretchDIBits        0000000140020078     gdi32:GDI32.dll
 0002:00000080       __imp_CreateCompatibleDC   0000000140020080     gdi32:GDI32.dll
 0002:00000088       __imp_CreateCompatibleBitmap 0000000140020088     gdi32:GDI32.dll
 0002:00000090       __imp_GetBkColor           0000000140020090     gdi32:GDI32.dll
 0002:00000098       __imp_DeleteDC             0000000140020098     gdi32:GDI32.dll
 0002:000000a0       __imp_TextOutA             00000001400200a0     gdi32:GDI32.dll
 0002:000000a8       \177GDI32_NULL_THUNK_DATA  00000001400200a8     gdi32:GDI32.dll
 0002:000000b0       __imp_GetModuleFileNameA   00000001400200b0     kernel32:KERNEL32.dll
 0002:000000b8       __imp_lstrcpyA             00000001400200b8     kernel32:KERNEL32.dll
 0002:000000c0       __imp_HeapAlloc            00000001400200c0     kernel32:KERNEL32.dll
 0002:000000c8       __imp_HeapFree             00000001400200c8     kernel32:KERNEL32.dll
 0002:000000d0       __imp_GetProcessHeap       00000001400200d0     kernel32:KERNEL32.dll
 0002:000000d8       __imp_InitializeSListHead  00000001400200d8     kernel32:KERNEL32.dll
 0002:000000e0       __imp_InterlockedPopEntrySList 00000001400200e0     kernel32:KERNEL32.dll
 0002:000000e8       __imp_InterlockedPushEntrySList 00000001400200e8     kernel32:KERNEL32.dll
 0002:000000f0       __imp_VirtualAlloc         00000001400200f0     kernel32:KERNEL32.dll
 0002:000000f8       __imp_VirtualFree          00000001400200f8     kernel32:KERNEL32.dll
 0002:00000100       __imp_IsDebuggerPresent    0000000140020100     kernel32:KERNEL32.dll
 0002:00000108       __imp_OutputDebugStringW   0000000140020108     kernel32:KERNEL32.dll
 0002:00000110       __imp_WriteConsoleW        0000000140020110     kernel32:KERNEL32.dll
 0002:00000118       __imp_SetFilePointerEx     0000000140020118     kernel32:KERNEL32.dll
 0002:00000120       __imp_SetStdHandle         0000000140020120     kernel32:KERNEL32.dll
 0002:00000128       __imp_GetConsoleMode       0000000140020128     kernel32:KERNEL32.dll
 0002:00000130       __imp_GetConsoleCP         0000000140020130     kernel32:KERNEL32.dll
 0002:00000138       __imp_FlushFileBuffers     0000000140020138     kernel32:KERNEL32.dll
 0002:00000140       __imp_LCMapStringW         0000000140020140     kernel32:KERNEL32.dll
 0002:00000148       __imp_GetStringTypeW       0000000140020148     kernel32:KERNEL32.dll
 0002:00000150       __imp_LoadLibraryExW       0000000140020150     kernel32:KERNEL32.dll
 0002:00000158       __imp_HeapReAlloc          0000000140020158     kernel32:KERNEL32.dll
 0002:00000160       __imp_GetModuleHandleW     0000000140020160     kernel32:KERNEL32.dll
 0002:00000168       __imp_TlsFree              0000000140020168     kernel32:KERNEL32.dll
 0002:00000170       __imp_DecodePointer        0000000140020170     kernel32:KERNEL32.dll
 0002:00000178       __imp_TlsGetValue          0000000140020178     kernel32:KERNEL32.dll
 0002:00000180       __imp_TlsAlloc             0000000140020180     kernel32:KERNEL32.dll
 0002:00000188       __imp_TerminateProcess     0000000140020188     kernel32:KERNEL32.dll
 0002:00000190       __imp_Sleep                0000000140020190     kernel32:KERNEL32.dll
 0002:00000198       __imp_InitializeCriticalSectionAndSpinCount 0000000140020198     kernel32:KERNEL32.dll
 0002:000001a0       __imp_SetUnhandledExceptionFilter 00000001400201a0     kernel32:KERNEL32.dll
 0002:000001a8       __imp_UnhandledExceptionFilter 00000001400201a8     kernel32:KERNEL32.dll
 0002:000001b0       __imp_RtlVirtualUnwind     00000001400201b0     kernel32:KERNEL32.dll
 0002:000001b8       __imp_RtlLookupFunctionEntry 00000001400201b8     kernel32:KERNEL32.dll
 0002:000001c0       __imp_RtlCaptureContext    00000001400201c0     kernel32:KERNEL32.dll
 0002:000001c8       __imp_FreeEnvironmentStringsW 00000001400201c8     kernel32:KERNEL32.dll
 0002:000001d0       __imp_GetEnvironmentStringsW 00000001400201d0     kernel32:KERNEL32.dll
 0002:000001d8       __imp_GetSystemTimeAsFileTime 00000001400201d8     kernel32:KERNEL32.dll
 0002:000001e0       __imp_GetCurrentProcessId  00000001400201e0     kernel32:KERNEL32.dll
 0002:000001e8       __imp_QueryPerformanceCounter 00000001400201e8     kernel32:KERNEL32.dll
 0002:000001f0       __imp_GetStartupInfoW      00000001400201f0     kernel32:KERNEL32.dll
 0002:000001f8       __imp_GetFileType          00000001400201f8     kernel32:KERNEL32.dll
 0002:00000200       __imp_GetModuleFileNameW   0000000140020200     kernel32:KERNEL32.dll
 0002:00000208       __imp_WriteFile            0000000140020208     kernel32:KERNEL32.dll
 0002:00000210       __imp_GetStdHandle         0000000140020210     kernel32:KERNEL32.dll
 0002:00000218       __imp_SetLastError         0000000140020218     kernel32:KERNEL32.dll
 0002:00000220       __imp_GetCPInfo            0000000140020220     kernel32:KERNEL32.dll
 0002:00000228       __imp_GetOEMCP             0000000140020228     kernel32:KERNEL32.dll
 0002:00000230       __imp_GetACP               0000000140020230     kernel32:KERNEL32.dll
 0002:00000238       __imp_IsValidCodePage      0000000140020238     kernel32:KERNEL32.dll
 0002:00000240       __imp_IsProcessorFeaturePresent 0000000140020240     kernel32:KERNEL32.dll
 0002:00000248       __imp_RtlPcToFileHeader    0000000140020248     kernel32:KERNEL32.dll
 0002:00000250       __imp_RtlUnwindEx          0000000140020250     kernel32:KERNEL32.dll
 0002:00000258       __imp_HeapSize             0000000140020258     kernel32:KERNEL32.dll
 0002:00000260       __imp_GetProcAddress       0000000140020260     kernel32:KERNEL32.dll
 0002:00000268       __imp_GetModuleHandleExW   0000000140020268     kernel32:KERNEL32.dll
 0002:00000270       __imp_ExitProcess          0000000140020270     kernel32:KERNEL32.dll
 0002:00000278       __imp_GetCommandLineA      0000000140020278     kernel32:KERNEL32.dll
 0002:00000280       __imp_EncodePointer        0000000140020280     kernel32:KERNEL32.dll
 0002:00000288       __imp_FindResourceW        0000000140020288     kernel32:KERNEL32.dll
 0002:00000290       __imp_SizeofResource       0000000140020290     kernel32:KERNEL32.dll
 0002:00000298       __imp_WideCharToMultiByte  0000000140020298     kernel32:KERNEL32.dll
 0002:000002a0       __imp_lstrcpynA            00000001400202a0     kernel32:KERNEL32.dll
 0002:000002a8       __imp_MultiByteToWideChar  00000001400202a8     kernel32:KERNEL32.dll
 0002:000002b0       __imp_lstrcmpiA            00000001400202b0     kernel32:KERNEL32.dll
 0002:000002b8       __imp_FindResourceA        00000001400202b8     kernel32:KERNEL32.dll
 0002:000002c0       __imp_FreeResource         00000001400202c0     kernel32:KERNEL32.dll
 0002:000002c8       __imp_LoadResource         00000001400202c8     kernel32:KERNEL32.dll
 0002:000002d0       __imp_LockResource         00000001400202d0     kernel32:KERNEL32.dll
 0002:000002d8       __imp_GlobalDeleteAtom     00000001400202d8     kernel32:KERNEL32.dll
 0002:000002e0       __imp_CloseHandle          00000001400202e0     kernel32:KERNEL32.dll
 0002:000002e8       __imp_LeaveCriticalSection 00000001400202e8     kernel32:KERNEL32.dll
 0002:000002f0       __imp_EnterCriticalSection 00000001400202f0     kernel32:KERNEL32.dll
 0002:000002f8       __imp_GetCurrentThreadId   00000001400202f8     kernel32:KERNEL32.dll
 0002:00000300       __imp_RaiseException       0000000140020300     kernel32:KERNEL32.dll
 0002:00000308       __imp_DeleteCriticalSection 0000000140020308     kernel32:KERNEL32.dll
 0002:00000310       __imp_InitializeCriticalSectionEx 0000000140020310     kernel32:KERNEL32.dll
 0002:00000318       __imp_GetLastError         0000000140020318     kernel32:KERNEL32.dll
 0002:00000320       __imp_FlushInstructionCache 0000000140020320     kernel32:KERNEL32.dll
 0002:00000328       __imp_GetCurrentProcess    0000000140020328     kernel32:KERNEL32.dll
 0002:00000330       __imp_lstrcmpA             0000000140020330     kernel32:KERNEL32.dll
 0002:00000338       __imp_TlsSetValue          0000000140020338     kernel32:KERNEL32.dll
 0002:00000340       __imp_lstrlenA             0000000140020340     kernel32:KERNEL32.dll
 0002:00000348       __imp_CreateFileW          0000000140020348     kernel32:KERNEL32.dll
 0002:00000350       \177KERNEL32_NULL_THUNK_DATA 0000000140020350     kernel32:KERNEL32.dll
 0002:00000358       __imp_DragQueryFileA       0000000140020358     shell32:SHELL32.dll
 0002:00000360       __imp_DragFinish           0000000140020360     shell32:SHELL32.dll
 0002:00000368       \177SHELL32_NULL_THUNK_DATA 0000000140020368     shell32:SHELL32.dll
 0002:00000370       __imp_PathFindExtensionA   0000000140020370     shlwapi:SHLWAPI.dll
 0002:00000378       __imp_PathFindFileNameA    0000000140020378     shlwapi:SHLWAPI.dll
 0002:00000380       \177SHLWAPI_NULL_THUNK_DATA 0000000140020380     shlwapi:SHLWAPI.dll
 0002:00000388       __imp_SetParent            0000000140020388     user32:USER32.dll
 0002:00000390       __imp_GetCursorPos         0000000140020390     user32:USER32.dll
 0002:00000398       __imp_GetForegroundWindow  0000000140020398     user32:USER32.dll
 0002:000003a0       __imp_AppendMenuA          00000001400203a0     user32:USER32.dll
 0002:000003a8       __imp_DeleteMenu           00000001400203a8     user32:USER32.dll
 0002:000003b0       __imp_GetSystemMenu        00000001400203b0     user32:USER32.dll
 0002:000003b8       __imp_GetCapture           00000001400203b8     user32:USER32.dll
 0002:000003c0       __imp_IsChild              00000001400203c0     user32:USER32.dll
 0002:000003c8       __imp_WindowFromPoint      00000001400203c8     user32:USER32.dll
 0002:000003d0       __imp_GetWindowDC          00000001400203d0     user32:USER32.dll
 0002:000003d8       __imp_GetSysColor          00000001400203d8     user32:USER32.dll
 0002:000003e0       __imp_IsWindow             00000001400203e0     user32:USER32.dll
 0002:000003e8       __imp_DefWindowProcA       00000001400203e8     user32:USER32.dll
 0002:000003f0       __imp_PostMessageA         00000001400203f0     user32:USER32.dll
 0002:000003f8       __imp_OffsetRect           00000001400203f8     user32:USER32.dll
 0002:00000400       __imp_GetDC                0000000140020400     user32:USER32.dll
 0002:00000408       __imp_ReleaseDC            0000000140020408     user32:USER32.dll
 0002:00000410       __imp_IsZoomed             0000000140020410     user32:USER32.dll
 0002:00000418       __imp_GetSystemMetrics     0000000140020418     user32:USER32.dll
 0002:00000420       __imp_SetRectEmpty         0000000140020420     user32:USER32.dll
 0002:00000428       __imp_SetFocus             0000000140020428     user32:USER32.dll
 0002:00000430       __imp_SetTimer             0000000140020430     user32:USER32.dll
 0002:00000438       __imp_TranslateAcceleratorA 0000000140020438     user32:USER32.dll
 0002:00000440       __imp_InvalidateRect       0000000140020440     user32:USER32.dll
 0002:00000448       __imp_IsIconic             0000000140020448     user32:USER32.dll
 0002:00000450       __imp_BringWindowToTop     0000000140020450     user32:USER32.dll
 0002:00000458       __imp_LoadMenuA            0000000140020458     user32:USER32.dll
 0002:00000460       __imp_LoadAcceleratorsA    0000000140020460     user32:USER32.dll
 0002:00000468       __imp_LoadStringA          0000000140020468     user32:USER32.dll
 0002:00000470       __imp_ShowOwnedPopups      0000000140020470     user32:USER32.dll
 0002:00000478       __imp_SetWindowLongA       0000000140020478     user32:USER32.dll
 0002:00000480       __imp_WinHelpA             0000000140020480     user32:USER32.dll
 0002:00000488       __imp_GetSubMenu           0000000140020488     user32:USER32.dll
 0002:00000490       __imp_GetMenuItemCount     0000000140020490     user32:USER32.dll
 0002:00000498       __imp_GetMenuItemID        0000000140020498     user32:USER32.dll
 0002:000004a0       __imp_GetKeyState          00000001400204a0     user32:USER32.dll
 0002:000004a8       __imp_BeginDeferWindowPos  00000001400204a8     user32:USER32.dll
 0002:000004b0       __imp_CopyRect             00000001400204b0     user32:USER32.dll
 0002:000004b8       __imp_ScreenToClient       00000001400204b8     user32:USER32.dll
 0002:000004c0       __imp_EqualRect            00000001400204c0     user32:USER32.dll
 0002:000004c8       __imp_DeferWindowPos       00000001400204c8     user32:USER32.dll
 0002:000004d0       __imp_EndDeferWindowPos    00000001400204d0     user32:USER32.dll
 0002:000004d8       __imp_GetClassNameA        00000001400204d8     user32:USER32.dll
 0002:000004e0       __imp_IsDialogMessageA     00000001400204e0     user32:USER32.dll
 0002:000004e8       __imp_CreateDialogIndirectParamA 00000001400204e8     user32:USER32.dll
 0002:000004f0       __imp_MonitorFromWindow    00000001400204f0     user32:USER32.dll
 0002:000004f8       __imp_GetMonitorInfoA      00000001400204f8     user32:USER32.dll
 0002:00000500       __imp_MapWindowPoints      0000000140020500     user32:USER32.dll
 0002:00000508       __imp_SendDlgItemMessageA  0000000140020508     user32:USER32.dll
 0002:00000510       __imp_EndDialog            0000000140020510     user32:USER32.dll
 0002:00000518       __imp_IsWindowEnabled      0000000140020518     user32:USER32.dll
 0002:00000520       __imp_SetActiveWindow      0000000140020520     user32:USER32.dll
 0002:00000528       __imp_UpdateWindow         0000000140020528     user32:USER32.dll
 0002:00000530       __imp_GetDlgItem           0000000140020530     user32:USER32.dll
 0002:00000538       __imp_GetDesktopWindow     0000000140020538     user32:USER32.dll
 0002:00000540       __imp_GetLastActivePopup   0000000140020540     user32:USER32.dll
 0002:00000548       __imp_GetClientRect        0000000140020548     user32:USER32.dll
 0002:00000550       __imp_SetWindowPos         0000000140020550     user32:USER32.dll
 0002:00000558       __imp_IsWindowVisible      0000000140020558     user32:USER32.dll
 0002:00000560       __imp_GetTopWindow         0000000140020560     user32:USER32.dll
 0002:00000568       __imp_ShowWindow           0000000140020568     user32:USER32.dll
 0002:00000570       __imp_GetMessageA          0000000140020570     user32:USER32.dll
 0002:00000578       __imp_GetActiveWindow      0000000140020578     user32:USER32.dll
 0002:00000580       __imp_TranslateMessage     0000000140020580     user32:USER32.dll
 0002:00000588       __imp_DispatchMessageA     0000000140020588     user32:USER32.dll
 0002:00000590       __imp_PeekMessageA         0000000140020590     user32:USER32.dll
 0002:00000598       __imp_EndPaint             0000000140020598     user32:USER32.dll
 0002:000005a0       __imp_BeginPaint           00000001400205a0     user32:USER32.dll
 0002:000005a8       __imp_wsprintfA            00000001400205a8     user32:USER32.dll
 0002:000005b0       __imp_AdjustWindowRectEx   00000001400205b0     user32:USER32.dll
 0002:000005b8       __imp_DestroyMenu          00000001400205b8     user32:USER32.dll
 0002:000005c0       __imp_GetMenu              00000001400205c0     user32:USER32.dll
 0002:000005c8       __imp_SetMenu              00000001400205c8     user32:USER32.dll
 0002:000005d0       __imp_ChildWindowFromPointEx 00000001400205d0     user32:USER32.dll
 0002:000005d8       __imp_ClientToScreen       00000001400205d8     user32:USER32.dll
[...]
 0004:00001860       $pdata$__crtIsPackagedApp  0000000140031860     LIBCMT:winapisupp.obj
 0004:0000186c       $pdata$__crtLoadWinApiPointers 000000014003186c     LIBCMT:winapisupp.obj
 0004:00001878       $pdata$__crtTerminateProcess 0000000140031878     LIBCMT:winapisupp.obj
 0004:00001884       $pdata$__crtUnhandledException 0000000140031884     LIBCMT:winapisupp.obj
 0004:00001890       $pdata$_wincmdln           0000000140031890     LIBCMT:wincmdln.obj
 0004:0000189c       $pdata$realloc             000000014003189c     LIBCMT:realloc.obj
 0004:000018a8       $pdata$_lock               00000001400318a8     LIBCMT:mlock.obj
 0004:000018b4       $pdata$_mtdeletelocks      00000001400318b4     LIBCMT:mlock.obj
 0004:000018c0       $pdata$_mtinitlocknum      00000001400318c0     LIBCMT:mlock.obj
 0004:000018cc       $pdata$_mtinitlocks        00000001400318cc     LIBCMT:mlock.obj
 0004:000018d8       $pdata$_IsNonwritableInCurrentImage 00000001400318d8     LIBCMT:pesect.obj
 0004:000018e4       $pdata$_initp_misc_cfltcvt_tab 00000001400318e4     LIBCMT:cmiscdat.obj
 0004:000018f0       $pdata$raise               00000001400318f0     LIBCMT:winsig.obj
 0004:000018fc       $pdata$_calloc_impl        00000001400318fc     LIBCMT:calloc_impl.obj
 0004:00001938       $pdata$__GSHandlerCheck    0000000140031938     LIBCMT:gshandler.obj
 0004:00001944       $pdata$__GSHandlerCheckCommon 0000000140031944     LIBCMT:gshandler.obj
 0004:0000195c       $pdata$__free_lconv_mon    000000014003195c     LIBCMT:initmon.obj
 0004:00001968       $pdata$__free_lconv_num    0000000140031968     LIBCMT:initnum.obj
 0004:00001974       $pdata$__free_lc_time      0000000140031974     LIBCMT:inittime.obj
 0004:00001980       $pdata$?__crtLCMapStringA_stat@@YAHPEAUlocaleinfo_struct@@PEB_WKPEBDHPEADHHH@Z 0000000140031980     LIBCMT:a_map.obj
 0004:0000198c       $pdata$__crtLCMapStringA   000000014003198c     LIBCMT:a_map.obj
 0004:00001998       $pdata$?__crtGetStringTypeA_stat@@YAHPEAUlocaleinfo_struct@@KPEBDHPEAGHH@Z 0000000140031998     LIBCMT:a_str.obj
 0004:000019a4       $pdata$__crtGetStringTypeA 00000001400319a4     LIBCMT:a_str.obj
 0004:000019b0       $pdata$GetTableIndexFromLocaleName 00000001400319b0     LIBCMT:winapinls.obj
 0004:000019bc       $pdata$__crtDownlevelLocaleNameToLCID 00000001400319bc     LIBCMT:winapinls.obj
 0004:000019c8       $pdata$__crtLCMapStringEx  00000001400319c8     LIBCMT:winapinls.obj
 0004:000019d4       $pdata$wcscat_s            00000001400319d4     LIBCMT:wcscat_s.obj
 0004:000019e0       $pdata$wcscpy_s            00000001400319e0     LIBCMT:wcscpy_s.obj
 0004:000019ec       $pdata$wcsncpy_s           00000001400319ec     LIBCMT:wcsncpy_s.obj
 0004:000019f8       $pdata$__crtMessageBoxW    00000001400319f8     LIBCMT:crtmboxw.obj
 0004:00001a04       $pdata$__initstdio         0000000140031a04     LIBCMT:_file.obj
 0004:00001a10       $pdata$__endstdio          0000000140031a10     LIBCMT:_file.obj
 0004:00001a1c       $pdata$_lock_file          0000000140031a1c     LIBCMT:_file.obj
 0004:00001a28       $pdata$_lock_file2         0000000140031a28     LIBCMT:_file.obj
 0004:00001a34       $pdata$?x_ismbbtype_l@@YAHPEAUlocaleinfo_struct@@IHH@Z 0000000140031a34     LIBCMT:ismbbyte.obj
 0004:00001a40       $pdata$_fileno             0000000140031a40     LIBCMT:fileno.obj
 0004:00001a4c       $pdata$_isatty             0000000140031a4c     LIBCMT:isatty.obj
 0004:00001a58       $pdata$_fflush_nolock      0000000140031a58     LIBCMT:fflush.obj
 0004:00001a64       $pdata$_flush              0000000140031a64     LIBCMT:fflush.obj
 0004:00001a70       $pdata$flsall              0000000140031a70     LIBCMT:fflush.obj
 0004:00001a7c       $pdata$__raise_securityfailure 0000000140031a7c     LIBCMT:gs_report.obj
 0004:00001a88       $pdata$__report_gsfailure  0000000140031a88     LIBCMT:gs_report.obj
 0004:00001a94       $pdata$_locterm            0000000140031a94     LIBCMT:wsetloca.obj
 0004:00001aac       $pdata$_fcloseall          0000000140031aac     LIBCMT:closeall.obj
 0004:00001ab8       $pdata$_commit             0000000140031ab8     LIBCMT:commit.obj
 0004:00001ac4       $pdata$_write              0000000140031ac4     LIBCMT:write.obj
 0004:00001ad0       $pdata$_write_nolock       0000000140031ad0     LIBCMT:write.obj
 0004:00001ae8       $pdata$_fclose_nolock      0000000140031ae8     LIBCMT:fclose.obj
 0004:00001af4       $pdata$fclose              0000000140031af4     LIBCMT:fclose.obj
 0004:00001b00       $pdata$__lock_fhandle      0000000140031b00     LIBCMT:osfinfo.obj
 0004:00001b0c       $pdata$_free_osfhnd        0000000140031b0c     LIBCMT:osfinfo.obj
 0004:00001b18       $pdata$_get_osfhandle      0000000140031b18     LIBCMT:osfinfo.obj
 0004:00001b24       $pdata$_isleadbyte_l       0000000140031b24     LIBCMT:_wctype.obj
 0004:00001b30       $pdata$isleadbyte          0000000140031b30     LIBCMT:_wctype.obj
 0004:00001b3c       $pdata$_lseeki64_nolock    0000000140031b3c     LIBCMT:lseeki64.obj
 0004:00001b48       $pdata$_mbtowc_l           0000000140031b48     LIBCMT:mbtowc.obj
 0004:00001b54       $pdata$_putwch_nolock      0000000140031b54     LIBCMT:putwch.obj
 0004:00001b60       $pdata$_isctype_l          0000000140031b60     LIBCMT:isctype.obj
 0004:00001b6c       $pdata$__crt_atoflt_l      0000000140031b6c     LIBCMT:atodbl.obj
 0004:00001b78       $pdata$_atodbl_l           0000000140031b78     LIBCMT:atodbl.obj
 0004:00001b84       $pdata$_close              0000000140031b84     LIBCMT:close.obj
 0004:00001b90       $pdata$_close_nolock       0000000140031b90     LIBCMT:close.obj
 0004:00001b9c       $pdata$_freebuf            0000000140031b9c     LIBCMT:_freebuf.obj
 0004:00001ba8       $pdata$__termconout        0000000140031ba8     LIBCMT:initcon.obj
 0004:00001bb4       $pdata$__initconout        0000000140031bb4     LIBCMT:initcon.obj
 0004:00001bc0       $pdata$_ld12tod            0000000140031bc0     LIBCMT:intrncvt.obj
 0004:00001bcc       $pdata$_ld12tof            0000000140031bcc     LIBCMT:intrncvt.obj
 0004:00001bd8       $pdata$__strgtold12_l      0000000140031bd8     LIBCMT:strgtold.obj
 0004:00001be4       $pdata$_cfltcvt            0000000140031be4     LIBCMT:cvt.obj
 0004:00001bf0       $pdata$_cfltcvt_l          0000000140031bf0     LIBCMT:cvt.obj
 0004:00001bfc       $pdata$_cftoa_l            0000000140031bfc     LIBCMT:cvt.obj
 0004:00001c08       $pdata$_cftoe2_l           0000000140031c08     LIBCMT:cvt.obj
 0004:00001c14       $pdata$_cftoe_l            0000000140031c14     LIBCMT:cvt.obj
 0004:00001c20       $pdata$_cftof2_l           0000000140031c20     LIBCMT:cvt.obj
 0004:00001c2c       $pdata$_cftof_l            0000000140031c2c     LIBCMT:cvt.obj
 0004:00001c38       $pdata$_cftog_l            0000000140031c38     LIBCMT:cvt.obj
 0004:00001c44       $pdata$_cropzeros_l        0000000140031c44     LIBCMT:cvt.obj
 0004:00001c50       $pdata$_fassign_l          0000000140031c50     LIBCMT:cvt.obj
 0004:00001c5c       $pdata$_forcdecpt_l        0000000140031c5c     LIBCMT:cvt.obj
 0004:00001c68       $pdata$__mtold12           0000000140031c68     LIBCMT:mantold.obj
 0004:00001c74       $pdata$isdigit             0000000140031c74     LIBCMT:_ctype.obj
 0004:00001c80       $pdata$_tolower_l          0000000140031c80     LIBCMT:tolower.obj
 0004:00001c8c       $pdata$strrchr             0000000140031c8c     LIBCMT:strrchr.obj
 0004:00001c98       $pdata$_fptostr            0000000140031c98     LIBCMT:_fptostr.obj
 0004:00001ca4       $pdata$__dtold             0000000140031ca4     LIBCMT:cfout.obj
 0004:00001cb0       $pdata$_fltout2            0000000140031cb0     LIBCMT:cfout.obj
 0004:00001cbc       $pdata$$I10_OUTPUT         0000000140031cbc     LIBCMT:x10fout.obj
 0004:00001cc8       $pdata$?_GetEstablisherFrame@@YAPEA_KPEA_KPEAU_xDISPATCHER_CONTEXT@@PEBU_s_FuncInfo@@0@Z 0000000140031cc8     LIBCMT:trnsctrl.obj
 0004:00001cd4       $pdata$?_GetRangeOfTrysToCheck@@YAPEBU_s_TryBlockMapEntry@@PEA_KPEBU_s_FuncInfo@@HHPEAI2PEAU_xDISPATCHER_CONTEXT@@@Z 0000000140031cd4     LIBCMT:trnsctrl.obj
 0004:00001ce0       $pdata$?__FrameUnwindToEmptyState@@YAXPEA_KPEAU_xDISPATCHER_CONTEXT@@PEBU_s_FuncInfo@@@Z 0000000140031ce0     LIBCMT:trnsctrl.obj
 0004:00001cec       $pdata$?__SehTransFilter@@YAHPEAU_EXCEPTION_POINTERS@@PEAUEHExceptionRecord@@PEA_KPEAU_CONTEXT@@PEAU_xDISPATCHER_CONTEXT@@PEBU_s_FuncInfo@@PEAH@Z 0000000140031cec     LIBCMT:trnsctrl.obj
 0004:00001cf8       $pdata$_CallSETranslator   0000000140031cf8     LIBCMT:trnsctrl.obj
 0004:00001d04       $pdata$_CreateFrameInfo    0000000140031d04     LIBCMT:trnsctrl.obj
 0004:00001d10       $pdata$_FindAndUnlinkFrame 0000000140031d10     LIBCMT:trnsctrl.obj
 0004:00001d1c       $pdata$_GetImageBase       0000000140031d1c     LIBCMT:trnsctrl.obj
 0004:00001d28       $pdata$_GetThrowImageBase  0000000140031d28     LIBCMT:trnsctrl.obj
 0004:00001d34       $pdata$_IsExceptionObjectToBeDestroyed 0000000140031d34     LIBCMT:trnsctrl.obj
 0004:00001d40       $pdata$_SetImageBase       0000000140031d40     LIBCMT:trnsctrl.obj
 0004:00001d4c       $pdata$_SetThrowImageBase  0000000140031d4c     LIBCMT:trnsctrl.obj
 0004:00001d58       $pdata$_UnwindNestedFrames 0000000140031d58     LIBCMT:trnsctrl.obj
 0004:00001d64       $pdata$__CxxFrameHandler3  0000000140031d64     LIBCMT:trnsctrl.obj
 0004:00001d70       $pdata$__DestructExceptionObject 0000000140031d70     LIBCMT:frame.obj
 0004:00001d7c       $pdata$??0bad_exception@std@@QEAA@AEBV01@@Z 0000000140031d7c     LIBCMT:frame.obj
 0004:00001d88       $pdata$??_Gbad_exception@std@@UEAAPEAXI@Z 0000000140031d88     LIBCMT:frame.obj
 0004:00001d94       $pdata$?CatchIt@@YAXPEAUEHExceptionRecord@@PEA_KPEAU_CONTEXT@@PEAU_xDISPATCHER_CONTEXT@@PEBU_s_FuncInfo@@PEBU_s_HandlerType@@PEBU_s_CatchableType@@PEBU_s_TryBlockMapEntry@@H1EE@Z 0000000140031d94     LIBCMT:frame.obj
 0004:00001da0       $pdata$?FindHandler@@YAXPEAUEHExceptionRecord@@PEA_KPEAU_CONTEXT@@PEAU_xDISPATCHER_CONTEXT@@PEBU_s_FuncInfo@@EH1@Z 0000000140031da0     LIBCMT:frame.obj
 0004:00001dac       $pdata$?FindHandlerForForeignException@@YAXPEAUEHExceptionRecord@@PEA_KPEAU_CONTEXT@@PEAU_xDISPATCHER_CONTEXT@@PEBU_s_FuncInfo@@HH1@Z 0000000140031dac     LIBCMT:frame.obj
 0004:00001db8       $pdata$?IsInExceptionSpec@@YAEPEAUEHExceptionRecord@@PEBU_s_ESTypeList@@@Z 0000000140031db8     LIBCMT:frame.obj
 0004:00001dc4       $pdata$__BuildCatchObject  0000000140031dc4     LIBCMT:frame.obj
 0004:00001dd0       $pdata$__BuildCatchObjectHelper 0000000140031dd0     LIBCMT:frame.obj
 0004:00001ddc       $pdata$__CxxCallCatchBlock 0000000140031ddc     LIBCMT:frame.obj
 0004:00001de8       $pdata$__FrameUnwindFilter 0000000140031de8     LIBCMT:frame.obj
 0004:00001df4       $pdata$__FrameUnwindToState 0000000140031df4     LIBCMT:frame.obj
 0004:00001e00       $pdata$__InternalCxxFrameHandler 0000000140031e00     LIBCMT:frame.obj
 0004:00001e0c       $pdata$__TypeMatch         0000000140031e0c     LIBCMT:frame.obj
 0004:00001e18       $pdata$?__GetCurrentState@@YAHPEA_KPEAU_xDISPATCHER_CONTEXT@@PEBU_s_FuncInfo@@@Z 0000000140031e18     LIBCMT:ehstate.obj
 0004:00001e24       $pdata$?__GetUnwindTryBlock@@YAHPEA_KPEAU_xDISPATCHER_CONTEXT@@PEBU_s_FuncInfo@@@Z 0000000140031e24     LIBCMT:ehstate.obj
 0004:00001e30       $pdata$?__SetUnwindTryBlock@@YAXPEA_KPEAU_xDISPATCHER_CONTEXT@@PEBU_s_FuncInfo@@H@Z 0000000140031e30     LIBCMT:ehstate.obj
 0004:00001e3c       $pdata$?__StateFromIp@@YAHPEBU_s_FuncInfo@@PEAU_xDISPATCHER_CONTEXT@@_J@Z 0000000140031e3c     LIBCMT:ehstate.obj
 0004:00001e54       $pdata$?catch$0@?0??AllocBuffer@CString@WTL@@IEAAHH@Z@4HA 0000000140031e54     ChildView.obj
 0004:00001e60       $pdata$_onexit$fin$0       0000000140031e60     LIBCMT:onexit.obj
 0004:00001e6c       $pdata$__tmainCRTStartup$filt$0 0000000140031e6c     LIBCMT:wincrt0.obj
 0004:00001e78       $pdata$doexit$fin$0        0000000140031e78     LIBCMT:crt0dat.obj
 0004:00001e84       $pdata$?fin$0@?0??_Type_info_dtor@type_info@@CAXPEAV1@@Z@4HA 0000000140031e84     LIBCMT:typname.obj
 0004:00001e90       $pdata$_setmbcp$fin$0      0000000140031e90     LIBCMT:mbctype.obj
 0004:00001e90       $pdata$__updatetmbcinfo$fin$0 0000000140031e90     LIBCMT:mbctype.obj
 0004:00001e9c       $pdata$_freefls$fin$1      0000000140031e9c     LIBCMT:tidtable.obj
 0004:00001e9c       $pdata$_initptd$fin$1      0000000140031e9c     LIBCMT:tidtable.obj
 0004:00001ea8       $pdata$_initptd$fin$0      0000000140031ea8     LIBCMT:tidtable.obj
 0004:00001ea8       $pdata$_freefls$fin$0      0000000140031ea8     LIBCMT:tidtable.obj
 0004:00001eb4       $pdata$_ioinit$fin$0       0000000140031eb4     LIBCMT:ioinit.obj
 0004:00001ec0       $pdata$_mtinitlocknum$fin$0 0000000140031ec0     LIBCMT:mlock.obj
 0004:00001ecc       $pdata$_IsNonwritableInCurrentImage$filt$0 0000000140031ecc     LIBCMT:pesect.obj
 0004:00001ed8       $pdata$raise$fin$0         0000000140031ed8     LIBCMT:winsig.obj
 0004:00001ee4       $pdata$flsall$fin$0        0000000140031ee4     LIBCMT:fflush.obj
 0004:00001ef0       $pdata$flsall$fin$1        0000000140031ef0     LIBCMT:fflush.obj
 0004:00001efc       $pdata$__updatetlocinfo$fin$0 0000000140031efc     LIBCMT:wsetloca.obj
 0004:00001efc       $pdata$_locterm$fin$0      0000000140031efc     LIBCMT:wsetloca.obj
 0004:00001f08       $pdata$_fcloseall$fin$0    0000000140031f08     LIBCMT:closeall.obj
 0004:00001f14       $pdata$_close$fin$0        0000000140031f14     LIBCMT:commit.obj
 0004:00001f14       $pdata$_commit$fin$0       0000000140031f14     LIBCMT:commit.obj
 0004:00001f20       $pdata$_write$fin$0        0000000140031f20     LIBCMT:write.obj
 0004:00001f2c       $pdata$fclose$fin$0        0000000140031f2c     LIBCMT:fclose.obj
 0004:00001f38       $pdata$__lock_fhandle$fin$0 0000000140031f38     LIBCMT:osfinfo.obj
 0004:00001f44       $pdata$_CallSETranslator$filt$0 0000000140031f44     LIBCMT:trnsctrl.obj
 0004:00001f50       $pdata$__CxxCallCatchBlock$filt$0 0000000140031f50     LIBCMT:frame.obj
 0004:00001f5c       $pdata$__CxxCallCatchBlock$fin$1 0000000140031f5c     LIBCMT:frame.obj
 0004:00001f68       $pdata$__DestructExceptionObject$filt$0 0000000140031f68     LIBCMT:frame.obj
 0004:00001f74       $pdata$__FrameUnwindToState$filt$0 0000000140031f74     LIBCMT:frame.obj
 0004:00001f80       $pdata$__FrameUnwindToState$fin$1 0000000140031f80     LIBCMT:frame.obj
 0004:00001f8c       $pdata$??__F_AtlWinModule@ATL@@YAXXZ 0000000140031f8c     ChildView.obj
 0005:00000df0       $R000000                   0000000140032df0     FrmVC6.res
 0005:000010d8       $R0002E8                   00000001400330d8     FrmVC6.res
 0005:00001200       $R000410                   0000000140033200     FrmVC6.res
 0005:00001228       $R000438                   0000000140033228     FrmVC6.res
 0005:000014e8       $R0006F8                   00000001400334e8     FrmVC6.res
 0005:00001500       $R000710                   0000000140033500     FrmVC6.res
 0005:00001680       $R000890                   0000000140033680     FrmVC6.res
 0005:000016d0       $R0008E0                   00000001400336d0     FrmVC6.res
 0005:000017d8       $R0009E8                   00000001400337d8     FrmVC6.res
 0005:00001ac8       $R000CD8                   0000000140033ac8     FrmVC6.res
 0005:00001c00       $R000E10                   0000000140033c00     FrmVC6.res
 0005:00001cb8       $R000EC8                   0000000140033cb8     FrmVC6.res
 0005:00001ce0       $R000EF0                   0000000140033ce0     FrmVC6.res
 0005:00001e18       $R001028                   0000000140033e18     FrmVC6.res
 0005:00001e30       $R001040                   0000000140033e30     FrmVC6.res
 0005:00001f68       $R001178                   0000000140033f68     FrmVC6.res
 0005:00001f80       $R001190                   0000000140033f80     FrmVC6.res
 0005:000020b8       $R0012C8                   00000001400340b8     FrmVC6.res
 0005:000020d0       $R0012E0                   00000001400340d0     FrmVC6.res
 0005:00002208       $R001418                   0000000140034208     FrmVC6.res
 0005:00002220       $R001430                   0000000140034220     FrmVC6.res
 0005:00002358       $R001568                   0000000140034358     FrmVC6.res
 0005:00002370       $R001580                   0000000140034370     FrmVC6.res
 0005:000024a8       $R0016B8                   00000001400344a8     FrmVC6.res
 0005:000024c0       $R0016D0                   00000001400344c0     FrmVC6.res
 0005:000025f8       $R001808                   00000001400345f8     FrmVC6.res
 0005:00002610       $R001820                   0000000140034610     FrmVC6.res
 0005:00002748       $R001958                   0000000140034748     FrmVC6.res
 0005:00002760       $R001970                   0000000140034760     FrmVC6.res
 0005:00002898       $R001AA8                   0000000140034898     FrmVC6.res
 0005:000028b0       $R001AC0                   00000001400348b0     FrmVC6.res
 0005:000029e8       $R001BF8                   00000001400349e8     FrmVC6.res
 0005:00002a00       $R001C10                   0000000140034a00     FrmVC6.res
 0005:00002b38       $R001D48                   0000000140034b38     FrmVC6.res
 0005:00002b50       $R001D60                   0000000140034b50     FrmVC6.res
 0005:00002c88       $R001E98                   0000000140034c88     FrmVC6.res
 0005:00002ca0       $R001EB0                   0000000140034ca0     FrmVC6.res
 0005:00002dd8       $R001FE8                   0000000140034dd8     FrmVC6.res
 0005:00002df0       $R002000                   0000000140034df0     FrmVC6.res
 0005:00002f28       $R002138                   0000000140034f28     FrmVC6.res
 0005:00002f40       $R002150                   0000000140034f40     FrmVC6.res
 0005:00003028       $R002238                   0000000140035028     FrmVC6.res
 0005:00003060       $R002270                   0000000140035060     FrmVC6.res
 0005:00003118       $R002328                   0000000140035118     FrmVC6.res
 0005:00003260       $R002470                   0000000140035260     FrmVC6.res
 0005:00003290       $R0024A0                   0000000140035290     FrmVC6.res
 0005:000032c8       $R0024D8                   00000001400352c8     FrmVC6.res
 0005:00003310       $R002520                   0000000140035310     FrmVC6.res
 0005:000033b0       $R0025C0                   00000001400353b0     FrmVC6.res
 0005:00003428       $R002638                   0000000140035428     FrmVC6.res
 0005:00003468       $R002678                   0000000140035468     FrmVC6.res
 0005:00003628       $R002838                   0000000140035628     FrmVC6.res
 0005:000036c8       $R0028D8                   00000001400356c8     FrmVC6.res
 0005:000037c0       $R0029D0                   00000001400357c0     FrmVC6.res
 0005:00003820       $R002A30                   0000000140035820     FrmVC6.res
 0005:00003888       $R002A98                   0000000140035888     FrmVC6.res
 0005:000038b8       $R002AC8                   00000001400358b8     FrmVC6.res
 0005:000039a0       $R002BB0                   00000001400359a0     FrmVC6.res
 0005:00003cf8       $R002F08                   0000000140035cf8     FrmVC6.res
 0005:00003d70       $R002F80                   0000000140035d70     FrmVC6.res
 0005:00003f00       $R003110                   0000000140035f00     FrmVC6.res
 0005:000040c0       $R0032D0                   00000001400360c0     FrmVC6.res
 0005:000043a8       $R0035B8                   00000001400363a8     FrmVC6.res
 0005:00004508       $R003718                   0000000140036508     FrmVC6.res
 0005:00004598       $R0037A8                   0000000140036598     FrmVC6.res
 0005:000045c0       $R0037D0                   00000001400365c0     FrmVC6.res
 0005:00004628       $R003838                   0000000140036628     FrmVC6.res
 0005:000048e8       $R003AF8                   00000001400368e8     FrmVC6.res
