 MdiVC6

 Timestamp is 5947410b (Mon Jun 19 12:12:11 2017)

 Preferred load address is 00400000

 Start         Length     Name                   Class
 0001:00000000 0003a896H .text                   CODE
 0001:0003a8a0 000013b2H .text$x                 CODE
 0002:00000000 00000538H .idata$5                DATA
 0002:00000538 00001ba4H .rdata                  DATA
 0002:000020e0 00000044H .rdata$r                DATA
 0002:00002128 00001860H .xdata$x                DATA
 0002:00003988 000000b4H .idata$2                DATA
 0002:00003a3c 00000014H .idata$3                DATA
 0002:00003a50 00000538H .idata$4                DATA
 0002:00003f88 000015d4H .idata$6                DATA
 0002:0000555c 00000000H .edata                  DATA
 0003:00000000 00000004H .CRT$XCA                DATA
 0003:00000004 00000018H .CRT$XCU                DATA
 0003:0000001c 00000004H .CRT$XCZ                DATA
 0003:00000020 00000004H .CRT$XIA                DATA
 0003:00000024 00000008H .CRT$XIC                DATA
 0003:0000002c 00000004H .CRT$XIY                DATA
 0003:00000030 00000004H .CRT$XIZ                DATA
 0003:00000034 00000004H .CRT$XPA                DATA
 0003:00000038 00000004H .CRT$XPZ                DATA
 0003:0000003c 00000004H .CRT$XTA                DATA
 0003:00000040 00000004H .CRT$XTB                DATA
 0003:00000044 00000004H .CRT$XTZ                DATA
 0003:00000050 00002ef0H .data                   DATA
 0003:00002f40 00000a20H .bss                    DATA
 0004:00000000 00000aa8H .rsrc$01                DATA
 0004:00000ab0 00003f80H .rsrc$02                DATA

  Address         Publics by Value              Rva+Base     Lib:Object

 0001:00000000       ?CreateObject@CChildFrame@@SAPAVCObject@@XZ 00401000 f   ChildFrm.obj
 0001:00000060       ?GetRuntimeClass@CChildFrame@@UBEPAUCRuntimeClass@@XZ 00401060 f   ChildFrm.obj
 0001:00000070       ??0CChildFrame@@QAE@XZ     00401070 f   ChildFrm.obj
 0001:000001a0       ?_ProcessWindowMessage@CChildFrame@@UAEHPAUHWND__@@IIJAAJ@Z 004011a0 f i ChildFrm.obj
 0001:000004a0       ??_ECChildFrame@@UAEPAXI@Z 004014a0 f i ChildFrm.obj
 0001:000004a0       ??_GCChildFrame@@UAEPAXI@Z 004014a0 f i ChildFrm.obj
 0001:000004c0       ??1CChildFrame@@UAE@XZ     004014c0 f   ChildFrm.obj
 0001:00000580       ?PreCreateWindow@CChildFrame@@UAEHAAUtagCREATESTRUCTA@@@Z 00401580 f   ChildFrm.obj
 0001:00000880       ??YCString@WTL@@QAEAAV01@PBD@Z 00401880 f i ChildFrm.obj
 0001:000009a0       ?memcpy_x@SecureHelper@WTL@@YAXPAXIPBXI@Z 004019a0 f i ChildFrm.obj
 0001:000009d0       ??1CString@WTL@@QAE@XZ     004019d0 f i ChildFrm.obj
 0001:00000a00       ?AllocBuffer@CString@WTL@@IAEHH@Z 00401a00 f i ChildFrm.obj
 0001:00000a60       ?ConcatInPlace@CString@WTL@@IAEXHPBD@Z 00401a60 f i ChildFrm.obj
 0001:00000b60       ?_AfxRegisterWithIcon@CAfx@@SAHPAUtagWNDCLASSA@@PBDI@Z 00401b60 f i ChildFrm.obj
 0001:00000d60       ?Release@CString@WTL@@KGXPAUCStringData@2@@Z 00401d60 f i ChildFrm.obj
 0001:00000d90       ?AfxRegisterClass@CAfx@@SAHPAUtagWNDCLASSA@@@Z 00401d90 f i ChildFrm.obj
 0001:00000f80       ?GetCurrentMessage@CCmdTarget@@UBEPBUtagMSG@@XZ 00401f80 f i ChildFrm.obj
 0001:00000f90       ?OnCmdMsg@CDocTemplate@@UAEHIHPAXPAUAFX_CMDHANDLERINFO@@@Z 00401f90 f i ChildFrm.obj
 0001:00000f90       ?OnCmdMsg@CCmdTarget@@UAEHIHPAXPAUAFX_CMDHANDLERINFO@@@Z 00401f90 f i ChildFrm.obj
 0001:00001070       ??1CWMHnd@@UAE@XZ          00402070 f i ChildFrm.obj
 0001:00001080       ?CalcWindowRect@CWMHnd@@UAEXPAUtagRECT@@I@Z 00402080 f i ChildFrm.obj
 0001:000010c0       ?EnableWindow@CWMHnd@@UAEXH@Z 004020c0 f i ChildFrm.obj
 0001:000010e0       ?GetMenu@CWMHnd@@UBEPAVCMenuMTL@@XZ 004020e0 f i ChildFrm.obj
 0001:00001110       ?classHandleFuncCMenuMTL@CMenuMTL@@SAPAXPAX0@Z 00402110 f i ChildFrm.obj
 0001:00001150       ??_ECMenuMTL@@UAEPAXI@Z    00402150 f i ChildFrm.obj
 0001:00001150       ??_GCMenuMTL@@UAEPAXI@Z    00402150 f i ChildFrm.obj
 0001:00001170       ??1CMenuMTL@@UAE@XZ        00402170 f i ChildFrm.obj
 0001:000011c0       ?SetMenu@CWMHnd@@UAEHPAVCMenuMTL@@@Z 004021c0 f i ChildFrm.obj
 0001:000011f0       ?CWndDestruct@CWnd@@QAEXXZ 004021f0 f i ChildFrm.obj
 0001:00001250       ??1CWnd@@UAE@XZ            00402250 f i ChildFrm.obj
 0001:000012a0       ?classHandleFuncCWnd@CWnd@@SAPAXPAX0@Z 004022a0 f i ChildFrm.obj
 0001:00001300       ?DefWindowProcA@CWnd@@UAEJIIJ@Z 00402300 f i ChildFrm.obj
 0001:00001320       ?WindowProc@CWnd@@UAEJIIJ@Z 00402320 f i ChildFrm.obj
 0001:00001370       ?OnWndMsg@CWnd@@UAEHIIJPAJ@Z 00402370 f i ChildFrm.obj
 0001:000013f0       ?OnChildNotify@CWnd@@UAEHIIJPAJ@Z 004023f0 f i ChildFrm.obj
 0001:000015e0       ?OnCommand@CWnd@@UAEHIJ@Z  004025e0 f i ChildFrm.obj
 0001:00001710       ?Enable@CTestCmdUI@@UAEXH@Z 00402710 f i ChildFrm.obj
 0001:00001730       ?OnToolHitTest@CWnd@@UBEJVCPoint@WTL@@PAUtagTOOLINFOA@@@Z 00402730 f i ChildFrm.obj
 0001:00001860       ?OnNotify@CWnd@@UAEHIJPAJ@Z 00402860 f i ChildFrm.obj
 0001:00001930       ?Create@CWnd@@UAEHPBD0KABUtagRECT@@PAV1@IPAUCCreateContext@@@Z 00402930 f i ChildFrm.obj
 0001:00001990       ?CreateEx@CWnd@@UAEHKPBD0KHHHHPAUHWND__@@PAUHMENU__@@PAX@Z 00402990 f i ChildFrm.obj
 0001:00001b20       ?CbtFilterHook@CWnd@@SGJHIJ@Z 00402b20 f i ChildFrm.obj
 0001:00001c50       ?AfxWindowProc@CWnd@@SGJPAUHWND__@@IIJ@Z 00402c50 f i ChildFrm.obj
 0001:00001ca0       ?DestroyWindow@CWnd@@UAEHXZ 00402ca0 f i ChildFrm.obj
 0001:00001cb0       ?PreCreateWindow@CWnd@@UAEHAAUtagCREATESTRUCTA@@@Z 00402cb0 f i ChildFrm.obj
 0001:00002000       ?_AfxInitCommonControls@CAfx@@SAJPAUtagINITCOMMONCONTROLSEX@@J@Z 00403000 f i ChildFrm.obj
 0001:00002020       ?ContinueModal@CWnd@@UAEHXZ 00403020 f i ChildFrm.obj
 0001:00002030       ?EndModalLoop@CWnd@@UAEXH@Z 00403030 f i ChildFrm.obj
 0001:00002060       ??_ECWnd@@UAEPAXI@Z        00403060 f i ChildFrm.obj
 0001:00002060       ??_GCWnd@@UAEPAXI@Z        00403060 f i ChildFrm.obj
 0001:00002080       ?_ProcessWindowMessage@CWnd@@UAEHPAUHWND__@@IIJAAJ@Z 00403080 f i ChildFrm.obj
 0001:000022e0       ??1?$CDCT@$00@WTL@@QAE@XZ  004032e0 f i ChildFrm.obj
 0001:00002300       ?SetAttribDC@CDCMTL@@UAEXPAUHDC__@@@Z 00403300 f i ChildFrm.obj
 0001:00002310       ?ReleaseAttribDC@CDCMTL@@UAEXXZ 00403310 f i ChildFrm.obj
 0001:00002320       ?SaveDC@CDCMTL@@UAEHXZ     00403320 f i ChildFrm.obj
 0001:00002360       ?RestoreDC@CDCMTL@@UAEHH@Z 00403360 f i ChildFrm.obj
 0001:000023b0       ?TextOutA@CDCMTL@@UAEHHHPBDH@Z 004033b0 f i ChildFrm.obj
 0001:000023e0       ??_GCDCMTL@@UAEPAXI@Z      004033e0 f i ChildFrm.obj
 0001:000023e0       ??_ECDCMTL@@UAEPAXI@Z      004033e0 f i ChildFrm.obj
 0001:00002400       ??1CDCMTL@@UAE@XZ          00403400 f i ChildFrm.obj
 0001:00002400       ??1?$CHandleWrapper@VCDCMTL@@PAUHDC__@@V?$CDCT@$00@WTL@@@@UAE@XZ 00403400 f i ChildFrm.obj
 0001:00002450       ?AfxUnsubclassWindow@CWnd@@QAEPAUHWND__@@XZ 00403450 f i ChildFrm.obj
 0001:000024a0       ?CFrameWndDestruct@CFrameWnd@@QAEXXZ 004034a0 f i ChildFrm.obj
 0001:00002520       ?OnCreateClient@CFrameWnd@@UAEHPAUtagCREATESTRUCTA@@PAUCCreateContext@@@Z 00403520 f i ChildFrm.obj
 0001:000025e0       ?OnCreateHelper@CFrameWnd@@QAEHPAUtagCREATESTRUCTA@@PAUCCreateContext@@@Z 004035e0 f i ChildFrm.obj
 0001:00002650       ?ActivateFrame@CFrameWnd@@UAEXH@Z 00403650 f i ChildFrm.obj
 0001:000026f0       ?Create@CFrameWnd@@UAEHPBD0KABUtagRECT@@PAVCWnd@@0KPAUCCreateContext@@@Z 004036f0 f i ChildFrm.obj
 0001:00002840       ?GetActiveFrame@CFrameWnd@@UAEPAV1@XZ 00403840 f i ChildFrm.obj
 0001:00002850       ?LoadFrame@CFrameWnd@@UAEHIKPAVCWnd@@PAUCCreateContext@@@Z 00403850 f i ChildFrm.obj
 0001:00002bc0       ??4CString@WTL@@QAEAAV01@PBD@Z 00403bc0 f i ChildFrm.obj
 0001:00002c90       ?GetBuffer@CString@WTL@@QAEPADH@Z 00403c90 f i ChildFrm.obj
 0001:00002d40       ?ReleaseBuffer@CString@WTL@@QAEXH@Z 00403d40 f i ChildFrm.obj
 0001:00002e00       ?AssignCopy@CString@WTL@@IAEXHPBD@Z 00403e00 f i ChildFrm.obj
 0001:00002ec0       ?_LoadString@CString@WTL@@KGHIPADI@Z 00403ec0 f i ChildFrm.obj
 0001:00002ef0       ?AfxExtractSubString@CAfx@@SAHAAVCString@WTL@@PBDHD@Z 00403ef0 f i ChildFrm.obj
 0001:00003110       ?AllocBeforeWrite@CString@WTL@@IAEHH@Z 00404110 f i ChildFrm.obj
 0001:000031b0       ?AfxRegisterWndClass@CAfx@@SAPBDIPAUHICON__@@PAUHBRUSH__@@0@Z 004041b0 f i ChildFrm.obj
 0001:00003420       ?SendMessageToDescendants@CWnd@@QAEXPAUHWND__@@IIJHH@Z 00404420 f i ChildFrm.obj
 0001:00003500       ?PreCreateWindow@CFrameWnd@@UAEHAAUtagCREATESTRUCTA@@@Z 00404500 f i ChildFrm.obj
 0001:00003850       ?PreTranslateMessage@CFrameWnd@@UAEHPAUtagMSG@@@Z 00404850 f i ChildFrm.obj
 0001:000038b0       ?RecalcLayout@CFrameWnd@@UAEXH@Z 004048b0 f i ChildFrm.obj
 0001:00003a40       ?RepositionBars@CWnd@@QAEXIIIIPAUtagRECT@@PBU2@H@Z 00404a40 f i ChildFrm.obj
 0001:00003cb0       ??_GCFrameWnd@@UAEPAXI@Z   00404cb0 f i ChildFrm.obj
 0001:00003cb0       ??_ECFrameWnd@@UAEPAXI@Z   00404cb0 f i ChildFrm.obj
 0001:00003cd0       ??1CFrameWnd@@UAE@XZ       00404cd0 f i ChildFrm.obj
 0001:00003d90       ?_ProcessWindowMessage@CFrameWnd@@UAEHPAUHWND__@@IIJAAJ@Z 00404d90 f i ChildFrm.obj
 0001:00004b90       ?PostMessageA@CWindow@ATL@@QAEHIIJ@Z 00405b90 f i ChildFrm.obj
 0001:00004bb0       ??1?$CMenuT@$00@WTL@@QAE@XZ 00405bb0 f i ChildFrm.obj
 0001:00004bd0       ?GetSubMenu@CMenuMTL@@QAEPAV1@H@Z 00405bd0 f i ChildFrm.obj
 0001:00004c00       ?OnIdle@CCmdUI@@QAEHPAVCCmdTarget@@H@Z 00405c00 f i ChildFrm.obj
 0001:00004c70       ?GetParentFrame@CWnd@@QAEPAVCFrameWnd@@XZ 00405c70 f i ChildFrm.obj
 0001:00004ce0       ?GetTopLevelParent@CWnd@@QAEPAV1@XZ 00405ce0 f i ChildFrm.obj
 0001:00004d90       ?GetDescendantWindow@CWnd@@QAEPAV1@HH@Z 00405d90 f i ChildFrm.obj
 0001:00004e40       ?GetDescendantWindow@CWnd@@QAEPAV1@PAUHWND__@@HH@Z 00405e40 f i ChildFrm.obj
 0001:00004ef0       ?Enable@CCmdUI@@UAEXH@Z    00405ef0 f i ChildFrm.obj
 0001:00004f90       ?SetCheck@CCmdUI@@UAEXH@Z  00405f90 f i ChildFrm.obj
 0001:00005000       ?SetRadio@CCmdUI@@UAEXH@Z  00406000 f i ChildFrm.obj
 0001:00005050       ?SetText@CCmdUI@@UAEXPBD@Z 00406050 f i ChildFrm.obj
 0001:00005120       ?OnBarCheck@CFrameWnd@@QAEHI@Z 00406120 f i ChildFrm.obj
 0001:000052d0       ?OnUpdateControlBarMenu@CFrameWnd@@QAEXPAVCCmdUI@@@Z 004062d0 f i ChildFrm.obj
 0001:00005340       ?OnIdleUpdateCmdUI@CFrameWnd@@QAEXXZ 00406340 f i ChildFrm.obj
 0001:000053d0       ?OnPopMessageString@CFrameWnd@@QAEJIJ@Z 004063d0 f i ChildFrm.obj
 0001:00005400       ?OnSetMessageString@CFrameWnd@@QAEJIJ@Z 00406400 f i ChildFrm.obj
 0001:000055b0       ?CopyBeforeWrite@CString@WTL@@IAEXXZ 004065b0 f i ChildFrm.obj
 0001:00005650       ?AfxLoadString@CAfx@@SAHIPADI@Z 00406650 f i ChildFrm.obj
 0001:00005710       ?OnToolTipText@CFrameWnd@@QAEHIPAUtagNMHDR@@PAJ@Z 00406710 f i ChildFrm.obj
 0001:00005940       ?Empty@CString@WTL@@QAEXXZ 00406940 f i ChildFrm.obj
 0001:00005a60       ?GetBufferSetLength@CString@WTL@@QAEPADH@Z 00406a60 f i ChildFrm.obj
 0001:00005b30       ?AtlGetStringResourceImage@CAfx@@SAPBUATLSTRINGRESOURCEIMAGE@@PAUHINSTANCE__@@I@Z 00406b30 f i ChildFrm.obj
 0001:00005bc0       ?OnUpdateKeyIndicator@CFrameWnd@@QAEXPAVCCmdUI@@@Z 00406bc0 f i ChildFrm.obj
 0001:00005c30       ?DestroyDockBars@CFrameWnd@@QAEXXZ 00406c30 f i ChildFrm.obj
 0001:00005e00       ?NewNode@?$CList@PAVCFrameWnd@@ABQAV1@@@QAEPAUCNode@1@PAU21@0@Z 00406e00 f i ChildFrm.obj
 0001:00005e00       ?NewNode@?$CList@PAUHWND__@@PAU1@@@QAEPAUCNode@1@PAU21@0@Z 00406e00 f i ChildFrm.obj
 0001:00005e00       ?NewNode@?$CList@PAXPAX@@QAEPAUCNode@1@PAU21@0@Z 00406e00 f i ChildFrm.obj
 0001:00005e40       ?IsDerivedFrom@CRuntimeClass@@QBEHPBU1@@Z 00406e40 f i ChildFrm.obj
 0001:00005e60       ?IsKindOf@CObject@@QBEHPBUCRuntimeClass@@@Z 00406e60 f i ChildFrm.obj
 0001:00005e90       ?SetMenuBarState@CFrameWnd@@QAEHK@Z 00406e90 f i ChildFrm.obj
 0001:00005f00       ?GetTopLevelFrame@CWnd@@QAEPAVCFrameWnd@@XZ 00406f00 f i ChildFrm.obj
 0001:00006000       ?OnSetPreviewMode@CFrameWnd@@UAEXHPAUCPrintPreviewState@@@Z 00407000 f i ChildFrm.obj
 0001:00006470       ?AfxGetParentOwner@CWnd@@SAPAUHWND__@@PAU2@@Z 00407470 f i ChildFrm.obj
 0001:000064f0       ?IsFloating@CControlBar@@QBEHXZ 004074f0 f i ChildFrm.obj
 0001:00006520       ?OnCloseDocument@CDocument@@QAEXXZ 00407520 f i ChildFrm.obj
 0001:000065e0       ?GetDefaultAccelerator@CFrameWnd@@UAEPAUHACCEL__@@XZ 004075e0 f i ChildFrm.obj
 0001:00006600       ?OnUpdateFrameMenu@CFrameWnd@@UAEXPAUHMENU__@@@Z 00407600 f i ChildFrm.obj
 0001:00006640       ?OnUpdateFrameTitle@CFrameWnd@@UAEXH@Z 00407640 f i ChildFrm.obj
 0001:00006690       ?UpdateFrameTitleForDocument@CFrameWnd@@QAEXPBD@Z 00407690 f i ChildFrm.obj
 0001:00006890       ?DefWindowProcA@CMDIChildWnd@@UAEJIIJ@Z 00407890 f i ChildFrm.obj
 0001:000068b0       ?OnMouseActivate@CMDIChildWnd@@QAEHPAVCWnd@@II@Z 004078b0 f i ChildFrm.obj
 0001:000069b0       ?OnNcCreate@CMDIChildWnd@@QAEHPAUtagCREATESTRUCTA@@@Z 004079b0 f i ChildFrm.obj
 0001:00006a00       ?OnToolTipText@CMDIChildWnd@@QAEHIPAUtagNMHDR@@PAJ@Z 00407a00 f i ChildFrm.obj
 0001:00006a40       ?OnSize@CMDIChildWnd@@QAEXIHH@Z 00407a40 f i ChildFrm.obj
 0001:00006ab0       ?OnUpdateFrameMenu@CMDIChildWnd@@QAEXHPAVCWnd@@PAUHMENU__@@@Z 00407ab0 f i ChildFrm.obj
 0001:00006b80       ?OnUpdateFrameTitle@CMDIChildWnd@@UAEXH@Z 00407b80 f i ChildFrm.obj
 0001:00006cd0       ?OnWindowPosChanging@CMDIChildWnd@@QAEXPAUtagWINDOWPOS@@@Z 00407cd0 f i ChildFrm.obj
 0001:00006e80       ?ActivateFrame@CMDIChildWnd@@UAEXH@Z 00407e80 f i ChildFrm.obj
 0001:000070e0       ?BringToTop@CFrameWnd@@QAEXH@Z 004080e0 f i ChildFrm.obj
 0001:00007110       ?DestroyWindow@CMDIChildWnd@@UAEHXZ 00408110 f i ChildFrm.obj
 0001:000071d0       ?GetMDIFrame@CMDIChildWnd@@QAEPAVCMDIFrameWnd@@XZ 004081d0 f i ChildFrm.obj
 0001:00007200       ?PreTranslateMessage@CMDIChildWnd@@UAEHPAUtagMSG@@@Z 00408200 f i ChildFrm.obj
 0001:00007290       ?UpdateClientEdge@CMDIChildWnd@@QAEHPAUtagRECT@@@Z 00408290 f i ChildFrm.obj
 0001:00007420       ?MDIGetActive@CMDIFrameWnd@@QBEPAVCMDIChildWnd@@PAH@Z 00408420 f i ChildFrm.obj
 0001:000074a0       ?LoadFrame@CMDIChildWnd@@UAEHIKPAVCWnd@@PAUCCreateContext@@@Z 004084a0 f i ChildFrm.obj
 0001:000077a0       ?FromHandleWnd@CWinApp@@QAEPAVCWMHnd@@PAUHWND__@@PAV2@0P6APAXPAX2@Z@Z 004087a0 f i ChildFrm.obj
 0001:00007870       ?RemoveHandleWnd@CWinApp@@QAEPAUHWND__@@PAU2@@Z 00408870 f i ChildFrm.obj
 0001:00007ae0       ?FromHandleMenu@CWinApp@@QAEPAVCMenuMTL@@PAUHMENU__@@PAV2@PAUHWND__@@P6APAXPAX3@Z@Z 00408ae0 f i ChildFrm.obj
 0001:00007b70       ?RemoveHandleMenu@CWinApp@@QAEPAUHMENU__@@PAU2@@Z 00408b70 f i ChildFrm.obj
 0001:00007be0       ?RemoveHandleDC@CWinApp@@QAEPAUHDC__@@PAU2@@Z 00408be0 f i ChildFrm.obj
 0001:00007c50       ?_GetCModuleState@CWinApp@@SAPAVCModuleState@@XZ 00408c50 f i ChildFrm.obj
 0001:00007c90       ??0CModuleState@@QAE@XZ    00408c90 f i ChildFrm.obj
 0001:00007cc0       ?CloseAllDocuments@CWinApp@@QAEXH@Z 00408cc0 f i ChildFrm.obj
 0001:00007df0       ?HideApplication@CWinApp@@QAEXXZ 00408df0 f i ChildFrm.obj
 0001:00007e40       ?SaveAllModified@CWinApp@@QAEHXZ 00408e40 f i ChildFrm.obj
 0001:00007eb0       ?cModuleState@?1??_GetCModuleState@CWinApp@@SAPAVCModuleState@@XZ@$AV2@A 00408eb0 f i ChildFrm.obj
 0001:00007ec0       ??1CModuleState@@QAE@XZ    00408ec0 f i ChildFrm.obj
 0001:00007f50       ?FromHandle@CWnd@@SAPAV1@PAUHWND__@@PAV1@0P6APAXPAX2@Z@Z 00408f50 f i ChildFrm.obj
 0001:00007f70       ?FromHandle@CMenuMTL@@SAPAV1@PAUHMENU__@@PAV1@PAUHWND__@@P6APAXPAX3@Z@Z 00408f70 f i ChildFrm.obj
 0001:00007f90       ?RemoveHandle@CMenuMTL@@SAPAUHMENU__@@PAU2@@Z 00408f90 f i ChildFrm.obj
 0001:00007fb0       ?RemoveHandle@CDCMTL@@SAPAUHDC__@@PAU2@@Z 00408fb0 f i ChildFrm.obj
 0001:00007fd0       ?OnCmdMsg@CFrameWnd@@UAEHIHPAXPAUAFX_CMDHANDLERINFO@@@Z 00408fd0 f i ChildFrm.obj
 0001:00008130       ?OnDestroy@CFrameWnd@@QAEXXZ 00409130 f i ChildFrm.obj
 0001:000081a0       ?Create@CMDIChildWnd@@UAEHPBD0KABUtagRECT@@PAVCMDIFrameWnd@@PAUCCreateContext@@@Z 004091a0 f i ChildFrm.obj
 0001:000083c0       ?PreTranslateMessage@CWnd@@UAEHPAUtagMSG@@@Z 004093c0 f i ChildFrm.obj
 0001:000083e0       ?GetRuntimeClass@CMainFrame@@UBEPAUCRuntimeClass@@XZ 004093e0 f   MainFrm.obj
 0001:000083f0       ??0CMainFrame@@QAE@XZ      004093f0 f   MainFrm.obj
 0001:000085c0       ?_ProcessWindowMessage@CMainFrame@@UAEHPAUHWND__@@IIJAAJ@Z 004095c0 f i MainFrm.obj
 0001:00008900       ??_ECMainFrame@@UAEPAXI@Z  00409900 f i MainFrm.obj
 0001:00008900       ??_GCMainFrame@@UAEPAXI@Z  00409900 f i MainFrm.obj
 0001:00008920       ??1CMainFrame@@UAE@XZ      00409920 f   MainFrm.obj
 0001:00008a60       ?OnCreate@CMainFrame@@IAEHPAUtagCREATESTRUCTA@@@Z 00409a60 f   MainFrm.obj
 0001:00008c70       ?PreCreateWindow@CMainFrame@@UAEHAAUtagCREATESTRUCTA@@@Z 00409c70 f   MainFrm.obj
 0001:00008f70       ?_GetAfxData@CAfx@@SAABU_AUX_DATA@@XZ 00409f70 f i MainFrm.obj
 0001:00009060       ??0CWMHnd@@QAE@PAUHWND__@@@Z 0040a060 f i MainFrm.obj
 0001:00009080       ??0CWnd@@QAE@PAUHWND__@@@Z 0040a080 f i MainFrm.obj
 0001:000090c0       ??0CControlBar@@QAE@XZ     0040a0c0 f i MainFrm.obj
 0001:00009170       ?WindowProc@CControlBar@@UAEJIIJ@Z 0040a170 f i MainFrm.obj
 0001:00009400       ?CalcDynamicLayout@CControlBar@@UAE?AVCSize@WTL@@HK@Z 0040a400 f i MainFrm.obj
 0001:00009430       ?CalcFixedLayout@CControlBar@@UAE?AVCSize@WTL@@HH@Z 0040a430 f i MainFrm.obj
 0001:00009470       ?EnableDocking@CControlBar@@QAEXK@Z 0040a470 f i MainFrm.obj
 0001:000095c0       ?IsVisible@CControlBar@@UBEHXZ 0040a5c0 f i MainFrm.obj
 0001:000095f0       ?PostNcDestroy@CControlBar@@UAEXXZ 0040a5f0 f i MainFrm.obj
 0001:00009610       ?PreCreateWindow@CControlBar@@UAEHAAUtagCREATESTRUCTA@@@Z 0040a610 f i MainFrm.obj
 0001:00009970       ??_ECControlBar@@UAEPAXI@Z 0040a970 f i MainFrm.obj
 0001:00009970       ??_GCControlBar@@UAEPAXI@Z 0040a970 f i MainFrm.obj
 0001:00009990       ??1CControlBar@@UAE@XZ     0040a990 f i MainFrm.obj
 0001:00009a00       ?_ProcessWindowMessage@CControlBar@@UAEHPAUHWND__@@IIJAAJ@Z 0040aa00 f i MainFrm.obj
 0001:00009cf0       ?Find@?$CList@PAXPAX@@QBEPAU__POSITION@@PAXPAU2@@Z 0040acf0 f i MainFrm.obj
 0001:00009d20       ?RemoveAt@?$CList@PAXPAX@@QAEXPAU__POSITION@@@Z 0040ad20 f i MainFrm.obj
 0001:00009d80       ?OnInitialUpdate@CControlBar@@QAEXXZ 0040ad80 f i MainFrm.obj
 0001:00009eb0       ?OnSizeParent@CControlBar@@QAEJIJ@Z 0040aeb0 f i MainFrm.obj
 0001:0000a150       ?OnBarStyleChange@CStatusBar@@UAEXKK@Z 0040b150 f i MainFrm.obj
 0001:0000a180       ?OnUpdateCmdUI@CStatusBar@@UAEXPAVCFrameWnd@@H@Z 0040b180 f i MainFrm.obj
 0001:0000a270       ?UpdateDialogControls@CWnd@@QAEXPAVCCmdTarget@@H@Z 0040b270 f i MainFrm.obj
 0001:0000a450       ?CalcFixedLayout@CStatusBar@@UAE?AVCSize@WTL@@HH@Z 0040b450 f i MainFrm.obj
 0001:0000a600       ??_GCClientDCMTL@@UAEPAXI@Z 0040b600 f i MainFrm.obj
 0001:0000a600       ??_ECClientDCMTL@@UAEPAXI@Z 0040b600 f i MainFrm.obj
 0001:0000a620       ??1CClientDCMTL@@UAE@XZ    0040b620 f i MainFrm.obj
 0001:0000a680       ?CalcInsideRect@CControlBar@@QBEXAAVCRect@WTL@@H@Z 0040b680 f i MainFrm.obj
 0001:0000a770       ?Create@CStatusBar@@UAEHPAVCWnd@@KI@Z 0040b770 f i MainFrm.obj
 0001:0000a790       ?CreateEx@CStatusBar@@UAEHPAVCWnd@@KKI@Z 0040b790 f i MainFrm.obj
 0001:0000a850       ?AfxEndDeferRegisterClass@CAfx@@SAHJ@Z 0040b850 f i MainFrm.obj
 0001:0000ad50       ?PreCreateWindow@CStatusBar@@UAEHAAUtagCREATESTRUCTA@@@Z 0040bd50 f i MainFrm.obj
 0001:0000b080       ?SetIndicators@CStatusBar@@QAEHPBIH@Z 0040c080 f i MainFrm.obj
 0001:0000b3c0       ??0CDCMTL@@QAE@PAUHDC__@@@Z 0040c3c0 f i MainFrm.obj
 0001:0000b3f0       ?AllocElements@CControlBar@@QAEHHH@Z 0040c3f0 f i MainFrm.obj
 0001:0000b440       ?UpdateAllPanes@CStatusBar@@QAEXHH@Z 0040c440 f i MainFrm.obj
 0001:0000b730       ??1?$CArray@HABH@@QAE@XZ   0040c730 f i MainFrm.obj
 0001:0000b730       ??1?$CArray@PAXABQAX@@QAE@XZ 0040c730 f i MainFrm.obj
 0001:0000b730       ?RemoveAll@?$CArray@HABH@@QAEXXZ 0040c730 f i MainFrm.obj
 0001:0000b730       ?RemoveAll@?$CArray@PAXABQAX@@QAEXXZ 0040c730 f i MainFrm.obj
 0001:0000b750       ??_GCStatusBar@@UAEPAXI@Z  0040c750 f i MainFrm.obj
 0001:0000b750       ??_ECStatusBar@@UAEPAXI@Z  0040c750 f i MainFrm.obj
 0001:0000b770       ??1CStatusBar@@UAE@XZ      0040c770 f i MainFrm.obj
 0001:0000b7e0       ?_ProcessWindowMessage@CStatusBar@@UAEHPAUHWND__@@IIJAAJ@Z 0040c7e0 f i MainFrm.obj
 0001:0000bae0       ?EraseNonClient@CControlBar@@QAEXXZ 0040cae0 f i MainFrm.obj
 0001:0000bd40       ?Draw3dRect@?$CDCT@$00@WTL@@QAEXHHHHKK@Z 0040cd40 f i MainFrm.obj
 0001:0000bea0       ??_ECWindowDCMTL@@UAEPAXI@Z 0040cea0 f i MainFrm.obj
 0001:0000bea0       ??_GCWindowDCMTL@@UAEPAXI@Z 0040cea0 f i MainFrm.obj
 0001:0000bec0       ??1CWindowDCMTL@@UAE@XZ    0040cec0 f i MainFrm.obj
 0001:0000bf20       ?OnSetMinHeight@CStatusBar@@QAEJIJ@Z 0040cf20 f i MainFrm.obj
 0001:0000bf50       ?CommandToIndex@CStatusBar@@QBEHI@Z 0040cf50 f i MainFrm.obj
 0001:0000bf80       ?SetPaneText@CStatusBar@@QAEHHPBDH@Z 0040cf80 f i MainFrm.obj
 0001:0000c150       ?Release@CString@WTL@@IAEXXZ 0040d150 f i MainFrm.obj
 0001:0000c190       ?Enable@CStatusCmdUI@@UAEXH@Z 0040d190 f i MainFrm.obj
 0001:0000c350       ?SetCheck@CStatusCmdUI@@UAEXH@Z 0040d350 f i MainFrm.obj
 0001:0000c500       ?SetText@CStatusCmdUI@@UAEXPBD@Z 0040d500 f i MainFrm.obj
 0001:0000c690       ??_GCDockContext@@UAEPAXI@Z 0040d690 f i MainFrm.obj
 0001:0000c690       ??_ECDockContext@@UAEPAXI@Z 0040d690 f i MainFrm.obj
 0001:0000c780       ?RemoveAt@?$CArray@PAXABQAX@@QAEXJJ@Z 0040d780 f i MainFrm.obj
 0001:0000c7c0       ?GetDockedCount@CDockBar@@QBEHXZ 0040d7c0 f i MainFrm.obj
 0001:0000c7f0       ?RemovePlaceHolder@CDockBar@@QAEXPAVCControlBar@@@Z 0040d7f0 f i MainFrm.obj
 0001:0000c890       ?OnBarStyleChange@CToolBar@@UAEXKK@Z 0040d890 f i MainFrm.obj
 0001:0000c8d0       ?OnToolHitTest@CToolBar@@UBEJVCPoint@WTL@@PAUtagTOOLINFOA@@@Z 0040d8d0 f i MainFrm.obj
 0001:0000caf0       ??0CRect@WTL@@QAE@XZ       0040daf0 f i MainFrm.obj
 0001:0000cb00       ?OnUpdateCmdUI@CToolBar@@UAEXPAVCFrameWnd@@H@Z 0040db00 f i MainFrm.obj
 0001:0000cc90       ?CalcDynamicLayout@CToolBar@@UAE?AVCSize@WTL@@HK@Z 0040dc90 f i MainFrm.obj
 0001:0000cce0       ?CalcFixedLayout@CToolBar@@UAE?AVCSize@WTL@@HH@Z 0040dce0 f i MainFrm.obj
 0001:0000cd10       ?CalcLayout@CToolBar@@QAE?AVCSize@WTL@@KH@Z 0040dd10 f i MainFrm.obj
 0001:0000d3e0       ?SetWindowPos@CWMHnd@@QAEHPBV1@HHHHI@Z 0040e3e0 f i MainFrm.obj
 0001:0000d420       ?CalcSize@CToolBar@@QAE?AVCSize@WTL@@PAU_TBBUTTON@@H@Z 0040e420 f i MainFrm.obj
 0001:0000d630       ?Create@CToolBar@@UAEHPAVCWnd@@KI@Z 0040e630 f i MainFrm.obj
 0001:0000d680       ?CreateEx@CToolBar@@UAEHPAVCWnd@@KKVCRect@WTL@@I@Z 0040e680 f i MainFrm.obj
 0001:0000d8a0       ?Layout@CToolBar@@QAEXXZ   0040e8a0 f i MainFrm.obj
 0001:0000d910       ?_SetButton@CToolBar@@QAEXHPAU_TBBUTTON@@@Z 0040e910 f i MainFrm.obj
 0001:0000dac0       ?SetButtons@CToolBar@@QAEHPBIH@Z 0040eac0 f i MainFrm.obj
 0001:0000dc00       ?SetSizes@CToolBar@@QAEXUtagSIZE@@0@Z 0040ec00 f i MainFrm.obj
 0001:0000dcb0       ?SizeToolBar@CToolBar@@QAEXPAU_TBBUTTON@@HHH@Z 0040ecb0 f i MainFrm.obj
 0001:0000e000       ?WrapToolBar@CToolBar@@QAEHPAU_TBBUTTON@@HH@Z 0040f000 f i MainFrm.obj
 0001:0000e0f0       ??_GCToolBar@@UAEPAXI@Z    0040f0f0 f i MainFrm.obj
 0001:0000e0f0       ??_ECToolBar@@UAEPAXI@Z    0040f0f0 f i MainFrm.obj
 0001:0000e110       ??1CToolBar@@UAE@XZ        0040f110 f i MainFrm.obj
 0001:0000e180       ?_ProcessWindowMessage@CToolBar@@UAEHPAUHWND__@@IIJAAJ@Z 0040f180 f i MainFrm.obj
 0001:0000e6a0       ?AddTail@?$CList@PAXPAX@@QAEPAU__POSITION@@PAX@Z 0040f6a0 f i MainFrm.obj
 0001:0000e6d0       ?OnLButtonDown@CControlBar@@QAEXIVCPoint@WTL@@@Z 0040f6d0 f i MainFrm.obj
 0001:0000e740       ?OnLButtonDblClk@CControlBar@@QAEXIVCPoint@WTL@@@Z 0040f740 f i MainFrm.obj
 0001:0000e910       ?GetNext@?$CList@PAXPAX@@QBEABQAXAAPAU__POSITION@@@Z 0040f910 f i MainFrm.obj
 0001:0000e930       ?OnPreserveSizingPolicyHelper@CToolBar@@QAEJIJ@Z 0040f930 f i MainFrm.obj
 0001:0000ec40       ?_AfxModifyStyle@CWMHnd@@SAHPAUHWND__@@HKKI@Z 0040fc40 f i MainFrm.obj
 0001:0000eca0       ?ModifyStyle@CWMHnd@@QAEHKKI@Z 0040fca0 f i MainFrm.obj
 0001:0000ed00       ?OnPreserveZeroBorderHelper@CToolBar@@QAEJIJ@Z 0040fd00 f i MainFrm.obj
 0001:0000edc0       ?OnSetButtonSize@CToolBar@@QAEJIJ@Z 0040fdc0 f i MainFrm.obj
 0001:0000ee90       ?OnSetBitmapSize@CToolBar@@QAEJIJ@Z 0040fe90 f i MainFrm.obj
 0001:0000ef60       ?DrawBorders@CControlBar@@QAEXPAVCDCMTL@@AAVCRect@WTL@@@Z 0040ff60 f i MainFrm.obj
 0001:0000f3a0       ?FillSolidRect@?$CDCT@$00@WTL@@QAEXPBUtagRECT@@K@Z 004103a0 f i MainFrm.obj
 0001:0000f3f0       ?Enable@CToolCmdUI@@UAEXH@Z 004103f0 f i MainFrm.obj
 0001:0000f620       ?SetCheck@CToolCmdUI@@UAEXH@Z 00410620 f i MainFrm.obj
 0001:0000f850       ?SetText@CTestCmdUI@@UAEXPBD@Z 00410850 f i MainFrm.obj
 0001:0000f850       ?SetRadio@CTestCmdUI@@UAEXH@Z 00410850 f i MainFrm.obj
 0001:0000f850       ?SetCheck@CTestCmdUI@@UAEXH@Z 00410850 f i MainFrm.obj
 0001:0000f850       ?OnDocumentEvent@CDocument@@UAEXW4DocumentEvent@1@@Z 00410850 f i MainFrm.obj
 0001:0000f850       ?DoDataExchange@CWMHnd@@UAEXPAVCDataExchange@@@Z 00410850 f i MainFrm.obj
 0001:0000f850       ?PreCloseFrame@CDocument@@UAEXPAVCFrameWnd@@@Z 00410850 f i MainFrm.obj
 0001:0000f850       ?SetText@CToolCmdUI@@UAEXPBD@Z 00410850 f i MainFrm.obj
 0001:0000f850       ?OnFinalMessage@?$CWindowImplBaseT@VCWindow@ATL@@V?$CWinTraits@$0FGAAAAAA@$0A@@2@@ATL@@UAEXPAUHWND__@@@Z 00410850 f i MainFrm.obj
 0001:0000f850       ?Serialize@CObject@@UAEXAAVCArchive@@@Z 00410850 f i MainFrm.obj
 0001:0000f850       ?RegisterShellFileTypes@CDocManager@@UAEXH@Z 00410850 f i MainFrm.obj
 0001:0000f850       ?OnDraw@CView@@UAEXPAVCDCMTL@@@Z 00410850 f i MainFrm.obj
 0001:0000f860       ?DockControlBar@CFrameWnd@@QAEXPAVCControlBar@@PAVCDockBar@@PBUtagRECT@@@Z 00410860 f i MainFrm.obj
 0001:0000fb50       ?Add@?$CArray@PAXABQAX@@QAEJABQAX@Z 00410b50 f i MainFrm.obj
 0001:0000fc80       ?AfxSetWindowText@CAfx@@SAXPAUHWND__@@PBD@Z 00410c80 f i MainFrm.obj
 0001:0000fd00       ?ScreenToClient@CWMHnd@@QBEXPAUtagRECT@@@Z 00410d00 f i MainFrm.obj
 0001:0000fd30       ?SetParent@CWnd@@QAEPAV1@PAV1@@Z 00410d30 f i MainFrm.obj
 0001:0000fd60       ?GetDockingFrame@CControlBar@@QAEPAVCFrameWnd@@XZ 00410d60 f i MainFrm.obj
 0001:0000fde0       ?Insert@CDockBar@@QAEHPAVCControlBar@@VCRect@WTL@@VCPoint@4@@Z 00410de0 f i MainFrm.obj
 0001:00010090       ?InsertAt@?$CArray@PAXABQAX@@QAEXJABQAXJ@Z 00411090 f i MainFrm.obj
 0001:00010320       ?SetSize@?$CArray@PAXABQAX@@QAEXJJ@Z 00411320 f i MainFrm.obj
 0001:00010440       ?ConstructElements@@YAXPAHJ@Z 00411440 f i MainFrm.obj
 0001:00010440       ?ConstructElements@@YAXPAPAXJ@Z 00411440 f i MainFrm.obj
 0001:00010450       ?ReDockControlBar@CFrameWnd@@QAEXPAVCControlBar@@PAVCDockBar@@PBUtagRECT@@@Z 00411450 f i MainFrm.obj
 0001:00010560       ?StartDrag@CDockContext@@UAEXVCPoint@WTL@@@Z 00411560 f i MainFrm.obj
 0001:00010d10       ?GetDCEx@CWMHnd@@QAEPAVCDCMTL@@PAVCRgnMTL@@K@Z 00411d10 f i MainFrm.obj
 0001:00010d50       ?classHandleFuncCDCMTL@CDCMTL@@SAPAXPAX0@Z 00411d50 f i MainFrm.obj
 0001:00010da0       ?DrawFocusRect@CDockContext@@QAEXH@Z 00411da0 f i MainFrm.obj
 0001:00010fa0       ?classHandleFuncCBrushMTL@CBrushMTL@@SAPAXPAX0@Z 00411fa0 f i MainFrm.obj
 0001:00010fe0       ?DrawDragRect@CDCMTL@@QAEXPBUtagRECT@@UtagSIZE@@01PAVCBrushMTL@@2@Z 00411fe0 f i MainFrm.obj
 0001:000114a0       ??0?$CHandleWrapper@VCPenMTL@@PAUHPEN__@@V?$CPenT@$00@WTL@@@@QAE@PAUHPEN__@@@Z 004124a0 f i MainFrm.obj
 0001:000114a0       ??0?$CHandleWrapper@VCRgnMTL@@PAUHRGN__@@V?$CRgnT@$00@WTL@@@@QAE@PAUHRGN__@@@Z 004124a0 f i MainFrm.obj
 0001:000114a0       ??0?$CHandleWrapper@VCDCMTL@@PAUHDC__@@V?$CDCT@$00@WTL@@@@QAE@PAUHDC__@@@Z 004124a0 f i MainFrm.obj
 0001:000114a0       ??0?$CHandleWrapper@VCBrushMTL@@PAUHBRUSH__@@V?$CBrushT@$00@WTL@@@@QAE@PAUHBRUSH__@@@Z 004124a0 f i MainFrm.obj
 0001:000114c0       ?HalftoneBrush@CAfx@@SAPAUHBRUSH__@@H@Z 004124c0 f i MainFrm.obj
 0001:00011550       ?classHandleFuncCGdiObject@CGdiObject@@SAPAXPAX0@Z 00412550 f i MainFrm.obj
 0001:00011590       ??_GCGdiObject@@UAEPAXI@Z  00412590 f i MainFrm.obj
 0001:00011590       ??_ECGdiObject@@UAEPAXI@Z  00412590 f i MainFrm.obj
 0001:000115b0       ??1CGdiObject@@UAE@XZ      004125b0 f i MainFrm.obj
 0001:00011600       ?SelectClipRgn@CDCMTL@@QAEHPAVCRgnMTL@@@Z 00412600 f i MainFrm.obj
 0001:00011650       ?CanDock@CFrameWnd@@QAEKVCRect@WTL@@KPAPAVCDockBar@@@Z 00412650 f i MainFrm.obj
 0001:00011750       ?StartResize@CDockContext@@UAEXHVCPoint@WTL@@@Z 00412750 f i MainFrm.obj
 0001:000119b0       ?EnableDocking@CFrameWnd@@QAEXK@Z 004129b0 f i MainFrm.obj
 0001:00011bb0       ?SetAtGrow@?$CArray@PAXABQAX@@QAEXJABQAX@Z 00412bb0 f i MainFrm.obj
 0001:00011cf0       ?OnBarStyleChange@CControlBar@@UAEXKK@Z 00412cf0 f i MainFrm.obj
 0001:00011cf0       ?OnActivateFrame@CView@@UAEXIPAVCFrameWnd@@@Z 00412cf0 f i MainFrm.obj
 0001:00011cf0       ?OnEndPrinting@CView@@UAEXPAVCDCMTL@@PAUCPrintInfo@@@Z 00412cf0 f i MainFrm.obj
 0001:00011cf0       ?OnBeginPrinting@CView@@UAEXPAVCDCMTL@@PAUCPrintInfo@@@Z 00412cf0 f i MainFrm.obj
 0001:00011cf0       ?OnUpdateCmdUI@CDockBar@@UAEXPAVCFrameWnd@@H@Z 00412cf0 f i MainFrm.obj
 0001:00011d00       ?GetDockedVisibleCount@CDockBar@@UBEHXZ 00412d00 f i MainFrm.obj
 0001:00011d40       ?IsFrameWnd@CFrameWnd@@UAEHXZ 00412d40 f i MainFrm.obj
 0001:00011d40       ?InitInstance@CWinApp@@UAEHXZ 00412d40 f i MainFrm.obj
 0001:00011d40       ?IsDockBar@CDockBar@@UBEHXZ 00412d40 f i MainFrm.obj
 0001:00011d50       ??_ECDockBar@@UAEPAXI@Z    00412d50 f i MainFrm.obj
 0001:00011d50       ??_GCDockBar@@UAEPAXI@Z    00412d50 f i MainFrm.obj
 0001:00011d70       ??1CDockBar@@UAE@XZ        00412d70 f i MainFrm.obj
 0001:00011e20       ?_ProcessWindowMessage@CDockBar@@UAEHPAUHWND__@@IIJAAJ@Z 00412e20 f i MainFrm.obj
 0001:00012140       ?OnSizeParent@CDockBar@@QAEJIJ@Z 00413140 f i MainFrm.obj
 0001:00012390       ?AfxRepositionWindow@CAfx@@SAXPAUAFX_SIZEPARENTPARAMS@@PAUHWND__@@PBUtagRECT@@@Z 00413390 f i MainFrm.obj
 0001:00012450       ?RemoveControlBar@CFrameWnd@@QAEXPAVCControlBar@@@Z 00413450 f i MainFrm.obj
 0001:000124c0       ?FloatControlBar@CFrameWnd@@QAEXPAVCControlBar@@VCPoint@WTL@@K@Z 004134c0 f i MainFrm.obj
 0001:00012660       ?Create@CMiniDockFrameWnd@@QAEHPAVCWnd@@K@Z 00413660 f i MainFrm.obj
 0001:000129b0       ?CanDock@CDockContext@@QAEKXZ 004139b0 f i MainFrm.obj
 0001:00012d80       ?Stretch@CDockContext@@QAEXVCPoint@WTL@@@Z 00413d80 f i MainFrm.obj
 0001:00013160       ?ToggleDocking@CDockContext@@QAEXXZ 00414160 f i MainFrm.obj
 0001:00013370       ?GetControlBar@CFrameWnd@@QAEPAVCControlBar@@I@Z 00414370 f i MainFrm.obj
 0001:000133c0       ?Track@CDockContext@@QAEHXZ 004143c0 f i MainFrm.obj
 0001:000137f0       ?CancelLoop@CDockContext@@QAEXXZ 004147f0 f i MainFrm.obj
 0001:000139d0       ?Move@CDockContext@@QAEXVCPoint@WTL@@@Z 004149d0 f i MainFrm.obj
 0001:00013c90       ?UpdateState@CDockContext@@QAEXPAHH@Z 00414c90 f i MainFrm.obj
 0001:000140a0       ?GetDockBar@CDockContext@@QAEPAVCDockBar@@K@Z 004150a0 f i MainFrm.obj
 0001:000142d0       ?OnIdleUpdateCmdUI@CControlBar@@QAEJIJ@Z 004152d0 f i MainFrm.obj
 0001:00014410       ?CalcFixedLayout@CDockBar@@UAE?AVCSize@WTL@@HH@Z 00415410 f i MainFrm.obj
 0001:00014d00       ?DestroyWindow@CControlBar@@UAEHXZ 00415d00 f i MainFrm.obj
 0001:00014dc0       ?DockControlBar@CDockBar@@QAEXPAVCControlBar@@PBUtagRECT@@@Z 00415dc0 f i MainFrm.obj
 0001:00015300       ?Size@CRect@WTL@@QBE?AVCSize@2@XZ 00416300 f i MainFrm.obj
 0001:00015320       ?FindBar@CDockBar@@QAEHPAVCControlBar@@H@Z 00416320 f i MainFrm.obj
 0001:00015350       ?GetDockedControlBar@CDockBar@@QBEPAVCControlBar@@H@Z 00416350 f i MainFrm.obj
 0001:00015370       ?ReDockControlBar@CDockBar@@QAEXPAVCControlBar@@PBUtagRECT@@@Z 00416370 f i MainFrm.obj
 0001:000157f0       ?RemoveControlBar@CDockBar@@QAEHPAVCControlBar@@HH@Z 004167f0 f i MainFrm.obj
 0001:00015a20       ?DefWindowProcA@CMDIFrameWnd@@UAEJIIJ@Z 00416a20 f i MainFrm.obj
 0001:00015a50       ?OnCreateClient@CMDIFrameWnd@@UAEHPAUtagCREATESTRUCTA@@PAUCCreateContext@@@Z 00416a50 f i MainFrm.obj
 0001:00015ab0       ?OnDestroy@CMDIFrameWnd@@QAEXXZ 00416ab0 f i MainFrm.obj
 0001:00015b50       ?OnIdleUpdateCmdUI@CMDIFrameWnd@@QAEXXZ 00416b50 f i MainFrm.obj
 0001:00015c00       ?OnMDIWindowCmd@CMDIFrameWnd@@QAEHI@Z 00416c00 f i MainFrm.obj
 0001:00015c60       ?OnSize@CMDIFrameWnd@@QAEXIHH@Z 00416c60 f i MainFrm.obj
 0001:00015c80       ?OnUpdateMDIWindowCmd@CMDIFrameWnd@@QAEXPAVCCmdUI@@@Z 00416c80 f i MainFrm.obj
 0001:00015cf0       ?CreateClient@CMDIFrameWnd@@UAEHPAUtagCREATESTRUCTA@@PAVCMenuMTL@@@Z 00416cf0 f i MainFrm.obj
 0001:00015dc0       ?DelayUpdateFrameMenu@CMDIFrameWnd@@UAEXPAUHMENU__@@@Z 00416dc0 f i MainFrm.obj
 0001:00015df0       ?GetActiveFrame@CMDIFrameWnd@@UAEPAVCFrameWnd@@XZ 00416df0 f i MainFrm.obj
 0001:00015e50       ?GetWindowMenuPopup@CMDIFrameWnd@@UAEPAUHMENU__@@PAU2@@Z 00416e50 f i MainFrm.obj
 0001:00015ed0       ?LoadFrame@CMDIFrameWnd@@UAEHIKPAVCWnd@@PAUCCreateContext@@@Z 00416ed0 f i MainFrm.obj
 0001:00015f10       ?PreCreateWindow@CMDIFrameWnd@@UAEHAAUtagCREATESTRUCTA@@@Z 00416f10 f i MainFrm.obj
 0001:00016250       ??_ECMDIFrameWnd@@UAEPAXI@Z 00417250 f i MainFrm.obj
 0001:00016250       ??_GCMDIFrameWnd@@UAEPAXI@Z 00417250 f i MainFrm.obj
 0001:00016270       ??1CMDIFrameWnd@@UAE@XZ    00417270 f i MainFrm.obj
 0001:00016330       ?_ProcessWindowMessage@CMDIFrameWnd@@UAEHPAUHWND__@@IIJAAJ@Z 00417330 f i MainFrm.obj
 0001:000166e0       ?OnCommand@CMDIFrameWnd@@UAEHIJ@Z 004176e0 f i MainFrm.obj
 0001:00016890       ?OnCmdMsg@CMDIFrameWnd@@UAEHIHPAXPAUAFX_CMDHANDLERINFO@@@Z 00417890 f i MainFrm.obj
 0001:00016a70       ?OnWindowNew@CMDIFrameWnd@@QAEXXZ 00417a70 f i MainFrm.obj
 0001:00016b10       ?PreTranslateMessage@CMDIFrameWnd@@UAEHPAUtagMSG@@@Z 00417b10 f i MainFrm.obj
 0001:00016c10       ?FromHandleDC@CWinApp@@QAEPAVCDCMTL@@PAUHDC__@@PAV2@PAUHWND__@@P6APAXPAX3@Z@Z 00417c10 f i MainFrm.obj
 0001:00016ca0       ?FromHandleGdiobj@CWinApp@@QAEPAVCGdiObject@@PAXPAV2@PAUHWND__@@P6APAX00@Z@Z 00417ca0 f i MainFrm.obj
 0001:00016d30       ?NewNode@?$CHandleList@PAXVCGdiObject@@PAUHWND__@@@@QAEPAV?$CHandlePair@PAXPAVCGdiObject@@PAUHWND__@@@@PAX@Z 00417d30 f i MainFrm.obj
 0001:00016d30       ?NewNode@?$CHandleHashList@PAUHWND__@@VCWMHnd@@PAU1@$0BB@@@QAEPAV?$CHandlePair@PAUHWND__@@PAVCWMHnd@@PAU1@@@PAUHWND__@@@Z 00417d30 f i MainFrm.obj
 0001:00016d30       ?NewNode@?$CHandleList@PAUHMENU__@@VCMenuMTL@@PAUHWND__@@@@QAEPAV?$CHandlePair@PAUHMENU__@@PAVCMenuMTL@@PAUHWND__@@@@PAUHMENU__@@@Z 00417d30 f i MainFrm.obj
 0001:00016d30       ?NewNode@?$CHandleList@PAUHDC__@@VCDCMTL@@PAUHWND__@@@@QAEPAV?$CHandlePair@PAUHDC__@@PAVCDCMTL@@PAUHWND__@@@@PAUHDC__@@@Z 00417d30 f i MainFrm.obj
 0001:00016d70       ?RemoveHandleGdiobj@CWinApp@@QAEPAXPAX@Z 00417d70 f i MainFrm.obj
 0001:00016de0       ?FromHandle@CBrushMTL@@SAPAV1@PAUHBRUSH__@@PAV1@PAUHWND__@@P6APAXPAX3@Z@Z 00417de0 f i MainFrm.obj
 0001:00016de0       ?FromHandle@CGdiObject@@SAPAV1@PAXPAV1@PAUHWND__@@P6APAX00@Z@Z 00417de0 f i MainFrm.obj
 0001:00016e00       ?AfxMessageBox@@YAHIII@Z   00417e00 f i MainFrm.obj
 0001:00016ff0       ?GetSafeOwner_@CWnd@@SAPAUHWND__@@PAU2@PAPAU2@@Z 00417ff0 f i MainFrm.obj
 0001:000170c0       ?CControlBarDestruct@CControlBar@@QAEXXZ 004180c0 f i MainFrm.obj
 0001:00017180       ?OnDestroy@CControlBar@@QAEXXZ 00418180 f i MainFrm.obj
 0001:00017230       ?OnTimer@CControlBar@@QAEXK@Z 00418230 f i MainFrm.obj
 0001:00017510       ?GetOwner@CWnd@@QAEPAV1@XZ 00418510 f i MainFrm.obj
 0001:00017540       ?PreTranslateMessage@CControlBar@@UAEHPAUtagMSG@@@Z 00418540 f i MainFrm.obj
 0001:00017890       ?SetStatusText@CControlBar@@UAEHJ@Z 00418890 f i MainFrm.obj
 0001:000179a0       ?AddFrameWnd@CFrameWnd@@QAEXXZ 004189a0 f i MainFrm.obj
 0001:000179e0       ?LoadBitmapA@CToolBar@@QAEHPBD@Z 004189e0 f i MainFrm.obj
 0001:00017c50       ?_EnableToolTips@CWnd@@QAEHHI@Z 00418c50 f i MainFrm.obj
 0001:00017d60       ?_FilterToolTipMessage@CWnd@@SAXPAUtagMSG@@PAV1@@Z 00418d60 f i MainFrm.obj
 0001:00017d70       ?FilterToolTipMessage@CWnd@@QAEXPAUtagMSG@@@Z 00418d70 f i MainFrm.obj
 0001:000184e0       ??_ECToolTipCtrlMTL@@UAEPAXI@Z 004194e0 f i MainFrm.obj
 0001:000184e0       ??_GCToolTipCtrlMTL@@UAEPAXI@Z 004194e0 f i MainFrm.obj
 0001:00018500       ??1CToolTipCtrlMTL@@UAE@XZ 00419500 f i MainFrm.obj
 0001:00018570       ??0CMdiVC6App@@QAE@XZ      00419570 f   MdiVC6.obj
 0001:00018700       ?_ProcessWindowMessage@CMdiVC6App@@UAEHPAUHWND__@@IIJAAJ@Z 00419700 f i MdiVC6.obj
 0001:00018910       ??1CMdiVC6App@@QAE@XZ      00419910 f i MdiVC6.obj
 0001:00018ab0       ?InitInstance@CMdiVC6App@@UAEHXZ 00419ab0 f   MdiVC6.obj
 0001:00018db0       ??0CAboutDlg@@QAE@XZ       00419db0 f   MdiVC6.obj
 0001:00018df0       ??_ECAboutDlg@@UAEPAXI@Z   00419df0 f i MdiVC6.obj
 0001:00018df0       ??_GCAboutDlg@@UAEPAXI@Z   00419df0 f i MdiVC6.obj
 0001:00018e10       ??1CAboutDlg@@UAE@XZ       00419e10 f i MdiVC6.obj
 0001:00018e60       ?_ProcessWindowMessage@CDialog@@UAEHPAUHWND__@@IIJAAJ@Z 00419e60 f i MdiVC6.obj
 0001:00018e60       ?_ProcessWindowMessage@CCommonDialog@@UAEHPAUHWND__@@IIJAAJ@Z 00419e60 f i MdiVC6.obj
 0001:00018e60       ?_ProcessWindowMessage@CAboutDlg@@UAEHPAUHWND__@@IIJAAJ@Z 00419e60 f i MdiVC6.obj
 0001:00018ef0       ?OnAppAbout@CMdiVC6App@@QAEXXZ 00419ef0 f   MdiVC6.obj
 0001:00019130       ?RemoveAll@?$CList@PAXPAX@@QAEXXZ 0041a130 f i MdiVC6.obj
 0001:00019130       ??1?$CList@PAVCFrameWnd@@ABQAV1@@@QAE@XZ 0041a130 f i MdiVC6.obj
 0001:00019130       ??1?$CList@PAXPAX@@QAE@XZ  0041a130 f i MdiVC6.obj
 0001:00019130       ??1?$CList@PAUCRuntimeClass@@ABQAU1@@@QAE@XZ 0041a130 f i MdiVC6.obj
 0001:00019130       ??1?$CList@PAUHWND__@@PAU1@@@QAE@XZ 0041a130 f i MdiVC6.obj
 0001:00019170       ??1?$CHandleHashList@PAUHWND__@@VCWMHnd@@PAU1@$0BB@@@QAE@XZ 0041a170 f i MdiVC6.obj
 0001:00019180       ??_9@$BBM@AE               0041a180 f i MdiVC6.obj
 0001:00019190       ??_9@$BHM@AE               0041a190 f i MdiVC6.obj
 0001:000191a0       ??_9@$BBI@AE               0041a1a0 f i MdiVC6.obj
 0001:000191b0       ??_9@$BHI@AE               0041a1b0 f i MdiVC6.obj
 0001:000191c0       ?ParseParam@CCommandLineInfo@@UAEXPBDHH@Z 0041a1c0 f i MdiVC6.obj
 0001:000192c0       ??0CRecentFileList@@QAE@IPBD0HH@Z 0041a2c0 f i MdiVC6.obj
 0001:000194b0       ??0CString@WTL@@QAE@XZ     0041a4b0 f i MdiVC6.obj
 0001:000194c0       ?Add@CRecentFileList@@UAEXPBD@Z 0041a4c0 f i MdiVC6.obj
 0001:00019710       ?_AfxFullPath2@CAfx@@SAHPADPBDPAVCFileException@@@Z 0041a710 f i MdiVC6.obj
 0001:00019960       ?GetDisplayName@CRecentFileList@@UBEHAAVCString@WTL@@HPBDHH@Z 0041a960 f i MdiVC6.obj
 0001:00019c30       ?_AfxAbbreviateName@CAfx@@SAXPADHH@Z 0041ac30 f i MdiVC6.obj
 0001:00019d60       ?AfxComparePath@CAfx@@SAHPBD0@Z 0041ad60 f i MdiVC6.obj
 0001:00019e40       ?AfxGetFileName@CAfx@@SAIPBDPADI@Z 0041ae40 f i MdiVC6.obj
 0001:00019e70       ?Remove@CRecentFileList@@UAEXH@Z 0041ae70 f i MdiVC6.obj
 0001:0001a080       ??_ECRecentFileList@@UAEPAXI@Z 0041b080 f i MdiVC6.obj
 0001:0001a080       ??_GCRecentFileList@@UAEPAXI@Z 0041b080 f i MdiVC6.obj
 0001:0001a0a0       ??1CRecentFileList@@UAE@XZ 0041b0a0 f i MdiVC6.obj
 0001:0001a1a0       ?classHandleFuncCDialog@CDialog@@SAPAXPAX0@Z 0041b1a0 f i MdiVC6.obj
 0001:0001a200       ?OnOK@CDialog@@UAEXXZ      0041b200 f i MdiVC6.obj
 0001:0001a270       ?OnCancel@CDialog@@UAEXXZ  0041b270 f i MdiVC6.obj
 0001:0001a2a0       ?OnInitDialog@CDialog@@UAEHXZ 0041b2a0 f i MdiVC6.obj
 0001:0001a370       ?ExecuteDlgInit@CWnd@@QAEHPAX@Z 0041b370 f i MdiVC6.obj
 0001:0001a450       ?Create@CDialog@@UAEHIPAVCWnd@@@Z 0041b450 f i MdiVC6.obj
 0001:0001a470       ?Create@CDialog@@UAEHPBDPAVCWnd@@@Z 0041b470 f i MdiVC6.obj
 0001:0001a5b0       ?CreateIndirect@CDialog@@UAEHPAXPAVCWnd@@PAUHINSTANCE__@@@Z 0041b5b0 f i MdiVC6.obj
 0001:0001a6b0       ?DoModal@CDialog@@UAEJXZ   0041b6b0 f i MdiVC6.obj
 0001:0001aa50       ?PreTranslateMessage@CDialog@@UAEHPAUtagMSG@@@Z 0041ba50 f i MdiVC6.obj
 0001:0001ab30       ??_GCDialog@@UAEPAXI@Z     0041bb30 f i MdiVC6.obj
 0001:0001ab30       ??_ECDialog@@UAEPAXI@Z     0041bb30 f i MdiVC6.obj
 0001:0001ab50       ??1CDialog@@UAE@XZ         0041bb50 f i MdiVC6.obj
 0001:0001aba0       ?AfxDlgProc@CWnd@@SGJPAUHWND__@@IIJ@Z 0041bba0 f i MdiVC6.obj
 0001:0001ad90       ??0CDocTemplate@@QAE@IPAUCRuntimeClass@@00@Z 0041bd90 f i MdiVC6.obj
 0001:0001afd0       ?CreateNewDocument@CDocTemplate@@UAEPAVCDocument@@XZ 0041bfd0 f i MdiVC6.obj
 0001:0001b000       ?CreateNewFrame@CDocTemplate@@UAEPAVCFrameWnd@@PAVCDocument@@PAV2@@Z 0041c000 f i MdiVC6.obj
 0001:0001b090       ?GetDocString@CDocTemplate@@UBEHAAVCString@WTL@@W4DocStringIndex@1@@Z 0041c090 f i MdiVC6.obj
 0001:0001b290       ?InitialUpdateFrame@CDocTemplate@@UAEXPAVCFrameWnd@@PAVCDocument@@H@Z 0041c290 f i MdiVC6.obj
 0001:0001b390       ?UpdateFrameCounts@CDocument@@QAEXXZ 0041c390 f i MdiVC6.obj
 0001:0001b5c0       ?MatchDocType@CDocTemplate@@UAE?AW4Confidence@1@PBDAAPAVCDocument@@@Z 0041c5c0 f i MdiVC6.obj
 0001:0001b7d0       ??1CDocTemplate@@QAE@XZ    0041c7d0 f i MdiVC6.obj
 0001:0001b810       ?OnFileNew@CDocManager@@UAEXXZ 0041c810 f i MdiVC6.obj
 0001:0001ba70       ?OnInitDialog@CNewTypeDlg@@UAEHXZ 0041ca70 f i MdiVC6.obj
 0001:0001bd50       ??0CDataExchange@@QAE@PAVCWMHnd@@H@Z 0041cd50 f i MdiVC6.obj
 0001:0001bd70       ?OnOK@CNewTypeDlg@@UAEXXZ  0041cd70 f i MdiVC6.obj
 0001:0001be40       ??_ECNewTypeDlg@@UAEPAXI@Z 0041ce40 f i MdiVC6.obj
 0001:0001be40       ??_GCNewTypeDlg@@UAEPAXI@Z 0041ce40 f i MdiVC6.obj
 0001:0001be60       ??1CNewTypeDlg@@UAE@XZ     0041ce60 f i MdiVC6.obj
 0001:0001beb0       ?_ProcessWindowMessage@CNewTypeDlg@@UAEHPAUHWND__@@IIJAAJ@Z 0041ceb0 f i MdiVC6.obj
 0001:0001bf60       ?AddDocTemplate@CDocManager@@QAEXPAVCDocTemplate@@@Z 0041cf60 f i MdiVC6.obj
 0001:0001bfa0       ?GetFirstDocTemplatePosition@CDocManager@@UBEPAU__POSITION@@XZ 0041cfa0 f i MdiVC6.obj
 0001:0001bfb0       ?AddDocument@CMultiDocTemplate@@UAEXPAVCDocument@@@Z 0041cfb0 f i MdiVC6.obj
 0001:0001bff0       ?GetFirstDocPosition@CMultiDocTemplate@@UBEPAU__POSITION@@XZ 0041cff0 f i MdiVC6.obj
 0001:0001c000       ?GetNextDocTemplate@CDocManager@@UBEPAVCDocTemplate@@AAPAU__POSITION@@@Z 0041d000 f i MdiVC6.obj
 0001:0001c000       ?GetNextDoc@CMultiDocTemplate@@UBEPAVCDocument@@AAPAU__POSITION@@@Z 0041d000 f i MdiVC6.obj
 0001:0001c020       ?LoadTemplate@CMultiDocTemplate@@UAEXXZ 0041d020 f i MdiVC6.obj
 0001:0001c190       ?OpenDocumentFile@CMultiDocTemplate@@UAEPAVCDocument@@PBDH@Z 0041d190 f i MdiVC6.obj
 0001:0001c1b0       ?RemoveDocument@CMultiDocTemplate@@UAEXPAVCDocument@@@Z 0041d1b0 f i MdiVC6.obj
 0001:0001c230       ?SetDefaultTitle@CMultiDocTemplate@@UAEXPAVCDocument@@@Z 0041d230 f i MdiVC6.obj
 0001:0001c470       ?ConcatCopy@CString@WTL@@IAEHHPBDH0@Z 0041d470 f i MdiVC6.obj
 0001:0001c520       ??_GCMultiDocTemplate@@UAEPAXI@Z 0041d520 f i MdiVC6.obj
 0001:0001c520       ??_ECMultiDocTemplate@@UAEPAXI@Z 0041d520 f i MdiVC6.obj
 0001:0001c540       ??1CMultiDocTemplate@@UAE@XZ 0041d540 f i MdiVC6.obj
 0001:0001c5f0       ??0CWinThread@@QAE@P6AIPAX@Z0@Z 0041d5f0 f i MdiVC6.obj
 0001:0001c620       ??1CWinThread@@QAE@XZ      0041d620 f i MdiVC6.obj
 0001:0001c640       ?OnAppExit@CWinApp@@QAEXXZ 0041d640 f i MdiVC6.obj
 0001:0001c660       ?OnFilePrintSetup@CWinApp@@QAEXXZ 0041d660 f i MdiVC6.obj
 0001:0001c810       ??0?$CWindowImplBaseT@VCWindow@ATL@@V?$CWinTraits@$0FGAAAAAA@$0A@@2@@ATL@@QAE@XZ 0041d810 f i MdiVC6.obj
 0001:0001c830       ?GetWindowProc@?$CWindowImplBaseT@VCWindow@ATL@@V?$CWinTraits@$0FGAAAAAA@$0A@@2@@ATL@@UAEP6GJPAUHWND__@@IIJ@ZXZ 0041d830 f i MdiVC6.obj
 0001:0001c840       ?DoModal@?$CPrintDialogImpl@VCPrintDialog@WTL@@@WTL@@QAEJPAUHWND__@@@Z 0041d840 f i MdiVC6.obj
 0001:0001c8b0       ?ProcessWindowMessage@?$CPrintDialogImpl@VCPrintDialog@WTL@@@WTL@@UAEHPAUHWND__@@IIJAAJK@Z 0041d8b0 f i MdiVC6.obj
 0001:0001c910       ?AtlModuleAddCreateWndData@ATL@@YGXPAU_ATL_MODULE@1@PAU_AtlCreateWndData@1@PAX@Z 0041d910 f i MdiVC6.obj
 0001:0001c950       ?OnPrintSetup@?$CPrintDialogImpl@VCPrintDialog@WTL@@@WTL@@QAEJGGPAUHWND__@@AAH@Z 0041d950 f i MdiVC6.obj
 0001:0001c9f0       ?HookProc@CCommonDialogImplBase@WTL@@SGKPAUHWND__@@IIJ@Z 0041d9f0 f i MdiVC6.obj
 0001:0001cae0       ?WindowProc@?$CWindowImplBaseT@VCWindow@ATL@@V?$CWinTraits@$0FGAAAAAA@$0A@@2@@ATL@@SGJPAUHWND__@@IIJ@Z 0041dae0 f i MdiVC6.obj
 0001:0001cbe0       ?AfxGlobalFree@CAfx@@SAXPAX@Z 0041dbe0 f i MdiVC6.obj
 0001:0001cc20       ?_WindowProc@CCommonWnd@@UAEHPAUHWND__@@IIJAAJ@Z 0041dc20 f i MdiVC6.obj
 0001:0001cdc0       ?_ProcessWindowMessage@CCmdTarget@@UAEHPAUHWND__@@IIJAAJ@Z 0041ddc0 f i MdiVC6.obj
 0001:0001cdc0       ?_ProcessWindowMessage@CPrintDialogMTL@@UAEHPAUHWND__@@IIJAAJ@Z 0041ddc0 f i MdiVC6.obj
 0001:0001cdd0       ?OnOpenRecentFile@CWinApp@@QAEHI@Z 0041ddd0 f i MdiVC6.obj
 0001:0001ce30       ?OnUpdateRecentFileMenu@CWinApp@@QAEXPAVCCmdUI@@@Z 0041de30 f i MdiVC6.obj
 0001:0001ce60       ?OnFileNew@CWinApp@@UAEXXZ 0041de60 f i MdiVC6.obj
 0001:0001ce70       ?OnFileOpen@CWinApp@@UAEXXZ 0041de70 f i MdiVC6.obj
 0001:0001ce80       ?OnIdle@CWinApp@@UAEHH@Z   0041de80 f i MdiVC6.obj
 0001:0001cfd0       ?RemoveOwner@?$CHandleHashList@PAUHWND__@@VCWMHnd@@PAU1@$0BB@@@QAEHQAUHWND__@@@Z 0041dfd0 f i MdiVC6.obj
 0001:0001d060       ?RemoveOwner@?$CHandleList@PAXXPAUHWND__@@@@QAEHQAUHWND__@@@Z 0041e060 f i MdiVC6.obj
 0001:0001d060       ?RemoveOwner@?$CHandleList@PAUHDC__@@VCDCMTL@@PAUHWND__@@@@QAEHQAUHWND__@@@Z 0041e060 f i MdiVC6.obj
 0001:0001d060       ?RemoveOwner@?$CHandleList@PAUHMENU__@@VCMenuMTL@@PAUHWND__@@@@QAEHQAUHWND__@@@Z 0041e060 f i MdiVC6.obj
 0001:0001d060       ?RemoveOwner@?$CHandleList@PAXVCGdiObject@@PAUHWND__@@@@QAEHQAUHWND__@@@Z 0041e060 f i MdiVC6.obj
 0001:0001d0d0       ?ExitInstance@CWinApp@@UAEHXZ 0041e0d0 f i MdiVC6.obj
 0001:0001d140       ?OpenDocumentFile@CWinApp@@UAEPAVCDocument@@PBD@Z 0041e140 f i MdiVC6.obj
 0001:0001d390       ?PreTranslateMessage@CWinApp@@UAEHPAUtagMSG@@@Z 0041e390 f i MdiVC6.obj
 0001:0001d430       ?ProcessShellCommand@CWinApp@@QAEHAAVCCommandLineInfo@@@Z 0041e430 f i MdiVC6.obj
 0001:0001d6e0       ?LoadStringA@CString@WTL@@QAEHI@Z 0041e6e0 f i MdiVC6.obj
 0001:0001d900       ??HWTL@@YG?AVCString@0@ABV10@PBD@Z 0041e900 f i MdiVC6.obj
 0001:0001da90       ?AfxDelRegTreeHelper@CAfx@@SAJPAUHKEY__@@ABVCString@WTL@@PAVCAtlTransactionManager@@@Z 0041ea90 f i MdiVC6.obj
 0001:0001dcf0       ?PumpMessage@CWinApp@@UAEHXZ 0041ecf0 f i MdiVC6.obj
 0001:0001dd40       ?Run@CWinApp@@UAEHXZ       0041ed40 f i MdiVC6.obj
 0001:0001dde0       ?UpdatePrinterSelection@CWinApp@@QAEXH@Z 0041ede0 f i MdiVC6.obj
 0001:0001e180       ??0CPrintDialog@WTL@@QAE@HKPAUHWND__@@@Z 0041f180 f i MdiVC6.obj
 0001:0001e210       ?GetDeviceName@CPrintDialogMTL@@QBE?AVCString@WTL@@XZ 0041f210 f i MdiVC6.obj
 0001:0001e360       ?GetDriverName@CPrintDialogMTL@@QBE?AVCString@WTL@@XZ 0041f360 f i MdiVC6.obj
 0001:0001e4b0       ?GetPortName@CPrintDialogMTL@@QBE?AVCString@WTL@@XZ 0041f4b0 f i MdiVC6.obj
 0001:0001e600       ??1CModuleThreadState@@QAE@XZ 0041f600 f i MdiVC6.obj
 0001:0001e640       ??1CCommandLineInfo@@QAE@XZ 0041f640 f i MdiVC6.obj
 0001:0001e740       ?_ProcessWindowMessage@CWinApp@@UAEHPAUHWND__@@IIJAAJ@Z 0041f740 f i MdiVC6.obj
 0001:0001e830       ?OnCmdMsg@CDialog@@UAEHIHPAXPAUAFX_CMDHANDLERINFO@@@Z 0041f830 f i MdiVC6.obj
 0001:0001e9d0       ?OnFileOpen@CDocManager@@UAEXXZ 0041f9d0 f i MdiVC6.obj
 0001:0001ec20       ??0CFileDialogMTL@@QAE@HPBD0K0PAVCWnd@@KH@Z 0041fc20 f i MdiVC6.obj
 0001:0001ee70       ?OnOK@CCommonDialog@@UAEXXZ 0041fe70 f i MdiVC6.obj
 0001:0001eed0       ?OnCancel@CCommonDialog@@UAEXXZ 0041fed0 f i MdiVC6.obj
 0001:0001eed0       ?OnInitDialog@CWMHnd@@UAEHXZ 0041fed0 f i MdiVC6.obj
 0001:0001eed0       ?Default@CWMHnd@@QAEJXZ    0041fed0 f i MdiVC6.obj
 0001:0001eef0       ??_GCCommonDialog@@UAEPAXI@Z 0041fef0 f i MdiVC6.obj
 0001:0001eef0       ??_ECCommonDialog@@UAEPAXI@Z 0041fef0 f i MdiVC6.obj
 0001:0001ef10       ??1CCommonDialog@@UAE@XZ   0041ff10 f i MdiVC6.obj
 0001:0001ef60       ??1CFileDialogMTL@@UAE@XZ  0041ff60 f i MdiVC6.obj
 0001:0001f000       ?IsTabbedMDIChild@CMDIChildWnd@@UAEHXZ 00420000 f i MdiVC6.obj
 0001:0001f000       ?IsFrameWnd@CWMHnd@@UAEHXZ 00420000 f i MdiVC6.obj
 0001:0001f000       ?IsDockBar@CControlBar@@UBEHXZ 00420000 f i MdiVC6.obj
 0001:0001f000       ?OnFileNameOK@CFileDialogMTL@@UAEHXZ 00420000 f i MdiVC6.obj
 0001:0001f000       ?GetEventSinkMap@CCmdTarget@@UBEPBUAFX_EVENTSINKMAP@@XZ 00420000 f i MdiVC6.obj
 0001:0001f000       ?GetDefaultAccelerator@CDocument@@UAEPAUHACCEL__@@XZ 00420000 f i MdiVC6.obj
 0001:0001f010       ?_simpleInvalidArgException@?1??GetCException@CAfx@@SAAAVCException@@H@Z@$AVCInvalidArgException@@A 00420010 f i MdiVC6.obj
 0001:0001f010       ??1CPrintDialogMTL@@QAE@XZ 00420010 f i MdiVC6.obj
 0001:0001f010       ?DeleteContents@CDocument@@UAEXXZ 00420010 f i MdiVC6.obj
 0001:0001f010       ?_simpleResourceException@?1??GetCException@CAfx@@SAAAVCException@@H@Z@$AVCResourceException@@A 00420010 f i MdiVC6.obj
 0001:0001f010       ??1?$CWindowImplRoot@VCWindow@ATL@@@ATL@@QAE@XZ 00420010 f i MdiVC6.obj
 0001:0001f010       ?OnShowMenuBar@CFrameWnd@@UAEXXZ 00420010 f i MdiVC6.obj
 0001:0001f010       ?OnFileNameChange@CFileDialogMTL@@UAEXXZ 00420010 f i MdiVC6.obj
 0001:0001f010       ?PostNcDestroy@CWMHnd@@UAEXXZ 00420010 f i MdiVC6.obj
 0001:0001f010       ?OnTypeChange@CFileDialogMTL@@UAEXXZ 00420010 f i MdiVC6.obj
 0001:0001f010       ?_simpleNotSupportedException@?1??GetCException@CAfx@@SAAAVCException@@H@Z@$AVCNotSupportedException@@A 00420010 f i MdiVC6.obj
 0001:0001f010       ?UpdateOFNFromShellDialog@CFileDialogMTL@@UAEXXZ 00420010 f i MdiVC6.obj
 0001:0001f010       ?OnFolderChange@CFileDialogMTL@@UAEXXZ 00420010 f i MdiVC6.obj
 0001:0001f010       ?_afxdata@?1??_GetAfxData@CAfx@@SAABU_AUX_DATA@@XZ@$AU2@A 00420010 f i MdiVC6.obj
 0001:0001f010       ?_simpleMemoryException@?1??GetCException@CAfx@@SAAAVCException@@H@Z@$AVCMemoryException@@A 00420010 f i MdiVC6.obj
 0001:0001f010       ?OnHideMenuBar@CFrameWnd@@UAEXXZ 00420010 f i MdiVC6.obj
 0001:0001f020       ?OnInitDone@CFileDialogMTL@@UAEXXZ 00420020 f i MdiVC6.obj
 0001:0001f1b0       ?OnLBSelChangedNotify@CFileDialogMTL@@UAEXIII@Z 004201b0 f i MdiVC6.obj
 0001:0001f1c0       ?OnNotify@CFileDialogMTL@@UAEHIJPAJ@Z 004201c0 f i MdiVC6.obj
 0001:0001f390       ?GetScrollBarCtrl@CWMHnd@@UBEPAVCScrollBarMTL@@H@Z 00420390 f i MdiVC6.obj
 0001:0001f390       ?OnShareViolation@CFileDialogMTL@@UAEIPBD@Z 00420390 f i MdiVC6.obj
 0001:0001f3a0       ?DoModal@CFileDialogMTL@@UAEJXZ 004203a0 f i MdiVC6.obj
 0001:0001f520       ??_GCFileDialogMTL@@UAEPAXI@Z 00420520 f i MdiVC6.obj
 0001:0001f520       ??_ECFileDialogMTL@@UAEPAXI@Z 00420520 f i MdiVC6.obj
 0001:0001f540       ?_AfxAppendFilterSuffix@@YAXAAVCString@WTL@@AAUtagOFNA@@PAVCDocTemplate@@PAV12@@Z 00420540 f i MdiVC6.obj
 0001:0001f820       ?Mid@CString@WTL@@QBE?AV12@H@Z 00420820 f i MdiVC6.obj
 0001:0001f850       ?Mid@CString@WTL@@QBE?AV12@HH@Z 00420850 f i MdiVC6.obj
 0001:0001f9d0       ?Tokenize@@YA?AVCString@WTL@@AAV12@PADAAH@Z 004209d0 f i MdiVC6.obj
 0001:0001fa00       ?Tokenize@CAfx@@SA?AVCString@WTL@@AAV23@PADAAH@Z 00420a00 f i MdiVC6.obj
 0001:0001fb20       ?_AfxCommDlgProc@CCommonDialog@@SGKPAUHWND__@@IIJ@Z 00420b20 f i MdiVC6.obj
 0001:0001fd70       ?CenterWindow@CWindow@ATL@@QAEHPAUHWND__@@@Z 00420d70 f i MdiVC6.obj
 0001:0001ff00       ?AfxResolveShortcut@@YAHPAVCWMHnd@@PBDPADH@Z 00420f00 f i MdiVC6.obj
 0001:00020180       ?GetClassObject@AFX_COM@@QAEJABU_GUID@@0PAPAX@Z 00421180 f i MdiVC6.obj
 0001:000203e0       ?AfxGetInProcServer@CAfx@@SAHPBDAAVCString@WTL@@@Z 004213e0 f i MdiVC6.obj
 0001:000205f0       ?AfxStringFromCLSID@@YA?AVCString@WTL@@ABU_GUID@@@Z 004215f0 f i MdiVC6.obj
 0001:00020620       ?AfxStringFromCLSID@CAfx@@SA?AVCString@WTL@@ABU_GUID@@@Z 00421620 f i MdiVC6.obj
 0001:00020810       ?OpenDocumentFile@CMultiDocTemplate@@UAEPAVCDocument@@PBDHH@Z 00421810 f i MdiVC6.obj
 0001:00020ac0       ?ShowAppMessageBox@CWinApp@@SAHPAV1@PBDII@Z 00421ac0 f i MdiVC6.obj
 0001:00020c00       ??1CWaitCursor@@QAE@XZ     00421c00 f i MdiVC6.obj
 0001:00020c50       ?ReadList@CRecentFileList@@UAEXXZ 00421c50 f i MdiVC6.obj
 0001:00020df0       ?GetProfileStringA@CWinApp@@QAE?AVCString@WTL@@PBD00@Z 00421df0 f i MdiVC6.obj
 0001:00020fd0       ?UpdateMenu@CRecentFileList@@UAEXPAVCCmdUI@@@Z 00421fd0 f i MdiVC6.obj
 0001:00021450       ??HWTL@@YG?AVCString@0@ABV10@0@Z 00422450 f i MdiVC6.obj
 0001:000215e0       ?WriteList@CRecentFileList@@UAEXXZ 004225e0 f i MdiVC6.obj
 0001:00021670       ?RunModalLoop@CWnd@@QAEHK@Z 00422670 f i MdiVC6.obj
 0001:00021810       ?CreateObject@CMdiVC6Doc@@SAPAVCObject@@XZ 00422810 f   MdiVC6Doc.obj
 0001:00021870       ?GetRuntimeClass@CMdiVC6Doc@@UBEPAUCRuntimeClass@@XZ 00422870 f   MdiVC6Doc.obj
 0001:00021880       ??0CMdiVC6Doc@@IAE@XZ      00422880 f   MdiVC6Doc.obj
 0001:000218c0       ?_ProcessWindowMessage@CMdiVC6Doc@@UAEHPAUHWND__@@IIJAAJ@Z 004228c0 f i MdiVC6Doc.obj
 0001:00021a20       ??_GCMdiVC6Doc@@UAEPAXI@Z  00422a20 f i MdiVC6Doc.obj
 0001:00021a20       ??_ECMdiVC6Doc@@UAEPAXI@Z  00422a20 f i MdiVC6Doc.obj
 0001:00021a40       ??1CMdiVC6Doc@@UAE@XZ      00422a40 f   MdiVC6Doc.obj
 0001:00021b20       ?OnNewDocument@CMdiVC6Doc@@UAEHXZ 00422b20 f   MdiVC6Doc.obj
 0001:00021c40       ?GetFirstViewPosition@CDocument@@UBEPAU__POSITION@@XZ 00422c40 f i MdiVC6Doc.obj
 0001:00021c50       ?GetNextView@CDocument@@UBEPAVCView@@AAPAU__POSITION@@@Z 00422c50 f i MdiVC6Doc.obj
 0001:00021c70       ?ReleaseFile@CDocument@@UAEXPAVCFile@@H@Z 00422c70 f i MdiVC6Doc.obj
 0001:00021cb0       ??1CFile@@QAE@XZ           00422cb0 f i MdiVC6Doc.obj
 0001:00021e50       ?OsErrorToException@CFileException@@SAHJ@Z 00422e50 f i MdiVC6Doc.obj
 0001:00022000       ?Abort@CFile@@UAEXXZ       00423000 f i MdiVC6Doc.obj
 0001:00022100       ?Close@CFile@@UAEXXZ       00423100 f i MdiVC6Doc.obj
 0001:00022200       ?ThrowOsError@CFileException@@SAXJPBD@Z 00423200 f i MdiVC6Doc.obj
 0001:000224c0       ?GetFilePath@CFile@@UBE?AVCString@WTL@@XZ 004234c0 f i MdiVC6Doc.obj
 0001:00022720       ?GetCException@CAfx@@SAAAVCException@@H@Z 00423720 f i MdiVC6Doc.obj
 0001:00022830       ??0CTime@@QAE@ABU_SYSTEMTIME@@H@Z 00423830 f i MdiVC6Doc.obj
 0001:000229c0       ??0CTime@@QAE@ABU_FILETIME@@H@Z 004239c0 f i MdiVC6Doc.obj
 0001:00022c40       ??0CSimpleException@@QAE@HI@Z 00423c40 f i MdiVC6Doc.obj
 0001:00022c60       ??0CTime@@QAE@HHHHHHH@Z    00423c60 f i MdiVC6Doc.obj
 0001:00022db0       ?IsValidFILETIME@CTime@@SAHABU_FILETIME@@@Z 00423db0 f i MdiVC6Doc.obj
 0001:00022df0       ?GetLength@CFile@@UBE_KXZ  00423df0 f i MdiVC6Doc.obj
 0001:00022e40       ?Open@CFile@@UAEHPBDIPAVCFileException@@@Z 00423e40 f i MdiVC6Doc.obj
 0001:00023160       ?Read@CFile@@UAEIPAXI@Z    00424160 f i MdiVC6Doc.obj
 0001:000231b0       ?Write@CFile@@UAEXPBXI@Z   004241b0 f i MdiVC6Doc.obj
 0001:00023210       ?AfxThrowFileException@CFile@@SAXHJPBD@Z 00424210 f i MdiVC6Doc.obj
 0001:00023350       ?Seek@CFile@@UAE_K_JI@Z    00424350 f i MdiVC6Doc.obj
 0001:000233b0       ?SetModifiedFlag@CDocument@@UAEXH@Z 004243b0 f i MdiVC6Doc.obj
 0001:000233c0       ?SetTitle@CDocument@@UAEXPBD@Z 004243c0 f i MdiVC6Doc.obj
 0001:00023670       ?CDocumentDestruct@CDocument@@QAEXXZ 00424670 f i MdiVC6Doc.obj
 0001:000236c0       ?OnCmdMsg@CDocument@@UAEHIHPAXPAUAFX_CMDHANDLERINFO@@@Z 004246c0 f i MdiVC6Doc.obj
 0001:00023800       ?OnOpenDocument@CDocument@@UAEHPBD@Z 00424800 f i MdiVC6Doc.obj
 0001:00023ac0       ??4CString@WTL@@QAEAAV01@ABV01@@Z 00424ac0 f i MdiVC6Doc.obj
 0001:00023b90       ?Flush@CArchive@@QAEXXZ    00424b90 f i MdiVC6Doc.obj
 0001:00023be0       ??_GCFile@@QAEPAXI@Z       00424be0 f i MdiVC6Doc.obj
 0001:00023c00       ?DoWaitCursor@CWinApp@@QAEXH@Z 00424c00 f i MdiVC6Doc.obj
 0001:00023c70       ??1CArchive@@QAE@XZ        00424c70 f i MdiVC6Doc.obj
 0001:00023cb0       ?OnSaveDocument@CDocument@@UAEHPBD@Z 00424cb0 f i MdiVC6Doc.obj
 0001:00023ef0       ?DoSave@CDocument@@UAEHPBDH@Z 00424ef0 f i MdiVC6Doc.obj
 0001:00024260       ?DoPromptFileName@CWinApp@@QAEHAAVCString@WTL@@IKHPAVCDocTemplate@@@Z 00425260 f i MdiVC6Doc.obj
 0001:00024290       ?DoPromptFileName@CDocManager@@QAEHAAVCString@WTL@@IKHPAVCDocTemplate@@@Z 00425290 f i MdiVC6Doc.obj
 0001:00024790       ?SetAt@CString@WTL@@QAEXHD@Z 00425790 f i MdiVC6Doc.obj
 0001:00024840       ??YCString@WTL@@QAEAAV01@ABV01@@Z 00425840 f i MdiVC6Doc.obj
 0001:00024950       ??0CCommonDialog@@QAE@PAVCWnd@@@Z 00425950 f i MdiVC6Doc.obj
 0001:00024990       ?SaveModified@CDocument@@UAEHXZ 00425990 f i MdiVC6Doc.obj
 0001:00024cb0       ?AfxFormatStrings@CAfx@@SAXAAVCString@WTL@@IPBQBDH@Z 00425cb0 f i MdiVC6Doc.obj
 0001:00024e70       ?AfxFormatStrings@CAfx@@SAXAAVCString@WTL@@PBDPBQBDH@Z 00425e70 f i MdiVC6Doc.obj
 0001:00025140       ?AfxGetFileTitle@CAfx@@SAIPBDPADI@Z 00426140 f i MdiVC6Doc.obj
 0001:000251d0       ?SetPathName@CDocument@@UAEXPBDH@Z 004261d0 f i MdiVC6Doc.obj
 0001:00025310       ?CreateObject@CMdiVC6View@@SAPAVCObject@@XZ 00426310 f   MdiVC6View.obj
 0001:00025370       ?GetRuntimeClass@CMdiVC6View@@UBEPAUCRuntimeClass@@XZ 00426370 f   MdiVC6View.obj
 0001:00025380       ??0CMdiVC6View@@IAE@XZ     00426380 f   MdiVC6View.obj
 0001:000253b0       ?_ProcessWindowMessage@CMdiVC6View@@UAEHPAUHWND__@@IIJAAJ@Z 004263b0 f i MdiVC6View.obj
 0001:00025480       ??_GCMdiVC6View@@UAEPAXI@Z 00426480 f i MdiVC6View.obj
 0001:00025480       ??_ECMdiVC6View@@UAEPAXI@Z 00426480 f i MdiVC6View.obj
 0001:000254a0       ??1CMdiVC6View@@UAE@XZ     004264a0 f   MdiVC6View.obj
 0001:00025510       ?PreCreateWindow@CMdiVC6View@@UAEHAAUtagCREATESTRUCTA@@@Z 00426510 f   MdiVC6View.obj
 0001:00025820       ?OnDraw@CMdiVC6View@@UAEXPAVCDCMTL@@@Z 00426820 f   MdiVC6View.obj
 0001:00025820       ?Serialize@CMdiVC6Doc@@UAEXAAVCArchive@@@Z 00426820 f   MdiVC6View.obj
 0001:00025820       ?DoDataExchange@CAboutDlg@@MAEXPAVCDataExchange@@@Z 00426820 f   MdiVC6View.obj
 0001:00025830       ?OnPreparePrinting@CMdiVC6View@@MAEHPAUCPrintInfo@@@Z 00426830 f   MdiVC6View.obj
 0001:00025a80       ?OnEndPrinting@CMdiVC6View@@MAEXPAVCDCMTL@@PAUCPrintInfo@@@Z 00426a80 f   MdiVC6View.obj
 0001:00025a80       ?OnBeginPrinting@CMdiVC6View@@MAEXPAVCDCMTL@@PAUCPrintInfo@@@Z 00426a80 f   MdiVC6View.obj
 0001:00025b10       ?OnActivateView@CView@@UAEXHPAV1@0@Z 00426b10 f i MdiVC6View.obj
 0001:00025c00       ?OnInitialUpdate@CView@@UAEXXZ 00426c00 f i MdiVC6View.obj
 0001:00025c10       ?OnPrint@CView@@UAEXPAVCDCMTL@@PAUCPrintInfo@@@Z 00426c10 f i MdiVC6View.obj
 0001:00025c20       ?OnPrepareDC@CView@@UAEXPAVCDCMTL@@PAUCPrintInfo@@@Z 00426c20 f i MdiVC6View.obj
 0001:00025c50       ?OnPreparePrinting@CView@@UAEHPAUCPrintInfo@@@Z 00426c50 f i MdiVC6View.obj
 0001:00025c60       ?OnScroll@CView@@UAEHIIH@Z 00426c60 f i MdiVC6View.obj
 0001:00025c60       ?OnScrollBy@CView@@UAEHVCSize@WTL@@H@Z 00426c60 f i MdiVC6View.obj
 0001:00025c70       ?OnUpdate@CView@@UAEXPAV1@JPAVCObject@@@Z 00426c70 f i MdiVC6View.obj
 0001:00025c90       ?PostNcDestroy@CFrameWnd@@UAEXXZ 00426c90 f i MdiVC6View.obj
 0001:00025c90       ?PostNcDestroy@CView@@UAEXXZ 00426c90 f i MdiVC6View.obj
 0001:00025ca0       ?PreCreateWindow@CView@@UAEHAAUtagCREATESTRUCTA@@@Z 00426ca0 f i MdiVC6View.obj
 0001:00025ff0       ??_ECView@@UAEPAXI@Z       00426ff0 f i MdiVC6View.obj
 0001:00025ff0       ??_GCView@@UAEPAXI@Z       00426ff0 f i MdiVC6View.obj
 0001:00026010       ??1CView@@UAE@XZ           00427010 f i MdiVC6View.obj
 0001:00026080       ?_ProcessWindowMessage@CView@@UAEHPAUHWND__@@IIJAAJ@Z 00427080 f i MdiVC6View.obj
 0001:000263e0       ??_9@$BJA@AE               004273e0 f i MdiVC6View.obj
 0001:000263f0       ??0CPaintDCMTL@@QAE@PAVCWMHnd@@@Z 004273f0 f i MdiVC6View.obj
 0001:00026450       ??1CPaintDCMTL@@UAE@XZ     00427450 f i MdiVC6View.obj
 0001:000264b0       ??_ECPaintDCMTL@@UAEPAXI@Z 004274b0 f i MdiVC6View.obj
 0001:000264b0       ??_GCPaintDCMTL@@UAEPAXI@Z 004274b0 f i MdiVC6View.obj
 0001:000264d0       ?SetActiveView@CFrameWnd@@QAEXPAVCView@@H@Z 004274d0 f i MdiVC6View.obj
 0001:00026520       ?OnEndPrintPreview@CView@@UAEXPAVCDCMTL@@PAUCPrintInfo@@UtagPOINT@@PAVCPreviewView@@@Z 00427520 f i MdiVC6View.obj
 0001:000266e0       ?OnFilePrintPreview@CView@@QAEXXZ 004276e0 f i MdiVC6View.obj
 0001:000269e0       ??0CRect@WTL@@QAE@HHHH@Z   004279e0 f i MdiVC6View.obj
 0001:00026a00       ?CreateObject@CRuntimeClass@@QAEPAVCObject@@XZ 00427a00 f i MdiVC6View.obj
 0001:00026a10       ??0CDialogBar@@QAE@XZ      00427a10 f i MdiVC6View.obj
 0001:00026ac0       ?OnUpdateCmdUI@CDialogBar@@UAEXPAVCFrameWnd@@H@Z 00427ac0 f i MdiVC6View.obj
 0001:00026ae0       ?Create@CDialogBar@@UAEHPAVCWnd@@III@Z 00427ae0 f i MdiVC6View.obj
 0001:00026b10       ?Create@CDialogBar@@UAEHPAVCWnd@@PBDII@Z 00427b10 f i MdiVC6View.obj
 0001:00026d40       ?HookWindowCreate@CWnd@@SAHPAV1@G@Z 00427d40 f i MdiVC6View.obj
 0001:00026db0       ?UnhookWindowCreate@CWnd@@SAHXZ 00427db0 f i MdiVC6View.obj
 0001:00026dd0       ?CalcFixedLayout@CDialogBar@@UAE?AVCSize@WTL@@HH@Z 00427dd0 f i MdiVC6View.obj
 0001:00026e20       ??_ECDialogBar@@UAEPAXI@Z  00427e20 f i MdiVC6View.obj
 0001:00026e20       ??_GCDialogBar@@UAEPAXI@Z  00427e20 f i MdiVC6View.obj
 0001:00026e40       ??1CDialogBar@@UAE@XZ      00427e40 f i MdiVC6View.obj
 0001:00026f80       ?OnPreviewClose@CPreviewView@@QAEXXZ 00427f80 f i MdiVC6View.obj
 0001:00027070       ?SetPrintView@CPreviewView@@QAEHPAVCView@@@Z 00428070 f i MdiVC6View.obj
 0001:00027510       ?Attach@?$CDCT@$00@WTL@@QAEXPAUHDC__@@@Z 00428510 f i MdiVC6View.obj
 0001:00027540       ?SetMapMode@CDCMTL@@QAEHH@Z 00428540 f i MdiVC6View.obj
 0001:00027570       ?SaveDC@CPreviewDC@@UAEHXZ 00428570 f i MdiVC6View.obj
 0001:000275d0       ?RestoreDC@CPreviewDC@@UAEHH@Z 004285d0 f i MdiVC6View.obj
 0001:00027810       ?MirrorFont@CPreviewDC@@QAEXXZ 00428810 f i MdiVC6View.obj
 0001:00027a20       ?TextOutA@CPreviewDC@@UAEHHHPBDH@Z 00428a20 f i MdiVC6View.obj
 0001:00027a50       ?ExtTextOutA@CPreviewDC@@QAEHHHIPBUtagRECT@@PBDIPAH@Z 00428a50 f i MdiVC6View.obj
 0001:00027c50       ??1?$CAlloc@DABD@@QAE@XZ   00428c50 f i MdiVC6View.obj
 0001:00027c50       ??1?$CAlloc@HABH@@QAE@XZ   00428c50 f i MdiVC6View.obj
 0001:00027c50       ?Free@?$CAlloc@HABH@@QAEXXZ 00428c50 f i MdiVC6View.obj
 0001:00027c50       ?Free@?$CAlloc@DABD@@QAEXXZ 00428c50 f i MdiVC6View.obj
 0001:00027c80       ?ComputeDeltas@CPreviewDC@@QAE?AVCSize@WTL@@AAHPBDAAIHIPAHHPAD30@Z 00428c80 f i MdiVC6View.obj
 0001:000280a0       ??_GCPreviewDC@@UAEPAXI@Z  004290a0 f i MdiVC6View.obj
 0001:000280a0       ??_ECPreviewDC@@UAEPAXI@Z  004290a0 f i MdiVC6View.obj
 0001:000280c0       ??1CPreviewDC@@UAE@XZ      004290c0 f i MdiVC6View.obj
 0001:00028130       ??0CWindowDCMTL@@QAE@PAVCWMHnd@@@Z 00429130 f i MdiVC6View.obj
 0001:00028190       ??0CPrintDialogMTL@@QAE@HKPAVCWnd@@@Z 00429190 f i MdiVC6View.obj
 0001:00028240       ?UpdateBars@CScrollView@@QAEXXZ 00429240 f i MdiVC6View.obj
 0001:00028610       ??GCSize@WTL@@QBE?AV01@UtagSIZE@@@Z 00429610 f i MdiVC6View.obj
 0001:00028630       ?ScrollWindow@CWMHnd@@QAEXHHPBUtagRECT@@0@Z 00429630 f i MdiVC6View.obj
 0001:00028710       ?SetScrollPos@CWMHnd@@QAEHHHH@Z 00429710 f i MdiVC6View.obj
 0001:00028750       ?GetScrollPos@CWMHnd@@QBEHH@Z 00429750 f i MdiVC6View.obj
 0001:00028790       ?SetScrollRange@CWMHnd@@QAEXHHHH@Z 00429790 f i MdiVC6View.obj
 0001:000287f0       ?EnableScrollBarCtrl@CWMHnd@@QAEXHH@Z 004297f0 f i MdiVC6View.obj
 0001:00028840       ?SetScrollInfo@CWMHnd@@QAEHHPAUtagSCROLLINFO@@H@Z 00429840 f i MdiVC6View.obj
 0001:00028890       ?GetDeviceScrollPosition@CScrollView@@QBE?AVCPoint@WTL@@XZ 00429890 f i MdiVC6View.obj
 0001:00028900       ?GetScrollBarSizes@CScrollView@@QAEXAAVCSize@WTL@@@Z 00429900 f i MdiVC6View.obj
 0001:00028970       ?SetCurrentPage@CPreviewView@@QAEXIH@Z 00429970 f i MdiVC6View.obj
 0001:00028a30       ?_AfxPreviewCloseProc@CPrintPreviewState@@SGHPAVCFrameWnd@@@Z 00429a30 f i MdiVC6View.obj
 0001:00028b40       ?OnChangedViewList@CDocument@@QAEXXZ 00429b40 f i MdiVC6View.obj
 0001:00028dc0       ?CViewDestruct@CView@@QAEXXZ 00429dc0 f i MdiVC6View.obj
 0001:00028f10       ?OnCmdMsg@CView@@UAEHIHPAXPAUAFX_CMDHANDLERINFO@@@Z 00429f10 f i MdiVC6View.obj
 0001:00029040       ?DoPrintDialog@CWinApp@@QAEJPAVCPrintDialogMTL@@@Z 0042a040 f i MdiVC6View.obj
 0001:00029220       ?FromHandle@CDCMTL@@SAPAV1@PAUHDC__@@PAV1@PAUHWND__@@P6APAXPAX3@Z@Z 0042a220 f i MdiVC6View.obj
 0001:00029240       ?OnFilePrint@CView@@QAEXXZ 0042a240 f i MdiVC6View.obj
 0001:0002a100       ?Attach@?$CHandleWrapper@VCDCMTL@@PAUHDC__@@V?$CDCT@$00@WTL@@@@QAEHPAUHDC__@@@Z 0042b100 f i MdiVC6View.obj
 0001:0002a150       ?Detach@?$CHandleWrapper@VCDCMTL@@PAUHDC__@@V?$CDCT@$00@WTL@@@@QAEPAUHDC__@@XZ 0042b150 f i MdiVC6View.obj
 0001:0002a170       ?SetRect@CRect@WTL@@QAEXHHHH@Z 0042b170 f i MdiVC6View.obj
 0001:0002a190       ?_AfxAbortProc@CPrintingDialog@@SGHPAUHDC__@@H@Z 0042b190 f i MdiVC6View.obj
 0001:0002a1f0       ??0CPrintingDialog@@QAE@PAVCWnd@@@Z 0042b1f0 f i MdiVC6View.obj
 0001:0002a270       ?OnInitDialog@CPrintingDialog@@UAEHXZ 0042b270 f i MdiVC6View.obj
 0001:0002a4c0       ?OnCancel@CPrintingDialog@@UAEXXZ 0042b4c0 f i MdiVC6View.obj
 0001:0002a4f0       ??_GCPrintingDialog@@UAEPAXI@Z 0042b4f0 f i MdiVC6View.obj
 0001:0002a4f0       ??_ECPrintingDialog@@UAEPAXI@Z 0042b4f0 f i MdiVC6View.obj
 0001:0002a510       ??1CPrintingDialog@@UAE@XZ 0042b510 f i MdiVC6View.obj
 0001:0002a560       ?GetPathName@CFileDialogMTL@@QAE?AVCString@WTL@@XZ 0042b560 f i MdiVC6View.obj
 0001:0002a830       ??0CString@WTL@@QAE@PBD@Z  0042b830 f i MdiVC6View.obj
 0001:0002a9a0       ??1CPrintInfo@@QAE@XZ      0042b9a0 f i MdiVC6View.obj
 0001:0002aa40       ??_GCPrintDialogMTL@@QAEPAXI@Z 0042ba40 f i MdiVC6View.obj
 0001:0002ac50       ?GetRuntimeClass@CCmdTarget@@UBEPAUCRuntimeClass@@XZ 0042bc50 f   StdAfx.obj
 0001:0002ac60       ?CreateObject@CWnd@@SAPAVCObject@@XZ 0042bc60 f   StdAfx.obj
 0001:0002aca0       ?GetRuntimeClass@CWnd@@UBEPAUCRuntimeClass@@XZ 0042bca0 f   StdAfx.obj
 0001:0002acb0       ?GetRuntimeClass@CDialog@@UBEPAUCRuntimeClass@@XZ 0042bcb0 f   StdAfx.obj
 0001:0002acc0       ?CreateObject@CFrameWnd@@SAPAVCObject@@XZ 0042bcc0 f   StdAfx.obj
 0001:0002ae10       ?GetRuntimeClass@CFrameWnd@@UBEPAUCRuntimeClass@@XZ 0042be10 f   StdAfx.obj
 0001:0002ae20       ?GetRuntimeClass@CView@@UBEPAUCRuntimeClass@@XZ 0042be20 f   StdAfx.obj
 0001:0002ae30       ?GetRuntimeClass@CMultiDocTemplate@@UBEPAUCRuntimeClass@@XZ 0042be30 f   StdAfx.obj
 0001:0002ae40       ?GetRuntimeClass@CControlBar@@UBEPAUCRuntimeClass@@XZ 0042be40 f   StdAfx.obj
 0001:0002ae50       ?GetRuntimeClass@CDockBar@@UBEPAUCRuntimeClass@@XZ 0042be50 f   StdAfx.obj
 0001:0002ae60       ?GetRuntimeClass@CToolBar@@UBEPAUCRuntimeClass@@XZ 0042be60 f   StdAfx.obj
 0001:0002ae70       ?CreateObject@CMiniFrameWnd@@SAPAVCObject@@XZ 0042be70 f   StdAfx.obj
 0001:0002afb0       ?GetRuntimeClass@CMiniFrameWnd@@UBEPAUCRuntimeClass@@XZ 0042bfb0 f   StdAfx.obj
 0001:0002afc0       ?CreateObject@CMiniDockFrameWnd@@SAPAVCObject@@XZ 0042bfc0 f   StdAfx.obj
 0001:0002b190       ?GetRuntimeClass@CMiniDockFrameWnd@@UBEPAUCRuntimeClass@@XZ 0042c190 f   StdAfx.obj
 0001:0002b1a0       ?CreateObject@CMDIFrameWnd@@SAPAVCObject@@XZ 0042c1a0 f   StdAfx.obj
 0001:0002b2f0       ?GetRuntimeClass@CMDIFrameWnd@@UBEPAUCRuntimeClass@@XZ 0042c2f0 f   StdAfx.obj
 0001:0002b300       ?CreateObject@CMDIChildWnd@@SAPAVCObject@@XZ 0042c300 f   StdAfx.obj
 0001:0002b450       ?GetRuntimeClass@CMDIChildWnd@@UBEPAUCRuntimeClass@@XZ 0042c450 f   StdAfx.obj
 0001:0002b460       ?GetRuntimeClass@CScrollView@@UBEPAUCRuntimeClass@@XZ 0042c460 f   StdAfx.obj
 0001:0002b470       ?CreateObject@CPreviewView@@SAPAVCObject@@XZ 0042c470 f   StdAfx.obj
 0001:0002b5f0       ?GetRuntimeClass@CPreviewView@@UBEPAUCRuntimeClass@@XZ 0042c5f0 f   StdAfx.obj
 0001:0002b600       ?GetRuntimeClass@CFileDialogMTL@@UBEPAUCRuntimeClass@@XZ 0042c600 f   StdAfx.obj
 0001:0002b610       ?GetRuntimeClass@CToolTipCtrlMTL@@UBEPAUCRuntimeClass@@XZ 0042c610 f   StdAfx.obj
 0001:0002b620       _WinMain@16                0042c620 f   StdAfx.obj
 0001:0002b920       ?AtlModuleInit@ATL@@YGJPAU_ATL_MODULE@1@PAU_ATL_OBJMAP_ENTRY@1@PAUHINSTANCE__@@@Z 0042c920 f i StdAfx.obj
 0001:0002b9b0       ?_AtlGetStringResourceImage@CAfx@@SAPBUATLSTRINGRESOURCEIMAGE@@PAUHINSTANCE__@@PAUHRSRC__@@I@Z 0042c9b0 f i StdAfx.obj
 0001:0002ba20       ??1CMiniFrameWnd@@UAE@XZ   0042ca20 f i StdAfx.obj
 0001:0002bb30       ?Create@CMiniFrameWnd@@UAEHPBD0KABUtagRECT@@PAVCWnd@@I@Z 0042cb30 f i StdAfx.obj
 0001:0002bb60       ?CreateEx@CMiniFrameWnd@@UAEHKPBD0KABUtagRECT@@PAVCWnd@@I@Z 0042cb60 f i StdAfx.obj
 0001:0002be00       ?PreCreateWindow@CMiniFrameWnd@@UAEHAAUtagCREATESTRUCTA@@@Z 0042ce00 f i StdAfx.obj
 0001:0002c120       ??_ECMiniFrameWnd@@UAEPAXI@Z 0042d120 f i StdAfx.obj
 0001:0002c120       ??_GCMiniFrameWnd@@UAEPAXI@Z 0042d120 f i StdAfx.obj
 0001:0002c140       ?_ProcessWindowMessage@CMiniFrameWnd@@UAEHPAUHWND__@@IIJAAJ@Z 0042d140 f i StdAfx.obj
 0001:0002c610       ?HandleFloatingSysCommand@CWnd@@QAEHIJ@Z 0042d610 f i StdAfx.obj
 0001:0002c870       ?OnFloatStatus@CMiniFrameWnd@@QAEJIJ@Z 0042d870 f i StdAfx.obj
 0001:0002c960       ?OnQueryCenterWnd@CMiniFrameWnd@@QAEJIJ@Z 0042d960 f i StdAfx.obj
 0001:0002c990       ?RecalcLayout@CMiniDockFrameWnd@@UAEXH@Z 0042d990 f i StdAfx.obj
 0001:0002cb10       ??_ECMiniDockFrameWnd@@UAEPAXI@Z 0042db10 f i StdAfx.obj
 0001:0002cb10       ??_GCMiniDockFrameWnd@@UAEPAXI@Z 0042db10 f i StdAfx.obj
 0001:0002cb30       ??1CMiniDockFrameWnd@@UAE@XZ 0042db30 f i StdAfx.obj
 0001:0002ccb0       ?_ProcessWindowMessage@CMiniDockFrameWnd@@UAEHPAUHWND__@@IIJAAJ@Z 0042dcb0 f i StdAfx.obj
 0001:0002cf90       ?ActivateTopParent@CWnd@@QAEXXZ 0042df90 f i StdAfx.obj
 0001:0002d080       ?ShowControlBar@CFrameWnd@@QAEXPAVCControlBar@@HH@Z 0042e080 f i StdAfx.obj
 0001:0002d2c0       ?OnPrepareDC@CScrollView@@UAEXPAVCDCMTL@@PAUCPrintInfo@@@Z 0042e2c0 f i StdAfx.obj
 0001:0002d430       ?SetViewportExt@CDCMTL@@QAE?AVCSize@WTL@@HH@Z 0042e430 f i StdAfx.obj
 0001:0002d4a0       ?SetWindowExt@CDCMTL@@QAE?AVCSize@WTL@@HH@Z 0042e4a0 f i StdAfx.obj
 0001:0002d510       ?OnScroll@CScrollView@@UAEHIIH@Z 0042e510 f i StdAfx.obj
 0001:0002d650       ?OnScrollBy@CScrollView@@UAEHVCSize@WTL@@H@Z 0042e650 f i StdAfx.obj
 0001:0002d960       ?GetScrollInfo@CWMHnd@@QAEHHPAUtagSCROLLINFO@@I@Z 0042e960 f i StdAfx.obj
 0001:0002d9a0       ?CCalcWindowRect@CScrollView@@UAEXPAUtagRECT@@I@Z 0042e9a0 f i StdAfx.obj
 0001:0002dac0       ?GetWheelScrollDistance@CScrollView@@UAE?AVCSize@WTL@@V23@HH@Z 0042eac0 f i StdAfx.obj
 0001:0002db20       ??_ECScrollView@@UAEPAXI@Z 0042eb20 f i StdAfx.obj
 0001:0002db20       ??_GCScrollView@@UAEPAXI@Z 0042eb20 f i StdAfx.obj
 0001:0002db40       ??1CScrollView@@UAE@XZ     0042eb40 f i StdAfx.obj
 0001:0002dbd0       ?_ProcessWindowMessage@CScrollView@@UAEHPAUHWND__@@IIJAAJ@Z 0042ebd0 f i StdAfx.obj
 0001:0002dff0       ?SetViewportOrg@CDCMTL@@QAE?AVCPoint@WTL@@HH@Z 0042eff0 f i StdAfx.obj
 0001:0002e060       ?SetWindowOrg@CDCMTL@@QAE?AVCPoint@WTL@@HH@Z 0042f060 f i StdAfx.obj
 0001:0002e0d0       ?BitBlt@CDCMTL@@QAEHHHHHPAV1@HHK@Z 0042f0d0 f i StdAfx.obj
 0001:0002e110       ??0CImage@@QAE@XZ          0042f110 f i StdAfx.obj
 0001:0002e150       ??1CImage@@UAE@XZ          0042f150 f i StdAfx.obj
 0001:0002e1c0       ?CreateEx@CImage@@QAEHHHHKPBKK@Z 0042f1c0 f i StdAfx.obj
 0001:0002e390       ?classHandleFuncCBitmapMTL@CBitmapMTL@@SAPAXPAX0@Z 0042f390 f i StdAfx.obj
 0001:0002e3d0       ??_ECRgnMTL@@UAEPAXI@Z     0042f3d0 f i StdAfx.obj
 0001:0002e3d0       ??_ECBrushMTL@@UAEPAXI@Z   0042f3d0 f i StdAfx.obj
 0001:0002e3d0       ??_ECBitmapMTL@@UAEPAXI@Z  0042f3d0 f i StdAfx.obj
 0001:0002e3d0       ??_ECPenMTL@@UAEPAXI@Z     0042f3d0 f i StdAfx.obj
 0001:0002e3d0       ??_GCRgnMTL@@UAEPAXI@Z     0042f3d0 f i StdAfx.obj
 0001:0002e3d0       ??_GCBrushMTL@@UAEPAXI@Z   0042f3d0 f i StdAfx.obj
 0001:0002e3d0       ??_GCBitmapMTL@@UAEPAXI@Z  0042f3d0 f i StdAfx.obj
 0001:0002e3d0       ??_GCPenMTL@@UAEPAXI@Z     0042f3d0 f i StdAfx.obj
 0001:0002e3f0       ??_GCImage@@UAEPAXI@Z      0042f3f0 f i StdAfx.obj
 0001:0002e3f0       ??_ECImage@@UAEPAXI@Z      0042f3f0 f i StdAfx.obj
 0001:0002e410       ?OnVScroll@CScrollView@@QAEXIIPAVCScrollBarMTL@@@Z 0042f410 f i StdAfx.obj
 0001:0002e470       ?DoMouseWheel@CScrollView@@QAEHIFVCPoint@WTL@@@Z 0042f470 f i StdAfx.obj
 0001:0002e5e0       ?SetScaleToFitSize@CScrollView@@QAEXUtagSIZE@@@Z 0042f5e0 f i StdAfx.obj
 0001:0002e8f0       ?GetScrollBarState@CScrollView@@QAEXVCSize@WTL@@AAV23@1AAVCPoint@3@H@Z 0042f8f0 f i StdAfx.obj
 0001:0002ea50       ?GetTrueClientSize@CScrollView@@QAEHAAVCSize@WTL@@0@Z 0042fa50 f i StdAfx.obj
 0001:0002eb50       ?ScrollToDevicePosition@CScrollView@@QAEXUtagPOINT@@@Z 0042fb50 f i StdAfx.obj
 0001:0002ecc0       ?OnActivateView@CPreviewView@@UAEXHPAVCView@@0@Z 0042fcc0 f i StdAfx.obj
 0001:0002ed60       ?OnDraw@CPreviewView@@UAEXPAVCDCMTL@@@Z 0042fd60 f i StdAfx.obj
 0001:0002f640       ??1?$CPenT@$00@WTL@@QAE@XZ 00430640 f i StdAfx.obj
 0001:0002f660       ??1CPenMTL@@UAE@XZ         00430660 f i StdAfx.obj
 0001:0002f660       ??1CBrushMTL@@UAE@XZ       00430660 f i StdAfx.obj
 0001:0002f660       ??1?$CHandleWrapper@VCBrushMTL@@PAUHBRUSH__@@V?$CBrushT@$00@WTL@@@@UAE@XZ 00430660 f i StdAfx.obj
 0001:0002f660       ??1CRgnMTL@@UAE@XZ         00430660 f i StdAfx.obj
 0001:0002f660       ??1?$CHandleWrapper@VCRgnMTL@@PAUHRGN__@@V?$CRgnT@$00@WTL@@@@UAE@XZ 00430660 f i StdAfx.obj
 0001:0002f660       ??1CBitmapMTL@@UAE@XZ      00430660 f i StdAfx.obj
 0001:0002f6b0       ?_AfxMultMultDivDiv@CPreviewDC@@SAJHHHHH@Z 004306b0 f i StdAfx.obj
 0001:0002f870       ?MirrorMappingMode@CPreviewDC@@QAEXH@Z 00430870 f i StdAfx.obj
 0001:0002fdb0       ?MirrorViewportOrg@CPreviewDC@@QAEXXZ 00430db0 f i StdAfx.obj
 0001:00030020       ?PrinterDPtoScreenDP@CPreviewDC@@QBEXPAUtagPOINT@@@Z 00431020 f i StdAfx.obj
 0001:000303b0       ?OnPrepareDC@CPreviewView@@UAEXPAVCDCMTL@@PAUCPrintInfo@@@Z 004313b0 f i StdAfx.obj
 0001:00030550       ?CalcScaleRatio@CPreviewView@@UAE?AVCSize@WTL@@V23@0@Z 00431550 f i StdAfx.obj
 0001:00030590       ?PositionPage@CPreviewView@@UAEXI@Z 00431590 f i StdAfx.obj
 0001:00030870       ??HCSize@WTL@@QBE?AV01@UtagSIZE@@@Z 00431870 f i StdAfx.obj
 0001:00030890       ?SetScrollSizes@CScrollView@@QAEXHUtagSIZE@@ABU2@1@Z 00431890 f i StdAfx.obj
 0001:00030a90       ?CalcPageDisplaySize@CPreviewView@@QAE?AVCSize@WTL@@XZ 00431a90 f i StdAfx.obj
 0001:00030bd0       ??_ECPreviewView@@UAEPAXI@Z 00431bd0 f i StdAfx.obj
 0001:00030bd0       ??_GCPreviewView@@UAEPAXI@Z 00431bd0 f i StdAfx.obj
 0001:00030bf0       ??1CPreviewView@@UAE@XZ    00431bf0 f i StdAfx.obj
 0001:00030dc0       ?_ProcessWindowMessage@CPreviewView@@UAEHPAUHWND__@@IIJAAJ@Z 00431dc0 f i StdAfx.obj
 0001:000316f0       ?SelectObject@CDCMTL@@QAEPAVCBrushMTL@@PAV2@@Z 004326f0 f i StdAfx.obj
 0001:00031750       ?SendChildNotifyLastMsg@CWnd@@QAEHPAJ@Z 00432750 f i StdAfx.obj
 0001:00031780       ?OnMouseWheel@CScrollView@@QAEHIFVCPoint@WTL@@@Z 00432780 f i StdAfx.obj
 0001:00031940       ?OnPrintClient@CScrollView@@QAEJPAVCDCMTL@@I@Z 00432940 f i StdAfx.obj
 0001:00031c40       ??0CBitmapMTL@@QAE@PAUHBITMAP__@@@Z 00432c40 f i StdAfx.obj
 0001:00031c60       ?Attach@CImage@@QAEXPAUHBITMAP__@@W4DIBOrientation@1@@Z 00432c60 f i StdAfx.obj
 0001:00031d60       ?OnNextPage@CPreviewView@@QAEXXZ 00432d60 f i StdAfx.obj
 0001:00031e20       ?OnPrevPage@CPreviewView@@QAEXXZ 00432e20 f i StdAfx.obj
 0001:00031ee0       ?OnUpdateNextPage@CPreviewView@@QAEXPAVCCmdUI@@@Z 00432ee0 f i StdAfx.obj
 0001:00031f20       ?OnUpdateNumPageChange@CPreviewView@@QAEXPAVCCmdUI@@@Z 00432f20 f i StdAfx.obj
 0001:000320f0       ?OnUpdatePrevPage@CPreviewView@@QAEXPAVCCmdUI@@@Z 004330f0 f i StdAfx.obj
 0001:00032120       ?OnUpdateZoomIn@CPreviewView@@QAEXPAVCCmdUI@@@Z 00433120 f i StdAfx.obj
 0001:00032140       ?OnUpdateZoomOut@CPreviewView@@QAEXPAVCCmdUI@@@Z 00433140 f i StdAfx.obj
 0001:00032160       ?OnZoomIn@CPreviewView@@QAEXXZ 00433160 f i StdAfx.obj
 0001:00032350       ?CenterOnPoint@CScrollView@@QAEXVCPoint@WTL@@@Z 00433350 f i StdAfx.obj
 0001:00032570       ?OnZoomOut@CPreviewView@@QAEXXZ 00433570 f i StdAfx.obj
 0001:00032760       ?DoZoom@CPreviewView@@QAEXIVCPoint@WTL@@@Z 00433760 f i StdAfx.obj
 0001:00032a70       ?GetScrollLimit@CWMHnd@@QAEHH@Z 00433a70 f i StdAfx.obj
 0001:00032b10       ?FindPageRect@CPreviewView@@QAEHAAVCPoint@WTL@@AAI@Z 00433b10 f i StdAfx.obj
 0001:00032cb0       ?SetScaledSize@CPreviewView@@QAEXI@Z 00433cb0 f i StdAfx.obj
 0001:00032eb0       ?PreCreateWindow@CMDIChildWnd@@UAEHAAUtagCREATESTRUCTA@@@Z 00433eb0 f i StdAfx.obj
 0001:000331b0       ??_GCMDIChildWnd@@UAEPAXI@Z 004341b0 f i StdAfx.obj
 0001:000331b0       ??_ECMDIChildWnd@@UAEPAXI@Z 004341b0 f i StdAfx.obj
 0001:000331d0       ??1CMDIChildWnd@@UAE@XZ    004341d0 f i StdAfx.obj
 0001:00033290       ?_ProcessWindowMessage@CMDIChildWnd@@UAEHPAUHWND__@@IIJAAJ@Z 00434290 f i StdAfx.obj
 0001:00033670       ?GetParentSplitter@CView@@SAPAVCSplitterWnd@@PAVCWnd@@H@Z 00434670 f i StdAfx.obj
 0001:00033720       ?RemoveHandle@CPenMTL@@SAPAUHPEN__@@PAU2@@Z 00434720 f i StdAfx.obj
 0001:00033740       ?OnDisplayPageNumber@CPreviewView@@UAEXII@Z 00434740 f i StdAfx.obj
 0001:000338c0       ?OnNumPageChange@CPreviewView@@QAEXXZ 004348c0 f i StdAfx.obj
 0001:000339a0       ?OnPreviewPrint@CPreviewView@@QAEXXZ 004349a0 f i StdAfx.obj
 0001:00033af0       _GetFileTitleA@12          00434af0 f   comdlg32:comdlg32.dll
 0001:00033af6       _CommDlgExtendedError@0    00434af6 f   comdlg32:comdlg32.dll
 0001:00033afc       _PrintDlgA@4               00434afc f   comdlg32:comdlg32.dll
 0001:00033b02       _GetSaveFileNameA@4        00434b02 f   comdlg32:comdlg32.dll
 0001:00033b08       _GetOpenFileNameA@4        00434b08 f   comdlg32:comdlg32.dll
 0001:00033b0e       _GetJobA@24                00434b0e f   winspool:WINSPOOL.DRV
 0001:00033b14       _OpenPrinterA@12           00434b14 f   winspool:WINSPOOL.DRV
 0001:00033b1a       ??3@YAXPAX@Z               00434b1a f   LIBCMT:delete.obj
 0001:00033b25       ??2@YAPAXI@Z               00434b25 f   LIBCMT:new.obj
 0001:00033b33       ?_JumpToContinuation@@YGXPAXPAUEHRegistrationNode@@@Z 00434b33 f   LIBCMT:trnsctrl.obj
 0001:00033b67       ?_CallMemberFunction1@@YGXPAX00@Z 00434b67 f   LIBCMT:trnsctrl.obj
 0001:00033b67       ?_CallMemberFunction0@@YGXPAX0@Z 00434b67 f   LIBCMT:trnsctrl.obj
 0001:00033b6e       ?_CallMemberFunction2@@YGXPAX00H@Z 00434b6e f   LIBCMT:trnsctrl.obj
 0001:00033b75       ?_UnwindNestedFrames@@YGXPAUEHRegistrationNode@@PAUEHExceptionRecord@@@Z 00434b75 f   LIBCMT:trnsctrl.obj
 0001:00033bc4       ___CxxFrameHandler         00434bc4 f   LIBCMT:trnsctrl.obj
 0001:00033bfa       ?_CallCatchBlock2@@YAPAXPAUEHRegistrationNode@@PBU_s_FuncInfo@@PAXHK@Z 00434bfa f   LIBCMT:trnsctrl.obj
 0001:00033c73       ?_CallSETranslator@@YAHPAUEHExceptionRecord@@PAUEHRegistrationNode@@PAX2PBU_s_FuncInfo@@H1@Z 00434c73 f   LIBCMT:trnsctrl.obj
 0001:00033d9e       ?_GetRangeOfTrysToCheck@@YAPBU_s_TryBlockMapEntry@@PBU_s_FuncInfo@@HHPAI1@Z 00434d9e f   LIBCMT:trnsctrl.obj
 0001:00033e1c       __global_unwind2           00434e1c f   LIBCMT:exsup.obj
 0001:00033e5e       __local_unwind2            00434e5e f   LIBCMT:exsup.obj
[...]
 0003:00000518       ??_C@_04MCON@?4CHM?$AA@    00443518     StdAfx.obj
 0003:00000520       __NLG_Destination          00443520     LIBCMT:exsup.obj
 0003:00000530       ??_R0?AVtype_info@@@8      00443530     LIBCMT:typinfo.obj
 0003:00000548       ?__pMyUnhandledExceptionFilter@@3PAXA 00443548     LIBCMT:throw.obj
 0003:00000550       __aexit_rtn                00443550     LIBCMT:wincrt0.obj
 0003:00000554       ___app_type                00443554     LIBCMT:wincrt0.obj
 0003:00000560       ___tlsindex                00443560     LIBCMT:tidtable.obj
 0003:00000564       ?__pInconsistency@@3P6AXXZA 00443564     LIBCMT:hooks.obj
 0003:00000568       __locktable                00443568     LIBCMT:mlock.obj
 0003:00000720       __amblksiz                 00443720     LIBCMT:heapinit.obj
 0003:00000728       ___old_small_block_heap    00443728     LIBCMT:sbheap.obj
 0003:0000274c       ___old_sbh_threshold       0044574c     LIBCMT:sbheap.obj
 0003:00002750       __pctype                   00445750     LIBCMT:ctype.obj
 0003:00002754       __pwctype                  00445754     LIBCMT:ctype.obj
 0003:00002758       __ctype                    00445758     LIBCMT:ctype.obj
 0003:0000295c       __timezone                 0044595c     LIBCMT:timeset.obj
 0003:00002960       __daylight                 00445960     LIBCMT:timeset.obj
 0003:00002964       __dstbias                  00445964     LIBCMT:timeset.obj
 0003:000029e8       __tzname                   004459e8     LIBCMT:timeset.obj
 0003:00002a0c       __lpdays                   00445a0c     LIBCMT:days.obj
 0003:00002a40       __days                     00445a40     LIBCMT:days.obj
 0003:00002a80       __XcptActTab               00445a80     LIBCMT:winxfltr.obj
 0003:00002af8       __First_FPE_Indx           00445af8     LIBCMT:winxfltr.obj
 0003:00002afc       __Num_FPE                  00445afc     LIBCMT:winxfltr.obj
 0003:00002b00       __XcptActTabSize           00445b00     LIBCMT:winxfltr.obj
 0003:00002b04       __XcptActTabCount          00445b04     LIBCMT:winxfltr.obj
 0003:00002b08       ___badioinfo               00445b08     LIBCMT:ioinit.obj
 0003:00002d28       ___mb_cur_max              00445d28     LIBCMT:nlsdata1.obj
 0003:00002d2c       ___decimal_point           00445d2c     LIBCMT:nlsdata1.obj
 0003:00002d30       ___decimal_point_length    00445d30     LIBCMT:nlsdata1.obj
 0003:00002e40       ___lc_time_curr            00445e40     LIBCMT:strftime.obj
 0003:00002e48       ___lc_time_c               00445e48     LIBCMT:strftime.obj
 0003:00002ef8       ___lconv_static_decimal    00445ef8     LIBCMT:lconv.obj
 0003:00002f00       ___lconv_c                 00445f00     LIBCMT:lconv.obj
 0003:00002f30       ___lconv                   00445f30     LIBCMT:lconv.obj
 0003:00002f40       ?_pModule@ATL@@3PAVCComModule@1@A 00445f40     ChildFrm.obj
 0003:00002f48       ?cwp@?1??GetHookOldCbtFilter@CWnd@@SAAAU_CreateWindowParam@2@XZ@4U32@A 00445f48     ChildFrm.obj
 0003:00002f54       ??_C@_00A@?$AA@            00445f54     ChildFrm.obj
 0003:00002f58       ?hHalftoneBrush@?1??HalftoneBrush@CAfx@@SAPAUHBRUSH__@@H@Z@4PAU3@A 00445f58     MainFrm.obj
 0003:00002f60       ?theApp@@3VCMdiVC6App@@A   00445f60     MdiVC6.obj
 0003:000030b0       ?_afxMsgSETRGB@?1??_AfxCommDlgProc@CCommonDialog@@SGKPAUHWND__@@IIJ@Z@4IA 004460b0     MdiVC6.obj
 0003:000030b4       ?_afxMsgHELP@?1??_AfxCommDlgProc@CCommonDialog@@SGKPAUHWND__@@IIJ@Z@4IA 004460b4     MdiVC6.obj
 0003:000030b8       ?_afxMsgFILEOK@?1??_AfxCommDlgProc@CCommonDialog@@SGKPAUHWND__@@IIJ@Z@4IA 004460b8     MdiVC6.obj
 0003:000030bc       ?_afxMsgSHAREVI@?1??_AfxCommDlgProc@CCommonDialog@@SGKPAUHWND__@@IIJ@Z@4IA 004460bc     MdiVC6.obj
 0003:000030c0       ?_afxMsgLBSELCHANGE@?1??_AfxCommDlgProc@CCommonDialog@@SGKPAUHWND__@@IIJ@Z@4IA 004460c0     MdiVC6.obj
 0003:000030c8       ?m_pCWinApp@CWinApp@@2PAV1@A 004460c8     StdAfx.obj
 0003:000030d0       ?rectDefault@CFrameWnd@@2VCRect@WTL@@B 004460d0     StdAfx.obj
 0003:000030e0       ?_AtlWinModule@@3VCComModule@ATL@@A 004460e0     StdAfx.obj
 0003:00003168       ?wndTopMost@CWMHnd@@2V1@B  00446168     StdAfx.obj
 0003:00003178       ?wndBottom@CWMHnd@@2V1@B   00446178     StdAfx.obj
 0003:00003188       ?wndTop@CWMHnd@@2V1@B      00446188     StdAfx.obj
 0003:00003198       ?wndNoTopMost@CWMHnd@@2V1@B 00446198     StdAfx.obj
 0003:000031a8       ?_afxGotScrollLines@?1??_AfxGetMouseScrollLines@CScrollView@@QAEIXZ@4HA 004461a8     StdAfx.obj
 0003:000031ac       __umaskval                 004461ac     LIBCMT:crt0dat.obj
 0003:000031b0       __osver                    004461b0     LIBCMT:crt0dat.obj
 0003:000031b4       __winver                   004461b4     LIBCMT:crt0dat.obj
 0003:000031b8       __winmajor                 004461b8     LIBCMT:crt0dat.obj
 0003:000031bc       __winminor                 004461bc     LIBCMT:crt0dat.obj
 0003:000031c0       ___argc                    004461c0     LIBCMT:crt0dat.obj
 0003:000031c4       ___argv                    004461c4     LIBCMT:crt0dat.obj
 0003:000031c8       ___wargv                   004461c8     LIBCMT:crt0dat.obj
 0003:000031cc       __environ                  004461cc     LIBCMT:crt0dat.obj
 0003:000031d0       ___initenv                 004461d0     LIBCMT:crt0dat.obj
 0003:000031d4       __wenviron                 004461d4     LIBCMT:crt0dat.obj
 0003:000031d8       ___winitenv                004461d8     LIBCMT:crt0dat.obj
 0003:000031dc       __pgmptr                   004461dc     LIBCMT:crt0dat.obj
 0003:000031e0       __wpgmptr                  004461e0     LIBCMT:crt0dat.obj
 0003:000031e4       __exitflag                 004461e4     LIBCMT:crt0dat.obj
 0003:000031e8       __C_Termination_Done       004461e8     LIBCMT:crt0dat.obj
 0003:000031ec       __C_Exit_Done              004461ec     LIBCMT:crt0dat.obj
 0003:000031f0       __aenvptr                  004461f0     LIBCMT:wincrt0.obj
 0003:000031f4       __wenvptr                  004461f4     LIBCMT:wincrt0.obj
 0003:000031f8       ___error_mode              004461f8     LIBCMT:wincrt0.obj
 0003:00003268       ?_pnhHeap@@3P6AHI@ZA       00446268     LIBCMT:handler.obj
 0003:0000326c       __newmode                  0044626c     LIBCMT:_newmode.obj
 0003:00003464       __adbgmsg                  00446464     LIBCMT:crt0msg.obj
 0003:00003468       ___lc_handle               00446468     LIBCMT:nlsdata2.obj
 0003:00003480       ___lc_codepage             00446480     LIBCMT:nlsdata2.obj
 0003:00003484       ___lc_collate_cp           00446484     LIBCMT:nlsdata2.obj
 0003:000034c0       ___lc_time_intl            004464c0     LIBCMT:inittime.obj
 0003:000034dc       ___lc_id                   004464dc     LIBCMT:nlsdata3.obj
 0003:0000352c       ___lconv_static_null       0044652c     LIBCMT:lconv.obj
 0003:0000353c       ?uCachedScrollLines@?1??_AfxGetMouseScrollLines@CScrollView@@QAEIXZ@4IA 0044653c     <common>
 0003:00003540       ?_afxWinState@?1??GetAfxWinState@CPrintingDialog@@SAPAV_AFX_WIN_STATE@@XZ@4V3@A 00446540     <common>
 0003:00003544       ?$S5@?1??GetCException@CAfx@@SAAAVCException@@H@Z@4EA 00446544     <common>
 0003:00003548       ?_simpleInvalidArgException@?1??GetCException@CAfx@@SAAAVCException@@H@Z@4VCInvalidArgException@@A 00446548     <common>
 0003:00003550       ?_simpleMemoryException@?1??GetCException@CAfx@@SAAAVCException@@H@Z@4VCMemoryException@@A 00446550     <common>
 0003:00003558       ?_simpleNotSupportedException@?1??GetCException@CAfx@@SAAAVCException@@H@Z@4VCNotSupportedException@@A 00446558     <common>
 0003:00003560       ?_simpleResourceException@?1??GetCException@CAfx@@SAAAVCException@@H@Z@4VCResourceException@@A 00446560     <common>
 0003:00003568       ?$S12@?1??_GetAfxData@CAfx@@SAABU_AUX_DATA@@XZ@4EA 00446568     <common>
 0003:00003580       ?_afxdata@?1??_GetAfxData@CAfx@@SAABU_AUX_DATA@@XZ@4U3@A 00446580     <common>
 0003:000035b4       ?$S55@?1??_GetCModuleState@CWinApp@@SAPAVCModuleState@@XZ@4EA 004465b4     <common>
 0003:000035c0       ?cModuleState@?1??_GetCModuleState@CWinApp@@SAPAVCModuleState@@XZ@4V3@A 004465c0     <common>
 0003:000035e4       ?m_lastSentMsg@?1??GetLastSentMsg@CCmdTarget@@SAAAPAUtagMSG@@XZ@4PAU3@A 004465e4     <common>
 0003:000035e8       ___setlc_active            004465e8     <common>
 0003:000035ec       ___unguarded_readlc_active 004465ec     <common>
 0003:00003600       ___pioinfo                 00446600     <common>
 0003:00003700       __nhandle                  00446700     <common>
 0003:00003704       ___sbh_sizeHeaderList      00446704     <common>
 0003:00003708       ___sbh_indGroupDefer       00446708     <common>
 0003:0000370c       ___sbh_pHeaderScan         0044670c     <common>
 0003:00003710       ___sbh_pHeaderDefer        00446710     <common>
 0003:00003714       ___sbh_cntHeaderList       00446714     <common>
 0003:00003718       ___sbh_pHeaderList         00446718     <common>
 0003:0000371c       ___sbh_threshold           0044671c     <common>
 0003:00003720       __crtheap                  00446720     <common>
 0003:00003724       ___active_heap             00446724     <common>
 0003:00003728       ___mbcodepage              00446728     <common>
 0003:00003730       ___mbulinfo                00446730     <common>
 0003:0000373c       ___ismbcodepage            0044673c     <common>
 0003:00003740       __mbcasemap                00446740     <common>
 0003:00003840       __mbctype                  00446840     <common>
 0003:00003944       ___mblcid                  00446944     <common>
 0003:00003948       __acmdln                   00446948     <common>
 0003:0000394c       ___env_initialized         0044694c     <common>
 0003:00003950       ___mbctype_initialized     00446950     <common>
 0003:00003954       ___onexitend               00446954     <common>
 0003:00003958       ___onexitbegin             00446958     <common>
 0003:0000395c       __FPinit                   0044695c     <common>

 entry point at        0001:00035081

 Static symbols

 0001:0002aa60       _$E66                      0042ba60 f   StdAfx.obj
 0001:0002aa70       _$E62                      0042ba70 f   StdAfx.obj
 0001:0002aa90       _$E65                      0042ba90 f   StdAfx.obj
 0001:0002aaa0       _$E63                      0042baa0 f   StdAfx.obj
 0001:0002aad0       _$E71                      0042bad0 f   StdAfx.obj
 0001:0002aae0       _$E68                      0042bae0 f   StdAfx.obj
 0001:0002ab00       _$E70                      0042bb00 f   StdAfx.obj
 0001:0002ab10       _$E69                      0042bb10 f   StdAfx.obj
 0001:0002ab40       _$E76                      0042bb40 f   StdAfx.obj
 0001:0002ab50       _$E73                      0042bb50 f   StdAfx.obj
 0001:0002ab70       _$E75                      0042bb70 f   StdAfx.obj
 0001:0002ab80       _$E74                      0042bb80 f   StdAfx.obj
 0001:0002abb0       _$E81                      0042bbb0 f   StdAfx.obj
 0001:0002abc0       _$E78                      0042bbc0 f   StdAfx.obj
 0001:0002abe0       _$E80                      0042bbe0 f   StdAfx.obj
 0001:0002abf0       _$E79                      0042bbf0 f   StdAfx.obj
 0001:0002ac20       _$E84                      0042bc20 f   StdAfx.obj
 0001:0002ac30       _$E83                      0042bc30 f   StdAfx.obj
 0001:00025a90       ?_AtlCreateDC@WTL@@YAPAUHDC__@@PAX0@Z 00426a90 f   MdiVC6View.obj
 0001:000188d0       _$E69                      004198d0 f   MdiVC6.obj
 0001:000188e0       _$E66                      004198e0 f   MdiVC6.obj
 0001:000188f0       _$E68                      004198f0 f   MdiVC6.obj
 0001:00018900       _$E67                      00419900 f   MdiVC6.obj
 0001:0003a438       _findenv                   0043b438 f   LIBCMT:setenv.obj
 0001:0003a490       _copy_environ              0043b490 f   LIBCMT:setenv.obj
 0001:0003a286       _strncnt                   0043b286 f   LIBCMT:a_cmp.obj
 0001:00039d66       _siglookup                 0043ad66 f   LIBCMT:winsig.obj
 0001:0003967c       _strtoxl                   0043a67c f   LIBCMT:strtol.obj
 0001:000393a0       LeadUp1                    0043a3a0 f   LIBCMT:memcpy.obj
 0001:000393cc       LeadUp2                    0043a3cc f   LIBCMT:memcpy.obj
 0001:000393f0       LeadUp3                    0043a3f0 f   LIBCMT:memcpy.obj
 0001:0003946f       UnwindUp0                  0043a46f f   LIBCMT:memcpy.obj
 0001:0003945c       UnwindUp1                  0043a45c f   LIBCMT:memcpy.obj
 0001:00039454       UnwindUp2                  0043a454 f   LIBCMT:memcpy.obj
 0001:0003944c       UnwindUp3                  0043a44c f   LIBCMT:memcpy.obj
 0001:00039444       UnwindUp4                  0043a444 f   LIBCMT:memcpy.obj
 0001:0003943c       UnwindUp5                  0043a43c f   LIBCMT:memcpy.obj
 0001:00039434       UnwindUp6                  0043a434 f   LIBCMT:memcpy.obj
 0001:0003942c       UnwindUp7                  0043a42c f   LIBCMT:memcpy.obj
 0001:00039488       TrailUp0                   0043a488 f   LIBCMT:memcpy.obj
 0001:00039490       TrailUp1                   0043a490 f   LIBCMT:memcpy.obj
 0001:0003949c       TrailUp2                   0043a49c f   LIBCMT:memcpy.obj
 0001:000394b0       TrailUp3                   0043a4b0 f   LIBCMT:memcpy.obj
 0001:00039528       LeadDown1                  0043a528 f   LIBCMT:memcpy.obj
 0001:00039548       LeadDown2                  0043a548 f   LIBCMT:memcpy.obj
 0001:00039570       LeadDown3                  0043a570 f   LIBCMT:memcpy.obj
 0001:000395c4       UnwindDown7                0043a5c4 f   LIBCMT:memcpy.obj
 0001:000395cc       UnwindDown6                0043a5cc f   LIBCMT:memcpy.obj
 0001:000395d4       UnwindDown5                0043a5d4 f   LIBCMT:memcpy.obj
 0001:000395dc       UnwindDown4                0043a5dc f   LIBCMT:memcpy.obj
 0001:000395e4       UnwindDown3                0043a5e4 f   LIBCMT:memcpy.obj
 0001:000395ec       UnwindDown2                0043a5ec f   LIBCMT:memcpy.obj
 0001:000395f4       UnwindDown1                0043a5f4 f   LIBCMT:memcpy.obj
 0001:00039607       UnwindDown0                0043a607 f   LIBCMT:memcpy.obj
 0001:00039620       TrailDown0                 0043a620 f   LIBCMT:memcpy.obj
 0001:00039628       TrailDown1                 0043a628 f   LIBCMT:memcpy.obj
 0001:00039638       TrailDown2                 0043a638 f   LIBCMT:memcpy.obj
 0001:0003964c       TrailDown3                 0043a64c f   LIBCMT:memcpy.obj
 0001:0003a286       _strncnt                   0043b286 f   LIBCMT:a_cmp.obj
 0001:0003892c       _parse_cmdline             0043992c f   LIBCMT:stdargv.obj
 0001:00038748       _xcptlookup                00439748 f   LIBCMT:winxfltr.obj
 0001:0003803a       __tzset_lk                 0043903a f   LIBCMT:tzset.obj
 0001:000382e2       __isindst_lk               004392e2 f   LIBCMT:tzset.obj
 0001:0003848e       _cvtdate                   0043948e f   LIBCMT:tzset.obj
 0001:00035ef0       _getSystemCP               00436ef0 f   LIBCMT:mbctype.obj
 0001:00035f3a       _CPtoLCID                  00436f3a f   LIBCMT:mbctype.obj
 0001:00035f6d       _setSBCS                   00436f6d f   LIBCMT:mbctype.obj
 0001:00035f96       _setSBUpLow                00436f96 f   LIBCMT:mbctype.obj
 0001:0003526d       ?FindHandler@@YAXPAUEHExceptionRecord@@PAUEHRegistrationNode@@PAU_CONTEXT@@PAXPBU_s_FuncInfo@@EH1@Z 0043626d f   LIBCMT:frame.obj
 0001:00035420       ?FindHandlerForForeignException@@YAXPAUEHExceptionRecord@@PAUEHRegistrationNode@@PAU_CONTEXT@@PAXPBU_s_FuncInfo@@HH1@Z 00436420 f   LIBCMT:frame.obj
 0001:000354ca       ?TypeMatch@@YAHPBU_s_HandlerType@@PBU_s_CatchableType@@PBU_s_ThrowInfo@@@Z 004364ca f   LIBCMT:frame.obj
 0001:000355c5       ?FrameUnwindFilter@@YAHPAU_EXCEPTION_POINTERS@@@Z 004365c5 f   LIBCMT:frame.obj
 0001:000355db       ?CatchIt@@YAXPAUEHExceptionRecord@@PAUEHRegistrationNode@@PAU_CONTEXT@@PAXPBU_s_FuncInfo@@PBU_s_HandlerType@@PBU_s_CatchableType@@PBU_s_TryBlockMapEntry@@H1E@Z 004365db f   LIBCMT:frame.obj
 0001:00035656       ?CallCatchBlock@@YAPAXPAUEHExceptionRecord@@PAUEHRegistrationNode@@PAU_CONTEXT@@PBU_s_FuncInfo@@PAXHK@Z 00436656 f   LIBCMT:frame.obj
 0001:00035771       ?ExFilterRethrow@@YAHPAU_EXCEPTION_POINTERS@@@Z 00436771 f   LIBCMT:frame.obj
 0001:0003579b       ?BuildCatchObject@@YAXPAUEHExceptionRecord@@PAUEHRegistrationNode@@PBU_s_HandlerType@@PBU_s_CatchableType@@@Z 0043679b f   LIBCMT:frame.obj
 0001:000359c6       ?AdjustPointer@@YAPAXPAXABUPMD@@@Z 004369c6 f   LIBCMT:frame.obj
 0001:000351ae       _fast_error_exit           004361ae f   LIBCMT:wincrt0.obj
 0001:00034cee       __make_time_t              00435cee f   LIBCMT:mktime.obj
 0001:00034c30       _x_ismbbtype               00435c30 f   LIBCMT:ismbbyte.obj
 0001:000348de       _doexit                    004358de f   LIBCMT:crt0dat.obj
 0001:00034995       __initterm                 00435995 f   LIBCMT:crt0dat.obj
 0001:00034490       LeadUp1                    00435490 f   LIBCMT:memmove.obj
 0001:000344bc       LeadUp2                    004354bc f   LIBCMT:memmove.obj
 0001:000344e0       LeadUp3                    004354e0 f   LIBCMT:memmove.obj
 0001:0003455f       UnwindUp0                  0043555f f   LIBCMT:memmove.obj
 0001:0003454c       UnwindUp1                  0043554c f   LIBCMT:memmove.obj
 0001:00034544       UnwindUp2                  00435544 f   LIBCMT:memmove.obj
 0001:0003453c       UnwindUp3                  0043553c f   LIBCMT:memmove.obj
 0001:00034534       UnwindUp4                  00435534 f   LIBCMT:memmove.obj
 0001:0003452c       UnwindUp5                  0043552c f   LIBCMT:memmove.obj
 0001:00034524       UnwindUp6                  00435524 f   LIBCMT:memmove.obj
 0001:0003451c       UnwindUp7                  0043551c f   LIBCMT:memmove.obj
 0001:00034578       TrailUp0                   00435578 f   LIBCMT:memmove.obj
 0001:00034580       TrailUp1                   00435580 f   LIBCMT:memmove.obj
 0001:0003458c       TrailUp2                   0043558c f   LIBCMT:memmove.obj
 0001:000345a0       TrailUp3                   004355a0 f   LIBCMT:memmove.obj
 0001:00034618       LeadDown1                  00435618 f   LIBCMT:memmove.obj
 0001:00034638       LeadDown2                  00435638 f   LIBCMT:memmove.obj
 0001:00034660       LeadDown3                  00435660 f   LIBCMT:memmove.obj
 0001:000346b4       UnwindDown7                004356b4 f   LIBCMT:memmove.obj
 0001:000346bc       UnwindDown6                004356bc f   LIBCMT:memmove.obj
 0001:000346c4       UnwindDown5                004356c4 f   LIBCMT:memmove.obj
 0001:000346cc       UnwindDown4                004356cc f   LIBCMT:memmove.obj
 0001:000346d4       UnwindDown3                004356d4 f   LIBCMT:memmove.obj
 0001:000346dc       UnwindDown2                004356dc f   LIBCMT:memmove.obj
 0001:000346e4       UnwindDown1                004356e4 f   LIBCMT:memmove.obj
 0001:000346f7       UnwindDown0                004356f7 f   LIBCMT:memmove.obj
 0001:00034710       TrailDown0                 00435710 f   LIBCMT:memmove.obj
 0001:00034718       TrailDown1                 00435718 f   LIBCMT:memmove.obj
 0001:00034728       TrailDown2                 00435728 f   LIBCMT:memmove.obj
 0001:0003473c       TrailDown3                 0043573c f   LIBCMT:memmove.obj
 0001:000355c5       ?ArrayUnwindFilter@@YAHPAU_EXCEPTION_POINTERS@@@Z 004365c5 f   LIBCMT:frame.obj
 0001:00033e34       _gu_return                 00434e34 f   LIBCMT:exsup.obj
 0001:00033e3c       __unwind_handler           00434e3c f   LIBCMT:exsup.obj
 0001:00033c4e       ?CatchGuardHandler@@YA?AW4_EXCEPTION_DISPOSITION@@PAUEHExceptionRecord@@PAUCatchGuardRN@@PAX2@Z 00434c4e f   LIBCMT:trnsctrl.obj
 0001:00033d29       ?TranslatorGuardHandler@@YA?AW4_EXCEPTION_DISPOSITION@@PAUEHExceptionRecord@@PAUTranslatorGuardRN@@PAX2@Z 00434d29 f   LIBCMT:trnsctrl.obj

 3255 bytes saved through ICF

