 MdiVC6

 Timestamp is 595b142b (Tue Jul 04 13:06:03 2017)

 Preferred load address is 00400000

 Start         Length     Name                   Class
 0001:00000000 00038256H .text                   CODE
 0001:00038260 000013b2H .text$x                 CODE
 0002:00000000 00000538H .idata$5                DATA
 0002:00000538 00001ba4H .rdata                  DATA
 0002:000020e0 00000044H .rdata$r                DATA
 0002:00002128 00001860H .xdata$x                DATA
 0002:00003988 000000b4H .idata$2                DATA
 0002:00003a3c 00000014H .idata$3                DATA
 0002:00003a50 00000538H .idata$4                DATA
 0002:00003f88 000015d4H .idata$6                DATA
 0002:0000555c 00000000H .edata                  DATA
 0003:00000000 00000004H .CRT$XCA                DATA
 0003:00000004 00000018H .CRT$XCU                DATA
 0003:0000001c 00000004H .CRT$XCZ                DATA
 0003:00000020 00000004H .CRT$XIA                DATA
 0003:00000024 00000008H .CRT$XIC                DATA
 0003:0000002c 00000004H .CRT$XIY                DATA
 0003:00000030 00000004H .CRT$XIZ                DATA
 0003:00000034 00000004H .CRT$XPA                DATA
 0003:00000038 00000004H .CRT$XPZ                DATA
 0003:0000003c 00000004H .CRT$XTA                DATA
 0003:00000040 00000004H .CRT$XTB                DATA
 0003:00000044 00000004H .CRT$XTZ                DATA
 0003:00000050 00002ef0H .data                   DATA
 0003:00002f40 00000a20H .bss                    DATA
 0004:00000000 00000aa8H .rsrc$01                DATA
 0004:00000ab0 00003f80H .rsrc$02                DATA

  Address         Publics by Value              Rva+Base     Lib:Object

 0001:00000000       ?CreateObject@CChildFrame@@SAPAVCObject@@XZ 00401000 f   ChildFrm.obj
 0001:00000060       ?GetRuntimeClass@CChildFrame@@UBEPAUCRuntimeClass@@XZ 00401060 f   ChildFrm.obj
 0001:00000070       ??0CChildFrame@@QAE@XZ     00401070 f   ChildFrm.obj
 0001:000001a0       ?_ProcessWindowMessage@CChildFrame@@UAEHPAUHWND__@@IIJAAJ@Z 004011a0 f i ChildFrm.obj
 0001:000004a0       ??_GCChildFrame@@UAEPAXI@Z 004014a0 f i ChildFrm.obj
 0001:000004a0       ??_ECChildFrame@@UAEPAXI@Z 004014a0 f i ChildFrm.obj
 0001:000004c0       ??1CChildFrame@@UAE@XZ     004014c0 f   ChildFrm.obj
 0001:00000580       ?PreCreateWindow@CChildFrame@@UAEHAAUtagCREATESTRUCTA@@@Z 00401580 f   ChildFrm.obj
 0001:000005c0       ??1CString@WTL@@QAE@XZ     004015c0 f i ChildFrm.obj
 0001:000005f0       ?_AfxEndDeferRegisterClass@CAfx@@SAHJ@Z 004015f0 f i ChildFrm.obj
 0001:00000900       ?_AfxRegisterClass@CAfx@@SAHPAUtagWNDCLASSA@@@Z 00401900 f i ChildFrm.obj
 0001:00000af0       ?memcpy_x@SecureHelper@WTL@@YAXPAXIPBXI@Z 00401af0 f i ChildFrm.obj
 0001:00000b20       ?AllocBuffer@CString@WTL@@IAEHH@Z 00401b20 f i ChildFrm.obj
 0001:00000b80       ?GetCurrentMessage@CCmdTarget@@UBEPBUtagMSG@@XZ 00401b80 f i ChildFrm.obj
 0001:00000b90       ??1CWMHnd@@UAE@XZ          00401b90 f i ChildFrm.obj
 0001:00000ba0       ?Default@CWMHnd@@QAEJXZ    00401ba0 f i ChildFrm.obj
 0001:00000ba0       ?OnInitDialog@CWMHnd@@UAEHXZ 00401ba0 f i ChildFrm.obj
 0001:00000ba0       ?OnCancel@CCommonDialog@@UAEXXZ 00401ba0 f i ChildFrm.obj
 0001:00000bc0       ?CalcWindowRect@CWMHnd@@UAEXPAUtagRECT@@I@Z 00401bc0 f i ChildFrm.obj
 0001:00000c00       ?EnableWindow@CWMHnd@@UAEXH@Z 00401c00 f i ChildFrm.obj
 0001:00000c20       ?GetMenu@CWMHnd@@UBEPAVCMenuMTL@@XZ 00401c20 f i ChildFrm.obj
 0001:00000c50       ?classHandleFuncCMenuMTL@CMenuMTL@@SAPAXPAX0@Z 00401c50 f i ChildFrm.obj
 0001:00000c90       ??_GCMenuMTL@@UAEPAXI@Z    00401c90 f i ChildFrm.obj
 0001:00000c90       ??_ECMenuMTL@@UAEPAXI@Z    00401c90 f i ChildFrm.obj
 0001:00000cb0       ??1CMenuMTL@@UAE@XZ        00401cb0 f i ChildFrm.obj
 0001:00000d00       ?OnTypeChange@CFileDialogMTL@@UAEXXZ 00401d00 f i ChildFrm.obj
 0001:00000d00       ?_afxdata@?1??_GetAfxData@CAfx@@SAABU_AUX_DATA@@XZ@$AU2@A 00401d00 f i ChildFrm.obj
 0001:00000d00       ??1CPrintDialogMTL@@QAE@XZ 00401d00 f i ChildFrm.obj
 0001:00000d00       ?OnHideMenuBar@CFrameWnd@@UAEXXZ 00401d00 f i ChildFrm.obj
 0001:00000d00       ?DeleteContents@CDocument@@UAEXXZ 00401d00 f i ChildFrm.obj
 0001:00000d00       ?UpdateOFNFromShellDialog@CFileDialogMTL@@UAEXXZ 00401d00 f i ChildFrm.obj
 0001:00000d00       ?OnShowMenuBar@CFrameWnd@@UAEXXZ 00401d00 f i ChildFrm.obj
 0001:00000d00       ?OnFolderChange@CFileDialogMTL@@UAEXXZ 00401d00 f i ChildFrm.obj
 0001:00000d00       ?_simpleInvalidArgException@?1??GetCException@CAfx@@SAAAVCException@@H@Z@$AVCInvalidArgException@@A 00401d00 f i ChildFrm.obj
 0001:00000d00       ?OnFileNameChange@CFileDialogMTL@@UAEXXZ 00401d00 f i ChildFrm.obj
 0001:00000d00       ?PostNcDestroy@CWMHnd@@UAEXXZ 00401d00 f i ChildFrm.obj
 0001:00000d00       ?_simpleMemoryException@?1??GetCException@CAfx@@SAAAVCException@@H@Z@$AVCMemoryException@@A 00401d00 f i ChildFrm.obj
 0001:00000d00       ?_simpleNotSupportedException@?1??GetCException@CAfx@@SAAAVCException@@H@Z@$AVCNotSupportedException@@A 00401d00 f i ChildFrm.obj
 0001:00000d00       ?_simpleResourceException@?1??GetCException@CAfx@@SAAAVCException@@H@Z@$AVCResourceException@@A 00401d00 f i ChildFrm.obj
 0001:00000d00       ??1?$CWindowImplRoot@VCWindow@ATL@@@ATL@@QAE@XZ 00401d00 f i ChildFrm.obj
 0001:00000d10       ?SetMenu@CWMHnd@@UAEHPAVCMenuMTL@@@Z 00401d10 f i ChildFrm.obj
 0001:00000d40       ?CWndDestruct@CWnd@@QAEXXZ 00401d40 f i ChildFrm.obj
 0001:00000da0       ??1CWnd@@UAE@XZ            00401da0 f i ChildFrm.obj
 0001:00000df0       ?classHandleFuncCWnd@CWnd@@SAPAXPAX0@Z 00401df0 f i ChildFrm.obj
 0001:00000e50       ?DefWindowProcA@CWnd@@UAEJIIJ@Z 00401e50 f i ChildFrm.obj
 0001:00000e70       ?WindowProc@CWnd@@UAEJIIJ@Z 00401e70 f i ChildFrm.obj
 0001:00000ec0       ?OnWndMsg@CWnd@@UAEHIIJPAJ@Z 00401ec0 f i ChildFrm.obj
 0001:00000f40       ?OnChildNotify@CWnd@@UAEHIIJPAJ@Z 00401f40 f i ChildFrm.obj
 0001:00001130       ?OnCommand@CWnd@@UAEHIJ@Z  00402130 f i ChildFrm.obj
 0001:00001260       ?Enable@CTestCmdUI@@UAEXH@Z 00402260 f i ChildFrm.obj
 0001:00001280       ?SetRadio@CTestCmdUI@@UAEXH@Z 00402280 f i ChildFrm.obj
 0001:00001280       ?SetText@CTestCmdUI@@UAEXPBD@Z 00402280 f i ChildFrm.obj
 0001:00001280       ?SetText@CToolCmdUI@@UAEXPBD@Z 00402280 f i ChildFrm.obj
 0001:00001280       ?SetCheck@CTestCmdUI@@UAEXH@Z 00402280 f i ChildFrm.obj
 0001:00001280       ?OnDraw@CView@@UAEXPAVCDCMTL@@@Z 00402280 f i ChildFrm.obj
 0001:00001280       ?Serialize@CObject@@UAEXAAVCArchive@@@Z 00402280 f i ChildFrm.obj
 0001:00001280       ?OnDocumentEvent@CDocument@@UAEXW4DocumentEvent@1@@Z 00402280 f i ChildFrm.obj
 0001:00001280       ?OnFinalMessage@?$CWindowImplBaseT@VCWindow@ATL@@V?$CWinTraits@$0FGAAAAAA@$0A@@2@@ATL@@UAEXPAUHWND__@@@Z 00402280 f i ChildFrm.obj
 0001:00001280       ?RegisterShellFileTypes@CDocManager@@UAEXH@Z 00402280 f i ChildFrm.obj
 0001:00001280       ?DoDataExchange@CWMHnd@@UAEXPAVCDataExchange@@@Z 00402280 f i ChildFrm.obj
 0001:00001280       ?PreCloseFrame@CDocument@@UAEXPAVCFrameWnd@@@Z 00402280 f i ChildFrm.obj
 0001:00001290       ?OnToolHitTest@CWnd@@UBEJVCPoint@WTL@@PAUtagTOOLINFOA@@@Z 00402290 f i ChildFrm.obj
 0001:000013c0       ?OnNotify@CWnd@@UAEHIJPAJ@Z 004023c0 f i ChildFrm.obj
 0001:00001490       ?Create@CWnd@@UAEHPBD0KABUtagRECT@@PAV1@IPAUCCreateContext@@@Z 00402490 f i ChildFrm.obj
 0001:000014f0       ?CreateEx@CWnd@@UAEHKPBD0KHHHHPAUHWND__@@PAUHMENU__@@PAX@Z 004024f0 f i ChildFrm.obj
 0001:00001650       ?CbtFilterHook@CWnd@@SGJHIJ@Z 00402650 f i ChildFrm.obj
 0001:00001740       ?AfxWindowProc@CWnd@@SGJPAUHWND__@@IIJ@Z 00402740 f i ChildFrm.obj
 0001:00001790       ?DestroyWindow@CWnd@@UAEHXZ 00402790 f i ChildFrm.obj
 0001:000017a0       ?PreCreateWindow@CWnd@@UAEHAAUtagCREATESTRUCTA@@@Z 004027a0 f i ChildFrm.obj
 0001:000017e0       ?ContinueModal@CWnd@@UAEHXZ 004027e0 f i ChildFrm.obj
 0001:000017f0       ?EndModalLoop@CWnd@@UAEXH@Z 004027f0 f i ChildFrm.obj
 0001:00001820       ??_ECWnd@@UAEPAXI@Z        00402820 f i ChildFrm.obj
 0001:00001820       ??_GCWnd@@UAEPAXI@Z        00402820 f i ChildFrm.obj
 0001:00001840       ?_ProcessWindowMessage@CWnd@@UAEHPAUHWND__@@IIJAAJ@Z 00402840 f i ChildFrm.obj
 0001:00001aa0       ??1?$CDCT@$00@WTL@@QAE@XZ  00402aa0 f i ChildFrm.obj
 0001:00001ac0       ?SetAttribDC@CDCMTL@@UAEXPAUHDC__@@@Z 00402ac0 f i ChildFrm.obj
 0001:00001ad0       ?ReleaseAttribDC@CDCMTL@@UAEXXZ 00402ad0 f i ChildFrm.obj
 0001:00001ae0       ?SaveDC@CDCMTL@@UAEHXZ     00402ae0 f i ChildFrm.obj
 0001:00001b20       ?RestoreDC@CDCMTL@@UAEHH@Z 00402b20 f i ChildFrm.obj
 0001:00001b70       ?TextOutA@CDCMTL@@UAEHHHPBDH@Z 00402b70 f i ChildFrm.obj
 0001:00001ba0       ??_GCDCMTL@@UAEPAXI@Z      00402ba0 f i ChildFrm.obj
 0001:00001ba0       ??_ECDCMTL@@UAEPAXI@Z      00402ba0 f i ChildFrm.obj
 0001:00001bc0       ?AfxUnsubclassWindow@CWnd@@QAEPAUHWND__@@XZ 00402bc0 f i ChildFrm.obj
 0001:00001c10       ?GetScrollBarCtrl@CWMHnd@@UBEPAVCScrollBarMTL@@H@Z 00402c10 f i ChildFrm.obj
 0001:00001c10       ?OnShareViolation@CFileDialogMTL@@UAEIPBD@Z 00402c10 f i ChildFrm.obj
 0001:00001c20       ?CFrameWndDestruct@CFrameWnd@@QAEXXZ 00402c20 f i ChildFrm.obj
 0001:00001ca0       ?OnCreateClient@CFrameWnd@@UAEHPAUtagCREATESTRUCTA@@PAUCCreateContext@@@Z 00402ca0 f i ChildFrm.obj
 0001:00001d60       ?OnCreateHelper@CFrameWnd@@QAEHPAUtagCREATESTRUCTA@@PAUCCreateContext@@@Z 00402d60 f i ChildFrm.obj
 0001:00001dd0       ?ActivateFrame@CFrameWnd@@UAEXH@Z 00402dd0 f i ChildFrm.obj
 0001:00001e70       ?Create@CFrameWnd@@UAEHPBD0KABUtagRECT@@PAVCWnd@@0KPAUCCreateContext@@@Z 00402e70 f i ChildFrm.obj
 0001:00001fc0       ?GetActiveFrame@CFrameWnd@@UAEPAV1@XZ 00402fc0 f i ChildFrm.obj
 0001:00001fd0       ?IsFrameWnd@CFrameWnd@@UAEHXZ 00402fd0 f i ChildFrm.obj
 0001:00001fd0       ?InitInstance@CWinApp@@UAEHXZ 00402fd0 f i ChildFrm.obj
 0001:00001fd0       ?IsDockBar@CDockBar@@UBEHXZ 00402fd0 f i ChildFrm.obj
 0001:00001fe0       ?LoadFrame@CFrameWnd@@UAEHIKPAVCWnd@@PAUCCreateContext@@@Z 00402fe0 f i ChildFrm.obj
 0001:00002350       ??4CString@WTL@@QAEAAV01@PBD@Z 00403350 f i ChildFrm.obj
 0001:00002420       ?GetBuffer@CString@WTL@@QAEPADH@Z 00403420 f i ChildFrm.obj
 0001:000024d0       ?ReleaseBuffer@CString@WTL@@QAEXH@Z 004034d0 f i ChildFrm.obj
 0001:00002590       ?AssignCopy@CString@WTL@@IAEXHPBD@Z 00403590 f i ChildFrm.obj
 0001:00002650       ?_LoadString@CString@WTL@@KGHIPADI@Z 00403650 f i ChildFrm.obj
 0001:00002680       ?AfxExtractSubString@CAfx@@SAHAAVCString@WTL@@PBDHD@Z 00403680 f i ChildFrm.obj
 0001:000028a0       ?AllocBeforeWrite@CString@WTL@@IAEHH@Z 004038a0 f i ChildFrm.obj
 0001:00002940       ?Release@CString@WTL@@KGXPAUCStringData@2@@Z 00403940 f i ChildFrm.obj
 0001:00002970       ?AfxRegisterWndClass@CAfx@@SAPBDIPAUHICON__@@PAUHBRUSH__@@0@Z 00403970 f i ChildFrm.obj
 0001:00002a40       ?SendMessageToDescendants@CWnd@@QAEXPAUHWND__@@IIJHH@Z 00403a40 f i ChildFrm.obj
 0001:00002b20       ?PreTranslateMessage@CFrameWnd@@UAEHPAUtagMSG@@@Z 00403b20 f i ChildFrm.obj
 0001:00002b80       ?RecalcLayout@CFrameWnd@@UAEXH@Z 00403b80 f i ChildFrm.obj
 0001:00002d10       ?RepositionBars@CWnd@@QAEXIIIIPAUtagRECT@@PBU2@H@Z 00403d10 f i ChildFrm.obj
 0001:00002f80       ??_ECFrameWnd@@UAEPAXI@Z   00403f80 f i ChildFrm.obj
 0001:00002f80       ??_GCFrameWnd@@UAEPAXI@Z   00403f80 f i ChildFrm.obj
 0001:00002fa0       ??1CFrameWnd@@UAE@XZ       00403fa0 f i ChildFrm.obj
 0001:00003060       ?_ProcessWindowMessage@CFrameWnd@@UAEHPAUHWND__@@IIJAAJ@Z 00404060 f i ChildFrm.obj
 0001:00003e60       ?PostMessageA@CWindow@ATL@@QAEHIIJ@Z 00404e60 f i ChildFrm.obj
 0001:00003e80       ??1?$CMenuT@$00@WTL@@QAE@XZ 00404e80 f i ChildFrm.obj
 0001:00003ea0       ?GetSubMenu@CMenuMTL@@QAEPAV1@H@Z 00404ea0 f i ChildFrm.obj
 0001:00003ed0       ?OnIdle@CCmdUI@@QAEHPAVCCmdTarget@@H@Z 00404ed0 f i ChildFrm.obj
 0001:00003f40       ?GetParentFrame@CWnd@@QAEPAVCFrameWnd@@XZ 00404f40 f i ChildFrm.obj
 0001:00003fb0       ?GetTopLevelParent@CWnd@@QAEPAV1@XZ 00404fb0 f i ChildFrm.obj
 0001:00004060       ?GetDescendantWindow@CWnd@@QAEPAV1@HH@Z 00405060 f i ChildFrm.obj
 0001:00004110       ?GetDescendantWindow@CWnd@@QAEPAV1@PAUHWND__@@HH@Z 00405110 f i ChildFrm.obj
 0001:000041c0       ?Enable@CCmdUI@@UAEXH@Z    004051c0 f i ChildFrm.obj
 0001:00004260       ?SetCheck@CCmdUI@@UAEXH@Z  00405260 f i ChildFrm.obj
 0001:000042d0       ?SetRadio@CCmdUI@@UAEXH@Z  004052d0 f i ChildFrm.obj
 0001:00004320       ?SetText@CCmdUI@@UAEXPBD@Z 00405320 f i ChildFrm.obj
 0001:000043f0       ?OnBarCheck@CFrameWnd@@QAEHI@Z 004053f0 f i ChildFrm.obj
 0001:000045a0       ?OnUpdateControlBarMenu@CFrameWnd@@QAEXPAVCCmdUI@@@Z 004055a0 f i ChildFrm.obj
 0001:00004610       ?OnIdleUpdateCmdUI@CFrameWnd@@QAEXXZ 00405610 f i ChildFrm.obj
 0001:000046a0       ?OnPopMessageString@CFrameWnd@@QAEJIJ@Z 004056a0 f i ChildFrm.obj
 0001:000046d0       ?OnSetMessageString@CFrameWnd@@QAEJIJ@Z 004056d0 f i ChildFrm.obj
 0001:00004880       ?CopyBeforeWrite@CString@WTL@@IAEXXZ 00405880 f i ChildFrm.obj
 0001:00004920       ?AfxLoadString@CAfx@@SAHIPADI@Z 00405920 f i ChildFrm.obj
 0001:000049e0       ?OnToolTipText@CFrameWnd@@QAEHIPAUtagNMHDR@@PAJ@Z 004059e0 f i ChildFrm.obj
 0001:00004c10       ?Empty@CString@WTL@@QAEXXZ 00405c10 f i ChildFrm.obj
 0001:00004d30       ?GetBufferSetLength@CString@WTL@@QAEPADH@Z 00405d30 f i ChildFrm.obj
 0001:00004e00       ?AtlGetStringResourceImage@CAfx@@SAPBUATLSTRINGRESOURCEIMAGE@@PAUHINSTANCE__@@I@Z 00405e00 f i ChildFrm.obj
 0001:00004e90       ?OnUpdateKeyIndicator@CFrameWnd@@QAEXPAVCCmdUI@@@Z 00405e90 f i ChildFrm.obj
 0001:00004f00       ?DestroyDockBars@CFrameWnd@@QAEXXZ 00405f00 f i ChildFrm.obj
 0001:000050d0       ?IsDerivedFrom@CRuntimeClass@@QBEHPBU1@@Z 004060d0 f i ChildFrm.obj
 0001:000050f0       ?IsKindOf@CObject@@QBEHPBUCRuntimeClass@@@Z 004060f0 f i ChildFrm.obj
 0001:00005120       ?SetMenuBarState@CFrameWnd@@QAEHK@Z 00406120 f i ChildFrm.obj
 0001:00005190       ?GetTopLevelFrame@CWnd@@QAEPAVCFrameWnd@@XZ 00406190 f i ChildFrm.obj
 0001:00005290       ?OnSetPreviewMode@CFrameWnd@@UAEXHPAUCPrintPreviewState@@@Z 00406290 f i ChildFrm.obj
 0001:00005700       ?AfxGetParentOwner@CWnd@@SAPAUHWND__@@PAU2@@Z 00406700 f i ChildFrm.obj
 0001:00005780       ?IsFloating@CControlBar@@QBEHXZ 00406780 f i ChildFrm.obj
 0001:000057b0       ?OnCloseDocument@CDocument@@QAEXXZ 004067b0 f i ChildFrm.obj
 0001:00005870       ?GetDefaultAccelerator@CFrameWnd@@UAEPAUHACCEL__@@XZ 00406870 f i ChildFrm.obj
 0001:00005890       ?OnUpdateFrameMenu@CFrameWnd@@UAEXPAUHMENU__@@@Z 00406890 f i ChildFrm.obj
 0001:000058d0       ?OnUpdateFrameTitle@CFrameWnd@@UAEXH@Z 004068d0 f i ChildFrm.obj
 0001:00005920       ?UpdateFrameTitleForDocument@CFrameWnd@@QAEXPBD@Z 00406920 f i ChildFrm.obj
 0001:00005b20       ?ConcatInPlace@CString@WTL@@IAEXHPBD@Z 00406b20 f i ChildFrm.obj
 0001:00005c20       ?DefWindowProcA@CMDIChildWnd@@UAEJIIJ@Z 00406c20 f i ChildFrm.obj
 0001:00005c40       ?OnMouseActivate@CMDIChildWnd@@QAEHPAVCWnd@@II@Z 00406c40 f i ChildFrm.obj
 0001:00005d40       ?OnNcCreate@CMDIChildWnd@@QAEHPAUtagCREATESTRUCTA@@@Z 00406d40 f i ChildFrm.obj
 0001:00005d90       ?OnToolTipText@CMDIChildWnd@@QAEHIPAUtagNMHDR@@PAJ@Z 00406d90 f i ChildFrm.obj
 0001:00005dd0       ?OnSize@CMDIChildWnd@@QAEXIHH@Z 00406dd0 f i ChildFrm.obj
 0001:00005e40       ?OnUpdateFrameMenu@CMDIChildWnd@@QAEXHPAVCWnd@@PAUHMENU__@@@Z 00406e40 f i ChildFrm.obj
 0001:00005f10       ?OnUpdateFrameTitle@CMDIChildWnd@@UAEXH@Z 00406f10 f i ChildFrm.obj
 0001:00006060       ?OnWindowPosChanging@CMDIChildWnd@@QAEXPAUtagWINDOWPOS@@@Z 00407060 f i ChildFrm.obj
 0001:00006210       ?ActivateFrame@CMDIChildWnd@@UAEXH@Z 00407210 f i ChildFrm.obj
 0001:00006470       ?DestroyWindow@CMDIChildWnd@@UAEHXZ 00407470 f i ChildFrm.obj
 0001:00006530       ?GetMDIFrame@CMDIChildWnd@@QAEPAVCMDIFrameWnd@@XZ 00407530 f i ChildFrm.obj
 0001:00006560       ?PreTranslateMessage@CMDIChildWnd@@UAEHPAUtagMSG@@@Z 00407560 f i ChildFrm.obj
 0001:000065f0       ?UpdateClientEdge@CMDIChildWnd@@QAEHPAUtagRECT@@@Z 004075f0 f i ChildFrm.obj
 0001:00006770       ?MDIGetActive@CMDIFrameWnd@@QBEPAVCMDIChildWnd@@PAH@Z 00407770 f i ChildFrm.obj
 0001:000067f0       ?LoadFrame@CMDIChildWnd@@UAEHIKPAVCWnd@@PAUCCreateContext@@@Z 004077f0 f i ChildFrm.obj
 0001:00006af0       ?FromHandleWnd@CWinApp@@QAEPAVCWMHnd@@PAUHWND__@@PAV2@0P6APAXPAX2@Z@Z 00407af0 f i ChildFrm.obj
 0001:00006bc0       ?NewNode@?$CHandleList@PAXVCGdiObject@@PAUHWND__@@@@QAEPAV?$CHandlePair@PAXPAVCGdiObject@@PAUHWND__@@@@PAX@Z 00407bc0 f i ChildFrm.obj
 0001:00006bc0       ?NewNode@?$CHandleHashList@PAUHWND__@@VCWMHnd@@PAU1@$0BB@@@QAEPAV?$CHandlePair@PAUHWND__@@PAVCWMHnd@@PAU1@@@PAUHWND__@@@Z 00407bc0 f i ChildFrm.obj
 0001:00006bc0       ?NewNode@?$CHandleList@PAUHMENU__@@VCMenuMTL@@PAUHWND__@@@@QAEPAV?$CHandlePair@PAUHMENU__@@PAVCMenuMTL@@PAUHWND__@@@@PAUHMENU__@@@Z 00407bc0 f i ChildFrm.obj
 0001:00006bc0       ?NewNode@?$CHandleList@PAUHDC__@@VCDCMTL@@PAUHWND__@@@@QAEPAV?$CHandlePair@PAUHDC__@@PAVCDCMTL@@PAUHWND__@@@@PAUHDC__@@@Z 00407bc0 f i ChildFrm.obj
 0001:00006c00       ?RemoveHandleWnd@CWinApp@@QAEPAUHWND__@@PAU2@@Z 00407c00 f i ChildFrm.obj
 0001:00006e70       ?FromHandleMenu@CWinApp@@QAEPAVCMenuMTL@@PAUHMENU__@@PAV2@PAUHWND__@@P6APAXPAX3@Z@Z 00407e70 f i ChildFrm.obj
 0001:00006f00       ?RemoveHandleMenu@CWinApp@@QAEPAUHMENU__@@PAU2@@Z 00407f00 f i ChildFrm.obj
 0001:00006f70       ?RemoveHandleDC@CWinApp@@QAEPAUHDC__@@PAU2@@Z 00407f70 f i ChildFrm.obj
 0001:00006fe0       ?_GetCModuleState@CWinApp@@SAPAVCModuleState@@XZ 00407fe0 f i ChildFrm.obj
 0001:00007020       ??0CModuleState@@QAE@XZ    00408020 f i ChildFrm.obj
 0001:00007050       ?CloseAllDocuments@CWinApp@@QAEXH@Z 00408050 f i ChildFrm.obj
 0001:00007180       ?HideApplication@CWinApp@@QAEXXZ 00408180 f i ChildFrm.obj
 0001:000071d0       ?SaveAllModified@CWinApp@@QAEHXZ 004081d0 f i ChildFrm.obj
 0001:00007240       ?cModuleState@?1??_GetCModuleState@CWinApp@@SAPAVCModuleState@@XZ@$AV2@A 00408240 f i ChildFrm.obj
 0001:00007250       ??1CModuleState@@QAE@XZ    00408250 f i ChildFrm.obj
 0001:000072e0       ?RemoveAll@?$CList@PAXPAX@@QAEXXZ 004082e0 f i ChildFrm.obj
 0001:000072e0       ??1?$CList@PAUCRuntimeClass@@ABQAU1@@@QAE@XZ 004082e0 f i ChildFrm.obj
 0001:000072e0       ??1?$CList@PAUHWND__@@PAU1@@@QAE@XZ 004082e0 f i ChildFrm.obj
 0001:000072e0       ??1?$CList@PAVCFrameWnd@@ABQAV1@@@QAE@XZ 004082e0 f i ChildFrm.obj
 0001:000072e0       ??1?$CList@PAXPAX@@QAE@XZ  004082e0 f i ChildFrm.obj
 0001:00007320       ?FromHandle@CWnd@@SAPAV1@PAUHWND__@@PAV1@0P6APAXPAX2@Z@Z 00408320 f i ChildFrm.obj
 0001:00007340       ?FromHandle@CMenuMTL@@SAPAV1@PAUHMENU__@@PAV1@PAUHWND__@@P6APAXPAX3@Z@Z 00408340 f i ChildFrm.obj
 0001:00007360       ?RemoveHandle@CMenuMTL@@SAPAUHMENU__@@PAU2@@Z 00408360 f i ChildFrm.obj
 0001:00007380       ?RemoveHandle@CDCMTL@@SAPAUHDC__@@PAU2@@Z 00408380 f i ChildFrm.obj
 0001:000073a0       ?OnCmdMsg@CFrameWnd@@UAEHIHPAXPAUAFX_CMDHANDLERINFO@@@Z 004083a0 f i ChildFrm.obj
 0001:00007500       ?OnDestroy@CFrameWnd@@QAEXXZ 00408500 f i ChildFrm.obj
 0001:00007570       ?Create@CMDIChildWnd@@UAEHPBD0KABUtagRECT@@PAVCMDIFrameWnd@@PAUCCreateContext@@@Z 00408570 f i ChildFrm.obj
 0001:00007760       ?PreTranslateMessage@CWnd@@UAEHPAUtagMSG@@@Z 00408760 f i ChildFrm.obj
 0001:00007780       ?GetRuntimeClass@CMainFrame@@UBEPAUCRuntimeClass@@XZ 00408780 f   MainFrm.obj
 0001:00007790       ??0CMainFrame@@QAE@XZ      00408790 f   MainFrm.obj
 0001:00007960       ?_ProcessWindowMessage@CMainFrame@@UAEHPAUHWND__@@IIJAAJ@Z 00408960 f i MainFrm.obj
 0001:00007ca0       ??_ECMainFrame@@UAEPAXI@Z  00408ca0 f i MainFrm.obj
 0001:00007ca0       ??_GCMainFrame@@UAEPAXI@Z  00408ca0 f i MainFrm.obj
 0001:00007cc0       ??1CMainFrame@@UAE@XZ      00408cc0 f   MainFrm.obj
 0001:00007e00       ?OnCreate@CMainFrame@@IAEHPAUtagCREATESTRUCTA@@@Z 00408e00 f   MainFrm.obj
 0001:00008010       ?PreCreateWindow@CMainFrame@@UAEHAAUtagCREATESTRUCTA@@@Z 00409010 f   MainFrm.obj
 0001:00008040       ?_GetAfxData@CAfx@@SAABU_AUX_DATA@@XZ 00409040 f i MainFrm.obj
 0001:00008130       ??0CWMHnd@@QAE@PAUHWND__@@@Z 00409130 f i MainFrm.obj
 0001:00008150       ??0CWnd@@QAE@PAUHWND__@@@Z 00409150 f i MainFrm.obj
 0001:00008190       ??0CControlBar@@QAE@XZ     00409190 f i MainFrm.obj
 0001:00008240       ?WindowProc@CControlBar@@UAEJIIJ@Z 00409240 f i MainFrm.obj
 0001:000084c0       ?CalcDynamicLayout@CControlBar@@UAE?AVCSize@WTL@@HK@Z 004094c0 f i MainFrm.obj
 0001:000084f0       ?CalcFixedLayout@CControlBar@@UAE?AVCSize@WTL@@HH@Z 004094f0 f i MainFrm.obj
 0001:00008530       ?EnableDocking@CControlBar@@QAEXK@Z 00409530 f i MainFrm.obj
 0001:00008680       ?GetDefaultAccelerator@CDocument@@UAEPAUHACCEL__@@XZ 00409680 f i MainFrm.obj
 0001:00008680       ?IsFrameWnd@CWMHnd@@UAEHXZ 00409680 f i MainFrm.obj
 0001:00008680       ?OnFileNameOK@CFileDialogMTL@@UAEHXZ 00409680 f i MainFrm.obj
 0001:00008680       ?IsDockBar@CControlBar@@UBEHXZ 00409680 f i MainFrm.obj
 0001:00008680       ?GetEventSinkMap@CCmdTarget@@UBEPBUAFX_EVENTSINKMAP@@XZ 00409680 f i MainFrm.obj
 0001:00008680       ?IsTabbedMDIChild@CMDIChildWnd@@UAEHXZ 00409680 f i MainFrm.obj
 0001:00008690       ?IsVisible@CControlBar@@UBEHXZ 00409690 f i MainFrm.obj
 0001:000086c0       ?PostNcDestroy@CControlBar@@UAEXXZ 004096c0 f i MainFrm.obj
 0001:000086e0       ?PreCreateWindow@CControlBar@@UAEHAAUtagCREATESTRUCTA@@@Z 004096e0 f i MainFrm.obj
 0001:000087a0       ??_GCControlBar@@UAEPAXI@Z 004097a0 f i MainFrm.obj
 0001:000087a0       ??_ECControlBar@@UAEPAXI@Z 004097a0 f i MainFrm.obj
 0001:000087c0       ??1CControlBar@@UAE@XZ     004097c0 f i MainFrm.obj
 0001:00008830       ?_ProcessWindowMessage@CControlBar@@UAEHPAUHWND__@@IIJAAJ@Z 00409830 f i MainFrm.obj
 0001:00008b20       ?Find@?$CList@PAXPAX@@QBEPAU__POSITION@@PAXPAU2@@Z 00409b20 f i MainFrm.obj
 0001:00008b50       ?RemoveAt@?$CList@PAXPAX@@QAEXPAU__POSITION@@@Z 00409b50 f i MainFrm.obj
 0001:00008bb0       ?OnInitialUpdate@CControlBar@@QAEXXZ 00409bb0 f i MainFrm.obj
 0001:00008ce0       ?OnSizeParent@CControlBar@@QAEJIJ@Z 00409ce0 f i MainFrm.obj
 0001:00008f80       ?OnBarStyleChange@CStatusBar@@UAEXKK@Z 00409f80 f i MainFrm.obj
 0001:00008fb0       ?OnUpdateCmdUI@CStatusBar@@UAEXPAVCFrameWnd@@H@Z 00409fb0 f i MainFrm.obj
 0001:000090a0       ?UpdateDialogControls@CWnd@@QAEXPAVCCmdTarget@@H@Z 0040a0a0 f i MainFrm.obj
 0001:00009280       ?CalcFixedLayout@CStatusBar@@UAE?AVCSize@WTL@@HH@Z 0040a280 f i MainFrm.obj
 0001:00009430       ??_ECClientDCMTL@@UAEPAXI@Z 0040a430 f i MainFrm.obj
 0001:00009430       ??_GCClientDCMTL@@UAEPAXI@Z 0040a430 f i MainFrm.obj
 0001:00009450       ??1CClientDCMTL@@UAE@XZ    0040a450 f i MainFrm.obj
 0001:000094b0       ?CalcInsideRect@CControlBar@@QBEXAAVCRect@WTL@@H@Z 0040a4b0 f i MainFrm.obj
 0001:000095a0       ?Create@CStatusBar@@UAEHPAVCWnd@@KI@Z 0040a5a0 f i MainFrm.obj
 0001:000095c0       ?CreateEx@CStatusBar@@UAEHPAVCWnd@@KKI@Z 0040a5c0 f i MainFrm.obj
 0001:00009680       ?PreCreateWindow@CStatusBar@@UAEHAAUtagCREATESTRUCTA@@@Z 0040a680 f i MainFrm.obj
 0001:00009760       ?SetIndicators@CStatusBar@@QAEHPBIH@Z 0040a760 f i MainFrm.obj
 0001:00009aa0       ??1CDCMTL@@UAE@XZ          0040aaa0 f i MainFrm.obj
 0001:00009aa0       ??1?$CHandleWrapper@VCDCMTL@@PAUHDC__@@V?$CDCT@$00@WTL@@@@UAE@XZ 0040aaa0 f i MainFrm.obj
 0001:00009af0       ??0CDCMTL@@QAE@PAUHDC__@@@Z 0040aaf0 f i MainFrm.obj
 0001:00009b20       ?AllocElements@CControlBar@@QAEHHH@Z 0040ab20 f i MainFrm.obj
 0001:00009b70       ?UpdateAllPanes@CStatusBar@@QAEXHH@Z 0040ab70 f i MainFrm.obj
 0001:00009e60       ?ConstructElements@@YAXPAHJ@Z 0040ae60 f i MainFrm.obj
 0001:00009e60       ?ConstructElements@@YAXPAPAXJ@Z 0040ae60 f i MainFrm.obj
 0001:00009e70       ??_GCStatusBar@@UAEPAXI@Z  0040ae70 f i MainFrm.obj
 0001:00009e70       ??_ECStatusBar@@UAEPAXI@Z  0040ae70 f i MainFrm.obj
 0001:00009e90       ??1CStatusBar@@UAE@XZ      0040ae90 f i MainFrm.obj
 0001:00009f00       ?_ProcessWindowMessage@CStatusBar@@UAEHPAUHWND__@@IIJAAJ@Z 0040af00 f i MainFrm.obj
 0001:0000a200       ?EraseNonClient@CControlBar@@QAEXXZ 0040b200 f i MainFrm.obj
 0001:0000a460       ?Draw3dRect@?$CDCT@$00@WTL@@QAEXHHHHKK@Z 0040b460 f i MainFrm.obj
 0001:0000a5c0       ??_GCWindowDCMTL@@UAEPAXI@Z 0040b5c0 f i MainFrm.obj
 0001:0000a5c0       ??_ECWindowDCMTL@@UAEPAXI@Z 0040b5c0 f i MainFrm.obj
 0001:0000a5e0       ??1CWindowDCMTL@@UAE@XZ    0040b5e0 f i MainFrm.obj
 0001:0000a640       ?OnSetMinHeight@CStatusBar@@QAEJIJ@Z 0040b640 f i MainFrm.obj
 0001:0000a670       ?CommandToIndex@CStatusBar@@QBEHI@Z 0040b670 f i MainFrm.obj
 0001:0000a6a0       ?SetPaneText@CStatusBar@@QAEHHPBDH@Z 0040b6a0 f i MainFrm.obj
 0001:0000a870       ?Release@CString@WTL@@IAEXXZ 0040b870 f i MainFrm.obj
 0001:0000a8b0       ?Enable@CStatusCmdUI@@UAEXH@Z 0040b8b0 f i MainFrm.obj
 0001:0000aa70       ?SetCheck@CStatusCmdUI@@UAEXH@Z 0040ba70 f i MainFrm.obj
 0001:0000ac20       ?SetText@CStatusCmdUI@@UAEXPBD@Z 0040bc20 f i MainFrm.obj
 0001:0000adb0       ??_GCDockContext@@UAEPAXI@Z 0040bdb0 f i MainFrm.obj
 0001:0000adb0       ??_ECDockContext@@UAEPAXI@Z 0040bdb0 f i MainFrm.obj
 0001:0000aea0       ?RemoveAt@?$CArray@PAXABQAX@@QAEXJJ@Z 0040bea0 f i MainFrm.obj
 0001:0000aee0       ?GetDockedCount@CDockBar@@QBEHXZ 0040bee0 f i MainFrm.obj
 0001:0000af10       ?RemovePlaceHolder@CDockBar@@QAEXPAVCControlBar@@@Z 0040bf10 f i MainFrm.obj
 0001:0000afb0       ?OnBarStyleChange@CToolBar@@UAEXKK@Z 0040bfb0 f i MainFrm.obj
 0001:0000aff0       ?OnToolHitTest@CToolBar@@UBEJVCPoint@WTL@@PAUtagTOOLINFOA@@@Z 0040bff0 f i MainFrm.obj
 0001:0000b210       ??0CRect@WTL@@QAE@XZ       0040c210 f i MainFrm.obj
 0001:0000b220       ?OnUpdateCmdUI@CToolBar@@UAEXPAVCFrameWnd@@H@Z 0040c220 f i MainFrm.obj
 0001:0000b3b0       ?CalcDynamicLayout@CToolBar@@UAE?AVCSize@WTL@@HK@Z 0040c3b0 f i MainFrm.obj
 0001:0000b400       ?CalcFixedLayout@CToolBar@@UAE?AVCSize@WTL@@HH@Z 0040c400 f i MainFrm.obj
 0001:0000b430       ?CalcLayout@CToolBar@@QAE?AVCSize@WTL@@KH@Z 0040c430 f i MainFrm.obj
 0001:0000bb00       ?SetWindowPos@CWMHnd@@QAEHPBV1@HHHHI@Z 0040cb00 f i MainFrm.obj
 0001:0000bb40       ?CalcSize@CToolBar@@QAE?AVCSize@WTL@@PAU_TBBUTTON@@H@Z 0040cb40 f i MainFrm.obj
 0001:0000bd50       ?Create@CToolBar@@UAEHPAVCWnd@@KI@Z 0040cd50 f i MainFrm.obj
 0001:0000bda0       ?CreateEx@CToolBar@@UAEHPAVCWnd@@KKVCRect@WTL@@I@Z 0040cda0 f i MainFrm.obj
 0001:0000bfc0       ?Layout@CToolBar@@QAEXXZ   0040cfc0 f i MainFrm.obj
 0001:0000c030       ?_SetButton@CToolBar@@QAEXHPAU_TBBUTTON@@@Z 0040d030 f i MainFrm.obj
 0001:0000c1e0       ?SetButtons@CToolBar@@QAEHPBIH@Z 0040d1e0 f i MainFrm.obj
 0001:0000c320       ?SetSizes@CToolBar@@QAEXUtagSIZE@@0@Z 0040d320 f i MainFrm.obj
 0001:0000c3d0       ?SizeToolBar@CToolBar@@QAEXPAU_TBBUTTON@@HHH@Z 0040d3d0 f i MainFrm.obj
 0001:0000c720       ?WrapToolBar@CToolBar@@QAEHPAU_TBBUTTON@@HH@Z 0040d720 f i MainFrm.obj
 0001:0000c810       ??_GCToolBar@@UAEPAXI@Z    0040d810 f i MainFrm.obj
 0001:0000c810       ??_ECToolBar@@UAEPAXI@Z    0040d810 f i MainFrm.obj
 0001:0000c830       ??1CToolBar@@UAE@XZ        0040d830 f i MainFrm.obj
 0001:0000c8a0       ?_ProcessWindowMessage@CToolBar@@UAEHPAUHWND__@@IIJAAJ@Z 0040d8a0 f i MainFrm.obj
 0001:0000cdc0       ?AddTail@?$CList@PAXPAX@@QAEPAU__POSITION@@PAX@Z 0040ddc0 f i MainFrm.obj
 0001:0000cdf0       ?OnLButtonDown@CControlBar@@QAEXIVCPoint@WTL@@@Z 0040ddf0 f i MainFrm.obj
 0001:0000ce60       ?OnLButtonDblClk@CControlBar@@QAEXIVCPoint@WTL@@@Z 0040de60 f i MainFrm.obj
 0001:0000d030       ?GetNext@?$CList@PAXPAX@@QBEABQAXAAPAU__POSITION@@@Z 0040e030 f i MainFrm.obj
 0001:0000d050       ?OnPreserveSizingPolicyHelper@CToolBar@@QAEJIJ@Z 0040e050 f i MainFrm.obj
 0001:0000d360       ?_AfxModifyStyle@CWMHnd@@SAHPAUHWND__@@HKKI@Z 0040e360 f i MainFrm.obj
 0001:0000d3c0       ?ModifyStyle@CWMHnd@@QAEHKKI@Z 0040e3c0 f i MainFrm.obj
 0001:0000d420       ?OnPreserveZeroBorderHelper@CToolBar@@QAEJIJ@Z 0040e420 f i MainFrm.obj
 0001:0000d4e0       ?OnSetButtonSize@CToolBar@@QAEJIJ@Z 0040e4e0 f i MainFrm.obj
 0001:0000d5b0       ?OnSetBitmapSize@CToolBar@@QAEJIJ@Z 0040e5b0 f i MainFrm.obj
 0001:0000d680       ?DrawBorders@CControlBar@@QAEXPAVCDCMTL@@AAVCRect@WTL@@@Z 0040e680 f i MainFrm.obj
 0001:0000dac0       ?FillSolidRect@?$CDCT@$00@WTL@@QAEXPBUtagRECT@@K@Z 0040eac0 f i MainFrm.obj
 0001:0000db10       ?Enable@CToolCmdUI@@UAEXH@Z 0040eb10 f i MainFrm.obj
 0001:0000dd40       ?SetCheck@CToolCmdUI@@UAEXH@Z 0040ed40 f i MainFrm.obj
 0001:0000df70       ?DockControlBar@CFrameWnd@@QAEXPAVCControlBar@@PAVCDockBar@@PBUtagRECT@@@Z 0040ef70 f i MainFrm.obj
 0001:0000e260       ?Add@?$CArray@PAXABQAX@@QAEJABQAX@Z 0040f260 f i MainFrm.obj
 0001:0000e390       ?AfxSetWindowText@CAfx@@SAXPAUHWND__@@PBD@Z 0040f390 f i MainFrm.obj
 0001:0000e410       ?ScreenToClient@CWMHnd@@QBEXPAUtagRECT@@@Z 0040f410 f i MainFrm.obj
 0001:0000e440       ?SetParent@CWnd@@QAEPAV1@PAV1@@Z 0040f440 f i MainFrm.obj
 0001:0000e470       ?GetDockingFrame@CControlBar@@QAEPAVCFrameWnd@@XZ 0040f470 f i MainFrm.obj
 0001:0000e4f0       ?Insert@CDockBar@@QAEHPAVCControlBar@@VCRect@WTL@@VCPoint@4@@Z 0040f4f0 f i MainFrm.obj
 0001:0000e7a0       ?InsertAt@?$CArray@PAXABQAX@@QAEXJABQAXJ@Z 0040f7a0 f i MainFrm.obj
 0001:0000ea30       ?SetSize@?$CArray@PAXABQAX@@QAEXJJ@Z 0040fa30 f i MainFrm.obj
 0001:0000eb50       ??1?$CArray@HABH@@QAE@XZ   0040fb50 f i MainFrm.obj
 0001:0000eb50       ?RemoveAll@?$CArray@PAXABQAX@@QAEXXZ 0040fb50 f i MainFrm.obj
 0001:0000eb50       ?RemoveAll@?$CArray@HABH@@QAEXXZ 0040fb50 f i MainFrm.obj
 0001:0000eb50       ??1?$CArray@PAXABQAX@@QAE@XZ 0040fb50 f i MainFrm.obj
 0001:0000eb70       ?ReDockControlBar@CFrameWnd@@QAEXPAVCControlBar@@PAVCDockBar@@PBUtagRECT@@@Z 0040fb70 f i MainFrm.obj
 0001:0000ec80       ?StartDrag@CDockContext@@UAEXVCPoint@WTL@@@Z 0040fc80 f i MainFrm.obj
 0001:0000f430       ?GetDCEx@CWMHnd@@QAEPAVCDCMTL@@PAVCRgnMTL@@K@Z 00410430 f i MainFrm.obj
 0001:0000f470       ?classHandleFuncCDCMTL@CDCMTL@@SAPAXPAX0@Z 00410470 f i MainFrm.obj
 0001:0000f4c0       ?DrawFocusRect@CDockContext@@QAEXH@Z 004104c0 f i MainFrm.obj
 0001:0000f6c0       ?classHandleFuncCBrushMTL@CBrushMTL@@SAPAXPAX0@Z 004106c0 f i MainFrm.obj
 0001:0000f700       ??_ECRgnMTL@@UAEPAXI@Z     00410700 f i MainFrm.obj
 0001:0000f700       ??_ECBrushMTL@@UAEPAXI@Z   00410700 f i MainFrm.obj
 0001:0000f700       ??_ECBitmapMTL@@UAEPAXI@Z  00410700 f i MainFrm.obj
 0001:0000f700       ??_GCBitmapMTL@@UAEPAXI@Z  00410700 f i MainFrm.obj
 0001:0000f700       ??_GCPenMTL@@UAEPAXI@Z     00410700 f i MainFrm.obj
 0001:0000f700       ??_ECPenMTL@@UAEPAXI@Z     00410700 f i MainFrm.obj
 0001:0000f700       ??_GCRgnMTL@@UAEPAXI@Z     00410700 f i MainFrm.obj
 0001:0000f700       ??_GCBrushMTL@@UAEPAXI@Z   00410700 f i MainFrm.obj
 0001:0000f720       ?DrawDragRect@CDCMTL@@QAEXPBUtagRECT@@UtagSIZE@@01PAVCBrushMTL@@2@Z 00410720 f i MainFrm.obj
 0001:0000fbe0       ?HalftoneBrush@CAfx@@SAPAUHBRUSH__@@H@Z 00410be0 f i MainFrm.obj
 0001:0000fc70       ?classHandleFuncCGdiObject@CGdiObject@@SAPAXPAX0@Z 00410c70 f i MainFrm.obj
 0001:0000fcb0       ??_ECGdiObject@@UAEPAXI@Z  00410cb0 f i MainFrm.obj
 0001:0000fcb0       ??_GCGdiObject@@UAEPAXI@Z  00410cb0 f i MainFrm.obj
 0001:0000fcd0       ??1CGdiObject@@UAE@XZ      00410cd0 f i MainFrm.obj
 0001:0000fd20       ??1CBitmapMTL@@UAE@XZ      00410d20 f i MainFrm.obj
 0001:0000fd20       ??1?$CHandleWrapper@VCRgnMTL@@PAUHRGN__@@V?$CRgnT@$00@WTL@@@@UAE@XZ 00410d20 f i MainFrm.obj
 0001:0000fd20       ??1CPenMTL@@UAE@XZ         00410d20 f i MainFrm.obj
 0001:0000fd20       ??1CBrushMTL@@UAE@XZ       00410d20 f i MainFrm.obj
 0001:0000fd20       ??1CRgnMTL@@UAE@XZ         00410d20 f i MainFrm.obj
 0001:0000fd20       ??1?$CHandleWrapper@VCBrushMTL@@PAUHBRUSH__@@V?$CBrushT@$00@WTL@@@@UAE@XZ 00410d20 f i MainFrm.obj
 0001:0000fd70       ?SelectClipRgn@CDCMTL@@QAEHPAVCRgnMTL@@@Z 00410d70 f i MainFrm.obj
 0001:0000fdc0       ?CanDock@CFrameWnd@@QAEKVCRect@WTL@@KPAPAVCDockBar@@@Z 00410dc0 f i MainFrm.obj
 0001:0000fec0       ?StartResize@CDockContext@@UAEXHVCPoint@WTL@@@Z 00410ec0 f i MainFrm.obj
 0001:00010120       ?EnableDocking@CFrameWnd@@QAEXK@Z 00411120 f i MainFrm.obj
 0001:00010320       ?SetAtGrow@?$CArray@PAXABQAX@@QAEXJABQAX@Z 00411320 f i MainFrm.obj
 0001:00010460       ?GetDockedVisibleCount@CDockBar@@UBEHXZ 00411460 f i MainFrm.obj
 0001:000104a0       ??_ECDockBar@@UAEPAXI@Z    004114a0 f i MainFrm.obj
 0001:000104a0       ??_GCDockBar@@UAEPAXI@Z    004114a0 f i MainFrm.obj
 0001:000104c0       ??1CDockBar@@UAE@XZ        004114c0 f i MainFrm.obj
 0001:00010570       ?_ProcessWindowMessage@CDockBar@@UAEHPAUHWND__@@IIJAAJ@Z 00411570 f i MainFrm.obj
 0001:00010890       ?OnSizeParent@CDockBar@@QAEJIJ@Z 00411890 f i MainFrm.obj
 0001:00010ae0       ?AfxRepositionWindow@CAfx@@SAXPAUAFX_SIZEPARENTPARAMS@@PAUHWND__@@PBUtagRECT@@@Z 00411ae0 f i MainFrm.obj
 0001:00010ba0       ?RemoveControlBar@CFrameWnd@@QAEXPAVCControlBar@@@Z 00411ba0 f i MainFrm.obj
 0001:00010c10       ?FloatControlBar@CFrameWnd@@QAEXPAVCControlBar@@VCPoint@WTL@@K@Z 00411c10 f i MainFrm.obj
 0001:00010db0       ?Create@CMiniDockFrameWnd@@QAEHPAVCWnd@@K@Z 00411db0 f i MainFrm.obj
 0001:00011100       ?CanDock@CDockContext@@QAEKXZ 00412100 f i MainFrm.obj
 0001:000114d0       ?Stretch@CDockContext@@QAEXVCPoint@WTL@@@Z 004124d0 f i MainFrm.obj
 0001:000118b0       ?ToggleDocking@CDockContext@@QAEXXZ 004128b0 f i MainFrm.obj
 0001:00011ac0       ?GetControlBar@CFrameWnd@@QAEPAVCControlBar@@I@Z 00412ac0 f i MainFrm.obj
 0001:00011b10       ?Track@CDockContext@@QAEHXZ 00412b10 f i MainFrm.obj
 0001:00011f40       ?CancelLoop@CDockContext@@QAEXXZ 00412f40 f i MainFrm.obj
 0001:00012120       ?Move@CDockContext@@QAEXVCPoint@WTL@@@Z 00413120 f i MainFrm.obj
 0001:000123e0       ?UpdateState@CDockContext@@QAEXPAHH@Z 004133e0 f i MainFrm.obj
 0001:000127f0       ?GetDockBar@CDockContext@@QAEPAVCDockBar@@K@Z 004137f0 f i MainFrm.obj
 0001:00012a20       ?OnIdleUpdateCmdUI@CControlBar@@QAEJIJ@Z 00413a20 f i MainFrm.obj
 0001:00012b60       ?CalcFixedLayout@CDockBar@@UAE?AVCSize@WTL@@HH@Z 00413b60 f i MainFrm.obj
 0001:00013450       ?DestroyWindow@CControlBar@@UAEHXZ 00414450 f i MainFrm.obj
 0001:00013510       ?DockControlBar@CDockBar@@QAEXPAVCControlBar@@PBUtagRECT@@@Z 00414510 f i MainFrm.obj
 0001:00013a50       ?Size@CRect@WTL@@QBE?AVCSize@2@XZ 00414a50 f i MainFrm.obj
 0001:00013a70       ?FindBar@CDockBar@@QAEHPAVCControlBar@@H@Z 00414a70 f i MainFrm.obj
 0001:00013aa0       ?GetDockedControlBar@CDockBar@@QBEPAVCControlBar@@H@Z 00414aa0 f i MainFrm.obj
 0001:00013ac0       ?ReDockControlBar@CDockBar@@QAEXPAVCControlBar@@PBUtagRECT@@@Z 00414ac0 f i MainFrm.obj
 0001:00013f40       ?RemoveControlBar@CDockBar@@QAEHPAVCControlBar@@HH@Z 00414f40 f i MainFrm.obj
 0001:00014170       ?DefWindowProcA@CMDIFrameWnd@@UAEJIIJ@Z 00415170 f i MainFrm.obj
 0001:000141a0       ?OnCreateClient@CMDIFrameWnd@@UAEHPAUtagCREATESTRUCTA@@PAUCCreateContext@@@Z 004151a0 f i MainFrm.obj
 0001:00014200       ?OnDestroy@CMDIFrameWnd@@QAEXXZ 00415200 f i MainFrm.obj
 0001:000142a0       ?OnIdleUpdateCmdUI@CMDIFrameWnd@@QAEXXZ 004152a0 f i MainFrm.obj
 0001:00014350       ?OnMDIWindowCmd@CMDIFrameWnd@@QAEHI@Z 00415350 f i MainFrm.obj
 0001:000143b0       ?OnSize@CMDIFrameWnd@@QAEXIHH@Z 004153b0 f i MainFrm.obj
 0001:000143d0       ?OnUpdateMDIWindowCmd@CMDIFrameWnd@@QAEXPAVCCmdUI@@@Z 004153d0 f i MainFrm.obj
 0001:00014440       ?CreateClient@CMDIFrameWnd@@UAEHPAUtagCREATESTRUCTA@@PAVCMenuMTL@@@Z 00415440 f i MainFrm.obj
 0001:00014530       ?DelayUpdateFrameMenu@CMDIFrameWnd@@UAEXPAUHMENU__@@@Z 00415530 f i MainFrm.obj
 0001:00014560       ?GetActiveFrame@CMDIFrameWnd@@UAEPAVCFrameWnd@@XZ 00415560 f i MainFrm.obj
 0001:000145c0       ?GetWindowMenuPopup@CMDIFrameWnd@@UAEPAUHMENU__@@PAU2@@Z 004155c0 f i MainFrm.obj
 0001:00014640       ?LoadFrame@CMDIFrameWnd@@UAEHIKPAVCWnd@@PAUCCreateContext@@@Z 00415640 f i MainFrm.obj
 0001:00014680       ?PreCreateWindow@CMDIFrameWnd@@UAEHAAUtagCREATESTRUCTA@@@Z 00415680 f i MainFrm.obj
 0001:000146b0       ??_ECMDIFrameWnd@@UAEPAXI@Z 004156b0 f i MainFrm.obj
 0001:000146b0       ??_GCMDIFrameWnd@@UAEPAXI@Z 004156b0 f i MainFrm.obj
 0001:000146d0       ??1CMDIFrameWnd@@UAE@XZ    004156d0 f i MainFrm.obj
 0001:00014790       ?_ProcessWindowMessage@CMDIFrameWnd@@UAEHPAUHWND__@@IIJAAJ@Z 00415790 f i MainFrm.obj
 0001:00014b40       ?OnCommand@CMDIFrameWnd@@UAEHIJ@Z 00415b40 f i MainFrm.obj
 0001:00014cf0       ?OnCmdMsg@CMDIFrameWnd@@UAEHIHPAXPAUAFX_CMDHANDLERINFO@@@Z 00415cf0 f i MainFrm.obj
 0001:00014ed0       ?OnWindowNew@CMDIFrameWnd@@QAEXXZ 00415ed0 f i MainFrm.obj
 0001:00014f70       ?PreTranslateMessage@CMDIFrameWnd@@UAEHPAUtagMSG@@@Z 00415f70 f i MainFrm.obj
 0001:00015070       ?FromHandleDC@CWinApp@@QAEPAVCDCMTL@@PAUHDC__@@PAV2@PAUHWND__@@P6APAXPAX3@Z@Z 00416070 f i MainFrm.obj
 0001:00015100       ?FromHandleGdiobj@CWinApp@@QAEPAVCGdiObject@@PAXPAV2@PAUHWND__@@P6APAX00@Z@Z 00416100 f i MainFrm.obj
 0001:00015190       ?RemoveHandleGdiobj@CWinApp@@QAEPAXPAX@Z 00416190 f i MainFrm.obj
 0001:00015200       ?FromHandle@CGdiObject@@SAPAV1@PAXPAV1@PAUHWND__@@P6APAX00@Z@Z 00416200 f i MainFrm.obj
 0001:00015200       ?FromHandle@CBrushMTL@@SAPAV1@PAUHBRUSH__@@PAV1@PAUHWND__@@P6APAXPAX3@Z@Z 00416200 f i MainFrm.obj
 0001:00015220       ?AfxMessageBox@@YAHIII@Z   00416220 f i MainFrm.obj
 0001:00015410       ?GetSafeOwner_@CWnd@@SAPAUHWND__@@PAU2@PAPAU2@@Z 00416410 f i MainFrm.obj
 0001:000154e0       ?CControlBarDestruct@CControlBar@@QAEXXZ 004164e0 f i MainFrm.obj
 0001:000155a0       ?OnDestroy@CControlBar@@QAEXXZ 004165a0 f i MainFrm.obj
 0001:00015650       ?OnTimer@CControlBar@@QAEXK@Z 00416650 f i MainFrm.obj
 0001:00015930       ?GetOwner@CWnd@@QAEPAV1@XZ 00416930 f i MainFrm.obj
 0001:00015960       ?PreTranslateMessage@CControlBar@@UAEHPAUtagMSG@@@Z 00416960 f i MainFrm.obj
 0001:00015cb0       ?SetStatusText@CControlBar@@UAEHJ@Z 00416cb0 f i MainFrm.obj
 0001:00015dc0       ?AddFrameWnd@CFrameWnd@@QAEXXZ 00416dc0 f i MainFrm.obj
 0001:00015e00       ?NewNode@?$CList@PAXPAX@@QAEPAUCNode@1@PAU21@0@Z 00416e00 f i MainFrm.obj
 0001:00015e00       ?NewNode@?$CList@PAVCFrameWnd@@ABQAV1@@@QAEPAUCNode@1@PAU21@0@Z 00416e00 f i MainFrm.obj
 0001:00015e00       ?NewNode@?$CList@PAUHWND__@@PAU1@@@QAEPAUCNode@1@PAU21@0@Z 00416e00 f i MainFrm.obj
 0001:00015e40       ?LoadBitmapA@CToolBar@@QAEHPBD@Z 00416e40 f i MainFrm.obj
 0001:000160b0       ?_EnableToolTips@CWnd@@QAEHHI@Z 004170b0 f i MainFrm.obj
 0001:000161c0       ?_FilterToolTipMessage@CWnd@@SAXPAUtagMSG@@PAV1@@Z 004171c0 f i MainFrm.obj
 0001:000161d0       ?FilterToolTipMessage@CWnd@@QAEXPAUtagMSG@@@Z 004171d0 f i MainFrm.obj
 0001:00016940       ??_GCToolTipCtrlMTL@@UAEPAXI@Z 00417940 f i MainFrm.obj
 0001:00016940       ??_ECToolTipCtrlMTL@@UAEPAXI@Z 00417940 f i MainFrm.obj
 0001:00016960       ??1CToolTipCtrlMTL@@UAE@XZ 00417960 f i MainFrm.obj
 0001:000169d0       ??0CMdiVC6App@@QAE@XZ      004179d0 f   MdiVC6.obj
 0001:00016b60       ?_ProcessWindowMessage@CMdiVC6App@@UAEHPAUHWND__@@IIJAAJ@Z 00417b60 f i MdiVC6.obj
 0001:00016d70       ??1CMdiVC6App@@QAE@XZ      00417d70 f i MdiVC6.obj
 0001:00016f10       ?InitInstance@CMdiVC6App@@UAEHXZ 00417f10 f   MdiVC6.obj
 0001:00017210       ??0CAboutDlg@@QAE@XZ       00418210 f   MdiVC6.obj
 0001:00017250       ??_ECAboutDlg@@UAEPAXI@Z   00418250 f i MdiVC6.obj
 0001:00017250       ??_GCAboutDlg@@UAEPAXI@Z   00418250 f i MdiVC6.obj
 0001:00017270       ??1CAboutDlg@@UAE@XZ       00418270 f i MdiVC6.obj
 0001:000172c0       ?OnAppAbout@CMdiVC6App@@QAEXXZ 004182c0 f   MdiVC6.obj
 0001:00017500       ??1?$CHandleHashList@PAUHWND__@@VCWMHnd@@PAU1@$0BB@@@QAE@XZ 00418500 f i MdiVC6.obj
 0001:00017510       ??_9@$BBM@AE               00418510 f i MdiVC6.obj
 0001:00017520       ??_9@$BHM@AE               00418520 f i MdiVC6.obj
 0001:00017530       ??_9@$BBI@AE               00418530 f i MdiVC6.obj
 0001:00017540       ??_9@$BHI@AE               00418540 f i MdiVC6.obj
 0001:00017550       ?ParseParam@CCommandLineInfo@@UAEXPBDHH@Z 00418550 f i MdiVC6.obj
 0001:00017650       ??0CRecentFileList@@QAE@IPBD0HH@Z 00418650 f i MdiVC6.obj
 0001:00017840       ??0CString@WTL@@QAE@XZ     00418840 f i MdiVC6.obj
 0001:00017850       ?Add@CRecentFileList@@UAEXPBD@Z 00418850 f i MdiVC6.obj
 0001:00017aa0       ?_AfxFullPath2@CAfx@@SAHPADPBDPAVCFileException@@@Z 00418aa0 f i MdiVC6.obj
 0001:00017cf0       ?GetDisplayName@CRecentFileList@@UBEHAAVCString@WTL@@HPBDHH@Z 00418cf0 f i MdiVC6.obj
 0001:00017fc0       ?_AfxAbbreviateName@CAfx@@SAXPADHH@Z 00418fc0 f i MdiVC6.obj
 0001:000180f0       ?AfxComparePath@CAfx@@SAHPBD0@Z 004190f0 f i MdiVC6.obj
 0001:000181d0       ?AfxGetFileName@CAfx@@SAIPBDPADI@Z 004191d0 f i MdiVC6.obj
 0001:00018200       ?Remove@CRecentFileList@@UAEXH@Z 00419200 f i MdiVC6.obj
 0001:00018410       ??_ECRecentFileList@@UAEPAXI@Z 00419410 f i MdiVC6.obj
 0001:00018410       ??_GCRecentFileList@@UAEPAXI@Z 00419410 f i MdiVC6.obj
 0001:00018430       ??1CRecentFileList@@UAE@XZ 00419430 f i MdiVC6.obj
 0001:00018530       ?classHandleFuncCDialog@CDialog@@SAPAXPAX0@Z 00419530 f i MdiVC6.obj
 0001:00018590       ?OnOK@CDialog@@UAEXXZ      00419590 f i MdiVC6.obj
 0001:00018600       ?OnCancel@CDialog@@UAEXXZ  00419600 f i MdiVC6.obj
 0001:00018630       ?OnInitDialog@CDialog@@UAEHXZ 00419630 f i MdiVC6.obj
 0001:00018700       ?ExecuteDlgInit@CWnd@@QAEHPAX@Z 00419700 f i MdiVC6.obj
 0001:000187e0       ?Create@CDialog@@UAEHIPAVCWnd@@@Z 004197e0 f i MdiVC6.obj
 0001:00018800       ?Create@CDialog@@UAEHPBDPAVCWnd@@@Z 00419800 f i MdiVC6.obj
 0001:00018910       ?CreateIndirect@CDialog@@UAEHPAXPAVCWnd@@PAUHINSTANCE__@@@Z 00419910 f i MdiVC6.obj
 0001:000189e0       ?DoModal@CDialog@@UAEJXZ   004199e0 f i MdiVC6.obj
 0001:00018d80       ?PreTranslateMessage@CDialog@@UAEHPAUtagMSG@@@Z 00419d80 f i MdiVC6.obj
 0001:00018e60       ??_GCDialog@@UAEPAXI@Z     00419e60 f i MdiVC6.obj
 0001:00018e60       ??_ECDialog@@UAEPAXI@Z     00419e60 f i MdiVC6.obj
 0001:00018e80       ??1CDialog@@UAE@XZ         00419e80 f i MdiVC6.obj
 0001:00018ed0       ?_ProcessWindowMessage@CAboutDlg@@UAEHPAUHWND__@@IIJAAJ@Z 00419ed0 f i MdiVC6.obj
 0001:00018ed0       ?_ProcessWindowMessage@CCommonDialog@@UAEHPAUHWND__@@IIJAAJ@Z 00419ed0 f i MdiVC6.obj
 0001:00018ed0       ?_ProcessWindowMessage@CDialog@@UAEHPAUHWND__@@IIJAAJ@Z 00419ed0 f i MdiVC6.obj
 0001:00018f60       ?AfxDlgProc@CWnd@@SGJPAUHWND__@@IIJ@Z 00419f60 f i MdiVC6.obj
 0001:00019150       ??0CDocTemplate@@QAE@IPAUCRuntimeClass@@00@Z 0041a150 f i MdiVC6.obj
 0001:00019390       ?OnCmdMsg@CDocTemplate@@UAEHIHPAXPAUAFX_CMDHANDLERINFO@@@Z 0041a390 f i MdiVC6.obj
 0001:00019390       ?OnCmdMsg@CCmdTarget@@UAEHIHPAXPAUAFX_CMDHANDLERINFO@@@Z 0041a390 f i MdiVC6.obj
 0001:00019470       ?CreateNewDocument@CDocTemplate@@UAEPAVCDocument@@XZ 0041a470 f i MdiVC6.obj
 0001:000194a0       ?CreateNewFrame@CDocTemplate@@UAEPAVCFrameWnd@@PAVCDocument@@PAV2@@Z 0041a4a0 f i MdiVC6.obj
 0001:00019530       ?GetDocString@CDocTemplate@@UBEHAAVCString@WTL@@W4DocStringIndex@1@@Z 0041a530 f i MdiVC6.obj
 0001:00019730       ?InitialUpdateFrame@CDocTemplate@@UAEXPAVCFrameWnd@@PAVCDocument@@H@Z 0041a730 f i MdiVC6.obj
 0001:00019830       ?UpdateFrameCounts@CDocument@@QAEXXZ 0041a830 f i MdiVC6.obj
 0001:00019a60       ?MatchDocType@CDocTemplate@@UAE?AW4Confidence@1@PBDAAPAVCDocument@@@Z 0041aa60 f i MdiVC6.obj
 0001:00019c70       ??1CDocTemplate@@QAE@XZ    0041ac70 f i MdiVC6.obj
 0001:00019cb0       ?OnFileNew@CDocManager@@UAEXXZ 0041acb0 f i MdiVC6.obj
 0001:00019f10       ?OnInitDialog@CNewTypeDlg@@UAEHXZ 0041af10 f i MdiVC6.obj
 0001:0001a1f0       ??0CDataExchange@@QAE@PAVCWMHnd@@H@Z 0041b1f0 f i MdiVC6.obj
 0001:0001a210       ?OnOK@CNewTypeDlg@@UAEXXZ  0041b210 f i MdiVC6.obj
 0001:0001a2e0       ??_GCNewTypeDlg@@UAEPAXI@Z 0041b2e0 f i MdiVC6.obj
 0001:0001a2e0       ??_ECNewTypeDlg@@UAEPAXI@Z 0041b2e0 f i MdiVC6.obj
 0001:0001a300       ??1CNewTypeDlg@@UAE@XZ     0041b300 f i MdiVC6.obj
 0001:0001a350       ?_ProcessWindowMessage@CNewTypeDlg@@UAEHPAUHWND__@@IIJAAJ@Z 0041b350 f i MdiVC6.obj
 0001:0001a400       ?AddDocTemplate@CDocManager@@QAEXPAVCDocTemplate@@@Z 0041b400 f i MdiVC6.obj
 0001:0001a440       ?GetFirstDocTemplatePosition@CDocManager@@UBEPAU__POSITION@@XZ 0041b440 f i MdiVC6.obj
 0001:0001a450       ?GetNextDoc@CMultiDocTemplate@@UBEPAVCDocument@@AAPAU__POSITION@@@Z 0041b450 f i MdiVC6.obj
 0001:0001a450       ?GetNextDocTemplate@CDocManager@@UBEPAVCDocTemplate@@AAPAU__POSITION@@@Z 0041b450 f i MdiVC6.obj
 0001:0001a470       ?AddDocument@CMultiDocTemplate@@UAEXPAVCDocument@@@Z 0041b470 f i MdiVC6.obj
 0001:0001a4b0       ?GetFirstDocPosition@CMultiDocTemplate@@UBEPAU__POSITION@@XZ 0041b4b0 f i MdiVC6.obj
 0001:0001a4c0       ?LoadTemplate@CMultiDocTemplate@@UAEXXZ 0041b4c0 f i MdiVC6.obj
 0001:0001a630       ?OpenDocumentFile@CMultiDocTemplate@@UAEPAVCDocument@@PBDH@Z 0041b630 f i MdiVC6.obj
 0001:0001a650       ?RemoveDocument@CMultiDocTemplate@@UAEXPAVCDocument@@@Z 0041b650 f i MdiVC6.obj
 0001:0001a6d0       ?SetDefaultTitle@CMultiDocTemplate@@UAEXPAVCDocument@@@Z 0041b6d0 f i MdiVC6.obj
 0001:0001a910       ?ConcatCopy@CString@WTL@@IAEHHPBDH0@Z 0041b910 f i MdiVC6.obj
 0001:0001a9c0       ??_GCMultiDocTemplate@@UAEPAXI@Z 0041b9c0 f i MdiVC6.obj
 0001:0001a9c0       ??_ECMultiDocTemplate@@UAEPAXI@Z 0041b9c0 f i MdiVC6.obj
 0001:0001a9e0       ??1CMultiDocTemplate@@UAE@XZ 0041b9e0 f i MdiVC6.obj
 0001:0001aa90       ??0CWinThread@@QAE@P6AIPAX@Z0@Z 0041ba90 f i MdiVC6.obj
 0001:0001aac0       ??1CWinThread@@QAE@XZ      0041bac0 f i MdiVC6.obj
 0001:0001aae0       ?OnAppExit@CWinApp@@QAEXXZ 0041bae0 f i MdiVC6.obj
 0001:0001ab00       ?OnFilePrintSetup@CWinApp@@QAEXXZ 0041bb00 f i MdiVC6.obj
 0001:0001acb0       ??0?$CWindowImplBaseT@VCWindow@ATL@@V?$CWinTraits@$0FGAAAAAA@$0A@@2@@ATL@@QAE@XZ 0041bcb0 f i MdiVC6.obj
 0001:0001acd0       ?GetWindowProc@?$CWindowImplBaseT@VCWindow@ATL@@V?$CWinTraits@$0FGAAAAAA@$0A@@2@@ATL@@UAEP6GJPAUHWND__@@IIJ@ZXZ 0041bcd0 f i MdiVC6.obj
 0001:0001ace0       ?DoModal@?$CPrintDialogImpl@VCPrintDialog@WTL@@@WTL@@QAEJPAUHWND__@@@Z 0041bce0 f i MdiVC6.obj
 0001:0001ad50       ?ProcessWindowMessage@?$CPrintDialogImpl@VCPrintDialog@WTL@@@WTL@@UAEHPAUHWND__@@IIJAAJK@Z 0041bd50 f i MdiVC6.obj
 0001:0001adb0       ?AtlModuleAddCreateWndData@ATL@@YGXPAU_ATL_MODULE@1@PAU_AtlCreateWndData@1@PAX@Z 0041bdb0 f i MdiVC6.obj
 0001:0001adf0       ?OnPrintSetup@?$CPrintDialogImpl@VCPrintDialog@WTL@@@WTL@@QAEJGGPAUHWND__@@AAH@Z 0041bdf0 f i MdiVC6.obj
 0001:0001ae90       ?HookProc@CCommonDialogImplBase@WTL@@SGKPAUHWND__@@IIJ@Z 0041be90 f i MdiVC6.obj
 0001:0001af80       ?WindowProc@?$CWindowImplBaseT@VCWindow@ATL@@V?$CWinTraits@$0FGAAAAAA@$0A@@2@@ATL@@SGJPAUHWND__@@IIJ@Z 0041bf80 f i MdiVC6.obj
 0001:0001b080       ?AfxGlobalFree@CAfx@@SAXPAX@Z 0041c080 f i MdiVC6.obj
 0001:0001b0c0       ?_WindowProc@CCommonWnd@@UAEHPAUHWND__@@IIJAAJ@Z 0041c0c0 f i MdiVC6.obj
 0001:0001b260       ?_ProcessWindowMessage@CPrintDialogMTL@@UAEHPAUHWND__@@IIJAAJ@Z 0041c260 f i MdiVC6.obj
 0001:0001b260       ?_ProcessWindowMessage@CCmdTarget@@UAEHPAUHWND__@@IIJAAJ@Z 0041c260 f i MdiVC6.obj
 0001:0001b270       ?OnOpenRecentFile@CWinApp@@QAEHI@Z 0041c270 f i MdiVC6.obj
 0001:0001b2d0       ?OnUpdateRecentFileMenu@CWinApp@@QAEXPAVCCmdUI@@@Z 0041c2d0 f i MdiVC6.obj
 0001:0001b300       ?OnFileNew@CWinApp@@UAEXXZ 0041c300 f i MdiVC6.obj
 0001:0001b310       ?OnFileOpen@CWinApp@@UAEXXZ 0041c310 f i MdiVC6.obj
 0001:0001b320       ?OnIdle@CWinApp@@UAEHH@Z   0041c320 f i MdiVC6.obj
 0001:0001b470       ?RemoveOwner@?$CHandleHashList@PAUHWND__@@VCWMHnd@@PAU1@$0BB@@@QAEHQAUHWND__@@@Z 0041c470 f i MdiVC6.obj
 0001:0001b500       ?RemoveOwner@?$CHandleList@PAXVCGdiObject@@PAUHWND__@@@@QAEHQAUHWND__@@@Z 0041c500 f i MdiVC6.obj
 0001:0001b500       ?RemoveOwner@?$CHandleList@PAXXPAUHWND__@@@@QAEHQAUHWND__@@@Z 0041c500 f i MdiVC6.obj
 0001:0001b500       ?RemoveOwner@?$CHandleList@PAUHMENU__@@VCMenuMTL@@PAUHWND__@@@@QAEHQAUHWND__@@@Z 0041c500 f i MdiVC6.obj
 0001:0001b500       ?RemoveOwner@?$CHandleList@PAUHDC__@@VCDCMTL@@PAUHWND__@@@@QAEHQAUHWND__@@@Z 0041c500 f i MdiVC6.obj
 0001:0001b570       ?ExitInstance@CWinApp@@UAEHXZ 0041c570 f i MdiVC6.obj
 0001:0001b5e0       ?OpenDocumentFile@CWinApp@@UAEPAVCDocument@@PBD@Z 0041c5e0 f i MdiVC6.obj
 0001:0001b830       ?PreTranslateMessage@CWinApp@@UAEHPAUtagMSG@@@Z 0041c830 f i MdiVC6.obj
 0001:0001b8d0       ?ProcessShellCommand@CWinApp@@QAEHAAVCCommandLineInfo@@@Z 0041c8d0 f i MdiVC6.obj
 0001:0001bb80       ?LoadStringA@CString@WTL@@QAEHI@Z 0041cb80 f i MdiVC6.obj
 0001:0001bda0       ??HWTL@@YG?AVCString@0@ABV10@PBD@Z 0041cda0 f i MdiVC6.obj
 0001:0001bf30       ?AfxDelRegTreeHelper@CAfx@@SAJPAUHKEY__@@ABVCString@WTL@@PAVCAtlTransactionManager@@@Z 0041cf30 f i MdiVC6.obj
 0001:0001c190       ?PumpMessage@CWinApp@@UAEHXZ 0041d190 f i MdiVC6.obj
 0001:0001c1e0       ?Run@CWinApp@@UAEHXZ       0041d1e0 f i MdiVC6.obj
 0001:0001c280       ?UpdatePrinterSelection@CWinApp@@QAEXH@Z 0041d280 f i MdiVC6.obj
 0001:0001c620       ??0CPrintDialog@WTL@@QAE@HKPAUHWND__@@@Z 0041d620 f i MdiVC6.obj
 0001:0001c6b0       ?GetDeviceName@CPrintDialogMTL@@QBE?AVCString@WTL@@XZ 0041d6b0 f i MdiVC6.obj
 0001:0001c800       ?GetDriverName@CPrintDialogMTL@@QBE?AVCString@WTL@@XZ 0041d800 f i MdiVC6.obj
 0001:0001c950       ?GetPortName@CPrintDialogMTL@@QBE?AVCString@WTL@@XZ 0041d950 f i MdiVC6.obj
 0001:0001caa0       ??1CModuleThreadState@@QAE@XZ 0041daa0 f i MdiVC6.obj
 0001:0001cae0       ??1CCommandLineInfo@@QAE@XZ 0041dae0 f i MdiVC6.obj
 0001:0001cbe0       ?_ProcessWindowMessage@CWinApp@@UAEHPAUHWND__@@IIJAAJ@Z 0041dbe0 f i MdiVC6.obj
 0001:0001ccd0       ?OnCmdMsg@CDialog@@UAEHIHPAXPAUAFX_CMDHANDLERINFO@@@Z 0041dcd0 f i MdiVC6.obj
 0001:0001ce70       ?OnFileOpen@CDocManager@@UAEXXZ 0041de70 f i MdiVC6.obj
 0001:0001d0c0       ??YCString@WTL@@QAEAAV01@PBD@Z 0041e0c0 f i MdiVC6.obj
 0001:0001d1e0       ??0CFileDialogMTL@@QAE@HPBD0K0PAVCWnd@@KH@Z 0041e1e0 f i MdiVC6.obj
 0001:0001d430       ?OnOK@CCommonDialog@@UAEXXZ 0041e430 f i MdiVC6.obj
 0001:0001d490       ??_ECCommonDialog@@UAEPAXI@Z 0041e490 f i MdiVC6.obj
 0001:0001d490       ??_GCCommonDialog@@UAEPAXI@Z 0041e490 f i MdiVC6.obj
 0001:0001d4b0       ??1CCommonDialog@@UAE@XZ   0041e4b0 f i MdiVC6.obj
 0001:0001d500       ??1CFileDialogMTL@@UAE@XZ  0041e500 f i MdiVC6.obj
 0001:0001d5a0       ?OnInitDone@CFileDialogMTL@@UAEXXZ 0041e5a0 f i MdiVC6.obj
 0001:0001d730       ?OnLBSelChangedNotify@CFileDialogMTL@@UAEXIII@Z 0041e730 f i MdiVC6.obj
 0001:0001d740       ?OnNotify@CFileDialogMTL@@UAEHIJPAJ@Z 0041e740 f i MdiVC6.obj
 0001:0001d910       ?DoModal@CFileDialogMTL@@UAEJXZ 0041e910 f i MdiVC6.obj
 0001:0001da90       ??_GCFileDialogMTL@@UAEPAXI@Z 0041ea90 f i MdiVC6.obj
 0001:0001da90       ??_ECFileDialogMTL@@UAEPAXI@Z 0041ea90 f i MdiVC6.obj
 0001:0001dab0       ?_AfxAppendFilterSuffix@@YAXAAVCString@WTL@@AAUtagOFNA@@PAVCDocTemplate@@PAV12@@Z 0041eab0 f i MdiVC6.obj
 0001:0001dd90       ?Mid@CString@WTL@@QBE?AV12@H@Z 0041ed90 f i MdiVC6.obj
 0001:0001ddc0       ?Mid@CString@WTL@@QBE?AV12@HH@Z 0041edc0 f i MdiVC6.obj
 0001:0001df40       ?Tokenize@@YA?AVCString@WTL@@AAV12@PADAAH@Z 0041ef40 f i MdiVC6.obj
 0001:0001df70       ?Tokenize@CAfx@@SA?AVCString@WTL@@AAV23@PADAAH@Z 0041ef70 f i MdiVC6.obj
 0001:0001e090       ?_AfxCommDlgProc@CCommonDialog@@SGKPAUHWND__@@IIJ@Z 0041f090 f i MdiVC6.obj
 0001:0001e2e0       ?CenterWindow@CWindow@ATL@@QAEHPAUHWND__@@@Z 0041f2e0 f i MdiVC6.obj
 0001:0001e470       ?AfxResolveShortcut@@YAHPAVCWMHnd@@PBDPADH@Z 0041f470 f i MdiVC6.obj
 0001:0001e6f0       ?GetClassObject@AFX_COM@@QAEJABU_GUID@@0PAPAX@Z 0041f6f0 f i MdiVC6.obj
 0001:0001e950       ?AfxGetInProcServer@CAfx@@SAHPBDAAVCString@WTL@@@Z 0041f950 f i MdiVC6.obj
 0001:0001eb60       ?AfxStringFromCLSID@@YA?AVCString@WTL@@ABU_GUID@@@Z 0041fb60 f i MdiVC6.obj
 0001:0001eb90       ?AfxStringFromCLSID@CAfx@@SA?AVCString@WTL@@ABU_GUID@@@Z 0041fb90 f i MdiVC6.obj
 0001:0001ed80       ?OpenDocumentFile@CMultiDocTemplate@@UAEPAVCDocument@@PBDHH@Z 0041fd80 f i MdiVC6.obj
 0001:0001f030       ?ShowAppMessageBox@CWinApp@@SAHPAV1@PBDII@Z 00420030 f i MdiVC6.obj
 0001:0001f170       ??1CWaitCursor@@QAE@XZ     00420170 f i MdiVC6.obj
 0001:0001f1c0       ?ReadList@CRecentFileList@@UAEXXZ 004201c0 f i MdiVC6.obj
 0001:0001f360       ?GetProfileStringA@CWinApp@@QAE?AVCString@WTL@@PBD00@Z 00420360 f i MdiVC6.obj
 0001:0001f540       ?UpdateMenu@CRecentFileList@@UAEXPAVCCmdUI@@@Z 00420540 f i MdiVC6.obj
 0001:0001f9c0       ??HWTL@@YG?AVCString@0@ABV10@0@Z 004209c0 f i MdiVC6.obj
 0001:0001fb50       ?WriteList@CRecentFileList@@UAEXXZ 00420b50 f i MdiVC6.obj
 0001:0001fbe0       ?RunModalLoop@CWnd@@QAEHK@Z 00420be0 f i MdiVC6.obj
 0001:0001fd80       ?CreateObject@CMdiVC6Doc@@SAPAVCObject@@XZ 00420d80 f   MdiVC6Doc.obj
 0001:0001fde0       ?GetRuntimeClass@CMdiVC6Doc@@UBEPAUCRuntimeClass@@XZ 00420de0 f   MdiVC6Doc.obj
 0001:0001fdf0       ??0CMdiVC6Doc@@IAE@XZ      00420df0 f   MdiVC6Doc.obj
 0001:0001fe30       ?_ProcessWindowMessage@CMdiVC6Doc@@UAEHPAUHWND__@@IIJAAJ@Z 00420e30 f i MdiVC6Doc.obj
 0001:0001ff90       ??_GCMdiVC6Doc@@UAEPAXI@Z  00420f90 f i MdiVC6Doc.obj
 0001:0001ff90       ??_ECMdiVC6Doc@@UAEPAXI@Z  00420f90 f i MdiVC6Doc.obj
 0001:0001ffb0       ??1CMdiVC6Doc@@UAE@XZ      00420fb0 f   MdiVC6Doc.obj
 0001:00020090       ?OnNewDocument@CMdiVC6Doc@@UAEHXZ 00421090 f   MdiVC6Doc.obj
 0001:000201b0       ?GetFirstViewPosition@CDocument@@UBEPAU__POSITION@@XZ 004211b0 f i MdiVC6Doc.obj
 0001:000201c0       ?GetNextView@CDocument@@UBEPAVCView@@AAPAU__POSITION@@@Z 004211c0 f i MdiVC6Doc.obj
 0001:000201e0       ?ReleaseFile@CDocument@@UAEXPAVCFile@@H@Z 004211e0 f i MdiVC6Doc.obj
 0001:00020220       ??1CFile@@QAE@XZ           00421220 f i MdiVC6Doc.obj
 0001:000203c0       ?OsErrorToException@CFileException@@SAHJ@Z 004213c0 f i MdiVC6Doc.obj
 0001:00020570       ?Abort@CFile@@UAEXXZ       00421570 f i MdiVC6Doc.obj
 0001:00020670       ?Close@CFile@@UAEXXZ       00421670 f i MdiVC6Doc.obj
 0001:00020770       ?ThrowOsError@CFileException@@SAXJPBD@Z 00421770 f i MdiVC6Doc.obj
 0001:00020a30       ?GetFilePath@CFile@@UBE?AVCString@WTL@@XZ 00421a30 f i MdiVC6Doc.obj
 0001:00020c90       ?GetCException@CAfx@@SAAAVCException@@H@Z 00421c90 f i MdiVC6Doc.obj
 0001:00020da0       ??0CTime@@QAE@ABU_SYSTEMTIME@@H@Z 00421da0 f i MdiVC6Doc.obj
 0001:00020f30       ??0CTime@@QAE@ABU_FILETIME@@H@Z 00421f30 f i MdiVC6Doc.obj
 0001:000211b0       ??0CSimpleException@@QAE@HI@Z 004221b0 f i MdiVC6Doc.obj
 0001:000211d0       ??0CTime@@QAE@HHHHHHH@Z    004221d0 f i MdiVC6Doc.obj
 0001:00021320       ?IsValidFILETIME@CTime@@SAHABU_FILETIME@@@Z 00422320 f i MdiVC6Doc.obj
 0001:00021360       ?GetLength@CFile@@UBE_KXZ  00422360 f i MdiVC6Doc.obj
 0001:000213b0       ?Open@CFile@@UAEHPBDIPAVCFileException@@@Z 004223b0 f i MdiVC6Doc.obj
 0001:000216d0       ?Read@CFile@@UAEIPAXI@Z    004226d0 f i MdiVC6Doc.obj
 0001:00021720       ?Write@CFile@@UAEXPBXI@Z   00422720 f i MdiVC6Doc.obj
 0001:00021780       ?AfxThrowFileException@CFile@@SAXHJPBD@Z 00422780 f i MdiVC6Doc.obj
 0001:000218c0       ?Seek@CFile@@UAE_K_JI@Z    004228c0 f i MdiVC6Doc.obj
 0001:00021920       ?SetModifiedFlag@CDocument@@UAEXH@Z 00422920 f i MdiVC6Doc.obj
 0001:00021930       ?SetTitle@CDocument@@UAEXPBD@Z 00422930 f i MdiVC6Doc.obj
 0001:00021be0       ?CDocumentDestruct@CDocument@@QAEXXZ 00422be0 f i MdiVC6Doc.obj
 0001:00021c30       ?OnCmdMsg@CDocument@@UAEHIHPAXPAUAFX_CMDHANDLERINFO@@@Z 00422c30 f i MdiVC6Doc.obj
 0001:00021d70       ?OnOpenDocument@CDocument@@UAEHPBD@Z 00422d70 f i MdiVC6Doc.obj
 0001:00022030       ??4CString@WTL@@QAEAAV01@ABV01@@Z 00423030 f i MdiVC6Doc.obj
 0001:00022100       ?Flush@CArchive@@QAEXXZ    00423100 f i MdiVC6Doc.obj
 0001:00022150       ??_GCFile@@QAEPAXI@Z       00423150 f i MdiVC6Doc.obj
 0001:00022170       ?DoWaitCursor@CWinApp@@QAEXH@Z 00423170 f i MdiVC6Doc.obj
 0001:000221e0       ??1CArchive@@QAE@XZ        004231e0 f i MdiVC6Doc.obj
 0001:00022220       ?OnSaveDocument@CDocument@@UAEHPBD@Z 00423220 f i MdiVC6Doc.obj
 0001:00022460       ?DoSave@CDocument@@UAEHPBDH@Z 00423460 f i MdiVC6Doc.obj
 0001:000227d0       ?DoPromptFileName@CWinApp@@QAEHAAVCString@WTL@@IKHPAVCDocTemplate@@@Z 004237d0 f i MdiVC6Doc.obj
 0001:00022800       ?DoPromptFileName@CDocManager@@QAEHAAVCString@WTL@@IKHPAVCDocTemplate@@@Z 00423800 f i MdiVC6Doc.obj
 0001:00022d00       ?SetAt@CString@WTL@@QAEXHD@Z 00423d00 f i MdiVC6Doc.obj
 0001:00022db0       ??YCString@WTL@@QAEAAV01@ABV01@@Z 00423db0 f i MdiVC6Doc.obj
 0001:00022ec0       ??0CCommonDialog@@QAE@PAVCWnd@@@Z 00423ec0 f i MdiVC6Doc.obj
 0001:00022f00       ?SaveModified@CDocument@@UAEHXZ 00423f00 f i MdiVC6Doc.obj
 0001:00023220       ?AfxFormatStrings@CAfx@@SAXAAVCString@WTL@@IPBQBDH@Z 00424220 f i MdiVC6Doc.obj
 0001:000233e0       ?AfxFormatStrings@CAfx@@SAXAAVCString@WTL@@PBDPBQBDH@Z 004243e0 f i MdiVC6Doc.obj
 0001:000236b0       ?AfxGetFileTitle@CAfx@@SAIPBDPADI@Z 004246b0 f i MdiVC6Doc.obj
 0001:00023740       ?SetPathName@CDocument@@UAEXPBDH@Z 00424740 f i MdiVC6Doc.obj
 0001:00023880       ?CreateObject@CMdiVC6View@@SAPAVCObject@@XZ 00424880 f   MdiVC6View.obj
 0001:000238e0       ?GetRuntimeClass@CMdiVC6View@@UBEPAUCRuntimeClass@@XZ 004248e0 f   MdiVC6View.obj
 0001:000238f0       ??0CMdiVC6View@@IAE@XZ     004248f0 f   MdiVC6View.obj
 0001:00023920       ?_ProcessWindowMessage@CMdiVC6View@@UAEHPAUHWND__@@IIJAAJ@Z 00424920 f i MdiVC6View.obj
 0001:000239f0       ??_ECMdiVC6View@@UAEPAXI@Z 004249f0 f i MdiVC6View.obj
 0001:000239f0       ??_GCMdiVC6View@@UAEPAXI@Z 004249f0 f i MdiVC6View.obj
 0001:00023a10       ??1CMdiVC6View@@UAE@XZ     00424a10 f   MdiVC6View.obj
 0001:00023a80       ?PreCreateWindow@CMdiVC6View@@UAEHAAUtagCREATESTRUCTA@@@Z 00424a80 f   MdiVC6View.obj
 0001:00023ad0       ?OnDraw@CMdiVC6View@@UAEXPAVCDCMTL@@@Z 00424ad0 f   MdiVC6View.obj
 0001:00023ad0       ?Serialize@CMdiVC6Doc@@UAEXAAVCArchive@@@Z 00424ad0 f   MdiVC6View.obj
 0001:00023ad0       ?DoDataExchange@CAboutDlg@@MAEXPAVCDataExchange@@@Z 00424ad0 f   MdiVC6View.obj
 0001:00023ae0       ?OnPreparePrinting@CMdiVC6View@@MAEHPAUCPrintInfo@@@Z 00424ae0 f   MdiVC6View.obj
 0001:00023d30       ?OnBeginPrinting@CMdiVC6View@@MAEXPAVCDCMTL@@PAUCPrintInfo@@@Z 00424d30 f   MdiVC6View.obj
 0001:00023d30       ?OnEndPrinting@CMdiVC6View@@MAEXPAVCDCMTL@@PAUCPrintInfo@@@Z 00424d30 f   MdiVC6View.obj
 0001:00023dc0       ?OnBeginPrinting@CView@@UAEXPAVCDCMTL@@PAUCPrintInfo@@@Z 00424dc0 f i MdiVC6View.obj
 0001:00023dc0       ?OnEndPrinting@CView@@UAEXPAVCDCMTL@@PAUCPrintInfo@@@Z 00424dc0 f i MdiVC6View.obj
 0001:00023dc0       ?OnActivateFrame@CView@@UAEXIPAVCFrameWnd@@@Z 00424dc0 f i MdiVC6View.obj
 0001:00023dc0       ?OnUpdateCmdUI@CDockBar@@UAEXPAVCFrameWnd@@H@Z 00424dc0 f i MdiVC6View.obj
 0001:00023dc0       ?OnBarStyleChange@CControlBar@@UAEXKK@Z 00424dc0 f i MdiVC6View.obj
 0001:00023dd0       ?OnActivateView@CView@@UAEXHPAV1@0@Z 00424dd0 f i MdiVC6View.obj
 0001:00023ec0       ?OnInitialUpdate@CView@@UAEXXZ 00424ec0 f i MdiVC6View.obj
 0001:00023ed0       ?OnPrint@CView@@UAEXPAVCDCMTL@@PAUCPrintInfo@@@Z 00424ed0 f i MdiVC6View.obj
 0001:00023ee0       ?OnPrepareDC@CView@@UAEXPAVCDCMTL@@PAUCPrintInfo@@@Z 00424ee0 f i MdiVC6View.obj
 0001:00023f10       ?OnPreparePrinting@CView@@UAEHPAUCPrintInfo@@@Z 00424f10 f i MdiVC6View.obj
 0001:00023f20       ?OnScroll@CView@@UAEHIIH@Z 00424f20 f i MdiVC6View.obj
 0001:00023f20       ?OnScrollBy@CView@@UAEHVCSize@WTL@@H@Z 00424f20 f i MdiVC6View.obj
 0001:00023f30       ?OnUpdate@CView@@UAEXPAV1@JPAVCObject@@@Z 00424f30 f i MdiVC6View.obj
 0001:00023f50       ?PostNcDestroy@CFrameWnd@@UAEXXZ 00424f50 f i MdiVC6View.obj
 0001:00023f50       ?PostNcDestroy@CView@@UAEXXZ 00424f50 f i MdiVC6View.obj
 0001:00023f60       ?PreCreateWindow@CView@@UAEHAAUtagCREATESTRUCTA@@@Z 00424f60 f i MdiVC6View.obj
 0001:00023fb0       ??_GCView@@UAEPAXI@Z       00424fb0 f i MdiVC6View.obj
 0001:00023fb0       ??_ECView@@UAEPAXI@Z       00424fb0 f i MdiVC6View.obj
 0001:00023fd0       ??1CView@@UAE@XZ           00424fd0 f i MdiVC6View.obj
 0001:00024040       ?_ProcessWindowMessage@CView@@UAEHPAUHWND__@@IIJAAJ@Z 00425040 f i MdiVC6View.obj
 0001:000243a0       ??_9@$BJA@AE               004253a0 f i MdiVC6View.obj
 0001:000243b0       ??0CPaintDCMTL@@QAE@PAVCWMHnd@@@Z 004253b0 f i MdiVC6View.obj
 0001:00024410       ??1CPaintDCMTL@@UAE@XZ     00425410 f i MdiVC6View.obj
 0001:00024470       ??_GCPaintDCMTL@@UAEPAXI@Z 00425470 f i MdiVC6View.obj
 0001:00024470       ??_ECPaintDCMTL@@UAEPAXI@Z 00425470 f i MdiVC6View.obj
 0001:00024490       ?SetActiveView@CFrameWnd@@QAEXPAVCView@@H@Z 00425490 f i MdiVC6View.obj
 0001:000244e0       ?OnEndPrintPreview@CView@@UAEXPAVCDCMTL@@PAUCPrintInfo@@UtagPOINT@@PAVCPreviewView@@@Z 004254e0 f i MdiVC6View.obj
 0001:000246a0       ?OnFilePrintPreview@CView@@QAEXXZ 004256a0 f i MdiVC6View.obj
 0001:000249a0       ??0CRect@WTL@@QAE@HHHH@Z   004259a0 f i MdiVC6View.obj
 0001:000249c0       ?CreateObject@CRuntimeClass@@QAEPAVCObject@@XZ 004259c0 f i MdiVC6View.obj
 0001:000249d0       ??0CDialogBar@@QAE@XZ      004259d0 f i MdiVC6View.obj
 0001:00024a80       ?OnUpdateCmdUI@CDialogBar@@UAEXPAVCFrameWnd@@H@Z 00425a80 f i MdiVC6View.obj
 0001:00024aa0       ?Create@CDialogBar@@UAEHPAVCWnd@@III@Z 00425aa0 f i MdiVC6View.obj
 0001:00024ad0       ?Create@CDialogBar@@UAEHPAVCWnd@@PBDII@Z 00425ad0 f i MdiVC6View.obj
 0001:00024d00       ?HookWindowCreate@CWnd@@SAHPAV1@G@Z 00425d00 f i MdiVC6View.obj
 0001:00024d40       ?UnhookWindowCreate@CWnd@@SAHXZ 00425d40 f i MdiVC6View.obj
 0001:00024d60       ?CalcFixedLayout@CDialogBar@@UAE?AVCSize@WTL@@HH@Z 00425d60 f i MdiVC6View.obj
 0001:00024db0       ??_ECDialogBar@@UAEPAXI@Z  00425db0 f i MdiVC6View.obj
 0001:00024db0       ??_GCDialogBar@@UAEPAXI@Z  00425db0 f i MdiVC6View.obj
 0001:00024dd0       ??1CDialogBar@@UAE@XZ      00425dd0 f i MdiVC6View.obj
 0001:00024f10       ?OnPreviewClose@CPreviewView@@QAEXXZ 00425f10 f i MdiVC6View.obj
 0001:00025000       ?SetPrintView@CPreviewView@@QAEHPAVCView@@@Z 00426000 f i MdiVC6View.obj
 0001:000254a0       ?Attach@?$CDCT@$00@WTL@@QAEXPAUHDC__@@@Z 004264a0 f i MdiVC6View.obj
 0001:000254d0       ?SetMapMode@CDCMTL@@QAEHH@Z 004264d0 f i MdiVC6View.obj
 0001:00025500       ?SaveDC@CPreviewDC@@UAEHXZ 00426500 f i MdiVC6View.obj
 0001:00025560       ?RestoreDC@CPreviewDC@@UAEHH@Z 00426560 f i MdiVC6View.obj
 0001:000257a0       ?MirrorFont@CPreviewDC@@QAEXXZ 004267a0 f i MdiVC6View.obj
 0001:000259b0       ?TextOutA@CPreviewDC@@UAEHHHPBDH@Z 004269b0 f i MdiVC6View.obj
 0001:000259e0       ?ExtTextOutA@CPreviewDC@@QAEHHHIPBUtagRECT@@PBDIPAH@Z 004269e0 f i MdiVC6View.obj
 0001:00025be0       ??1?$CAlloc@HABH@@QAE@XZ   00426be0 f i MdiVC6View.obj
 0001:00025be0       ??1?$CAlloc@DABD@@QAE@XZ   00426be0 f i MdiVC6View.obj
 0001:00025be0       ?Free@?$CAlloc@HABH@@QAEXXZ 00426be0 f i MdiVC6View.obj
 0001:00025be0       ?Free@?$CAlloc@DABD@@QAEXXZ 00426be0 f i MdiVC6View.obj
 0001:00025c10       ?ComputeDeltas@CPreviewDC@@QAE?AVCSize@WTL@@AAHPBDAAIHIPAHHPAD30@Z 00426c10 f i MdiVC6View.obj
 0001:00026030       ??_GCPreviewDC@@UAEPAXI@Z  00427030 f i MdiVC6View.obj
 0001:00026030       ??_ECPreviewDC@@UAEPAXI@Z  00427030 f i MdiVC6View.obj
 0001:00026050       ??1CPreviewDC@@UAE@XZ      00427050 f i MdiVC6View.obj
 0001:000260c0       ??0CWindowDCMTL@@QAE@PAVCWMHnd@@@Z 004270c0 f i MdiVC6View.obj
 0001:00026120       ??0CPrintDialogMTL@@QAE@HKPAVCWnd@@@Z 00427120 f i MdiVC6View.obj
 0001:000261d0       ?UpdateBars@CScrollView@@QAEXXZ 004271d0 f i MdiVC6View.obj
 0001:000265a0       ??GCSize@WTL@@QBE?AV01@UtagSIZE@@@Z 004275a0 f i MdiVC6View.obj
 0001:000265c0       ?ScrollWindow@CWMHnd@@QAEXHHPBUtagRECT@@0@Z 004275c0 f i MdiVC6View.obj
 0001:000266a0       ?SetScrollPos@CWMHnd@@QAEHHHH@Z 004276a0 f i MdiVC6View.obj
 0001:000266e0       ?GetScrollPos@CWMHnd@@QBEHH@Z 004276e0 f i MdiVC6View.obj
 0001:00026720       ?SetScrollRange@CWMHnd@@QAEXHHHH@Z 00427720 f i MdiVC6View.obj
 0001:00026780       ?EnableScrollBarCtrl@CWMHnd@@QAEXHH@Z 00427780 f i MdiVC6View.obj
 0001:000267d0       ?SetScrollInfo@CWMHnd@@QAEHHPAUtagSCROLLINFO@@H@Z 004277d0 f i MdiVC6View.obj
 0001:00026820       ?GetDeviceScrollPosition@CScrollView@@QBE?AVCPoint@WTL@@XZ 00427820 f i MdiVC6View.obj
 0001:00026890       ?GetScrollBarSizes@CScrollView@@QAEXAAVCSize@WTL@@@Z 00427890 f i MdiVC6View.obj
 0001:00026900       ?SetCurrentPage@CPreviewView@@QAEXIH@Z 00427900 f i MdiVC6View.obj
 0001:000269c0       ?_AfxPreviewCloseProc@CPrintPreviewState@@SGHPAVCFrameWnd@@@Z 004279c0 f i MdiVC6View.obj
 0001:00026ad0       ?OnChangedViewList@CDocument@@QAEXXZ 00427ad0 f i MdiVC6View.obj
 0001:00026d50       ?CViewDestruct@CView@@QAEXXZ 00427d50 f i MdiVC6View.obj
 0001:00026ea0       ?OnCmdMsg@CView@@UAEHIHPAXPAUAFX_CMDHANDLERINFO@@@Z 00427ea0 f i MdiVC6View.obj
 0001:00026fd0       ?DoPrintDialog@CWinApp@@QAEJPAVCPrintDialogMTL@@@Z 00427fd0 f i MdiVC6View.obj
 0001:000271b0       ?FromHandle@CDCMTL@@SAPAV1@PAUHDC__@@PAV1@PAUHWND__@@P6APAXPAX3@Z@Z 004281b0 f i MdiVC6View.obj
 0001:000271d0       ?OnFilePrint@CView@@QAEXXZ 004281d0 f i MdiVC6View.obj
 0001:00028090       ?Attach@?$CHandleWrapper@VCDCMTL@@PAUHDC__@@V?$CDCT@$00@WTL@@@@QAEHPAUHDC__@@@Z 00429090 f i MdiVC6View.obj
 0001:000280e0       ?Detach@?$CHandleWrapper@VCDCMTL@@PAUHDC__@@V?$CDCT@$00@WTL@@@@QAEPAUHDC__@@XZ 004290e0 f i MdiVC6View.obj
 0001:00028100       ?SetRect@CRect@WTL@@QAEXHHHH@Z 00429100 f i MdiVC6View.obj
 0001:00028120       ?_AfxAbortProc@CPrintingDialog@@SGHPAUHDC__@@H@Z 00429120 f i MdiVC6View.obj
 0001:00028180       ??0CPrintingDialog@@QAE@PAVCWnd@@@Z 00429180 f i MdiVC6View.obj
 0001:00028200       ?OnInitDialog@CPrintingDialog@@UAEHXZ 00429200 f i MdiVC6View.obj
 0001:00028450       ?OnCancel@CPrintingDialog@@UAEXXZ 00429450 f i MdiVC6View.obj
 0001:00028480       ??_ECPrintingDialog@@UAEPAXI@Z 00429480 f i MdiVC6View.obj
 0001:00028480       ??_GCPrintingDialog@@UAEPAXI@Z 00429480 f i MdiVC6View.obj
 0001:000284a0       ??1CPrintingDialog@@UAE@XZ 004294a0 f i MdiVC6View.obj
 0001:000284f0       ?GetPathName@CFileDialogMTL@@QAE?AVCString@WTL@@XZ 004294f0 f i MdiVC6View.obj
 0001:000287c0       ??0CString@WTL@@QAE@PBD@Z  004297c0 f i MdiVC6View.obj
 0001:00028930       ??1CPrintInfo@@QAE@XZ      00429930 f i MdiVC6View.obj
 0001:000289d0       ??_GCPrintDialogMTL@@QAEPAXI@Z 004299d0 f i MdiVC6View.obj
 0001:00028be0       ?GetRuntimeClass@CCmdTarget@@UBEPAUCRuntimeClass@@XZ 00429be0 f   StdAfx.obj
 0001:00028bf0       ?CreateObject@CWnd@@SAPAVCObject@@XZ 00429bf0 f   StdAfx.obj
 0001:00028c30       ?GetRuntimeClass@CWnd@@UBEPAUCRuntimeClass@@XZ 00429c30 f   StdAfx.obj
 0001:00028c40       ?GetRuntimeClass@CDialog@@UBEPAUCRuntimeClass@@XZ 00429c40 f   StdAfx.obj
 0001:00028c50       ?CreateObject@CFrameWnd@@SAPAVCObject@@XZ 00429c50 f   StdAfx.obj
 0001:00028da0       ?GetRuntimeClass@CFrameWnd@@UBEPAUCRuntimeClass@@XZ 00429da0 f   StdAfx.obj
 0001:00028db0       ?GetRuntimeClass@CView@@UBEPAUCRuntimeClass@@XZ 00429db0 f   StdAfx.obj
 0001:00028dc0       ?GetRuntimeClass@CMultiDocTemplate@@UBEPAUCRuntimeClass@@XZ 00429dc0 f   StdAfx.obj
 0001:00028dd0       ?GetRuntimeClass@CControlBar@@UBEPAUCRuntimeClass@@XZ 00429dd0 f   StdAfx.obj
 0001:00028de0       ?GetRuntimeClass@CDockBar@@UBEPAUCRuntimeClass@@XZ 00429de0 f   StdAfx.obj
 0001:00028df0       ?GetRuntimeClass@CToolBar@@UBEPAUCRuntimeClass@@XZ 00429df0 f   StdAfx.obj
 0001:00028e00       ?CreateObject@CMiniFrameWnd@@SAPAVCObject@@XZ 00429e00 f   StdAfx.obj
 0001:00028f40       ?GetRuntimeClass@CMiniFrameWnd@@UBEPAUCRuntimeClass@@XZ 00429f40 f   StdAfx.obj
 0001:00028f50       ?CreateObject@CMiniDockFrameWnd@@SAPAVCObject@@XZ 00429f50 f   StdAfx.obj
 0001:00029120       ?GetRuntimeClass@CMiniDockFrameWnd@@UBEPAUCRuntimeClass@@XZ 0042a120 f   StdAfx.obj
 0001:00029130       ?CreateObject@CMDIFrameWnd@@SAPAVCObject@@XZ 0042a130 f   StdAfx.obj
 0001:00029280       ?GetRuntimeClass@CMDIFrameWnd@@UBEPAUCRuntimeClass@@XZ 0042a280 f   StdAfx.obj
 0001:00029290       ?CreateObject@CMDIChildWnd@@SAPAVCObject@@XZ 0042a290 f   StdAfx.obj
 0001:000293e0       ?GetRuntimeClass@CMDIChildWnd@@UBEPAUCRuntimeClass@@XZ 0042a3e0 f   StdAfx.obj
 0001:000293f0       ?GetRuntimeClass@CScrollView@@UBEPAUCRuntimeClass@@XZ 0042a3f0 f   StdAfx.obj
 0001:00029400       ?CreateObject@CPreviewView@@SAPAVCObject@@XZ 0042a400 f   StdAfx.obj
 0001:00029580       ?GetRuntimeClass@CPreviewView@@UBEPAUCRuntimeClass@@XZ 0042a580 f   StdAfx.obj
 0001:00029590       ?GetRuntimeClass@CFileDialogMTL@@UBEPAUCRuntimeClass@@XZ 0042a590 f   StdAfx.obj
 0001:000295a0       ?GetRuntimeClass@CToolTipCtrlMTL@@UBEPAUCRuntimeClass@@XZ 0042a5a0 f   StdAfx.obj
 0001:000295b0       _WinMain@16                0042a5b0 f   StdAfx.obj
 0001:000298b0       ?AtlModuleInit@ATL@@YGJPAU_ATL_MODULE@1@PAU_ATL_OBJMAP_ENTRY@1@PAUHINSTANCE__@@@Z 0042a8b0 f i StdAfx.obj
 0001:00029940       ?_AtlGetStringResourceImage@CAfx@@SAPBUATLSTRINGRESOURCEIMAGE@@PAUHINSTANCE__@@PAUHRSRC__@@I@Z 0042a940 f i StdAfx.obj
 0001:000299b0       ??1CMiniFrameWnd@@UAE@XZ   0042a9b0 f i StdAfx.obj
 0001:00029ac0       ?Create@CMiniFrameWnd@@UAEHPBD0KABUtagRECT@@PAVCWnd@@I@Z 0042aac0 f i StdAfx.obj
 0001:00029af0       ?CreateEx@CMiniFrameWnd@@UAEHKPBD0KABUtagRECT@@PAVCWnd@@I@Z 0042aaf0 f i StdAfx.obj
 0001:00029d80       ?PreCreateWindow@CMiniFrameWnd@@UAEHAAUtagCREATESTRUCTA@@@Z 0042ad80 f i StdAfx.obj
 0001:00029de0       ??_GCMiniFrameWnd@@UAEPAXI@Z 0042ade0 f i StdAfx.obj
 0001:00029de0       ??_ECMiniFrameWnd@@UAEPAXI@Z 0042ade0 f i StdAfx.obj
 0001:00029e00       ?_ProcessWindowMessage@CMiniFrameWnd@@UAEHPAUHWND__@@IIJAAJ@Z 0042ae00 f i StdAfx.obj
 0001:0002a2d0       ?HandleFloatingSysCommand@CWnd@@QAEHIJ@Z 0042b2d0 f i StdAfx.obj
 0001:0002a530       ?OnFloatStatus@CMiniFrameWnd@@QAEJIJ@Z 0042b530 f i StdAfx.obj
 0001:0002a620       ?OnQueryCenterWnd@CMiniFrameWnd@@QAEJIJ@Z 0042b620 f i StdAfx.obj
 0001:0002a650       ?RecalcLayout@CMiniDockFrameWnd@@UAEXH@Z 0042b650 f i StdAfx.obj
 0001:0002a7d0       ??_ECMiniDockFrameWnd@@UAEPAXI@Z 0042b7d0 f i StdAfx.obj
 0001:0002a7d0       ??_GCMiniDockFrameWnd@@UAEPAXI@Z 0042b7d0 f i StdAfx.obj
 0001:0002a7f0       ??1CMiniDockFrameWnd@@UAE@XZ 0042b7f0 f i StdAfx.obj
 0001:0002a970       ?_ProcessWindowMessage@CMiniDockFrameWnd@@UAEHPAUHWND__@@IIJAAJ@Z 0042b970 f i StdAfx.obj
 0001:0002ac50       ?ActivateTopParent@CWnd@@QAEXXZ 0042bc50 f i StdAfx.obj
 0001:0002ad40       ?ShowControlBar@CFrameWnd@@QAEXPAVCControlBar@@HH@Z 0042bd40 f i StdAfx.obj
 0001:0002af80       ?OnPrepareDC@CScrollView@@UAEXPAVCDCMTL@@PAUCPrintInfo@@@Z 0042bf80 f i StdAfx.obj
 0001:0002b0f0       ?SetViewportExt@CDCMTL@@QAE?AVCSize@WTL@@HH@Z 0042c0f0 f i StdAfx.obj
 0001:0002b160       ?SetWindowExt@CDCMTL@@QAE?AVCSize@WTL@@HH@Z 0042c160 f i StdAfx.obj
 0001:0002b1d0       ?OnScroll@CScrollView@@UAEHIIH@Z 0042c1d0 f i StdAfx.obj
 0001:0002b310       ?OnScrollBy@CScrollView@@UAEHVCSize@WTL@@H@Z 0042c310 f i StdAfx.obj
 0001:0002b620       ?GetScrollInfo@CWMHnd@@QAEHHPAUtagSCROLLINFO@@I@Z 0042c620 f i StdAfx.obj
 0001:0002b660       ?CCalcWindowRect@CScrollView@@UAEXPAUtagRECT@@I@Z 0042c660 f i StdAfx.obj
 0001:0002b780       ?GetWheelScrollDistance@CScrollView@@UAE?AVCSize@WTL@@V23@HH@Z 0042c780 f i StdAfx.obj
 0001:0002b7e0       ??_GCScrollView@@UAEPAXI@Z 0042c7e0 f i StdAfx.obj
 0001:0002b7e0       ??_ECScrollView@@UAEPAXI@Z 0042c7e0 f i StdAfx.obj
 0001:0002b800       ??1CScrollView@@UAE@XZ     0042c800 f i StdAfx.obj
 0001:0002b890       ?_ProcessWindowMessage@CScrollView@@UAEHPAUHWND__@@IIJAAJ@Z 0042c890 f i StdAfx.obj
 0001:0002bcb0       ?SetViewportOrg@CDCMTL@@QAE?AVCPoint@WTL@@HH@Z 0042ccb0 f i StdAfx.obj
 0001:0002bd20       ?SetWindowOrg@CDCMTL@@QAE?AVCPoint@WTL@@HH@Z 0042cd20 f i StdAfx.obj
 0001:0002bd90       ?BitBlt@CDCMTL@@QAEHHHHHPAV1@HHK@Z 0042cd90 f i StdAfx.obj
 0001:0002bdd0       ??0CImage@@QAE@XZ          0042cdd0 f i StdAfx.obj
 0001:0002be10       ??1CImage@@UAE@XZ          0042ce10 f i StdAfx.obj
 0001:0002be80       ?CreateEx@CImage@@QAEHHHHKPBKK@Z 0042ce80 f i StdAfx.obj
 0001:0002c050       ?classHandleFuncCBitmapMTL@CBitmapMTL@@SAPAXPAX0@Z 0042d050 f i StdAfx.obj
 0001:0002c090       ??_GCImage@@UAEPAXI@Z      0042d090 f i StdAfx.obj
 0001:0002c090       ??_ECImage@@UAEPAXI@Z      0042d090 f i StdAfx.obj
 0001:0002c0b0       ?OnVScroll@CScrollView@@QAEXIIPAVCScrollBarMTL@@@Z 0042d0b0 f i StdAfx.obj
 0001:0002c110       ?DoMouseWheel@CScrollView@@QAEHIFVCPoint@WTL@@@Z 0042d110 f i StdAfx.obj
 0001:0002c280       ?SetScaleToFitSize@CScrollView@@QAEXUtagSIZE@@@Z 0042d280 f i StdAfx.obj
 0001:0002c590       ?GetScrollBarState@CScrollView@@QAEXVCSize@WTL@@AAV23@1AAVCPoint@3@H@Z 0042d590 f i StdAfx.obj
 0001:0002c6f0       ?GetTrueClientSize@CScrollView@@QAEHAAVCSize@WTL@@0@Z 0042d6f0 f i StdAfx.obj
 0001:0002c7f0       ?ScrollToDevicePosition@CScrollView@@QAEXUtagPOINT@@@Z 0042d7f0 f i StdAfx.obj
 0001:0002c960       ?OnActivateView@CPreviewView@@UAEXHPAVCView@@0@Z 0042d960 f i StdAfx.obj
 0001:0002ca00       ?OnDraw@CPreviewView@@UAEXPAVCDCMTL@@@Z 0042da00 f i StdAfx.obj
 0001:0002d2e0       ??0?$CHandleWrapper@VCRgnMTL@@PAUHRGN__@@V?$CRgnT@$00@WTL@@@@QAE@PAUHRGN__@@@Z 0042e2e0 f i StdAfx.obj
 0001:0002d2e0       ??0?$CHandleWrapper@VCPenMTL@@PAUHPEN__@@V?$CPenT@$00@WTL@@@@QAE@PAUHPEN__@@@Z 0042e2e0 f i StdAfx.obj
 0001:0002d2e0       ??0?$CHandleWrapper@VCBrushMTL@@PAUHBRUSH__@@V?$CBrushT@$00@WTL@@@@QAE@PAUHBRUSH__@@@Z 0042e2e0 f i StdAfx.obj
 0001:0002d2e0       ??0?$CHandleWrapper@VCDCMTL@@PAUHDC__@@V?$CDCT@$00@WTL@@@@QAE@PAUHDC__@@@Z 0042e2e0 f i StdAfx.obj
 0001:0002d300       ??1?$CPenT@$00@WTL@@QAE@XZ 0042e300 f i StdAfx.obj
 0001:0002d320       ?_AfxMultMultDivDiv@CPreviewDC@@SAJHHHHH@Z 0042e320 f i StdAfx.obj
 0001:0002d4e0       ?MirrorMappingMode@CPreviewDC@@QAEXH@Z 0042e4e0 f i StdAfx.obj
 0001:0002da20       ?MirrorViewportOrg@CPreviewDC@@QAEXXZ 0042ea20 f i StdAfx.obj
 0001:0002dc90       ?PrinterDPtoScreenDP@CPreviewDC@@QBEXPAUtagPOINT@@@Z 0042ec90 f i StdAfx.obj
 0001:0002e020       ?OnPrepareDC@CPreviewView@@UAEXPAVCDCMTL@@PAUCPrintInfo@@@Z 0042f020 f i StdAfx.obj
 0001:0002e1c0       ?CalcScaleRatio@CPreviewView@@UAE?AVCSize@WTL@@V23@0@Z 0042f1c0 f i StdAfx.obj
 0001:0002e200       ?PositionPage@CPreviewView@@UAEXI@Z 0042f200 f i StdAfx.obj
 0001:0002e4e0       ??HCSize@WTL@@QBE?AV01@UtagSIZE@@@Z 0042f4e0 f i StdAfx.obj
 0001:0002e500       ?SetScrollSizes@CScrollView@@QAEXHUtagSIZE@@ABU2@1@Z 0042f500 f i StdAfx.obj
 0001:0002e700       ?CalcPageDisplaySize@CPreviewView@@QAE?AVCSize@WTL@@XZ 0042f700 f i StdAfx.obj
 0001:0002e840       ??_GCPreviewView@@UAEPAXI@Z 0042f840 f i StdAfx.obj
 0001:0002e840       ??_ECPreviewView@@UAEPAXI@Z 0042f840 f i StdAfx.obj
 0001:0002e860       ??1CPreviewView@@UAE@XZ    0042f860 f i StdAfx.obj
 0001:0002ea30       ?_ProcessWindowMessage@CPreviewView@@UAEHPAUHWND__@@IIJAAJ@Z 0042fa30 f i StdAfx.obj
 0001:0002f360       ?SelectObject@CDCMTL@@QAEPAVCBrushMTL@@PAV2@@Z 00430360 f i StdAfx.obj
 0001:0002f3c0       ?SendChildNotifyLastMsg@CWnd@@QAEHPAJ@Z 004303c0 f i StdAfx.obj
 0001:0002f3f0       ?OnMouseWheel@CScrollView@@QAEHIFVCPoint@WTL@@@Z 004303f0 f i StdAfx.obj
 0001:0002f5b0       ?OnPrintClient@CScrollView@@QAEJPAVCDCMTL@@I@Z 004305b0 f i StdAfx.obj
 0001:0002f8b0       ??0CBitmapMTL@@QAE@PAUHBITMAP__@@@Z 004308b0 f i StdAfx.obj
 0001:0002f8d0       ?Attach@CImage@@QAEXPAUHBITMAP__@@W4DIBOrientation@1@@Z 004308d0 f i StdAfx.obj
 0001:0002f9d0       ?OnNextPage@CPreviewView@@QAEXXZ 004309d0 f i StdAfx.obj
 0001:0002fa90       ?OnPrevPage@CPreviewView@@QAEXXZ 00430a90 f i StdAfx.obj
 0001:0002fb50       ?OnUpdateNextPage@CPreviewView@@QAEXPAVCCmdUI@@@Z 00430b50 f i StdAfx.obj
 0001:0002fb90       ?OnUpdateNumPageChange@CPreviewView@@QAEXPAVCCmdUI@@@Z 00430b90 f i StdAfx.obj
 0001:0002fd60       ?OnUpdatePrevPage@CPreviewView@@QAEXPAVCCmdUI@@@Z 00430d60 f i StdAfx.obj
 0001:0002fd90       ?OnUpdateZoomIn@CPreviewView@@QAEXPAVCCmdUI@@@Z 00430d90 f i StdAfx.obj
 0001:0002fdb0       ?OnUpdateZoomOut@CPreviewView@@QAEXPAVCCmdUI@@@Z 00430db0 f i StdAfx.obj
 0001:0002fdd0       ?OnZoomIn@CPreviewView@@QAEXXZ 00430dd0 f i StdAfx.obj
 0001:0002ffc0       ?CenterOnPoint@CScrollView@@QAEXVCPoint@WTL@@@Z 00430fc0 f i StdAfx.obj
 0001:000301e0       ?OnZoomOut@CPreviewView@@QAEXXZ 004311e0 f i StdAfx.obj
 0001:000303d0       ?DoZoom@CPreviewView@@QAEXIVCPoint@WTL@@@Z 004313d0 f i StdAfx.obj
 0001:000306e0       ?GetScrollLimit@CWMHnd@@QAEHH@Z 004316e0 f i StdAfx.obj
 0001:00030780       ?FindPageRect@CPreviewView@@QAEHAAVCPoint@WTL@@AAI@Z 00431780 f i StdAfx.obj
 0001:00030920       ?SetScaledSize@CPreviewView@@QAEXI@Z 00431920 f i StdAfx.obj
 0001:00030b20       ?PreCreateWindow@CMDIChildWnd@@UAEHAAUtagCREATESTRUCTA@@@Z 00431b20 f i StdAfx.obj
 0001:00030b20       ?PreCreateWindow@CFrameWnd@@UAEHAAUtagCREATESTRUCTA@@@Z 00431b20 f i StdAfx.obj
 0001:00030b60       ??_ECMDIChildWnd@@UAEPAXI@Z 00431b60 f i StdAfx.obj
 0001:00030b60       ??_GCMDIChildWnd@@UAEPAXI@Z 00431b60 f i StdAfx.obj
 0001:00030b80       ??1CMDIChildWnd@@UAE@XZ    00431b80 f i StdAfx.obj
 0001:00030c40       ?_ProcessWindowMessage@CMDIChildWnd@@UAEHPAUHWND__@@IIJAAJ@Z 00431c40 f i StdAfx.obj
 0001:00031020       ?GetParentSplitter@CView@@SAPAVCSplitterWnd@@PAVCWnd@@H@Z 00432020 f i StdAfx.obj
 0001:000310d0       ?RemoveHandle@CPenMTL@@SAPAUHPEN__@@PAU2@@Z 004320d0 f i StdAfx.obj
 0001:000310f0       ?OnDisplayPageNumber@CPreviewView@@UAEXII@Z 004320f0 f i StdAfx.obj
 0001:00031270       ?OnNumPageChange@CPreviewView@@QAEXXZ 00432270 f i StdAfx.obj
 0001:00031350       ?OnPreviewPrint@CPreviewView@@QAEXXZ 00432350 f i StdAfx.obj
 0001:000314a0       _GetFileTitleA@12          004324a0 f   comdlg32:comdlg32.dll
 0001:000314a6       _CommDlgExtendedError@0    004324a6 f   comdlg32:comdlg32.dll
 0001:000314ac       _PrintDlgA@4               004324ac f   comdlg32:comdlg32.dll
 0001:000314b2       _GetSaveFileNameA@4        004324b2 f   comdlg32:comdlg32.dll
 0001:000314b8       _GetOpenFileNameA@4        004324b8 f   comdlg32:comdlg32.dll
 0001:000314be       _GetJobA@24                004324be f   winspool:WINSPOOL.DRV
 0001:000314c4       _OpenPrinterA@12           004324c4 f   winspool:WINSPOOL.DRV
 0001:000314ca       ??3@YAXPAX@Z               004324ca f   LIBCMT:delete.obj
 0001:000314d5       ??2@YAPAXI@Z               004324d5 f   LIBCMT:new.obj
 0001:000314e3       ?_JumpToContinuation@@YGXPAXPAUEHRegistrationNode@@@Z 004324e3 f   LIBCMT:trnsctrl.obj
 0001:00031517       ?_CallMemberFunction0@@YGXPAX0@Z 00432517 f   LIBCMT:trnsctrl.obj
 0001:00031517       ?_CallMemberFunction1@@YGXPAX00@Z 00432517 f   LIBCMT:trnsctrl.obj
 0001:0003151e       ?_CallMemberFunction2@@YGXPAX00H@Z 0043251e f   LIBCMT:trnsctrl.obj
 0001:00031525       ?_UnwindNestedFrames@@YGXPAUEHRegistrationNode@@PAUEHExceptionRecord@@@Z 00432525 f   LIBCMT:trnsctrl.obj
 0001:00031574       ___CxxFrameHandler         00432574 f   LIBCMT:trnsctrl.obj
 0001:000315aa       ?_CallCatchBlock2@@YAPAXPAUEHRegistrationNode@@PBU_s_FuncInfo@@PAXHK@Z 004325aa f   LIBCMT:trnsctrl.obj
 0001:00031623       ?_CallSETranslator@@YAHPAUEHExceptionRecord@@PAUEHRegistrationNode@@PAX2PBU_s_FuncInfo@@H1@Z 00432623 f   LIBCMT:trnsctrl.obj
 0001:0003174e       ?_GetRangeOfTrysToCheck@@YAPBU_s_TryBlockMapEntry@@PBU_s_FuncInfo@@HHPAI1@Z 0043274e f   LIBCMT:trnsctrl.obj
 0001:000317cc       __global_unwind2           004327cc f   LIBCMT:exsup.obj
 0001:0003180e       __local_unwind2            0043280e f   LIBCMT:exsup.obj
 0001:00031866       __NLG_Return2              00432866 f   LIBCMT:exsup.obj
 0001:00031876       __abnormal_termination     00432876 f   LIBCMT:exsup.obj
[...]
 0003:00000518       ??_C@_04MCON@?4CHM?$AA@    00441518     StdAfx.obj
 0003:00000520       __NLG_Destination          00441520     LIBCMT:exsup.obj
 0003:00000530       ??_R0?AVtype_info@@@8      00441530     LIBCMT:typinfo.obj
 0003:00000548       ?__pMyUnhandledExceptionFilter@@3PAXA 00441548     LIBCMT:throw.obj
 0003:00000550       __aexit_rtn                00441550     LIBCMT:wincrt0.obj
 0003:00000554       ___app_type                00441554     LIBCMT:wincrt0.obj
 0003:00000560       ___tlsindex                00441560     LIBCMT:tidtable.obj
 0003:00000564       ?__pInconsistency@@3P6AXXZA 00441564     LIBCMT:hooks.obj
 0003:00000568       __locktable                00441568     LIBCMT:mlock.obj
 0003:00000720       __amblksiz                 00441720     LIBCMT:heapinit.obj
 0003:00000728       ___old_small_block_heap    00441728     LIBCMT:sbheap.obj
 0003:0000274c       ___old_sbh_threshold       0044374c     LIBCMT:sbheap.obj
 0003:00002750       __pctype                   00443750     LIBCMT:ctype.obj
 0003:00002754       __pwctype                  00443754     LIBCMT:ctype.obj
 0003:00002758       __ctype                    00443758     LIBCMT:ctype.obj
 0003:0000295c       __timezone                 0044395c     LIBCMT:timeset.obj
 0003:00002960       __daylight                 00443960     LIBCMT:timeset.obj
 0003:00002964       __dstbias                  00443964     LIBCMT:timeset.obj
 0003:000029e8       __tzname                   004439e8     LIBCMT:timeset.obj
 0003:00002a0c       __lpdays                   00443a0c     LIBCMT:days.obj
 0003:00002a40       __days                     00443a40     LIBCMT:days.obj
 0003:00002a80       __XcptActTab               00443a80     LIBCMT:winxfltr.obj
 0003:00002af8       __First_FPE_Indx           00443af8     LIBCMT:winxfltr.obj
 0003:00002afc       __Num_FPE                  00443afc     LIBCMT:winxfltr.obj
 0003:00002b00       __XcptActTabSize           00443b00     LIBCMT:winxfltr.obj
 0003:00002b04       __XcptActTabCount          00443b04     LIBCMT:winxfltr.obj
 0003:00002b08       ___badioinfo               00443b08     LIBCMT:ioinit.obj
 0003:00002d28       ___mb_cur_max              00443d28     LIBCMT:nlsdata1.obj
 0003:00002d2c       ___decimal_point           00443d2c     LIBCMT:nlsdata1.obj
 0003:00002d30       ___decimal_point_length    00443d30     LIBCMT:nlsdata1.obj
 0003:00002e40       ___lc_time_curr            00443e40     LIBCMT:strftime.obj
 0003:00002e48       ___lc_time_c               00443e48     LIBCMT:strftime.obj
 0003:00002ef8       ___lconv_static_decimal    00443ef8     LIBCMT:lconv.obj
 0003:00002f00       ___lconv_c                 00443f00     LIBCMT:lconv.obj
 0003:00002f30       ___lconv                   00443f30     LIBCMT:lconv.obj
 0003:00002f40       ?_pModule@ATL@@3PAVCComModule@1@A 00443f40     ChildFrm.obj
 0003:00002f48       ?cwp@?1??GetHookOldCbtFilter@CWnd@@SAAAU_CreateWindowParam@2@XZ@4U32@A 00443f48     ChildFrm.obj
 0003:00002f54       ??_C@_00A@?$AA@            00443f54     ChildFrm.obj
 0003:00002f58       ?hHalftoneBrush@?1??HalftoneBrush@CAfx@@SAPAUHBRUSH__@@H@Z@4PAU3@A 00443f58     MainFrm.obj
 0003:00002f60       ?theApp@@3VCMdiVC6App@@A   00443f60     MdiVC6.obj
 0003:000030b0       ?_afxMsgSETRGB@?1??_AfxCommDlgProc@CCommonDialog@@SGKPAUHWND__@@IIJ@Z@4IA 004440b0     MdiVC6.obj
 0003:000030b4       ?_afxMsgHELP@?1??_AfxCommDlgProc@CCommonDialog@@SGKPAUHWND__@@IIJ@Z@4IA 004440b4     MdiVC6.obj
 0003:000030b8       ?_afxMsgFILEOK@?1??_AfxCommDlgProc@CCommonDialog@@SGKPAUHWND__@@IIJ@Z@4IA 004440b8     MdiVC6.obj
 0003:000030bc       ?_afxMsgSHAREVI@?1??_AfxCommDlgProc@CCommonDialog@@SGKPAUHWND__@@IIJ@Z@4IA 004440bc     MdiVC6.obj
 0003:000030c0       ?_afxMsgLBSELCHANGE@?1??_AfxCommDlgProc@CCommonDialog@@SGKPAUHWND__@@IIJ@Z@4IA 004440c0     MdiVC6.obj
 0003:000030c8       ?m_pCWinApp@CWinApp@@2PAV1@A 004440c8     StdAfx.obj
 0003:000030d0       ?rectDefault@CFrameWnd@@2VCRect@WTL@@B 004440d0     StdAfx.obj
 0003:000030e0       ?_AtlWinModule@@3VCComModule@ATL@@A 004440e0     StdAfx.obj
 0003:00003168       ?wndTopMost@CWMHnd@@2V1@B  00444168     StdAfx.obj
 0003:00003178       ?wndBottom@CWMHnd@@2V1@B   00444178     StdAfx.obj
 0003:00003188       ?wndTop@CWMHnd@@2V1@B      00444188     StdAfx.obj
 0003:00003198       ?wndNoTopMost@CWMHnd@@2V1@B 00444198     StdAfx.obj
 0003:000031a8       ?_afxGotScrollLines@?1??_AfxGetMouseScrollLines@CScrollView@@QAEIXZ@4HA 004441a8     StdAfx.obj
 0003:000031ac       __umaskval                 004441ac     LIBCMT:crt0dat.obj
 0003:000031b0       __osver                    004441b0     LIBCMT:crt0dat.obj
 0003:000031b4       __winver                   004441b4     LIBCMT:crt0dat.obj
 0003:000031b8       __winmajor                 004441b8     LIBCMT:crt0dat.obj
 0003:000031bc       __winminor                 004441bc     LIBCMT:crt0dat.obj
 0003:000031c0       ___argc                    004441c0     LIBCMT:crt0dat.obj
 0003:000031c4       ___argv                    004441c4     LIBCMT:crt0dat.obj
 0003:000031c8       ___wargv                   004441c8     LIBCMT:crt0dat.obj
 0003:000031cc       __environ                  004441cc     LIBCMT:crt0dat.obj
 0003:000031d0       ___initenv                 004441d0     LIBCMT:crt0dat.obj
 0003:000031d4       __wenviron                 004441d4     LIBCMT:crt0dat.obj
 0003:000031d8       ___winitenv                004441d8     LIBCMT:crt0dat.obj
 0003:000031dc       __pgmptr                   004441dc     LIBCMT:crt0dat.obj
 0003:000031e0       __wpgmptr                  004441e0     LIBCMT:crt0dat.obj
 0003:000031e4       __exitflag                 004441e4     LIBCMT:crt0dat.obj
 0003:000031e8       __C_Termination_Done       004441e8     LIBCMT:crt0dat.obj
 0003:000031ec       __C_Exit_Done              004441ec     LIBCMT:crt0dat.obj
 0003:000031f0       __aenvptr                  004441f0     LIBCMT:wincrt0.obj
 0003:000031f4       __wenvptr                  004441f4     LIBCMT:wincrt0.obj
 0003:000031f8       ___error_mode              004441f8     LIBCMT:wincrt0.obj
 0003:00003268       ?_pnhHeap@@3P6AHI@ZA       00444268     LIBCMT:handler.obj
 0003:0000326c       __newmode                  0044426c     LIBCMT:_newmode.obj
 0003:00003464       __adbgmsg                  00444464     LIBCMT:crt0msg.obj
 0003:00003468       ___lc_handle               00444468     LIBCMT:nlsdata2.obj
 0003:00003480       ___lc_codepage             00444480     LIBCMT:nlsdata2.obj
 0003:00003484       ___lc_collate_cp           00444484     LIBCMT:nlsdata2.obj
 0003:000034c0       ___lc_time_intl            004444c0     LIBCMT:inittime.obj
 0003:000034dc       ___lc_id                   004444dc     LIBCMT:nlsdata3.obj
 0003:0000352c       ___lconv_static_null       0044452c     LIBCMT:lconv.obj
 0003:0000353c       ?uCachedScrollLines@?1??_AfxGetMouseScrollLines@CScrollView@@QAEIXZ@4IA 0044453c     <common>
 0003:00003540       ?_afxWinState@?1??GetAfxWinState@CPrintingDialog@@SAPAV_AFX_WIN_STATE@@XZ@4V3@A 00444540     <common>
 0003:00003544       ?$S5@?1??GetCException@CAfx@@SAAAVCException@@H@Z@4EA 00444544     <common>
 0003:00003548       ?_simpleInvalidArgException@?1??GetCException@CAfx@@SAAAVCException@@H@Z@4VCInvalidArgException@@A 00444548     <common>
 0003:00003550       ?_simpleMemoryException@?1??GetCException@CAfx@@SAAAVCException@@H@Z@4VCMemoryException@@A 00444550     <common>
 0003:00003558       ?_simpleNotSupportedException@?1??GetCException@CAfx@@SAAAVCException@@H@Z@4VCNotSupportedException@@A 00444558     <common>
 0003:00003560       ?_simpleResourceException@?1??GetCException@CAfx@@SAAAVCException@@H@Z@4VCResourceException@@A 00444560     <common>
 0003:00003568       ?$S12@?1??_GetAfxData@CAfx@@SAABU_AUX_DATA@@XZ@4EA 00444568     <common>
 0003:00003580       ?_afxdata@?1??_GetAfxData@CAfx@@SAABU_AUX_DATA@@XZ@4U3@A 00444580     <common>
 0003:000035b4       ?$S55@?1??_GetCModuleState@CWinApp@@SAPAVCModuleState@@XZ@4EA 004445b4     <common>
 0003:000035c0       ?cModuleState@?1??_GetCModuleState@CWinApp@@SAPAVCModuleState@@XZ@4V3@A 004445c0     <common>
 0003:000035e4       ?m_lastSentMsg@?1??GetLastSentMsg@CCmdTarget@@SAAAPAUtagMSG@@XZ@4PAU3@A 004445e4     <common>
 0003:000035e8       ___setlc_active            004445e8     <common>
 0003:000035ec       ___unguarded_readlc_active 004445ec     <common>
 0003:00003600       ___pioinfo                 00444600     <common>
 0003:00003700       __nhandle                  00444700     <common>
 0003:00003704       ___sbh_sizeHeaderList      00444704     <common>
 0003:00003708       ___sbh_indGroupDefer       00444708     <common>
 0003:0000370c       ___sbh_pHeaderScan         0044470c     <common>
 0003:00003710       ___sbh_pHeaderDefer        00444710     <common>
 0003:00003714       ___sbh_cntHeaderList       00444714     <common>
 0003:00003718       ___sbh_pHeaderList         00444718     <common>
 0003:0000371c       ___sbh_threshold           0044471c     <common>
 0003:00003720       __crtheap                  00444720     <common>
 0003:00003724       ___active_heap             00444724     <common>
 0003:00003728       ___mbcodepage              00444728     <common>
 0003:00003730       ___mbulinfo                00444730     <common>
 0003:0000373c       ___ismbcodepage            0044473c     <common>
 0003:00003740       __mbcasemap                00444740     <common>
 0003:00003840       __mbctype                  00444840     <common>
 0003:00003944       ___mblcid                  00444944     <common>
 0003:00003948       __acmdln                   00444948     <common>
 0003:0000394c       ___env_initialized         0044494c     <common>
 0003:00003950       ___mbctype_initialized     00444950     <common>
 0003:00003954       ___onexitend               00444954     <common>
 0003:00003958       ___onexitbegin             00444958     <common>
 0003:0000395c       __FPinit                   0044495c     <common>

 entry point at        0001:00032a51

 Static symbols

 0001:000289f0       _$E66                      004299f0 f   StdAfx.obj
 0001:00028a00       _$E62                      00429a00 f   StdAfx.obj
 0001:00028a20       _$E65                      00429a20 f   StdAfx.obj
 0001:00028a30       _$E63                      00429a30 f   StdAfx.obj
 0001:00028a60       _$E71                      00429a60 f   StdAfx.obj
 0001:00028a70       _$E68                      00429a70 f   StdAfx.obj
 0001:00028a90       _$E70                      00429a90 f   StdAfx.obj
 0001:00028aa0       _$E69                      00429aa0 f   StdAfx.obj
 0001:00028ad0       _$E76                      00429ad0 f   StdAfx.obj
 0001:00028ae0       _$E73                      00429ae0 f   StdAfx.obj
 0001:00028b00       _$E75                      00429b00 f   StdAfx.obj
 0001:00028b10       _$E74                      00429b10 f   StdAfx.obj
 0001:00028b40       _$E81                      00429b40 f   StdAfx.obj
 0001:00028b50       _$E78                      00429b50 f   StdAfx.obj
 0001:00028b70       _$E80                      00429b70 f   StdAfx.obj
 0001:00028b80       _$E79                      00429b80 f   StdAfx.obj
 0001:00028bb0       _$E84                      00429bb0 f   StdAfx.obj
 0001:00028bc0       _$E83                      00429bc0 f   StdAfx.obj
 0001:00023d40       ?_AtlCreateDC@WTL@@YAPAUHDC__@@PAX0@Z 00424d40 f   MdiVC6View.obj
 0001:00016d30       _$E69                      00417d30 f   MdiVC6.obj
 0001:00016d40       _$E66                      00417d40 f   MdiVC6.obj
 0001:00016d50       _$E68                      00417d50 f   MdiVC6.obj
 0001:00016d60       _$E67                      00417d60 f   MdiVC6.obj
 0001:00037df8       _findenv                   00438df8 f   LIBCMT:setenv.obj
 0001:00037e50       _copy_environ              00438e50 f   LIBCMT:setenv.obj
 0001:00037c46       _strncnt                   00438c46 f   LIBCMT:a_cmp.obj
 0001:00037726       _siglookup                 00438726 f   LIBCMT:winsig.obj
 0001:0003703c       _strtoxl                   0043803c f   LIBCMT:strtol.obj
 0001:00036d60       LeadUp1                    00437d60 f   LIBCMT:memcpy.obj
 0001:00036d8c       LeadUp2                    00437d8c f   LIBCMT:memcpy.obj
 0001:00036db0       LeadUp3                    00437db0 f   LIBCMT:memcpy.obj
 0001:00036e2f       UnwindUp0                  00437e2f f   LIBCMT:memcpy.obj
 0001:00036e1c       UnwindUp1                  00437e1c f   LIBCMT:memcpy.obj
 0001:00036e14       UnwindUp2                  00437e14 f   LIBCMT:memcpy.obj
 0001:00036e0c       UnwindUp3                  00437e0c f   LIBCMT:memcpy.obj
 0001:00036e04       UnwindUp4                  00437e04 f   LIBCMT:memcpy.obj
 0001:00036dfc       UnwindUp5                  00437dfc f   LIBCMT:memcpy.obj
 0001:00036df4       UnwindUp6                  00437df4 f   LIBCMT:memcpy.obj
 0001:00036dec       UnwindUp7                  00437dec f   LIBCMT:memcpy.obj
 0001:00036e48       TrailUp0                   00437e48 f   LIBCMT:memcpy.obj
 0001:00036e50       TrailUp1                   00437e50 f   LIBCMT:memcpy.obj
 0001:00036e5c       TrailUp2                   00437e5c f   LIBCMT:memcpy.obj
 0001:00036e70       TrailUp3                   00437e70 f   LIBCMT:memcpy.obj
 0001:00036ee8       LeadDown1                  00437ee8 f   LIBCMT:memcpy.obj
 0001:00036f08       LeadDown2                  00437f08 f   LIBCMT:memcpy.obj
 0001:00036f30       LeadDown3                  00437f30 f   LIBCMT:memcpy.obj
 0001:00036f84       UnwindDown7                00437f84 f   LIBCMT:memcpy.obj
 0001:00036f8c       UnwindDown6                00437f8c f   LIBCMT:memcpy.obj
 0001:00036f94       UnwindDown5                00437f94 f   LIBCMT:memcpy.obj
 0001:00036f9c       UnwindDown4                00437f9c f   LIBCMT:memcpy.obj
 0001:00036fa4       UnwindDown3                00437fa4 f   LIBCMT:memcpy.obj
 0001:00036fac       UnwindDown2                00437fac f   LIBCMT:memcpy.obj
 0001:00036fb4       UnwindDown1                00437fb4 f   LIBCMT:memcpy.obj
 0001:00036fc7       UnwindDown0                00437fc7 f   LIBCMT:memcpy.obj
 0001:00036fe0       TrailDown0                 00437fe0 f   LIBCMT:memcpy.obj
 0001:00036fe8       TrailDown1                 00437fe8 f   LIBCMT:memcpy.obj
 0001:00036ff8       TrailDown2                 00437ff8 f   LIBCMT:memcpy.obj
 0001:0003700c       TrailDown3                 0043800c f   LIBCMT:memcpy.obj
 0001:00037c46       _strncnt                   00438c46 f   LIBCMT:a_cmp.obj
 0001:000362ec       _parse_cmdline             004372ec f   LIBCMT:stdargv.obj
 0001:00036108       _xcptlookup                00437108 f   LIBCMT:winxfltr.obj
 0001:000359fa       __tzset_lk                 004369fa f   LIBCMT:tzset.obj
 0001:00035ca2       __isindst_lk               00436ca2 f   LIBCMT:tzset.obj
 0001:00035e4e       _cvtdate                   00436e4e f   LIBCMT:tzset.obj
 0001:000338b0       _getSystemCP               004348b0 f   LIBCMT:mbctype.obj
 0001:000338fa       _CPtoLCID                  004348fa f   LIBCMT:mbctype.obj
 0001:0003392d       _setSBCS                   0043492d f   LIBCMT:mbctype.obj
 0001:00033956       _setSBUpLow                00434956 f   LIBCMT:mbctype.obj
 0001:00032c3d       ?FindHandler@@YAXPAUEHExceptionRecord@@PAUEHRegistrationNode@@PAU_CONTEXT@@PAXPBU_s_FuncInfo@@EH1@Z 00433c3d f   LIBCMT:frame.obj
 0001:00032df0       ?FindHandlerForForeignException@@YAXPAUEHExceptionRecord@@PAUEHRegistrationNode@@PAU_CONTEXT@@PAXPBU_s_FuncInfo@@HH1@Z 00433df0 f   LIBCMT:frame.obj
 0001:00032e9a       ?TypeMatch@@YAHPBU_s_HandlerType@@PBU_s_CatchableType@@PBU_s_ThrowInfo@@@Z 00433e9a f   LIBCMT:frame.obj
 0001:00031998       ?FrameUnwindFilter@@YAHPAU_EXCEPTION_POINTERS@@@Z 00432998 f   LIBCMT:ehvecdtr.obj
 0001:00032f95       ?CatchIt@@YAXPAUEHExceptionRecord@@PAUEHRegistrationNode@@PAU_CONTEXT@@PAXPBU_s_FuncInfo@@PBU_s_HandlerType@@PBU_s_CatchableType@@PBU_s_TryBlockMapEntry@@H1E@Z 00433f95 f   LIBCMT:frame.obj
 0001:00033010       ?CallCatchBlock@@YAPAXPAUEHExceptionRecord@@PAUEHRegistrationNode@@PAU_CONTEXT@@PBU_s_FuncInfo@@PAXHK@Z 00434010 f   LIBCMT:frame.obj
 0001:0003312b       ?ExFilterRethrow@@YAHPAU_EXCEPTION_POINTERS@@@Z 0043412b f   LIBCMT:frame.obj
 0001:00033155       ?BuildCatchObject@@YAXPAUEHExceptionRecord@@PAUEHRegistrationNode@@PBU_s_HandlerType@@PBU_s_CatchableType@@@Z 00434155 f   LIBCMT:frame.obj
 0001:00033380       ?AdjustPointer@@YAPAXPAXABUPMD@@@Z 00434380 f   LIBCMT:frame.obj
 0001:00032b7e       _fast_error_exit           00433b7e f   LIBCMT:wincrt0.obj
 0001:000326be       __make_time_t              004336be f   LIBCMT:mktime.obj
 0001:00032600       _x_ismbbtype               00433600 f   LIBCMT:ismbbyte.obj
 0001:000322ae       _doexit                    004332ae f   LIBCMT:crt0dat.obj
 0001:00032365       __initterm                 00433365 f   LIBCMT:crt0dat.obj
 0001:00031e60       LeadUp1                    00432e60 f   LIBCMT:memmove.obj
 0001:00031e8c       LeadUp2                    00432e8c f   LIBCMT:memmove.obj
 0001:00031eb0       LeadUp3                    00432eb0 f   LIBCMT:memmove.obj
 0001:00031f2f       UnwindUp0                  00432f2f f   LIBCMT:memmove.obj
 0001:00031f1c       UnwindUp1                  00432f1c f   LIBCMT:memmove.obj
 0001:00031f14       UnwindUp2                  00432f14 f   LIBCMT:memmove.obj
 0001:00031f0c       UnwindUp3                  00432f0c f   LIBCMT:memmove.obj
 0001:00031f04       UnwindUp4                  00432f04 f   LIBCMT:memmove.obj
 0001:00031efc       UnwindUp5                  00432efc f   LIBCMT:memmove.obj
 0001:00031ef4       UnwindUp6                  00432ef4 f   LIBCMT:memmove.obj
 0001:00031eec       UnwindUp7                  00432eec f   LIBCMT:memmove.obj
 0001:00031f48       TrailUp0                   00432f48 f   LIBCMT:memmove.obj
 0001:00031f50       TrailUp1                   00432f50 f   LIBCMT:memmove.obj
 0001:00031f5c       TrailUp2                   00432f5c f   LIBCMT:memmove.obj
 0001:00031f70       TrailUp3                   00432f70 f   LIBCMT:memmove.obj
 0001:00031fe8       LeadDown1                  00432fe8 f   LIBCMT:memmove.obj
 0001:00032008       LeadDown2                  00433008 f   LIBCMT:memmove.obj
 0001:00032030       LeadDown3                  00433030 f   LIBCMT:memmove.obj
 0001:00032084       UnwindDown7                00433084 f   LIBCMT:memmove.obj
 0001:0003208c       UnwindDown6                0043308c f   LIBCMT:memmove.obj
 0001:00032094       UnwindDown5                00433094 f   LIBCMT:memmove.obj
 0001:0003209c       UnwindDown4                0043309c f   LIBCMT:memmove.obj
 0001:000320a4       UnwindDown3                004330a4 f   LIBCMT:memmove.obj
 0001:000320ac       UnwindDown2                004330ac f   LIBCMT:memmove.obj
 0001:000320b4       UnwindDown1                004330b4 f   LIBCMT:memmove.obj
 0001:000320c7       UnwindDown0                004330c7 f   LIBCMT:memmove.obj
 0001:000320e0       TrailDown0                 004330e0 f   LIBCMT:memmove.obj
 0001:000320e8       TrailDown1                 004330e8 f   LIBCMT:memmove.obj
 0001:000320f8       TrailDown2                 004330f8 f   LIBCMT:memmove.obj
 0001:0003210c       TrailDown3                 0043310c f   LIBCMT:memmove.obj
 0001:00031998       ?ArrayUnwindFilter@@YAHPAU_EXCEPTION_POINTERS@@@Z 00432998 f   LIBCMT:ehvecdtr.obj
 0001:000317e4       _gu_return                 004327e4 f   LIBCMT:exsup.obj
 0001:000317ec       __unwind_handler           004327ec f   LIBCMT:exsup.obj
 0001:000315fe       ?CatchGuardHandler@@YA?AW4_EXCEPTION_DISPOSITION@@PAUEHExceptionRecord@@PAUCatchGuardRN@@PAX2@Z 004325fe f   LIBCMT:trnsctrl.obj
 0001:000316d9       ?TranslatorGuardHandler@@YA?AW4_EXCEPTION_DISPOSITION@@PAUEHExceptionRecord@@PAUTranslatorGuardRN@@PAX2@Z 004326d9 f   LIBCMT:trnsctrl.obj

 3319 bytes saved through ICF

