 MdiVC6

 Timestamp is 591fe4c8 (Sat May 20 15:40:08 2017)

 Preferred load address is 00400000

 Start         Length     Name                   Class
 0001:00000000 00040346H .text                   CODE
 0001:00040350 000019c2H .text$x                 CODE
 0002:00000000 00000538H .idata$5                DATA
 0002:00000538 00001b84H .rdata                  DATA
 0002:000020c0 00000044H .rdata$r                DATA
 0002:00002108 00001b80H .xdata$x                DATA
 0002:00003c88 000000b4H .idata$2                DATA
 0002:00003d3c 00000014H .idata$3                DATA
 0002:00003d50 00000538H .idata$4                DATA
 0002:00004288 000015c6H .idata$6                DATA
 0002:0000584e 00000000H .edata                  DATA
 0003:00000000 00000004H .CRT$XCA                DATA
 0003:00000004 00000018H .CRT$XCU                DATA
 0003:0000001c 00000004H .CRT$XCZ                DATA
 0003:00000020 00000004H .CRT$XIA                DATA
 0003:00000024 00000008H .CRT$XIC                DATA
 0003:0000002c 00000004H .CRT$XIY                DATA
 0003:00000030 00000004H .CRT$XIZ                DATA
 0003:00000034 00000004H .CRT$XPA                DATA
 0003:00000038 00000004H .CRT$XPZ                DATA
 0003:0000003c 00000004H .CRT$XTA                DATA
 0003:00000040 00000004H .CRT$XTB                DATA
 0003:00000044 00000004H .CRT$XTZ                DATA
 0003:00000050 00002ef0H .data                   DATA
 0003:00002f40 00000a80H .bss                    DATA
 0004:00000000 00000aa8H .rsrc$01                DATA
 0004:00000ab0 00003f80H .rsrc$02                DATA

  Address         Publics by Value              Rva+Base     Lib:Object

 0001:00000000       ?CreateObject@CChildFrame@@SAPAVCObject@@XZ 00401000 f   ChildFrm.obj
 0001:00000060       ?GetRuntimeClass@CChildFrame@@UBEPAUCRuntimeClass@@XZ 00401060 f   ChildFrm.obj
 0001:00000070       ??0CChildFrame@@QAE@XZ     00401070 f   ChildFrm.obj
 0001:00000200       ?_ProcessWindowMessage@CChildFrame@@UAEHPAUHWND__@@IIJAAJ@Z 00401200 f i ChildFrm.obj
 0001:00000520       ??_GCChildFrame@@UAEPAXI@Z 00401520 f i ChildFrm.obj
 0001:00000520       ??_ECChildFrame@@UAEPAXI@Z 00401520 f i ChildFrm.obj
 0001:00000540       ??1CChildFrame@@UAE@XZ     00401540 f   ChildFrm.obj
 0001:000006f0       ?PreCreateWindow@CChildFrame@@UAEHAAUtagCREATESTRUCTA@@@Z 004016f0 f   ChildFrm.obj
 0001:000009f0       ?RemoveHandle@?$CHandleHashList@PAUHWND__@@VCWMHnd@@PAU1@$0BB@@@QAEPAUHWND__@@QAU2@@Z 004019f0 f i ChildFrm.obj
 0001:00000a70       ?RemoveOwner@?$CHandleHashList@PAUHWND__@@VCWMHnd@@PAU1@$0BB@@@QAEHQAUHWND__@@@Z 00401a70 f i ChildFrm.obj
 0001:00000b00       ?RemoveOwner@?$CHandleList@PAUHDC__@@VCDCMTL@@PAUHWND__@@@@QAEHQAUHWND__@@@Z 00401b00 f i ChildFrm.obj
 0001:00000b00       ?RemoveOwner@?$CHandleList@PAXXPAUHWND__@@@@QAEHQAUHWND__@@@Z 00401b00 f i ChildFrm.obj
 0001:00000b00       ?RemoveOwner@?$CHandleList@PAUHMENU__@@VCMenuMTL@@PAUHWND__@@@@QAEHQAUHWND__@@@Z 00401b00 f i ChildFrm.obj
 0001:00000b00       ?RemoveOwner@?$CHandleList@PAXVCGdiObject@@PAUHWND__@@@@QAEHQAUHWND__@@@Z 00401b00 f i ChildFrm.obj
 0001:00000b70       ??YCString@WTL@@QAEAAV01@PBD@Z 00401b70 f i ChildFrm.obj
 0001:00000c90       ?memcpy_x@SecureHelper@WTL@@YAXPAXIPBXI@Z 00401c90 f i ChildFrm.obj
 0001:00000cc0       ??1CString@WTL@@QAE@XZ     00401cc0 f i ChildFrm.obj
 0001:00000cf0       ?AllocBuffer@CString@WTL@@IAEHH@Z 00401cf0 f i ChildFrm.obj
 0001:00000d50       ?ConcatInPlace@CString@WTL@@IAEXHPBD@Z 00401d50 f i ChildFrm.obj
 0001:00000e50       ?_GetEmptyString@CString@WTL@@KGABV12@XZ 00401e50 f i ChildFrm.obj
 0001:00000e60       ??0CModuleState@@QAE@XZ    00401e60 f i ChildFrm.obj
 0001:00000e90       ?_AfxRegisterWithIcon@CAfx@@SAHPAUtagWNDCLASSA@@PBDI@Z 00401e90 f i ChildFrm.obj
 0001:000010d0       ?Release@CString@WTL@@KGXPAUCStringData@2@@Z 004020d0 f i ChildFrm.obj
 0001:00001100       ?AfxRegisterClass@CAfx@@SAHPAUtagWNDCLASSA@@@Z 00402100 f i ChildFrm.obj
 0001:00001330       ?_ProcessWindowMessage@CCmdTarget@@UAEHPAUHWND__@@IIJAAJ@Z 00402330 f i ChildFrm.obj
 0001:00001330       ?_ProcessWindowMessage@CPrintDialogMTL@@UAEHPAUHWND__@@IIJAAJ@Z 00402330 f i ChildFrm.obj
 0001:00001340       ?GetCurrentMessage@CCmdTarget@@UBEPBUtagMSG@@XZ 00402340 f i ChildFrm.obj
 0001:00001350       ??1CWMHnd@@UAE@XZ          00402350 f i ChildFrm.obj
 0001:00001590       ?DefWindowProcA@CWMHnd@@UAEJIIJ@Z 00402590 f i ChildFrm.obj
 0001:000015b0       ?WindowProc@CWMHnd@@UAEJIIJ@Z 004025b0 f i ChildFrm.obj
 0001:000015d0       ?CalcWindowRect@CWMHnd@@UAEXPAUtagRECT@@I@Z 004025d0 f i ChildFrm.obj
 0001:00001610       ?SetText@CToolCmdUI@@UAEXPBD@Z 00402610 f i ChildFrm.obj
 0001:00001610       ?SetCheck@CTestCmdUI@@UAEXH@Z 00402610 f i ChildFrm.obj
 0001:00001610       ?RegisterShellFileTypes@CDocManager@@UAEXH@Z 00402610 f i ChildFrm.obj
 0001:00001610       ?DoDataExchange@CWMHnd@@UAEXPAVCDataExchange@@@Z 00402610 f i ChildFrm.obj
 0001:00001610       ?Serialize@CObject@@UAEXAAVCArchive@@@Z 00402610 f i ChildFrm.obj
 0001:00001610       ?OnFinalMessage@?$CWindowImplBaseT@VCWindow@ATL@@V?$CWinTraits@$0FGAAAAAA@$0A@@2@@ATL@@UAEXPAUHWND__@@@Z 00402610 f i ChildFrm.obj
 0001:00001610       ?OnDocumentEvent@CDocument@@UAEXW4DocumentEvent@1@@Z 00402610 f i ChildFrm.obj
 0001:00001610       ?PreCloseFrame@CDocument@@UAEXPAVCFrameWnd@@@Z 00402610 f i ChildFrm.obj
 0001:00001610       ?SetRadio@CTestCmdUI@@UAEXH@Z 00402610 f i ChildFrm.obj
 0001:00001610       ?SetText@CTestCmdUI@@UAEXPBD@Z 00402610 f i ChildFrm.obj
 0001:00001610       ?OnDraw@CView@@UAEXPAVCDCMTL@@@Z 00402610 f i ChildFrm.obj
 0001:00001620       ?EnableWindow@CWMHnd@@UAEXH@Z 00402620 f i ChildFrm.obj
 0001:00001640       ?GetMenu@CWMHnd@@UBEPAVCMenuMTL@@XZ 00402640 f i ChildFrm.obj
 0001:000016d0       ?classHandleFuncCMenuMTL@CMenuMTL@@SAPAXPAX0@Z 004026d0 f i ChildFrm.obj
 0001:00001710       ??_ECMenuMTL@@UAEPAXI@Z    00402710 f i ChildFrm.obj
 0001:00001710       ??_GCMenuMTL@@UAEPAXI@Z    00402710 f i ChildFrm.obj
 0001:00001730       ??1CMenuMTL@@UAE@XZ        00402730 f i ChildFrm.obj
 0001:00001800       ??1?$CMenuT@$00@WTL@@QAE@XZ 00402800 f i ChildFrm.obj
 0001:00001820       ?IsDockBar@CControlBar@@UBEHXZ 00402820 f i ChildFrm.obj
 0001:00001820       ?OnFileNameOK@CFileDialogMTL@@UAEHXZ 00402820 f i ChildFrm.obj
 0001:00001820       ?GetDefaultAccelerator@CDocument@@UAEPAUHACCEL__@@XZ 00402820 f i ChildFrm.obj
 0001:00001820       ?IsTabbedMDIChild@CMDIChildWnd@@UAEHXZ 00402820 f i ChildFrm.obj
 0001:00001820       ?IsFrameWnd@CWMHnd@@UAEHXZ 00402820 f i ChildFrm.obj
 0001:00001830       ?OnShareViolation@CFileDialogMTL@@UAEIPBD@Z 00402830 f i ChildFrm.obj
 0001:00001830       ?PreTranslateMessage@CWMHnd@@UAEHPAUtagMSG@@@Z 00402830 f i ChildFrm.obj
 0001:00001830       ?GetScrollBarCtrl@CWMHnd@@UBEPAVCScrollBarMTL@@H@Z 00402830 f i ChildFrm.obj
 0001:00001840       ?SetMenu@CWMHnd@@UAEHPAVCMenuMTL@@@Z 00402840 f i ChildFrm.obj
 0001:00001870       ?OnCancel@CCommonDialog@@UAEXXZ 00402870 f i ChildFrm.obj
 0001:00001870       ?OnInitDialog@CWMHnd@@UAEHXZ 00402870 f i ChildFrm.obj
 0001:00001870       ?Default@CWMHnd@@QAEJXZ    00402870 f i ChildFrm.obj
 0001:00001890       ??_ECWMHnd@@UAEPAXI@Z      00402890 f i ChildFrm.obj
 0001:00001890       ??_GCWMHnd@@UAEPAXI@Z      00402890 f i ChildFrm.obj
 0001:00001aa0       ??1CWnd@@UAE@XZ            00402aa0 f i ChildFrm.obj
 0001:00001d10       ?classHandleFuncCWnd@CWnd@@SAPAXPAX0@Z 00402d10 f i ChildFrm.obj
 0001:00001d70       ?WindowProc@CWnd@@UAEJIIJ@Z 00402d70 f i ChildFrm.obj
 0001:00001dc0       ?OnWndMsg@CWnd@@UAEHIIJPAJ@Z 00402dc0 f i ChildFrm.obj
 0001:00001e40       ?OnChildNotify@CWnd@@UAEHIIJPAJ@Z 00402e40 f i ChildFrm.obj
 0001:00002030       ?OnCommand@CWnd@@UAEHIJ@Z  00403030 f i ChildFrm.obj
 0001:00002190       ?Enable@CTestCmdUI@@UAEXH@Z 00403190 f i ChildFrm.obj
 0001:000021b0       ?OnToolHitTest@CWnd@@UBEJVCPoint@WTL@@PAUtagTOOLINFOA@@@Z 004031b0 f i ChildFrm.obj
 0001:000022e0       ?OnNotify@CWnd@@UAEHIJPAJ@Z 004032e0 f i ChildFrm.obj
 0001:000023e0       ?Create@CWnd@@UAEHPBD0KABUtagRECT@@PAV1@IPAUCCreateContext@@@Z 004033e0 f i ChildFrm.obj
 0001:00002440       ?CreateEx@CWnd@@UAEHKPBD0KHHHHPAUHWND__@@PAUHMENU__@@PAX@Z 00403440 f i ChildFrm.obj
 0001:000025d0       ?CbtFilterHook@CWnd@@SGJHIJ@Z 004035d0 f i ChildFrm.obj
 0001:000027a0       ?classHandleFuncCWMHnd@CWMHnd@@SAPAXPAX0@Z 004037a0 f i ChildFrm.obj
 0001:000027f0       ?AfxWindowProc@CWMHnd@@SGJPAUHWND__@@IIJ@Z 004037f0 f i ChildFrm.obj
 0001:00002840       ?DestroyWindow@CWMHnd@@UAEHXZ 00403840 f i ChildFrm.obj
 0001:00002840       ?DestroyWindow@CWnd@@UAEHXZ 00403840 f i ChildFrm.obj
 0001:00002850       ?PreCreateWindow@CWnd@@UAEHAAUtagCREATESTRUCTA@@@Z 00403850 f i ChildFrm.obj
 0001:00002ba0       ?_AfxInitCommonControls@CAfx@@SAJPAUtagINITCOMMONCONTROLSEX@@J@Z 00403ba0 f i ChildFrm.obj
 0001:00002bc0       ?ContinueModal@CWnd@@UAEHXZ 00403bc0 f i ChildFrm.obj
 0001:00002bd0       ?EndModalLoop@CWnd@@UAEXH@Z 00403bd0 f i ChildFrm.obj
 0001:00002c00       ??_GCWnd@@UAEPAXI@Z        00403c00 f i ChildFrm.obj
 0001:00002c00       ??_ECWnd@@UAEPAXI@Z        00403c00 f i ChildFrm.obj
 0001:00002c20       ?_ProcessWindowMessage@CWnd@@UAEHPAUHWND__@@IIJAAJ@Z 00403c20 f i ChildFrm.obj
 0001:00002ea0       ??1?$CDCT@$00@WTL@@QAE@XZ  00403ea0 f i ChildFrm.obj
 0001:00002ec0       ?FromHandle@?$CHandleHashList@PAUHWND__@@VCWMHnd@@PAU1@$0BB@@@QAEPAVCWMHnd@@QAUHWND__@@PAV2@0Q6APAXPAX2@Z@Z 00403ec0 f i ChildFrm.obj
 0001:00002f80       ?SetAttribDC@CDCMTL@@UAEXPAUHDC__@@@Z 00403f80 f i ChildFrm.obj
 0001:00002f90       ?ReleaseAttribDC@CDCMTL@@UAEXXZ 00403f90 f i ChildFrm.obj
 0001:00002fa0       ?SaveDC@CDCMTL@@UAEHXZ     00403fa0 f i ChildFrm.obj
 0001:00002fe0       ?RestoreDC@CDCMTL@@UAEHH@Z 00403fe0 f i ChildFrm.obj
 0001:00003030       ?TextOutA@CDCMTL@@UAEHHHPBDH@Z 00404030 f i ChildFrm.obj
 0001:00003060       ??_ECDCMTL@@UAEPAXI@Z      00404060 f i ChildFrm.obj
 0001:00003060       ??_GCDCMTL@@UAEPAXI@Z      00404060 f i ChildFrm.obj
 0001:00003080       ??1CDCMTL@@UAE@XZ          00404080 f i ChildFrm.obj
 0001:00003150       ?UnsubclassWindow@CWMHnd@@QAEPAUHWND__@@XZ 00404150 f i ChildFrm.obj
 0001:000033a0       ?OnCreateClient@CFrameWnd@@UAEHPAUtagCREATESTRUCTA@@PAUCCreateContext@@@Z 004043a0 f i ChildFrm.obj
 0001:00003460       ?OnCreateHelper@CFrameWnd@@QAEHPAUtagCREATESTRUCTA@@PAUCCreateContext@@@Z 00404460 f i ChildFrm.obj
 0001:000034d0       ?ActivateFrame@CFrameWnd@@UAEXH@Z 004044d0 f i ChildFrm.obj
 0001:00003570       ?Create@CFrameWnd@@UAEHPBD0KABUtagRECT@@PAVCWnd@@0KPAUCCreateContext@@@Z 00404570 f i ChildFrm.obj
 0001:000036c0       ?GetActiveFrame@CFrameWnd@@UAEPAV1@XZ 004046c0 f i ChildFrm.obj
 0001:000036d0       ?LoadFrame@CFrameWnd@@UAEHIKPAVCWnd@@PAUCCreateContext@@@Z 004046d0 f i ChildFrm.obj
 0001:00003a40       ??4CString@WTL@@QAEAAV01@PBD@Z 00404a40 f i ChildFrm.obj
 0001:00003b10       ?GetBuffer@CString@WTL@@QAEPADH@Z 00404b10 f i ChildFrm.obj
 0001:00003bc0       ?ReleaseBuffer@CString@WTL@@QAEXH@Z 00404bc0 f i ChildFrm.obj
 0001:00003c80       ?AssignCopy@CString@WTL@@IAEXHPBD@Z 00404c80 f i ChildFrm.obj
 0001:00003d40       ?_LoadString@CString@WTL@@KGHIPADI@Z 00404d40 f i ChildFrm.obj
 0001:00003d70       ?AfxExtractSubString@CAfx@@SAHAAVCString@WTL@@PBDHD@Z 00404d70 f i ChildFrm.obj
 0001:00003f90       ?AllocBeforeWrite@CString@WTL@@IAEHH@Z 00404f90 f i ChildFrm.obj
 0001:00004030       ?AfxRegisterWndClass@CAfx@@SAPBDIPAUHICON__@@PAUHBRUSH__@@0@Z 00405030 f i ChildFrm.obj
 0001:000042e0       ?SendMessageToDescendants@CWnd@@QAEXPAUHWND__@@IIJHH@Z 004052e0 f i ChildFrm.obj
 0001:000043f0       ?PreCreateWindow@CFrameWnd@@UAEHAAUtagCREATESTRUCTA@@@Z 004053f0 f i ChildFrm.obj
 0001:00004740       ?PreTranslateMessage@CFrameWnd@@UAEHPAUtagMSG@@@Z 00405740 f i ChildFrm.obj
 0001:000047d0       ?RecalcLayout@CFrameWnd@@UAEXH@Z 004057d0 f i ChildFrm.obj
 0001:00004960       ?RepositionBars@CWnd@@QAEXIIIIPAUtagRECT@@PBU2@H@Z 00405960 f i ChildFrm.obj
 0001:00004ca0       ??_GCFrameWnd@@UAEPAXI@Z   00405ca0 f i ChildFrm.obj
 0001:00004ca0       ??_ECFrameWnd@@UAEPAXI@Z   00405ca0 f i ChildFrm.obj
 0001:00004cc0       ??1CFrameWnd@@UAE@XZ       00405cc0 f i ChildFrm.obj
 0001:00004ec0       ?_ProcessWindowMessage@CFrameWnd@@UAEHPAUHWND__@@IIJAAJ@Z 00405ec0 f i ChildFrm.obj
 0001:00005d50       ?PostMessageA@CWindow@ATL@@QAEHIIJ@Z 00406d50 f i ChildFrm.obj
 0001:00005d70       ?DestroyMenu@?$CMenuT@$00@WTL@@QAEHXZ 00406d70 f i ChildFrm.obj
 0001:00005d90       ?OnIdle@CCmdUI@@QAEHPAVCCmdTarget@@H@Z 00406d90 f i ChildFrm.obj
 0001:00005e00       ?GetParentFrame@CWnd@@QAEPAVCFrameWnd@@XZ 00406e00 f i ChildFrm.obj
 0001:00005fa0       ?GetTopLevelParent@CWnd@@QAEPAV1@XZ 00406fa0 f i ChildFrm.obj
 0001:00006110       ?GetDescendantWindow@CWnd@@QAEPAV1@HH@Z 00407110 f i ChildFrm.obj
 0001:00006290       ?GetDescendantWindow@CWnd@@QAEPAV1@PAUHWND__@@HH@Z 00407290 f i ChildFrm.obj
 0001:00006410       ?Enable@CCmdUI@@UAEXH@Z    00407410 f i ChildFrm.obj
 0001:00006550       ?SetCheck@CCmdUI@@UAEXH@Z  00407550 f i ChildFrm.obj
 0001:000065c0       ?SetRadio@CCmdUI@@UAEXH@Z  004075c0 f i ChildFrm.obj
 0001:00006610       ?SetText@CCmdUI@@UAEXPBD@Z 00407610 f i ChildFrm.obj
 0001:000066e0       ?OnBarCheck@CFrameWnd@@QAEHI@Z 004076e0 f i ChildFrm.obj
 0001:00006890       ?OnUpdateControlBarMenu@CFrameWnd@@QAEXPAVCCmdUI@@@Z 00407890 f i ChildFrm.obj
 0001:00006900       ?OnIdleUpdateCmdUI@CFrameWnd@@QAEXXZ 00407900 f i ChildFrm.obj
 0001:00006990       ?OnPopMessageString@CFrameWnd@@QAEJIJ@Z 00407990 f i ChildFrm.obj
 0001:000069c0       ?OnSetMessageString@CFrameWnd@@QAEJIJ@Z 004079c0 f i ChildFrm.obj
 0001:00006b80       ?CopyBeforeWrite@CString@WTL@@IAEXXZ 00407b80 f i ChildFrm.obj
 0001:00006c20       ?AfxLoadString@CAfx@@SAHIPADI@Z 00407c20 f i ChildFrm.obj
 0001:00006ce0       ?OnToolTipText@CFrameWnd@@QAEHIPAUtagNMHDR@@PAJ@Z 00407ce0 f i ChildFrm.obj
 0001:00006f10       ?Empty@CString@WTL@@QAEXXZ 00407f10 f i ChildFrm.obj
 0001:00007030       ?GetBufferSetLength@CString@WTL@@QAEPADH@Z 00408030 f i ChildFrm.obj
 0001:00007100       ?AtlGetStringResourceImage@CAfx@@SAPBUATLSTRINGRESOURCEIMAGE@@PAUHINSTANCE__@@I@Z 00408100 f i ChildFrm.obj
 0001:00007190       ?OnUpdateKeyIndicator@CFrameWnd@@QAEXPAVCCmdUI@@@Z 00408190 f i ChildFrm.obj
 0001:00007200       ?DestroyDockBars@CFrameWnd@@QAEXXZ 00408200 f i ChildFrm.obj
 0001:000073e0       ??1?$CList@PAUCRuntimeClass@@ABQAU1@@@QAE@XZ 004083e0 f i ChildFrm.obj
 0001:000073e0       ??1?$CList@PAVCFrameWnd@@ABQAV1@@@QAE@XZ 004083e0 f i ChildFrm.obj
 0001:000073e0       ??1?$CList@PAXPAX@@QAE@XZ  004083e0 f i ChildFrm.obj
 0001:000073e0       ??1?$CList@PAUHWND__@@PAU1@@@QAE@XZ 004083e0 f i ChildFrm.obj
 0001:00007400       ?IsDerivedFrom@CRuntimeClass@@QBEHPBU1@@Z 00408400 f i ChildFrm.obj
 0001:00007420       ?SetMenuBarState@CFrameWnd@@QAEHK@Z 00408420 f i ChildFrm.obj
 0001:00007490       ?OnSetPreviewMode@CFrameWnd@@UAEXHPAUCPrintPreviewState@@@Z 00408490 f i ChildFrm.obj
 0001:000078f0       ?AfxGetParentOwner@CWnd@@SAPAUHWND__@@PAU2@@Z 004088f0 f i ChildFrm.obj
 0001:00007990       ?GetOwner@CWnd@@QAEPAV1@XZ 00408990 f i ChildFrm.obj
 0001:00007ad0       ?IsFloating@CControlBar@@QBEHXZ 00408ad0 f i ChildFrm.obj
 0001:00007b00       ?OnCloseDocument@CDocument@@QAEXXZ 00408b00 f i ChildFrm.obj
 0001:00007be0       ?GetDefaultAccelerator@CFrameWnd@@UAEPAUHACCEL__@@XZ 00408be0 f i ChildFrm.obj
 0001:00007c00       ?OnUpdateFrameMenu@CFrameWnd@@UAEXPAUHMENU__@@@Z 00408c00 f i ChildFrm.obj
 0001:00007c40       ?OnUpdateFrameTitle@CFrameWnd@@UAEXH@Z 00408c40 f i ChildFrm.obj
 0001:00007c90       ?UpdateFrameTitleForDocument@CFrameWnd@@QAEXPBD@Z 00408c90 f i ChildFrm.obj
 0001:00007e90       ??1CDocument@@QAE@XZ       00408e90 f i ChildFrm.obj
 0001:00007f90       ?DefWindowProcA@CMDIChildWnd@@UAEJIIJ@Z 00408f90 f i ChildFrm.obj
 0001:00007fb0       ?OnMouseActivate@CMDIChildWnd@@QAEHPAVCWnd@@II@Z 00408fb0 f i ChildFrm.obj
 0001:00008160       ?OnNcCreate@CMDIChildWnd@@QAEHPAUtagCREATESTRUCTA@@@Z 00409160 f i ChildFrm.obj
 0001:000081b0       ?OnToolTipText@CMDIChildWnd@@QAEHIPAUtagNMHDR@@PAJ@Z 004091b0 f i ChildFrm.obj
 0001:000081f0       ?OnSize@CMDIChildWnd@@QAEXIHH@Z 004091f0 f i ChildFrm.obj
 0001:00008300       ?OnUpdateFrameMenu@CMDIChildWnd@@QAEXHPAVCWnd@@PAUHMENU__@@@Z 00409300 f i ChildFrm.obj
 0001:000083d0       ?OnUpdateFrameTitle@CMDIChildWnd@@UAEXH@Z 004093d0 f i ChildFrm.obj
 0001:00008530       ?OnWindowPosChanging@CMDIChildWnd@@QAEXPAUtagWINDOWPOS@@@Z 00409530 f i ChildFrm.obj
 0001:000086e0       ?ActivateFrame@CMDIChildWnd@@UAEXH@Z 004096e0 f i ChildFrm.obj
 0001:00008940       ?BringToTop@CFrameWnd@@QAEXH@Z 00409940 f i ChildFrm.obj
 0001:00008970       ?DestroyWindow@CMDIChildWnd@@UAEHXZ 00409970 f i ChildFrm.obj
 0001:00008b60       ?GetMDIFrame@CMDIChildWnd@@QAEPAVCMDIFrameWnd@@XZ 00409b60 f i ChildFrm.obj
 0001:00008c20       ?PreTranslateMessage@CMDIChildWnd@@UAEHPAUtagMSG@@@Z 00409c20 f i ChildFrm.obj
 0001:00008d80       ?UpdateClientEdge@CMDIChildWnd@@QAEHPAUtagRECT@@@Z 00409d80 f i ChildFrm.obj
 0001:00008f20       ?MDIGetActive@CMDIFrameWnd@@QBEPAVCMDIChildWnd@@PAH@Z 00409f20 f i ChildFrm.obj
 0001:00009030       ?LoadFrame@CMDIChildWnd@@UAEHIKPAVCWnd@@PAUCCreateContext@@@Z 0040a030 f i ChildFrm.obj
 0001:00009330       ?FromHandleWnd@CModuleThreadState@@QAEPAVCWMHnd@@PAUHWND__@@PAV2@0P6APAXPAX2@Z@Z 0040a330 f i ChildFrm.obj
 0001:00009400       ?FromHandleMenu@CModuleThreadState@@QAEPAVCMenuMTL@@PAUHMENU__@@PAV2@PAUHWND__@@P6APAXPAX3@Z@Z 0040a400 f i ChildFrm.obj
 0001:00009490       ?RemoveHandleMenu@CModuleThreadState@@QAEPAUHMENU__@@PAU2@@Z 0040a490 f i ChildFrm.obj
 0001:00009500       ?RemoveHandleDC@CModuleThreadState@@QAEPAUHDC__@@PAU2@@Z 0040a500 f i ChildFrm.obj
 0001:00009570       ?GetCModuleState@CWinApp@@SAPAVCModuleState@@XZ 0040a570 f i ChildFrm.obj
 0001:000095b0       ?CloseAllDocuments@CWinApp@@QAEXH@Z 0040a5b0 f i ChildFrm.obj
 0001:00009710       ?HideApplication@CWinApp@@QAEXXZ 0040a710 f i ChildFrm.obj
 0001:00009760       ?SaveAllModified@CWinApp@@QAEHXZ 0040a760 f i ChildFrm.obj
 0001:000097d0       ?cModuleState@?1??GetCModuleState@CWinApp@@SAPAVCModuleState@@XZ@$AV2@A 0040a7d0 f i ChildFrm.obj
 0001:000097e0       ??1CModuleState@@QAE@XZ    0040a7e0 f i ChildFrm.obj
 0001:00009870       ?FromHandle@CWnd@@SAPAV1@PAUHWND__@@PAV1@0P6APAXPAX2@Z@Z 0040a870 f i ChildFrm.obj
 0001:00009940       ?OnCmdMsg@CFrameWnd@@UAEHIHPAXPAUAFX_CMDHANDLERINFO@@@Z 0040a940 f i ChildFrm.obj
 0001:00009aa0       ?OnDestroy@CFrameWnd@@QAEXXZ 0040aaa0 f i ChildFrm.obj
 0001:00009b10       ?Create@CMDIChildWnd@@UAEHPBD0KABUtagRECT@@PAVCMDIFrameWnd@@PAUCCreateContext@@@Z 0040ab10 f i ChildFrm.obj
 0001:00009d30       ?PreTranslateMessage@CWnd@@UAEHPAUtagMSG@@@Z 0040ad30 f i ChildFrm.obj
 0001:00009d80       ?GetRuntimeClass@CMainFrame@@UBEPAUCRuntimeClass@@XZ 0040ad80 f   MainFrm.obj
 0001:00009d90       ??0CMainFrame@@QAE@XZ      0040ad90 f   MainFrm.obj
 0001:00009f50       ?_ProcessWindowMessage@CMainFrame@@UAEHPAUHWND__@@IIJAAJ@Z 0040af50 f i MainFrm.obj
 0001:00009f90       ??_GCMainFrame@@UAEPAXI@Z  0040af90 f i MainFrm.obj
 0001:00009f90       ??_ECMainFrame@@UAEPAXI@Z  0040af90 f i MainFrm.obj
 0001:00009fb0       ??1CMainFrame@@UAE@XZ      0040afb0 f   MainFrm.obj
 0001:0000a1f0       ?OnCreate@CMainFrame@@IAEHPAUtagCREATESTRUCTA@@@Z 0040b1f0 f   MainFrm.obj
 0001:0000a400       ?PreCreateWindow@CMainFrame@@UAEHAAUtagCREATESTRUCTA@@@Z 0040b400 f   MainFrm.obj
 0001:0000a700       ?Find@?$CList@PAXPAX@@QBEPAU__POSITION@@PAXPAU2@@Z 0040b700 f i MainFrm.obj
 0001:0000a730       ?RemoveAt@?$CList@PAXPAX@@QAEXPAU__POSITION@@@Z 0040b730 f i MainFrm.obj
 0001:0000a730       ?RemoveAt@?$CList@PAVCFrameWnd@@ABQAV1@@@QAEXPAU__POSITION@@@Z 0040b730 f i MainFrm.obj
 0001:0000a790       ?Find@?$CList@PAVCFrameWnd@@ABQAV1@@@QBEPAU__POSITION@@ABQAVCFrameWnd@@PAU2@@Z 0040b790 f i MainFrm.obj
 0001:0000a7c0       ?GetAfxData@CAfx@@SAABU_AUX_DATA@@XZ 0040b7c0 f i MainFrm.obj
 0001:0000a8b0       ??0CWMHnd@@QAE@PAUHWND__@@@Z 0040b8b0 f i MainFrm.obj
 0001:0000a8e0       ??0CWnd@@QAE@PAUHWND__@@@Z 0040b8e0 f i MainFrm.obj
 0001:0000a920       ??0CControlBar@@QAE@XZ     0040b920 f i MainFrm.obj
 0001:0000aa70       ?WindowProc@CControlBar@@UAEJIIJ@Z 0040ba70 f i MainFrm.obj
 0001:0000ad20       ?CalcDynamicLayout@CControlBar@@UAE?AVCSize@WTL@@HK@Z 0040bd20 f i MainFrm.obj
 0001:0000ad50       ?CalcFixedLayout@CControlBar@@UAE?AVCSize@WTL@@HH@Z 0040bd50 f i MainFrm.obj
 0001:0000ad90       ?EnableDocking@CControlBar@@QAEXK@Z 0040bd90 f i MainFrm.obj
 0001:0000af10       ??0_AUX_DATA@@QAE@XZ       0040bf10 f i MainFrm.obj
 0001:0000afb0       ?GetDockingFrame@CControlBar@@QAEPAVCFrameWnd@@XZ 0040bfb0 f i MainFrm.obj
 0001:0000b170       ?IsVisible@CControlBar@@UBEHXZ 0040c170 f i MainFrm.obj
 0001:0000b1a0       ?PostNcDestroy@CControlBar@@UAEXXZ 0040c1a0 f i MainFrm.obj
 0001:0000b1c0       ?PreCreateWindow@CControlBar@@UAEHAAUtagCREATESTRUCTA@@@Z 0040c1c0 f i MainFrm.obj
 0001:0000b520       ??_ECControlBar@@UAEPAXI@Z 0040c520 f i MainFrm.obj
 0001:0000b520       ??_GCControlBar@@UAEPAXI@Z 0040c520 f i MainFrm.obj
 0001:0000b540       ?_ProcessWindowMessage@CControlBar@@UAEHPAUHWND__@@IIJAAJ@Z 0040c540 f i MainFrm.obj
 0001:0000b7c0       ?AddTail@?$CList@PAXPAX@@QAEPAU__POSITION@@PAX@Z 0040c7c0 f i MainFrm.obj
 0001:0000b7f0       ?OnInitialUpdate@CControlBar@@QAEXXZ 0040c7f0 f i MainFrm.obj
 0001:0000b960       ?OnSizeParent@CControlBar@@QAEJIJ@Z 0040c960 f i MainFrm.obj
 0001:0000bbf0       ?OnBarStyleChange@CStatusBar@@UAEXKK@Z 0040cbf0 f i MainFrm.obj
 0001:0000bc20       ?OnUpdateCmdUI@CStatusBar@@UAEXPAVCFrameWnd@@H@Z 0040cc20 f i MainFrm.obj
 0001:0000bd10       ?UpdateDialogControls@CWnd@@QAEXPAVCCmdTarget@@H@Z 0040cd10 f i MainFrm.obj
 0001:0000bef0       ?CalcFixedLayout@CStatusBar@@UAE?AVCSize@WTL@@HH@Z 0040cef0 f i MainFrm.obj
 0001:0000c0e0       ??0?$CHandleWrapper@VCRgnMTL@@PAUHRGN__@@V?$CRgnT@$00@WTL@@@@QAE@PAUHRGN__@@@Z 0040d0e0 f i MainFrm.obj
 0001:0000c0e0       ??0?$CHandleWrapper@VCBrushMTL@@PAUHBRUSH__@@V?$CBrushT@$00@WTL@@@@QAE@PAUHBRUSH__@@@Z 0040d0e0 f i MainFrm.obj
 0001:0000c0e0       ??0?$CHandleWrapper@VCPenMTL@@PAUHPEN__@@V?$CPenT@$00@WTL@@@@QAE@PAUHPEN__@@@Z 0040d0e0 f i MainFrm.obj
 0001:0000c0e0       ??0?$CHandleWrapper@VCDCMTL@@PAUHDC__@@V?$CDCT@$00@WTL@@@@QAE@PAUHDC__@@@Z 0040d0e0 f i MainFrm.obj
 0001:0000c100       ??_ECClientDCMTL@@UAEPAXI@Z 0040d100 f i MainFrm.obj
 0001:0000c100       ??_GCClientDCMTL@@UAEPAXI@Z 0040d100 f i MainFrm.obj
 0001:0000c120       ??1CClientDCMTL@@UAE@XZ    0040d120 f i MainFrm.obj
 0001:0000c200       ?CalcInsideRect@CControlBar@@QBEXAAVCRect@WTL@@H@Z 0040d200 f i MainFrm.obj
 0001:0000c2f0       ?Create@CStatusBar@@UAEHPAVCWnd@@KI@Z 0040d2f0 f i MainFrm.obj
 0001:0000c310       ?CreateEx@CStatusBar@@UAEHPAVCWnd@@KKI@Z 0040d310 f i MainFrm.obj
 0001:0000c3d0       ?AfxEndDeferRegisterClass@CAfx@@SAHJ@Z 0040d3d0 f i MainFrm.obj
 0001:0000c960       ?PreCreateWindow@CStatusBar@@UAEHAAUtagCREATESTRUCTA@@@Z 0040d960 f i MainFrm.obj
 0001:0000cc90       ?SetIndicators@CStatusBar@@QAEHPBIH@Z 0040dc90 f i MainFrm.obj
 0001:0000cfd0       ??1?$CHandleWrapper@VCDCMTL@@PAUHDC__@@V?$CDCT@$00@WTL@@@@UAE@XZ 0040dfd0 f i MainFrm.obj
 0001:0000d0a0       ??0CDCMTL@@QAE@PAUHDC__@@@Z 0040e0a0 f i MainFrm.obj
 0001:0000d0d0       ?AllocElements@CControlBar@@QAEHHH@Z 0040e0d0 f i MainFrm.obj
 0001:0000d120       ?UpdateAllPanes@CStatusBar@@QAEXHH@Z 0040e120 f i MainFrm.obj
 0001:0000d410       ?ConstructElements@@YAXPAPAXJ@Z 0040e410 f i MainFrm.obj
 0001:0000d410       ?ConstructElements@@YAXPAHJ@Z 0040e410 f i MainFrm.obj
 0001:0000d420       ??_GCStatusBar@@UAEPAXI@Z  0040e420 f i MainFrm.obj
 0001:0000d420       ??_ECStatusBar@@UAEPAXI@Z  0040e420 f i MainFrm.obj
 0001:0000d440       ??1CStatusBar@@UAE@XZ      0040e440 f i MainFrm.obj
 0001:0000d5c0       ?_ProcessWindowMessage@CStatusBar@@UAEHPAUHWND__@@IIJAAJ@Z 0040e5c0 f i MainFrm.obj
 0001:0000d8c0       ?EraseNonClient@CControlBar@@QAEXXZ 0040e8c0 f i MainFrm.obj
 0001:0000db50       ?Draw3dRect@?$CDCT@$00@WTL@@QAEXHHHHKK@Z 0040eb50 f i MainFrm.obj
 0001:0000dcb0       ??1CWindowDCMTL@@UAE@XZ    0040ecb0 f i MainFrm.obj
 0001:0000dd90       ??_ECWindowDCMTL@@UAEPAXI@Z 0040ed90 f i MainFrm.obj
 0001:0000dd90       ??_GCWindowDCMTL@@UAEPAXI@Z 0040ed90 f i MainFrm.obj
 0001:0000ddb0       ?OnSetMinHeight@CStatusBar@@QAEJIJ@Z 0040edb0 f i MainFrm.obj
 0001:0000dde0       ?CommandToIndex@CStatusBar@@QBEHI@Z 0040ede0 f i MainFrm.obj
 0001:0000de10       ?SetPaneText@CStatusBar@@QAEHHPBDH@Z 0040ee10 f i MainFrm.obj
 0001:0000dfe0       ?Release@CString@WTL@@IAEXXZ 0040efe0 f i MainFrm.obj
 0001:0000e020       ?Enable@CStatusCmdUI@@UAEXH@Z 0040f020 f i MainFrm.obj
 0001:0000e1e0       ?SetCheck@CStatusCmdUI@@UAEXH@Z 0040f1e0 f i MainFrm.obj
 0001:0000e390       ?SetText@CStatusCmdUI@@UAEXPBD@Z 0040f390 f i MainFrm.obj
 0001:0000e520       ??_ECDockContext@@UAEPAXI@Z 0040f520 f i MainFrm.obj
 0001:0000e520       ??_GCDockContext@@UAEPAXI@Z 0040f520 f i MainFrm.obj
 0001:0000e610       ?RemoveAt@?$CArray@PAXABQAX@@QAEXJJ@Z 0040f610 f i MainFrm.obj
 0001:0000e650       ?GetDockedCount@CDockBar@@QBEHXZ 0040f650 f i MainFrm.obj
 0001:0000e680       ?RemovePlaceHolder@CDockBar@@QAEXPAVCControlBar@@@Z 0040f680 f i MainFrm.obj
 0001:0000e720       ?OnBarStyleChange@CToolBar@@UAEXKK@Z 0040f720 f i MainFrm.obj
 0001:0000e760       ?OnToolHitTest@CToolBar@@UBEJVCPoint@WTL@@PAUtagTOOLINFOA@@@Z 0040f760 f i MainFrm.obj
 0001:0000e980       ??0CRect@WTL@@QAE@XZ       0040f980 f i MainFrm.obj
 0001:0000e990       ?OnUpdateCmdUI@CToolBar@@UAEXPAVCFrameWnd@@H@Z 0040f990 f i MainFrm.obj
 0001:0000eb20       ?CalcDynamicLayout@CToolBar@@UAE?AVCSize@WTL@@HK@Z 0040fb20 f i MainFrm.obj
 0001:0000eb70       ?CalcFixedLayout@CToolBar@@UAE?AVCSize@WTL@@HH@Z 0040fb70 f i MainFrm.obj
 0001:0000eba0       ?CalcLayout@CToolBar@@QAE?AVCSize@WTL@@KH@Z 0040fba0 f i MainFrm.obj
 0001:0000f270       ?SetWindowPos@CWMHnd@@QAEHPBV1@HHHHI@Z 00410270 f i MainFrm.obj
 0001:0000f2b0       ?CalcSize@CToolBar@@QAE?AVCSize@WTL@@PAU_TBBUTTON@@H@Z 004102b0 f i MainFrm.obj
 0001:0000f4c0       ?Create@CToolBar@@UAEHPAVCWnd@@KI@Z 004104c0 f i MainFrm.obj
 0001:0000f510       ?CreateEx@CToolBar@@UAEHPAVCWnd@@KKVCRect@WTL@@I@Z 00410510 f i MainFrm.obj
 0001:0000f730       ?Layout@CToolBar@@QAEXXZ   00410730 f i MainFrm.obj
 0001:0000f790       ?_SetButton@CToolBar@@QAEXHPAU_TBBUTTON@@@Z 00410790 f i MainFrm.obj
 0001:0000f940       ?SetButtons@CToolBar@@QAEHPBIH@Z 00410940 f i MainFrm.obj
 0001:0000fa80       ?SetSizes@CToolBar@@QAEXUtagSIZE@@0@Z 00410a80 f i MainFrm.obj
 0001:0000fb30       ?SizeToolBar@CToolBar@@QAEXPAU_TBBUTTON@@HHH@Z 00410b30 f i MainFrm.obj
 0001:0000fe80       ?WrapToolBar@CToolBar@@QAEHPAU_TBBUTTON@@HH@Z 00410e80 f i MainFrm.obj
 0001:0000ff70       ??_ECToolBar@@UAEPAXI@Z    00410f70 f i MainFrm.obj
 0001:0000ff70       ??_GCToolBar@@UAEPAXI@Z    00410f70 f i MainFrm.obj
 0001:0000ff90       ??1CToolBar@@UAE@XZ        00410f90 f i MainFrm.obj
 0001:00010110       ?_ProcessWindowMessage@CToolBar@@UAEHPAUHWND__@@IIJAAJ@Z 00411110 f i MainFrm.obj
 0001:00010630       ?OnLButtonDown@CControlBar@@QAEXIVCPoint@WTL@@@Z 00411630 f i MainFrm.obj
 0001:000106a0       ?OnLButtonDblClk@CControlBar@@QAEXIVCPoint@WTL@@@Z 004116a0 f i MainFrm.obj
 0001:00010870       ?GetNext@?$CList@PAXPAX@@QBEABQAXAAPAU__POSITION@@@Z 00411870 f i MainFrm.obj
 0001:00010890       ?OnPreserveSizingPolicyHelper@CToolBar@@QAEJIJ@Z 00411890 f i MainFrm.obj
 0001:00010ba0       ?_AfxModifyStyle@CWMHnd@@SAHPAUHWND__@@HKKI@Z 00411ba0 f i MainFrm.obj
 0001:00010c00       ?ModifyStyle@CWMHnd@@QAEHKKI@Z 00411c00 f i MainFrm.obj
 0001:00010c60       ?OnPreserveZeroBorderHelper@CToolBar@@QAEJIJ@Z 00411c60 f i MainFrm.obj
 0001:00010d20       ?OnSetButtonSize@CToolBar@@QAEJIJ@Z 00411d20 f i MainFrm.obj
 0001:00010df0       ?OnSetBitmapSize@CToolBar@@QAEJIJ@Z 00411df0 f i MainFrm.obj
 0001:00010ec0       ?DrawBorders@CControlBar@@QAEXPAVCDCMTL@@AAVCRect@WTL@@@Z 00411ec0 f i MainFrm.obj
 0001:000112e0       ?FillSolidRect@?$CDCT@$00@WTL@@QAEXPBUtagRECT@@K@Z 004122e0 f i MainFrm.obj
 0001:00011330       ?Enable@CToolCmdUI@@UAEXH@Z 00412330 f i MainFrm.obj
 0001:00011560       ?SetCheck@CToolCmdUI@@UAEXH@Z 00412560 f i MainFrm.obj
 0001:00011790       ?DockControlBar@CFrameWnd@@QAEXPAVCControlBar@@PAVCDockBar@@PBUtagRECT@@@Z 00412790 f i MainFrm.obj
 0001:00011a80       ?Add@?$CArray@PAXABQAX@@QAEJABQAX@Z 00412a80 f i MainFrm.obj
 0001:00011bb0       ?AfxSetWindowText@CAfx@@SAXPAUHWND__@@PBD@Z 00412bb0 f i MainFrm.obj
 0001:00011c30       ?ScreenToClient@CWMHnd@@QBEXPAUtagRECT@@@Z 00412c30 f i MainFrm.obj
 0001:00011c60       ?SetParent@CWnd@@QAEPAV1@PAV1@@Z 00412c60 f i MainFrm.obj
 0001:00011d30       ?Insert@CDockBar@@QAEHPAVCControlBar@@VCRect@WTL@@VCPoint@4@@Z 00412d30 f i MainFrm.obj
 0001:00011fe0       ?InsertAt@?$CArray@PAXABQAX@@QAEXJABQAXJ@Z 00412fe0 f i MainFrm.obj
 0001:00012270       ?SetSize@?$CArray@PAXABQAX@@QAEXJJ@Z 00413270 f i MainFrm.obj
 0001:00012390       ?ReDockControlBar@CFrameWnd@@QAEXPAVCControlBar@@PAVCDockBar@@PBUtagRECT@@@Z 00413390 f i MainFrm.obj
 0001:000124a0       ?StartDrag@CDockContext@@UAEXVCPoint@WTL@@@Z 004134a0 f i MainFrm.obj
 0001:00012c40       ?GetDCEx@CWMHnd@@QAEPAVCDCMTL@@PAVCRgnMTL@@K@Z 00413c40 f i MainFrm.obj
 0001:00012cf0       ?NewNode@?$CHandleList@PAUHMENU__@@VCMenuMTL@@PAUHWND__@@@@QAEPAV?$CHandlePair@PAUHMENU__@@PAVCMenuMTL@@PAUHWND__@@@@PAUHMENU__@@@Z 00413cf0 f i MainFrm.obj
 0001:00012cf0       ?NewNode@?$CHandleList@PAXVCGdiObject@@PAUHWND__@@@@QAEPAV?$CHandlePair@PAXPAVCGdiObject@@PAUHWND__@@@@PAX@Z 00413cf0 f i MainFrm.obj
 0001:00012cf0       ?NewNode@?$CHandleList@PAUHDC__@@VCDCMTL@@PAUHWND__@@@@QAEPAV?$CHandlePair@PAUHDC__@@PAVCDCMTL@@PAUHWND__@@@@PAUHDC__@@@Z 00413cf0 f i MainFrm.obj
 0001:00012cf0       ?NewNode@?$CHandleHashList@PAUHWND__@@VCWMHnd@@PAU1@$0BB@@@QAEPAV?$CHandlePair@PAUHWND__@@PAVCWMHnd@@PAU1@@@PAUHWND__@@@Z 00413cf0 f i MainFrm.obj
 0001:00012d30       ?classHandleFuncCDCMTL@CDCMTL@@SAPAXPAX0@Z 00413d30 f i MainFrm.obj
 0001:00012d80       ?DrawFocusRect@CDockContext@@QAEXH@Z 00413d80 f i MainFrm.obj
 0001:00012ff0       ?FromHandle@?$CHandleList@PAUHMENU__@@VCMenuMTL@@PAUHWND__@@@@QAEPAVCMenuMTL@@QAUHMENU__@@PAV2@QAUHWND__@@Q6APAXPAX3@Z@Z 00413ff0 f i MainFrm.obj
 0001:00012ff0       ?FromHandle@?$CHandleList@PAXVCGdiObject@@PAUHWND__@@@@QAEPAVCGdiObject@@QAXPAV2@QAUHWND__@@Q6APAXPAX3@Z@Z 00413ff0 f i MainFrm.obj
 0001:00013070       ?classHandleFuncCBrushMTL@CBrushMTL@@SAPAXPAX0@Z 00414070 f i MainFrm.obj
 0001:000130b0       ??_ECBrushMTL@@UAEPAXI@Z   004140b0 f i MainFrm.obj
 0001:000130b0       ??_GCBrushMTL@@UAEPAXI@Z   004140b0 f i MainFrm.obj
 0001:000130d0       ??1CBrushMTL@@UAE@XZ       004140d0 f i MainFrm.obj
 0001:000131a0       ?DrawDragRect@CDCMTL@@QAEXPBUtagRECT@@UtagSIZE@@01PAVCBrushMTL@@2@Z 004141a0 f i MainFrm.obj
 0001:000136b0       ??1?$CHandleWrapper@VCRgnMTL@@PAUHRGN__@@V?$CRgnT@$00@WTL@@@@UAE@XZ 004146b0 f i MainFrm.obj
 0001:00013780       ?HalftoneBrush@CAfx@@SAPAUHBRUSH__@@H@Z 00414780 f i MainFrm.obj
 0001:00013810       ?classHandleFuncCGdiObject@CGdiObject@@SAPAXPAX0@Z 00414810 f i MainFrm.obj
 0001:00013850       ??_GCGdiObject@@UAEPAXI@Z  00414850 f i MainFrm.obj
 0001:00013850       ??_ECGdiObject@@UAEPAXI@Z  00414850 f i MainFrm.obj
 0001:00013870       ??1CGdiObject@@UAE@XZ      00414870 f i MainFrm.obj
 0001:00013940       ??1CGdiobj@@QAE@XZ         00414940 f i MainFrm.obj
 0001:00013960       ??_ECRgnMTL@@UAEPAXI@Z     00414960 f i MainFrm.obj
 0001:00013960       ??_GCRgnMTL@@UAEPAXI@Z     00414960 f i MainFrm.obj
 0001:00013980       ??1CRgnMTL@@UAE@XZ         00414980 f i MainFrm.obj
 0001:00013a50       ?SelectClipRgn@CDCMTL@@QAEHPAVCRgnMTL@@@Z 00414a50 f i MainFrm.obj
 0001:00013aa0       ?CanDock@CFrameWnd@@QAEKVCRect@WTL@@KPAPAVCDockBar@@@Z 00414aa0 f i MainFrm.obj
 0001:00013ba0       ?StartResize@CDockContext@@UAEXHVCPoint@WTL@@@Z 00414ba0 f i MainFrm.obj
 0001:00013e00       ?EnableDocking@CFrameWnd@@QAEXK@Z 00414e00 f i MainFrm.obj
 0001:00014000       ??1?$CArray@HABH@@QAE@XZ   00415000 f i MainFrm.obj
 0001:00014000       ?RemoveAll@?$CArray@HABH@@QAEXXZ 00415000 f i MainFrm.obj
 0001:00014000       ??1?$CArray@PAXABQAX@@QAE@XZ 00415000 f i MainFrm.obj
 0001:00014000       ?RemoveAll@?$CArray@PAXABQAX@@QAEXXZ 00415000 f i MainFrm.obj
 0001:00014020       ?SetAtGrow@?$CArray@PAXABQAX@@QAEXJABQAX@Z 00415020 f i MainFrm.obj
 0001:00014160       ?OnBeginPrinting@CView@@UAEXPAVCDCMTL@@PAUCPrintInfo@@@Z 00415160 f i MainFrm.obj
 0001:00014160       ?OnEndPrinting@CView@@UAEXPAVCDCMTL@@PAUCPrintInfo@@@Z 00415160 f i MainFrm.obj
 0001:00014160       ?OnUpdateCmdUI@CDockBar@@UAEXPAVCFrameWnd@@H@Z 00415160 f i MainFrm.obj
 0001:00014160       ?OnBarStyleChange@CControlBar@@UAEXKK@Z 00415160 f i MainFrm.obj
 0001:00014160       ?OnActivateFrame@CView@@UAEXIPAVCFrameWnd@@@Z 00415160 f i MainFrm.obj
 0001:00014170       ?GetDockedVisibleCount@CDockBar@@UBEHXZ 00415170 f i MainFrm.obj
 0001:000141b0       ?IsDockBar@CDockBar@@UBEHXZ 004151b0 f i MainFrm.obj
 0001:000141b0       ?InitInstance@CWinApp@@UAEHXZ 004151b0 f i MainFrm.obj
 0001:000141b0       ?IsFrameWnd@CFrameWnd@@UAEHXZ 004151b0 f i MainFrm.obj
 0001:000141c0       ??_GCDockBar@@UAEPAXI@Z    004151c0 f i MainFrm.obj
 0001:000141c0       ??_ECDockBar@@UAEPAXI@Z    004151c0 f i MainFrm.obj
 0001:000141e0       ??1CDockBar@@UAE@XZ        004151e0 f i MainFrm.obj
 0001:000143a0       ?_ProcessWindowMessage@CDockBar@@UAEHPAUHWND__@@IIJAAJ@Z 004153a0 f i MainFrm.obj
 0001:000146c0       ?OnSizeParent@CDockBar@@QAEJIJ@Z 004156c0 f i MainFrm.obj
 0001:00014910       ?AfxRepositionWindow@CAfx@@SAXPAUAFX_SIZEPARENTPARAMS@@PAUHWND__@@PBUtagRECT@@@Z 00415910 f i MainFrm.obj
 0001:000149d0       ?RemoveControlBar@CFrameWnd@@QAEXPAVCControlBar@@@Z 004159d0 f i MainFrm.obj
 0001:00014a40       ?FloatControlBar@CFrameWnd@@QAEXPAVCControlBar@@VCPoint@WTL@@K@Z 00415a40 f i MainFrm.obj
 0001:00014bf0       ?Create@CMiniDockFrameWnd@@QAEHPAVCWnd@@K@Z 00415bf0 f i MainFrm.obj
 0001:00014f60       ?CanDock@CDockContext@@QAEKXZ 00415f60 f i MainFrm.obj
 0001:00015330       ?Stretch@CDockContext@@QAEXVCPoint@WTL@@@Z 00416330 f i MainFrm.obj
 0001:00015730       ?ToggleDocking@CDockContext@@QAEXXZ 00416730 f i MainFrm.obj
 0001:00015940       ?GetControlBar@CFrameWnd@@QAEPAVCControlBar@@I@Z 00416940 f i MainFrm.obj
 0001:00015990       ?Track@CDockContext@@QAEHXZ 00416990 f i MainFrm.obj
 0001:00015dd0       ?RemoveHandle@?$CHandleList@PAUHDC__@@VCDCMTL@@PAUHWND__@@@@QAEPAUHDC__@@QAU2@@Z 00416dd0 f i MainFrm.obj
 0001:00015e30       ?CancelLoop@CDockContext@@QAEXXZ 00416e30 f i MainFrm.obj
 0001:00016070       ?Move@CDockContext@@QAEXVCPoint@WTL@@@Z 00417070 f i MainFrm.obj
 0001:00016330       ?UpdateState@CDockContext@@QAEXPAHH@Z 00417330 f i MainFrm.obj
 0001:00016740       ?GetDockBar@CDockContext@@QAEPAVCDockBar@@K@Z 00417740 f i MainFrm.obj
 0001:00016970       ?OnIdleUpdateCmdUI@CControlBar@@QAEJIJ@Z 00417970 f i MainFrm.obj
 0001:00016ba0       ?CalcFixedLayout@CDockBar@@UAE?AVCSize@WTL@@HH@Z 00417ba0 f i MainFrm.obj
 0001:00017490       ?DestroyWindow@CControlBar@@UAEHXZ 00418490 f i MainFrm.obj
 0001:00017570       ?DockControlBar@CDockBar@@QAEXPAVCControlBar@@PBUtagRECT@@@Z 00418570 f i MainFrm.obj
 0001:00017a70       ?Size@CRect@WTL@@QBE?AVCSize@2@XZ 00418a70 f i MainFrm.obj
 0001:00017a90       ?FindBar@CDockBar@@QAEHPAVCControlBar@@H@Z 00418a90 f i MainFrm.obj
 0001:00017ac0       ?GetDockedControlBar@CDockBar@@QBEPAVCControlBar@@H@Z 00418ac0 f i MainFrm.obj
 0001:00017ae0       ?ReDockControlBar@CDockBar@@QAEXPAVCControlBar@@PBUtagRECT@@@Z 00418ae0 f i MainFrm.obj
 0001:00017f60       ?RemoveControlBar@CDockBar@@QAEHPAVCControlBar@@HH@Z 00418f60 f i MainFrm.obj
 0001:00018190       ?DefWindowProcA@CMDIFrameWnd@@UAEJIIJ@Z 00419190 f i MainFrm.obj
 0001:000181c0       ?OnCreateClient@CMDIFrameWnd@@UAEHPAUtagCREATESTRUCTA@@PAUCCreateContext@@@Z 004191c0 f i MainFrm.obj
 0001:00018280       ?CreateClient@CMDIFrameWnd@@UAEHPAUtagCREATESTRUCTA@@PAVCMenuMTL@@@Z 00419280 f i MainFrm.obj
 0001:00018350       ?DelayUpdateFrameMenu@CMDIFrameWnd@@UAEXPAUHMENU__@@@Z 00419350 f i MainFrm.obj
 0001:00018380       ?GetActiveFrame@CMDIFrameWnd@@UAEPAVCFrameWnd@@XZ 00419380 f i MainFrm.obj
 0001:00018480       ?GetWindowMenuPopup@CMDIFrameWnd@@UAEPAUHMENU__@@PAU2@@Z 00419480 f i MainFrm.obj
 0001:00018500       ?LoadFrame@CMDIFrameWnd@@UAEHIKPAVCWnd@@PAUCCreateContext@@@Z 00419500 f i MainFrm.obj
 0001:00018540       ?PreCreateWindow@CMDIFrameWnd@@UAEHAAUtagCREATESTRUCTA@@@Z 00419540 f i MainFrm.obj
 0001:00018880       ??_GCMDIFrameWnd@@UAEPAXI@Z 00419880 f i MainFrm.obj
 0001:00018880       ??_ECMDIFrameWnd@@UAEPAXI@Z 00419880 f i MainFrm.obj
 0001:000188a0       ??1CMDIFrameWnd@@UAE@XZ    004198a0 f i MainFrm.obj
 0001:00018a50       ?_ProcessWindowMessage@CMDIFrameWnd@@UAEHPAUHWND__@@IIJAAJ@Z 00419a50 f i MainFrm.obj
 0001:00018e40       ?OnIdleUpdateCmdUI@CMDIFrameWnd@@QAEXXZ 00419e40 f i MainFrm.obj
 0001:00018ef0       ?OnMDIWindowCmd@CMDIFrameWnd@@QAEHI@Z 00419ef0 f i MainFrm.obj
 0001:00018f50       ?OnUpdateMDIWindowCmd@CMDIFrameWnd@@QAEXPAVCCmdUI@@@Z 00419f50 f i MainFrm.obj
 0001:00019050       ?OnCommand@CMDIFrameWnd@@UAEHIJ@Z 0041a050 f i MainFrm.obj
 0001:00019210       ?OnCmdMsg@CMDIFrameWnd@@UAEHIHPAXPAUAFX_CMDHANDLERINFO@@@Z 0041a210 f i MainFrm.obj
 0001:000193e0       ?OnWindowNew@CMDIFrameWnd@@QAEXXZ 0041a3e0 f i MainFrm.obj
 0001:00019490       ?PreTranslateMessage@CMDIFrameWnd@@UAEHPAUtagMSG@@@Z 0041a490 f i MainFrm.obj
 0001:000195c0       ?RemoveHandleWnd@CModuleThreadState@@QAEPAUHWND__@@PAU2@@Z 0041a5c0 f i MainFrm.obj
 0001:00019830       ?FromHandleGdiobj@CModuleThreadState@@QAEPAVCGdiObject@@PAXPAV2@PAUHWND__@@P6APAX00@Z@Z 0041a830 f i MainFrm.obj
 0001:000198c0       ?FromHandle@CBrushMTL@@SAPAV1@PAUHBRUSH__@@PAV1@PAUHWND__@@P6APAXPAX3@Z@Z 0041a8c0 f i MainFrm.obj
 0001:00019950       ?AfxMessageBox@@YAHIII@Z   0041a950 f i MainFrm.obj
 0001:00019b40       ?GetSafeOwner_@CWnd@@SAPAUHWND__@@PAU2@PAPAU2@@Z 0041ab40 f i MainFrm.obj
 0001:00019ca0       ??1CControlBar@@UAE@XZ     0041aca0 f i MainFrm.obj
 0001:00019e60       ?OnDestroy@CControlBar@@QAEXXZ 0041ae60 f i MainFrm.obj
 0001:00019f10       ?OnTimer@CControlBar@@QAEXK@Z 0041af10 f i MainFrm.obj
 0001:0001a1f0       ?PreTranslateMessage@CControlBar@@UAEHPAUtagMSG@@@Z 0041b1f0 f i MainFrm.obj
 0001:0001a590       ?SetStatusText@CControlBar@@UAEHJ@Z 0041b590 f i MainFrm.obj
 0001:0001a6b0       ?AddFrameWnd@CFrameWnd@@QAEXXZ 0041b6b0 f i MainFrm.obj
 0001:0001a710       ?NewNode@?$CList@PAVCFrameWnd@@ABQAV1@@@QAEPAUCNode@1@PAU21@0@Z 0041b710 f i MainFrm.obj
 0001:0001a710       ?NewNode@?$CList@PAXPAX@@QAEPAUCNode@1@PAU21@0@Z 0041b710 f i MainFrm.obj
 0001:0001a710       ?NewNode@?$CList@PAUHWND__@@PAU1@@@QAEPAUCNode@1@PAU21@0@Z 0041b710 f i MainFrm.obj
 0001:0001a750       ?LoadBitmapA@CToolBar@@QAEHPBD@Z 0041b750 f i MainFrm.obj
 0001:0001a9c0       ?_EnableToolTips@CWnd@@QAEHHI@Z 0041b9c0 f i MainFrm.obj
 0001:0001ab00       ?_FilterToolTipMessage@CWnd@@SAXPAUtagMSG@@PAV1@@Z 0041bb00 f i MainFrm.obj
 0001:0001ab10       ?FilterToolTipMessage@CWnd@@QAEXPAUtagMSG@@@Z 0041bb10 f i MainFrm.obj
 0001:0001b350       ??_GCToolTipCtrlMTL@@UAEPAXI@Z 0041c350 f i MainFrm.obj
 0001:0001b350       ??_ECToolTipCtrlMTL@@UAEPAXI@Z 0041c350 f i MainFrm.obj
 0001:0001b370       ??1CToolTipCtrlMTL@@UAE@XZ 0041c370 f i MainFrm.obj
 0001:0001b560       ??0CMdiVC6App@@QAE@XZ      0041c560 f   MdiVC6.obj
 0001:0001b700       ?_ProcessWindowMessage@CMdiVC6App@@UAEHPAUHWND__@@IIJAAJ@Z 0041c700 f i MdiVC6.obj
 0001:0001b940       ??1CMdiVC6App@@QAE@XZ      0041c940 f i MdiVC6.obj
 0001:0001bae0       ?InitInstance@CMdiVC6App@@UAEHXZ 0041cae0 f   MdiVC6.obj
 0001:0001bde0       ??0CAboutDlg@@QAE@XZ       0041cde0 f   MdiVC6.obj
 0001:0001be20       ??_GCAboutDlg@@UAEPAXI@Z   0041ce20 f i MdiVC6.obj
 0001:0001be20       ??_ECAboutDlg@@UAEPAXI@Z   0041ce20 f i MdiVC6.obj
 0001:0001be40       ??1CAboutDlg@@UAE@XZ       0041ce40 f i MdiVC6.obj
 0001:0001c060       ?OnAppAbout@CMdiVC6App@@QAEXXZ 0041d060 f   MdiVC6.obj
 0001:0001c2b0       ??1?$CHandleHashList@PAUHWND__@@VCWMHnd@@PAU1@$0BB@@@QAE@XZ 0041d2b0 f i MdiVC6.obj
 0001:0001c2c0       ??_9@$BBE@AE               0041d2c0 f i MdiVC6.obj
 0001:0001c2d0       ??_9@$BHE@AE               0041d2d0 f i MdiVC6.obj
 0001:0001c2e0       ??_9@$BBI@AE               0041d2e0 f i MdiVC6.obj
 0001:0001c2f0       ??_9@$BHI@AE               0041d2f0 f i MdiVC6.obj
 0001:0001c300       ?ParseParam@CCommandLineInfo@@UAEXPBDHH@Z 0041d300 f i MdiVC6.obj
 0001:0001c400       ??0CRecentFileList@@QAE@IPBD0HH@Z 0041d400 f i MdiVC6.obj
 0001:0001c5f0       ??0CString@WTL@@QAE@XZ     0041d5f0 f i MdiVC6.obj
 0001:0001c600       ?Add@CRecentFileList@@UAEXPBD@Z 0041d600 f i MdiVC6.obj
 0001:0001c850       ?_AfxFullPath2@CAfx@@SAHPADPBDPAVCFileException@@@Z 0041d850 f i MdiVC6.obj
 0001:0001caa0       ?GetDisplayName@CRecentFileList@@UBEHAAVCString@WTL@@HPBDHH@Z 0041daa0 f i MdiVC6.obj
 0001:0001cd70       ?_AfxAbbreviateName@CAfx@@SAXPADHH@Z 0041dd70 f i MdiVC6.obj
 0001:0001cea0       ?AfxComparePath@CAfx@@SAHPBD0@Z 0041dea0 f i MdiVC6.obj
 0001:0001cf80       ?AfxGetFileName@CAfx@@SAIPBDPADI@Z 0041df80 f i MdiVC6.obj
 0001:0001cfb0       ?Remove@CRecentFileList@@UAEXH@Z 0041dfb0 f i MdiVC6.obj
 0001:0001d1c0       ??_GCRecentFileList@@UAEPAXI@Z 0041e1c0 f i MdiVC6.obj
 0001:0001d1c0       ??_ECRecentFileList@@UAEPAXI@Z 0041e1c0 f i MdiVC6.obj
 0001:0001d1e0       ??1CRecentFileList@@UAE@XZ 0041e1e0 f i MdiVC6.obj
 0001:0001d2e0       ?classHandleFuncCDialog@CDialog@@SAPAXPAX0@Z 0041e2e0 f i MdiVC6.obj
 0001:0001d350       ?OnOK@CDialog@@UAEXXZ      0041e350 f i MdiVC6.obj
 0001:0001d3c0       ?OnCancel@CDialog@@UAEXXZ  0041e3c0 f i MdiVC6.obj
 0001:0001d3f0       ?OnInitDialog@CDialog@@UAEHXZ 0041e3f0 f i MdiVC6.obj
 0001:0001d4c0       ?ExecuteDlgInit@CWnd@@QAEHPAX@Z 0041e4c0 f i MdiVC6.obj
 0001:0001d5a0       ?Create@CDialog@@UAEHIPAVCWnd@@@Z 0041e5a0 f i MdiVC6.obj
 0001:0001d5c0       ?Create@CDialog@@UAEHPBDPAVCWnd@@@Z 0041e5c0 f i MdiVC6.obj
 0001:0001d770       ?AtlModuleAddCreateWndData@ATL@@YGXPAU_ATL_MODULE@1@PAU_AtlCreateWndData@1@PAX@Z 0041e770 f i MdiVC6.obj
 0001:0001d7b0       ?CreateIndirect@CDialog@@UAEHPAXPAVCWnd@@PAUHINSTANCE__@@@Z 0041e7b0 f i MdiVC6.obj
 0001:0001d950       ?DoModal@CDialog@@UAEJXZ   0041e950 f i MdiVC6.obj
 0001:0001dd00       ?PreTranslateMessage@CDialog@@UAEHPAUtagMSG@@@Z 0041ed00 f i MdiVC6.obj
 0001:0001de10       ??_ECDialog@@UAEPAXI@Z     0041ee10 f i MdiVC6.obj
 0001:0001de10       ??_GCDialog@@UAEPAXI@Z     0041ee10 f i MdiVC6.obj
 0001:0001de30       ??1CDialog@@UAE@XZ         0041ee30 f i MdiVC6.obj
 0001:0001e050       ?AfxDlgProc@CWnd@@SGJPAUHWND__@@IIJ@Z 0041f050 f i MdiVC6.obj
 0001:0001e240       ??0CDocTemplate@@QAE@IPAUCRuntimeClass@@00@Z 0041f240 f i MdiVC6.obj
 0001:0001e480       ?OnCmdMsg@CDocTemplate@@UAEHIHPAXPAUAFX_CMDHANDLERINFO@@@Z 0041f480 f i MdiVC6.obj
 0001:0001e480       ?OnCmdMsg@CCmdTarget@@UAEHIHPAXPAUAFX_CMDHANDLERINFO@@@Z 0041f480 f i MdiVC6.obj
 0001:0001e560       ?CreateNewDocument@CDocTemplate@@UAEPAVCDocument@@XZ 0041f560 f i MdiVC6.obj
 0001:0001e590       ?CreateNewFrame@CDocTemplate@@UAEPAVCFrameWnd@@PAVCDocument@@PAV2@@Z 0041f590 f i MdiVC6.obj
 0001:0001e620       ?GetDocString@CDocTemplate@@UBEHAAVCString@WTL@@W4DocStringIndex@1@@Z 0041f620 f i MdiVC6.obj
 0001:0001e820       ?InitialUpdateFrame@CDocTemplate@@UAEXPAVCFrameWnd@@PAVCDocument@@H@Z 0041f820 f i MdiVC6.obj
 0001:0001e920       ?UpdateFrameCounts@CDocument@@QAEXXZ 0041f920 f i MdiVC6.obj
 0001:0001eb90       ?MatchDocType@CDocTemplate@@UAE?AW4Confidence@1@PBDAAPAVCDocument@@@Z 0041fb90 f i MdiVC6.obj
 0001:0001eda0       ??1CDocTemplate@@QAE@XZ    0041fda0 f i MdiVC6.obj
 0001:0001ede0       ?OnFileNew@CDocManager@@UAEXXZ 0041fde0 f i MdiVC6.obj
 0001:0001f040       ?OnInitDialog@CNewTypeDlg@@UAEHXZ 00420040 f i MdiVC6.obj
 0001:0001f340       ?UpdateData@CWMHnd@@QAEHH@Z 00420340 f i MdiVC6.obj
 0001:0001f390       ?OnOK@CNewTypeDlg@@UAEXXZ  00420390 f i MdiVC6.obj
 0001:0001f460       ??_GCNewTypeDlg@@UAEPAXI@Z 00420460 f i MdiVC6.obj
 0001:0001f460       ??_ECNewTypeDlg@@UAEPAXI@Z 00420460 f i MdiVC6.obj
 0001:0001f480       ??1CNewTypeDlg@@UAE@XZ     00420480 f i MdiVC6.obj
 0001:0001f6a0       ?_ProcessWindowMessage@CNewTypeDlg@@UAEHPAUHWND__@@IIJAAJ@Z 004206a0 f i MdiVC6.obj
 0001:0001f770       ?AddDocTemplate@CDocManager@@QAEXPAVCDocTemplate@@@Z 00420770 f i MdiVC6.obj
 0001:0001f7b0       ?GetFirstDocTemplatePosition@CDocManager@@UBEPAU__POSITION@@XZ 004207b0 f i MdiVC6.obj
 0001:0001f7c0       ?GetNextDocTemplate@CDocManager@@UBEPAVCDocTemplate@@AAPAU__POSITION@@@Z 004207c0 f i MdiVC6.obj
 0001:0001f7c0       ?GetNextDoc@CMultiDocTemplate@@UBEPAVCDocument@@AAPAU__POSITION@@@Z 004207c0 f i MdiVC6.obj
 0001:0001f7e0       ?AddDocument@CMultiDocTemplate@@UAEXPAVCDocument@@@Z 004207e0 f i MdiVC6.obj
 0001:0001f820       ?GetFirstDocPosition@CMultiDocTemplate@@UBEPAU__POSITION@@XZ 00420820 f i MdiVC6.obj
 0001:0001f830       ?LoadTemplate@CMultiDocTemplate@@UAEXXZ 00420830 f i MdiVC6.obj
 0001:0001f9a0       ?OpenDocumentFile@CMultiDocTemplate@@UAEPAVCDocument@@PBDH@Z 004209a0 f i MdiVC6.obj
 0001:0001f9c0       ?RemoveDocument@CMultiDocTemplate@@UAEXPAVCDocument@@@Z 004209c0 f i MdiVC6.obj
 0001:0001fa40       ?SetDefaultTitle@CMultiDocTemplate@@UAEXPAVCDocument@@@Z 00420a40 f i MdiVC6.obj
 0001:0001fc80       ?ConcatCopy@CString@WTL@@IAEHHPBDH0@Z 00420c80 f i MdiVC6.obj
 0001:0001fd30       ??_ECMultiDocTemplate@@UAEPAXI@Z 00420d30 f i MdiVC6.obj
 0001:0001fd30       ??_GCMultiDocTemplate@@UAEPAXI@Z 00420d30 f i MdiVC6.obj
 0001:0001fd50       ??1CMultiDocTemplate@@UAE@XZ 00420d50 f i MdiVC6.obj
 0001:0001fe00       ??1CWinThread@@QAE@XZ      00420e00 f i MdiVC6.obj
 0001:0001fe20       ?OnAppExit@CWinApp@@QAEXXZ 00420e20 f i MdiVC6.obj
 0001:0001fe40       ?OnFilePrintSetup@CWinApp@@QAEXXZ 00420e40 f i MdiVC6.obj
 0001:0001fff0       ?GetWindowProc@?$CWindowImplBaseT@VCWindow@ATL@@V?$CWinTraits@$0FGAAAAAA@$0A@@2@@ATL@@UAEP6GJPAUHWND__@@IIJ@ZXZ 00420ff0 f i MdiVC6.obj
 0001:00020000       ?DoModal@?$CPrintDialogImpl@VCPrintDialog@WTL@@@WTL@@QAEJPAUHWND__@@@Z 00421000 f i MdiVC6.obj
 0001:00020070       ?ProcessWindowMessage@?$CPrintDialogImpl@VCPrintDialog@WTL@@@WTL@@UAEHPAUHWND__@@IIJAAJK@Z 00421070 f i MdiVC6.obj
 0001:000200d0       ??0?$CWindowImplBaseT@VCWindow@ATL@@V?$CWinTraits@$0FGAAAAAA@$0A@@2@@ATL@@QAE@XZ 004210d0 f i MdiVC6.obj
 0001:000200f0       ?OnPrintSetup@?$CPrintDialogImpl@VCPrintDialog@WTL@@@WTL@@QAEJGGPAUHWND__@@AAH@Z 004210f0 f i MdiVC6.obj
 0001:00020190       ?WindowProc@?$CWindowImplBaseT@VCWindow@ATL@@V?$CWinTraits@$0FGAAAAAA@$0A@@2@@ATL@@SGJPAUHWND__@@IIJ@Z 00421190 f i MdiVC6.obj
 0001:00020290       ?HookProc@CCommonDialogImplBase@WTL@@SGKPAUHWND__@@IIJ@Z 00421290 f i MdiVC6.obj
 0001:00020380       ?AfxGlobalFree@CAfx@@SAXPAX@Z 00421380 f i MdiVC6.obj
 0001:000203c0       ?_WindowProc@CCommonWnd@@UAEHPAUHWND__@@IIJAAJ@Z 004213c0 f i MdiVC6.obj
 0001:00020560       ?OnOpenRecentFile@CWinApp@@QAEHI@Z 00421560 f i MdiVC6.obj
 0001:000205c0       ?OnUpdateRecentFileMenu@CWinApp@@QAEXPAVCCmdUI@@@Z 004215c0 f i MdiVC6.obj
 0001:000205f0       ?OnFileNew@CWinApp@@UAEXXZ 004215f0 f i MdiVC6.obj
 0001:00020600       ?OnFileOpen@CWinApp@@UAEXXZ 00421600 f i MdiVC6.obj
 0001:00020610       ?OnIdle@CWinApp@@UAEHH@Z   00421610 f i MdiVC6.obj
 0001:00020790       ?ExitInstance@CWinApp@@UAEHXZ 00421790 f i MdiVC6.obj
 0001:00020800       ?OpenDocumentFile@CWinApp@@UAEPAVCDocument@@PBD@Z 00421800 f i MdiVC6.obj
 0001:00020a70       ?PreTranslateMessage@CWinApp@@UAEHPAUtagMSG@@@Z 00421a70 f i MdiVC6.obj
 0001:00020b60       ?ProcessShellCommand@CWinApp@@QAEHAAVCCommandLineInfo@@@Z 00421b60 f i MdiVC6.obj
 0001:00020e10       ?LoadStringA@CString@WTL@@QAEHI@Z 00421e10 f i MdiVC6.obj
 0001:00021030       ??HWTL@@YG?AVCString@0@ABV10@PBD@Z 00422030 f i MdiVC6.obj
 0001:000211c0       ?AfxDelRegTreeHelper@CAfx@@SAJPAUHKEY__@@ABVCString@WTL@@PAVCAtlTransactionManager@@@Z 004221c0 f i MdiVC6.obj
 0001:00021420       ?PumpMessage@CWinApp@@UAEHXZ 00422420 f i MdiVC6.obj
 0001:00021470       ?Run@CWinApp@@UAEHXZ       00422470 f i MdiVC6.obj
 0001:00021510       ?UpdatePrinterSelection@CWinApp@@QAEXH@Z 00422510 f i MdiVC6.obj
 0001:000218b0       ??0CPrintDialog@WTL@@QAE@HKPAUHWND__@@@Z 004228b0 f i MdiVC6.obj
 0001:00021940       ?GetDeviceName@CPrintDialogMTL@@QBE?AVCString@WTL@@XZ 00422940 f i MdiVC6.obj
 0001:00021a90       ?GetDriverName@CPrintDialogMTL@@QBE?AVCString@WTL@@XZ 00422a90 f i MdiVC6.obj
 0001:00021be0       ?GetPortName@CPrintDialogMTL@@QBE?AVCString@WTL@@XZ 00422be0 f i MdiVC6.obj
 0001:00021d30       ??1CModuleThreadState@@QAE@XZ 00422d30 f i MdiVC6.obj
 0001:00021da0       ??1CCommandLineInfo@@QAE@XZ 00422da0 f i MdiVC6.obj
 0001:00021ea0       ?_ProcessWindowMessage@CWinApp@@UAEHPAUHWND__@@IIJAAJ@Z 00422ea0 f i MdiVC6.obj
 0001:00021fa0       ?OnCmdMsg@CDialog@@UAEHIHPAXPAUAFX_CMDHANDLERINFO@@@Z 00422fa0 f i MdiVC6.obj
 0001:00022150       ?OnFileOpen@CDocManager@@UAEXXZ 00423150 f i MdiVC6.obj
 0001:000223a0       ??0CFileDialogMTL@@QAE@HPBD0K0PAVCWnd@@KH@Z 004233a0 f i MdiVC6.obj
 0001:000225f0       ?OnOK@CCommonDialog@@UAEXXZ 004235f0 f i MdiVC6.obj
 0001:00022650       ??_ECCommonDialog@@UAEPAXI@Z 00423650 f i MdiVC6.obj
 0001:00022650       ??_GCCommonDialog@@UAEPAXI@Z 00423650 f i MdiVC6.obj
 0001:00022670       ??1CCommonDialog@@UAE@XZ   00423670 f i MdiVC6.obj
 0001:00022890       ?_ProcessWindowMessage@CAboutDlg@@UAEHPAUHWND__@@IIJAAJ@Z 00423890 f i MdiVC6.obj
 0001:00022890       ?_ProcessWindowMessage@CDialog@@UAEHPAUHWND__@@IIJAAJ@Z 00423890 f i MdiVC6.obj
 0001:00022890       ?_ProcessWindowMessage@CCommonDialog@@UAEHPAUHWND__@@IIJAAJ@Z 00423890 f i MdiVC6.obj
 0001:00022930       ??1CFileDialogMTL@@UAE@XZ  00423930 f i MdiVC6.obj
 0001:00022b40       ?OnInitDone@CFileDialogMTL@@UAEXXZ 00423b40 f i MdiVC6.obj
 0001:00022d70       ?OnLBSelChangedNotify@CFileDialogMTL@@UAEXIII@Z 00423d70 f i MdiVC6.obj
 0001:00022d80       ?OnNotify@CFileDialogMTL@@UAEHIJPAJ@Z 00423d80 f i MdiVC6.obj
 0001:00022f50       ?DoModal@CFileDialogMTL@@UAEJXZ 00423f50 f i MdiVC6.obj
 0001:000230d0       ??_GCFileDialogMTL@@UAEPAXI@Z 004240d0 f i MdiVC6.obj
 0001:000230d0       ??_ECFileDialogMTL@@UAEPAXI@Z 004240d0 f i MdiVC6.obj
 0001:000230f0       ?_AfxAppendFilterSuffix@@YAXAAVCString@WTL@@AAUtagOFNA@@PAVCDocTemplate@@PAV12@@Z 004240f0 f i MdiVC6.obj
 0001:000233d0       ?Mid@CString@WTL@@QBE?AV12@H@Z 004243d0 f i MdiVC6.obj
 0001:00023400       ?Mid@CString@WTL@@QBE?AV12@HH@Z 00424400 f i MdiVC6.obj
 0001:00023580       ?Tokenize@@YA?AVCString@WTL@@AAV12@PADAAH@Z 00424580 f i MdiVC6.obj
 0001:000235b0       ?Tokenize@CAfx@@SA?AVCString@WTL@@AAV23@PADAAH@Z 004245b0 f i MdiVC6.obj
 0001:000236d0       ?_AfxCommDlgProc@CCommonDialog@@SGKPAUHWND__@@IIJ@Z 004246d0 f i MdiVC6.obj
 0001:00023940       ?CenterWindow@CWindow@ATL@@QAEHPAUHWND__@@@Z 00424940 f i MdiVC6.obj
 0001:00023ad0       ?IsKindOf@CObject@@QBEHPBUCRuntimeClass@@@Z 00424ad0 f i MdiVC6.obj
 0001:00023b00       ?AfxResolveShortcut@@YAHPAVCWMHnd@@PBDPADH@Z 00424b00 f i MdiVC6.obj
 0001:00023d80       ?GetClassObject@AFX_COM@@QAEJABU_GUID@@0PAPAX@Z 00424d80 f i MdiVC6.obj
 0001:00023fe0       ?AfxGetInProcServer@CAfx@@SAHPBDAAVCString@WTL@@@Z 00424fe0 f i MdiVC6.obj
 0001:000241f0       ?AfxStringFromCLSID@@YA?AVCString@WTL@@ABU_GUID@@@Z 004251f0 f i MdiVC6.obj
 0001:00024220       ?AfxStringFromCLSID@CAfx@@SA?AVCString@WTL@@ABU_GUID@@@Z 00425220 f i MdiVC6.obj
 0001:00024410       ?OpenDocumentFile@CMultiDocTemplate@@UAEPAVCDocument@@PBDHH@Z 00425410 f i MdiVC6.obj
 0001:00024700       ?DisconnectViews@CDocument@@QAEXXZ 00425700 f i MdiVC6.obj
 0001:00024740       ?ShowAppMessageBox@CWinApp@@SAHPAV1@PBDII@Z 00425740 f i MdiVC6.obj
 0001:00024900       ??1CWaitCursor@@QAE@XZ     00425900 f i MdiVC6.obj
 0001:00024950       ?ReadList@CRecentFileList@@UAEXXZ 00425950 f i MdiVC6.obj
 0001:00024af0       ?GetProfileStringA@CWinApp@@QAE?AVCString@WTL@@PBD00@Z 00425af0 f i MdiVC6.obj
 0001:00024cd0       ?UpdateMenu@CRecentFileList@@UAEXPAVCCmdUI@@@Z 00425cd0 f i MdiVC6.obj
 0001:00025150       ??HWTL@@YG?AVCString@0@ABV10@0@Z 00426150 f i MdiVC6.obj
 0001:000252e0       ?WriteList@CRecentFileList@@UAEXXZ 004262e0 f i MdiVC6.obj
 0001:00025370       ?RunModalLoop@CWnd@@QAEHK@Z 00426370 f i MdiVC6.obj
 0001:00025510       ?CreateObject@CMdiVC6Doc@@SAPAVCObject@@XZ 00426510 f   MdiVC6Doc.obj
 0001:00025570       ?GetRuntimeClass@CMdiVC6Doc@@UBEPAUCRuntimeClass@@XZ 00426570 f   MdiVC6Doc.obj
 0001:00025580       ??0CMdiVC6Doc@@IAE@XZ      00426580 f   MdiVC6Doc.obj
 0001:000255c0       ?_ProcessWindowMessage@CMdiVC6Doc@@UAEHPAUHWND__@@IIJAAJ@Z 004265c0 f i MdiVC6Doc.obj
 0001:00025730       ??_GCMdiVC6Doc@@UAEPAXI@Z  00426730 f i MdiVC6Doc.obj
 0001:00025730       ??_ECMdiVC6Doc@@UAEPAXI@Z  00426730 f i MdiVC6Doc.obj
 0001:00025750       ??1CMdiVC6Doc@@UAE@XZ      00426750 f   MdiVC6Doc.obj
 0001:00025860       ?OnNewDocument@CMdiVC6Doc@@UAEHXZ 00426860 f   MdiVC6Doc.obj
 0001:00025980       ?OnDraw@CMdiVC6View@@UAEXPAVCDCMTL@@@Z 00426980 f   MdiVC6Doc.obj
 0001:00025980       ?Serialize@CMdiVC6Doc@@UAEXAAVCArchive@@@Z 00426980 f   MdiVC6Doc.obj
 0001:00025980       ?DoDataExchange@CAboutDlg@@MAEXPAVCDataExchange@@@Z 00426980 f   MdiVC6Doc.obj
 0001:00025990       ?GetFirstViewPosition@CDocument@@UBEPAU__POSITION@@XZ 00426990 f i MdiVC6Doc.obj
 0001:000259a0       ?GetNextView@CDocument@@UBEPAVCView@@AAPAU__POSITION@@@Z 004269a0 f i MdiVC6Doc.obj
 0001:000259c0       ?ReleaseFile@CDocument@@UAEXPAVCFile@@H@Z 004269c0 f i MdiVC6Doc.obj
 0001:00025a00       ??1CFile@@QAE@XZ           00426a00 f i MdiVC6Doc.obj
 0001:00025ba0       ?OsErrorToException@CFileException@@SAHJ@Z 00426ba0 f i MdiVC6Doc.obj
 0001:00025d50       ?Abort@CFile@@UAEXXZ       00426d50 f i MdiVC6Doc.obj
 0001:00025e50       ?Close@CFile@@UAEXXZ       00426e50 f i MdiVC6Doc.obj
 0001:00025f50       ?ThrowOsError@CFileException@@SAXJPBD@Z 00426f50 f i MdiVC6Doc.obj
 0001:00026210       ?GetFilePath@CFile@@UBE?AVCString@WTL@@XZ 00427210 f i MdiVC6Doc.obj
 0001:00026470       ?GetCException@CAfx@@SAAAVCException@@H@Z 00427470 f i MdiVC6Doc.obj
 0001:00026580       ??1CPrintDialogMTL@@QAE@XZ 00427580 f i MdiVC6Doc.obj
 0001:00026580       ?_simpleInvalidArgException@?1??GetCException@CAfx@@SAAAVCException@@H@Z@$AVCInvalidArgException@@A 00427580 f i MdiVC6Doc.obj
 0001:00026580       ?OnFileNameChange@CFileDialogMTL@@UAEXXZ 00427580 f i MdiVC6Doc.obj
 0001:00026580       ?OnHideMenuBar@CFrameWnd@@UAEXXZ 00427580 f i MdiVC6Doc.obj
 0001:00026580       ??1?$CWindowImplRoot@VCWindow@ATL@@@ATL@@QAE@XZ 00427580 f i MdiVC6Doc.obj
 0001:00026580       ?_simpleMemoryException@?1??GetCException@CAfx@@SAAAVCException@@H@Z@$AVCMemoryException@@A 00427580 f i MdiVC6Doc.obj
 0001:00026580       ?_simpleResourceException@?1??GetCException@CAfx@@SAAAVCException@@H@Z@$AVCResourceException@@A 00427580 f i MdiVC6Doc.obj
 0001:00026580       ?DeleteContents@CDocument@@UAEXXZ 00427580 f i MdiVC6Doc.obj
 0001:00026580       ?OnTypeChange@CFileDialogMTL@@UAEXXZ 00427580 f i MdiVC6Doc.obj
 0001:00026580       ?_afxdata@?1??GetAfxData@CAfx@@SAABU_AUX_DATA@@XZ@$AU2@A 00427580 f i MdiVC6Doc.obj
 0001:00026580       ?UpdateOFNFromShellDialog@CFileDialogMTL@@UAEXXZ 00427580 f i MdiVC6Doc.obj
 0001:00026580       ?_simpleNotSupportedException@?1??GetCException@CAfx@@SAAAVCException@@H@Z@$AVCNotSupportedException@@A 00427580 f i MdiVC6Doc.obj
 0001:00026580       ?OnFolderChange@CFileDialogMTL@@UAEXXZ 00427580 f i MdiVC6Doc.obj
 0001:00026580       ?PostNcDestroy@CWMHnd@@UAEXXZ 00427580 f i MdiVC6Doc.obj
 0001:00026580       ?OnShowMenuBar@CFrameWnd@@UAEXXZ 00427580 f i MdiVC6Doc.obj
 0001:00026590       ??0CTime@@QAE@ABU_SYSTEMTIME@@H@Z 00427590 f i MdiVC6Doc.obj
 0001:00026720       ??0CTime@@QAE@ABU_FILETIME@@H@Z 00427720 f i MdiVC6Doc.obj
 0001:000269a0       ??0CSimpleException@@QAE@HI@Z 004279a0 f i MdiVC6Doc.obj
 0001:000269c0       ??0CTime@@QAE@HHHHHHH@Z    004279c0 f i MdiVC6Doc.obj
 0001:00026b10       ?IsValidFILETIME@CTime@@SAHABU_FILETIME@@@Z 00427b10 f i MdiVC6Doc.obj
 0001:00026b50       ?GetLength@CFile@@UBE_KXZ  00427b50 f i MdiVC6Doc.obj
 0001:00026ba0       ?Open@CFile@@UAEHPBDIPAVCFileException@@@Z 00427ba0 f i MdiVC6Doc.obj
 0001:00026ec0       ?Read@CFile@@UAEIPAXI@Z    00427ec0 f i MdiVC6Doc.obj
 0001:00026f10       ?Write@CFile@@UAEXPBXI@Z   00427f10 f i MdiVC6Doc.obj
 0001:00026f70       ?AfxThrowFileException@CFile@@SAXHJPBD@Z 00427f70 f i MdiVC6Doc.obj
 0001:000270b0       ?Seek@CFile@@UAE_K_JI@Z    004280b0 f i MdiVC6Doc.obj
 0001:00027110       ?SetModifiedFlag@CDocument@@UAEXH@Z 00428110 f i MdiVC6Doc.obj
 0001:00027120       ?SetTitle@CDocument@@UAEXPBD@Z 00428120 f i MdiVC6Doc.obj
 0001:00027370       ??_GCDocument@@QAEPAXI@Z   00428370 f i MdiVC6Doc.obj
 0001:00027390       ?OnCmdMsg@CDocument@@UAEHIHPAXPAUAFX_CMDHANDLERINFO@@@Z 00428390 f i MdiVC6Doc.obj
 0001:000274d0       ?OnOpenDocument@CDocument@@UAEHPBD@Z 004284d0 f i MdiVC6Doc.obj
 0001:00027790       ??4CString@WTL@@QAEAAV01@ABV01@@Z 00428790 f i MdiVC6Doc.obj
 0001:00027860       ?Flush@CArchive@@QAEXXZ    00428860 f i MdiVC6Doc.obj
 0001:000278b0       ??_GCFile@@QAEPAXI@Z       004288b0 f i MdiVC6Doc.obj
 0001:000278d0       ?DoWaitCursor@CWinApp@@QAEXH@Z 004288d0 f i MdiVC6Doc.obj
 0001:00027940       ??1CArchive@@QAE@XZ        00428940 f i MdiVC6Doc.obj
 0001:00027980       ?OnSaveDocument@CDocument@@UAEHPBD@Z 00428980 f i MdiVC6Doc.obj
 0001:00027bc0       ?DoSave@CDocument@@UAEHPBDH@Z 00428bc0 f i MdiVC6Doc.obj
 0001:00027f30       ?DoPromptFileName@CWinApp@@QAEHAAVCString@WTL@@IKHPAVCDocTemplate@@@Z 00428f30 f i MdiVC6Doc.obj
 0001:00027f60       ?DoPromptFileName@CDocManager@@QAEHAAVCString@WTL@@IKHPAVCDocTemplate@@@Z 00428f60 f i MdiVC6Doc.obj
 0001:00028460       ?SetAt@CString@WTL@@QAEXHD@Z 00429460 f i MdiVC6Doc.obj
 0001:00028510       ??YCString@WTL@@QAEAAV01@ABV01@@Z 00429510 f i MdiVC6Doc.obj
 0001:00028620       ??0CCommonDialog@@QAE@PAVCWnd@@@Z 00429620 f i MdiVC6Doc.obj
 0001:00028660       ?SaveModified@CDocument@@UAEHXZ 00429660 f i MdiVC6Doc.obj
 0001:00028980       ?AfxFormatStrings@CAfx@@SAXAAVCString@WTL@@IPBQBDH@Z 00429980 f i MdiVC6Doc.obj
 0001:00028b40       ?AfxFormatStrings@CAfx@@SAXAAVCString@WTL@@PBDPBQBDH@Z 00429b40 f i MdiVC6Doc.obj
 0001:00028e10       ?AfxGetFileTitle@CAfx@@SAIPBDPADI@Z 00429e10 f i MdiVC6Doc.obj
 0001:00028ea0       ?SetPathName@CDocument@@UAEXPBDH@Z 00429ea0 f i MdiVC6Doc.obj
 0001:00028fe0       ?CreateObject@CMdiVC6View@@SAPAVCObject@@XZ 00429fe0 f   MdiVC6View.obj
 0001:00029040       ?GetRuntimeClass@CMdiVC6View@@UBEPAUCRuntimeClass@@XZ 0042a040 f   MdiVC6View.obj
 0001:00029050       ??0CMdiVC6View@@IAE@XZ     0042a050 f   MdiVC6View.obj
 0001:00029080       ?_ProcessWindowMessage@CMdiVC6View@@UAEHPAUHWND__@@IIJAAJ@Z 0042a080 f i MdiVC6View.obj
 0001:00029160       ??_ECMdiVC6View@@UAEPAXI@Z 0042a160 f i MdiVC6View.obj
 0001:00029160       ??_GCMdiVC6View@@UAEPAXI@Z 0042a160 f i MdiVC6View.obj
 0001:00029180       ??1CMdiVC6View@@UAE@XZ     0042a180 f   MdiVC6View.obj
 0001:00029300       ?PreCreateWindow@CMdiVC6View@@UAEHAAUtagCREATESTRUCTA@@@Z 0042a300 f   MdiVC6View.obj
 0001:00029610       ?OnPreparePrinting@CMdiVC6View@@MAEHPAUCPrintInfo@@@Z 0042a610 f   MdiVC6View.obj
 0001:00029860       ?OnEndPrinting@CMdiVC6View@@MAEXPAVCDCMTL@@PAUCPrintInfo@@@Z 0042a860 f   MdiVC6View.obj
 0001:00029860       ?OnBeginPrinting@CMdiVC6View@@MAEXPAVCDCMTL@@PAUCPrintInfo@@@Z 0042a860 f   MdiVC6View.obj
 0001:000298f0       ?OnActivateView@CView@@UAEXHPAV1@0@Z 0042a8f0 f i MdiVC6View.obj
 0001:000299f0       ?OnInitialUpdate@CView@@UAEXXZ 0042a9f0 f i MdiVC6View.obj
 0001:00029a00       ?OnPrint@CView@@UAEXPAVCDCMTL@@PAUCPrintInfo@@@Z 0042aa00 f i MdiVC6View.obj
 0001:00029a10       ?OnPrepareDC@CView@@UAEXPAVCDCMTL@@PAUCPrintInfo@@@Z 0042aa10 f i MdiVC6View.obj
 0001:00029a40       ?OnPreparePrinting@CView@@UAEHPAUCPrintInfo@@@Z 0042aa40 f i MdiVC6View.obj
 0001:00029a50       ?OnScrollBy@CView@@UAEHVCSize@WTL@@H@Z 0042aa50 f i MdiVC6View.obj
 0001:00029a50       ?OnScroll@CView@@UAEHIIH@Z 0042aa50 f i MdiVC6View.obj
 0001:00029a60       ?OnUpdate@CView@@UAEXPAV1@JPAVCObject@@@Z 0042aa60 f i MdiVC6View.obj
 0001:00029a80       ?PostNcDestroy@CFrameWnd@@UAEXXZ 0042aa80 f i MdiVC6View.obj
 0001:00029a80       ?PostNcDestroy@CView@@UAEXXZ 0042aa80 f i MdiVC6View.obj
 0001:00029a90       ?PreCreateWindow@CView@@UAEHAAUtagCREATESTRUCTA@@@Z 0042aa90 f i MdiVC6View.obj
 0001:00029de0       ??_GCView@@UAEPAXI@Z       0042ade0 f i MdiVC6View.obj
 0001:00029de0       ??_ECView@@UAEPAXI@Z       0042ade0 f i MdiVC6View.obj
 0001:00029e00       ?_ProcessWindowMessage@CView@@UAEHPAUHWND__@@IIJAAJ@Z 0042ae00 f i MdiVC6View.obj
 0001:0002a180       ??_9@$BIM@AE               0042b180 f i MdiVC6View.obj
 0001:0002a190       ??0CPaintDCMTL@@QAE@PAVCWMHnd@@@Z 0042b190 f i MdiVC6View.obj
 0001:0002a1f0       ??1CPaintDCMTL@@UAE@XZ     0042b1f0 f i MdiVC6View.obj
 0001:0002a2d0       ??_ECPaintDCMTL@@UAEPAXI@Z 0042b2d0 f i MdiVC6View.obj
 0001:0002a2d0       ??_GCPaintDCMTL@@UAEPAXI@Z 0042b2d0 f i MdiVC6View.obj
 0001:0002a2f0       ?SetActiveView@CFrameWnd@@QAEXPAVCView@@H@Z 0042b2f0 f i MdiVC6View.obj
 0001:0002a340       ?OnEndPrintPreview@CView@@UAEXPAVCDCMTL@@PAUCPrintInfo@@UtagPOINT@@PAVCPreviewView@@@Z 0042b340 f i MdiVC6View.obj
 0001:0002a510       ?OnFilePrintPreview@CView@@QAEXXZ 0042b510 f i MdiVC6View.obj
 0001:0002a800       ??0CRect@WTL@@QAE@HHHH@Z   0042b800 f i MdiVC6View.obj
 0001:0002a820       ?CreateObject@CRuntimeClass@@QAEPAVCObject@@XZ 0042b820 f i MdiVC6View.obj
 0001:0002a830       ??0CDialogBar@@QAE@XZ      0042b830 f i MdiVC6View.obj
 0001:0002a990       ?OnUpdateCmdUI@CDialogBar@@UAEXPAVCFrameWnd@@H@Z 0042b990 f i MdiVC6View.obj
 0001:0002a9b0       ?Create@CDialogBar@@UAEHPAVCWnd@@III@Z 0042b9b0 f i MdiVC6View.obj
 0001:0002a9e0       ?Create@CDialogBar@@UAEHPAVCWnd@@PBDII@Z 0042b9e0 f i MdiVC6View.obj
 0001:0002ac10       ?HookWindowCreate@CWnd@@SAHPAV1@G@Z 0042bc10 f i MdiVC6View.obj
 0001:0002ac80       ?UnhookWindowCreate@CWnd@@SAHXZ 0042bc80 f i MdiVC6View.obj
 0001:0002aca0       ?CalcFixedLayout@CDialogBar@@UAE?AVCSize@WTL@@HH@Z 0042bca0 f i MdiVC6View.obj
 0001:0002acf0       ??_ECDialogBar@@UAEPAXI@Z  0042bcf0 f i MdiVC6View.obj
 0001:0002acf0       ??_GCDialogBar@@UAEPAXI@Z  0042bcf0 f i MdiVC6View.obj
 0001:0002ad10       ??1CDialogBar@@UAE@XZ      0042bd10 f i MdiVC6View.obj
 0001:0002af10       ?OnPreviewClose@CPreviewView@@QAEXXZ 0042bf10 f i MdiVC6View.obj
 0001:0002b020       ?SetPrintView@CPreviewView@@QAEHPAVCView@@@Z 0042c020 f i MdiVC6View.obj
 0001:0002b4f0       ?Attach@?$CDCT@$00@WTL@@QAEXPAUHDC__@@@Z 0042c4f0 f i MdiVC6View.obj
 0001:0002b520       ?SetMapMode@CDCMTL@@QAEHH@Z 0042c520 f i MdiVC6View.obj
 0001:0002b550       ?SaveDC@CPreviewDC@@UAEHXZ 0042c550 f i MdiVC6View.obj
 0001:0002b5b0       ?RestoreDC@CPreviewDC@@UAEHH@Z 0042c5b0 f i MdiVC6View.obj
 0001:0002b7f0       ?MirrorFont@CPreviewDC@@QAEXXZ 0042c7f0 f i MdiVC6View.obj
 0001:0002ba00       ?TextOutA@CPreviewDC@@UAEHHHPBDH@Z 0042ca00 f i MdiVC6View.obj
 0001:0002ba30       ?ExtTextOutA@CPreviewDC@@QAEHHHIPBUtagRECT@@PBDIPAH@Z 0042ca30 f i MdiVC6View.obj
 0001:0002bc30       ?Free@?$CAlloc@DABD@@QAEXXZ 0042cc30 f i MdiVC6View.obj
 0001:0002bc30       ??1?$CAlloc@HABH@@QAE@XZ   0042cc30 f i MdiVC6View.obj
 0001:0002bc30       ?Free@?$CAlloc@HABH@@QAEXXZ 0042cc30 f i MdiVC6View.obj
 0001:0002bc30       ??1?$CAlloc@DABD@@QAE@XZ   0042cc30 f i MdiVC6View.obj
 0001:0002bc60       ?ComputeDeltas@CPreviewDC@@QAE?AVCSize@WTL@@AAHPBDAAIHIPAHHPAD30@Z 0042cc60 f i MdiVC6View.obj
 0001:0002c080       ??_ECPreviewDC@@UAEPAXI@Z  0042d080 f i MdiVC6View.obj
 0001:0002c080       ??_GCPreviewDC@@UAEPAXI@Z  0042d080 f i MdiVC6View.obj
 0001:0002c0a0       ??1CPreviewDC@@UAE@XZ      0042d0a0 f i MdiVC6View.obj
 0001:0002c190       ??0CWindowDCMTL@@QAE@PAVCWMHnd@@@Z 0042d190 f i MdiVC6View.obj
 0001:0002c1f0       ??0CPrintDialogMTL@@QAE@HKPAVCWnd@@@Z 0042d1f0 f i MdiVC6View.obj
 0001:0002c2a0       ?UpdateBars@CScrollView@@QAEXXZ 0042d2a0 f i MdiVC6View.obj
 0001:0002c680       ??GCSize@WTL@@QBE?AV01@UtagSIZE@@@Z 0042d680 f i MdiVC6View.obj
 0001:0002c6a0       ?ScrollWindow@CWMHnd@@QAEXHHPBUtagRECT@@0@Z 0042d6a0 f i MdiVC6View.obj
 0001:0002c780       ?SetScrollPos@CWMHnd@@QAEHHHH@Z 0042d780 f i MdiVC6View.obj
 0001:0002c7c0       ?GetScrollPos@CWMHnd@@QBEHH@Z 0042d7c0 f i MdiVC6View.obj
 0001:0002c800       ?SetScrollRange@CWMHnd@@QAEXHHHH@Z 0042d800 f i MdiVC6View.obj
 0001:0002c860       ?EnableScrollBarCtrl@CWMHnd@@QAEXHH@Z 0042d860 f i MdiVC6View.obj
 0001:0002c8b0       ?SetScrollInfo@CWMHnd@@QAEHHPAUtagSCROLLINFO@@H@Z 0042d8b0 f i MdiVC6View.obj
 0001:0002c900       ?GetDeviceScrollPosition@CScrollView@@QBE?AVCPoint@WTL@@XZ 0042d900 f i MdiVC6View.obj
 0001:0002c970       ?GetScrollBarSizes@CScrollView@@QAEXAAVCSize@WTL@@@Z 0042d970 f i MdiVC6View.obj
 0001:0002c9e0       ?SetCurrentPage@CPreviewView@@QAEXIH@Z 0042d9e0 f i MdiVC6View.obj
 0001:0002caa0       ?_AfxPreviewCloseProc@CPrintPreviewState@@SGHPAVCFrameWnd@@@Z 0042daa0 f i MdiVC6View.obj
 0001:0002cc40       ?OnChangedViewList@CDocument@@QAEXXZ 0042dc40 f i MdiVC6View.obj
 0001:0002ced0       ??1CView@@UAE@XZ           0042ded0 f i MdiVC6View.obj
 0001:0002d0b0       ?OnCmdMsg@CView@@UAEHIHPAXPAUAFX_CMDHANDLERINFO@@@Z 0042e0b0 f i MdiVC6View.obj
 0001:0002d1e0       ?FromHandleDC@CModuleThreadState@@QAEPAVCDCMTL@@PAUHDC__@@PAV2@PAUHWND__@@P6APAXPAX3@Z@Z 0042e1e0 f i MdiVC6View.obj
 0001:0002d270       ?DoPrintDialog@CWinApp@@QAEJPAVCPrintDialogMTL@@@Z 0042e270 f i MdiVC6View.obj
 0001:0002d450       ?OnFilePrint@CView@@QAEXXZ 0042e450 f i MdiVC6View.obj
 0001:0002e310       ?Attach@?$CHandleWrapper@VCDCMTL@@PAUHDC__@@V?$CDCT@$00@WTL@@@@QAEHPAUHDC__@@@Z 0042f310 f i MdiVC6View.obj
 0001:0002e3c0       ?Detach@?$CHandleWrapper@VCDCMTL@@PAUHDC__@@V?$CDCT@$00@WTL@@@@QAEPAUHDC__@@XZ 0042f3c0 f i MdiVC6View.obj
 0001:0002e430       ?SetRect@CRect@WTL@@QAEXHHHH@Z 0042f430 f i MdiVC6View.obj
 0001:0002e450       ?_AfxAbortProc@CPrintingDialog@@SGHPAUHDC__@@H@Z 0042f450 f i MdiVC6View.obj
 0001:0002e4b0       ??0CPrintingDialog@@QAE@PAVCWnd@@@Z 0042f4b0 f i MdiVC6View.obj
 0001:0002e530       ?OnInitDialog@CPrintingDialog@@UAEHXZ 0042f530 f i MdiVC6View.obj
 0001:0002e780       ?OnCancel@CPrintingDialog@@UAEXXZ 0042f780 f i MdiVC6View.obj
 0001:0002e7b0       ??_GCPrintingDialog@@UAEPAXI@Z 0042f7b0 f i MdiVC6View.obj
 0001:0002e7b0       ??_ECPrintingDialog@@UAEPAXI@Z 0042f7b0 f i MdiVC6View.obj
 0001:0002e7d0       ??1CPrintingDialog@@UAE@XZ 0042f7d0 f i MdiVC6View.obj
 0001:0002e9f0       ?GetPathName@CFileDialogMTL@@QAE?AVCString@WTL@@XZ 0042f9f0 f i MdiVC6View.obj
 0001:0002ecd0       ??0CString@WTL@@QAE@PBD@Z  0042fcd0 f i MdiVC6View.obj
 0001:0002ee40       ??1CPrintInfo@@QAE@XZ      0042fe40 f i MdiVC6View.obj
 0001:0002eee0       ??_GCPrintDialogMTL@@QAEPAXI@Z 0042fee0 f i MdiVC6View.obj
 0001:0002f910       ?GetRuntimeClass@CCmdTarget@@UBEPAUCRuntimeClass@@XZ 00430910 f   StdAfx.obj
 0001:0002f920       ?CreateObject@CWnd@@SAPAVCObject@@XZ 00430920 f   StdAfx.obj
 0001:0002f960       ?GetRuntimeClass@CWnd@@UBEPAUCRuntimeClass@@XZ 00430960 f   StdAfx.obj
 0001:0002f970       ?GetRuntimeClass@CDialog@@UBEPAUCRuntimeClass@@XZ 00430970 f   StdAfx.obj
 0001:0002f980       ?CreateObject@CFrameWnd@@SAPAVCObject@@XZ 00430980 f   StdAfx.obj
 0001:0002fb30       ?GetRuntimeClass@CFrameWnd@@UBEPAUCRuntimeClass@@XZ 00430b30 f   StdAfx.obj
 0001:0002fb40       ?GetRuntimeClass@CView@@UBEPAUCRuntimeClass@@XZ 00430b40 f   StdAfx.obj
 0001:0002fb50       ?GetRuntimeClass@CMultiDocTemplate@@UBEPAUCRuntimeClass@@XZ 00430b50 f   StdAfx.obj
 0001:0002fb60       ?GetRuntimeClass@CControlBar@@UBEPAUCRuntimeClass@@XZ 00430b60 f   StdAfx.obj
 0001:0002fb70       ?GetRuntimeClass@CDockBar@@UBEPAUCRuntimeClass@@XZ 00430b70 f   StdAfx.obj
 0001:0002fb80       ?GetRuntimeClass@CToolBar@@UBEPAUCRuntimeClass@@XZ 00430b80 f   StdAfx.obj
 0001:0002fb90       ?CreateObject@CMiniFrameWnd@@SAPAVCObject@@XZ 00430b90 f   StdAfx.obj
 0001:0002fcf0       ?GetRuntimeClass@CMiniFrameWnd@@UBEPAUCRuntimeClass@@XZ 00430cf0 f   StdAfx.obj
 0001:0002fd00       ?CreateObject@CMiniDockFrameWnd@@SAPAVCObject@@XZ 00430d00 f   StdAfx.obj
 0001:0002fed0       ?GetRuntimeClass@CMiniDockFrameWnd@@UBEPAUCRuntimeClass@@XZ 00430ed0 f   StdAfx.obj
 0001:0002fee0       ?CreateObject@CMDIFrameWnd@@SAPAVCObject@@XZ 00430ee0 f   StdAfx.obj
 0001:000300a0       ?GetRuntimeClass@CMDIFrameWnd@@UBEPAUCRuntimeClass@@XZ 004310a0 f   StdAfx.obj
 0001:000300b0       ?CreateObject@CMDIChildWnd@@SAPAVCObject@@XZ 004310b0 f   StdAfx.obj
 0001:00030270       ?GetRuntimeClass@CMDIChildWnd@@UBEPAUCRuntimeClass@@XZ 00431270 f   StdAfx.obj
 0001:00030280       ?GetRuntimeClass@CScrollView@@UBEPAUCRuntimeClass@@XZ 00431280 f   StdAfx.obj
 0001:00030290       ?CreateObject@CPreviewView@@SAPAVCObject@@XZ 00431290 f   StdAfx.obj
 0001:00030450       ?GetRuntimeClass@CPreviewView@@UBEPAUCRuntimeClass@@XZ 00431450 f   StdAfx.obj
 0001:00030460       ?GetRuntimeClass@CFileDialogMTL@@UBEPAUCRuntimeClass@@XZ 00431460 f   StdAfx.obj
 0001:00030470       ?GetRuntimeClass@CToolTipCtrlMTL@@UBEPAUCRuntimeClass@@XZ 00431470 f   StdAfx.obj
 0001:00030480       _WinMain@16                00431480 f   StdAfx.obj
 0001:000307c0       ?AtlModuleInit@ATL@@YGJPAU_ATL_MODULE@1@PAU_ATL_OBJMAP_ENTRY@1@PAUHINSTANCE__@@@Z 004317c0 f i StdAfx.obj
 0001:00030850       ?_AtlGetStringResourceImage@CAfx@@SAPBUATLSTRINGRESOURCEIMAGE@@PAUHINSTANCE__@@PAUHRSRC__@@I@Z 00431850 f i StdAfx.obj
 0001:000308c0       ??1CMiniFrameWnd@@UAE@XZ   004318c0 f i StdAfx.obj
 0001:00030a70       ?Create@CMiniFrameWnd@@UAEHPBD0KABUtagRECT@@PAVCWnd@@I@Z 00431a70 f i StdAfx.obj
 0001:00030aa0       ?CreateEx@CMiniFrameWnd@@UAEHKPBD0KABUtagRECT@@PAVCWnd@@I@Z 00431aa0 f i StdAfx.obj
 0001:00030d40       ?PreCreateWindow@CMiniFrameWnd@@UAEHAAUtagCREATESTRUCTA@@@Z 00431d40 f i StdAfx.obj
 0001:00031060       ??_ECMiniFrameWnd@@UAEPAXI@Z 00432060 f i StdAfx.obj
 0001:00031060       ??_GCMiniFrameWnd@@UAEPAXI@Z 00432060 f i StdAfx.obj
 0001:00031080       ?_ProcessWindowMessage@CMiniFrameWnd@@UAEHPAUHWND__@@IIJAAJ@Z 00432080 f i StdAfx.obj
 0001:00031550       ?HandleFloatingSysCommand@CWnd@@QAEHIJ@Z 00432550 f i StdAfx.obj
 0001:000317c0       ?OnFloatStatus@CMiniFrameWnd@@QAEJIJ@Z 004327c0 f i StdAfx.obj
 0001:000318b0       ?OnQueryCenterWnd@CMiniFrameWnd@@QAEJIJ@Z 004328b0 f i StdAfx.obj
 0001:000318e0       ?RecalcLayout@CMiniDockFrameWnd@@UAEXH@Z 004328e0 f i StdAfx.obj
 0001:00031a60       ??_GCMiniDockFrameWnd@@UAEPAXI@Z 00432a60 f i StdAfx.obj
 0001:00031a60       ??_ECMiniDockFrameWnd@@UAEPAXI@Z 00432a60 f i StdAfx.obj
 0001:00031a80       ??1CMiniDockFrameWnd@@UAE@XZ 00432a80 f i StdAfx.obj
 0001:00031c60       ?Remove@?$CList@PAVCFrameWnd@@ABQAV1@@@QAEXABQAVCFrameWnd@@@Z 00432c60 f i StdAfx.obj
 0001:00031cc0       ?_ProcessWindowMessage@CMiniDockFrameWnd@@UAEHPAUHWND__@@IIJAAJ@Z 00432cc0 f i StdAfx.obj
 0001:00031f70       ?ActivateTopParent@CWnd@@QAEXXZ 00432f70 f i StdAfx.obj
 0001:00032090       ?ShowControlBar@CFrameWnd@@QAEXPAVCControlBar@@HH@Z 00433090 f i StdAfx.obj
 0001:000322d0       ??1CScrollView@@UAE@XZ     004332d0 f i StdAfx.obj
 0001:00032470       ?OnPrepareDC@CScrollView@@UAEXPAVCDCMTL@@PAUCPrintInfo@@@Z 00433470 f i StdAfx.obj
 0001:000325e0       ?SetViewportExt@CDCMTL@@QAE?AVCSize@WTL@@HH@Z 004335e0 f i StdAfx.obj
 0001:00032650       ?SetWindowExt@CDCMTL@@QAE?AVCSize@WTL@@HH@Z 00433650 f i StdAfx.obj
 0001:000326c0       ?OnScroll@CScrollView@@UAEHIIH@Z 004336c0 f i StdAfx.obj
 0001:00032800       ?OnScrollBy@CScrollView@@UAEHVCSize@WTL@@H@Z 00433800 f i StdAfx.obj
 0001:00032b10       ?GetScrollInfo@CWMHnd@@QAEHHPAUtagSCROLLINFO@@I@Z 00433b10 f i StdAfx.obj
 0001:00032b50       ?CCalcWindowRect@CScrollView@@UAEXPAUtagRECT@@I@Z 00433b50 f i StdAfx.obj
 0001:00032c70       ?GetWheelScrollDistance@CScrollView@@UAE?AVCSize@WTL@@V23@HH@Z 00433c70 f i StdAfx.obj
 0001:00032cd0       ??_ECScrollView@@UAEPAXI@Z 00433cd0 f i StdAfx.obj
 0001:00032cd0       ??_GCScrollView@@UAEPAXI@Z 00433cd0 f i StdAfx.obj
 0001:00032cf0       ?_ProcessWindowMessage@CScrollView@@UAEHPAUHWND__@@IIJAAJ@Z 00433cf0 f i StdAfx.obj
 0001:00033110       ?SetViewportOrg@CDCMTL@@QAE?AVCPoint@WTL@@HH@Z 00434110 f i StdAfx.obj
 0001:00033180       ?SetWindowOrg@CDCMTL@@QAE?AVCPoint@WTL@@HH@Z 00434180 f i StdAfx.obj
 0001:000331f0       ?BitBlt@CDCMTL@@QAEHHHHHPAV1@HHK@Z 004341f0 f i StdAfx.obj
 0001:00033230       ??0CImage@@QAE@XZ          00434230 f i StdAfx.obj
 0001:00033270       ??1CImage@@UAE@XZ          00434270 f i StdAfx.obj
 0001:00033360       ??1?$CBitmapT@$00@WTL@@QAE@XZ 00434360 f i StdAfx.obj
 0001:00033360       ??1?$CPenT@$00@WTL@@QAE@XZ 00434360 f i StdAfx.obj
 0001:00033360       ??1?$CBrushT@$00@WTL@@QAE@XZ 00434360 f i StdAfx.obj
 0001:00033360       ??1?$CRgnT@$00@WTL@@QAE@XZ 00434360 f i StdAfx.obj
 0001:00033380       ?CreateEx@CImage@@QAEHHHHKPBKK@Z 00434380 f i StdAfx.obj
 0001:000335b0       ?classHandleFuncCBitmapMTL@CBitmapMTL@@SAPAXPAX0@Z 004345b0 f i StdAfx.obj
 0001:000335f0       ??_ECBitmapMTL@@UAEPAXI@Z  004345f0 f i StdAfx.obj
 0001:000335f0       ??_GCBitmapMTL@@UAEPAXI@Z  004345f0 f i StdAfx.obj
 0001:00033610       ??1CBitmapMTL@@UAE@XZ      00434610 f i StdAfx.obj
 0001:000336e0       ??_GCImage@@UAEPAXI@Z      004346e0 f i StdAfx.obj
 0001:000336e0       ??_ECImage@@UAEPAXI@Z      004346e0 f i StdAfx.obj
 0001:00033700       ?OnVScroll@CScrollView@@QAEXIIPAVCScrollBarMTL@@@Z 00434700 f i StdAfx.obj
 0001:00033760       ?DoMouseWheel@CScrollView@@QAEHIFVCPoint@WTL@@@Z 00434760 f i StdAfx.obj
 0001:000338d0       ?SetScaleToFitSize@CScrollView@@QAEXUtagSIZE@@@Z 004348d0 f i StdAfx.obj
 0001:00033be0       ?GetScrollBarState@CScrollView@@QAEXVCSize@WTL@@AAV23@1AAVCPoint@3@H@Z 00434be0 f i StdAfx.obj
 0001:00033d40       ?GetTrueClientSize@CScrollView@@QAEHAAVCSize@WTL@@0@Z 00434d40 f i StdAfx.obj
 0001:00033e40       ?ScrollToDevicePosition@CScrollView@@QAEXUtagPOINT@@@Z 00434e40 f i StdAfx.obj
 0001:00033fb0       ?OnActivateView@CPreviewView@@UAEXHPAVCView@@0@Z 00434fb0 f i StdAfx.obj
 0001:00034120       ?OnDraw@CPreviewView@@UAEXPAVCDCMTL@@@Z 00435120 f i StdAfx.obj
 0001:00034a40       ??_ECPenMTL@@UAEPAXI@Z     00435a40 f i StdAfx.obj
 0001:00034a40       ??_GCPenMTL@@UAEPAXI@Z     00435a40 f i StdAfx.obj
 0001:00034a60       ??1CPenMTL@@UAE@XZ         00435a60 f i StdAfx.obj
 0001:00034b30       ?_AfxMultMultDivDiv@CPreviewDC@@SAJHHHHH@Z 00435b30 f i StdAfx.obj
 0001:00034cf0       ?MirrorMappingMode@CPreviewDC@@QAEXH@Z 00435cf0 f i StdAfx.obj
 0001:00035230       ?MirrorViewportOrg@CPreviewDC@@QAEXXZ 00436230 f i StdAfx.obj
 0001:000354a0       ?PrinterDPtoScreenDP@CPreviewDC@@QBEXPAUtagPOINT@@@Z 004364a0 f i StdAfx.obj
 0001:00035830       ?OnPrepareDC@CPreviewView@@UAEXPAVCDCMTL@@PAUCPrintInfo@@@Z 00436830 f i StdAfx.obj
 0001:000359d0       ?CalcScaleRatio@CPreviewView@@UAE?AVCSize@WTL@@V23@0@Z 004369d0 f i StdAfx.obj
 0001:00035a10       ?PositionPage@CPreviewView@@UAEXI@Z 00436a10 f i StdAfx.obj
 0001:00035cf0       ??HCSize@WTL@@QBE?AV01@UtagSIZE@@@Z 00436cf0 f i StdAfx.obj
 0001:00035d10       ?SetScrollSizes@CScrollView@@QAEXHUtagSIZE@@ABU2@1@Z 00436d10 f i StdAfx.obj
 0001:00035f40       ?CalcPageDisplaySize@CPreviewView@@QAE?AVCSize@WTL@@XZ 00436f40 f i StdAfx.obj
 0001:00036080       ??_GCPreviewView@@UAEPAXI@Z 00437080 f i StdAfx.obj
 0001:00036080       ??_ECPreviewView@@UAEPAXI@Z 00437080 f i StdAfx.obj
 0001:000360a0       ??1CPreviewView@@UAE@XZ    004370a0 f i StdAfx.obj
 0001:000362d0       ?_ProcessWindowMessage@CPreviewView@@UAEHPAUHWND__@@IIJAAJ@Z 004372d0 f i StdAfx.obj
 0001:00036d70       ?PatBlt@?$CDCT@$00@WTL@@QAEHHHHHK@Z 00437d70 f i StdAfx.obj
 0001:00036da0       ??1?$CHandleWrapper@VCBrushMTL@@PAUHBRUSH__@@V?$CBrushT@$00@WTL@@@@UAE@XZ 00437da0 f i StdAfx.obj
 0001:00036e70       ?SelectObject@CDCMTL@@QAEPAVCBrushMTL@@PAV2@@Z 00437e70 f i StdAfx.obj
 0001:00036f40       ?SendChildNotifyLastMsg@CWnd@@QAEHPAJ@Z 00437f40 f i StdAfx.obj
 0001:00036f70       ?OnMouseWheel@CScrollView@@QAEHIFVCPoint@WTL@@@Z 00437f70 f i StdAfx.obj
 0001:00037130       ?OnPrintClient@CScrollView@@QAEJPAVCDCMTL@@I@Z 00438130 f i StdAfx.obj
 0001:00037440       ??0CBitmapMTL@@QAE@PAUHBITMAP__@@@Z 00438440 f i StdAfx.obj
 0001:00037460       ?Attach@CImage@@QAEXPAUHBITMAP__@@W4DIBOrientation@1@@Z 00438460 f i StdAfx.obj
 0001:000375c0       ?OnNextPage@CPreviewView@@QAEXXZ 004385c0 f i StdAfx.obj
 0001:00037680       ?OnPrevPage@CPreviewView@@QAEXXZ 00438680 f i StdAfx.obj
 0001:00037740       ?OnUpdateNextPage@CPreviewView@@QAEXPAVCCmdUI@@@Z 00438740 f i StdAfx.obj
 0001:00037780       ?OnUpdateNumPageChange@CPreviewView@@QAEXPAVCCmdUI@@@Z 00438780 f i StdAfx.obj
 0001:00037950       ?OnUpdatePrevPage@CPreviewView@@QAEXPAVCCmdUI@@@Z 00438950 f i StdAfx.obj
 0001:00037980       ?OnUpdateZoomIn@CPreviewView@@QAEXPAVCCmdUI@@@Z 00438980 f i StdAfx.obj
 0001:000379a0       ?OnUpdateZoomOut@CPreviewView@@QAEXPAVCCmdUI@@@Z 004389a0 f i StdAfx.obj
 0001:000379c0       ?OnZoomIn@CPreviewView@@QAEXXZ 004389c0 f i StdAfx.obj
 0001:00037bb0       ?CenterOnPoint@CScrollView@@QAEXVCPoint@WTL@@@Z 00438bb0 f i StdAfx.obj
 0001:00037dd0       ?OnZoomOut@CPreviewView@@QAEXXZ 00438dd0 f i StdAfx.obj
 0001:00037fc0       ?DoZoom@CPreviewView@@QAEXIVCPoint@WTL@@@Z 00438fc0 f i StdAfx.obj
 0001:000382d0       ?GetScrollLimit@CWMHnd@@QAEHH@Z 004392d0 f i StdAfx.obj
 0001:00038370       ?FindPageRect@CPreviewView@@QAEHAAVCPoint@WTL@@AAI@Z 00439370 f i StdAfx.obj
 0001:00038510       ?SetScaledSize@CPreviewView@@QAEXI@Z 00439510 f i StdAfx.obj
 0001:00038710       ?PreCreateWindow@CMDIChildWnd@@UAEHAAUtagCREATESTRUCTA@@@Z 00439710 f i StdAfx.obj
 0001:00038a10       ??_GCMDIChildWnd@@UAEPAXI@Z 00439a10 f i StdAfx.obj
 0001:00038a10       ??_ECMDIChildWnd@@UAEPAXI@Z 00439a10 f i StdAfx.obj
 0001:00038a30       ??1CMDIChildWnd@@UAE@XZ    00439a30 f i StdAfx.obj
 0001:00038be0       ?_ProcessWindowMessage@CMDIChildWnd@@UAEHPAUHWND__@@IIJAAJ@Z 00439be0 f i StdAfx.obj
 0001:00038fc0       ?MDIActivate@CMDIChildWnd@@QAEXXZ 00439fc0 f i StdAfx.obj
 0001:000390a0       ?GetParentSplitter@CView@@SAPAVCSplitterWnd@@PAVCWnd@@H@Z 0043a0a0 f i StdAfx.obj
 0001:00039150       ?RemoveHandleGdiobj@CModuleThreadState@@QAEPAXPAX@Z 0043a150 f i StdAfx.obj
 0001:000391c0       ?OnDisplayPageNumber@CPreviewView@@UAEXII@Z 0043a1c0 f i StdAfx.obj
 0001:00039340       ?OnNumPageChange@CPreviewView@@QAEXXZ 0043a340 f i StdAfx.obj
 0001:00039420       ?OnPreviewPrint@CPreviewView@@QAEXXZ 0043a420 f i StdAfx.obj
 0001:00039580       _GetFileTitleA@12          0043a580 f   comdlg32:comdlg32.dll
 0001:00039586       _CommDlgExtendedError@0    0043a586 f   comdlg32:comdlg32.dll
 0001:0003958c       _PrintDlgA@4               0043a58c f   comdlg32:comdlg32.dll
 0001:00039592       _GetSaveFileNameA@4        0043a592 f   comdlg32:comdlg32.dll
 0001:00039598       _GetOpenFileNameA@4        0043a598 f   comdlg32:comdlg32.dll
 0001:0003959e       _GetJobA@24                0043a59e f   winspool:WINSPOOL.DRV
 0001:000395a4       _OpenPrinterA@12           0043a5a4 f   winspool:WINSPOOL.DRV
 0001:000395aa       ??3@YAXPAX@Z               0043a5aa f   LIBCMT:delete.obj
 0001:000395b5       ??2@YAPAXI@Z               0043a5b5 f   LIBCMT:new.obj
[...]
 0003:00000518       ??_C@_04MCON@?4CHM?$AA@    00449518     StdAfx.obj
 0003:00000520       __NLG_Destination          00449520     LIBCMT:exsup.obj
 0003:00000530       ??_R0?AVtype_info@@@8      00449530     LIBCMT:typinfo.obj
 0003:00000548       ?__pMyUnhandledExceptionFilter@@3PAXA 00449548     LIBCMT:throw.obj
 0003:00000550       __aexit_rtn                00449550     LIBCMT:wincrt0.obj
 0003:00000554       ___app_type                00449554     LIBCMT:wincrt0.obj
 0003:00000560       ___tlsindex                00449560     LIBCMT:tidtable.obj
 0003:00000564       ?__pInconsistency@@3P6AXXZA 00449564     LIBCMT:hooks.obj
 0003:00000568       __locktable                00449568     LIBCMT:mlock.obj
 0003:00000720       __amblksiz                 00449720     LIBCMT:heapinit.obj
 0003:00000728       ___old_small_block_heap    00449728     LIBCMT:sbheap.obj
 0003:0000274c       ___old_sbh_threshold       0044b74c     LIBCMT:sbheap.obj
 0003:00002750       __pctype                   0044b750     LIBCMT:ctype.obj
 0003:00002754       __pwctype                  0044b754     LIBCMT:ctype.obj
 0003:00002758       __ctype                    0044b758     LIBCMT:ctype.obj
 0003:0000295c       __timezone                 0044b95c     LIBCMT:timeset.obj
 0003:00002960       __daylight                 0044b960     LIBCMT:timeset.obj
 0003:00002964       __dstbias                  0044b964     LIBCMT:timeset.obj
 0003:000029e8       __tzname                   0044b9e8     LIBCMT:timeset.obj
 0003:00002a0c       __lpdays                   0044ba0c     LIBCMT:days.obj
 0003:00002a40       __days                     0044ba40     LIBCMT:days.obj
 0003:00002a80       __XcptActTab               0044ba80     LIBCMT:winxfltr.obj
 0003:00002af8       __First_FPE_Indx           0044baf8     LIBCMT:winxfltr.obj
 0003:00002afc       __Num_FPE                  0044bafc     LIBCMT:winxfltr.obj
 0003:00002b00       __XcptActTabSize           0044bb00     LIBCMT:winxfltr.obj
 0003:00002b04       __XcptActTabCount          0044bb04     LIBCMT:winxfltr.obj
 0003:00002b08       ___badioinfo               0044bb08     LIBCMT:ioinit.obj
 0003:00002d28       ___mb_cur_max              0044bd28     LIBCMT:nlsdata1.obj
 0003:00002d2c       ___decimal_point           0044bd2c     LIBCMT:nlsdata1.obj
 0003:00002d30       ___decimal_point_length    0044bd30     LIBCMT:nlsdata1.obj
 0003:00002e40       ___lc_time_curr            0044be40     LIBCMT:strftime.obj
 0003:00002e48       ___lc_time_c               0044be48     LIBCMT:strftime.obj
 0003:00002ef8       ___lconv_static_decimal    0044bef8     LIBCMT:lconv.obj
 0003:00002f00       ___lconv_c                 0044bf00     LIBCMT:lconv.obj
 0003:00002f30       ___lconv                   0044bf30     LIBCMT:lconv.obj
 0003:00002f40       ?_pModule@ATL@@3PAVCComModule@1@A 0044bf40     ChildFrm.obj
 0003:00002f48       ?cwp@?1??GetHookOldCbtFilter@CWnd@@SAAAU_CreateWindowParam@2@XZ@4U32@A 0044bf48     ChildFrm.obj
 0003:00002f54       ??_C@_00A@?$AA@            0044bf54     ChildFrm.obj
 0003:00002f58       ?hHalftoneBrush@?1??HalftoneBrush@CAfx@@SAPAUHBRUSH__@@H@Z@4PAU3@A 0044bf58     MainFrm.obj
 0003:00002f60       ?theApp@@3VCMdiVC6App@@A   0044bf60     MdiVC6.obj
 0003:000030b0       ?_afxMsgSETRGB@?1??_AfxCommDlgProc@CCommonDialog@@SGKPAUHWND__@@IIJ@Z@4IA 0044c0b0     MdiVC6.obj
 0003:000030b4       ?_afxMsgHELP@?1??_AfxCommDlgProc@CCommonDialog@@SGKPAUHWND__@@IIJ@Z@4IA 0044c0b4     MdiVC6.obj
 0003:000030b8       ?_afxMsgFILEOK@?1??_AfxCommDlgProc@CCommonDialog@@SGKPAUHWND__@@IIJ@Z@4IA 0044c0b8     MdiVC6.obj
 0003:000030bc       ?_afxMsgSHAREVI@?1??_AfxCommDlgProc@CCommonDialog@@SGKPAUHWND__@@IIJ@Z@4IA 0044c0bc     MdiVC6.obj
 0003:000030c0       ?_afxMsgLBSELCHANGE@?1??_AfxCommDlgProc@CCommonDialog@@SGKPAUHWND__@@IIJ@Z@4IA 0044c0c0     MdiVC6.obj
 0003:000030c8       ?m_pCWinApp@CWinApp@@2PAV1@A 0044c0c8     StdAfx.obj
 0003:000030d0       ?rectDefault@CFrameWnd@@2VCRect@WTL@@B 0044c0d0     StdAfx.obj
 0003:000030e0       ?_AtlWinModule@@3VCComModule@ATL@@A 0044c0e0     StdAfx.obj
 0003:00003168       ?wndTopMost@CWMHnd@@2V1@B  0044c168     StdAfx.obj
 0003:00003190       ?wndBottom@CWMHnd@@2V1@B   0044c190     StdAfx.obj
 0003:000031b8       ?wndTop@CWMHnd@@2V1@B      0044c1b8     StdAfx.obj
 0003:000031e0       ?wndNoTopMost@CWMHnd@@2V1@B 0044c1e0     StdAfx.obj
 0003:00003208       ?_afxGotScrollLines@?1??_AfxGetMouseScrollLines@CScrollView@@QAEIXZ@4HA 0044c208     StdAfx.obj
 0003:0000320c       __umaskval                 0044c20c     LIBCMT:crt0dat.obj
 0003:00003210       __osver                    0044c210     LIBCMT:crt0dat.obj
 0003:00003214       __winver                   0044c214     LIBCMT:crt0dat.obj
 0003:00003218       __winmajor                 0044c218     LIBCMT:crt0dat.obj
 0003:0000321c       __winminor                 0044c21c     LIBCMT:crt0dat.obj
 0003:00003220       ___argc                    0044c220     LIBCMT:crt0dat.obj
 0003:00003224       ___argv                    0044c224     LIBCMT:crt0dat.obj
 0003:00003228       ___wargv                   0044c228     LIBCMT:crt0dat.obj
 0003:0000322c       __environ                  0044c22c     LIBCMT:crt0dat.obj
 0003:00003230       ___initenv                 0044c230     LIBCMT:crt0dat.obj
 0003:00003234       __wenviron                 0044c234     LIBCMT:crt0dat.obj
 0003:00003238       ___winitenv                0044c238     LIBCMT:crt0dat.obj
 0003:0000323c       __pgmptr                   0044c23c     LIBCMT:crt0dat.obj
 0003:00003240       __wpgmptr                  0044c240     LIBCMT:crt0dat.obj
 0003:00003244       __exitflag                 0044c244     LIBCMT:crt0dat.obj
 0003:00003248       __C_Termination_Done       0044c248     LIBCMT:crt0dat.obj
 0003:0000324c       __C_Exit_Done              0044c24c     LIBCMT:crt0dat.obj
 0003:00003250       __aenvptr                  0044c250     LIBCMT:wincrt0.obj
 0003:00003254       __wenvptr                  0044c254     LIBCMT:wincrt0.obj
 0003:00003258       ___error_mode              0044c258     LIBCMT:wincrt0.obj
 0003:000032c8       ?_pnhHeap@@3P6AHI@ZA       0044c2c8     LIBCMT:handler.obj
 0003:000032cc       __newmode                  0044c2cc     LIBCMT:_newmode.obj
 0003:000034c4       __adbgmsg                  0044c4c4     LIBCMT:crt0msg.obj
 0003:000034c8       ___lc_handle               0044c4c8     LIBCMT:nlsdata2.obj
 0003:000034e0       ___lc_codepage             0044c4e0     LIBCMT:nlsdata2.obj
 0003:000034e4       ___lc_collate_cp           0044c4e4     LIBCMT:nlsdata2.obj
 0003:00003520       ___lc_time_intl            0044c520     LIBCMT:inittime.obj
 0003:0000353c       ___lc_id                   0044c53c     LIBCMT:nlsdata3.obj
 0003:0000358c       ___lconv_static_null       0044c58c     LIBCMT:lconv.obj
 0003:0000359c       ?uCachedScrollLines@?1??_AfxGetMouseScrollLines@CScrollView@@QAEIXZ@4IA 0044c59c     <common>
 0003:000035a0       ?_afxWinState@?1??GetAfxWinState@CPrintingDialog@@SAPAV_AFX_WIN_STATE@@XZ@4V3@A 0044c5a0     <common>
 0003:000035a4       ?$S5@?1??GetCException@CAfx@@SAAAVCException@@H@Z@4EA 0044c5a4     <common>
 0003:000035a8       ?_simpleInvalidArgException@?1??GetCException@CAfx@@SAAAVCException@@H@Z@4VCInvalidArgException@@A 0044c5a8     <common>
 0003:000035b0       ?_simpleMemoryException@?1??GetCException@CAfx@@SAAAVCException@@H@Z@4VCMemoryException@@A 0044c5b0     <common>
 0003:000035b8       ?_simpleNotSupportedException@?1??GetCException@CAfx@@SAAAVCException@@H@Z@4VCNotSupportedException@@A 0044c5b8     <common>
 0003:000035c0       ?_simpleResourceException@?1??GetCException@CAfx@@SAAAVCException@@H@Z@4VCResourceException@@A 0044c5c0     <common>
 0003:000035c8       ?$S12@?1??GetAfxData@CAfx@@SAABU_AUX_DATA@@XZ@4EA 0044c5c8     <common>
 0003:000035e0       ?_afxdata@?1??GetAfxData@CAfx@@SAABU_AUX_DATA@@XZ@4U3@A 0044c5e0     <common>
 0003:00003614       ?m_lastSentMsg@?1??GetLastSentMsg@CCmdTarget@@SAAAPAUtagMSG@@XZ@4PAU3@A 0044c614     <common>
 0003:00003618       ?$S55@?1??GetCModuleState@CWinApp@@SAPAVCModuleState@@XZ@4EA 0044c618     <common>
 0003:00003620       ?cModuleState@?1??GetCModuleState@CWinApp@@SAPAVCModuleState@@XZ@4V3@A 0044c620     <common>
 0003:00003644       ___setlc_active            0044c644     <common>
 0003:00003648       ___unguarded_readlc_active 0044c648     <common>
 0003:00003660       ___pioinfo                 0044c660     <common>
 0003:00003760       __nhandle                  0044c760     <common>
 0003:00003764       ___sbh_sizeHeaderList      0044c764     <common>
 0003:00003768       ___sbh_indGroupDefer       0044c768     <common>
 0003:0000376c       ___sbh_pHeaderScan         0044c76c     <common>
 0003:00003770       ___sbh_pHeaderDefer        0044c770     <common>
 0003:00003774       ___sbh_cntHeaderList       0044c774     <common>
 0003:00003778       ___sbh_pHeaderList         0044c778     <common>
 0003:0000377c       ___sbh_threshold           0044c77c     <common>
 0003:00003780       __crtheap                  0044c780     <common>
 0003:00003784       ___active_heap             0044c784     <common>
 0003:00003788       ___mbcodepage              0044c788     <common>
 0003:00003790       ___mbulinfo                0044c790     <common>
 0003:0000379c       ___ismbcodepage            0044c79c     <common>
 0003:000037a0       __mbcasemap                0044c7a0     <common>
 0003:000038a0       __mbctype                  0044c8a0     <common>
 0003:000039a4       ___mblcid                  0044c9a4     <common>
 0003:000039a8       __acmdln                   0044c9a8     <common>
 0003:000039ac       ___env_initialized         0044c9ac     <common>
 0003:000039b0       ___mbctype_initialized     0044c9b0     <common>
 0003:000039b4       ___onexitend               0044c9b4     <common>
 0003:000039b8       ___onexitbegin             0044c9b8     <common>
 0003:000039bc       __FPinit                   0044c9bc     <common>

 entry point at        0001:0003ab41

 Static symbols

 0001:0002ef00       _$E62                      0042ff00 f   StdAfx.obj
 0001:0002ef10       _$E58                      0042ff10 f   StdAfx.obj
 0001:0002ef40       _$E61                      0042ff40 f   StdAfx.obj
 0001:0002ef50       _$E59                      0042ff50 f   StdAfx.obj
 0001:0002f170       _$E67                      00430170 f   StdAfx.obj
 0001:0002f180       _$E64                      00430180 f   StdAfx.obj
 0001:0002f1b0       _$E66                      004301b0 f   StdAfx.obj
 0001:0002f1c0       _$E65                      004301c0 f   StdAfx.obj
 0001:0002f3e0       _$E72                      004303e0 f   StdAfx.obj
 0001:0002f3f0       _$E69                      004303f0 f   StdAfx.obj
 0001:0002f430       _$E71                      00430430 f   StdAfx.obj
 0001:0002f440       _$E70                      00430440 f   StdAfx.obj
 0001:0002f660       _$E77                      00430660 f   StdAfx.obj
 0001:0002f670       _$E74                      00430670 f   StdAfx.obj
 0001:0002f6b0       _$E76                      004306b0 f   StdAfx.obj
 0001:0002f6c0       _$E75                      004306c0 f   StdAfx.obj
 0001:0002f8e0       _$E80                      004308e0 f   StdAfx.obj
 0001:0002f8f0       _$E79                      004308f0 f   StdAfx.obj
 0001:00029870       ?_AtlCreateDC@WTL@@YAPAUHDC__@@PAX0@Z 0042a870 f   MdiVC6View.obj
 0001:0001b900       _$E65                      0041c900 f   MdiVC6.obj
 0001:0001b910       _$E62                      0041c910 f   MdiVC6.obj
 0001:0001b920       _$E64                      0041c920 f   MdiVC6.obj
 0001:0001b930       _$E63                      0041c930 f   MdiVC6.obj
 0001:0003fee8       _findenv                   00440ee8 f   LIBCMT:setenv.obj
 0001:0003ff40       _copy_environ              00440f40 f   LIBCMT:setenv.obj
 0001:0003fd36       _strncnt                   00440d36 f   LIBCMT:a_cmp.obj
 0001:0003f816       _siglookup                 00440816 f   LIBCMT:winsig.obj
 0001:0003f139       _strtoxl                   00440139 f   LIBCMT:strtol.obj
 0001:0003fd36       _strncnt                   00440d36 f   LIBCMT:a_cmp.obj
 0001:0003eaf0       LeadUp1                    0043faf0 f   LIBCMT:memcpy.obj
 0001:0003eb1c       LeadUp2                    0043fb1c f   LIBCMT:memcpy.obj
 0001:0003eb40       LeadUp3                    0043fb40 f   LIBCMT:memcpy.obj
 0001:0003ebbf       UnwindUp0                  0043fbbf f   LIBCMT:memcpy.obj
 0001:0003ebac       UnwindUp1                  0043fbac f   LIBCMT:memcpy.obj
 0001:0003eba4       UnwindUp2                  0043fba4 f   LIBCMT:memcpy.obj
 0001:0003eb9c       UnwindUp3                  0043fb9c f   LIBCMT:memcpy.obj
 0001:0003eb94       UnwindUp4                  0043fb94 f   LIBCMT:memcpy.obj
 0001:0003eb8c       UnwindUp5                  0043fb8c f   LIBCMT:memcpy.obj
 0001:0003eb84       UnwindUp6                  0043fb84 f   LIBCMT:memcpy.obj
 0001:0003eb7c       UnwindUp7                  0043fb7c f   LIBCMT:memcpy.obj
 0001:0003ebd8       TrailUp0                   0043fbd8 f   LIBCMT:memcpy.obj
 0001:0003ebe0       TrailUp1                   0043fbe0 f   LIBCMT:memcpy.obj
 0001:0003ebec       TrailUp2                   0043fbec f   LIBCMT:memcpy.obj
 0001:0003ec00       TrailUp3                   0043fc00 f   LIBCMT:memcpy.obj
 0001:0003ec78       LeadDown1                  0043fc78 f   LIBCMT:memcpy.obj
 0001:0003ec98       LeadDown2                  0043fc98 f   LIBCMT:memcpy.obj
 0001:0003ecc0       LeadDown3                  0043fcc0 f   LIBCMT:memcpy.obj
 0001:0003ed14       UnwindDown7                0043fd14 f   LIBCMT:memcpy.obj
 0001:0003ed1c       UnwindDown6                0043fd1c f   LIBCMT:memcpy.obj
 0001:0003ed24       UnwindDown5                0043fd24 f   LIBCMT:memcpy.obj
 0001:0003ed2c       UnwindDown4                0043fd2c f   LIBCMT:memcpy.obj
 0001:0003ed34       UnwindDown3                0043fd34 f   LIBCMT:memcpy.obj
 0001:0003ed3c       UnwindDown2                0043fd3c f   LIBCMT:memcpy.obj
 0001:0003ed44       UnwindDown1                0043fd44 f   LIBCMT:memcpy.obj
 0001:0003ed57       UnwindDown0                0043fd57 f   LIBCMT:memcpy.obj
 0001:0003ed70       TrailDown0                 0043fd70 f   LIBCMT:memcpy.obj
 0001:0003ed78       TrailDown1                 0043fd78 f   LIBCMT:memcpy.obj
 0001:0003ed88       TrailDown2                 0043fd88 f   LIBCMT:memcpy.obj
 0001:0003ed9c       TrailDown3                 0043fd9c f   LIBCMT:memcpy.obj
 0001:0003e3dc       _parse_cmdline             0043f3dc f   LIBCMT:stdargv.obj
 0001:0003e1f8       _xcptlookup                0043f1f8 f   LIBCMT:winxfltr.obj
 0001:0003daea       __tzset_lk                 0043eaea f   LIBCMT:tzset.obj
 0001:0003dd92       __isindst_lk               0043ed92 f   LIBCMT:tzset.obj
 0001:0003df3e       _cvtdate                   0043ef3e f   LIBCMT:tzset.obj
 0001:0003bdbc       _getSystemCP               0043cdbc f   LIBCMT:mbctype.obj
 0001:0003be06       _CPtoLCID                  0043ce06 f   LIBCMT:mbctype.obj
 0001:0003be39       _setSBCS                   0043ce39 f   LIBCMT:mbctype.obj
 0001:0003be62       _setSBUpLow                0043ce62 f   LIBCMT:mbctype.obj
 0001:0003ad2d       ?FindHandler@@YAXPAUEHExceptionRecord@@PAUEHRegistrationNode@@PAU_CONTEXT@@PAXPBU_s_FuncInfo@@EH1@Z 0043bd2d f   LIBCMT:frame.obj
 0001:0003aee0       ?FindHandlerForForeignException@@YAXPAUEHExceptionRecord@@PAUEHRegistrationNode@@PAU_CONTEXT@@PAXPBU_s_FuncInfo@@HH1@Z 0043bee0 f   LIBCMT:frame.obj
 0001:0003af8a       ?TypeMatch@@YAHPBU_s_HandlerType@@PBU_s_CatchableType@@PBU_s_ThrowInfo@@@Z 0043bf8a f   LIBCMT:frame.obj
 0001:00039b37       ?FrameUnwindFilter@@YAHPAU_EXCEPTION_POINTERS@@@Z 0043ab37 f   LIBCMT:ehvecdtr.obj
 0001:0003b085       ?CatchIt@@YAXPAUEHExceptionRecord@@PAUEHRegistrationNode@@PAU_CONTEXT@@PAXPBU_s_FuncInfo@@PBU_s_HandlerType@@PBU_s_CatchableType@@PBU_s_TryBlockMapEntry@@H1E@Z 0043c085 f   LIBCMT:frame.obj
 0001:0003b100       ?CallCatchBlock@@YAPAXPAUEHExceptionRecord@@PAUEHRegistrationNode@@PAU_CONTEXT@@PBU_s_FuncInfo@@PAXHK@Z 0043c100 f   LIBCMT:frame.obj
 0001:0003b21b       ?ExFilterRethrow@@YAHPAU_EXCEPTION_POINTERS@@@Z 0043c21b f   LIBCMT:frame.obj
 0001:0003b245       ?BuildCatchObject@@YAXPAUEHExceptionRecord@@PAUEHRegistrationNode@@PBU_s_HandlerType@@PBU_s_CatchableType@@@Z 0043c245 f   LIBCMT:frame.obj
 0001:0003b470       ?AdjustPointer@@YAPAXPAXABUPMD@@@Z 0043c470 f   LIBCMT:frame.obj
 0001:0003ac6e       _fast_error_exit           0043bc6e f   LIBCMT:wincrt0.obj
 0001:0003a79e       __make_time_t              0043b79e f   LIBCMT:mktime.obj
 0001:0003a6e0       _x_ismbbtype               0043b6e0 f   LIBCMT:ismbbyte.obj
 0001:0003a38e       _doexit                    0043b38e f   LIBCMT:crt0dat.obj
 0001:0003a445       __initterm                 0043b445 f   LIBCMT:crt0dat.obj
 0001:00039f40       LeadUp1                    0043af40 f   LIBCMT:memmove.obj
 0001:00039f6c       LeadUp2                    0043af6c f   LIBCMT:memmove.obj
 0001:00039f90       LeadUp3                    0043af90 f   LIBCMT:memmove.obj
 0001:0003a00f       UnwindUp0                  0043b00f f   LIBCMT:memmove.obj
 0001:00039ffc       UnwindUp1                  0043affc f   LIBCMT:memmove.obj
 0001:00039ff4       UnwindUp2                  0043aff4 f   LIBCMT:memmove.obj
 0001:00039fec       UnwindUp3                  0043afec f   LIBCMT:memmove.obj
 0001:00039fe4       UnwindUp4                  0043afe4 f   LIBCMT:memmove.obj
 0001:00039fdc       UnwindUp5                  0043afdc f   LIBCMT:memmove.obj
 0001:00039fd4       UnwindUp6                  0043afd4 f   LIBCMT:memmove.obj
 0001:00039fcc       UnwindUp7                  0043afcc f   LIBCMT:memmove.obj
 0001:0003a028       TrailUp0                   0043b028 f   LIBCMT:memmove.obj
 0001:0003a030       TrailUp1                   0043b030 f   LIBCMT:memmove.obj
 0001:0003a03c       TrailUp2                   0043b03c f   LIBCMT:memmove.obj
 0001:0003a050       TrailUp3                   0043b050 f   LIBCMT:memmove.obj
 0001:0003a0c8       LeadDown1                  0043b0c8 f   LIBCMT:memmove.obj
 0001:0003a0e8       LeadDown2                  0043b0e8 f   LIBCMT:memmove.obj
 0001:0003a110       LeadDown3                  0043b110 f   LIBCMT:memmove.obj
 0001:0003a164       UnwindDown7                0043b164 f   LIBCMT:memmove.obj
 0001:0003a16c       UnwindDown6                0043b16c f   LIBCMT:memmove.obj
 0001:0003a174       UnwindDown5                0043b174 f   LIBCMT:memmove.obj
 0001:0003a17c       UnwindDown4                0043b17c f   LIBCMT:memmove.obj
 0001:0003a184       UnwindDown3                0043b184 f   LIBCMT:memmove.obj
 0001:0003a18c       UnwindDown2                0043b18c f   LIBCMT:memmove.obj
 0001:0003a194       UnwindDown1                0043b194 f   LIBCMT:memmove.obj
 0001:0003a1a7       UnwindDown0                0043b1a7 f   LIBCMT:memmove.obj
 0001:0003a1c0       TrailDown0                 0043b1c0 f   LIBCMT:memmove.obj
 0001:0003a1c8       TrailDown1                 0043b1c8 f   LIBCMT:memmove.obj
 0001:0003a1d8       TrailDown2                 0043b1d8 f   LIBCMT:memmove.obj
 0001:0003a1ec       TrailDown3                 0043b1ec f   LIBCMT:memmove.obj
 0001:00039b37       ?ArrayUnwindFilter@@YAHPAU_EXCEPTION_POINTERS@@@Z 0043ab37 f   LIBCMT:ehvecdtr.obj
 0001:000398c4       _gu_return                 0043a8c4 f   LIBCMT:exsup.obj
 0001:000398cc       __unwind_handler           0043a8cc f   LIBCMT:exsup.obj
 0001:000396de       ?CatchGuardHandler@@YA?AW4_EXCEPTION_DISPOSITION@@PAUEHExceptionRecord@@PAUCatchGuardRN@@PAX2@Z 0043a6de f   LIBCMT:trnsctrl.obj
 0001:000397b9       ?TranslatorGuardHandler@@YA?AW4_EXCEPTION_DISPOSITION@@PAUEHExceptionRecord@@PAUTranslatorGuardRN@@PAX2@Z 0043a7b9 f   LIBCMT:trnsctrl.obj

 2759 bytes saved through ICF

