 viewex

 Timestamp is 59474068 (Mon Jun 19 12:09:28 2017)

 Preferred load address is 0000000140000000

 Start         Length     Name                   Class
 0001:00000000 00000118H .text$di                CODE
 0001:00000120 0002b878H .text$mn                CODE
 0001:0002b9a0 00000e36H .text$x                 CODE
 0001:0002c7e0 000000f4H .text$yd                CODE
 0002:00000000 00000908H .idata$5                DATA
 0002:00000908 00000008H .CRT$XCA                DATA
 0002:00000910 00000008H .CRT$XCL                DATA
 0002:00000918 00000038H .CRT$XCU                DATA
 0002:00000950 00000008H .CRT$XCZ                DATA
 0002:00000958 00000008H .CRT$XIA                DATA
 0002:00000960 00000020H .CRT$XIC                DATA
 0002:00000980 00000008H .CRT$XIY                DATA
 0002:00000988 00000008H .CRT$XIZ                DATA
 0002:00000990 00000008H .CRT$XPA                DATA
 0002:00000998 00000010H .CRT$XPX                DATA
 0002:000009a8 00000008H .CRT$XPXA               DATA
 0002:000009b0 00000008H .CRT$XPZ                DATA
 0002:000009b8 00000008H .CRT$XTA                DATA
 0002:000009c0 00000008H .CRT$XTZ                DATA
 0002:000009d0 00008d60H .rdata                  DATA
 0002:00009730 000001ecH .rdata$r                DATA
 0002:00009920 00000008H .rtc$IAA                DATA
 0002:00009928 00000008H .rtc$IZZ                DATA
 0002:00009930 00000008H .rtc$TAA                DATA
 0002:00009938 00000008H .rtc$TZZ                DATA
 0002:00009940 000042b0H .xdata                  DATA
 0002:0000dbf0 00000204H .xdata$x                DATA
 0002:0000ddf8 00000000H ATL$__a                 DATA
 0002:0000ddf8 00000000H ATL$__z                 DATA
 0002:0000ddf8 00000000H .edata                  DATA
 0002:0000ddf8 000000b4H .idata$2                DATA
 0002:0000deac 00000014H .idata$3                DATA
 0002:0000dec0 00000908H .idata$4                DATA
 0002:0000e7c8 00001338H .idata$6                DATA
 0003:00000000 00001770H .data                   DATA
 0003:00001770 00000128H .data$r                 DATA
 0003:000018a0 00002918H .bss                    DATA
 0004:00000000 00002b8cH .pdata                  DATA
 0005:00000000 000011e0H .rsrc$01                DATA
 0005:000011e0 000056b8H .rsrc$02                DATA

  Address         Publics by Value              Rva+Base               Lib:Object

 0000:00000000       ___safe_se_handler_table   0000000000000000     <absolute>
 0000:00000000       __guard_fids_count         0000000000000000     <absolute>
 0000:00000000       ___safe_se_handler_count   0000000000000000     <absolute>
 0000:00000000       __guard_fids_table         0000000000000000     <absolute>
 0000:00000000       __guard_flags              0000000000000000     <absolute>
 0000:00000000       __ImageBase                0000000140000000     <linker-defined>
 0001:00000120       ?GetRuntimeClass@CEnterDlg@@UEBAPEAUCRuntimeClass@@XZ 0000000140001120 f   Enterdlg.obj
 0001:00000130       ??_GCEnterDlg@@UEAAPEAXI@Z 0000000140001130 f i Enterdlg.obj
 0001:00000130       ??_ECEnterDlg@@UEAAPEAXI@Z 0000000140001130 f i * CIL library *:* CIL module *
 0001:00000160       ??1CEnterDlg@@UEAA@XZ      0000000140001160 f i Enterdlg.obj
 0001:000001e0       ?DoDataExchange@CEnterDlg@@MEAAXPEAVCDataExchange@@@Z 00000001400011e0 f   Enterdlg.obj
 0001:000001f0       ?_ProcessWindowMessage@CEnterDlg@@UEAAHPEAUHWND__@@I_K_JAEA_J@Z 00000001400011f0 f i Enterdlg.obj
 0001:000001f0       ?_ProcessWindowMessage@CDialog@@UEAAHPEAUHWND__@@I_K_JAEA_J@Z 00000001400011f0 f i Enterdlg.obj
 0001:000001f0       ?_ProcessWindowMessage@CCommonDialog@@UEAAHPEAUHWND__@@I_K_JAEA_J@Z 00000001400011f0 f i Maindoc.obj
 0001:00000260       ?GetBuffer@CString@WTL@@QEAAPEADH@Z 0000000140001260 f i Enterdlg.obj
 0001:00000300       ?CopyBeforeWrite@CString@WTL@@IEAAXXZ 0000000140001300 f i Enterdlg.obj
 0001:00000380       ?DDX_Text@@YAXPEAVCDataExchange@@HAEAVCString@WTL@@@Z 0000000140001380 f i Enterdlg.obj
 0001:00000450       ?AssignCopy@CString@WTL@@IEAAXHPEBD@Z 0000000140001450 f i Enterdlg.obj
 0001:000004f0       ??_9CDialog@@$BPA@AA       00000001400014f0 f i Enterdlg.obj
 0001:000004fc       ??_9CDialog@@$BPI@AA       00000001400014fc f i Enterdlg.obj
 0001:00000510       ?OnCmdMsg@CDialog@@UEAAHIHPEAXPEAUAFX_CMDHANDLERINFO@@@Z 0000000140001510 f i Enterdlg.obj
 0001:00000600       ??_G_AFX_MOUSEANCHORWND@@UEAAPEAXI@Z 0000000140001600 f i Inputvw.obj
 0001:00000600       ??_ECDialog@@UEAAPEAXI@Z   0000000140001600 f i * CIL library *:* CIL module *
 0001:00000600       ??_ECNewTypeDlg@@UEAAPEAXI@Z 0000000140001600 f i * CIL library *:* CIL module *
 0001:00000600       ??_E_AFX_MOUSEANCHORWND@@UEAAPEAXI@Z 0000000140001600 f i * CIL library *:* CIL module *
 0001:00000600       ??_ECWnd@@UEAAPEAXI@Z      0000000140001600 f i * CIL library *:* CIL module *
 0001:00000600       ??_GCWnd@@UEAAPEAXI@Z      0000000140001600 f i Enterdlg.obj
 0001:00000600       ??_GCDialog@@UEAAPEAXI@Z   0000000140001600 f i Enterdlg.obj
 0001:00000600       ??_GCNewTypeDlg@@UEAAPEAXI@Z 0000000140001600 f i Viewex.obj
 0001:00000670       ?PreTranslateMessage@CDialog@@UEAAHPEAUtagMSG@@@Z 0000000140001670 f i Enterdlg.obj
 0001:00000780       ?OnOK@CDialog@@UEAAXXZ     0000000140001780 f i Enterdlg.obj
 0001:00000810       ?OnCancel@CDialog@@UEAAXXZ 0000000140001810 f i Enterdlg.obj
 0001:00000850       ?Create@CDialog@@UEAAHIPEAVCWnd@@@Z 0000000140001850 f i Enterdlg.obj
 0001:00000860       ?CreateIndirect@CDialog@@UEAAHPEAXPEAVCWnd@@PEAUHINSTANCE__@@@Z 0000000140001860 f i Enterdlg.obj
 0001:00000900       ?GetSafeOwner_@CWnd@@SAPEAUHWND__@@PEAU2@PEAPEAU2@@Z 0000000140001900 f i Enterdlg.obj
 0001:00000a30       ??1CNewTypeDlg@@UEAA@XZ    0000000140001a30 f i Viewex.obj
 0001:00000a30       ??1CCommonDialog@@UEAA@XZ  0000000140001a30 f i Maindoc.obj
 0001:00000a30       ??1CDialog@@UEAA@XZ        0000000140001a30 f i Enterdlg.obj
 0001:00000a30       ??1CWnd@@UEAA@XZ           0000000140001a30 f i Enterdlg.obj
 0001:00000a80       ?classHandleFuncCDialog@CDialog@@SAPEAXPEAX0@Z 0000000140001a80 f i Enterdlg.obj
 0001:00000b20       ?CenterWindow@CWindow@ATL@@QEAAHPEAUHWND__@@@Z 0000000140001b20 f i Enterdlg.obj
 0001:00000d00       ??_GCDCMTL@@UEAAPEAXI@Z    0000000140001d00 f i Enterdlg.obj
 0001:00000d00       ??_ECDCMTL@@UEAAPEAXI@Z    0000000140001d00 f i * CIL library *:* CIL module *
 0001:00000d70       ?SetAttribDC@CDCMTL@@UEAAXPEAUHDC__@@@Z 0000000140001d70 f i Enterdlg.obj
 0001:00000d80       ?ReleaseAttribDC@CDCMTL@@UEAAXXZ 0000000140001d80 f i Enterdlg.obj
 0001:00000d90       ?SaveDC@CDCMTL@@UEAAHXZ    0000000140001d90 f i Enterdlg.obj
 0001:00000de0       ?RestoreDC@CDCMTL@@UEAAHH@Z 0000000140001de0 f i Enterdlg.obj
 0001:00000e40       ?TextOutA@CDCMTL@@UEAAHHHPEBDH@Z 0000000140001e40 f i Enterdlg.obj
 0001:00000e50       ?RemoveHandle@?$CHandleList@PEAUHMENU__@@VCMenuMTL@@PEAUHWND__@@@@QEAAPEAUHMENU__@@QEAU2@@Z 0000000140001e50 f i Enterdlg.obj
 0001:00000e50       ?RemoveHandle@?$CHandleList@PEAUHDC__@@VCDCMTL@@PEAUHWND__@@@@QEAAPEAUHDC__@@QEAU2@@Z 0000000140001e50 f i Enterdlg.obj
 0001:00000e50       ?RemoveHandle@?$CHandleList@PEAXVCGdiObject@@PEAUHWND__@@@@QEAAPEAXQEAX@Z 0000000140001e50 f i Inputvw.obj
 0001:00000ed0       ?RemoveHandleDC@CWinApp@@QEAAPEAUHDC__@@PEAU2@@Z 0000000140001ed0 f i Enterdlg.obj
 0001:00000ef0       ??1CDCMTL@@UEAA@XZ         0000000140001ef0 f i Enterdlg.obj
 0001:00000f50       ?Serialize@CObject@@UEAAXAEAVCArchive@@@Z 0000000140001f50 f i Enterdlg.obj
 0001:00000f50       ?OnFolderChange@CFileDialogMTL@@UEAAXXZ 0000000140001f50 f i Maindoc.obj
 0001:00000f50       ?PreCloseFrame@CDocument@@UEAAXPEAVCFrameWnd@@@Z 0000000140001f50 f i Maindoc.obj
 0001:00000f50       ?OnTypeChange@CFileDialogMTL@@UEAAXXZ 0000000140001f50 f i Maindoc.obj
 0001:00000f50       ?PostNcDestroy@CWMHnd@@UEAAXXZ 0000000140001f50 f i Enterdlg.obj
 0001:00000f50       ?OnEndPrinting@CView@@UEAAXPEAVCDCMTL@@PEAUCPrintInfo@@@Z 0000000140001f50 f i Inputvw.obj
 0001:00000f50       ?SetRadio@CTestCmdUI@@UEAAXH@Z 0000000140001f50 f i Enterdlg.obj
 0001:00000f50       ?OnFileNameChange@CFileDialogMTL@@UEAAXXZ 0000000140001f50 f i Maindoc.obj
 0001:00000f50       ?RegisterShellFileTypes@CDocManager@@UEAAXH@Z 0000000140001f50 f i Viewex.obj
 0001:00000f50       ?OnDocumentEvent@CDocument@@UEAAXW4DocumentEvent@1@@Z 0000000140001f50 f i Maindoc.obj
 0001:00000f50       ?SetText@CTestCmdUI@@UEAAXPEBD@Z 0000000140001f50 f i Enterdlg.obj
 0001:00000f50       ?OnActivateFrame@CView@@UEAAXIPEAVCFrameWnd@@@Z 0000000140001f50 f i Inputvw.obj
 0001:00000f50       ?DeleteContents@CDocument@@UEAAXXZ 0000000140001f50 f i Maindoc.obj
 0001:00000f50       ?OnShowMenuBar@CFrameWnd@@UEAAXXZ 0000000140001f50 f i Splitter.obj
 0001:00000f50       ?OnDraw@CView@@UEAAXPEAVCDCMTL@@@Z 0000000140001f50 f i Inputvw.obj
 0001:00000f50       ?DoDataExchange@CWMHnd@@UEAAXPEAVCDataExchange@@@Z 0000000140001f50 f i Enterdlg.obj
 0001:00000f50       ?SetCheck@CTestCmdUI@@UEAAXH@Z 0000000140001f50 f i Enterdlg.obj
 0001:00000f50       ?OnBeginPrinting@CView@@UEAAXPEAVCDCMTL@@PEAUCPrintInfo@@@Z 0000000140001f50 f i Inputvw.obj
 0001:00000f50       ?OnLBSelChangedNotify@CFileDialogMTL@@UEAAXIII@Z 0000000140001f50 f i Maindoc.obj
 0001:00000f50       ?OnHideMenuBar@CFrameWnd@@UEAAXXZ 0000000140001f50 f i Splitter.obj
 0001:00000f50       ?Serialize@CMainDoc@@UEAAXAEAVCArchive@@@Z 0000000140001f50 f i Maindoc.obj
 0001:00000f50       ?OnActivateView@CColorView@@UEAAXHPEAVCView@@0@Z 0000000140001f50 f i Simpvw.obj
 0001:00000f60       ?ExitInstance@CWinApp@@UEAAHXZ 0000000140001f60 f i Viewex.obj
 0001:00000f60       ?OnShareViolation@CFileDialogMTL@@UEAAIPEBD@Z 0000000140001f60 f i Maindoc.obj
 0001:00000f60       ?GetEventSinkMap@CCmdTarget@@UEBAPEBUAFX_EVENTSINKMAP@@XZ 0000000140001f60 f i Enterdlg.obj
 0001:00000f60       ?GetActivePane@CSplitterWnd@@UEAAPEAVCWnd@@AEAH0@Z 0000000140001f60 f i Splitter.obj
 0001:00000f60       ?_ProcessWindowMessage@CCmdTarget@@UEAAHPEAUHWND__@@I_K_JAEA_J@Z 0000000140001f60 f i Enterdlg.obj
 0001:00000f60       ?OnScrollBy@CView@@UEAAHVCSize@WTL@@H@Z 0000000140001f60 f i Inputvw.obj
 0001:00000f60       ?OnScroll@CView@@UEAAHIIH@Z 0000000140001f60 f i Inputvw.obj
 0001:00000f60       ?GetScrollBarCtrl@CWMHnd@@UEBAPEAVCScrollBarMTL@@H@Z 0000000140001f60 f i Enterdlg.obj
 0001:00000f60       ?IsTabbedMDIChild@CMDIChildWnd@@UEAAHXZ 0000000140001f60 f i Splitter.obj
 0001:00000f60       ?IsFrameWnd@CWMHnd@@UEAAHXZ 0000000140001f60 f i Enterdlg.obj
 0001:00000f60       ?OnFileNameOK@CFileDialogMTL@@UEAAHXZ 0000000140001f60 f i Maindoc.obj
 0001:00000f60       ?GetDefaultAccelerator@CDocument@@UEAAPEAUHACCEL__@@XZ 0000000140001f60 f i Maindoc.obj
 0001:00000f70       ?CalcWindowRect@CWMHnd@@UEAAXPEAUtagRECT@@I@Z 0000000140001f70 f i Enterdlg.obj
 0001:00000fe0       ?FromHandle@?$CHandleList@PEAUHMENU__@@VCMenuMTL@@PEAUHWND__@@@@QEAAPEAVCMenuMTL@@QEAUHMENU__@@PEAV2@QEAUHWND__@@Q6APEAXPEAX3@Z@Z 0000000140001fe0 f i Enterdlg.obj
 0001:00000fe0       ?FromHandle@?$CHandleList@PEAUHDC__@@VCDCMTL@@PEAUHWND__@@@@QEAAPEAVCDCMTL@@QEAUHDC__@@PEAV2@QEAUHWND__@@Q6APEAXPEAX3@Z@Z 0000000140001fe0 f i Splitter.obj
 0001:00000fe0       ?FromHandle@?$CHandleList@PEAXVCGdiObject@@PEAUHWND__@@@@QEAAPEAVCGdiObject@@QEAXPEAV2@QEAUHWND__@@Q6APEAXPEAX3@Z@Z 0000000140001fe0 f i Splitter.obj
 0001:000010c0       ?FromHandleMenu@CWinApp@@QEAAPEAVCMenuMTL@@PEAUHMENU__@@PEAV2@PEAUHWND__@@P6APEAXPEAX3@Z@Z 00000001400020c0 f i Enterdlg.obj
 0001:000010e0       ??_GCMenuMTL@@UEAAPEAXI@Z  00000001400020e0 f i Enterdlg.obj
 0001:000010e0       ??_ECMenuMTL@@UEAAPEAXI@Z  00000001400020e0 f i * CIL library *:* CIL module *
 0001:00001150       ?RemoveHandleMenu@CWinApp@@QEAAPEAUHMENU__@@PEAU2@@Z 0000000140002150 f i Enterdlg.obj
 0001:00001170       ??1CMenuMTL@@UEAA@XZ       0000000140002170 f i Enterdlg.obj
 0001:000011c0       ?classHandleFuncCMenuMTL@CMenuMTL@@SAPEAXPEAX0@Z 00000001400021c0 f i Enterdlg.obj
 0001:00001220       ?GetMenu@CWMHnd@@UEBAPEAVCMenuMTL@@XZ 0000000140002220 f i Enterdlg.obj
 0001:00001260       ?SetMenu@CWMHnd@@UEAAHPEAVCMenuMTL@@@Z 0000000140002260 f i Enterdlg.obj
 0001:00001280       ?OnInitDialog@CWMHnd@@UEAAHXZ 0000000140002280 f i Enterdlg.obj
 0001:00001280       ?OnCancel@CCommonDialog@@UEAAXXZ 0000000140002280 f i Maindoc.obj
 0001:000012b0       ?GetParent@CWnd@@QEAAPEAV1@XZ 00000001400022b0 f i Enterdlg.obj
 0001:000012f0       ?Enable@CCmdUI@@UEAAXH@Z   00000001400022f0 f i Enterdlg.obj
 0001:000013d0       ?SetCheck@CCmdUI@@UEAAXH@Z 00000001400023d0 f i Enterdlg.obj
 0001:00001460       ?SetRadio@CCmdUI@@UEAAXH@Z 0000000140002460 f i Enterdlg.obj
 0001:000014c0       ?AfxSetWindowText@CAfx@@SAXPEAUHWND__@@PEBD@Z 00000001400024c0 f i Enterdlg.obj
 0001:00001580       ?SetText@CCmdUI@@UEAAXPEBD@Z 0000000140002580 f i Enterdlg.obj
 0001:00001600       ?Enable@CTestCmdUI@@UEAAXH@Z 0000000140002600 f i Enterdlg.obj
 0001:00001610       ?OnCommand@CWnd@@UEAAH_K_J@Z 0000000140002610 f i Enterdlg.obj
 0001:00001710       ?_AfxTopChildWindowFromPoint@CWnd@@SAPEAUHWND__@@PEAU2@UtagPOINT@@@Z 0000000140002710 f i Enterdlg.obj
 0001:00001810       ?OnToolHitTest@CWnd@@UEBA_JVCPoint@WTL@@PEAUtagTOOLINFOA@@@Z 0000000140002810 f i Enterdlg.obj
 0001:000018c0       ?GetCurrentMessage@CCmdTarget@@UEBAPEBU_ATL_MSG@ATL@@XZ 00000001400028c0 f i Enterdlg.obj
 0001:000018d0       ?ReflectChildNotify@CWnd@@QEAAHI_K_JPEA_J@Z 00000001400028d0 f i Enterdlg.obj
 0001:00001a10       ?OnChildNotify@CWnd@@UEAAHI_K_JPEA_J@Z 0000000140002a10 f i Enterdlg.obj
 0001:00001a20       ?ReflectLastMsg@CWnd@@SAHPEAUHWND__@@PEA_J@Z 0000000140002a20 f i Enterdlg.obj
 0001:00001a90       ?OnCmdMsg@CCmdTarget@@UEAAHIHPEAXPEAUAFX_CMDHANDLERINFO@@@Z 0000000140002a90 f i Enterdlg.obj
 0001:00001bd0       ?OnNotify@CWnd@@UEAAH_K_JPEA_J@Z 0000000140002bd0 f i Enterdlg.obj
 0001:00001c80       ?Create@CWnd@@UEAAHPEBD0KAEBUtagRECT@@PEAV1@IPEAUCCreateContext@@@Z 0000000140002c80 f i Enterdlg.obj
 0001:00001d40       ?AtlWinModuleExtractCreateWndData@ATL@@YAPEAXPEAU_ATL_WIN_MODULE70@1@@Z 0000000140002d40 f i Enterdlg.obj
 0001:00001dc0       ?AtlWinModuleTerm@ATL@@YAJPEAU_ATL_WIN_MODULE70@1@PEAUHINSTANCE__@@@Z 0000000140002dc0 f i Enterdlg.obj
 0001:00001ea0       ?_AtlInitializeCriticalSectionEx@ATL@@YAHPEAU_RTL_CRITICAL_SECTION@@KK@Z 0000000140002ea0 f i Enterdlg.obj
 0001:00001eb0       ??0CAtlWinModule@ATL@@QEAA@XZ 0000000140002eb0 f i Enterdlg.obj
 0001:00001f50       ?Init@CDynamicStdCallThunk@ATL@@QEAAH_KPEAX@Z 0000000140002f50 f i Enterdlg.obj
 0001:00001fe0       ?AfxWindowProc@CWnd@@SA_JPEAUHWND__@@I_K_J@Z 0000000140002fe0 f i Enterdlg.obj
 0001:00002050       ?AfxSubclassWindow@CWnd@@QEAAHPEAUHWND__@@PEAUtagCREATESTRUCTA@@@Z 0000000140003050 f i Enterdlg.obj
 0001:00002100       ?CbtFilterHook@CWnd@@SA_JH_K_J@Z 0000000140003100 f i Enterdlg.obj
 0001:000021a0       ?HookWindowCreate@CWnd@@SAHPEAV1@G@Z 00000001400031a0 f i Enterdlg.obj
 0001:00002250       ?CreateEx@CWnd@@UEAAHKPEBD0KHHHHPEAUHWND__@@PEAUHMENU__@@PEAX@Z 0000000140003250 f i Enterdlg.obj
 0001:000023d0       ?AllocBuffer@CString@WTL@@IEAAHH@Z 00000001400033d0 f i Enterdlg.obj
 0001:00002460       ?ConcatCopy@CString@WTL@@IEAAHHPEBDH0@Z 0000000140003460 f i Enterdlg.obj
 0001:00002510       ?ConcatInPlace@CString@WTL@@IEAAXHPEBD@Z 0000000140003510 f i Enterdlg.obj
 0001:000025d0       ??YCString@WTL@@QEAAAEAV01@D@Z 00000001400035d0 f i Enterdlg.obj
 0001:00002680       ?AfxEndDeferRegisterClass@CAfx@@SAHJ@Z 0000000140003680 f i Enterdlg.obj
 0001:00002bb0       ?PreCreateWindow@CWnd@@UEAAHAEAUtagCREATESTRUCTA@@@Z 0000000140003bb0 f i Enterdlg.obj
 0001:00002c00       ??1CWMHnd@@UEAA@XZ         0000000140003c00 f i Enterdlg.obj
 0001:00002c10       ??1CWndProcThunk@ATL@@QEAA@XZ 0000000140003c10 f i Enterdlg.obj
 0001:00002c20       ?CWndDestruct@CWnd@@QEAAXXZ 0000000140003c20 f i Enterdlg.obj
 0001:00002ca0       ?classHandleFuncCWnd@CWnd@@SAPEAXPEAX0@Z 0000000140003ca0 f i Enterdlg.obj
 0001:00002d20       ?RemoveHandle@?$CHandleHashList@PEAUHWND__@@VCWMHnd@@PEAU1@$0BB@@@QEAAPEAUHWND__@@QEAU2@@Z 0000000140003d20 f i Enterdlg.obj
 0001:00002de0       ?RemoveOwner@?$CHandleHashList@PEAUHWND__@@VCWMHnd@@PEAU1@$0BB@@@QEAAHQEAUHWND__@@@Z 0000000140003de0 f i Enterdlg.obj
 0001:00002ea0       ?RemoveOwner@?$CHandleList@PEAUHDC__@@VCDCMTL@@PEAUHWND__@@@@QEAAHQEAUHWND__@@@Z 0000000140003ea0 f i Enterdlg.obj
 0001:00002ea0       ?RemoveOwner@?$CHandleList@PEAUHMENU__@@VCMenuMTL@@PEAUHWND__@@@@QEAAHQEAUHWND__@@@Z 0000000140003ea0 f i Enterdlg.obj
 0001:00002ea0       ?RemoveOwner@?$CHandleList@PEAXVCGdiObject@@PEAUHWND__@@@@QEAAHQEAUHWND__@@@Z 0000000140003ea0 f i Enterdlg.obj
 0001:00002ea0       ?RemoveOwner@?$CHandleList@PEAXXPEAUHWND__@@@@QEAAHQEAUHWND__@@@Z 0000000140003ea0 f i Enterdlg.obj
 0001:00002f30       ?RemoveHandleWnd@CWinApp@@QEAAPEAUHWND__@@PEAU2@@Z 0000000140003f30 f i Enterdlg.obj
 0001:00002fd0       ?AfxUnsubclassWindow@CWnd@@QEAAPEAUHWND__@@XZ 0000000140003fd0 f i Enterdlg.obj
 0001:00003050       ?OnNcDestroy@CWnd@@QEAAXXZ 0000000140004050 f i Enterdlg.obj
 0001:00003160       ?_ProcessWindowMessage@CWnd@@UEAAHPEAUHWND__@@I_K_JAEA_J@Z 0000000140004160 f i Enterdlg.obj
 0001:00003350       ?OnWndMsg@CWnd@@UEAAHI_K_JPEA_J@Z 0000000140004350 f i Enterdlg.obj
 0001:000033f0       ?DefWindowProcA@CWnd@@UEAA_JI_K_J@Z 00000001400043f0 f i Enterdlg.obj
 0001:00003420       ?WindowProc@CWnd@@UEAA_JI_K_J@Z 0000000140004420 f i Enterdlg.obj
 0001:00003490       ?AfxCallWndProc@CWnd@@QEAA_JPEAV1@I_K_J@Z 0000000140004490 f i Enterdlg.obj
 0001:00003520       ?SendMessageToDescendants@CWnd@@QEAAXPEAUHWND__@@I_K_JHH@Z 0000000140004520 f i Enterdlg.obj
 0001:00003630       ?ExecuteDlgInit@CWnd@@QEAAHPEAX@Z 0000000140004630 f i Enterdlg.obj
 0001:00003740       ?ExecuteDlgInit@CWnd@@QEAAHPEBD@Z 0000000140004740 f i Enterdlg.obj
 0001:000037e0       ?EndModalLoop@CWnd@@UEAAXH@Z 00000001400047e0 f i Enterdlg.obj
 0001:00003810       ?OnInitDialog@CDialog@@UEAAHXZ 0000000140004810 f i Enterdlg.obj
 0001:000038c0       ?AfxDlgProc@CWnd@@SA_JPEAUHWND__@@I_K_J@Z 00000001400048c0 f i Enterdlg.obj
 0001:00003960       ?CreateDlgIndirect@CWnd@@QEAAHPEBUDLGTEMPLATE@@PEAV1@PEAUHINSTANCE__@@@Z 0000000140004960 f i Enterdlg.obj
 0001:00003a10       ?CreateDlg@CWnd@@QEAAHPEBDPEAV1@@Z 0000000140004a10 f i Enterdlg.obj
 0001:00003ab0       ?Create@CDialog@@UEAAHPEBDPEAVCWnd@@@Z 0000000140004ab0 f i Enterdlg.obj
 0001:00003b20       ?FromHandle@?$CHandleHashList@PEAUHWND__@@VCWMHnd@@PEAU1@$0BB@@@QEAAPEAVCWMHnd@@QEAUHWND__@@PEAV2@0Q6APEAXPEAX2@Z@Z 0000000140004b20 f i Enterdlg.obj
 0001:00003c60       ?FromHandleWnd@CWinApp@@QEAAPEAVCWMHnd@@PEAUHWND__@@PEAV2@0P6APEAXPEAX2@Z@Z 0000000140004c60 f i Enterdlg.obj
 0001:00003c80       ??1?$CList@PEAXPEAX@@QEAA@XZ 0000000140004c80 f i Maindoc.obj
 0001:00003c80       ??1?$CList@PEAVCFrameWnd@@AEBQEAV1@@@QEAA@XZ 0000000140004c80 f i Viewex.obj
 0001:00003c80       ??1?$CList@PEAUCRuntimeClass@@AEBQEAU1@@@QEAA@XZ 0000000140004c80 f i Enterdlg.obj
 0001:00003c80       ??1?$CList@PEAUHWND__@@PEAU1@@@QEAA@XZ 0000000140004c80 f i Splitter.obj
 0001:00003cc0       ??1CString@WTL@@QEAA@XZ    0000000140004cc0 f i Enterdlg.obj
 0001:00003cc0       ??1CStringW@@QEAA@XZ       0000000140004cc0 f i Maindoc.obj
 0001:00003cf0       ??1CModuleState@@QEAA@XZ   0000000140004cf0 f i Enterdlg.obj
 0001:00003d80       ?_GetCModuleState@CWinApp@@SAPEAVCModuleState@@XZ 0000000140004d80 f i Enterdlg.obj
 0001:00003df0       ?PreTranslateMessage@CWnd@@UEAAHPEAUtagMSG@@@Z 0000000140004df0 f i Enterdlg.obj
 0001:00003e30       ?ContinueModal@CWnd@@UEAAHXZ 0000000140004e30 f i Enterdlg.obj
 0001:00003e40       ?IsIdleMessage@CWinApp@@SAHPEAUtagMSG@@@Z 0000000140004e40 f i Enterdlg.obj
 0001:00003e70       ?RunModalLoop@CWnd@@QEAAHK@Z 0000000140004e70 f i Enterdlg.obj
 0001:00004030       ?EnableWindow@CWMHnd@@UEAAXH@Z 0000000140005030 f i Enterdlg.obj
 0001:00004050       ?DestroyWindow@CWnd@@UEAAHXZ 0000000140005050 f i Enterdlg.obj
 0001:00004070       ?DoModal@CDialog@@UEAA_JXZ 0000000140005070 f i Enterdlg.obj
 0001:00004250       ?CreateObject@CInputView@@SAPEAVCObject@@XZ 0000000140005250 f   Inputvw.obj
 0001:00004290       ?GetRuntimeClass@CInputView@@UEBAPEAUCRuntimeClass@@XZ 0000000140005290 f   Inputvw.obj
 0001:000042a0       ??0CInputView@@IEAA@XZ     00000001400052a0 f   Inputvw.obj
 0001:00004330       ??_ECInputView@@MEAAPEAXI@Z 0000000140005330 f i * CIL library *:* CIL module *
 0001:00004330       ??_GCInputView@@MEAAPEAXI@Z 0000000140005330 f i Inputvw.obj
 0001:000043b0       ?OnUpdate@CInputView@@MEAAXPEAVCView@@_JPEAVCObject@@@Z 00000001400053b0 f   Inputvw.obj
 0001:00004470       ?DoDataExchange@CInputView@@MEAAXPEAVCDataExchange@@@Z 0000000140005470 f   Inputvw.obj
 0001:000044b0       ?_ProcessWindowMessage@CInputView@@UEAAHPEAUHWND__@@I_K_JAEA_J@Z 00000001400054b0 f i Inputvw.obj
 0001:00004510       ?OnDataChange@CInputView@@IEAAXXZ 0000000140005510 f   Inputvw.obj
 0001:00004610       ?UpdateAllViews@CDocument@@QEAAXPEAVCView@@_JPEAVCObject@@@Z 0000000140005610 f i Inputvw.obj
 0001:00004680       ?DDX_Radio@@YAXPEAVCDataExchange@@HAEAH@Z 0000000140005680 f i Inputvw.obj
 0001:00004760       ??4CString@WTL@@QEAAAEAV01@AEBV01@@Z 0000000140005760 f i Inputvw.obj
 0001:00004870       ??1CFormView@@UEAA@XZ      0000000140005870 f i Inputvw.obj
 0001:00004880       ??0_AUX_DATA@@QEAA@XZ      0000000140005880 f i Inputvw.obj
 0001:00004990       ?_GetAfxData@CAfx@@SAAEBU_AUX_DATA@@XZ 0000000140005990 f i Inputvw.obj
 0001:000049c0       ??0CScrollView@@QEAA@XZ    00000001400059c0 f i Inputvw.obj
 0001:00004a60       ??_GCScrollView@@UEAAPEAXI@Z 0000000140005a60 f i Inputvw.obj
 0001:00004a60       ??_ECScrollView@@UEAAPEAXI@Z 0000000140005a60 f i * CIL library *:* CIL module *
 0001:00004a90       ??1CScrollView@@UEAA@XZ    0000000140005a90 f i Inputvw.obj
 0001:00004b20       ?SetScaleToFitSize@CScrollView@@QEAAXUtagSIZE@@@Z 0000000140005b20 f i Inputvw.obj
 0001:00004c60       ?OnHScroll@CScrollView@@QEAAXIIPEAVCScrollBarMTL@@@Z 0000000140005c60 f i Inputvw.obj
 0001:00004d00       ?DoMouseWheel@CScrollView@@QEAAHIFVCPoint@WTL@@@Z 0000000140005d00 f i Inputvw.obj
 0001:00004eb0       ?OnMouseWheel@CScrollView@@QEAAHIFVCPoint@WTL@@@Z 0000000140005eb0 f i Inputvw.obj
 0001:00004f40       ?OnVScroll@CScrollView@@QEAAXIIPEAVCScrollBarMTL@@@Z 0000000140005f40 f i Inputvw.obj
 0001:00004ff0       ?AfxRegisterWndClass@CAfx@@SAPEBDIPEAUHICON__@@PEAUHBRUSH__@@0@Z 0000000140005ff0 f i Inputvw.obj
 0001:00005170       ??_ECBrushMTL@@UEAAPEAXI@Z 0000000140006170 f i * CIL library *:* CIL module *
 0001:00005170       ??_GCBrushMTL@@UEAAPEAXI@Z 0000000140006170 f i Simpvw.obj
 0001:00005170       ??_ECRgnMTL@@UEAAPEAXI@Z   0000000140006170 f i * CIL library *:* CIL module *
 0001:00005170       ??_GCRgnMTL@@UEAAPEAXI@Z   0000000140006170 f i Inputvw.obj
 0001:000051e0       ?RemoveHandleGdiobj@CWinApp@@QEAAPEAXPEAX@Z 00000001400061e0 f i Inputvw.obj
 0001:00005200       ??1CRgnMTL@@UEAA@XZ        0000000140006200 f i Inputvw.obj
 0001:00005250       ?Create@_AFX_MOUSEANCHORWND@@QEAAHPEAVCScrollView@@@Z 0000000140006250 f i Inputvw.obj
 0001:00005410       ?OnPaint@_AFX_MOUSEANCHORWND@@QEAAXXZ 0000000140006410 f i Inputvw.obj
 0001:00005550       ?OnTimer@_AFX_MOUSEANCHORWND@@QEAAX_K@Z 0000000140006550 f i Inputvw.obj
 0001:00005880       ?_ProcessWindowMessage@_AFX_MOUSEANCHORWND@@UEAAHPEAUHWND__@@I_K_JAEA_J@Z 0000000140006880 f i Inputvw.obj
 0001:000058c0       ?PostNcDestroy@CFrameWnd@@UEAAXXZ 00000001400068c0 f i Splitter.obj
 0001:000058c0       ?PostNcDestroy@CView@@UEAAXXZ 00000001400068c0 f i Inputvw.obj
 0001:000058c0       ?PostNcDestroy@_AFX_MOUSEANCHORWND@@UEAAXXZ 00000001400068c0 f i Inputvw.obj
 0001:000058e0       ?WindowProc@_AFX_MOUSEANCHORWND@@UEAA_JI_K_J@Z 00000001400068e0 f i Inputvw.obj
 0001:000059f0       ?HandleMButtonDown@CScrollView@@QEAA_J_K_J@Z 00000001400069f0 f i Inputvw.obj
 0001:00005c10       ?_ProcessWindowMessage@CScrollView@@UEAAHPEAUHWND__@@I_K_JAEA_J@Z 0000000140006c10 f i Inputvw.obj
 0001:00005da0       ?_ProcessWindowMessage@CFormView@@UEAAHPEAUHWND__@@I_K_JAEA_J@Z 0000000140006da0 f i Inputvw.obj
 0001:00005fb0       ?AddView@CDocument@@QEAAXPEAVCView@@@Z 0000000140006fb0 f i Inputvw.obj
 0001:00006050       ?OnDestroy@CView@@QEAAXXZ  0000000140007050 f i Inputvw.obj
 0001:000060e0       ?OnMouseActivate@CView@@QEAAHPEAVCWnd@@II@Z 00000001400070e0 f i Inputvw.obj
 0001:000061b0       ??_ECPaintDCMTL@@UEAAPEAXI@Z 00000001400071b0 f i * CIL library *:* CIL module *
 0001:000061b0       ??_GCPaintDCMTL@@UEAAPEAXI@Z 00000001400071b0 f i Inputvw.obj
 0001:00006230       ??1CPaintDCMTL@@UEAA@XZ    0000000140007230 f i Inputvw.obj
 0001:000062a0       ?OnPaint@CView@@QEAAXXZ    00000001400072a0 f i Inputvw.obj
 0001:000063c0       ?OnPrintClient@CView@@QEAA_JPEAVCDCMTL@@I@Z 00000001400073c0 f i Inputvw.obj
 0001:00006424       ??_9CView@@$BBCA@AA        0000000140007424 f i Inputvw.obj
 0001:00006430       ?_ProcessWindowMessage@CView@@UEAAHPEAUHWND__@@I_K_JAEA_J@Z 0000000140007430 f i Inputvw.obj
 0001:00006610       ?OnCmdMsg@CView@@UEAAHIHPEAXPEAUAFX_CMDHANDLERINFO@@@Z 0000000140007610 f i Inputvw.obj
 0001:00006690       ??_GCTextView@@UEAAPEAXI@Z 0000000140007690 f i Simpvw.obj
 0001:00006690       ??_ECColorView@@UEAAPEAXI@Z 0000000140007690 f i * CIL library *:* CIL module *
 0001:00006690       ??_ECTextView@@UEAAPEAXI@Z 0000000140007690 f i * CIL library *:* CIL module *
 0001:00006690       ??_GCView@@UEAAPEAXI@Z     0000000140007690 f i Inputvw.obj
 0001:00006690       ??_ECView@@UEAAPEAXI@Z     0000000140007690 f i * CIL library *:* CIL module *
 0001:00006690       ??_GCColorView@@UEAAPEAXI@Z 0000000140007690 f i Simpvw.obj
 0001:00006710       ?OnCloseDocument@CDocument@@QEAAXXZ 0000000140007710 f i Inputvw.obj
 0001:000067c0       ?UpdateFrameCounts@CDocument@@QEAAXXZ 00000001400077c0 f i Inputvw.obj
 0001:00006910       ?RemoveView@CDocument@@QEAAXPEAVCView@@@Z 0000000140007910 f i Inputvw.obj
 0001:000069c0       ?CViewDestruct@CView@@QEAAXXZ 00000001400079c0 f i Inputvw.obj
 0001:000069e0       ??1CView@@UEAA@XZ          00000001400079e0 f i Inputvw.obj
 0001:00006a40       ?GetTopLevelFrame@CWnd@@QEAAPEAVCFrameWnd@@XZ 0000000140007a40 f i Inputvw.obj
 0001:00006b30       ?PreTranslateMessage@CFormView@@UEAAHPEAUtagMSG@@@Z 0000000140007b30 f i Inputvw.obj
 0001:00006c20       ?GetScrollBarState@CScrollView@@QEAAXVCSize@WTL@@AEAV23@1AEAVCPoint@3@H@Z 0000000140007c20 f i Inputvw.obj
 0001:00006dc0       ?ScrollToDevicePosition@CScrollView@@QEAAXUtagPOINT@@@Z 0000000140007dc0 f i Inputvw.obj
 0001:00006ed0       ?EnableScrollBarCtrl@CWMHnd@@QEAAXHH@Z 0000000140007ed0 f i Inputvw.obj
 0001:00006f50       ?UpdateBars@CScrollView@@QEAAXXZ 0000000140007f50 f i Inputvw.obj
 0001:00007340       ?SetScrollSizes@CScrollView@@QEAAXHUtagSIZE@@AEBU2@1@Z 0000000140008340 f i Inputvw.obj
 0001:00007520       ?Create@CFormView@@UEAAHPEBD0KAEBUtagRECT@@PEAVCWnd@@IPEAUCCreateContext@@@Z 0000000140008520 f i Inputvw.obj
 0001:00007760       ?PreCreateWindow@CView@@UEAAHAEAUtagCREATESTRUCTA@@@Z 0000000140008760 f i Inputvw.obj
 0001:000077b0       ?OnActivateFrame@CFormView@@UEAAXIPEAVCFrameWnd@@@Z 00000001400087b0 f i Inputvw.obj
 0001:00007800       ?OnActivateView@CFormView@@UEAAXHPEAVCView@@0@Z 0000000140008800 f i Inputvw.obj
 0001:00007880       ?SetActiveView@CFrameWnd@@QEAAXPEAVCView@@H@Z 0000000140008880 f i Inputvw.obj
 0001:00007920       ?GetParentFrame@CWnd@@QEAAPEAVCFrameWnd@@XZ 0000000140008920 f i Inputvw.obj
 0001:000079e0       ?GetTopLevelParent@CWnd@@QEAAPEAV1@XZ 00000001400089e0 f i Inputvw.obj
 0001:00007ae0       ?IsTopParentActive@CWnd@@QEAAHXZ 0000000140008ae0 f i Inputvw.obj
 0001:00007b70       ?OnActivateView@CView@@UEAAXHPEAV1@0@Z 0000000140008b70 f i Inputvw.obj
 0001:00007ba0       ?OnEndPrintPreview@CView@@UEAAXPEAVCDCMTL@@PEAUCPrintInfo@@UtagPOINT@@PEAVCPreviewView@@@Z 0000000140008ba0 f i Inputvw.obj
 0001:00007d50       ?OnInitialUpdate@CView@@UEAAXXZ 0000000140008d50 f i Inputvw.obj
 0001:00007d70       ?OnInitialUpdate@CFormView@@UEAAXXZ 0000000140008d70 f i Inputvw.obj
 0001:00007de0       ?OnPrint@CView@@UEAAXPEAVCDCMTL@@PEAUCPrintInfo@@@Z 0000000140008de0 f i Inputvw.obj
 0001:00007df0       ?OnPrepareDC@CView@@UEAAXPEAVCDCMTL@@PEAUCPrintInfo@@@Z 0000000140008df0 f i Inputvw.obj
 0001:00007e20       ?OnPrepareDC@CScrollView@@UEAAXPEAVCDCMTL@@PEAUCPrintInfo@@@Z 0000000140008e20 f i Inputvw.obj
 0001:000080a0       ?OnPreparePrinting@CView@@UEAAHPEAUCPrintInfo@@@Z 00000001400090a0 f i Inputvw.obj
 0001:000080a0       ?InitInstance@CWinApp@@UEAAHXZ 00000001400090a0 f i Viewex.obj
 0001:000080a0       ?IsFrameWnd@CFrameWnd@@UEAAHXZ 00000001400090a0 f i Splitter.obj
 0001:000080b0       ?OnScroll@CScrollView@@UEAAHIIH@Z 00000001400090b0 f i Inputvw.obj
 0001:00008250       ?GetScrollLimit@CWMHnd@@QEAAHH@Z 0000000140009250 f i Inputvw.obj
 0001:00008330       ?ScrollWindow@CWMHnd@@QEAAXHHPEBUtagRECT@@0@Z 0000000140009330 f i Inputvw.obj
 0001:00008460       ?OnScrollBy@CScrollView@@UEAAHVCSize@WTL@@H@Z 0000000140009460 f i Inputvw.obj
 0001:00008650       ?OnUpdate@CView@@UEAAXPEAV1@_JPEAVCObject@@@Z 0000000140009650 f i Inputvw.obj
 0001:00008670       ?CCalcWindowRect@CScrollView@@UEAAXPEAUtagRECT@@I@Z 0000000140009670 f i Inputvw.obj
 0001:000087b0       ?GetWheelScrollDistance@CScrollView@@UEAA?AVCSize@WTL@@V23@HH@Z 00000001400097b0 f i Inputvw.obj
 0001:00008810       ?CreateObject@CMainDoc@@SAPEAVCObject@@XZ 0000000140009810 f   Maindoc.obj
 0001:00008890       ?GetRuntimeClass@CMainDoc@@UEBAPEAUCRuntimeClass@@XZ 0000000140009890 f   Maindoc.obj
 0001:000088a0       ?_ProcessWindowMessage@CMainDoc@@UEAAHPEAUHWND__@@I_K_JAEA_J@Z 00000001400098a0 f i Maindoc.obj
 0001:00008900       ??_ECMainDoc@@UEAAPEAXI@Z  0000000140009900 f i * CIL library *:* CIL module *
 0001:00008900       ??_GCMainDoc@@UEAAPEAXI@Z  0000000140009900 f i Maindoc.obj
 0001:00008980       ?OnNewDocument@CMainDoc@@MEAAHXZ 0000000140009980 f   Maindoc.obj
 0001:000089f0       ?OnChangeData@CMainDoc@@IEAAXXZ 00000001400099f0 f   Maindoc.obj
 0001:00008b60       ?OnOpenDocument@CDocument@@UEAAHPEBD@Z 0000000140009b60 f i Maindoc.obj
 0001:00008e10       ?OnCmdMsg@CDocument@@UEAAHIHPEAXPEAUAFX_CMDHANDLERINFO@@@Z 0000000140009e10 f i Maindoc.obj
 0001:00008e90       ?AfxFormatStrings@CAfx@@SAXAEAVCString@WTL@@PEBDPEBQEBDH@Z 0000000140009e90 f i Maindoc.obj
 0001:00009020       ?ShowAppMessageBox@CWinApp@@SAHPEAV1@PEBDII@Z 000000014000a020 f i Maindoc.obj
 0001:00009100       ?SaveModified@CDocument@@UEAAHXZ 000000014000a100 f i Maindoc.obj
 0001:00009360       ?CDocumentDestruct@CDocument@@QEAAXXZ 000000014000a360 f i Maindoc.obj
 0001:000093e0       ??1CDocument@@UEAA@XZ      000000014000a3e0 f i Maindoc.obj
 0001:00009490       ?DoFileSave@CDocument@@QEAAHXZ 000000014000a490 f i Maindoc.obj
 0001:000094e0       ?OnFileSave@CDocument@@QEAAXXZ 000000014000a4e0 f i Maindoc.obj
 0001:00009520       ?_AfxCommDlgProc@CCommonDialog@@SA_KPEAUHWND__@@I_K_J@Z 000000014000a520 f i Maindoc.obj
 0001:00009760       ??0CFileDialogMTL@@QEAA@HPEBD0K0PEAVCWnd@@KH@Z 000000014000a760 f i Maindoc.obj
 0001:00009980       ??_ECFileDialogMTL@@UEAAPEAXI@Z 000000014000a980 f i * CIL library *:* CIL module *
 0001:00009980       ??_GCFileDialogMTL@@UEAAPEAXI@Z 000000014000a980 f i Maindoc.obj
 0001:000099b0       ?OnNotify@CFileDialogMTL@@UEAAH_K_JPEA_J@Z 000000014000a9b0 f i Maindoc.obj
 0001:00009b50       ?OnOK@CCommonDialog@@UEAAXXZ 000000014000ab50 f i Maindoc.obj
 0001:00009bd0       ?OnInitDone@CFileDialogMTL@@UEAAXXZ 000000014000abd0 f i Maindoc.obj
 0001:00009c10       ??1CFileDialogMTL@@UEAA@XZ 000000014000ac10 f i Maindoc.obj
 0001:00009cd0       ?Tokenize@CAfx@@SA?AVCString@WTL@@AEAV23@PEADAEAH@Z 000000014000acd0 f i Maindoc.obj
 0001:00009da0       ?Tokenize@@YA?AVCString@WTL@@AEAV12@PEADAEAH@Z 000000014000ada0 f i Maindoc.obj
 0001:00009dc0       ?Mid@CString@WTL@@QEBA?AV12@HH@Z 000000014000adc0 f i Maindoc.obj
 0001:00009e80       ?Mid@CString@WTL@@QEBA?AV12@H@Z 000000014000ae80 f i Maindoc.obj
 0001:00009eb0       ?_AfxAppendFilterSuffix@@YAXAEAVCString@WTL@@AEAUtagOFNA@@PEAVCDocTemplate@@PEAV12@@Z 000000014000aeb0 f i Maindoc.obj
 0001:0000a0d0       ??0CStringW@@QEAA@PEBD@Z   000000014000b0d0 f i Maindoc.obj
 0001:0000a1c0       ??4CStringW@@QEAAAEAVCString@WTL@@PEBD@Z 000000014000b1c0 f i Maindoc.obj
 0001:0000a2d0       ?ApplyOFNToShellDialog@CFileDialogMTL@@QEAAXXZ 000000014000b2d0 f i Maindoc.obj
 0001:0000a980       ??0CString@WTL@@QEAA@PEB_W@Z 000000014000b980 f i Maindoc.obj
 0001:0000aa60       ??4CString@WTL@@QEAAAEAV01@PEB_W@Z 000000014000ba60 f i Maindoc.obj
 0001:0000ab60       ?GetPathName@CFileDialogMTL@@QEAA?AVCString@WTL@@XZ 000000014000bb60 f i Maindoc.obj
 0001:0000afe0       ?UpdateOFNFromShellDialog@CFileDialogMTL@@UEAAXXZ 000000014000bfe0 f i Maindoc.obj
 0001:0000b800       ?DoModal@CFileDialogMTL@@UEAA_JXZ 000000014000c800 f i Maindoc.obj
 0001:0000b950       ?DoPromptFileName@CDocManager@@QEAAHAEAVCString@WTL@@IKHPEAVCDocTemplate@@@Z 000000014000c950 f i Maindoc.obj
 0001:0000beb0       ?GetFile@CDocument@@QEAAPEAVCFile@@PEBDIPEAVCFileException@@@Z 000000014000ceb0 f i Maindoc.obj
 0001:0000bf50       ??0CArchive@@QEAA@PEAVCFile@@IHPEAX@Z 000000014000cf50 f i Maindoc.obj
 0001:0000c030       ??1CArchive@@QEAA@XZ       000000014000d030 f i Maindoc.obj
 0001:0000c060       ??1CWaitCursor@@QEAA@XZ    000000014000d060 f i Maindoc.obj
 0001:0000c0c0       ?Abort@CFile@@UEAAXXZ      000000014000d0c0 f i Maindoc.obj
 0001:0000c0f0       ?AfxThrowInvalidArgException@@YAXXZ 000000014000d0f0 f i Maindoc.obj
 0001:0000c190       ??0CTime@@QEAA@AEBU_FILETIME@@H@Z 000000014000d190 f i Maindoc.obj
 0001:0000c280       ?GetStatus@CFile@@QEBAHAEAUCFileStatus@@@Z 000000014000d280 f i Maindoc.obj
 0001:0000c440       ?LoadStringA@CString@WTL@@QEAAHI@Z 000000014000d440 f i Maindoc.obj
 0001:0000c660       ??0CString@WTL@@QEAA@PEBD@Z 000000014000d660 f i Maindoc.obj
 0001:0000c700       ?GetFilePath@CFile@@UEBA?AVCString@WTL@@XZ 000000014000d700 f i Maindoc.obj
 0001:0000c7d0       ?GetLength@CFile@@UEBA_KXZ 000000014000d7d0 f i Maindoc.obj
 0001:0000c820       ?Open@CFile@@UEAAHPEBDIPEAVCFileException@@@Z 000000014000d820 f i Maindoc.obj
 0001:0000ca60       ?Write@CFile@@UEAAXPEBXI@Z 000000014000da60 f i Maindoc.obj
 0001:0000cb50       ?Seek@CFile@@UEAA_K_JI@Z   000000014000db50 f i Maindoc.obj
 0001:0000cbb0       ?Empty@CString@WTL@@QEAAXXZ 000000014000dbb0 f i Maindoc.obj
 0001:0000cc30       ?Close@CFile@@UEAAXXZ      000000014000dc30 f i Maindoc.obj
 0001:0000cce0       ??_GCFile@@QEAAPEAXI@Z     000000014000dce0 f i Maindoc.obj
 0001:0000cd50       ?ReleaseFile@CDocument@@UEAAXPEAVCFile@@H@Z 000000014000dd50 f i Maindoc.obj
 0001:0000cd90       ?SetModifiedFlag@CDocument@@UEAAXH@Z 000000014000dd90 f i Maindoc.obj
 0001:0000cda0       ?OnSaveDocument@CDocument@@UEAAHPEBD@Z 000000014000dda0 f i Maindoc.obj
 0001:0000cfb0       ?_AfxFullPath2@CAfx@@SAHPEADPEBDPEAVCFileException@@@Z 000000014000dfb0 f i Maindoc.obj
 0001:0000d260       ?AfxGetFileTitle@CAfx@@SAIPEBDPEADI@Z 000000014000e260 f i Maindoc.obj
 0001:0000d310       ?GetFirstViewPosition@CDocument@@UEBAPEAU__POSITION@@XZ 000000014000e310 f i Maindoc.obj
 0001:0000d320       ?GetNextView@CDocument@@UEBAPEAVCView@@AEAPEAU__POSITION@@@Z 000000014000e320 f i Maindoc.obj
 0001:0000d340       ?SetTitle@CDocument@@UEAAXPEBD@Z 000000014000e340 f i Maindoc.obj
 0001:0000d390       ?SetPathName@CDocument@@UEAAXPEBDH@Z 000000014000e390 f i Maindoc.obj
 0001:0000d4e0       ?DoSave@CDocument@@UEAAHPEBDH@Z 000000014000e4e0 f i Maindoc.obj
 0001:0000d9a0       ?_ProcessWindowMessage@CDocument@@UEAAHPEAUHWND__@@I_K_JAEA_J@Z 000000014000e9a0 f i Maindoc.obj
 0001:0000da50       ??0CFileException@@QEAA@HJPEBD@Z 000000014000ea50 f i Maindoc.obj
 0001:0000dad0       ?OsErrorToException@CFileException@@SAHJ@Z 000000014000ead0 f i Maindoc.obj
 0001:0000dc80       ?ThrowOsError@CFileException@@SAXJPEBD@Z 000000014000ec80 f i Maindoc.obj
 0001:0000dcf0       ?Read@CFile@@UEAAIPEAXI@Z  000000014000ecf0 f i Maindoc.obj
 0001:0000dd40       ?AfxThrowMemoryException@@YAXXZ 000000014000ed40 f i Maindoc.obj
 0001:0000dde0       ?CreateObject@CTextView@@SAPEAVCObject@@XZ 000000014000ede0 f   Simpvw.obj
 0001:0000de30       ?GetRuntimeClass@CTextView@@UEBAPEAUCRuntimeClass@@XZ 000000014000ee30 f   Simpvw.obj
 0001:0000de40       ?_ProcessWindowMessage@CTextView@@UEAAHPEAUHWND__@@I_K_JAEA_J@Z 000000014000ee40 f i Simpvw.obj
 0001:0000de40       ?_ProcessWindowMessage@CColorView@@UEAAHPEAUHWND__@@I_K_JAEA_J@Z 000000014000ee40 f i Simpvw.obj
 0001:0000dec0       ?OnDraw@CTextView@@UEAAXPEAVCDCMTL@@@Z 000000014000eec0 f   Simpvw.obj
 0001:0000dfd0       ?CreateObject@CColorView@@SAPEAVCObject@@XZ 000000014000efd0 f   Simpvw.obj
 0001:0000e020       ?GetRuntimeClass@CColorView@@UEBAPEAUCRuntimeClass@@XZ 000000014000f020 f   Simpvw.obj
 0001:0000e030       ?OnDraw@CColorView@@UEAAXPEAVCDCMTL@@@Z 000000014000f030 f   Simpvw.obj
 0001:0000e0c0       ?CreateObject@CSplitterFrame@@SAPEAVCObject@@XZ 000000014000f0c0 f   Splitter.obj
 0001:0000e130       ?GetRuntimeClass@CSplitterFrame@@UEBAPEAUCRuntimeClass@@XZ 000000014000f130 f   Splitter.obj
 0001:0000e140       ??_ECSplitterFrame@@UEAAPEAXI@Z 000000014000f140 f i * CIL library *:* CIL module *
 0001:0000e140       ??_GCSplitterFrame@@UEAAPEAXI@Z 000000014000f140 f i Splitter.obj
 0001:0000e1a0       ?OnCreateClient@CSplitterFrame@@UEAAHPEAUtagCREATESTRUCTA@@PEAUCCreateContext@@@Z 000000014000f1a0 f   Splitter.obj
 0001:0000e2c0       ?_ProcessWindowMessage@CSplitterFrame@@UEAAHPEAUHWND__@@I_K_JAEA_J@Z 000000014000f2c0 f i Splitter.obj
 0001:0000e2c0       ?_ProcessWindowMessage@C3WaySplitterFrame@@UEAAHPEAUHWND__@@I_K_JAEA_J@Z 000000014000f2c0 f i Splitter.obj
 0001:0000e2d0       ?CreateObject@C3WaySplitterFrame@@SAPEAVCObject@@XZ 000000014000f2d0 f   Splitter.obj
 0001:0000e310       ?GetRuntimeClass@C3WaySplitterFrame@@UEBAPEAUCRuntimeClass@@XZ 000000014000f310 f   Splitter.obj
 0001:0000e320       ??0C3WaySplitterFrame@@IEAA@XZ 000000014000f320 f   Splitter.obj
 0001:0000e3a0       ??_EC3WaySplitterFrame@@UEAAPEAXI@Z 000000014000f3a0 f i * CIL library *:* CIL module *
 0001:0000e3a0       ??_GC3WaySplitterFrame@@UEAAPEAXI@Z 000000014000f3a0 f i Splitter.obj
 0001:0000e420       ?OnCreateClient@C3WaySplitterFrame@@UEAAHPEAUtagCREATESTRUCTA@@PEAUCCreateContext@@@Z 000000014000f420 f   Splitter.obj
 0001:0000e580       ?GetRuntimeClass@CViewExSplitWnd@@UEBAPEAUCRuntimeClass@@XZ 000000014000f580 f   Splitter.obj
 0001:0000e590       ??_ECViewExSplitWnd@@UEAAPEAXI@Z 000000014000f590 f i * CIL library *:* CIL module *
 0001:0000e590       ??_GCViewExSplitWnd@@UEAAPEAXI@Z 000000014000f590 f i Splitter.obj
 0001:0000e5d0       ??1CViewExSplitWnd@@UEAA@XZ 000000014000f5d0 f   Splitter.obj
 0001:0000e5e0       ?GetActivePane@CViewExSplitWnd@@UEAAPEAVCWnd@@PEAH0@Z 000000014000f5e0 f   Splitter.obj
 0001:0000e630       ??1CSplitterWnd@@UEAA@XZ   000000014000f630 f i Splitter.obj
 0001:0000e6a0       ?OnHScroll@CSplitterWnd@@QEAAXIIPEAVCScrollBarMTL@@@Z 000000014000f6a0 f i Splitter.obj
 0001:0000e7a0       ?OnKeyDown@CSplitterWnd@@QEAAXIII@Z 000000014000f7a0 f i Splitter.obj
 0001:0000e970       ?OnLButtonDblClk@CSplitterWnd@@QEAAXIVCPoint@WTL@@@Z 000000014000f970 f i Splitter.obj
 0001:0000eb30       ?OnMouseMove@CSplitterWnd@@QEAAXIVCPoint@WTL@@@Z 000000014000fb30 f i Splitter.obj
 0001:0000ed60       ?OnMouseWheel@CSplitterWnd@@QEAAHIFVCPoint@WTL@@@Z 000000014000fd60 f i Splitter.obj
 0001:0000efe0       ?OnNcCreate@CSplitterWnd@@QEAAHPEAUtagCREATESTRUCTA@@@Z 000000014000ffe0 f i Splitter.obj
 0001:0000f0a0       ?OnPaint@CSplitterWnd@@QEAAXXZ 00000001400100a0 f i Splitter.obj
 0001:0000f1b0       ?OnSysCommand@CSplitterWnd@@QEAAXI_J@Z 00000001400101b0 f i Splitter.obj
 0001:0000f240       ?OnVScroll@CSplitterWnd@@QEAAXIIPEAVCScrollBarMTL@@@Z 0000000140010240 f i Splitter.obj
 0001:0000f350       ?_ProcessWindowMessage@CSplitterWnd@@UEAAHPEAUHWND__@@I_K_JAEA_J@Z 0000000140010350 f i Splitter.obj
 0001:0000f740       ??_GCSplitterWnd@@UEAAPEAXI@Z 0000000140010740 f i Splitter.obj
 0001:0000f740       ??_ECSplitterWnd@@UEAAPEAXI@Z 0000000140010740 f i * CIL library *:* CIL module *
 0001:0000f770       ?OnCommand@CSplitterWnd@@UEAAH_K_J@Z 0000000140010770 f i Splitter.obj
 0001:0000f7e0       ?OnNotify@CSplitterWnd@@UEAAH_K_JPEA_J@Z 00000001400107e0 f i Splitter.obj
 0001:0000f850       ?OnDraw@CSplitterWnd@@UEAAXPEAVCDCMTL@@@Z 0000000140010850 f i Splitter.obj
 0001:0000f990       ?CanActivateNext@CSplitterWnd@@UEAAHH@Z 0000000140010990 f i Splitter.obj
 0001:0000f9e0       ?Create@CSplitterWnd@@UEAAHPEAVCWnd@@HHUtagSIZE@@PEAUCCreateContext@@KI@Z 00000001400109e0 f i Splitter.obj
 0001:0000fa90       ?AfxThrowResourceException@@YAXXZ 0000000140010a90 f i Splitter.obj
 0001:0000fb30       ?SetScrollStyle@CSplitterWnd@@QEAAXK@Z 0000000140010b30 f i Splitter.obj
 0001:0000fe00       ?CreateCommon@CSplitterWnd@@QEAAHPEAVCWnd@@UtagSIZE@@KI@Z 0000000140010e00 f i Splitter.obj
 0001:0000ffb0       ?CreateStatic@CSplitterWnd@@UEAAHPEAVCWnd@@HHKI@Z 0000000140010fb0 f i Splitter.obj
 0001:00010000       ?DoKeyboardSplit@CSplitterWnd@@UEAAHXZ 0000000140011000 f i Splitter.obj
 0001:000101b0       ?DoScroll@CSplitterWnd@@UEAAHPEAVCView@@IH@Z 00000001400111b0 f i Splitter.obj
 0001:00010450       ?DoScrollBy@CSplitterWnd@@UEAAHPEAVCView@@VCSize@WTL@@H@Z 0000000140011450 f i Splitter.obj
 0001:00010700       ?HitTest@CSplitterWnd@@UEBAHVCPoint@WTL@@@Z 0000000140011700 f i Splitter.obj
 0001:00010940       ?GetHitRect@CSplitterWnd@@UEAAXHAEAVCRect@WTL@@@Z 0000000140011940 f i Splitter.obj
 0001:00010e30       ?SetSplitCursor@CSplitterWnd@@UEAAXH@Z 0000000140011e30 f i Splitter.obj
 0001:00010f30       ?StartTracking@CSplitterWnd@@UEAAXH@Z 0000000140011f30 f i Splitter.obj
 0001:00011170       ?FromHandleDC@CWinApp@@QEAAPEAVCDCMTL@@PEAUHDC__@@PEAV2@PEAUHWND__@@P6APEAXPEAX3@Z@Z 0000000140012170 f i Splitter.obj
 0001:00011190       ?classHandleFuncCDCMTL@CDCMTL@@SAPEAXPEAX0@Z 0000000140012190 f i Splitter.obj
 0001:00011210       ?HalftoneBrush@CAfx@@SAPEAUHBRUSH__@@H@Z 0000000140012210 f i Splitter.obj
 0001:000112f0       ?FromHandleGdiobj@CWinApp@@QEAAPEAVCGdiObject@@PEAXPEAV2@PEAUHWND__@@P6APEAX00@Z@Z 00000001400122f0 f i Splitter.obj
 0001:00011310       ?classHandleFuncCBrushMTL@CBrushMTL@@SAPEAXPEAX0@Z 0000000140012310 f i Splitter.obj
 0001:00011370       ?OnInvertTracker@CSplitterWnd@@UEAAXAEBVCRect@WTL@@@Z 0000000140012370 f i Splitter.obj
 0001:00011470       ?SplitRow@CSplitterWnd@@UEAAHH@Z 0000000140012470 f i Splitter.obj
 0001:00011630       ?CreateScrollBarCtrl@CSplitterWnd@@UEAAHKI@Z 0000000140012630 f i Splitter.obj
 0001:000116b0       ?CreateView@CSplitterWnd@@UEAAHHHPEAUCRuntimeClass@@UtagSIZE@@PEAUCCreateContext@@@Z 00000001400126b0 f i Splitter.obj
 0001:00011890       ?SplitColumn@CSplitterWnd@@UEAAHH@Z 0000000140012890 f i Splitter.obj
 0001:00011a50       ?StopTracking@CSplitterWnd@@UEAAXH@Z 0000000140012a50 f i Splitter.obj
 0001:00011c60       ?DeleteColumn@CSplitterWnd@@UEAAXH@Z 0000000140012c60 f i Splitter.obj
 0001:00011ea0       ?TrackColumnSize@CSplitterWnd@@UEAAXHH@Z 0000000140012ea0 f i Splitter.obj
 0001:00011fa0       ?IsChildPane@CSplitterWnd@@QEAAHPEAVCWnd@@PEAH1@Z 0000000140012fa0 f i Splitter.obj
 0001:00012050       ?GetActivePane@CSplitterWnd@@UEAAPEAVCWnd@@PEAH0@Z 0000000140013050 f i Splitter.obj
 0001:000120e0       ?SetActivePane@CSplitterWnd@@UEAAXHHPEAVCWnd@@@Z 00000001400130e0 f i Splitter.obj
 0001:000121e0       ?ActivateNext@CSplitterWnd@@UEAAXH@Z 00000001400131e0 f i Splitter.obj
 0001:00012290       ?DeleteView@CSplitterWnd@@UEAAXHH@Z 0000000140013290 f i Splitter.obj
 0001:00012320       ?GetInsideRect@CSplitterWnd@@UEBAXAEAVCRect@WTL@@@Z 0000000140013320 f i Splitter.obj
 0001:00012390       ?_AfxLayoutRowCol@CSplitterWnd@@QEAAXPEAUCRowColInfo@1@HHH@Z 0000000140013390 f i Splitter.obj
 0001:000124a0       ?GetSizingParent@CSplitterWnd@@QEAAPEAVCWnd@@XZ 00000001400134a0 f i Splitter.obj
 0001:00012610       ?_AfxDeferClientPos@CSplitterWnd@@QEAAXPEAUAFX_SIZEPARENTPARAMS@@PEAVCWnd@@HHHHH@Z 0000000140013610 f i Splitter.obj
 0001:00012820       ?FillSolidRect@?$CDCT@$00@WTL@@QEAAXHHHHK@Z 0000000140013820 f i Splitter.obj
 0001:000128c0       ?Draw3dRect@?$CDCT@$00@WTL@@QEAAXHHHHKK@Z 00000001400138c0 f i Splitter.obj
 0001:00012980       ?OnDrawSplitter@CSplitterWnd@@UEAAXPEAVCDCMTL@@W4ESplitType@1@AEBVCRect@WTL@@@Z 0000000140013980 f i Splitter.obj
 0001:00012b80       ?DrawAllSplitBars@CSplitterWnd@@UEAAXPEAVCDCMTL@@HH@Z 0000000140013b80 f i Splitter.obj
 0001:00012e50       ?RecalcLayout@CSplitterWnd@@UEAAXXZ 0000000140013e50 f i Splitter.obj
 0001:00013340       ?DeleteRow@CSplitterWnd@@UEAAXH@Z 0000000140014340 f i Splitter.obj
 0001:00013550       ?TrackRowSize@CSplitterWnd@@UEAAXHH@Z 0000000140014550 f i Splitter.obj
 0001:00013660       ??0CSplitterWnd@@QEAA@XZ   0000000140014660 f i Splitter.obj
 0001:00013760       ??1CMDIChildWnd@@UEAA@XZ   0000000140014760 f i Splitter.obj
 0001:00013770       ?AddFrameWnd@CFrameWnd@@QEAAXXZ 0000000140014770 f i Splitter.obj
 0001:000137f0       ??0CFrameWnd@@QEAA@XZ      00000001400147f0 f i Splitter.obj
 0001:000138e0       ?OnUpdateFrameMenu@CMDIChildWnd@@QEAAXHPEAVCWnd@@PEAUHMENU__@@@Z 00000001400148e0 f i Splitter.obj
 0001:000139b0       ?OnMDIActivate@CMDIChildWnd@@QEAAXHPEAVCWnd@@0@Z 00000001400149b0 f i Splitter.obj
 0001:00013b00       ?OnMouseActivate@CMDIChildWnd@@QEAAHPEAVCWnd@@II@Z 0000000140014b00 f i Splitter.obj
 0001:00013c40       ?OnSize@CMDIChildWnd@@QEAAXIHH@Z 0000000140014c40 f i Splitter.obj
 0001:00013ce0       ?UpdateClientEdge@CMDIChildWnd@@QEAAHPEAUtagRECT@@@Z 0000000140014ce0 f i Splitter.obj
 0001:00013eb0       ?OnWindowPosChanging@CMDIChildWnd@@QEAAXPEAUtagWINDOWPOS@@@Z 0000000140014eb0 f i Splitter.obj
 0001:00013fa0       ?_ProcessWindowMessage@CMDIChildWnd@@UEAAHPEAUHWND__@@I_K_JAEA_J@Z 0000000140014fa0 f i Splitter.obj
 0001:000141f0       ??_GCMDIChildWnd@@UEAAPEAXI@Z 00000001400151f0 f i Splitter.obj
 0001:000141f0       ??_ECFrameWnd@@UEAAPEAXI@Z 00000001400151f0 f i * CIL library *:* CIL module *
 0001:000141f0       ??_ECMDIFrameWnd@@UEAAPEAXI@Z 00000001400151f0 f i * CIL library *:* CIL module *
 0001:000141f0       ??_GCMDIFrameWnd@@UEAAPEAXI@Z 00000001400151f0 f i Stdafx.obj
 0001:000141f0       ??_ECMDIChildWnd@@UEAAPEAXI@Z 00000001400151f0 f i * CIL library *:* CIL module *
 0001:000141f0       ??_GCFrameWnd@@UEAAPEAXI@Z 00000001400151f0 f i Splitter.obj
 0001:00014220       ?DefWindowProcA@CMDIChildWnd@@UEAA_JI_K_J@Z 0000000140015220 f i Splitter.obj
 0001:00014230       ?DestroyWindow@CMDIChildWnd@@UEAAHXZ 0000000140015230 f i Splitter.obj
 0001:00014350       ?PreTranslateMessage@CMDIChildWnd@@UEAAHPEAUtagMSG@@@Z 0000000140015350 f i Splitter.obj
 0001:000143f0       ?OnUpdateFrameTitle@CMDIChildWnd@@UEAAXH@Z 00000001400153f0 f i Splitter.obj
 0001:000145a0       ?GetMDIFrame@CMDIChildWnd@@QEAAPEAVCMDIFrameWnd@@XZ 00000001400155a0 f i Splitter.obj
 0001:000145e0       ?ActivateFrame@CMDIChildWnd@@UEAAXH@Z 00000001400155e0 f i Splitter.obj
 0001:00014810       ?LoadFrame@CMDIChildWnd@@UEAAHIKPEAVCWnd@@PEAUCCreateContext@@@Z 0000000140015810 f i Splitter.obj
 0001:00014a90       ?PreCreateWindow@CFrameWnd@@UEAAHAEAUtagCREATESTRUCTA@@@Z 0000000140015a90 f i Splitter.obj
 0001:00014a90       ?PreCreateWindow@CMDIChildWnd@@UEAAHAEAUtagCREATESTRUCTA@@@Z 0000000140015a90 f i Splitter.obj
 0001:00014ae0       ?CanCloseFrame@CDocument@@QEAAHPEAVCFrameWnd@@@Z 0000000140015ae0 f i Splitter.obj
 0001:00014be0       ?SaveAllModified@CDocManager@@QEAAHXZ 0000000140015be0 f i Splitter.obj
 0001:00014c70       ?CloseAllDocuments@CDocTemplate@@QEAAXH@Z 0000000140015c70 f i Splitter.obj
 0001:00014d60       ?OnClose@CFrameWnd@@QEAAXXZ 0000000140015d60 f i Splitter.obj
 0001:00014ef0       ?OnCreateHelper@CFrameWnd@@QEAAHPEAUtagCREATESTRUCTA@@PEAUCCreateContext@@@Z 0000000140015ef0 f i Splitter.obj
 0001:00014f90       ?DestroyDockBars@CFrameWnd@@QEAAXXZ 0000000140015f90 f i Splitter.obj
 0001:000151e0       ?OnDestroy@CFrameWnd@@QEAAXXZ 00000001400161e0 f i Splitter.obj
 0001:00015270       ?OnDropFiles@CFrameWnd@@QEAAXPEAUHDROP__@@@Z 0000000140016270 f i Splitter.obj
 0001:00015350       ?OnIdle@CCmdUI@@QEAAHPEAVCCmdTarget@@H@Z 0000000140016350 f i Splitter.obj
 0001:00015410       ?OnInitMenuPopup@CFrameWnd@@QEAAXPEAVCMenuMTL@@IH@Z 0000000140016410 f i Splitter.obj
 0001:000156b0       ?SetMenuBarState@CFrameWnd@@QEAAHK@Z 00000001400166b0 f i Splitter.obj
 0001:00015710       ?OnMenuSelect@CFrameWnd@@QEAAXIIPEAUHMENU__@@@Z 0000000140016710 f i Splitter.obj
 0001:000158e0       ?OnSize@CFrameWnd@@QEAAXIHH@Z 00000001400168e0 f i Splitter.obj
 0001:00015930       ?OnPopMessageString@CFrameWnd@@QEAA_J_K_J@Z 0000000140016930 f i Splitter.obj
 0001:00015950       ?GetDescendantWindow@CWnd@@QEAAPEAV1@PEAUHWND__@@HH@Z 0000000140016950 f i Splitter.obj
 0001:00015a50       ?_AtlGetStringResourceImage@CAfx@@SAPEBUATLSTRINGRESOURCEIMAGE@ATL@@PEAUHINSTANCE__@@PEAUHRSRC__@@I@Z 0000000140016a50 f i Splitter.obj
 0001:00015af0       ?AfxLoadString@CAfx@@SAHIPEADI@Z 0000000140016af0 f i Splitter.obj
 0001:00015ba0       ?OnSetMessageString@CFrameWnd@@QEAA_J_K_J@Z 0000000140016ba0 f i Splitter.obj
 0001:00015de0       ?OnIdleUpdateCmdUI@CFrameWnd@@QEAAXXZ 0000000140016de0 f i Splitter.obj
 0001:00015e80       ?_ProcessWindowMessage@CFrameWnd@@UEAAHPEAUHWND__@@I_K_JAEA_J@Z 0000000140016e80 f i Splitter.obj
 0001:00016290       ?OnCmdMsg@CFrameWnd@@UEAAHIHPEAXPEAUAFX_CMDHANDLERINFO@@@Z 0000000140017290 f i Splitter.obj
 0001:00016340       ?PreTranslateMessage@CFrameWnd@@UEAAHPEAUtagMSG@@@Z 0000000140017340 f i Splitter.obj
 0001:000163c0       ?CreateView@CFrameWnd@@QEAAPEAVCWnd@@PEAUCCreateContext@@I@Z 00000001400173c0 f i Splitter.obj
 0001:000164e0       ?OnCreateClient@CFrameWnd@@UEAAHPEAUtagCREATESTRUCTA@@PEAUCCreateContext@@@Z 00000001400174e0 f i Splitter.obj
 0001:00016510       ?ShowControlBar@CFrameWnd@@QEAAXPEAVCControlBar@@HH@Z 0000000140017510 f i Splitter.obj
 0001:00016620       ?AfxIsDescendant@CFrameWnd@@SAHPEAUHWND__@@0@Z 0000000140017620 f i Splitter.obj
 0001:00016700       ?ShowOwnedWindows@CFrameWnd@@QEAAXH@Z 0000000140017700 f i Splitter.obj
 0001:00016820       ?OnSetPreviewMode@CFrameWnd@@UEAAXHPEAUCPrintPreviewState@@@Z 0000000140017820 f i Splitter.obj
 0001:00016b70       ?OnUpdateFrameMenu@CFrameWnd@@UEAAXPEAUHMENU__@@@Z 0000000140017b70 f i Splitter.obj
 0001:00016ba0       ?UpdateFrameTitleForDocument@CFrameWnd@@QEAAXPEBD@Z 0000000140017ba0 f i Splitter.obj
 0001:000173b0       ?OnUpdateFrameTitle@CFrameWnd@@UEAAXH@Z 00000001400183b0 f i Splitter.obj
 0001:00017420       ?ActivateFrame@CFrameWnd@@UEAAXH@Z 0000000140018420 f i Splitter.obj
 0001:000174d0       ?GetActiveFrame@CFrameWnd@@UEAAPEAV1@XZ 00000001400184d0 f i Splitter.obj
 0001:000174e0       ?GetDefaultAccelerator@CFrameWnd@@UEAAPEAUHACCEL__@@XZ 00000001400184e0 f i Splitter.obj
 0001:00017520       ?AfxExtractSubString@CAfx@@SAHAEAVCString@WTL@@PEBDHD@Z 0000000140018520 f i Splitter.obj
 0001:00017620       ?GetIconWndClass@CFrameWnd@@QEAAPEBDKI@Z 0000000140018620 f i Splitter.obj
 0001:000176e0       ?Create@CFrameWnd@@UEAAHPEBD0KAEBUtagRECT@@PEAVCWnd@@0KPEAUCCreateContext@@@Z 00000001400186e0 f i Splitter.obj
 0001:00017820       ?LoadFrame@CFrameWnd@@UEAAHIKPEAVCWnd@@PEAUCCreateContext@@@Z 0000000140018820 f i Splitter.obj
 0001:00017b50       ?AfxRepositionWindow@CAfx@@SAXPEAUAFX_SIZEPARENTPARAMS@@PEAUHWND__@@PEBUtagRECT@@@Z 0000000140018b50 f i Splitter.obj
 0001:00017c60       ?RepositionBars@CWnd@@QEAAXIIIIPEAUtagRECT@@PEBU2@H@Z 0000000140018c60 f i Splitter.obj
 0001:00017e40       ?RecalcLayout@CFrameWnd@@UEAAXH@Z 0000000140018e40 f i Splitter.obj
 0001:00017f80       ?RemoveFrameWnd@CFrameWnd@@QEAAXXZ 0000000140018f80 f i Splitter.obj
 0001:00018000       ?CFrameWndDestruct@CFrameWnd@@QEAAXXZ 0000000140019000 f i Splitter.obj
 0001:00018010       ??1CFrameWnd@@UEAA@XZ      0000000140019010 f i Splitter.obj
 0001:000180d0       ?Create@CMDIChildWnd@@UEAAHPEBD0KAEBUtagRECT@@PEAVCMDIFrameWnd@@PEAUCCreateContext@@@Z 00000001400190d0 f i Splitter.obj
 0001:000182d0       ?DefWindowProcA@CMDIFrameWnd@@UEAA_JI_K_J@Z 00000001400192d0 f i Stdafx.obj
 0001:00018300       ?OnCreateClient@CMDIFrameWnd@@UEAAHPEAUtagCREATESTRUCTA@@PEAUCCreateContext@@@Z 0000000140019300 f i Stdafx.obj
 0001:00018390       ?OnIdleUpdateCmdUI@CMDIFrameWnd@@QEAAXXZ 0000000140019390 f i Stdafx.obj
 0001:000183c0       ?OnMDIWindowCmd@CMDIFrameWnd@@QEAAHI@Z 00000001400193c0 f i Stdafx.obj
 0001:00018420       ?OnUpdateMDIWindowCmd@CMDIFrameWnd@@QEAAXPEAVCCmdUI@@@Z 0000000140019420 f i Stdafx.obj
 0001:000184c0       ?CreateClient@CMDIFrameWnd@@UEAAHPEAUtagCREATESTRUCTA@@PEAVCMenuMTL@@@Z 00000001400194c0 f i Stdafx.obj
 0001:00018600       ?DelayUpdateFrameMenu@CMDIFrameWnd@@UEAAXPEAUHMENU__@@@Z 0000000140019600 f i Stdafx.obj
 0001:00018620       ?GetActiveFrame@CMDIFrameWnd@@UEAAPEAVCFrameWnd@@XZ 0000000140019620 f i Stdafx.obj
 0001:000186b0       ?GetWindowMenuPopup@CMDIFrameWnd@@UEAAPEAUHMENU__@@PEAU2@@Z 00000001400196b0 f i Stdafx.obj
 0001:00018770       ?LoadFrame@CMDIFrameWnd@@UEAAHIKPEAVCWnd@@PEAUCCreateContext@@@Z 0000000140019770 f i Stdafx.obj
 0001:000187b0       ?PreCreateWindow@CMDIFrameWnd@@UEAAHAEAUtagCREATESTRUCTA@@@Z 00000001400197b0 f i Stdafx.obj
 0001:000187e0       ?_ProcessWindowMessage@CMDIFrameWnd@@UEAAHPEAUHWND__@@I_K_JAEA_J@Z 00000001400197e0 f i Stdafx.obj
 0001:00018ab0       ?OnCommand@CMDIFrameWnd@@UEAAH_K_J@Z 0000000140019ab0 f i Stdafx.obj
 0001:00018bb0       ?OnCmdMsg@CMDIFrameWnd@@UEAAHIHPEAXPEAUAFX_CMDHANDLERINFO@@@Z 0000000140019bb0 f i Stdafx.obj
 0001:00018c90       ?OnWindowNew@CMDIFrameWnd@@QEAAXXZ 0000000140019c90 f i Stdafx.obj
 0001:00018dc0       ?PreTranslateMessage@CMDIFrameWnd@@UEAAHPEAUtagMSG@@@Z 0000000140019dc0 f i Stdafx.obj
 0001:00018ee0       ?SetCurrentHandles@CWinApp@@QEAAXXZ 0000000140019ee0 f i Stdafx.obj
 0001:00019210       ?AfxMessageBox@@YAHIII@Z   000000014001a210 f i Stdafx.obj
 0001:00019280       ?GetRuntimeClass@CCmdTarget@@UEBAPEAUCRuntimeClass@@XZ 000000014001a280 f   Stdafx.obj
 0001:00019290       ?CreateObject@CWnd@@SAPEAVCObject@@XZ 000000014001a290 f   Stdafx.obj
 0001:000192e0       ?GetRuntimeClass@CWnd@@UEBAPEAUCRuntimeClass@@XZ 000000014001a2e0 f   Stdafx.obj
 0001:000192f0       ?GetRuntimeClass@CDialog@@UEBAPEAUCRuntimeClass@@XZ 000000014001a2f0 f   Stdafx.obj
 0001:00019300       ?CreateObject@CFrameWnd@@SAPEAVCObject@@XZ 000000014001a300 f   Stdafx.obj
 0001:00019340       ?GetRuntimeClass@CFrameWnd@@UEBAPEAUCRuntimeClass@@XZ 000000014001a340 f   Stdafx.obj
 0001:00019350       ?GetRuntimeClass@CView@@UEBAPEAUCRuntimeClass@@XZ 000000014001a350 f   Stdafx.obj
 0001:00019360       ?GetRuntimeClass@CSplitterWnd@@UEBAPEAUCRuntimeClass@@XZ 000000014001a360 f   Stdafx.obj
 0001:00019370       ?GetRuntimeClass@CMultiDocTemplate@@UEBAPEAUCRuntimeClass@@XZ 000000014001a370 f   Stdafx.obj
 0001:00019380       ?CreateObject@CMDIFrameWnd@@SAPEAVCObject@@XZ 000000014001a380 f   Stdafx.obj
 0001:000193d0       ?GetRuntimeClass@CMDIFrameWnd@@UEBAPEAUCRuntimeClass@@XZ 000000014001a3d0 f   Stdafx.obj
 0001:000193e0       ?CreateObject@CMDIChildWnd@@SAPEAVCObject@@XZ 000000014001a3e0 f   Stdafx.obj
 0001:00019440       ?GetRuntimeClass@CMDIChildWnd@@UEBAPEAUCRuntimeClass@@XZ 000000014001a440 f   Stdafx.obj
 0001:00019450       ?GetRuntimeClass@CScrollView@@UEBAPEAUCRuntimeClass@@XZ 000000014001a450 f   Stdafx.obj
 0001:00019460       ?GetRuntimeClass@CFileDialogMTL@@UEBAPEAUCRuntimeClass@@XZ 000000014001a460 f   Stdafx.obj
 0001:00019470       WinMain                    000000014001a470 f   Stdafx.obj
 0001:000194f0       ?_ProcessWindowMessage@CViewExApp@@UEAAHPEAUHWND__@@I_K_JAEA_J@Z 000000014001a4f0 f i Viewex.obj
 0001:000195e0       ?InitInstance@CViewExApp@@UEAAHXZ 000000014001a5e0 f   Viewex.obj
 0001:000199f0       ?OnAppAbout@CViewExApp@@QEAAXXZ 000000014001a9f0 f   Viewex.obj
 0001:00019a90       ??1CDocTemplate@@QEAA@XZ   000000014001aa90 f i Viewex.obj
 0001:00019ac0       ?AddDocument@CMultiDocTemplate@@UEAAXPEAVCDocument@@@Z 000000014001aac0 f i Viewex.obj
 0001:00019b30       ?GetFirstDocPosition@CMultiDocTemplate@@UEBAPEAU__POSITION@@XZ 000000014001ab30 f i Viewex.obj
 0001:00019b40       ?GetNextDocTemplate@CDocManager@@UEBAPEAVCDocTemplate@@AEAPEAU__POSITION@@@Z 000000014001ab40 f i Viewex.obj
 0001:00019b40       ?GetNextDoc@CMultiDocTemplate@@UEBAPEAVCDocument@@AEAPEAU__POSITION@@@Z 000000014001ab40 f i Viewex.obj
 0001:00019b50       ?CreateNewDocument@CDocTemplate@@UEAAPEAVCDocument@@XZ 000000014001ab50 f i Viewex.obj
 0001:00019bb0       ?OnCmdMsg@CDocTemplate@@UEAAHIHPEAXPEAUAFX_CMDHANDLERINFO@@@Z 000000014001abb0 f i Viewex.obj
 0001:00019bc0       ?CreateNewFrame@CDocTemplate@@UEAAPEAVCFrameWnd@@PEAVCDocument@@PEAV2@@Z 000000014001abc0 f i Viewex.obj
 0001:00019c70       ?InitialUpdateFrame@CFrameWnd@@QEAAXPEAVCDocument@@H@Z 000000014001ac70 f i Viewex.obj
 0001:00019ed0       ?InitialUpdateFrame@CDocTemplate@@UEAAXPEAVCFrameWnd@@PEAVCDocument@@H@Z 000000014001aed0 f i Viewex.obj
 0001:00019ef0       ?OpenDocumentFile@CMultiDocTemplate@@UEAAPEAVCDocument@@PEBDHH@Z 000000014001aef0 f i Viewex.obj
 0001:0001a100       ?OpenDocumentFile@CMultiDocTemplate@@UEAAPEAVCDocument@@PEBDH@Z 000000014001b100 f i Viewex.obj
 0001:0001a110       ?RemoveDocument@CMultiDocTemplate@@UEAAXPEAVCDocument@@@Z 000000014001b110 f i Viewex.obj
 0001:0001a190       ??_GCMultiDocTemplate@@UEAAPEAXI@Z 000000014001b190 f i Viewex.obj
 0001:0001a190       ??_ECMultiDocTemplate@@UEAAPEAXI@Z 000000014001b190 f i * CIL library *:* CIL module *
 0001:0001a1c0       ??1CMultiDocTemplate@@UEAA@XZ 000000014001b1c0 f i Viewex.obj
 0001:0001a260       ?SetDefaultTitle@CMultiDocTemplate@@UEAAXPEAVCDocument@@@Z 000000014001b260 f i Viewex.obj
 0001:0001a460       ?LoadTemplate@CMultiDocTemplate@@UEAAXXZ 000000014001b460 f i Viewex.obj
 0001:0001a4d0       ?GetFirstDocTemplatePosition@CDocManager@@UEBAPEAU__POSITION@@XZ 000000014001b4d0 f i Viewex.obj
 0001:0001a4e0       ?AddDocTemplate@CWinApp@@QEAAXPEAVCDocTemplate@@@Z 000000014001b4e0 f i Viewex.obj
 0001:0001a5a0       ??1CCommandLineInfo@@QEAA@XZ 000000014001b5a0 f i Viewex.obj
 0001:0001a660       ??1CWinApp@@QEAA@XZ        000000014001b660 f i Viewex.obj
 0001:0001a800       ??1CWinThread@@QEAA@XZ     000000014001b800 f i Viewex.obj
 0001:0001a820       ??0CModuleThreadState@@QEAA@XZ 000000014001b820 f i Viewex.obj
 0001:0001a8a0       ??1CModuleThreadState@@QEAA@XZ 000000014001b8a0 f i Viewex.obj
 0001:0001a900       ?OnIdle@CWinApp@@UEAAHH@Z  000000014001b900 f i Viewex.obj
 0001:0001aca0       ?Run@CWinApp@@UEAAHXZ      000000014001bca0 f i Viewex.obj
 0001:0001ad80       ??1?$CHandleHashList@PEAUHWND__@@VCWMHnd@@PEAU1@$0BB@@@QEAA@XZ 000000014001bd80 f i Viewex.obj
 0001:0001ad90       ??0CWinApp@@QEAA@XZ        000000014001bd90 f i Viewex.obj
 0001:0001ae90       ?OnAppExit@CWinApp@@QEAAXXZ 000000014001be90 f i Viewex.obj
 0001:0001aeb0       ?_ProcessWindowMessage@CWinApp@@UEAAHPEAUHWND__@@I_K_JAEA_J@Z 000000014001beb0 f i Viewex.obj
 0001:0001af10       ?AfxStringFromCLSID@CAfx@@SA?AVCString@WTL@@AEBU_GUID@@@Z 000000014001bf10 f i Viewex.obj
 0001:0001b070       ?AfxStringFromCLSID@@YA?AVCString@WTL@@AEBU_GUID@@@Z 000000014001c070 f i Viewex.obj
 0001:0001b090       ?AfxGetInProcServer@CAfx@@SAHPEBDAEAVCString@WTL@@@Z 000000014001c090 f i Viewex.obj
 0001:0001b1d0       ?GetClassObject@AFX_COM@@QEAAJAEBU_GUID@@0PEAPEAX@Z 000000014001c1d0 f i Viewex.obj
 0001:0001b2e0       ?AfxResolveShortcut@@YAHPEAVCWMHnd@@PEBDPEADH@Z 000000014001c2e0 f i Viewex.obj
 0001:0001b4d0       ?AfxComparePath@CAfx@@SAHPEBD0@Z 000000014001c4d0 f i Viewex.obj
 0001:0001b610       ?MatchDocType@CDocTemplate@@UEAA?AW4Confidence@1@PEBDAEAPEAVCDocument@@@Z 000000014001c610 f i Viewex.obj
 0001:0001b720       ?OpenDocumentFile@CDocManager@@QEAAPEAVCDocument@@PEBDH@Z 000000014001c720 f i Viewex.obj
 0001:0001b970       ?OpenDocumentFile@CWinApp@@UEAAPEAVCDocument@@PEBD@Z 000000014001c970 f i Viewex.obj
 0001:0001b980       ?OnFileOpen@CDocManager@@UEAAXXZ 000000014001c980 f i Viewex.obj
 0001:0001ba00       ?OnFileOpen@CWinApp@@UEAAXXZ 000000014001ca00 f i Viewex.obj
 0001:0001ba10       ?_ProcessWindowMessage@CNewTypeDlg@@UEAAHPEAUHWND__@@I_K_JAEA_J@Z 000000014001ca10 f i Viewex.obj
 0001:0001ba90       ?GetDocString@CDocTemplate@@UEBAHAEAVCString@WTL@@W4DocStringIndex@1@@Z 000000014001ca90 f i Viewex.obj
 0001:0001baa0       ?OnInitDialog@CNewTypeDlg@@UEAAHXZ 000000014001caa0 f i Viewex.obj
 0001:0001bce0       ?OnOK@CNewTypeDlg@@UEAAXXZ 000000014001cce0 f i Viewex.obj
 0001:0001bd90       ?WalkPreTranslateTree@CWnd@@SAHPEAUHWND__@@PEAUtagMSG@@@Z 000000014001cd90 f i Viewex.obj
 0001:0001be30       ?PreTranslateMessage@CWinApp@@UEAAHPEAUtagMSG@@@Z 000000014001ce30 f i Viewex.obj
 0001:0001bef0       ?PumpMessage@CWinApp@@UEAAHXZ 000000014001cef0 f i Viewex.obj
 0001:0001bf70       ?OnFileNew@CDocManager@@UEAAXXZ 000000014001cf70 f i Viewex.obj
 0001:0001c090       ?OnFileNew@CWinApp@@UEAAXXZ 000000014001d090 f i Viewex.obj
 0001:0001c0a4       ?__AllocStdCallThunk@ATL@@YAPEAXXZ 000000014001d0a4 f   atls:atlthunk.obj
 0001:0001c168       ?__FreeStdCallThunk@ATL@@YAXPEAX@Z 000000014001d168 f   atls:atlthunk.obj
 0001:0001c1f8       ??0CAtlBaseModule@ATL@@QEAA@XZ 000000014001d1f8 f   atls:atlbase.obj
 0001:0001c2a0       ??1CAtlBaseModule@ATL@@QEAA@XZ 000000014001d2a0 f   atls:atlbase.obj
 0001:0001c2d4       ??3@YAXPEAX@Z              000000014001d2d4 f   LIBCMT:delete.obj
 0001:0001c2f0       __security_check_cookie    000000014001d2f0 f   LIBCMT:amdsecgs.obj
 0001:0001c310       ??_V@YAXPEAX@Z             000000014001d310 f   LIBCMT:delete2.obj
 0001:0001c318       __onexitinit               000000014001d318 f   LIBCMT:onexit.obj
 0001:0001c35c       _onexit                    000000014001d35c f   LIBCMT:onexit.obj
 0001:0001c468       atexit                     000000014001d468 f   LIBCMT:onexit.obj
 0001:0001c480       ??0bad_alloc@std@@QEAA@AEBV01@@Z 000000014001d480 f i LIBCMT:new.obj
 0001:0001c4a4       ??1bad_alloc@std@@UEAA@XZ  000000014001d4a4 f i LIBCMT:new.obj
 0001:0001c4b4       ??2@YAPEAX_K@Z             000000014001d4b4 f   LIBCMT:new.obj
 0001:0001c520       ??_Gbad_alloc@std@@UEAAPEAXI@Z 000000014001d520 f i LIBCMT:new.obj
 0001:0001c520       ??_Ebad_alloc@std@@UEAAPEAXI@Z 000000014001d520 f i LIBCMT:new.obj
 0001:0001c55c       ??_U@YAPEAX_K@Z            000000014001d55c f   LIBCMT:new2.obj
 0001:0001c564       free                       000000014001d564 f   LIBCMT:free.obj
 0001:0001c5a4       ??8type_info@@QEBA_NAEBV0@@Z 000000014001d5a4 f   LIBCMT:typinfo.obj
 0001:0001c5c4       ??_Etype_info@@UEAAPEAXI@Z 000000014001d5c4 f i LIBCMT:typinfo.obj
 0001:0001c5c4       ??_Gtype_info@@UEAAPEAXI@Z 000000014001d5c4 f i LIBCMT:typinfo.obj
 0001:0001c600       ??0_LocaleUpdate@@QEAA@PEAUlocaleinfo_struct@@@Z 000000014001d600 f i LIBCMT:mbscmp.obj
 0001:0001c6a8       _mbscmp                    000000014001d6a8 f   LIBCMT:mbscmp.obj
 0001:0001c6b0       _mbscmp_l                  000000014001d6b0 f   LIBCMT:mbscmp.obj
 0001:0001c7a0       memcpy                     000000014001d7a0 f   LIBCMT:memcpy.obj
 0001:0001c7a0       memmove                    000000014001d7a0 f   LIBCMT:memcpy.obj
 0001:0001cd08       __raise_securityfailure    000000014001dd08 f   LIBCMT:gs_report.obj
 0001:0001cd54       __report_gsfailure         000000014001dd54 f   LIBCMT:gs_report.obj
 0001:0001ce28       __report_rangecheckfailure 000000014001de28 f   LIBCMT:gs_report.obj
 0001:0001ce3c       __report_securityfailure   000000014001de3c f   LIBCMT:gs_report.obj
 0001:0001d18c       _mktime64                  000000014001e18c f   LIBCMT:mktime64.obj
 0001:0001d198       _mbscspn                   000000014001e198 f   LIBCMT:mbscspn.obj
 0001:0001d1a0       _mbscspn_l                 000000014001e1a0 f   LIBCMT:mbscspn.obj
 0001:0001d27c       _mbsspn                    000000014001e27c f   LIBCMT:mbsspn.obj
 0001:0001d284       _mbsspn_l                  000000014001e284 f   LIBCMT:mbsspn.obj
 0001:0001d360       _mbschr                    000000014001e360 f   LIBCMT:mbschr.obj
 0001:0001d368       _mbschr_l                  000000014001e368 f   LIBCMT:mbschr.obj
 0001:0001d428       _mbspbrk                   000000014001e428 f   LIBCMT:mbspbrk.obj
 0001:0001d430       _mbspbrk_l                 000000014001e430 f   LIBCMT:mbspbrk.obj
 0001:0001d57c       _ismbblead                 000000014001e57c f   LIBCMT:ismbbyte.obj
 0001:0001d590       _strdup                    000000014001e590 f   LIBCMT:strdup.obj
 0001:0001d600       _mbsrchr                   000000014001e600 f   LIBCMT:mbsrchr.obj
 0001:0001d608       _mbsrchr_l                 000000014001e608 f   LIBCMT:mbsrchr.obj
 0001:0001d6c4       WinMainCRTStartup          000000014001e6c4 f   LIBCMT:wincrt0.obj
 0001:0001d890       _recalloc                  000000014001e890 f   LIBCMT:recalloc.obj
 0001:0001d930       memset                     000000014001e930 f   LIBCMT:memset.obj
 0001:0001db5c       __crtCorExitProcess        000000014001eb5c f   LIBCMT:crt0dat.obj
 0001:0001dba0       __crtExitProcess           000000014001eba0 f   LIBCMT:crt0dat.obj
 0001:0001dbb8       _amsg_exit                 000000014001ebb8 f   LIBCMT:crt0dat.obj
 0001:0001dbe0       _c_exit                    000000014001ebe0 f   LIBCMT:crt0dat.obj
 0001:0001dbf0       _cexit                     000000014001ebf0 f   LIBCMT:crt0dat.obj
 0001:0001dc00       _cinit                     000000014001ec00 f   LIBCMT:crt0dat.obj
 0001:0001dc98       _exit                      000000014001ec98 f   LIBCMT:crt0dat.obj
 0001:0001dca4       _init_pointers             000000014001eca4 f   LIBCMT:crt0dat.obj
 0001:0001dd50       _initterm_e                000000014001ed50 f   LIBCMT:crt0dat.obj
 0001:0001dd8c       _lockexit                  000000014001ed8c f   LIBCMT:crt0dat.obj
 0001:0001dd98       _unlockexit                000000014001ed98 f   LIBCMT:crt0dat.obj
 0001:0001df3c       exit                       000000014001ef3c f   LIBCMT:crt0dat.obj
 0001:0001df48       _msize                     000000014001ef48 f   LIBCMT:msize.obj
 0001:0001df84       _calloc_crt                000000014001ef84 f   LIBCMT:crtheap.obj
 0001:0001e004       _malloc_crt                000000014001f004 f   LIBCMT:crtheap.obj
 0001:0001e080       _realloc_crt               000000014001f080 f   LIBCMT:crtheap.obj
 0001:0001e104       _recalloc_crt              000000014001f104 f   LIBCMT:crtheap.obj
 0001:0001e188       __C_specific_handler       000000014001f188 f   LIBCMT:chandler.obj
 0001:0001e36c       malloc                     000000014001f36c f   LIBCMT:malloc.obj
 0001:0001e424       ??0exception@std@@QEAA@AEBQEBD@Z 000000014001f424 f   LIBCMT:stdexcpt.obj
 0001:0001e454       ??0exception@std@@QEAA@AEBQEBDH@Z 000000014001f454 f   LIBCMT:stdexcpt.obj
 0001:0001e470       ??0exception@std@@QEAA@AEBV01@@Z 000000014001f470 f   LIBCMT:stdexcpt.obj
 0001:0001e49c       ??1exception@std@@UEAA@XZ  000000014001f49c f   LIBCMT:stdexcpt.obj
 0001:0001e4ac       ??4exception@std@@QEAAAEAV01@AEBV01@@Z 000000014001f4ac f   LIBCMT:stdexcpt.obj
 0001:0001e4f0       ??_Eexception@std@@UEAAPEAXI@Z 000000014001f4f0 f i LIBCMT:stdexcpt.obj
 0001:0001e4f0       ??_Gexception@std@@UEAAPEAXI@Z 000000014001f4f0 f i LIBCMT:stdexcpt.obj
 0001:0001e52c       ?_Copy_str@exception@std@@AEAAXPEBD@Z 000000014001f52c f   LIBCMT:stdexcpt.obj
 0001:0001e588       ?_Tidy@exception@std@@AEAAXXZ 000000014001f588 f   LIBCMT:stdexcpt.obj
 0001:0001e5b0       ?what@exception@std@@UEBAPEBDXZ 000000014001f5b0 f   LIBCMT:stdexcpt.obj
 0001:0001e5c4       _callnewh                  000000014001f5c4 f   LIBCMT:handler.obj
 0001:0001e5f8       _initp_heap_handler        000000014001f5f8 f   LIBCMT:handler.obj
 0001:0001e600       _CxxThrowException         000000014001f600 f   LIBCMT:throw.obj
 0001:0001e6c8       __doserrno                 000000014001f6c8 f   LIBCMT:dosmap.obj
 0001:0001e6e8       _dosmaperr                 000000014001f6e8 f   LIBCMT:dosmap.obj
 0001:0001e738       _errno                     000000014001f738 f   LIBCMT:dosmap.obj
 0001:0001e758       _get_errno_from_oserr      000000014001f758 f   LIBCMT:dosmap.obj
 0001:0001e7a8       _heap_init                 000000014001f7a8 f   LIBCMT:heapinit.obj
 0001:0001e7e0       strcmp                     000000014001f7e0 f   LIBCMT:strcmp.obj
 0001:0001e848       ?_Type_info_dtor@type_info@@CAXPEAV1@@Z 000000014001f848 f   LIBCMT:typname.obj
 0001:0001e8b4       _call_reportfault          000000014001f8b4 f   LIBCMT:invarg.obj
 0001:0001e9a8       _initp_misc_invarg         000000014001f9a8 f   LIBCMT:invarg.obj
 0001:0001e9b0       _invalid_parameter         000000014001f9b0 f   LIBCMT:invarg.obj
 0001:0001ea18       _invalid_parameter_noinfo  000000014001fa18 f   LIBCMT:invarg.obj
 0001:0001ea38       _invoke_watson             000000014001fa38 f   LIBCMT:invarg.obj
 0001:0001ea74       __addlocaleref             000000014001fa74 f   LIBCMT:localref.obj
 0001:0001eb00       __freetlocinfo             000000014001fb00 f   LIBCMT:localref.obj
 0001:0001ec98       __removelocaleref          000000014001fc98 f   LIBCMT:localref.obj
 0001:0001ed3c       __updatetlocinfo           000000014001fd3c f   LIBCMT:localref.obj
 0001:0001edb4       _updatetlocinfoEx_nolock   000000014001fdb4 f   LIBCMT:localref.obj
 0001:0001ee18       __initmbctable             000000014001fe18 f   LIBCMT:mbctype.obj
 0001:0001f134       __updatetmbcinfo           0000000140020134 f   LIBCMT:mbctype.obj
 0001:0001f1f0       _setmbcp                   00000001400201f0 f   LIBCMT:mbctype.obj
 0001:0001f434       _setmbcp_nolock            0000000140020434 f   LIBCMT:mbctype.obj
 0001:0001f6e4       _freefls                   00000001400206e4 f   LIBCMT:tidtable.obj
 0001:0001f818       _getptd                    0000000140020818 f   LIBCMT:tidtable.obj
 0001:0001f83c       _getptd_noexit             000000014002083c f   LIBCMT:tidtable.obj
 0001:0001f8c0       _initptd                   00000001400208c0 f   LIBCMT:tidtable.obj
 0001:0001f984       _mtinit                    0000000140020984 f   LIBCMT:tidtable.obj
 0001:0001fa04       _mtterm                    0000000140020a04 f   LIBCMT:tidtable.obj
 0001:0001fa28       __isa_available_init       0000000140020a28 f   LIBCMT:cpu_disp.obj
 0001:0001fbcc       __crt_debugger_hook        0000000140020bcc f   LIBCMT:dbghook.obj
 0001:0001fbd4       __crtCaptureCurrentContext 0000000140020bd4 f   LIBCMT:winapisupp.obj
 0001:0001fc44       __crtCapturePreviousContext 0000000140020c44 f   LIBCMT:winapisupp.obj
 0001:0001fcb8       __crtFlsAlloc              0000000140020cb8 f   LIBCMT:winapisupp.obj
 0001:0001fcd4       __crtFlsFree               0000000140020cd4 f   LIBCMT:winapisupp.obj
 0001:0001fcf0       __crtFlsGetValue           0000000140020cf0 f   LIBCMT:winapisupp.obj
 0001:0001fd0c       __crtFlsSetValue           0000000140020d0c f   LIBCMT:winapisupp.obj
 0001:0001fd28       __crtGetShowWindowMode     0000000140020d28 f   LIBCMT:winapisupp.obj
 0001:0001fd54       __crtInitializeCriticalSectionEx 0000000140020d54 f   LIBCMT:winapisupp.obj
 0001:0001fd80       __crtIsPackagedApp         0000000140020d80 f   LIBCMT:winapisupp.obj
 0001:0001fdcc       __crtLoadWinApiPointers    0000000140020dcc f   LIBCMT:winapisupp.obj
 0001:000201c8       __crtSetUnhandledExceptionFilter 00000001400211c8 f   LIBCMT:winapisupp.obj
 0001:000201d0       __crtSleep                 00000001400211d0 f   LIBCMT:winapisupp.obj
 0001:000201d8       __crtTerminateProcess      00000001400211d8 f   LIBCMT:winapisupp.obj
 0001:000201f8       __crtUnhandledException    00000001400211f8 f   LIBCMT:winapisupp.obj
 0001:00020218       __daylight                 0000000140021218 f   LIBCMT:timeset.obj
 0001:00020220       __dstbias                  0000000140021220 f   LIBCMT:timeset.obj
 0001:00020228       __timezone                 0000000140021228 f   LIBCMT:timeset.obj
 0001:00020230       __tzname                   0000000140021230 f   LIBCMT:timeset.obj
 0001:00020238       _get_daylight              0000000140021238 f   LIBCMT:timeset.obj
 0001:00020268       _get_dstbias               0000000140021268 f   LIBCMT:timeset.obj
 0001:00020298       _get_timezone              0000000140021298 f   LIBCMT:timeset.obj
 0001:000202c8       _gmtime64_s                00000001400212c8 f   LIBCMT:gmtime64.obj
 0001:00020598       _localtime64_s             0000000140021598 f   LIBCMT:loctim64.obj
 0001:000208a4       __tzset                    00000001400218a4 f   LIBCMT:tzset.obj
 0001:000208e0       _isindst                   00000001400218e0 f   LIBCMT:tzset.obj
 0001:000212f0       __GSHandlerCheck           00000001400222f0 f   LIBCMT:gshandler.obj
 0001:00021310       __GSHandlerCheckCommon     0000000140022310 f   LIBCMT:gshandler.obj
 0001:00021374       strcspn                    0000000140022374 f   LIBCMT:strcspn.obj
 0001:00021414       strspn                     0000000140022414 f   LIBCMT:strspn.obj
 0001:000214d8       strchr                     00000001400224d8 f   LIBCMT:strchr.obj
 0001:00021564       strpbrk                    0000000140022564 f   LIBCMT:strpbrk.obj
 0001:00021608       ?_inconsistency@@YAXXZ     0000000140022608 f   LIBCMT:hooks.obj
 0001:00021628       ?terminate@@YAXXZ          0000000140022628 f   LIBCMT:hooks.obj
 0001:00021648       _initp_eh_hooks            0000000140022648 f   LIBCMT:hooks.obj
 0001:00021668       abort                      0000000140022668 f   LIBCMT:abort.obj
 0001:000216c0       _initp_misc_purevirt       00000001400226c0 f   LIBCMT:inithelp.obj
 0001:000216c8       strcpy_s                   00000001400226c8 f   LIBCMT:strcpy_s.obj
 0001:00021740       strlen                     0000000140022740 f   LIBCMT:strlen.obj
 0001:000217e8       strrchr                    00000001400227e8 f   LIBCMT:strrchr.obj
 0001:0002192c       ?__CxxUnhandledExceptionFilter@@YAJPEAU_EXCEPTION_POINTERS@@@Z 000000014002292c f   LIBCMT:unhandld.obj
 0001:00021964       __CxxSetUnhandledExceptionFilter 0000000140022964 f   LIBCMT:unhandld.obj
 0001:0002197c       _XcptFilter                000000014002297c f   LIBCMT:winxfltr.obj
 0001:00021b48       _ioinit                    0000000140022b48 f   LIBCMT:ioinit.obj
 0001:00021e78       _setargv                   0000000140022e78 f   LIBCMT:stdargv.obj
 0001:00022134       _setenvp                   0000000140023134 f   LIBCMT:stdenvp.obj
 0001:00022268       _FF_MSGBANNER              0000000140023268 f   LIBCMT:crt0msg.obj
 0001:000222ac       _GET_RTERRMSG              00000001400232ac f   LIBCMT:crt0msg.obj
 0001:000222dc       _NMSG_WRITE                00000001400232dc f   LIBCMT:crt0msg.obj
 0001:0002254c       __set_app_type             000000014002354c f   LIBCMT:errmode.obj
 0001:00022554       _set_error_mode            0000000140023554 f   LIBCMT:errmode.obj
 0001:00022594       __security_init_cookie     0000000140023594 f   LIBCMT:gs_support.obj
 0001:00022640       _RTC_Initialize            0000000140023640 f   LIBCMT:initsect.obj
 0001:00022678       _RTC_Terminate             0000000140023678 f   LIBCMT:initsect.obj
 0001:000226b0       __crtGetEnvironmentStringsA 00000001400236b0 f   LIBCMT:a_env.obj
 0001:000227a4       _wincmdln                  00000001400237a4 f   LIBCMT:wincmdln.obj
 0001:00022820       realloc                    0000000140023820 f   LIBCMT:realloc.obj
 0001:000228f4       _lock                      00000001400238f4 f   LIBCMT:mlock.obj
 0001:00022938       _mtdeletelocks             0000000140023938 f   LIBCMT:mlock.obj
 0001:000229c0       _mtinitlocknum             00000001400239c0 f   LIBCMT:mlock.obj
 0001:00022a80       _mtinitlocks               0000000140023a80 f   LIBCMT:mlock.obj
 0001:00022ae4       _unlock                    0000000140023ae4 f   LIBCMT:mlock.obj
 0001:00022b00       _FindPESection             0000000140023b00 f   LIBCMT:pesect.obj
 0001:00022b50       _IsNonwritableInCurrentImage 0000000140023b50 f   LIBCMT:pesect.obj
 0001:00022ba0       _ValidateImageBase         0000000140023ba0 f   LIBCMT:pesect.obj
 0001:00022bd0       _initp_misc_cfltcvt_tab    0000000140023bd0 f   LIBCMT:cmiscdat.obj
 0001:00022c0c       __get_sigabrt              0000000140023c0c f   LIBCMT:winsig.obj
 0001:00022c1c       _initp_misc_winsig         0000000140023c1c f   LIBCMT:winsig.obj
 0001:00022c3c       raise                      0000000140023c3c f   LIBCMT:winsig.obj
 0001:00022e70       _initp_misc_rand_s         0000000140023e70 f   LIBCMT:rand_s.obj
 0001:00022e78       _calloc_impl               0000000140023e78 f   LIBCMT:calloc_impl.obj
 0001:00022f30       _local_unwind              0000000140023f30 f   LIBCMT:jmpuwind.obj
 0001:00022f60       _NLG_Notify                0000000140023f60 f   LIBCMT:jmpuwind.obj
 0001:00022f80       __NLG_Dispatch2            0000000140023f80 f   LIBCMT:jmpuwind.obj
 0001:00022f90       __NLG_Return2              0000000140023f90 f   LIBCMT:jmpuwind.obj
 0001:00022f94       __free_lconv_mon           0000000140023f94 f   LIBCMT:initmon.obj
 0001:000230a0       __free_lconv_num           00000001400240a0 f   LIBCMT:initnum.obj
 0001:0002310c       __free_lc_time             000000014002410c f   LIBCMT:inittime.obj
 0001:000237f4       __crtLCMapStringA          00000001400247f4 f   LIBCMT:a_map.obj
 0001:00023a04       __crtGetStringTypeA        0000000140024a04 f   LIBCMT:a_str.obj
 0001:00023a80       atol                       0000000140024a80 f   LIBCMT:atox.obj
 0001:00023a8c       strncpy_s                  0000000140024a8c f   LIBCMT:strncpy_s.obj
 0001:00023b48       _getenv_helper_nolock      0000000140024b48 f   LIBCMT:getenv.obj
 0001:00023bec       ___lc_codepage_func        0000000140024bec f   LIBCMT:initctyp.obj
 0001:00023c24       GetTableIndexFromLocaleName 0000000140024c24 f   LIBCMT:winapinls.obj
 0001:00023cb0       __crtCompareStringEx       0000000140024cb0 f   LIBCMT:winapinls.obj
 0001:00023d40       __crtDownlevelLocaleNameToLCID 0000000140024d40 f   LIBCMT:winapinls.obj
 0001:00023d74       __crtLCMapStringEx         0000000140024d74 f   LIBCMT:winapinls.obj
 0001:00023e04       __wcsnicmp_ascii           0000000140024e04 f   LIBCMT:winapinls.obj
 0001:00023e5c       __initstdio                0000000140024e5c f   LIBCMT:_file.obj
 0001:00023ef4       __endstdio                 0000000140024ef4 f   LIBCMT:_file.obj
 0001:00023f24       _lock_file                 0000000140024f24 f   LIBCMT:_file.obj
 0001:00023f8c       _lock_file2                0000000140024f8c f   LIBCMT:_file.obj
 0001:00023fc0       _unlock_file               0000000140024fc0 f   LIBCMT:_file.obj
 0001:00024010       _unlock_file2              0000000140025010 f   LIBCMT:_file.obj
 0001:00024030       wcscat_s                   0000000140025030 f   LIBCMT:wcscat_s.obj
 0001:000240b8       wcscpy_s                   00000001400250b8 f   LIBCMT:wcscpy_s.obj
 0001:00024124       wcslen                     0000000140025124 f   LIBCMT:wcslen.obj
 0001:00024140       wcsncpy_s                  0000000140025140 f   LIBCMT:wcsncpy_s.obj
 0001:0002420c       __crtMessageBoxW           000000014002520c f   LIBCMT:crtmboxw.obj
 0001:00024480       _fptrap                    0000000140025480 f   LIBCMT:crt0fp.obj
 0001:0002448c       _fileno                    000000014002548c f   LIBCMT:fileno.obj
 0001:000244b4       _isatty                    00000001400254b4 f   LIBCMT:isatty.obj
[...]
 0004:00002598       $pdata$_fileno             0000000140045598     LIBCMT:fileno.obj
 0004:000025a4       $pdata$_isatty             00000001400455a4     LIBCMT:isatty.obj
 0004:000025b0       $pdata$_fflush_nolock      00000001400455b0     LIBCMT:fflush.obj
 0004:000025bc       $pdata$_flush              00000001400455bc     LIBCMT:fflush.obj
 0004:000025c8       $pdata$flsall              00000001400455c8     LIBCMT:fflush.obj
 0004:000025d4       $pdata$_locterm            00000001400455d4     LIBCMT:wsetloca.obj
 0004:000025ec       $pdata$?strtoxl@@YAKPEAUlocaleinfo_struct@@PEBDPEAPEBDHH@Z 00000001400455ec     LIBCMT:strtol.obj
 0004:000025f8       $pdata$strtol              00000001400455f8     LIBCMT:strtol.obj
 0004:00002604       $pdata$__wtomb_environ     0000000140045604     LIBCMT:wtombenv.obj
 0004:00002610       $pdata$_mbsnbicoll_l       0000000140045610     LIBCMT:mbsnbico.obj
 0004:0000261c       $pdata$_fcloseall          000000014004561c     LIBCMT:closeall.obj
 0004:00002628       $pdata$_commit             0000000140045628     LIBCMT:commit.obj
 0004:00002634       $pdata$_write              0000000140045634     LIBCMT:write.obj
 0004:00002640       $pdata$_write_nolock       0000000140045640     LIBCMT:write.obj
 0004:00002658       $pdata$_isctype_l          0000000140045658     LIBCMT:isctype.obj
 0004:00002664       $pdata$__crt_atoflt_l      0000000140045664     LIBCMT:atodbl.obj
 0004:00002670       $pdata$_atodbl_l           0000000140045670     LIBCMT:atodbl.obj
 0004:0000267c       $pdata$__crtsetenv         000000014004567c     LIBCMT:setenv.obj
 0004:00002688       $pdata$_strnicoll_l        0000000140045688     LIBCMT:strnicol.obj
 0004:00002694       $pdata$?__crtCompareStringA_stat@@YAHPEAUlocaleinfo_struct@@PEB_WKPEBDH2HH@Z 0000000140045694     LIBCMT:a_cmp.obj
 0004:000026a0       $pdata$__crtCompareStringA 00000001400456a0     LIBCMT:a_cmp.obj
 0004:000026ac       $pdata$_fclose_nolock      00000001400456ac     LIBCMT:fclose.obj
 0004:000026b8       $pdata$fclose              00000001400456b8     LIBCMT:fclose.obj
 0004:000026c4       $pdata$__lock_fhandle      00000001400456c4     LIBCMT:osfinfo.obj
 0004:000026d0       $pdata$_free_osfhnd        00000001400456d0     LIBCMT:osfinfo.obj
 0004:000026dc       $pdata$_get_osfhandle      00000001400456dc     LIBCMT:osfinfo.obj
 0004:000026e8       $pdata$_isleadbyte_l       00000001400456e8     LIBCMT:_wctype.obj
 0004:000026f4       $pdata$isleadbyte          00000001400456f4     LIBCMT:_wctype.obj
 0004:00002700       $pdata$_lseeki64_nolock    0000000140045700     LIBCMT:lseeki64.obj
 0004:0000270c       $pdata$_mbtowc_l           000000014004570c     LIBCMT:mbtowc.obj
 0004:00002718       $pdata$_putwch_nolock      0000000140045718     LIBCMT:putwch.obj
 0004:00002724       $pdata$_ld12tod            0000000140045724     LIBCMT:intrncvt.obj
 0004:00002730       $pdata$_ld12tof            0000000140045730     LIBCMT:intrncvt.obj
 0004:0000273c       $pdata$__strgtold12_l      000000014004573c     LIBCMT:strgtold.obj
 0004:00002748       $pdata$_cfltcvt            0000000140045748     LIBCMT:cvt.obj
 0004:00002754       $pdata$_cfltcvt_l          0000000140045754     LIBCMT:cvt.obj
 0004:00002760       $pdata$_cftoa_l            0000000140045760     LIBCMT:cvt.obj
 0004:0000276c       $pdata$_cftoe2_l           000000014004576c     LIBCMT:cvt.obj
 0004:00002778       $pdata$_cftoe_l            0000000140045778     LIBCMT:cvt.obj
 0004:00002784       $pdata$_cftof2_l           0000000140045784     LIBCMT:cvt.obj
 0004:00002790       $pdata$_cftof_l            0000000140045790     LIBCMT:cvt.obj
 0004:0000279c       $pdata$_cftog_l            000000014004579c     LIBCMT:cvt.obj
 0004:000027a8       $pdata$_cropzeros_l        00000001400457a8     LIBCMT:cvt.obj
 0004:000027b4       $pdata$_fassign_l          00000001400457b4     LIBCMT:cvt.obj
 0004:000027c0       $pdata$_forcdecpt_l        00000001400457c0     LIBCMT:cvt.obj
 0004:000027cc       $pdata$_strnicmp_l         00000001400457cc     LIBCMT:strnicmp.obj
 0004:000027d8       $pdata$_close              00000001400457d8     LIBCMT:close.obj
 0004:000027e4       $pdata$_close_nolock       00000001400457e4     LIBCMT:close.obj
 0004:000027f0       $pdata$_freebuf            00000001400457f0     LIBCMT:_freebuf.obj
 0004:000027fc       $pdata$__termconout        00000001400457fc     LIBCMT:initcon.obj
 0004:00002808       $pdata$__initconout        0000000140045808     LIBCMT:initcon.obj
 0004:00002814       $pdata$__mtold12           0000000140045814     LIBCMT:mantold.obj
 0004:00002820       $pdata$isdigit             0000000140045820     LIBCMT:_ctype.obj
 0004:0000282c       $pdata$_tolower_l          000000014004582c     LIBCMT:tolower.obj
 0004:00002838       $pdata$_fptostr            0000000140045838     LIBCMT:_fptostr.obj
 0004:00002844       $pdata$__dtold             0000000140045844     LIBCMT:cfout.obj
 0004:00002850       $pdata$_fltout2            0000000140045850     LIBCMT:cfout.obj
 0004:0000285c       $pdata$$I10_OUTPUT         000000014004585c     LIBCMT:x10fout.obj
 0004:00002868       $pdata$?_GetEstablisherFrame@@YAPEA_KPEA_KPEAU_xDISPATCHER_CONTEXT@@PEBU_s_FuncInfo@@0@Z 0000000140045868     LIBCMT:trnsctrl.obj
 0004:00002874       $pdata$?_GetRangeOfTrysToCheck@@YAPEBU_s_TryBlockMapEntry@@PEA_KPEBU_s_FuncInfo@@HHPEAI2PEAU_xDISPATCHER_CONTEXT@@@Z 0000000140045874     LIBCMT:trnsctrl.obj
 0004:00002880       $pdata$?__FrameUnwindToEmptyState@@YAXPEA_KPEAU_xDISPATCHER_CONTEXT@@PEBU_s_FuncInfo@@@Z 0000000140045880     LIBCMT:trnsctrl.obj
 0004:0000288c       $pdata$?__SehTransFilter@@YAHPEAU_EXCEPTION_POINTERS@@PEAUEHExceptionRecord@@PEA_KPEAU_CONTEXT@@PEAU_xDISPATCHER_CONTEXT@@PEBU_s_FuncInfo@@PEAH@Z 000000014004588c     LIBCMT:trnsctrl.obj
 0004:00002898       $pdata$_CallSETranslator   0000000140045898     LIBCMT:trnsctrl.obj
 0004:000028a4       $pdata$_CreateFrameInfo    00000001400458a4     LIBCMT:trnsctrl.obj
 0004:000028b0       $pdata$_FindAndUnlinkFrame 00000001400458b0     LIBCMT:trnsctrl.obj
 0004:000028bc       $pdata$_GetImageBase       00000001400458bc     LIBCMT:trnsctrl.obj
 0004:000028c8       $pdata$_GetThrowImageBase  00000001400458c8     LIBCMT:trnsctrl.obj
 0004:000028d4       $pdata$_IsExceptionObjectToBeDestroyed 00000001400458d4     LIBCMT:trnsctrl.obj
 0004:000028e0       $pdata$_SetImageBase       00000001400458e0     LIBCMT:trnsctrl.obj
 0004:000028ec       $pdata$_SetThrowImageBase  00000001400458ec     LIBCMT:trnsctrl.obj
 0004:000028f8       $pdata$_UnwindNestedFrames 00000001400458f8     LIBCMT:trnsctrl.obj
 0004:00002904       $pdata$__CxxFrameHandler3  0000000140045904     LIBCMT:trnsctrl.obj
 0004:00002910       $pdata$__GSHandlerCheck_EH 0000000140045910     LIBCMT:gshandlereh.obj
 0004:0000291c       $pdata$__DestructExceptionObject 000000014004591c     LIBCMT:frame.obj
 0004:00002928       $pdata$??0bad_exception@std@@QEAA@AEBV01@@Z 0000000140045928     LIBCMT:frame.obj
 0004:00002934       $pdata$??_Gbad_exception@std@@UEAAPEAXI@Z 0000000140045934     LIBCMT:frame.obj
 0004:00002940       $pdata$?CatchIt@@YAXPEAUEHExceptionRecord@@PEA_KPEAU_CONTEXT@@PEAU_xDISPATCHER_CONTEXT@@PEBU_s_FuncInfo@@PEBU_s_HandlerType@@PEBU_s_CatchableType@@PEBU_s_TryBlockMapEntry@@H1EE@Z 0000000140045940     LIBCMT:frame.obj
 0004:0000294c       $pdata$?FindHandler@@YAXPEAUEHExceptionRecord@@PEA_KPEAU_CONTEXT@@PEAU_xDISPATCHER_CONTEXT@@PEBU_s_FuncInfo@@EH1@Z 000000014004594c     LIBCMT:frame.obj
 0004:00002958       $pdata$?FindHandlerForForeignException@@YAXPEAUEHExceptionRecord@@PEA_KPEAU_CONTEXT@@PEAU_xDISPATCHER_CONTEXT@@PEBU_s_FuncInfo@@HH1@Z 0000000140045958     LIBCMT:frame.obj
 0004:00002964       $pdata$?IsInExceptionSpec@@YAEPEAUEHExceptionRecord@@PEBU_s_ESTypeList@@@Z 0000000140045964     LIBCMT:frame.obj
 0004:00002970       $pdata$__BuildCatchObject  0000000140045970     LIBCMT:frame.obj
 0004:0000297c       $pdata$__BuildCatchObjectHelper 000000014004597c     LIBCMT:frame.obj
 0004:00002988       $pdata$__CxxCallCatchBlock 0000000140045988     LIBCMT:frame.obj
 0004:00002994       $pdata$__FrameUnwindFilter 0000000140045994     LIBCMT:frame.obj
 0004:000029a0       $pdata$__FrameUnwindToState 00000001400459a0     LIBCMT:frame.obj
 0004:000029ac       $pdata$__InternalCxxFrameHandler 00000001400459ac     LIBCMT:frame.obj
 0004:000029b8       $pdata$__TypeMatch         00000001400459b8     LIBCMT:frame.obj
 0004:000029c4       $pdata$?__GetCurrentState@@YAHPEA_KPEAU_xDISPATCHER_CONTEXT@@PEBU_s_FuncInfo@@@Z 00000001400459c4     LIBCMT:ehstate.obj
 0004:000029d0       $pdata$?__GetUnwindTryBlock@@YAHPEA_KPEAU_xDISPATCHER_CONTEXT@@PEBU_s_FuncInfo@@@Z 00000001400459d0     LIBCMT:ehstate.obj
 0004:000029dc       $pdata$?__SetUnwindTryBlock@@YAXPEA_KPEAU_xDISPATCHER_CONTEXT@@PEBU_s_FuncInfo@@H@Z 00000001400459dc     LIBCMT:ehstate.obj
 0004:000029e8       $pdata$?__StateFromIp@@YAHPEBU_s_FuncInfo@@PEAU_xDISPATCHER_CONTEXT@@_J@Z 00000001400459e8     LIBCMT:ehstate.obj
 0004:00002a00       $pdata$?catch$0@?0??AllocBuffer@CString@WTL@@IEAAHH@Z@4HA 0000000140045a00     Enterdlg.obj
 0004:00002a0c       $pdata$?catch$0@?0??OnOpenDocument@CDocument@@UEAAHPEBD@Z@4HA 0000000140045a0c     Maindoc.obj
 0004:00002a18       $pdata$?dtor$0@?0??Mid@CString@WTL@@QEBA?AV12@HH@Z@4HA 0000000140045a18     Maindoc.obj
 0004:00002a24       $pdata$?catch$0@?0??CreateCommon@CSplitterWnd@@QEAAHPEAVCWnd@@UtagSIZE@@KI@Z@4HA 0000000140045a24     Splitter.obj
 0004:00002a30       $pdata$?catch$0@?0??CreateView@CSplitterWnd@@UEAAHHHPEAUCRuntimeClass@@UtagSIZE@@PEAUCCreateContext@@@Z@4HA 0000000140045a30     Splitter.obj
 0004:00002a3c       $pdata$_onexit$fin$0       0000000140045a3c     LIBCMT:onexit.obj
 0004:00002a48       $pdata$__tmainCRTStartup$filt$0 0000000140045a48     LIBCMT:wincrt0.obj
 0004:00002a54       $pdata$doexit$fin$0        0000000140045a54     LIBCMT:crt0dat.obj
 0004:00002a60       $pdata$?fin$0@?0??_Type_info_dtor@type_info@@CAXPEAV1@@Z@4HA 0000000140045a60     LIBCMT:typname.obj
 0004:00002a6c       $pdata$__updatetlocinfo$fin$0 0000000140045a6c     LIBCMT:localref.obj
 0004:00002a6c       $pdata$_locterm$fin$0      0000000140045a6c     LIBCMT:localref.obj
 0004:00002a78       $pdata$_setmbcp$fin$0      0000000140045a78     LIBCMT:mbctype.obj
 0004:00002a78       $pdata$__updatetmbcinfo$fin$0 0000000140045a78     LIBCMT:mbctype.obj
 0004:00002a84       $pdata$_freefls$fin$1      0000000140045a84     LIBCMT:tidtable.obj
 0004:00002a84       $pdata$_initptd$fin$1      0000000140045a84     LIBCMT:tidtable.obj
 0004:00002a90       $pdata$_freefls$fin$0      0000000140045a90     LIBCMT:tidtable.obj
 0004:00002a90       $pdata$_initptd$fin$0      0000000140045a90     LIBCMT:tidtable.obj
 0004:00002a9c       $pdata$__tzset$fin$0       0000000140045a9c     LIBCMT:tzset.obj
 0004:00002a9c       $pdata$_isindst$fin$0      0000000140045a9c     LIBCMT:tzset.obj
 0004:00002aa8       $pdata$_tzset_nolock$fin$0 0000000140045aa8     LIBCMT:tzset.obj
 0004:00002ab4       $pdata$_ioinit$fin$0       0000000140045ab4     LIBCMT:ioinit.obj
 0004:00002ac0       $pdata$_mtinitlocknum$fin$0 0000000140045ac0     LIBCMT:mlock.obj
 0004:00002acc       $pdata$_IsNonwritableInCurrentImage$filt$0 0000000140045acc     LIBCMT:pesect.obj
 0004:00002ad8       $pdata$raise$fin$0         0000000140045ad8     LIBCMT:winsig.obj
 0004:00002ae4       $pdata$flsall$fin$0        0000000140045ae4     LIBCMT:fflush.obj
 0004:00002af0       $pdata$flsall$fin$1        0000000140045af0     LIBCMT:fflush.obj
 0004:00002afc       $pdata$_fcloseall$fin$0    0000000140045afc     LIBCMT:closeall.obj
 0004:00002b08       $pdata$_write$fin$0        0000000140045b08     LIBCMT:write.obj
 0004:00002b14       $pdata$fclose$fin$0        0000000140045b14     LIBCMT:fclose.obj
 0004:00002b20       $pdata$__lock_fhandle$fin$0 0000000140045b20     LIBCMT:osfinfo.obj
 0004:00002b2c       $pdata$_close$fin$0        0000000140045b2c     LIBCMT:close.obj
 0004:00002b2c       $pdata$_commit$fin$0       0000000140045b2c     LIBCMT:close.obj
 0004:00002b38       $pdata$_CallSETranslator$filt$0 0000000140045b38     LIBCMT:trnsctrl.obj
 0004:00002b44       $pdata$__CxxCallCatchBlock$filt$0 0000000140045b44     LIBCMT:frame.obj
 0004:00002b50       $pdata$__CxxCallCatchBlock$fin$1 0000000140045b50     LIBCMT:frame.obj
 0004:00002b5c       $pdata$__DestructExceptionObject$filt$0 0000000140045b5c     LIBCMT:frame.obj
 0004:00002b68       $pdata$__FrameUnwindToState$filt$0 0000000140045b68     LIBCMT:frame.obj
 0004:00002b74       $pdata$__FrameUnwindToState$fin$1 0000000140045b74     LIBCMT:frame.obj
 0004:00002b80       $pdata$??__F_AtlWinModule@ATL@@YAXXZ 0000000140045b80     Enterdlg.obj
 0005:000011e0       $R000000                   00000001400471e0     Viewex.res
 0005:000014c8       $R0002E8                   00000001400474c8     Viewex.res
 0005:000014e0       $R000300                   00000001400474e0     Viewex.res
 0005:00001610       $R000430                   0000000140047610     Viewex.res
 0005:00001618       $R000438                   0000000140047618     Viewex.res
 0005:00001738       $R000558                   0000000140047738     Viewex.res
 0005:00001860       $R000680                   0000000140047860     Viewex.res
 0005:00001940       $R000760                   0000000140047940     Viewex.res
 0005:00001a78       $R000898                   0000000140047a78     Viewex.res
 0005:00001b30       $R000950                   0000000140047b30     Viewex.res
 0005:00001b58       $R000978                   0000000140047b58     Viewex.res
 0005:00001c90       $R000AB0                   0000000140047c90     Viewex.res
 0005:00001d48       $R000B68                   0000000140047d48     Viewex.res
 0005:00001d70       $R000B90                   0000000140047d70     Viewex.res
 0005:00001ea8       $R000CC8                   0000000140047ea8     Viewex.res
 0005:00001f60       $R000D80                   0000000140047f60     Viewex.res
 0005:00001f88       $R000DA8                   0000000140047f88     Viewex.res
 0005:000020c0       $R000EE0                   00000001400480c0     Viewex.res
 0005:00002178       $R000F98                   0000000140048178     Viewex.res
 0005:000021a0       $R000FC0                   00000001400481a0     Viewex.res
 0005:000022d8       $R0010F8                   00000001400482d8     Viewex.res
 0005:00002390       $R0011B0                   0000000140048390     Viewex.res
 0005:000023b8       $R0011D8                   00000001400483b8     Viewex.res
 0005:000025b8       $R0013D8                   00000001400485b8     Viewex.res
 0005:00002670       $R001490                   0000000140048670     Viewex.res
 0005:00002698       $R0014B8                   0000000140048698     Viewex.res
 0005:00002898       $R0016B8                   0000000140048898     Viewex.res
 0005:00002950       $R001770                   0000000140048950     Viewex.res
 0005:00002978       $R001798                   0000000140048978     Viewex.res
 0005:00002b78       $R001998                   0000000140048b78     Viewex.res
 0005:00002c30       $R001A50                   0000000140048c30     Viewex.res
 0005:00002c58       $R001A78                   0000000140048c58     Viewex.res
 0005:00002e58       $R001C78                   0000000140048e58     Viewex.res
 0005:00002f10       $R001D30                   0000000140048f10     Viewex.res
 0005:00002f38       $R001D58                   0000000140048f38     Viewex.res
 0005:00003070       $R001E90                   0000000140049070     Viewex.res
 0005:00003128       $R001F48                   0000000140049128     Viewex.res
 0005:00003150       $R001F70                   0000000140049150     Viewex.res
 0005:00003288       $R0020A8                   0000000140049288     Viewex.res
 0005:00003340       $R002160                   0000000140049340     Viewex.res
 0005:00003368       $R002188                   0000000140049368     Viewex.res
 0005:000034a0       $R0022C0                   00000001400494a0     Viewex.res
 0005:000034b8       $R0022D8                   00000001400494b8     Viewex.res
 0005:000035f0       $R002410                   00000001400495f0     Viewex.res
 0005:00003608       $R002428                   0000000140049608     Viewex.res
 0005:00003740       $R002560                   0000000140049740     Viewex.res
 0005:00003758       $R002578                   0000000140049758     Viewex.res
 0005:00003890       $R0026B0                   0000000140049890     Viewex.res
 0005:000038a8       $R0026C8                   00000001400498a8     Viewex.res
 0005:000039e0       $R002800                   00000001400499e0     Viewex.res
 0005:000039f8       $R002818                   00000001400499f8     Viewex.res
 0005:00003b30       $R002950                   0000000140049b30     Viewex.res
 0005:00003b48       $R002968                   0000000140049b48     Viewex.res
 0005:00003c80       $R002AA0                   0000000140049c80     Viewex.res
 0005:00003c98       $R002AB8                   0000000140049c98     Viewex.res
 0005:00003dd0       $R002BF0                   0000000140049dd0     Viewex.res
 0005:00003de8       $R002C08                   0000000140049de8     Viewex.res
 0005:00003f20       $R002D40                   0000000140049f20     Viewex.res
 0005:00003f38       $R002D58                   0000000140049f38     Viewex.res
 0005:00004070       $R002E90                   000000014004a070     Viewex.res
 0005:00004088       $R002EA8                   000000014004a088     Viewex.res
 0005:000041c0       $R002FE0                   000000014004a1c0     Viewex.res
 0005:000041d8       $R002FF8                   000000014004a1d8     Viewex.res
 0005:00004310       $R003130                   000000014004a310     Viewex.res
 0005:00004328       $R003148                   000000014004a328     Viewex.res
 0005:00004460       $R003280                   000000014004a460     Viewex.res
 0005:00004478       $R003298                   000000014004a478     Viewex.res
 0005:000045b0       $R0033D0                   000000014004a5b0     Viewex.res
 0005:000045c8       $R0033E8                   000000014004a5c8     Viewex.res
 0005:000046b0       $R0034D0                   000000014004a6b0     Viewex.res
 0005:000046e8       $R003508                   000000014004a6e8     Viewex.res
 0005:000047a0       $R0035C0                   000000014004a7a0     Viewex.res
 0005:000048e8       $R003708                   000000014004a8e8     Viewex.res
 0005:00004930       $R003750                   000000014004a930     Viewex.res
 0005:00004998       $R0037B8                   000000014004a998     Viewex.res
 0005:00004a60       $R003880                   000000014004aa60     Viewex.res
 0005:00004ae8       $R003908                   000000014004aae8     Viewex.res
 0005:00004b18       $R003938                   000000014004ab18     Viewex.res
 0005:00004ca0       $R003AC0                   000000014004aca0     Viewex.res
 0005:00005188       $R003FA8                   000000014004b188     Viewex.res
 0005:00005328       $R004148                   000000014004b328     Viewex.res
 0005:00005608       $R004428                   000000014004b608     Viewex.res
 0005:00005870       $R004690                   000000014004b870     Viewex.res
 0005:000058c0       $R0046E0                   000000014004b8c0     Viewex.res
 0005:00005d68       $R004B88                   000000014004bd68     Viewex.res
 0005:00005f90       $R004DB0                   000000014004bf90     Viewex.res
 0005:00006070       $R004E90                   000000014004c070     Viewex.res
 0005:000060a0       $R004EC0                   000000014004c0a0     Viewex.res
 0005:00006130       $R004F50                   000000014004c130     Viewex.res
 0005:00006670       $R005490                   000000014004c670     Viewex.res
