 viewex

 Timestamp is 591fe3c2 (Sat May 20 15:35:46 2017)

 Preferred load address is 0000000140000000

 Start         Length     Name                   Class
 0001:00000000 000000f8H .text$di                CODE
 0001:00000100 0002cae8H .text$mn                CODE
 0001:0002cbf0 00000e2fH .text$x                 CODE
 0001:0002da20 00000234H .text$yd                CODE
 0002:00000000 00000908H .idata$5                DATA
 0002:00000908 00000008H .CRT$XCA                DATA
 0002:00000910 00000008H .CRT$XCL                DATA
 0002:00000918 00000038H .CRT$XCU                DATA
 0002:00000950 00000008H .CRT$XCZ                DATA
 0002:00000958 00000008H .CRT$XIA                DATA
 0002:00000960 00000020H .CRT$XIC                DATA
 0002:00000980 00000008H .CRT$XIY                DATA
 0002:00000988 00000008H .CRT$XIZ                DATA
 0002:00000990 00000008H .CRT$XPA                DATA
 0002:00000998 00000010H .CRT$XPX                DATA
 0002:000009a8 00000008H .CRT$XPXA               DATA
 0002:000009b0 00000008H .CRT$XPZ                DATA
 0002:000009b8 00000008H .CRT$XTA                DATA
 0002:000009c0 00000008H .CRT$XTZ                DATA
 0002:000009d0 00009110H .rdata                  DATA
 0002:00009ae0 00001e3cH .rdata$r                DATA
 0002:0000b920 00000008H .rtc$IAA                DATA
 0002:0000b928 00000008H .rtc$IZZ                DATA
 0002:0000b930 00000008H .rtc$TAA                DATA
 0002:0000b938 00000008H .rtc$TZZ                DATA
 0002:0000b940 00004968H .xdata                  DATA
 0002:000102a8 0000025cH .xdata$x                DATA
 0002:00010508 00000000H ATL$__a                 DATA
 0002:00010508 00000000H ATL$__z                 DATA
 0002:00010508 00000000H .edata                  DATA
 0002:00010508 000000b4H .idata$2                DATA
 0002:000105bc 00000014H .idata$3                DATA
 0002:000105d0 00000908H .idata$4                DATA
 0002:00010ed8 00001338H .idata$6                DATA
 0003:00000000 00001850H .data                   DATA
 0003:00001850 000009a8H .data$r                 DATA
 0003:00002200 00002918H .bss                    DATA
 0004:00000000 00003030H .pdata                  DATA
 0005:00000000 000011e0H .rsrc$01                DATA
 0005:000011e0 000056b8H .rsrc$02                DATA

  Address         Publics by Value              Rva+Base               Lib:Object

 0000:00000000       ___safe_se_handler_table   0000000000000000     <absolute>
 0000:00000000       __guard_fids_table         0000000000000000     <absolute>
 0000:00000000       __guard_fids_count         0000000000000000     <absolute>
 0000:00000000       __guard_flags              0000000000000000     <absolute>
 0000:00000000       ___safe_se_handler_count   0000000000000000     <absolute>
 0000:00000000       __ImageBase                0000000140000000     <linker-defined>
 0001:00000100       ?GetRuntimeClass@CEnterDlg@@UEBAPEAUCRuntimeClass@@XZ 0000000140001100 f   Enterdlg.obj
 0001:00000110       ??_ECEnterDlg@@UEAAPEAXI@Z 0000000140001110 f i * CIL library *:* CIL module *
 0001:00000110       ??_GCEnterDlg@@UEAAPEAXI@Z 0000000140001110 f i Enterdlg.obj
 0001:00000180       ??1CEnterDlg@@UEAA@XZ      0000000140001180 f i Enterdlg.obj
 0001:000001d0       ?DoDataExchange@CEnterDlg@@MEAAXPEAVCDataExchange@@@Z 00000001400011d0 f   Enterdlg.obj
 0001:000001e0       ?_ProcessWindowMessage@CCommonDialog@@UEAAHPEAUHWND__@@I_K_JAEA_J@Z 00000001400011e0 f i Maindoc.obj
 0001:000001e0       ?_ProcessWindowMessage@CEnterDlg@@UEAAHPEAUHWND__@@I_K_JAEA_J@Z 00000001400011e0 f i Enterdlg.obj
 0001:000001f0       ?GetBuffer@CString@WTL@@QEAAPEADH@Z 00000001400011f0 f i Enterdlg.obj
 0001:000002c0       ?CopyBeforeWrite@CString@WTL@@IEAAXXZ 00000001400012c0 f i Enterdlg.obj
 0001:00000370       ?DDX_Text@@YAXPEAVCDataExchange@@HAEAVCString@WTL@@@Z 0000000140001370 f i Enterdlg.obj
 0001:00000440       ?AssignCopy@CString@WTL@@IEAAXHPEBD@Z 0000000140001440 f i Enterdlg.obj
 0001:00000514       ??_9CDialog@@$BOI@AA       0000000140001514 f i Enterdlg.obj
 0001:00000520       ??_9CDialog@@$BPA@AA       0000000140001520 f i Enterdlg.obj
 0001:00000530       ?_ProcessWindowMessage@CDialog@@UEAAHPEAUHWND__@@I_K_JAEA_J@Z 0000000140001530 f i Enterdlg.obj
 0001:000005e0       ?OnCmdMsg@CDialog@@UEAAHIHPEAXPEAUAFX_CMDHANDLERINFO@@@Z 00000001400015e0 f i Enterdlg.obj
 0001:000006a0       ??_GCWnd@@UEAAPEAXI@Z      00000001400016a0 f i Enterdlg.obj
 0001:000006a0       ??_GCNewTypeDlg@@UEAAPEAXI@Z 00000001400016a0 f i Viewex.obj
 0001:000006a0       ??_GCDialog@@UEAAPEAXI@Z   00000001400016a0 f i Enterdlg.obj
 0001:000006a0       ??_ECNewTypeDlg@@UEAAPEAXI@Z 00000001400016a0 f i * CIL library *:* CIL module *
 0001:000006a0       ??_ECWnd@@UEAAPEAXI@Z      00000001400016a0 f i * CIL library *:* CIL module *
 0001:000006a0       ??_ECDialog@@UEAAPEAXI@Z   00000001400016a0 f i * CIL library *:* CIL module *
 0001:000006d0       ?PreTranslateMessage@CDialog@@UEAAHPEAUtagMSG@@@Z 00000001400016d0 f i Enterdlg.obj
 0001:000007e0       ?OnOK@CDialog@@UEAAXXZ     00000001400017e0 f i Enterdlg.obj
 0001:00000870       ?OnCancel@CDialog@@UEAAXXZ 0000000140001870 f i Enterdlg.obj
 0001:000008b0       ?Create@CDialog@@UEAAHIPEAVCWnd@@@Z 00000001400018b0 f i Enterdlg.obj
 0001:000008c0       ?CreateIndirect@CDialog@@UEAAHPEAXPEAVCWnd@@PEAUHINSTANCE__@@@Z 00000001400018c0 f i Enterdlg.obj
 0001:00000940       ??1CNewTypeDlg@@UEAA@XZ    0000000140001940 f i Viewex.obj
 0001:00000940       ??1CCommonDialog@@UEAA@XZ  0000000140001940 f i Maindoc.obj
 0001:00000940       ??1CDialog@@UEAA@XZ        0000000140001940 f i Enterdlg.obj
 0001:00000950       ?classHandleFuncCDialog@CDialog@@SAPEAXPEAX0@Z 0000000140001950 f i Enterdlg.obj
 0001:000009f0       ?WindowProc@CWnd@@UEAA_JI_K_J@Z 00000001400019f0 f i Enterdlg.obj
 0001:00000a60       ?_AfxTopChildWindowFromPoint@CWnd@@SAPEAUHWND__@@PEAU2@UtagPOINT@@@Z 0000000140001a60 f i Enterdlg.obj
 0001:00000b60       ?OnToolHitTest@CWnd@@UEBA_JVCPoint@WTL@@PEAUtagTOOLINFOA@@@Z 0000000140001b60 f i Enterdlg.obj
 0001:00000c10       ?GetParent@CWnd@@QEAAPEAV1@XZ 0000000140001c10 f i Enterdlg.obj
 0001:00000d90       ?Enable@CCmdUI@@UEAAXH@Z   0000000140001d90 f i Enterdlg.obj
 0001:00000e40       ?SetCheck@CCmdUI@@UEAAXH@Z 0000000140001e40 f i Enterdlg.obj
 0001:00000ed0       ?SetRadio@CCmdUI@@UEAAXH@Z 0000000140001ed0 f i Enterdlg.obj
 0001:00000f30       ?AfxSetWindowText@CAfx@@SAXPEAUHWND__@@PEBD@Z 0000000140001f30 f i Enterdlg.obj
 0001:00000ff0       ?SetText@CCmdUI@@UEAAXPEBD@Z 0000000140001ff0 f i Enterdlg.obj
 0001:00001070       ?Enable@CTestCmdUI@@UEAAXH@Z 0000000140002070 f i Enterdlg.obj
 0001:00001080       ?SetText@CTestCmdUI@@UEAAXPEBD@Z 0000000140002080 f i Enterdlg.obj
 0001:00001080       ?OnTypeChange@CFileDialogMTL@@UEAAXXZ 0000000140002080 f i Maindoc.obj
 0001:00001080       ?OnShowMenuBar@CFrameWnd@@UEAAXXZ 0000000140002080 f i Splitter.obj
 0001:00001080       ?Serialize@CMainDoc@@UEAAXAEAVCArchive@@@Z 0000000140002080 f i Maindoc.obj
 0001:00001080       ?SetCheck@CTestCmdUI@@UEAAXH@Z 0000000140002080 f i Enterdlg.obj
 0001:00001080       ?PreCloseFrame@CDocument@@UEAAXPEAVCFrameWnd@@@Z 0000000140002080 f i Maindoc.obj
 0001:00001080       ?OnActivateView@CColorView@@UEAAXHPEAVCView@@0@Z 0000000140002080 f i Simpvw.obj
 0001:00001080       ?OnDocumentEvent@CDocument@@UEAAXW4DocumentEvent@1@@Z 0000000140002080 f i Maindoc.obj
 0001:00001080       ?RegisterShellFileTypes@CDocManager@@UEAAXH@Z 0000000140002080 f i Viewex.obj
 0001:00001080       ?DoDataExchange@CWMHnd@@UEAAXPEAVCDataExchange@@@Z 0000000140002080 f i Enterdlg.obj
 0001:00001080       ?OnLBSelChangedNotify@CFileDialogMTL@@UEAAXIII@Z 0000000140002080 f i Maindoc.obj
 0001:00001080       ?OnBeginPrinting@CView@@UEAAXPEAVCDCMTL@@PEAUCPrintInfo@@@Z 0000000140002080 f i Inputvw.obj
 0001:00001080       ?OnFileNameChange@CFileDialogMTL@@UEAAXXZ 0000000140002080 f i Maindoc.obj
 0001:00001080       ?OnFolderChange@CFileDialogMTL@@UEAAXXZ 0000000140002080 f i Maindoc.obj
 0001:00001080       ?OnEndPrinting@CView@@UEAAXPEAVCDCMTL@@PEAUCPrintInfo@@@Z 0000000140002080 f i Inputvw.obj
 0001:00001080       ?PostNcDestroy@CWMHnd@@UEAAXXZ 0000000140002080 f i Enterdlg.obj
 0001:00001080       ?SetRadio@CTestCmdUI@@UEAAXH@Z 0000000140002080 f i Enterdlg.obj
 0001:00001080       ?OnActivateFrame@CView@@UEAAXIPEAVCFrameWnd@@@Z 0000000140002080 f i Inputvw.obj
 0001:00001080       ?DeleteContents@CDocument@@UEAAXXZ 0000000140002080 f i Maindoc.obj
 0001:00001080       ?OnHideMenuBar@CFrameWnd@@UEAAXXZ 0000000140002080 f i Splitter.obj
 0001:00001080       ?OnDraw@CView@@UEAAXPEAVCDCMTL@@@Z 0000000140002080 f i Inputvw.obj
 0001:00001080       ?Serialize@CObject@@UEAAXAEAVCArchive@@@Z 0000000140002080 f i Enterdlg.obj
 0001:00001090       ?OnCommand@CWnd@@UEAAH_K_J@Z 0000000140002090 f i Enterdlg.obj
 0001:000011c0       ??_ECDCMTL@@UEAAPEAXI@Z    00000001400021c0 f i * CIL library *:* CIL module *
 0001:000011c0       ??_GCDCMTL@@UEAAPEAXI@Z    00000001400021c0 f i Enterdlg.obj
 0001:00001240       ?SetAttribDC@CDCMTL@@UEAAXPEAUHDC__@@@Z 0000000140002240 f i Enterdlg.obj
 0001:00001250       ?ReleaseAttribDC@CDCMTL@@UEAAXXZ 0000000140002250 f i Enterdlg.obj
 0001:00001260       ?SaveDC@CDCMTL@@UEAAHXZ    0000000140002260 f i Enterdlg.obj
 0001:000012b0       ?RestoreDC@CDCMTL@@UEAAHH@Z 00000001400022b0 f i Enterdlg.obj
 0001:00001310       ?TextOutA@CDCMTL@@UEAAHHHPEBDH@Z 0000000140002310 f i Enterdlg.obj
 0001:00001320       ??1?$CDCT@$00@WTL@@QEAA@XZ 0000000140002320 f i Enterdlg.obj
 0001:00001340       ?RemoveHandle@?$CHandleList@PEAUHDC__@@VCDCMTL@@PEAUHWND__@@@@QEAAPEAUHDC__@@QEAU2@@Z 0000000140002340 f i Enterdlg.obj
 0001:00001340       ?RemoveHandle@?$CHandleList@PEAXVCGdiObject@@PEAUHWND__@@@@QEAAPEAXQEAX@Z 0000000140002340 f i Inputvw.obj
 0001:00001340       ?RemoveHandle@?$CHandleList@PEAUHMENU__@@VCMenuMTL@@PEAUHWND__@@@@QEAAPEAUHMENU__@@QEAU2@@Z 0000000140002340 f i Enterdlg.obj
 0001:000013c0       ??1CDCMTL@@UEAA@XZ         00000001400023c0 f i Enterdlg.obj
 0001:00001430       ?UnsubclassWindow@CWMHnd@@QEAAPEAUHWND__@@XZ 0000000140002430 f i Enterdlg.obj
 0001:000014b0       ?OnNcDestroy@CWnd@@QEAAXXZ 00000001400024b0 f i Enterdlg.obj
 0001:000015c0       ?_ProcessWindowMessage@CWnd@@UEAAHPEAUHWND__@@I_K_JAEA_J@Z 00000001400025c0 f i Enterdlg.obj
 0001:000018e0       ?OnWndMsg@CWnd@@UEAAHI_K_JPEA_J@Z 00000001400028e0 f i Enterdlg.obj
 0001:00001980       ?ReflectChildNotify@CWnd@@QEAAHI_K_JPEA_J@Z 0000000140002980 f i Enterdlg.obj
 0001:00001ac0       ?OnChildNotify@CWnd@@UEAAHI_K_JPEA_J@Z 0000000140002ac0 f i Enterdlg.obj
 0001:00001ad0       ?OnNotify@CWnd@@UEAAH_K_JPEA_J@Z 0000000140002ad0 f i Enterdlg.obj
 0001:00001bb0       ?Create@CWnd@@UEAAHPEBD0KAEBUtagRECT@@PEAV1@IPEAUCCreateContext@@@Z 0000000140002bb0 f i Enterdlg.obj
 0001:00001c70       ?CreateEx@CWnd@@UEAAHKPEBD0KHHHHPEAUHWND__@@PEAUHMENU__@@PEAX@Z 0000000140002c70 f i Enterdlg.obj
 0001:00001df0       ?PreCreateWindow@CWnd@@UEAAHAEAUtagCREATESTRUCTA@@@Z 0000000140002df0 f i Enterdlg.obj
 0001:00001e40       ??1CWnd@@UEAA@XZ           0000000140002e40 f i Enterdlg.obj
 0001:00001f10       ?classHandleFuncCWnd@CWnd@@SAPEAXPEAX0@Z 0000000140002f10 f i Enterdlg.obj
 0001:00001fa0       ?GetActiveWindow@CWnd@@SAPEAV1@XZ 0000000140002fa0 f i Enterdlg.obj
 0001:00002120       ?AllocBuffer@CString@WTL@@IEAAHH@Z 0000000140003120 f i Enterdlg.obj
 0001:000021b0       ?ConcatCopy@CString@WTL@@IEAAHHPEBDH0@Z 00000001400031b0 f i Enterdlg.obj
 0001:00002260       ?memcpy_x@SecureHelper@WTL@@YAXPEAX_KPEBX1@Z 0000000140003260 f i Enterdlg.obj
 0001:000022b0       ?ConcatInPlace@CString@WTL@@IEAAXHPEBD@Z 00000001400032b0 f i Enterdlg.obj
 0001:000023a0       ?AfxEndDeferRegisterClass@CAfx@@SAHJ@Z 00000001400033a0 f i Enterdlg.obj
 0001:00002930       ?AtlThrowImpl@ATL@@YAXJ@Z  0000000140003930 f i Enterdlg.obj
 0001:00002950       ?AtlWinModuleExtractCreateWndData@ATL@@YAPEAXPEAU_ATL_WIN_MODULE70@1@@Z 0000000140003950 f i Enterdlg.obj
 0001:000029d0       ?AtlWinModuleTerm@ATL@@YAJPEAU_ATL_WIN_MODULE70@1@PEAUHINSTANCE__@@@Z 00000001400039d0 f i Enterdlg.obj
 0001:00002ab0       ?_AtlInitializeCriticalSectionEx@ATL@@YAHPEAU_RTL_CRITICAL_SECTION@@KK@Z 0000000140003ab0 f i Enterdlg.obj
 0001:00002ac0       ??0CAtlWinModule@ATL@@QEAA@XZ 0000000140003ac0 f i Enterdlg.obj
 0001:00002b60       ?Init@CDynamicStdCallThunk@ATL@@QEAAH_KPEAX@Z 0000000140003b60 f i Enterdlg.obj
 0001:00002bf0       ?AfxWindowProc@CWMHnd@@SA_JPEAUHWND__@@I_K_J@Z 0000000140003bf0 f i Enterdlg.obj
 0001:00002c50       ?GetActivePane@CSplitterWnd@@UEAAPEAVCWnd@@AEAH0@Z 0000000140003c50 f i Splitter.obj
 0001:00002c50       ?IsTabbedMDIChild@CMDIChildWnd@@UEAAHXZ 0000000140003c50 f i Splitter.obj
 0001:00002c50       ?ExitInstance@CWinApp@@UEAAHXZ 0000000140003c50 f i Viewex.obj
 0001:00002c50       ?OnScroll@CView@@UEAAHIIH@Z 0000000140003c50 f i Inputvw.obj
 0001:00002c50       ?PreTranslateMessage@CWMHnd@@UEAAHPEAUtagMSG@@@Z 0000000140003c50 f i Enterdlg.obj
 0001:00002c50       ?GetScrollBarCtrl@CWMHnd@@UEBAPEAVCScrollBarMTL@@H@Z 0000000140003c50 f i Enterdlg.obj
 0001:00002c50       ?GetDefaultAccelerator@CDocument@@UEAAPEAUHACCEL__@@XZ 0000000140003c50 f i Maindoc.obj
 0001:00002c50       ?OnFileNameOK@CFileDialogMTL@@UEAAHXZ 0000000140003c50 f i Maindoc.obj
 0001:00002c50       ?OnScrollBy@CView@@UEAAHVCSize@WTL@@H@Z 0000000140003c50 f i Inputvw.obj
 0001:00002c50       ?IsFrameWnd@CWMHnd@@UEAAHXZ 0000000140003c50 f i Enterdlg.obj
 0001:00002c50       ?OnShareViolation@CFileDialogMTL@@UEAAIPEBD@Z 0000000140003c50 f i Maindoc.obj
 0001:00002c50       ?_ProcessWindowMessage@CCmdTarget@@UEAAHPEAUHWND__@@I_K_JAEA_J@Z 0000000140003c50 f i Enterdlg.obj
 0001:00002c60       ?OnCmdMsg@CCmdTarget@@UEAAHIHPEAXPEAUAFX_CMDHANDLERINFO@@@Z 0000000140003c60 f i Enterdlg.obj
 0001:00002da0       ??_ECWMHnd@@UEAAPEAXI@Z    0000000140003da0 f i * CIL library *:* CIL module *
 0001:00002da0       ??_GCWMHnd@@UEAAPEAXI@Z    0000000140003da0 f i Enterdlg.obj
 0001:00002e20       ?CalcWindowRect@CWMHnd@@UEAAXPEAUtagRECT@@I@Z 0000000140003e20 f i Enterdlg.obj
 0001:00002e90       ?FromHandle@?$CHandleList@PEAUHMENU__@@VCMenuMTL@@PEAUHWND__@@@@QEAAPEAVCMenuMTL@@QEAUHMENU__@@PEAV2@QEAUHWND__@@Q6APEAXPEAX3@Z@Z 0000000140003e90 f i Enterdlg.obj
 0001:00002f70       ??_GCMenuMTL@@UEAAPEAXI@Z  0000000140003f70 f i Enterdlg.obj
 0001:00002f70       ??_ECMenuMTL@@UEAAPEAXI@Z  0000000140003f70 f i * CIL library *:* CIL module *
 0001:00003000       ??1?$CMenuT@$00@WTL@@QEAA@XZ 0000000140004000 f i Enterdlg.obj
 0001:00003030       ??1CMenuMTL@@UEAA@XZ       0000000140004030 f i Enterdlg.obj
 0001:000030a0       ?classHandleFuncCMenuMTL@CMenuMTL@@SAPEAXPEAX0@Z 00000001400040a0 f i Enterdlg.obj
 0001:00003100       ?GetMenu@CWMHnd@@UEBAPEAVCMenuMTL@@XZ 0000000140004100 f i Enterdlg.obj
 0001:00003140       ?SetMenu@CWMHnd@@UEAAHPEAVCMenuMTL@@@Z 0000000140004140 f i Enterdlg.obj
 0001:00003160       ?GetCurrentMessage@CCmdTarget@@UEBAPEBU_ATL_MSG@ATL@@XZ 0000000140004160 f i Enterdlg.obj
 0001:00003170       ?OnInitDialog@CWMHnd@@UEAAHXZ 0000000140004170 f i Enterdlg.obj
 0001:00003170       ?OnCancel@CCommonDialog@@UEAAXXZ 0000000140004170 f i Maindoc.obj
 0001:000031a0       ??1CWndProcThunk@ATL@@QEAA@XZ 00000001400041a0 f i Enterdlg.obj
 0001:000031b0       ?RemoveHandle@?$CHandleHashList@PEAUHWND__@@VCWMHnd@@PEAU1@$0BB@@@QEAAPEAUHWND__@@QEAU2@@Z 00000001400041b0 f i Enterdlg.obj
 0001:00003270       ?RemoveOwner@?$CHandleHashList@PEAUHWND__@@VCWMHnd@@PEAU1@$0BB@@@QEAAHQEAUHWND__@@@Z 0000000140004270 f i Enterdlg.obj
 0001:00003330       ?RemoveOwner@?$CHandleList@PEAXXPEAUHWND__@@@@QEAAHQEAUHWND__@@@Z 0000000140004330 f i Enterdlg.obj
 0001:00003330       ?RemoveOwner@?$CHandleList@PEAUHDC__@@VCDCMTL@@PEAUHWND__@@@@QEAAHQEAUHWND__@@@Z 0000000140004330 f i Enterdlg.obj
 0001:00003330       ?RemoveOwner@?$CHandleList@PEAXVCGdiObject@@PEAUHWND__@@@@QEAAHQEAUHWND__@@@Z 0000000140004330 f i Enterdlg.obj
 0001:00003330       ?RemoveOwner@?$CHandleList@PEAUHMENU__@@VCMenuMTL@@PEAUHWND__@@@@QEAAHQEAUHWND__@@@Z 0000000140004330 f i Enterdlg.obj
 0001:000033c0       ?RemoveHandleWnd@CModuleThreadState@@QEAAPEAUHWND__@@PEAU2@@Z 00000001400043c0 f i Enterdlg.obj
 0001:00003460       ?classHandleFuncCWMHnd@CWMHnd@@SAPEAXPEAX0@Z 0000000140004460 f i Enterdlg.obj
 0001:000034e0       ?SubclassWindow@CWMHnd@@QEAAHPEAUHWND__@@PEAUtagCREATESTRUCTA@@@Z 00000001400044e0 f i Enterdlg.obj
 0001:00003590       ?CbtFilterHook@CWnd@@SA_JH_K_J@Z 0000000140004590 f i Enterdlg.obj
 0001:00003630       ?HookWindowCreate@CWnd@@SAHPEAV1@G@Z 0000000140004630 f i Enterdlg.obj
 0001:000036e0       ?CenterWindow@CWindow@ATL@@QEAAHPEAUHWND__@@@Z 00000001400046e0 f i Enterdlg.obj
 0001:000038c0       ?DefWindowProcA@CWMHnd@@UEAA_JI_K_J@Z 00000001400048c0 f i Enterdlg.obj
 0001:000038f0       ?WindowProc@CWMHnd@@UEAA_JI_K_J@Z 00000001400048f0 f i Enterdlg.obj
 0001:00003900       ?SendMessageToDescendants@CWnd@@QEAAXPEAUHWND__@@I_K_JHH@Z 0000000140004900 f i Enterdlg.obj
 0001:00003ae0       ?ExecuteDlgInit@CWnd@@QEAAHPEAX@Z 0000000140004ae0 f i Enterdlg.obj
 0001:00003bf0       ?ExecuteDlgInit@CWnd@@QEAAHPEBD@Z 0000000140004bf0 f i Enterdlg.obj
 0001:00003c90       ?EndModalLoop@CWnd@@UEAAXH@Z 0000000140004c90 f i Enterdlg.obj
 0001:00003cc0       ?OnInitDialog@CDialog@@UEAAHXZ 0000000140004cc0 f i Enterdlg.obj
 0001:00003d70       ?AfxDlgProc@CWnd@@SA_JPEAUHWND__@@I_K_J@Z 0000000140004d70 f i Enterdlg.obj
 0001:00003df0       ?CreateDlgIndirect@CWnd@@QEAAHPEBUDLGTEMPLATE@@PEAV1@PEAUHINSTANCE__@@@Z 0000000140004df0 f i Enterdlg.obj
 0001:00003ea0       ?CreateDlg@CWnd@@QEAAHPEBDPEAV1@@Z 0000000140004ea0 f i Enterdlg.obj
 0001:00003f40       ?Create@CDialog@@UEAAHPEBDPEAVCWnd@@@Z 0000000140004f40 f i Enterdlg.obj
 0001:00003f90       ?FromHandle@?$CHandleHashList@PEAUHWND__@@VCWMHnd@@PEAU1@$0BB@@@QEAAPEAVCWMHnd@@QEAUHWND__@@PEAV2@0Q6APEAXPEAX2@Z@Z 0000000140004f90 f i Enterdlg.obj
 0001:000040d0       ?FromHandlePermanent@CWnd@@SAPEAV1@PEAUHWND__@@@Z 00000001400050d0 f i Enterdlg.obj
 0001:00004140       ??1?$CList@PEAVCFrameWnd@@AEBQEAV1@@@QEAA@XZ 0000000140005140 f i Viewex.obj
 0001:00004140       ??1?$CList@PEAXPEAX@@QEAA@XZ 0000000140005140 f i Inputvw.obj
 0001:00004140       ??1?$CList@PEAUHWND__@@PEAU1@@@QEAA@XZ 0000000140005140 f i Splitter.obj
 0001:00004140       ??1?$CList@PEAUCRuntimeClass@@AEBQEAU1@@@QEAA@XZ 0000000140005140 f i Enterdlg.obj
 0001:00004170       ??1CString@WTL@@QEAA@XZ    0000000140005170 f i Enterdlg.obj
 0001:00004170       ??1CStringW@@QEAA@XZ       0000000140005170 f i Maindoc.obj
 0001:000041a0       ??1CModuleState@@QEAA@XZ   00000001400051a0 f i Enterdlg.obj
 0001:00004220       ?AfxGetModuleState@@YAPEAVCModuleState@@XZ 0000000140005220 f i Enterdlg.obj
 0001:00004290       ?PreTranslateMessage@CWnd@@UEAAHPEAUtagMSG@@@Z 0000000140005290 f i Enterdlg.obj
 0001:000042d0       ?ContinueModal@CWnd@@UEAAHXZ 00000001400052d0 f i Enterdlg.obj
 0001:000042e0       ?IsIdleMessage@CWinApp@@SAHPEAUtagMSG@@@Z 00000001400052e0 f i Enterdlg.obj
 0001:00004310       ?RunModalLoop@CWnd@@QEAAHK@Z 0000000140005310 f i Enterdlg.obj
 0001:000044d0       ?EnableWindow@CWMHnd@@UEAAXH@Z 00000001400054d0 f i Enterdlg.obj
 0001:000044f0       ?DestroyWindow@CWnd@@UEAAHXZ 00000001400054f0 f i Enterdlg.obj
 0001:000044f0       ?DestroyWindow@CWMHnd@@UEAAHXZ 00000001400054f0 f i Enterdlg.obj
 0001:00004510       ?DoModal@CDialog@@UEAA_JXZ 0000000140005510 f i Enterdlg.obj
 0001:00004890       ?CreateObject@CInputView@@SAPEAVCObject@@XZ 0000000140005890 f   Inputvw.obj
 0001:000048d0       ?GetRuntimeClass@CInputView@@UEBAPEAUCRuntimeClass@@XZ 00000001400058d0 f   Inputvw.obj
 0001:000048e0       ??0CInputView@@IEAA@XZ     00000001400058e0 f   Inputvw.obj
 0001:00004970       ??_GCInputView@@MEAAPEAXI@Z 0000000140005970 f i Inputvw.obj
 0001:00004970       ??_ECInputView@@MEAAPEAXI@Z 0000000140005970 f i * CIL library *:* CIL module *
 0001:000049f0       ?OnUpdate@CInputView@@MEAAXPEAVCView@@_JPEAVCObject@@@Z 00000001400059f0 f   Inputvw.obj
 0001:00004ab0       ?DoDataExchange@CInputView@@MEAAXPEAVCDataExchange@@@Z 0000000140005ab0 f   Inputvw.obj
 0001:00004af0       ?_ProcessWindowMessage@CInputView@@UEAAHPEAUHWND__@@I_K_JAEA_J@Z 0000000140005af0 f i Inputvw.obj
 0001:00004b90       ?OnDataChange@CInputView@@IEAAXXZ 0000000140005b90 f   Inputvw.obj
 0001:00004c90       ?UpdateAllViews@CDocument@@QEAAXPEAVCView@@_JPEAVCObject@@@Z 0000000140005c90 f i Inputvw.obj
 0001:00004d00       ?DDX_Radio@@YAXPEAVCDataExchange@@HAEAH@Z 0000000140005d00 f i Inputvw.obj
 0001:00004de0       ??4CString@WTL@@QEAAAEAV01@AEBV01@@Z 0000000140005de0 f i Inputvw.obj
 0001:00004e70       ??1CFormView@@UEAA@XZ      0000000140005e70 f i Inputvw.obj
 0001:00004e80       ??0_AUX_DATA@@QEAA@XZ      0000000140005e80 f i Inputvw.obj
 0001:00004f90       ??0CScrollView@@QEAA@XZ    0000000140005f90 f i Inputvw.obj
 0001:00005040       ??_GCScrollView@@UEAAPEAXI@Z 0000000140006040 f i Inputvw.obj
 0001:00005040       ??_ECScrollView@@UEAAPEAXI@Z 0000000140006040 f i * CIL library *:* CIL module *
 0001:00005070       ??1CScrollView@@UEAA@XZ    0000000140006070 f i Inputvw.obj
 0001:000050e0       ?SetScaleToFitSize@CScrollView@@QEAAXUtagSIZE@@@Z 00000001400060e0 f i Inputvw.obj
 0001:00005220       ?OnHScroll@CScrollView@@QEAAXIIPEAVCScrollBarMTL@@@Z 0000000140006220 f i Inputvw.obj
 0001:000052c0       ?DoMouseWheel@CScrollView@@QEAAHIFVCPoint@WTL@@@Z 00000001400062c0 f i Inputvw.obj
 0001:00005470       ?OnVScroll@CScrollView@@QEAAXIIPEAVCScrollBarMTL@@@Z 0000000140006470 f i Inputvw.obj
 0001:00005520       ?AfxRegisterWndClass@CAfx@@SAPEBDIPEAUHICON__@@PEAUHBRUSH__@@0@Z 0000000140006520 f i Inputvw.obj
 0001:000056b0       ??_GCRgnMTL@@UEAAPEAXI@Z   00000001400066b0 f i Inputvw.obj
 0001:000056b0       ??_ECRgnMTL@@UEAAPEAXI@Z   00000001400066b0 f i * CIL library *:* CIL module *
 0001:000056b0       ??_GCBrushMTL@@UEAAPEAXI@Z 00000001400066b0 f i Simpvw.obj
 0001:000056b0       ??_ECBrushMTL@@UEAAPEAXI@Z 00000001400066b0 f i * CIL library *:* CIL module *
 0001:00005740       ??1?$CBrushT@$00@WTL@@QEAA@XZ 0000000140006740 f i Simpvw.obj
 0001:00005740       ??1?$CRgnT@$00@WTL@@QEAA@XZ 0000000140006740 f i Inputvw.obj
 0001:00005770       ??1CRgnMTL@@UEAA@XZ        0000000140006770 f i Inputvw.obj
 0001:000057e0       ?SetCapture@CWnd@@QEAAPEAV1@XZ 00000001400067e0 f i Inputvw.obj
 0001:00005960       ?Create@_AFX_MOUSEANCHORWND@@QEAAHPEAVCScrollView@@@Z 0000000140006960 f i Inputvw.obj
 0001:00005b10       ?OnPaint@_AFX_MOUSEANCHORWND@@QEAAXXZ 0000000140006b10 f i Inputvw.obj
 0001:00005c70       ?OnTimer@_AFX_MOUSEANCHORWND@@QEAAX_K@Z 0000000140006c70 f i Inputvw.obj
 0001:00005f30       ?_ProcessWindowMessage@_AFX_MOUSEANCHORWND@@UEAAHPEAUHWND__@@I_K_JAEA_J@Z 0000000140006f30 f i Inputvw.obj
 0001:00005f70       ??_G_AFX_MOUSEANCHORWND@@UEAAPEAXI@Z 0000000140006f70 f i Inputvw.obj
 0001:00005f70       ??_E_AFX_MOUSEANCHORWND@@UEAAPEAXI@Z 0000000140006f70 f i * CIL library *:* CIL module *
 0001:00005fb0       ?WindowProc@_AFX_MOUSEANCHORWND@@UEAA_JI_K_J@Z 0000000140006fb0 f i Inputvw.obj
 0001:000060c0       ?PostNcDestroy@_AFX_MOUSEANCHORWND@@UEAAXXZ 00000001400070c0 f i Inputvw.obj
 0001:000060c0       ?PostNcDestroy@CView@@UEAAXXZ 00000001400070c0 f i Inputvw.obj
 0001:000060c0       ?PostNcDestroy@CFrameWnd@@UEAAXXZ 00000001400070c0 f i Splitter.obj
 0001:000060e0       ?HandleMButtonDown@CScrollView@@QEAA_J_K_J@Z 00000001400070e0 f i Inputvw.obj
 0001:00006300       ?_ProcessWindowMessage@CScrollView@@UEAAHPEAUHWND__@@I_K_JAEA_J@Z 0000000140007300 f i Inputvw.obj
 0001:00006540       ?_ProcessWindowMessage@CFormView@@UEAAHPEAUHWND__@@I_K_JAEA_J@Z 0000000140007540 f i Inputvw.obj
 0001:00006890       ?AddView@CDocument@@QEAAXPEAVCView@@@Z 0000000140007890 f i Inputvw.obj
 0001:00006930       ?OnDestroy@CView@@QEAAXXZ  0000000140007930 f i Inputvw.obj
 0001:000069e0       ?OnMouseActivate@CView@@QEAAHPEAVCWnd@@II@Z 00000001400079e0 f i Inputvw.obj
 0001:00006ab0       ??_GCPaintDCMTL@@UEAAPEAXI@Z 0000000140007ab0 f i Inputvw.obj
 0001:00006ab0       ??_ECPaintDCMTL@@UEAAPEAXI@Z 0000000140007ab0 f i * CIL library *:* CIL module *
 0001:00006ae0       ??1CPaintDCMTL@@UEAA@XZ    0000000140007ae0 f i Inputvw.obj
 0001:00006b60       ?OnPaint@CView@@QEAAXXZ    0000000140007b60 f i Inputvw.obj
 0001:00006c90       ?OnPrintClient@CView@@QEAA_JPEAVCDCMTL@@I@Z 0000000140007c90 f i Inputvw.obj
 0001:00006cf4       ??_9CView@@$BBBI@AA        0000000140007cf4 f i Inputvw.obj
 0001:00006d00       ?_ProcessWindowMessage@CView@@UEAAHPEAUHWND__@@I_K_JAEA_J@Z 0000000140007d00 f i Inputvw.obj
 0001:00006f00       ?OnCmdMsg@CView@@UEAAHIHPEAXPEAUAFX_CMDHANDLERINFO@@@Z 0000000140007f00 f i Inputvw.obj
 0001:00006f80       ??_GCColorView@@UEAAPEAXI@Z 0000000140007f80 f i Simpvw.obj
 0001:00006f80       ??_ECTextView@@UEAAPEAXI@Z 0000000140007f80 f i * CIL library *:* CIL module *
 0001:00006f80       ??_ECView@@UEAAPEAXI@Z     0000000140007f80 f i * CIL library *:* CIL module *
 0001:00006f80       ??_GCView@@UEAAPEAXI@Z     0000000140007f80 f i Inputvw.obj
 0001:00006f80       ??_GCTextView@@UEAAPEAXI@Z 0000000140007f80 f i Simpvw.obj
 0001:00006f80       ??_ECColorView@@UEAAPEAXI@Z 0000000140007f80 f i * CIL library *:* CIL module *
 0001:00006fe0       ?GetParentFrame@CWnd@@QEAAPEAVCFrameWnd@@XZ 0000000140007fe0 f i Inputvw.obj
 0001:00006fe0       ?EnsureParentFrame@CWnd@@QEAAPEAVCFrameWnd@@XZ 0000000140007fe0 f i Inputvw.obj
 0001:00007040       ??1CDocument@@QEAA@XZ      0000000140008040 f i Inputvw.obj
 0001:00007130       ?OnCloseDocument@CDocument@@QEAAXXZ 0000000140008130 f i Inputvw.obj
 0001:00007210       ?UpdateFrameCounts@CDocument@@QEAAXXZ 0000000140008210 f i Inputvw.obj
 0001:000073d0       ?RemoveView@CDocument@@QEAAXPEAVCView@@@Z 00000001400083d0 f i Inputvw.obj
 0001:00007480       ??1CView@@UEAA@XZ          0000000140008480 f i Inputvw.obj
 0001:000074c0       ?GetTopLevelFrame@CWnd@@QEAAPEAVCFrameWnd@@XZ 00000001400084c0 f i Inputvw.obj
 0001:00007590       ?PreTranslateMessage@CFormView@@UEAAHPEAUtagMSG@@@Z 0000000140008590 f i Inputvw.obj
 0001:000076c0       ??_ECWindowDCMTL@@UEAAPEAXI@Z 00000001400086c0 f i * CIL library *:* CIL module *
 0001:000076c0       ??_GCWindowDCMTL@@UEAAPEAXI@Z 00000001400086c0 f i Inputvw.obj
 0001:000076f0       ??1CWindowDCMTL@@UEAA@XZ   00000001400086f0 f i Inputvw.obj
 0001:00007770       ?GetScrollBarState@CScrollView@@QEAAXVCSize@WTL@@AEAV23@1AEAVCPoint@3@H@Z 0000000140008770 f i Inputvw.obj
 0001:00007910       ?ScrollToDevicePosition@CScrollView@@QEAAXUtagPOINT@@@Z 0000000140008910 f i Inputvw.obj
 0001:00007a20       ?EnableScrollBarCtrl@CWMHnd@@QEAAXHH@Z 0000000140008a20 f i Inputvw.obj
 0001:00007aa0       ?UpdateBars@CScrollView@@QEAAXXZ 0000000140008aa0 f i Inputvw.obj
 0001:00007e70       ?SetScrollSizes@CScrollView@@QEAAXHUtagSIZE@@AEBU2@1@Z 0000000140008e70 f i Inputvw.obj
 0001:00008090       ?Create@CFormView@@UEAAHPEBD0KAEBUtagRECT@@PEAVCWnd@@IPEAUCCreateContext@@@Z 0000000140009090 f i Inputvw.obj
 0001:000082d0       ?PreCreateWindow@CView@@UEAAHAEAUtagCREATESTRUCTA@@@Z 00000001400092d0 f i Inputvw.obj
 0001:00008320       ?OnActivateFrame@CFormView@@UEAAXIPEAVCFrameWnd@@@Z 0000000140009320 f i Inputvw.obj
 0001:00008370       ?OnActivateView@CFormView@@UEAAXHPEAVCView@@0@Z 0000000140009370 f i Inputvw.obj
 0001:00008400       ?SetActiveView@CFrameWnd@@QEAAXPEAVCView@@H@Z 0000000140009400 f i Inputvw.obj
 0001:000084a0       ?GetOwner@CWnd@@QEAAPEAV1@XZ 00000001400094a0 f i Inputvw.obj
 0001:00008630       ?GetTopLevelParent@CWnd@@QEAAPEAV1@XZ 0000000140009630 f i Inputvw.obj
 0001:00008870       ?GetForegroundWindow@CWnd@@SAPEAV1@XZ 0000000140009870 f i Inputvw.obj
 0001:000089f0       ?GetLastActivePopup@CWnd@@QEAAPEAV1@XZ 00000001400099f0 f i Inputvw.obj
 0001:00008b70       ?OnActivateView@CView@@UEAAXHPEAV1@0@Z 0000000140009b70 f i Inputvw.obj
 0001:00008bb0       ?OnEndPrintPreview@CView@@UEAAXPEAVCDCMTL@@PEAUCPrintInfo@@UtagPOINT@@PEAVCPreviewView@@@Z 0000000140009bb0 f i Inputvw.obj
 0001:00008d90       ?OnInitialUpdate@CView@@UEAAXXZ 0000000140009d90 f i Inputvw.obj
 0001:00008db0       ?OnInitialUpdate@CFormView@@UEAAXXZ 0000000140009db0 f i Inputvw.obj
 0001:00008e20       ?OnPrint@CView@@UEAAXPEAVCDCMTL@@PEAUCPrintInfo@@@Z 0000000140009e20 f i Inputvw.obj
 0001:00008e30       ?OnPrepareDC@CView@@UEAAXPEAVCDCMTL@@PEAUCPrintInfo@@@Z 0000000140009e30 f i Inputvw.obj
 0001:00008e60       ?OnPrepareDC@CScrollView@@UEAAXPEAVCDCMTL@@PEAUCPrintInfo@@@Z 0000000140009e60 f i Inputvw.obj
 0001:000090e0       ?OnPreparePrinting@CView@@UEAAHPEAUCPrintInfo@@@Z 000000014000a0e0 f i Inputvw.obj
 0001:000090e0       ?IsFrameWnd@CFrameWnd@@UEAAHXZ 000000014000a0e0 f i Splitter.obj
 0001:000090e0       ?InitInstance@CWinApp@@UEAAHXZ 000000014000a0e0 f i Viewex.obj
 0001:000090f0       ?OnScroll@CScrollView@@UEAAHIIH@Z 000000014000a0f0 f i Inputvw.obj
 0001:00009290       ?GetScrollLimit@CWMHnd@@QEAAHH@Z 000000014000a290 f i Inputvw.obj
 0001:00009370       ?ScrollWindow@CWMHnd@@QEAAXHHPEBUtagRECT@@0@Z 000000014000a370 f i Inputvw.obj
 0001:000094a0       ?OnScrollBy@CScrollView@@UEAAHVCSize@WTL@@H@Z 000000014000a4a0 f i Inputvw.obj
 0001:00009690       ?OnUpdate@CView@@UEAAXPEAV1@_JPEAVCObject@@@Z 000000014000a690 f i Inputvw.obj
 0001:000096b0       ?CCalcWindowRect@CScrollView@@UEAAXPEAUtagRECT@@I@Z 000000014000a6b0 f i Inputvw.obj
 0001:000097f0       ?GetWheelScrollDistance@CScrollView@@UEAA?AVCSize@WTL@@V23@HH@Z 000000014000a7f0 f i Inputvw.obj
 0001:00009850       ?CreateObject@CMainDoc@@SAPEAVCObject@@XZ 000000014000a850 f   Maindoc.obj
 0001:000098d0       ?GetRuntimeClass@CMainDoc@@UEBAPEAUCRuntimeClass@@XZ 000000014000a8d0 f   Maindoc.obj
 0001:000098e0       ?_ProcessWindowMessage@CMainDoc@@UEAAHPEAUHWND__@@I_K_JAEA_J@Z 000000014000a8e0 f i Maindoc.obj
 0001:00009940       ??_ECMainDoc@@UEAAPEAXI@Z  000000014000a940 f i * CIL library *:* CIL module *
 0001:00009940       ??_GCMainDoc@@UEAAPEAXI@Z  000000014000a940 f i Maindoc.obj
 0001:000099c0       ?OnNewDocument@CMainDoc@@MEAAHXZ 000000014000a9c0 f   Maindoc.obj
 0001:00009a30       ?OnChangeData@CMainDoc@@IEAAXXZ 000000014000aa30 f   Maindoc.obj
 0001:00009cd0       ?OnOpenDocument@CDocument@@UEAAHPEBD@Z 000000014000acd0 f i Maindoc.obj
 0001:00009f70       ?OnCmdMsg@CDocument@@UEAAHIHPEAXPEAUAFX_CMDHANDLERINFO@@@Z 000000014000af70 f i Maindoc.obj
 0001:00009ff0       ?AfxFormatStrings@CAfx@@SAXAEAVCString@WTL@@PEBDPEBQEBDH@Z 000000014000aff0 f i Maindoc.obj
 0001:0000a180       ?ShowAppMessageBox@CWinApp@@SAHPEAV1@PEBDII@Z 000000014000b180 f i Maindoc.obj
 0001:0000a2f0       ?SaveModified@CDocument@@UEAAHXZ 000000014000b2f0 f i Maindoc.obj
 0001:0000a6d0       ?DoFileSave@CDocument@@QEAAHXZ 000000014000b6d0 f i Maindoc.obj
 0001:0000a720       ?OnFileSave@CDocument@@QEAAXXZ 000000014000b720 f i Maindoc.obj
 0001:0000a760       ?_AfxCommDlgProc@CCommonDialog@@SA_KPEAUHWND__@@I_K_J@Z 000000014000b760 f i Maindoc.obj
 0001:0000aab0       ??0CFileDialogMTL@@QEAA@HPEBD0K0PEAVCWnd@@KH@Z 000000014000bab0 f i Maindoc.obj
 0001:0000acd0       ??_ECFileDialogMTL@@UEAAPEAXI@Z 000000014000bcd0 f i * CIL library *:* CIL module *
 0001:0000acd0       ??_GCFileDialogMTL@@UEAAPEAXI@Z 000000014000bcd0 f i Maindoc.obj
 0001:0000ad00       ?OnNotify@CFileDialogMTL@@UEAAH_K_JPEA_J@Z 000000014000bd00 f i Maindoc.obj
 0001:0000aea0       ?OnOK@CCommonDialog@@UEAAXXZ 000000014000bea0 f i Maindoc.obj
 0001:0000af20       ?OnInitDone@CFileDialogMTL@@UEAAXXZ 000000014000bf20 f i Maindoc.obj
 0001:0000af40       ??1CFileDialogMTL@@UEAA@XZ 000000014000bf40 f i Maindoc.obj
 0001:0000afd0       ?Tokenize@CAfx@@SA?AVCString@WTL@@AEAV23@PEADAEAH@Z 000000014000bfd0 f i Maindoc.obj
 0001:0000b0a0       ?Tokenize@@YA?AVCString@WTL@@AEAV12@PEADAEAH@Z 000000014000c0a0 f i Maindoc.obj
 0001:0000b0c0       ?AllocCopy@CString@WTL@@IEBAHAEAV12@HHH@Z 000000014000c0c0 f i Maindoc.obj
 0001:0000b180       ?Mid@CString@WTL@@QEBA?AV12@HH@Z 000000014000c180 f i Maindoc.obj
 0001:0000b200       ?Mid@CString@WTL@@QEBA?AV12@H@Z 000000014000c200 f i Maindoc.obj
 0001:0000b230       ?_AfxAppendFilterSuffix@@YAXAEAVCString@WTL@@AEAUtagOFNA@@PEAVCDocTemplate@@PEAV12@@Z 000000014000c230 f i Maindoc.obj
 0001:0000b460       ??0CStringW@@QEAA@PEBD@Z   000000014000c460 f i Maindoc.obj
 0001:0000b550       ??4CStringW@@QEAAAEAVCString@WTL@@PEBD@Z 000000014000c550 f i Maindoc.obj
 0001:0000b660       ?ApplyOFNToShellDialog@CFileDialogMTL@@QEAAXXZ 000000014000c660 f i Maindoc.obj
 0001:0000bd10       ??0CString@WTL@@QEAA@PEB_W@Z 000000014000cd10 f i Maindoc.obj
 0001:0000bdf0       ??4CString@WTL@@QEAAAEAV01@PEB_W@Z 000000014000cdf0 f i Maindoc.obj
 0001:0000bef0       ?GetPathName@CFileDialogMTL@@QEAA?AVCString@WTL@@XZ 000000014000cef0 f i Maindoc.obj
 0001:0000c1c0       ?UpdateOFNFromShellDialog@CFileDialogMTL@@UEAAXXZ 000000014000d1c0 f i Maindoc.obj
 0001:0000c8a0       ?DoModal@CFileDialogMTL@@UEAA_JXZ 000000014000d8a0 f i Maindoc.obj
 0001:0000ca80       ?DoPromptFileName@CDocManager@@QEAAHAEAVCString@WTL@@IKHPEAVCDocTemplate@@@Z 000000014000da80 f i Maindoc.obj
 0001:0000d0a0       ?GetFile@CDocument@@QEAAPEAVCFile@@PEBDIPEAVCFileException@@@Z 000000014000e0a0 f i Maindoc.obj
 0001:0000d140       ??0CArchive@@QEAA@PEAVCFile@@IHPEAX@Z 000000014000e140 f i Maindoc.obj
 0001:0000d220       ??1CArchive@@QEAA@XZ       000000014000e220 f i Maindoc.obj
 0001:0000d250       ??1CWaitCursor@@QEAA@XZ    000000014000e250 f i Maindoc.obj
 0001:0000d2b0       ?Abort@CFile@@UEAAXXZ      000000014000e2b0 f i Maindoc.obj
 0001:0000d2e0       ?AfxThrowInvalidArgException@@YAXXZ 000000014000e2e0 f i Maindoc.obj
 0001:0000d380       ??0CTime@@QEAA@AEBU_FILETIME@@H@Z 000000014000e380 f i Maindoc.obj
 0001:0000d470       ?GetStatus@CFile@@QEBAHAEAUCFileStatus@@@Z 000000014000e470 f i Maindoc.obj
 0001:0000d630       ?LoadStringA@CString@WTL@@QEAAHI@Z 000000014000e630 f i Maindoc.obj
 0001:0000d780       ??0CString@WTL@@QEAA@PEBD@Z 000000014000e780 f i Maindoc.obj
 0001:0000d840       ?GetFilePath@CFile@@UEBA?AVCString@WTL@@XZ 000000014000e840 f i Maindoc.obj
 0001:0000d8b0       ?GetLength@CFile@@UEBA_KXZ 000000014000e8b0 f i Maindoc.obj
 0001:0000d900       ?Open@CFile@@UEAAHPEBDIPEAVCFileException@@@Z 000000014000e900 f i Maindoc.obj
 0001:0000dac0       ?Write@CFile@@UEAAXPEBXI@Z 000000014000eac0 f i Maindoc.obj
 0001:0000dbb0       ?Seek@CFile@@UEAA_K_JI@Z   000000014000ebb0 f i Maindoc.obj
 0001:0000dc10       ?Empty@CString@WTL@@QEAAXXZ 000000014000ec10 f i Maindoc.obj
 0001:0000dc90       ?Close@CFile@@UEAAXXZ      000000014000ec90 f i Maindoc.obj
 0001:0000dd40       ??_GCFile@@QEAAPEAXI@Z     000000014000ed40 f i Maindoc.obj
 0001:0000ddb0       ?ReleaseFile@CDocument@@UEAAXPEAVCFile@@H@Z 000000014000edb0 f i Maindoc.obj
 0001:0000ddf0       ?SetModifiedFlag@CDocument@@UEAAXH@Z 000000014000edf0 f i Maindoc.obj
 0001:0000de00       ?OnSaveDocument@CDocument@@UEAAHPEBD@Z 000000014000ee00 f i Maindoc.obj
 0001:0000e000       ?_AfxFullPath2@CAfx@@SAHPEADPEBDPEAVCFileException@@@Z 000000014000f000 f i Maindoc.obj
 0001:0000e1e0       ?AfxGetFileTitle@CAfx@@SAIPEBDPEADI@Z 000000014000f1e0 f i Maindoc.obj
 0001:0000e290       ?GetFirstViewPosition@CDocument@@UEBAPEAU__POSITION@@XZ 000000014000f290 f i Maindoc.obj
 0001:0000e2a0       ?GetNextView@CDocument@@UEBAPEAVCView@@AEAPEAU__POSITION@@@Z 000000014000f2a0 f i Maindoc.obj
 0001:0000e2c0       ?SetTitle@CDocument@@UEAAXPEBD@Z 000000014000f2c0 f i Maindoc.obj
 0001:0000e310       ?SetPathName@CDocument@@UEAAXPEBDH@Z 000000014000f310 f i Maindoc.obj
 0001:0000e3d0       ?DoSave@CDocument@@UEAAHPEBDH@Z 000000014000f3d0 f i Maindoc.obj
 0001:0000e950       ?_ProcessWindowMessage@CDocument@@UEAAHPEAUHWND__@@I_K_JAEA_J@Z 000000014000f950 f i Maindoc.obj
 0001:0000ea60       ??0CFileException@@QEAA@HJPEBD@Z 000000014000fa60 f i Maindoc.obj
 0001:0000eae0       ?OsErrorToException@CFileException@@SAHJ@Z 000000014000fae0 f i Maindoc.obj
 0001:0000ec90       ?ThrowOsError@CFileException@@SAXJPEBD@Z 000000014000fc90 f i Maindoc.obj
 0001:0000ed00       ?Read@CFile@@UEAAIPEAXI@Z  000000014000fd00 f i Maindoc.obj
 0001:0000ed50       ?AfxThrowMemoryException@@YAXXZ 000000014000fd50 f i Maindoc.obj
 0001:0000edf0       ?AfxClassInit@@YAXPEAUCRuntimeClass@@@Z 000000014000fdf0 f i Maindoc.obj
 0001:0000ee70       ?CreateObject@CTextView@@SAPEAVCObject@@XZ 000000014000fe70 f   Simpvw.obj
 0001:0000eec0       ?GetRuntimeClass@CTextView@@UEBAPEAUCRuntimeClass@@XZ 000000014000fec0 f   Simpvw.obj
 0001:0000eed0       ?_ProcessWindowMessage@CTextView@@UEAAHPEAUHWND__@@I_K_JAEA_J@Z 000000014000fed0 f i Simpvw.obj
 0001:0000eed0       ?_ProcessWindowMessage@CColorView@@UEAAHPEAUHWND__@@I_K_JAEA_J@Z 000000014000fed0 f i Simpvw.obj
 0001:0000ef50       ?OnDraw@CTextView@@UEAAXPEAVCDCMTL@@@Z 000000014000ff50 f   Simpvw.obj
 0001:0000f060       ?CreateObject@CColorView@@SAPEAVCObject@@XZ 0000000140010060 f   Simpvw.obj
 0001:0000f0b0       ?GetRuntimeClass@CColorView@@UEBAPEAUCRuntimeClass@@XZ 00000001400100b0 f   Simpvw.obj
 0001:0000f0c0       ?OnDraw@CColorView@@UEAAXPEAVCDCMTL@@@Z 00000001400100c0 f   Simpvw.obj
 0001:0000f190       ?CreateObject@CSplitterFrame@@SAPEAVCObject@@XZ 0000000140010190 f   Splitter.obj
 0001:0000f200       ?GetRuntimeClass@CSplitterFrame@@UEBAPEAUCRuntimeClass@@XZ 0000000140010200 f   Splitter.obj
 0001:0000f210       ??_ECSplitterFrame@@UEAAPEAXI@Z 0000000140010210 f i * CIL library *:* CIL module *
 0001:0000f210       ??_GCSplitterFrame@@UEAAPEAXI@Z 0000000140010210 f i Splitter.obj
 0001:0000f240       ??1CSplitterFrame@@UEAA@XZ 0000000140010240 f   Splitter.obj
 0001:0000f2b0       ?OnCreateClient@CSplitterFrame@@UEAAHPEAUtagCREATESTRUCTA@@PEAUCCreateContext@@@Z 00000001400102b0 f   Splitter.obj
 0001:0000f3b0       ?_ProcessWindowMessage@CSplitterFrame@@UEAAHPEAUHWND__@@I_K_JAEA_J@Z 00000001400103b0 f i Splitter.obj
 0001:0000f3b0       ?_ProcessWindowMessage@C3WaySplitterFrame@@UEAAHPEAUHWND__@@I_K_JAEA_J@Z 00000001400103b0 f i Splitter.obj
 0001:0000f3c0       ?CreateObject@C3WaySplitterFrame@@SAPEAVCObject@@XZ 00000001400103c0 f   Splitter.obj
 0001:0000f400       ?GetRuntimeClass@C3WaySplitterFrame@@UEBAPEAUCRuntimeClass@@XZ 0000000140010400 f   Splitter.obj
 0001:0000f410       ??0C3WaySplitterFrame@@IEAA@XZ 0000000140010410 f   Splitter.obj
 0001:0000f480       ??_EC3WaySplitterFrame@@UEAAPEAXI@Z 0000000140010480 f i * CIL library *:* CIL module *
 0001:0000f480       ??_GC3WaySplitterFrame@@UEAAPEAXI@Z 0000000140010480 f i Splitter.obj
 0001:0000f4b0       ??1C3WaySplitterFrame@@UEAA@XZ 00000001400104b0 f   Splitter.obj
 0001:0000f560       ?OnCreateClient@C3WaySplitterFrame@@UEAAHPEAUtagCREATESTRUCTA@@PEAUCCreateContext@@@Z 0000000140010560 f   Splitter.obj
 0001:0000f6c0       ?GetRuntimeClass@CViewExSplitWnd@@UEBAPEAUCRuntimeClass@@XZ 00000001400106c0 f   Splitter.obj
 0001:0000f6d0       ??_GCSplitterWnd@@UEAAPEAXI@Z 00000001400106d0 f i Splitter.obj
 0001:0000f6d0       ??_ECViewExSplitWnd@@UEAAPEAXI@Z 00000001400106d0 f i * CIL library *:* CIL module *
 0001:0000f6d0       ??_GCViewExSplitWnd@@UEAAPEAXI@Z 00000001400106d0 f i Splitter.obj
 0001:0000f6d0       ??_ECSplitterWnd@@UEAAPEAXI@Z 00000001400106d0 f i * CIL library *:* CIL module *
 0001:0000f740       ??1CViewExSplitWnd@@UEAA@XZ 0000000140010740 f   Splitter.obj
 0001:0000f790       ?GetActivePane@CViewExSplitWnd@@UEAAPEAVCWnd@@PEAH0@Z 0000000140010790 f   Splitter.obj
 0001:0000f7f0       ?OnHScroll@CSplitterWnd@@QEAAXIIPEAVCScrollBarMTL@@@Z 00000001400107f0 f i Splitter.obj
 0001:0000f8d0       ?OnKeyDown@CSplitterWnd@@QEAAXIII@Z 00000001400108d0 f i Splitter.obj
 0001:0000faa0       ?OnLButtonDblClk@CSplitterWnd@@QEAAXIVCPoint@WTL@@@Z 0000000140010aa0 f i Splitter.obj
 0001:0000fc60       ?GetCapture@CWnd@@SAPEAV1@XZ 0000000140010c60 f i Splitter.obj
 0001:0000fde0       ?OnMouseMove@CSplitterWnd@@QEAAXIVCPoint@WTL@@@Z 0000000140010de0 f i Splitter.obj
 0001:0000fff0       ?OnMouseWheel@CSplitterWnd@@QEAAHIFVCPoint@WTL@@@Z 0000000140010ff0 f i Splitter.obj
 0001:00010200       ?OnNcCreate@CSplitterWnd@@QEAAHPEAUtagCREATESTRUCTA@@@Z 0000000140011200 f i Splitter.obj
 0001:000102a0       ?OnPaint@CSplitterWnd@@QEAAXXZ 00000001400112a0 f i Splitter.obj
 0001:000103c0       ?OnSysCommand@CSplitterWnd@@QEAAXI_J@Z 00000001400113c0 f i Splitter.obj
 0001:00010450       ?OnVScroll@CSplitterWnd@@QEAAXIIPEAVCScrollBarMTL@@@Z 0000000140011450 f i Splitter.obj
 0001:00010530       ?_ProcessWindowMessage@CSplitterWnd@@UEAAHPEAUHWND__@@I_K_JAEA_J@Z 0000000140011530 f i Splitter.obj
 0001:00010960       ?OnCommand@CSplitterWnd@@UEAAH_K_J@Z 0000000140011960 f i Splitter.obj
 0001:00010a20       ?OnNotify@CSplitterWnd@@UEAAH_K_JPEA_J@Z 0000000140011a20 f i Splitter.obj
 0001:00010ac0       ?OnDraw@CSplitterWnd@@UEAAXPEAVCDCMTL@@@Z 0000000140011ac0 f i Splitter.obj
 0001:00010c00       ?CanActivateNext@CSplitterWnd@@UEAAHH@Z 0000000140011c00 f i Splitter.obj
 0001:00010c50       ?Create@CSplitterWnd@@UEAAHPEAVCWnd@@HHUtagSIZE@@PEAUCCreateContext@@KI@Z 0000000140011c50 f i Splitter.obj
 0001:00010d00       ?AfxThrowResourceException@@YAXXZ 0000000140011d00 f i Splitter.obj
 0001:00010da0       ?SetScrollStyle@CSplitterWnd@@QEAAXK@Z 0000000140011da0 f i Splitter.obj
 0001:00010f70       ?CreateCommon@CSplitterWnd@@QEAAHPEAVCWnd@@UtagSIZE@@KI@Z 0000000140011f70 f i Splitter.obj
 0001:00011120       ?CreateStatic@CSplitterWnd@@UEAAHPEAVCWnd@@HHKI@Z 0000000140012120 f i Splitter.obj
 0001:00011170       ?DoKeyboardSplit@CSplitterWnd@@UEAAHXZ 0000000140012170 f i Splitter.obj
 0001:00011320       ?DoScroll@CSplitterWnd@@UEAAHPEAVCView@@IH@Z 0000000140012320 f i Splitter.obj
 0001:00011570       ?DoScrollBy@CSplitterWnd@@UEAAHPEAVCView@@VCSize@WTL@@H@Z 0000000140012570 f i Splitter.obj
 0001:00011790       ?HitTest@CSplitterWnd@@UEBAHVCPoint@WTL@@@Z 0000000140012790 f i Splitter.obj
 0001:000119d0       ?GetHitRect@CSplitterWnd@@UEAAXHAEAVCRect@WTL@@@Z 00000001400129d0 f i Splitter.obj
 0001:00011ec0       ?SetSplitCursor@CSplitterWnd@@UEAAXH@Z 0000000140012ec0 f i Splitter.obj
 0001:00011fc0       ?StartTracking@CSplitterWnd@@UEAAXH@Z 0000000140012fc0 f i Splitter.obj
 0001:000121e0       ?FromHandle@?$CHandleList@PEAUHDC__@@VCDCMTL@@PEAUHWND__@@@@QEAAPEAVCDCMTL@@QEAUHDC__@@PEAV2@QEAUHWND__@@Q6APEAXPEAX3@Z@Z 00000001400131e0 f i Splitter.obj
 0001:000122c0       ?classHandleFuncCDCMTL@CDCMTL@@SAPEAXPEAX0@Z 00000001400132c0 f i Splitter.obj
 0001:00012340       ?HalftoneBrush@CAfx@@SAPEAUHBRUSH__@@H@Z 0000000140013340 f i Splitter.obj
 0001:00012420       ?FromHandle@?$CHandleList@PEAXVCGdiObject@@PEAUHWND__@@@@QEAAPEAVCGdiObject@@QEAXPEAV2@QEAUHWND__@@Q6APEAXPEAX3@Z@Z 0000000140013420 f i Splitter.obj
 0001:000124f0       ?classHandleFuncCBrushMTL@CBrushMTL@@SAPEAXPEAX0@Z 00000001400134f0 f i Splitter.obj
 0001:00012550       ?OnInvertTracker@CSplitterWnd@@UEAAXAEBVCRect@WTL@@@Z 0000000140013550 f i Splitter.obj
 0001:00012680       ?SplitRow@CSplitterWnd@@UEAAHH@Z 0000000140013680 f i Splitter.obj
 0001:00012820       ?CreateScrollBarCtrl@CSplitterWnd@@UEAAHKI@Z 0000000140013820 f i Splitter.obj
 0001:000128a0       ?CreateView@CSplitterWnd@@UEAAHHHPEAUCRuntimeClass@@UtagSIZE@@PEAUCCreateContext@@@Z 00000001400138a0 f i Splitter.obj
 0001:00012a80       ?SplitColumn@CSplitterWnd@@UEAAHH@Z 0000000140013a80 f i Splitter.obj
 0001:00012c20       ?StopTracking@CSplitterWnd@@UEAAXH@Z 0000000140013c20 f i Splitter.obj
 0001:00012e30       ?DeleteColumn@CSplitterWnd@@UEAAXH@Z 0000000140013e30 f i Splitter.obj
 0001:00012fe0       ?TrackColumnSize@CSplitterWnd@@UEAAXHH@Z 0000000140013fe0 f i Splitter.obj
 0001:000130c0       ?GetFocus@CWnd@@SAPEAV1@XZ 00000001400140c0 f i Splitter.obj
 0001:00013240       ?IsChildPane@CSplitterWnd@@QEAAHPEAVCWnd@@PEAH1@Z 0000000140014240 f i Splitter.obj
 0001:000132f0       ?GetActivePane@CSplitterWnd@@UEAAPEAVCWnd@@PEAH0@Z 00000001400142f0 f i Splitter.obj
 0001:000133a0       ?SetActivePane@CSplitterWnd@@UEAAXHHPEAVCWnd@@@Z 00000001400143a0 f i Splitter.obj
 0001:000134b0       ?ActivateNext@CSplitterWnd@@UEAAXH@Z 00000001400144b0 f i Splitter.obj
 0001:00013560       ?DeleteView@CSplitterWnd@@UEAAXHH@Z 0000000140014560 f i Splitter.obj
 0001:000135c0       ?GetInsideRect@CSplitterWnd@@UEBAXAEAVCRect@WTL@@@Z 00000001400145c0 f i Splitter.obj
 0001:00013630       ?_AfxLayoutRowCol@CSplitterWnd@@QEAAXPEAUCRowColInfo@1@HHH@Z 0000000140014630 f i Splitter.obj
 0001:00013740       ?GetSizingParent@CSplitterWnd@@QEAAPEAVCWnd@@XZ 0000000140014740 f i Splitter.obj
 0001:00013890       ?GetDlgItem@CWnd@@QEAAPEAV1@H@Z 0000000140014890 f i Splitter.obj
 0001:00013a10       ?_AfxDeferClientPos@CSplitterWnd@@QEAAXPEAUAFX_SIZEPARENTPARAMS@@PEAVCWnd@@HHHHH@Z 0000000140014a10 f i Splitter.obj
 0001:00013c00       ?FillSolidRect@?$CDCT@$00@WTL@@QEAAXHHHHK@Z 0000000140014c00 f i Splitter.obj
 0001:00013ca0       ?Draw3dRect@?$CDCT@$00@WTL@@QEAAXHHHHKK@Z 0000000140014ca0 f i Splitter.obj
 0001:00013d60       ?OnDrawSplitter@CSplitterWnd@@UEAAXPEAVCDCMTL@@W4ESplitType@1@AEBVCRect@WTL@@@Z 0000000140014d60 f i Splitter.obj
 0001:00013f60       ?DrawAllSplitBars@CSplitterWnd@@UEAAXPEAVCDCMTL@@HH@Z 0000000140014f60 f i Splitter.obj
 0001:00014230       ?RecalcLayout@CSplitterWnd@@UEAAXXZ 0000000140015230 f i Splitter.obj
 0001:00014680       ?DeleteRow@CSplitterWnd@@UEAAXH@Z 0000000140015680 f i Splitter.obj
 0001:00014820       ?TrackRowSize@CSplitterWnd@@UEAAXHH@Z 0000000140015820 f i Splitter.obj
 0001:00014900       ??0CSplitterWnd@@QEAA@XZ   0000000140015900 f i Splitter.obj
 0001:00014a00       ??1CMDIChildWnd@@UEAA@XZ   0000000140015a00 f i Splitter.obj
 0001:00014a10       ?AddFrameWnd@CFrameWnd@@QEAAXXZ 0000000140015a10 f i Splitter.obj
 0001:00014aa0       ??0CFrameWnd@@QEAA@XZ      0000000140015aa0 f i Splitter.obj
 0001:00014b90       ?OnUpdateFrameMenu@CMDIChildWnd@@QEAAXHPEAVCWnd@@PEAUHMENU__@@@Z 0000000140015b90 f i Splitter.obj
 0001:00014c30       ?OnMDIActivate@CMDIChildWnd@@QEAAXHPEAVCWnd@@0@Z 0000000140015c30 f i Splitter.obj
 0001:00014d10       ?UpdateClientEdge@CMDIChildWnd@@QEAAHPEAUtagRECT@@@Z 0000000140015d10 f i Splitter.obj
 0001:00014e60       ?OnWindowPosChanging@CMDIChildWnd@@QEAAXPEAUtagWINDOWPOS@@@Z 0000000140015e60 f i Splitter.obj
 0001:00014f50       ?_ProcessWindowMessage@CMDIChildWnd@@UEAAHPEAUHWND__@@I_K_JAEA_J@Z 0000000140015f50 f i Splitter.obj
 0001:000154f0       ??_ECMDIFrameWnd@@UEAAPEAXI@Z 00000001400164f0 f i * CIL library *:* CIL module *
 0001:000154f0       ??_GCMDIChildWnd@@UEAAPEAXI@Z 00000001400164f0 f i Splitter.obj
 0001:000154f0       ??_GCFrameWnd@@UEAAPEAXI@Z 00000001400164f0 f i Splitter.obj
 0001:000154f0       ??_GCMDIFrameWnd@@UEAAPEAXI@Z 00000001400164f0 f i Stdafx.obj
 0001:000154f0       ??_ECFrameWnd@@UEAAPEAXI@Z 00000001400164f0 f i * CIL library *:* CIL module *
 0001:000154f0       ??_ECMDIChildWnd@@UEAAPEAXI@Z 00000001400164f0 f i * CIL library *:* CIL module *
 0001:00015520       ?DefWindowProcA@CMDIChildWnd@@UEAA_JI_K_J@Z 0000000140016520 f i Splitter.obj
 0001:00015530       ?DestroyWindow@CMDIChildWnd@@UEAAHXZ 0000000140016530 f i Splitter.obj
 0001:000155f0       ?PreTranslateMessage@CMDIChildWnd@@UEAAHPEAUtagMSG@@@Z 00000001400165f0 f i Splitter.obj
 0001:00015690       ?OnUpdateFrameTitle@CMDIChildWnd@@UEAAXH@Z 0000000140016690 f i Splitter.obj
 0001:00015810       ?MDIGetActive@CMDIFrameWnd@@QEBAPEAVCMDIChildWnd@@PEAH@Z 0000000140016810 f i Splitter.obj
 0001:000159f0       ?GetMDIFrame@CMDIChildWnd@@QEAAPEAVCMDIFrameWnd@@XZ 00000001400169f0 f i Splitter.obj
 0001:00015b70       ?ActivateFrame@CMDIChildWnd@@UEAAXH@Z 0000000140016b70 f i Splitter.obj
 0001:00015cf0       ?LoadFrame@CMDIChildWnd@@UEAAHIKPEAVCWnd@@PEAUCCreateContext@@@Z 0000000140016cf0 f i Splitter.obj
 0001:00015eb0       ?PreCreateWindow@CFrameWnd@@UEAAHAEAUtagCREATESTRUCTA@@@Z 0000000140016eb0 f i Splitter.obj
 0001:00015eb0       ?PreCreateWindow@CMDIChildWnd@@UEAAHAEAUtagCREATESTRUCTA@@@Z 0000000140016eb0 f i Splitter.obj
 0001:00015f00       ?CanCloseFrame@CDocument@@QEAAHPEAVCFrameWnd@@@Z 0000000140016f00 f i Splitter.obj
 0001:00015fb0       ?SaveAllModified@CDocManager@@QEAAHXZ 0000000140016fb0 f i Splitter.obj
 0001:00016040       ?CloseAllDocuments@CDocTemplate@@QEAAXH@Z 0000000140017040 f i Splitter.obj
 0001:00016150       ?OnClose@CFrameWnd@@QEAAXXZ 0000000140017150 f i Splitter.obj
 0001:00016320       ?OnCreateHelper@CFrameWnd@@QEAAHPEAUtagCREATESTRUCTA@@PEAUCCreateContext@@@Z 0000000140017320 f i Splitter.obj
 0001:000163c0       ?DestroyDockBars@CFrameWnd@@QEAAXXZ 00000001400173c0 f i Splitter.obj
 0001:00016700       ?OnDestroy@CFrameWnd@@QEAAXXZ 0000000140017700 f i Splitter.obj
 0001:00016790       ?SetActiveWindow@CWnd@@QEAAPEAV1@XZ 0000000140017790 f i Splitter.obj
 0001:00016910       ?OnDropFiles@CFrameWnd@@QEAAXPEAUHDROP__@@@Z 0000000140017910 f i Splitter.obj
 0001:000169c0       ?OnIdle@CCmdUI@@QEAAHPEAVCCmdTarget@@H@Z 00000001400179c0 f i Splitter.obj
 0001:00016a80       ?OnInitMenuPopup@CFrameWnd@@QEAAXPEAVCMenuMTL@@IH@Z 0000000140017a80 f i Splitter.obj
 0001:00016d10       ?SetMenuBarState@CFrameWnd@@QEAAHK@Z 0000000140017d10 f i Splitter.obj
 0001:00016d70       ?OnMenuSelect@CFrameWnd@@QEAAXIIPEAUHMENU__@@@Z 0000000140017d70 f i Splitter.obj
 0001:00016f20       ?OnSize@CFrameWnd@@QEAAXIHH@Z 0000000140017f20 f i Splitter.obj
 0001:00016f70       ?OnPopMessageString@CFrameWnd@@QEAA_J_K_J@Z 0000000140017f70 f i Splitter.obj
 0001:00016f90       ?GetDescendantWindow@CWnd@@QEAAPEAV1@PEAUHWND__@@HH@Z 0000000140017f90 f i Splitter.obj
 0001:000171c0       ?_AtlGetStringResourceImage@CAfx@@SAPEBUATLSTRINGRESOURCEIMAGE@ATL@@PEAUHINSTANCE__@@PEAUHRSRC__@@I@Z 00000001400181c0 f i Splitter.obj
 0001:00017260       ?AfxLoadString@CAfx@@SAHIPEADI@Z 0000000140018260 f i Splitter.obj
 0001:00017310       ?OnSetMessageString@CFrameWnd@@QEAA_J_K_J@Z 0000000140018310 f i Splitter.obj
 0001:00017490       ?OnIdleUpdateCmdUI@CFrameWnd@@QEAAXXZ 0000000140018490 f i Splitter.obj
 0001:00017530       ?_ProcessWindowMessage@CFrameWnd@@UEAAHPEAUHWND__@@I_K_JAEA_J@Z 0000000140018530 f i Splitter.obj
 0001:00017ac0       ?OnCmdMsg@CFrameWnd@@UEAAHIHPEAXPEAUAFX_CMDHANDLERINFO@@@Z 0000000140018ac0 f i Splitter.obj
 0001:00017b70       ?PreTranslateMessage@CFrameWnd@@UEAAHPEAUtagMSG@@@Z 0000000140018b70 f i Splitter.obj
 0001:00017bf0       ?CreateView@CFrameWnd@@QEAAPEAVCWnd@@PEAUCCreateContext@@I@Z 0000000140018bf0 f i Splitter.obj
 0001:00017d10       ?OnCreateClient@CFrameWnd@@UEAAHPEAUtagCREATESTRUCTA@@PEAUCCreateContext@@@Z 0000000140018d10 f i Splitter.obj
 0001:00017d40       ?ShowControlBar@CFrameWnd@@QEAAXPEAVCControlBar@@HH@Z 0000000140018d40 f i Splitter.obj
 0001:00017e80       ?AfxIsDescendant@CFrameWnd@@SAHPEAUHWND__@@0@Z 0000000140018e80 f i Splitter.obj
 0001:00017f80       ?ShowOwnedWindows@CFrameWnd@@QEAAXH@Z 0000000140018f80 f i Splitter.obj
 0001:000181c0       ?OnSetPreviewMode@CFrameWnd@@UEAAXHPEAUCPrintPreviewState@@@Z 00000001400191c0 f i Splitter.obj
 0001:00018480       ?OnUpdateFrameMenu@CFrameWnd@@UEAAXPEAUHMENU__@@@Z 0000000140019480 f i Splitter.obj
 0001:000184b0       ?UpdateFrameTitleForDocument@CFrameWnd@@QEAAXPEBD@Z 00000001400194b0 f i Splitter.obj
 0001:00018b00       ?OnUpdateFrameTitle@CFrameWnd@@UEAAXH@Z 0000000140019b00 f i Splitter.obj
 0001:00018b70       ?ActivateFrame@CFrameWnd@@UEAAXH@Z 0000000140019b70 f i Splitter.obj
 0001:00018c20       ?GetActiveFrame@CFrameWnd@@UEAAPEAV1@XZ 0000000140019c20 f i Splitter.obj
 0001:00018c30       ?GetDefaultAccelerator@CFrameWnd@@UEAAPEAUHACCEL__@@XZ 0000000140019c30 f i Splitter.obj
 0001:00018c70       ?AfxExtractSubString@CAfx@@SAHAEAVCString@WTL@@PEBDHD@Z 0000000140019c70 f i Splitter.obj
 0001:00018d70       ?GetIconWndClass@CFrameWnd@@QEAAPEBDKI@Z 0000000140019d70 f i Splitter.obj
 0001:00018e30       ?Create@CFrameWnd@@UEAAHPEBD0KAEBUtagRECT@@PEAVCWnd@@0KPEAUCCreateContext@@@Z 0000000140019e30 f i Splitter.obj
 0001:00018f70       ?LoadFrame@CFrameWnd@@UEAAHIKPEAVCWnd@@PEAUCCreateContext@@@Z 0000000140019f70 f i Splitter.obj
 0001:00019150       ?AfxRepositionWindow@CAfx@@SAXPEAUAFX_SIZEPARENTPARAMS@@PEAUHWND__@@PEBUtagRECT@@@Z 000000014001a150 f i Splitter.obj
 0001:00019260       ?RepositionBars@CWnd@@QEAAXIIIIPEAUtagRECT@@PEBU2@H@Z 000000014001a260 f i Splitter.obj
 0001:000195a0       ?RecalcLayout@CFrameWnd@@UEAAXH@Z 000000014001a5a0 f i Splitter.obj
 0001:000196e0       ?RemoveFrameWnd@CFrameWnd@@QEAAXXZ 000000014001a6e0 f i Splitter.obj
 0001:00019760       ??1CFrameWnd@@UEAA@XZ      000000014001a760 f i Splitter.obj
 0001:000197f0       ?Create@CMDIChildWnd@@UEAAHPEBD0KAEBUtagRECT@@PEAVCMDIFrameWnd@@PEAUCCreateContext@@@Z 000000014001a7f0 f i Splitter.obj
 0001:000199f0       ?DefWindowProcA@CMDIFrameWnd@@UEAA_JI_K_J@Z 000000014001a9f0 f i Stdafx.obj
 0001:00019a20       ?OnCreateClient@CMDIFrameWnd@@UEAAHPEAUtagCREATESTRUCTA@@PEAUCCreateContext@@@Z 000000014001aa20 f i Stdafx.obj
 0001:00019ab0       ?OnIdleUpdateCmdUI@CMDIFrameWnd@@QEAAXXZ 000000014001aab0 f i Stdafx.obj
 0001:00019ae0       ?OnMDIWindowCmd@CMDIFrameWnd@@QEAAHI@Z 000000014001aae0 f i Stdafx.obj
 0001:00019b40       ?OnUpdateMDIWindowCmd@CMDIFrameWnd@@QEAAXPEAVCCmdUI@@@Z 000000014001ab40 f i Stdafx.obj
 0001:00019b80       ?CreateClient@CMDIFrameWnd@@UEAAHPEAUtagCREATESTRUCTA@@PEAVCMenuMTL@@@Z 000000014001ab80 f i Stdafx.obj
 0001:00019cc0       ?DelayUpdateFrameMenu@CMDIFrameWnd@@UEAAXPEAUHMENU__@@@Z 000000014001acc0 f i Stdafx.obj
 0001:00019ce0       ?GetActiveFrame@CMDIFrameWnd@@UEAAPEAVCFrameWnd@@XZ 000000014001ace0 f i Stdafx.obj
 0001:00019d00       ?GetWindowMenuPopup@CMDIFrameWnd@@UEAAPEAUHMENU__@@PEAU2@@Z 000000014001ad00 f i Stdafx.obj
 0001:00019dc0       ?LoadFrame@CMDIFrameWnd@@UEAAHIKPEAVCWnd@@PEAUCCreateContext@@@Z 000000014001adc0 f i Stdafx.obj
 0001:00019e00       ?PreCreateWindow@CMDIFrameWnd@@UEAAHAEAUtagCREATESTRUCTA@@@Z 000000014001ae00 f i Stdafx.obj
 0001:00019e30       ?_ProcessWindowMessage@CMDIFrameWnd@@UEAAHPEAUHWND__@@I_K_JAEA_J@Z 000000014001ae30 f i Stdafx.obj
 0001:0001a180       ?OnCommand@CMDIFrameWnd@@UEAAH_K_J@Z 000000014001b180 f i Stdafx.obj
 0001:0001a220       ?OnCmdMsg@CMDIFrameWnd@@UEAAHIHPEAXPEAUAFX_CMDHANDLERINFO@@@Z 000000014001b220 f i Stdafx.obj
 0001:0001a2b0       ?OnWindowNew@CMDIFrameWnd@@QEAAXXZ 000000014001b2b0 f i Stdafx.obj
 0001:0001a370       ?PreTranslateMessage@CMDIFrameWnd@@UEAAHPEAUtagMSG@@@Z 000000014001b370 f i Stdafx.obj
 0001:0001a430       ?SetCurrentHandles@CWinApp@@QEAAXXZ 000000014001b430 f i Stdafx.obj
 0001:0001a770       ?AfxMessageBox@@YAHIII@Z   000000014001b770 f i Stdafx.obj
 0001:0001a7e0       ?GetRuntimeClass@CCmdTarget@@UEBAPEAUCRuntimeClass@@XZ 000000014001b7e0 f   Stdafx.obj
 0001:0001a7f0       ?CreateObject@CWnd@@SAPEAVCObject@@XZ 000000014001b7f0 f   Stdafx.obj
 0001:0001a840       ?GetRuntimeClass@CWnd@@UEBAPEAUCRuntimeClass@@XZ 000000014001b840 f   Stdafx.obj
 0001:0001a850       ?GetRuntimeClass@CDialog@@UEBAPEAUCRuntimeClass@@XZ 000000014001b850 f   Stdafx.obj
 0001:0001a860       ?CreateObject@CFrameWnd@@SAPEAVCObject@@XZ 000000014001b860 f   Stdafx.obj
 0001:0001a8a0       ?GetRuntimeClass@CFrameWnd@@UEBAPEAUCRuntimeClass@@XZ 000000014001b8a0 f   Stdafx.obj
 0001:0001a8b0       ?GetRuntimeClass@CView@@UEBAPEAUCRuntimeClass@@XZ 000000014001b8b0 f   Stdafx.obj
 0001:0001a8c0       ?GetRuntimeClass@CSplitterWnd@@UEBAPEAUCRuntimeClass@@XZ 000000014001b8c0 f   Stdafx.obj
 0001:0001a8d0       ?GetRuntimeClass@CMultiDocTemplate@@UEBAPEAUCRuntimeClass@@XZ 000000014001b8d0 f   Stdafx.obj
 0001:0001a8e0       ?CreateObject@CMDIFrameWnd@@SAPEAVCObject@@XZ 000000014001b8e0 f   Stdafx.obj
 0001:0001a930       ?GetRuntimeClass@CMDIFrameWnd@@UEBAPEAUCRuntimeClass@@XZ 000000014001b930 f   Stdafx.obj
 0001:0001a940       ?CreateObject@CMDIChildWnd@@SAPEAVCObject@@XZ 000000014001b940 f   Stdafx.obj
 0001:0001a9a0       ?GetRuntimeClass@CMDIChildWnd@@UEBAPEAUCRuntimeClass@@XZ 000000014001b9a0 f   Stdafx.obj
 0001:0001a9b0       ?GetRuntimeClass@CScrollView@@UEBAPEAUCRuntimeClass@@XZ 000000014001b9b0 f   Stdafx.obj
 0001:0001a9c0       ?GetRuntimeClass@CFileDialogMTL@@UEBAPEAUCRuntimeClass@@XZ 000000014001b9c0 f   Stdafx.obj
 0001:0001a9d0       WinMain                    000000014001b9d0 f   Stdafx.obj
 0001:0001aa40       ?_ProcessWindowMessage@CViewExApp@@UEAAHPEAUHWND__@@I_K_JAEA_J@Z 000000014001ba40 f i Viewex.obj
 0001:0001ab50       ?InitInstance@CViewExApp@@UEAAHXZ 000000014001bb50 f   Viewex.obj
 0001:0001af60       ?OnAppAbout@CViewExApp@@QEAAXXZ 000000014001bf60 f   Viewex.obj
 0001:0001afe0       ??1CDocTemplate@@QEAA@XZ   000000014001bfe0 f i Viewex.obj
 0001:0001b010       ?AddDocument@CMultiDocTemplate@@UEAAXPEAVCDocument@@@Z 000000014001c010 f i Viewex.obj
 0001:0001b080       ?GetFirstDocPosition@CMultiDocTemplate@@UEBAPEAU__POSITION@@XZ 000000014001c080 f i Viewex.obj
 0001:0001b090       ?GetNextDocTemplate@CDocManager@@UEBAPEAVCDocTemplate@@AEAPEAU__POSITION@@@Z 000000014001c090 f i Viewex.obj
 0001:0001b090       ?GetNextDoc@CMultiDocTemplate@@UEBAPEAVCDocument@@AEAPEAU__POSITION@@@Z 000000014001c090 f i Viewex.obj
 0001:0001b0a0       ?CreateNewDocument@CDocTemplate@@UEAAPEAVCDocument@@XZ 000000014001c0a0 f i Viewex.obj
 0001:0001b100       ?OnCmdMsg@CDocTemplate@@UEAAHIHPEAXPEAUAFX_CMDHANDLERINFO@@@Z 000000014001c100 f i Viewex.obj
 0001:0001b110       ?CreateNewFrame@CDocTemplate@@UEAAPEAVCFrameWnd@@PEAVCDocument@@PEAV2@@Z 000000014001c110 f i Viewex.obj
 0001:0001b1c0       ?InitialUpdateFrame@CFrameWnd@@QEAAXPEAVCDocument@@H@Z 000000014001c1c0 f i Viewex.obj
 0001:0001b350       ?InitialUpdateFrame@CDocTemplate@@UEAAXPEAVCFrameWnd@@PEAVCDocument@@H@Z 000000014001c350 f i Viewex.obj
 0001:0001b370       ?OpenDocumentFile@CMultiDocTemplate@@UEAAPEAVCDocument@@PEBDHH@Z 000000014001c370 f i Viewex.obj
 0001:0001b580       ?OpenDocumentFile@CMultiDocTemplate@@UEAAPEAVCDocument@@PEBDH@Z 000000014001c580 f i Viewex.obj
 0001:0001b590       ?RemoveDocument@CMultiDocTemplate@@UEAAXPEAVCDocument@@@Z 000000014001c590 f i Viewex.obj
 0001:0001b610       ??_ECMultiDocTemplate@@UEAAPEAXI@Z 000000014001c610 f i * CIL library *:* CIL module *
 0001:0001b610       ??_GCMultiDocTemplate@@UEAAPEAXI@Z 000000014001c610 f i Viewex.obj
 0001:0001b640       ??1CMultiDocTemplate@@UEAA@XZ 000000014001c640 f i Viewex.obj
 0001:0001b6d0       ?SetDefaultTitle@CMultiDocTemplate@@UEAAXPEAVCDocument@@@Z 000000014001c6d0 f i Viewex.obj
 0001:0001b940       ?LoadTemplate@CMultiDocTemplate@@UEAAXXZ 000000014001c940 f i Viewex.obj
 0001:0001b9b0       ?GetFirstDocTemplatePosition@CDocManager@@UEBAPEAU__POSITION@@XZ 000000014001c9b0 f i Viewex.obj
 0001:0001b9c0       ?AddDocTemplate@CWinApp@@QEAAXPEAVCDocTemplate@@@Z 000000014001c9c0 f i Viewex.obj
 0001:0001ba80       ??1CCommandLineInfo@@QEAA@XZ 000000014001ca80 f i Viewex.obj
 0001:0001bb40       ??1CWinApp@@QEAA@XZ        000000014001cb40 f i Viewex.obj
 0001:0001bca0       ??1CWinThread@@QEAA@XZ     000000014001cca0 f i Viewex.obj
 0001:0001bcc0       ??0CModuleThreadState@@QEAA@XZ 000000014001ccc0 f i Viewex.obj
 0001:0001bdb0       ??1CModuleThreadState@@QEAA@XZ 000000014001cdb0 f i Viewex.obj
 0001:0001be00       ?OnIdle@CWinApp@@UEAAHH@Z  000000014001ce00 f i Viewex.obj
 0001:0001bfd0       ?Run@CWinApp@@UEAAHXZ      000000014001cfd0 f i Viewex.obj
 0001:0001c0b0       ??0CWinApp@@QEAA@XZ        000000014001d0b0 f i Viewex.obj
 0001:0001c170       ?OnAppExit@CWinApp@@QEAAXXZ 000000014001d170 f i Viewex.obj
 0001:0001c190       ?_ProcessWindowMessage@CWinApp@@UEAAHPEAUHWND__@@I_K_JAEA_J@Z 000000014001d190 f i Viewex.obj
 0001:0001c1f0       ?AfxStringFromCLSID@CAfx@@SA?AVCString@WTL@@AEBU_GUID@@@Z 000000014001d1f0 f i Viewex.obj
 0001:0001c2f0       ?AfxStringFromCLSID@@YA?AVCString@WTL@@AEBU_GUID@@@Z 000000014001d2f0 f i Viewex.obj
 0001:0001c310       ?AfxGetInProcServer@CAfx@@SAHPEBDAEAVCString@WTL@@@Z 000000014001d310 f i Viewex.obj
 0001:0001c450       ?GetClassObject@AFX_COM@@QEAAJAEBU_GUID@@0PEAPEAX@Z 000000014001d450 f i Viewex.obj
 0001:0001c560       ?AfxResolveShortcut@@YAHPEAVCWMHnd@@PEBDPEADH@Z 000000014001d560 f i Viewex.obj
 0001:0001c750       ?AfxComparePath@CAfx@@SAHPEBD0@Z 000000014001d750 f i Viewex.obj
 0001:0001c890       ?MatchDocType@CDocTemplate@@UEAA?AW4Confidence@1@PEBDAEAPEAVCDocument@@@Z 000000014001d890 f i Viewex.obj
 0001:0001c9a0       ?OpenDocumentFile@CDocManager@@QEAAPEAVCDocument@@PEBDH@Z 000000014001d9a0 f i Viewex.obj
 0001:0001cbc0       ?OpenDocumentFile@CWinApp@@UEAAPEAVCDocument@@PEBD@Z 000000014001dbc0 f i Viewex.obj
 0001:0001cbd0       ?OnFileOpen@CDocManager@@UEAAXXZ 000000014001dbd0 f i Viewex.obj
 0001:0001cc50       ?OnFileOpen@CWinApp@@UEAAXXZ 000000014001dc50 f i Viewex.obj
 0001:0001cc60       ?_ProcessWindowMessage@CNewTypeDlg@@UEAAHPEAUHWND__@@I_K_JAEA_J@Z 000000014001dc60 f i Viewex.obj
 0001:0001ccb0       ?GetDocString@CDocTemplate@@UEBAHAEAVCString@WTL@@W4DocStringIndex@1@@Z 000000014001dcb0 f i Viewex.obj
 0001:0001ccc0       ?OnInitDialog@CNewTypeDlg@@UEAAHXZ 000000014001dcc0 f i Viewex.obj
 0001:0001cee0       ?OnOK@CNewTypeDlg@@UEAAXXZ 000000014001dee0 f i Viewex.obj
 0001:0001cf60       ?WalkPreTranslateTree@CWnd@@SAHPEAUHWND__@@PEAUtagMSG@@@Z 000000014001df60 f i Viewex.obj
 0001:0001d040       ?PreTranslateMessage@CWinApp@@UEAAHPEAUtagMSG@@@Z 000000014001e040 f i Viewex.obj
 0001:0001d100       ?PumpMessage@CWinApp@@UEAAHXZ 000000014001e100 f i Viewex.obj
 0001:0001d180       ?OnFileNew@CDocManager@@UEAAXXZ 000000014001e180 f i Viewex.obj
 0001:0001d250       ?OnFileNew@CWinApp@@UEAAXXZ 000000014001e250 f i Viewex.obj
 0001:0001d264       ?__AllocStdCallThunk@ATL@@YAPEAXXZ 000000014001e264 f   atls:atlthunk.obj
 0001:0001d328       ?__FreeStdCallThunk@ATL@@YAXPEAX@Z 000000014001e328 f   atls:atlthunk.obj
 0001:0001d3b8       ??0CAtlBaseModule@ATL@@QEAA@XZ 000000014001e3b8 f   atls:atlbase.obj
 0001:0001d460       ??1CAtlBaseModule@ATL@@QEAA@XZ 000000014001e460 f   atls:atlbase.obj
 0001:0001d494       ??3@YAXPEAX@Z              000000014001e494 f   LIBCMT:delete.obj
 0001:0001d4b0       __security_check_cookie    000000014001e4b0 f   LIBCMT:amdsecgs.obj
 0001:0001d4d0       ??_V@YAXPEAX@Z             000000014001e4d0 f   LIBCMT:delete2.obj
 0001:0001d4d8       __onexitinit               000000014001e4d8 f   LIBCMT:onexit.obj
 0001:0001d51c       _onexit                    000000014001e51c f   LIBCMT:onexit.obj
 0001:0001d628       atexit                     000000014001e628 f   LIBCMT:onexit.obj
 0001:0001d640       ??0bad_alloc@std@@QEAA@AEBV01@@Z 000000014001e640 f i LIBCMT:new.obj
 0001:0001d664       ??1bad_alloc@std@@UEAA@XZ  000000014001e664 f i LIBCMT:new.obj
 0001:0001d674       ??2@YAPEAX_K@Z             000000014001e674 f   LIBCMT:new.obj
 0001:0001d6e0       ??_Ebad_alloc@std@@UEAAPEAXI@Z 000000014001e6e0 f i LIBCMT:new.obj
 0001:0001d6e0       ??_Gbad_alloc@std@@UEAAPEAXI@Z 000000014001e6e0 f i LIBCMT:new.obj
 0001:0001d71c       ??8type_info@@QEBA_NAEBV0@@Z 000000014001e71c f   LIBCMT:typinfo.obj
 0001:0001d73c       ??_Etype_info@@UEAAPEAXI@Z 000000014001e73c f i LIBCMT:typinfo.obj
 0001:0001d73c       ??_Gtype_info@@UEAAPEAXI@Z 000000014001e73c f i LIBCMT:typinfo.obj
 0001:0001d778       free                       000000014001e778 f   LIBCMT:free.obj
 0001:0001d7b8       memcpy_s                   000000014001e7b8 f   LIBCMT:memcpy_s.obj
 0001:0001d840       ??_U@YAPEAX_K@Z            000000014001e840 f   LIBCMT:new2.obj
 0001:0001d848       ??0_LocaleUpdate@@QEAA@PEAUlocaleinfo_struct@@@Z 000000014001e848 f i LIBCMT:mbscmp.obj
 0001:0001d8f0       _mbscmp                    000000014001e8f0 f   LIBCMT:mbscmp.obj
 0001:0001d8f8       _mbscmp_l                  000000014001e8f8 f   LIBCMT:mbscmp.obj
 0001:0001d9f0       memcpy                     000000014001e9f0 f   LIBCMT:memcpy.obj
 0001:0001d9f0       memmove                    000000014001e9f0 f   LIBCMT:memcpy.obj
 0001:0001df58       __raise_securityfailure    000000014001ef58 f   LIBCMT:gs_report.obj
 0001:0001dfa4       __report_gsfailure         000000014001efa4 f   LIBCMT:gs_report.obj
 0001:0001e078       __report_rangecheckfailure 000000014001f078 f   LIBCMT:gs_report.obj
 0001:0001e08c       __report_securityfailure   000000014001f08c f   LIBCMT:gs_report.obj
 0001:0001e3dc       _mktime64                  000000014001f3dc f   LIBCMT:mktime64.obj
 0001:0001e3e8       _mbscspn                   000000014001f3e8 f   LIBCMT:mbscspn.obj
 0001:0001e3f0       _mbscspn_l                 000000014001f3f0 f   LIBCMT:mbscspn.obj
 0001:0001e4cc       _mbsspn                    000000014001f4cc f   LIBCMT:mbsspn.obj
 0001:0001e4d4       _mbsspn_l                  000000014001f4d4 f   LIBCMT:mbsspn.obj
 0001:0001e5b0       _mbschr                    000000014001f5b0 f   LIBCMT:mbschr.obj
 0001:0001e5b8       _mbschr_l                  000000014001f5b8 f   LIBCMT:mbschr.obj
 0001:0001e678       _mbspbrk                   000000014001f678 f   LIBCMT:mbspbrk.obj
 0001:0001e680       _mbspbrk_l                 000000014001f680 f   LIBCMT:mbspbrk.obj
 0001:0001e7cc       _ismbblead                 000000014001f7cc f   LIBCMT:ismbbyte.obj
 0001:0001e7e0       _strdup                    000000014001f7e0 f   LIBCMT:strdup.obj
 0001:0001e850       _mbsrchr                   000000014001f850 f   LIBCMT:mbsrchr.obj
 0001:0001e858       _mbsrchr_l                 000000014001f858 f   LIBCMT:mbsrchr.obj
 0001:0001e914       WinMainCRTStartup          000000014001f914 f   LIBCMT:wincrt0.obj
 0001:0001eae0       _recalloc                  000000014001fae0 f   LIBCMT:recalloc.obj
 0001:0001eb80       memset                     000000014001fb80 f   LIBCMT:memset.obj
 0001:0001edac       __crtCorExitProcess        000000014001fdac f   LIBCMT:crt0dat.obj
 0001:0001edf0       __crtExitProcess           000000014001fdf0 f   LIBCMT:crt0dat.obj
 0001:0001ee08       _amsg_exit                 000000014001fe08 f   LIBCMT:crt0dat.obj
 0001:0001ee30       _c_exit                    000000014001fe30 f   LIBCMT:crt0dat.obj
 0001:0001ee40       _cexit                     000000014001fe40 f   LIBCMT:crt0dat.obj
 0001:0001ee50       _cinit                     000000014001fe50 f   LIBCMT:crt0dat.obj
 0001:0001eee8       _exit                      000000014001fee8 f   LIBCMT:crt0dat.obj
 0001:0001eef4       _init_pointers             000000014001fef4 f   LIBCMT:crt0dat.obj
 0001:0001efa0       _initterm_e                000000014001ffa0 f   LIBCMT:crt0dat.obj
 0001:0001efdc       _lockexit                  000000014001ffdc f   LIBCMT:crt0dat.obj
 0001:0001efe8       _unlockexit                000000014001ffe8 f   LIBCMT:crt0dat.obj
 0001:0001f18c       exit                       000000014002018c f   LIBCMT:crt0dat.obj
 0001:0001f198       _msize                     0000000140020198 f   LIBCMT:msize.obj
 0001:0001f1d4       _calloc_crt                00000001400201d4 f   LIBCMT:crtheap.obj
 0001:0001f254       _malloc_crt                0000000140020254 f   LIBCMT:crtheap.obj
 0001:0001f2d0       _realloc_crt               00000001400202d0 f   LIBCMT:crtheap.obj
 0001:0001f354       _recalloc_crt              0000000140020354 f   LIBCMT:crtheap.obj
 0001:0001f3d8       __C_specific_handler       00000001400203d8 f   LIBCMT:chandler.obj
 0001:0001f5bc       malloc                     00000001400205bc f   LIBCMT:malloc.obj
 0001:0001f674       ??0exception@std@@QEAA@AEBQEBD@Z 0000000140020674 f   LIBCMT:stdexcpt.obj
 0001:0001f6a4       ??0exception@std@@QEAA@AEBQEBDH@Z 00000001400206a4 f   LIBCMT:stdexcpt.obj
 0001:0001f6c0       ??0exception@std@@QEAA@AEBV01@@Z 00000001400206c0 f   LIBCMT:stdexcpt.obj
 0001:0001f6ec       ??1exception@std@@UEAA@XZ  00000001400206ec f   LIBCMT:stdexcpt.obj
 0001:0001f6fc       ??4exception@std@@QEAAAEAV01@AEBV01@@Z 00000001400206fc f   LIBCMT:stdexcpt.obj
 0001:0001f740       ??_Gexception@std@@UEAAPEAXI@Z 0000000140020740 f i LIBCMT:stdexcpt.obj
 0001:0001f740       ??_Eexception@std@@UEAAPEAXI@Z 0000000140020740 f i LIBCMT:stdexcpt.obj
 0001:0001f77c       ?_Copy_str@exception@std@@AEAAXPEBD@Z 000000014002077c f   LIBCMT:stdexcpt.obj
 0001:0001f7d8       ?_Tidy@exception@std@@AEAAXXZ 00000001400207d8 f   LIBCMT:stdexcpt.obj
 0001:0001f800       ?what@exception@std@@UEBAPEBDXZ 0000000140020800 f   LIBCMT:stdexcpt.obj
 0001:0001f814       _callnewh                  0000000140020814 f   LIBCMT:handler.obj
 0001:0001f848       _initp_heap_handler        0000000140020848 f   LIBCMT:handler.obj
 0001:0001f850       _CxxThrowException         0000000140020850 f   LIBCMT:throw.obj
 0001:0001f930       strcmp                     0000000140020930 f   LIBCMT:strcmp.obj
 0001:0001f998       ?_Type_info_dtor@type_info@@CAXPEAV1@@Z 0000000140020998 f   LIBCMT:typname.obj
 0001:0001fa04       __doserrno                 0000000140020a04 f   LIBCMT:dosmap.obj
 0001:0001fa24       _dosmaperr                 0000000140020a24 f   LIBCMT:dosmap.obj
 0001:0001fa74       _errno                     0000000140020a74 f   LIBCMT:dosmap.obj
 0001:0001fa94       _get_errno_from_oserr      0000000140020a94 f   LIBCMT:dosmap.obj
 0001:0001fae4       _heap_init                 0000000140020ae4 f   LIBCMT:heapinit.obj
 0001:0001fb04       _call_reportfault          0000000140020b04 f   LIBCMT:invarg.obj
 0001:0001fbf8       _initp_misc_invarg         0000000140020bf8 f   LIBCMT:invarg.obj
 0001:0001fc00       _invalid_parameter         0000000140020c00 f   LIBCMT:invarg.obj
 0001:0001fc68       _invalid_parameter_noinfo  0000000140020c68 f   LIBCMT:invarg.obj
 0001:0001fc88       _invoke_watson             0000000140020c88 f   LIBCMT:invarg.obj
 0001:0001fcc4       __addlocaleref             0000000140020cc4 f   LIBCMT:localref.obj
 0001:0001fd50       __freetlocinfo             0000000140020d50 f   LIBCMT:localref.obj
 0001:0001fee8       __removelocaleref          0000000140020ee8 f   LIBCMT:localref.obj
 0001:0001ff8c       __updatetlocinfo           0000000140020f8c f   LIBCMT:localref.obj
 0001:00020004       _updatetlocinfoEx_nolock   0000000140021004 f   LIBCMT:localref.obj
 0001:00020068       __initmbctable             0000000140021068 f   LIBCMT:mbctype.obj
 0001:00020384       __updatetmbcinfo           0000000140021384 f   LIBCMT:mbctype.obj
 0001:00020440       _setmbcp                   0000000140021440 f   LIBCMT:mbctype.obj
 0001:00020684       _setmbcp_nolock            0000000140021684 f   LIBCMT:mbctype.obj
 0001:00020934       _freefls                   0000000140021934 f   LIBCMT:tidtable.obj
 0001:00020a68       _getptd                    0000000140021a68 f   LIBCMT:tidtable.obj
 0001:00020a8c       _getptd_noexit             0000000140021a8c f   LIBCMT:tidtable.obj
 0001:00020b10       _initptd                   0000000140021b10 f   LIBCMT:tidtable.obj
 0001:00020bd4       _mtinit                    0000000140021bd4 f   LIBCMT:tidtable.obj
 0001:00020c54       _mtterm                    0000000140021c54 f   LIBCMT:tidtable.obj
 0001:00020c78       __isa_available_init       0000000140021c78 f   LIBCMT:cpu_disp.obj
 0001:00020e1c       __crt_debugger_hook        0000000140021e1c f   LIBCMT:dbghook.obj
 0001:00020e24       __crtCaptureCurrentContext 0000000140021e24 f   LIBCMT:winapisupp.obj
 0001:00020e94       __crtCapturePreviousContext 0000000140021e94 f   LIBCMT:winapisupp.obj
 0001:00020f08       __crtFlsAlloc              0000000140021f08 f   LIBCMT:winapisupp.obj
 0001:00020f24       __crtFlsFree               0000000140021f24 f   LIBCMT:winapisupp.obj
 0001:00020f40       __crtFlsGetValue           0000000140021f40 f   LIBCMT:winapisupp.obj
 0001:00020f5c       __crtFlsSetValue           0000000140021f5c f   LIBCMT:winapisupp.obj
 0001:00020f78       __crtGetShowWindowMode     0000000140021f78 f   LIBCMT:winapisupp.obj
 0001:00020fa4       __crtInitializeCriticalSectionEx 0000000140021fa4 f   LIBCMT:winapisupp.obj
 0001:00020fd0       __crtIsPackagedApp         0000000140021fd0 f   LIBCMT:winapisupp.obj
 0001:0002101c       __crtLoadWinApiPointers    000000014002201c f   LIBCMT:winapisupp.obj
 0001:00021418       __crtSetUnhandledExceptionFilter 0000000140022418 f   LIBCMT:winapisupp.obj
 0001:00021420       __crtSleep                 0000000140022420 f   LIBCMT:winapisupp.obj
 0001:00021428       __crtTerminateProcess      0000000140022428 f   LIBCMT:winapisupp.obj
 0001:00021448       __crtUnhandledException    0000000140022448 f   LIBCMT:winapisupp.obj
 0001:00021468       __daylight                 0000000140022468 f   LIBCMT:timeset.obj
 0001:00021470       __dstbias                  0000000140022470 f   LIBCMT:timeset.obj
 0001:00021478       __timezone                 0000000140022478 f   LIBCMT:timeset.obj
 0001:00021480       __tzname                   0000000140022480 f   LIBCMT:timeset.obj
 0001:00021488       _get_daylight              0000000140022488 f   LIBCMT:timeset.obj
 0001:000214b8       _get_dstbias               00000001400224b8 f   LIBCMT:timeset.obj
 0001:000214e8       _get_timezone              00000001400224e8 f   LIBCMT:timeset.obj
 0001:00021518       _gmtime64_s                0000000140022518 f   LIBCMT:gmtime64.obj
 0001:000217e8       _localtime64_s             00000001400227e8 f   LIBCMT:loctim64.obj
 0001:00021af4       __tzset                    0000000140022af4 f   LIBCMT:tzset.obj
 0001:00021b30       _isindst                   0000000140022b30 f   LIBCMT:tzset.obj
 0001:00022540       __GSHandlerCheck           0000000140023540 f   LIBCMT:gshandler.obj
 0001:00022560       __GSHandlerCheckCommon     0000000140023560 f   LIBCMT:gshandler.obj
 0001:000225c4       strcspn                    00000001400235c4 f   LIBCMT:strcspn.obj
 0001:00022664       strspn                     0000000140023664 f   LIBCMT:strspn.obj
 0001:00022728       strchr                     0000000140023728 f   LIBCMT:strchr.obj
 0001:000227b4       strpbrk                    00000001400237b4 f   LIBCMT:strpbrk.obj
 0001:00022858       ?_inconsistency@@YAXXZ     0000000140023858 f   LIBCMT:hooks.obj
 0001:00022878       ?terminate@@YAXXZ          0000000140023878 f   LIBCMT:hooks.obj
 0001:00022898       _initp_eh_hooks            0000000140023898 f   LIBCMT:hooks.obj
 0001:000228b8       abort                      00000001400238b8 f   LIBCMT:abort.obj
 0001:00022910       _initp_misc_purevirt       0000000140023910 f   LIBCMT:inithelp.obj
 0001:00022918       strcpy_s                   0000000140023918 f   LIBCMT:strcpy_s.obj
 0001:00022990       strlen                     0000000140023990 f   LIBCMT:strlen.obj
 0001:00022a38       strrchr                    0000000140023a38 f   LIBCMT:strrchr.obj
 0001:00022b7c       ?__CxxUnhandledExceptionFilter@@YAJPEAU_EXCEPTION_POINTERS@@@Z 0000000140023b7c f   LIBCMT:unhandld.obj
 0001:00022bb4       __CxxSetUnhandledExceptionFilter 0000000140023bb4 f   LIBCMT:unhandld.obj
 0001:00022bcc       _XcptFilter                0000000140023bcc f   LIBCMT:winxfltr.obj
 0001:00022d98       _ioinit                    0000000140023d98 f   LIBCMT:ioinit.obj
 0001:000230c8       _setargv                   00000001400240c8 f   LIBCMT:stdargv.obj
 0001:00023384       _setenvp                   0000000140024384 f   LIBCMT:stdenvp.obj
 0001:000234b8       _FF_MSGBANNER              00000001400244b8 f   LIBCMT:crt0msg.obj
 0001:000234fc       _GET_RTERRMSG              00000001400244fc f   LIBCMT:crt0msg.obj
 0001:0002352c       _NMSG_WRITE                000000014002452c f   LIBCMT:crt0msg.obj
 0001:0002379c       __set_app_type             000000014002479c f   LIBCMT:errmode.obj
 0001:000237a4       _set_error_mode            00000001400247a4 f   LIBCMT:errmode.obj
 0001:000237e4       __security_init_cookie     00000001400247e4 f   LIBCMT:gs_support.obj
 0001:00023890       _RTC_Initialize            0000000140024890 f   LIBCMT:initsect.obj
 0001:000238c8       _RTC_Terminate             00000001400248c8 f   LIBCMT:initsect.obj
 0001:00023900       __crtGetEnvironmentStringsA 0000000140024900 f   LIBCMT:a_env.obj
 0001:000239f4       _wincmdln                  00000001400249f4 f   LIBCMT:wincmdln.obj
 0001:00023a70       realloc                    0000000140024a70 f   LIBCMT:realloc.obj
 0001:00023b44       _lock                      0000000140024b44 f   LIBCMT:mlock.obj
 0001:00023b88       _mtdeletelocks             0000000140024b88 f   LIBCMT:mlock.obj
 0001:00023c10       _mtinitlocknum             0000000140024c10 f   LIBCMT:mlock.obj
 0001:00023cd0       _mtinitlocks               0000000140024cd0 f   LIBCMT:mlock.obj
 0001:00023d34       _unlock                    0000000140024d34 f   LIBCMT:mlock.obj
 0001:00023d50       _FindPESection             0000000140024d50 f   LIBCMT:pesect.obj
 0001:00023da0       _IsNonwritableInCurrentImage 0000000140024da0 f   LIBCMT:pesect.obj
 0001:00023df0       _ValidateImageBase         0000000140024df0 f   LIBCMT:pesect.obj
 0001:00023e20       _initp_misc_cfltcvt_tab    0000000140024e20 f   LIBCMT:cmiscdat.obj
 0001:00023e5c       __get_sigabrt              0000000140024e5c f   LIBCMT:winsig.obj
 0001:00023e6c       _initp_misc_winsig         0000000140024e6c f   LIBCMT:winsig.obj
 0001:00023e8c       raise                      0000000140024e8c f   LIBCMT:winsig.obj
 0001:000240c0       _initp_misc_rand_s         00000001400250c0 f   LIBCMT:rand_s.obj
 0001:000240c8       _calloc_impl               00000001400250c8 f   LIBCMT:calloc_impl.obj
 0001:00024180       _local_unwind              0000000140025180 f   LIBCMT:jmpuwind.obj
 0001:000241b0       _NLG_Notify                00000001400251b0 f   LIBCMT:jmpuwind.obj
 0001:000241d0       __NLG_Dispatch2            00000001400251d0 f   LIBCMT:jmpuwind.obj
 0001:000241e0       __NLG_Return2              00000001400251e0 f   LIBCMT:jmpuwind.obj
 0001:000241e4       __free_lconv_mon           00000001400251e4 f   LIBCMT:initmon.obj
 0001:000242f0       __free_lconv_num           00000001400252f0 f   LIBCMT:initnum.obj
 0001:0002435c       __free_lc_time             000000014002535c f   LIBCMT:inittime.obj
 0001:00024a44       __crtLCMapStringA          0000000140025a44 f   LIBCMT:a_map.obj
 0001:00024c54       __crtGetStringTypeA        0000000140025c54 f   LIBCMT:a_str.obj
 0001:00024cd0       atol                       0000000140025cd0 f   LIBCMT:atox.obj
 0001:00024cdc       strncpy_s                  0000000140025cdc f   LIBCMT:strncpy_s.obj
 0001:00024d98       _getenv_helper_nolock      0000000140025d98 f   LIBCMT:getenv.obj
 0001:00024e3c       ___lc_codepage_func        0000000140025e3c f   LIBCMT:initctyp.obj
 0001:00024e74       GetTableIndexFromLocaleName 0000000140025e74 f   LIBCMT:winapinls.obj
 0001:00024f00       __crtCompareStringEx       0000000140025f00 f   LIBCMT:winapinls.obj
 0001:00024f90       __crtDownlevelLocaleNameToLCID 0000000140025f90 f   LIBCMT:winapinls.obj
 0001:00024fc4       __crtLCMapStringEx         0000000140025fc4 f   LIBCMT:winapinls.obj
 0001:00025054       __wcsnicmp_ascii           0000000140026054 f   LIBCMT:winapinls.obj
 0001:000250ac       __initstdio                00000001400260ac f   LIBCMT:_file.obj
 0001:00025144       __endstdio                 0000000140026144 f   LIBCMT:_file.obj
 0001:00025174       _lock_file                 0000000140026174 f   LIBCMT:_file.obj
 0001:000251dc       _lock_file2                00000001400261dc f   LIBCMT:_file.obj
 0001:00025210       _unlock_file               0000000140026210 f   LIBCMT:_file.obj
 0001:00025260       _unlock_file2              0000000140026260 f   LIBCMT:_file.obj
 0001:00025280       wcscat_s                   0000000140026280 f   LIBCMT:wcscat_s.obj
 0001:00025308       wcscpy_s                   0000000140026308 f   LIBCMT:wcscpy_s.obj
 0001:00025374       wcslen                     0000000140026374 f   LIBCMT:wcslen.obj
[...]
 0004:00002a3c       $pdata$flsall              0000000140049a3c     LIBCMT:fflush.obj
 0004:00002a48       $pdata$_locterm            0000000140049a48     LIBCMT:wsetloca.obj
 0004:00002a60       $pdata$?strtoxl@@YAKPEAUlocaleinfo_struct@@PEBDPEAPEBDHH@Z 0000000140049a60     LIBCMT:strtol.obj
 0004:00002a6c       $pdata$strtol              0000000140049a6c     LIBCMT:strtol.obj
 0004:00002a78       $pdata$__wtomb_environ     0000000140049a78     LIBCMT:wtombenv.obj
 0004:00002a84       $pdata$_mbsnbicoll_l       0000000140049a84     LIBCMT:mbsnbico.obj
 0004:00002a90       $pdata$_fcloseall          0000000140049a90     LIBCMT:closeall.obj
 0004:00002a9c       $pdata$_commit             0000000140049a9c     LIBCMT:commit.obj
 0004:00002aa8       $pdata$_write              0000000140049aa8     LIBCMT:write.obj
 0004:00002ab4       $pdata$_write_nolock       0000000140049ab4     LIBCMT:write.obj
 0004:00002acc       $pdata$_isctype_l          0000000140049acc     LIBCMT:isctype.obj
 0004:00002ad8       $pdata$__crt_atoflt_l      0000000140049ad8     LIBCMT:atodbl.obj
 0004:00002ae4       $pdata$_atodbl_l           0000000140049ae4     LIBCMT:atodbl.obj
 0004:00002af0       $pdata$__crtsetenv         0000000140049af0     LIBCMT:setenv.obj
 0004:00002afc       $pdata$_strnicoll_l        0000000140049afc     LIBCMT:strnicol.obj
 0004:00002b08       $pdata$?__crtCompareStringA_stat@@YAHPEAUlocaleinfo_struct@@PEB_WKPEBDH2HH@Z 0000000140049b08     LIBCMT:a_cmp.obj
 0004:00002b14       $pdata$__crtCompareStringA 0000000140049b14     LIBCMT:a_cmp.obj
 0004:00002b20       $pdata$_fclose_nolock      0000000140049b20     LIBCMT:fclose.obj
 0004:00002b2c       $pdata$fclose              0000000140049b2c     LIBCMT:fclose.obj
 0004:00002b38       $pdata$__lock_fhandle      0000000140049b38     LIBCMT:osfinfo.obj
 0004:00002b44       $pdata$_free_osfhnd        0000000140049b44     LIBCMT:osfinfo.obj
 0004:00002b50       $pdata$_get_osfhandle      0000000140049b50     LIBCMT:osfinfo.obj
 0004:00002b5c       $pdata$_isleadbyte_l       0000000140049b5c     LIBCMT:_wctype.obj
 0004:00002b68       $pdata$isleadbyte          0000000140049b68     LIBCMT:_wctype.obj
 0004:00002b74       $pdata$_lseeki64_nolock    0000000140049b74     LIBCMT:lseeki64.obj
 0004:00002b80       $pdata$_mbtowc_l           0000000140049b80     LIBCMT:mbtowc.obj
 0004:00002b8c       $pdata$_putwch_nolock      0000000140049b8c     LIBCMT:putwch.obj
 0004:00002b98       $pdata$_ld12tod            0000000140049b98     LIBCMT:intrncvt.obj
 0004:00002ba4       $pdata$_ld12tof            0000000140049ba4     LIBCMT:intrncvt.obj
 0004:00002bb0       $pdata$__strgtold12_l      0000000140049bb0     LIBCMT:strgtold.obj
 0004:00002bbc       $pdata$_cfltcvt            0000000140049bbc     LIBCMT:cvt.obj
 0004:00002bc8       $pdata$_cfltcvt_l          0000000140049bc8     LIBCMT:cvt.obj
 0004:00002bd4       $pdata$_cftoa_l            0000000140049bd4     LIBCMT:cvt.obj
 0004:00002be0       $pdata$_cftoe2_l           0000000140049be0     LIBCMT:cvt.obj
 0004:00002bec       $pdata$_cftoe_l            0000000140049bec     LIBCMT:cvt.obj
 0004:00002bf8       $pdata$_cftof2_l           0000000140049bf8     LIBCMT:cvt.obj
 0004:00002c04       $pdata$_cftof_l            0000000140049c04     LIBCMT:cvt.obj
 0004:00002c10       $pdata$_cftog_l            0000000140049c10     LIBCMT:cvt.obj
 0004:00002c1c       $pdata$_cropzeros_l        0000000140049c1c     LIBCMT:cvt.obj
 0004:00002c28       $pdata$_fassign_l          0000000140049c28     LIBCMT:cvt.obj
 0004:00002c34       $pdata$_forcdecpt_l        0000000140049c34     LIBCMT:cvt.obj
 0004:00002c40       $pdata$_strnicmp_l         0000000140049c40     LIBCMT:strnicmp.obj
 0004:00002c4c       $pdata$_close              0000000140049c4c     LIBCMT:close.obj
 0004:00002c58       $pdata$_close_nolock       0000000140049c58     LIBCMT:close.obj
 0004:00002c64       $pdata$_freebuf            0000000140049c64     LIBCMT:_freebuf.obj
 0004:00002c70       $pdata$__termconout        0000000140049c70     LIBCMT:initcon.obj
 0004:00002c7c       $pdata$__initconout        0000000140049c7c     LIBCMT:initcon.obj
 0004:00002c88       $pdata$__mtold12           0000000140049c88     LIBCMT:mantold.obj
 0004:00002c94       $pdata$isdigit             0000000140049c94     LIBCMT:_ctype.obj
 0004:00002ca0       $pdata$_tolower_l          0000000140049ca0     LIBCMT:tolower.obj
 0004:00002cac       $pdata$_fptostr            0000000140049cac     LIBCMT:_fptostr.obj
 0004:00002cb8       $pdata$__dtold             0000000140049cb8     LIBCMT:cfout.obj
 0004:00002cc4       $pdata$_fltout2            0000000140049cc4     LIBCMT:cfout.obj
 0004:00002cd0       $pdata$$I10_OUTPUT         0000000140049cd0     LIBCMT:x10fout.obj
 0004:00002cdc       $pdata$?_GetEstablisherFrame@@YAPEA_KPEA_KPEAU_xDISPATCHER_CONTEXT@@PEBU_s_FuncInfo@@0@Z 0000000140049cdc     LIBCMT:trnsctrl.obj
 0004:00002ce8       $pdata$?_GetRangeOfTrysToCheck@@YAPEBU_s_TryBlockMapEntry@@PEA_KPEBU_s_FuncInfo@@HHPEAI2PEAU_xDISPATCHER_CONTEXT@@@Z 0000000140049ce8     LIBCMT:trnsctrl.obj
 0004:00002cf4       $pdata$?__FrameUnwindToEmptyState@@YAXPEA_KPEAU_xDISPATCHER_CONTEXT@@PEBU_s_FuncInfo@@@Z 0000000140049cf4     LIBCMT:trnsctrl.obj
 0004:00002d00       $pdata$?__SehTransFilter@@YAHPEAU_EXCEPTION_POINTERS@@PEAUEHExceptionRecord@@PEA_KPEAU_CONTEXT@@PEAU_xDISPATCHER_CONTEXT@@PEBU_s_FuncInfo@@PEAH@Z 0000000140049d00     LIBCMT:trnsctrl.obj
 0004:00002d0c       $pdata$_CallSETranslator   0000000140049d0c     LIBCMT:trnsctrl.obj
 0004:00002d18       $pdata$_CreateFrameInfo    0000000140049d18     LIBCMT:trnsctrl.obj
 0004:00002d24       $pdata$_FindAndUnlinkFrame 0000000140049d24     LIBCMT:trnsctrl.obj
 0004:00002d30       $pdata$_GetImageBase       0000000140049d30     LIBCMT:trnsctrl.obj
 0004:00002d3c       $pdata$_GetThrowImageBase  0000000140049d3c     LIBCMT:trnsctrl.obj
 0004:00002d48       $pdata$_IsExceptionObjectToBeDestroyed 0000000140049d48     LIBCMT:trnsctrl.obj
 0004:00002d54       $pdata$_SetImageBase       0000000140049d54     LIBCMT:trnsctrl.obj
 0004:00002d60       $pdata$_SetThrowImageBase  0000000140049d60     LIBCMT:trnsctrl.obj
 0004:00002d6c       $pdata$_UnwindNestedFrames 0000000140049d6c     LIBCMT:trnsctrl.obj
 0004:00002d78       $pdata$__CxxFrameHandler3  0000000140049d78     LIBCMT:trnsctrl.obj
 0004:00002d84       $pdata$__GSHandlerCheck_EH 0000000140049d84     LIBCMT:gshandlereh.obj
 0004:00002d90       $pdata$__DestructExceptionObject 0000000140049d90     LIBCMT:frame.obj
 0004:00002d9c       $pdata$??0bad_exception@std@@QEAA@AEBV01@@Z 0000000140049d9c     LIBCMT:frame.obj
 0004:00002da8       $pdata$??_Gbad_exception@std@@UEAAPEAXI@Z 0000000140049da8     LIBCMT:frame.obj
 0004:00002db4       $pdata$?CatchIt@@YAXPEAUEHExceptionRecord@@PEA_KPEAU_CONTEXT@@PEAU_xDISPATCHER_CONTEXT@@PEBU_s_FuncInfo@@PEBU_s_HandlerType@@PEBU_s_CatchableType@@PEBU_s_TryBlockMapEntry@@H1EE@Z 0000000140049db4     LIBCMT:frame.obj
 0004:00002dc0       $pdata$?FindHandler@@YAXPEAUEHExceptionRecord@@PEA_KPEAU_CONTEXT@@PEAU_xDISPATCHER_CONTEXT@@PEBU_s_FuncInfo@@EH1@Z 0000000140049dc0     LIBCMT:frame.obj
 0004:00002dcc       $pdata$?FindHandlerForForeignException@@YAXPEAUEHExceptionRecord@@PEA_KPEAU_CONTEXT@@PEAU_xDISPATCHER_CONTEXT@@PEBU_s_FuncInfo@@HH1@Z 0000000140049dcc     LIBCMT:frame.obj
 0004:00002dd8       $pdata$?IsInExceptionSpec@@YAEPEAUEHExceptionRecord@@PEBU_s_ESTypeList@@@Z 0000000140049dd8     LIBCMT:frame.obj
 0004:00002de4       $pdata$__BuildCatchObject  0000000140049de4     LIBCMT:frame.obj
 0004:00002df0       $pdata$__BuildCatchObjectHelper 0000000140049df0     LIBCMT:frame.obj
 0004:00002dfc       $pdata$__CxxCallCatchBlock 0000000140049dfc     LIBCMT:frame.obj
 0004:00002e08       $pdata$__FrameUnwindFilter 0000000140049e08     LIBCMT:frame.obj
 0004:00002e14       $pdata$__FrameUnwindToState 0000000140049e14     LIBCMT:frame.obj
 0004:00002e20       $pdata$__InternalCxxFrameHandler 0000000140049e20     LIBCMT:frame.obj
 0004:00002e2c       $pdata$__TypeMatch         0000000140049e2c     LIBCMT:frame.obj
 0004:00002e38       $pdata$?__GetCurrentState@@YAHPEA_KPEAU_xDISPATCHER_CONTEXT@@PEBU_s_FuncInfo@@@Z 0000000140049e38     LIBCMT:ehstate.obj
 0004:00002e44       $pdata$?__GetUnwindTryBlock@@YAHPEA_KPEAU_xDISPATCHER_CONTEXT@@PEBU_s_FuncInfo@@@Z 0000000140049e44     LIBCMT:ehstate.obj
 0004:00002e50       $pdata$?__SetUnwindTryBlock@@YAXPEA_KPEAU_xDISPATCHER_CONTEXT@@PEBU_s_FuncInfo@@H@Z 0000000140049e50     LIBCMT:ehstate.obj
 0004:00002e5c       $pdata$?__StateFromIp@@YAHPEBU_s_FuncInfo@@PEAU_xDISPATCHER_CONTEXT@@_J@Z 0000000140049e5c     LIBCMT:ehstate.obj
 0004:00002e74       $pdata$?catch$0@?0??AllocBuffer@CString@WTL@@IEAAHH@Z@4HA 0000000140049e74     Enterdlg.obj
 0004:00002e80       $pdata$?catch$0@?0??OnOpenDocument@CDocument@@UEAAHPEBD@Z@4HA 0000000140049e80     Maindoc.obj
 0004:00002e8c       $pdata$?dtor$0@?0??Mid@CString@WTL@@QEBA?AV12@HH@Z@4HA 0000000140049e8c     Maindoc.obj
 0004:00002e98       $pdata$?catch$0@?0??CreateCommon@CSplitterWnd@@QEAAHPEAVCWnd@@UtagSIZE@@KI@Z@4HA 0000000140049e98     Splitter.obj
 0004:00002ea4       $pdata$?catch$0@?0??CreateView@CSplitterWnd@@UEAAHHHPEAUCRuntimeClass@@UtagSIZE@@PEAUCCreateContext@@@Z@4HA 0000000140049ea4     Splitter.obj
 0004:00002eb0       $pdata$_onexit$fin$0       0000000140049eb0     LIBCMT:onexit.obj
 0004:00002ebc       $pdata$__tmainCRTStartup$filt$0 0000000140049ebc     LIBCMT:wincrt0.obj
 0004:00002ec8       $pdata$doexit$fin$0        0000000140049ec8     LIBCMT:crt0dat.obj
 0004:00002ed4       $pdata$?fin$0@?0??_Type_info_dtor@type_info@@CAXPEAV1@@Z@4HA 0000000140049ed4     LIBCMT:typname.obj
 0004:00002ee0       $pdata$_setmbcp$fin$0      0000000140049ee0     LIBCMT:mbctype.obj
 0004:00002ee0       $pdata$__updatetmbcinfo$fin$0 0000000140049ee0     LIBCMT:mbctype.obj
 0004:00002eec       $pdata$_initptd$fin$1      0000000140049eec     LIBCMT:tidtable.obj
 0004:00002eec       $pdata$_freefls$fin$1      0000000140049eec     LIBCMT:tidtable.obj
 0004:00002ef8       $pdata$_initptd$fin$0      0000000140049ef8     LIBCMT:tidtable.obj
 0004:00002ef8       $pdata$_freefls$fin$0      0000000140049ef8     LIBCMT:tidtable.obj
 0004:00002f04       $pdata$__tzset$fin$0       0000000140049f04     LIBCMT:tzset.obj
 0004:00002f04       $pdata$_isindst$fin$0      0000000140049f04     LIBCMT:tzset.obj
 0004:00002f10       $pdata$_tzset_nolock$fin$0 0000000140049f10     LIBCMT:tzset.obj
 0004:00002f1c       $pdata$_ioinit$fin$0       0000000140049f1c     LIBCMT:ioinit.obj
 0004:00002f28       $pdata$_mtinitlocknum$fin$0 0000000140049f28     LIBCMT:mlock.obj
 0004:00002f34       $pdata$_IsNonwritableInCurrentImage$filt$0 0000000140049f34     LIBCMT:pesect.obj
 0004:00002f40       $pdata$raise$fin$0         0000000140049f40     LIBCMT:winsig.obj
 0004:00002f4c       $pdata$flsall$fin$0        0000000140049f4c     LIBCMT:fflush.obj
 0004:00002f58       $pdata$flsall$fin$1        0000000140049f58     LIBCMT:fflush.obj
 0004:00002f64       $pdata$_locterm$fin$0      0000000140049f64     LIBCMT:wsetloca.obj
 0004:00002f64       $pdata$__updatetlocinfo$fin$0 0000000140049f64     LIBCMT:wsetloca.obj
 0004:00002f70       $pdata$_fcloseall$fin$0    0000000140049f70     LIBCMT:closeall.obj
 0004:00002f7c       $pdata$_write$fin$0        0000000140049f7c     LIBCMT:write.obj
 0004:00002f88       $pdata$fclose$fin$0        0000000140049f88     LIBCMT:fclose.obj
 0004:00002f94       $pdata$__lock_fhandle$fin$0 0000000140049f94     LIBCMT:osfinfo.obj
 0004:00002fa0       $pdata$_commit$fin$0       0000000140049fa0     LIBCMT:close.obj
 0004:00002fa0       $pdata$_close$fin$0        0000000140049fa0     LIBCMT:close.obj
 0004:00002fac       $pdata$_CallSETranslator$filt$0 0000000140049fac     LIBCMT:trnsctrl.obj
 0004:00002fb8       $pdata$__CxxCallCatchBlock$filt$0 0000000140049fb8     LIBCMT:frame.obj
 0004:00002fc4       $pdata$__CxxCallCatchBlock$fin$1 0000000140049fc4     LIBCMT:frame.obj
 0004:00002fd0       $pdata$__DestructExceptionObject$filt$0 0000000140049fd0     LIBCMT:frame.obj
 0004:00002fdc       $pdata$__FrameUnwindToState$filt$0 0000000140049fdc     LIBCMT:frame.obj
 0004:00002fe8       $pdata$__FrameUnwindToState$fin$1 0000000140049fe8     LIBCMT:frame.obj
 0004:00002ff4       $pdata$??__F_AtlWinModule@ATL@@YAXXZ 0000000140049ff4     Enterdlg.obj
 0004:00003000       $pdata$??__F?wndTop@CWMHnd@@2V1@B@@YAXXZ 000000014004a000     Stdafx.obj
 0004:0000300c       $pdata$??__F?wndBottom@CWMHnd@@2V1@B@@YAXXZ 000000014004a00c     Stdafx.obj
 0004:00003018       $pdata$??__F?wndTopMost@CWMHnd@@2V1@B@@YAXXZ 000000014004a018     Stdafx.obj
 0004:00003024       $pdata$??__F?wndNoTopMost@CWMHnd@@2V1@B@@YAXXZ 000000014004a024     Stdafx.obj
 0005:000011e0       $R000000                   000000014004c1e0     Viewex.res
 0005:000014c8       $R0002E8                   000000014004c4c8     Viewex.res
 0005:000014e0       $R000300                   000000014004c4e0     Viewex.res
 0005:00001610       $R000430                   000000014004c610     Viewex.res
 0005:00001618       $R000438                   000000014004c618     Viewex.res
 0005:00001738       $R000558                   000000014004c738     Viewex.res
 0005:00001860       $R000680                   000000014004c860     Viewex.res
 0005:00001940       $R000760                   000000014004c940     Viewex.res
 0005:00001a78       $R000898                   000000014004ca78     Viewex.res
 0005:00001b30       $R000950                   000000014004cb30     Viewex.res
 0005:00001b58       $R000978                   000000014004cb58     Viewex.res
 0005:00001c90       $R000AB0                   000000014004cc90     Viewex.res
 0005:00001d48       $R000B68                   000000014004cd48     Viewex.res
 0005:00001d70       $R000B90                   000000014004cd70     Viewex.res
 0005:00001ea8       $R000CC8                   000000014004cea8     Viewex.res
 0005:00001f60       $R000D80                   000000014004cf60     Viewex.res
 0005:00001f88       $R000DA8                   000000014004cf88     Viewex.res
 0005:000020c0       $R000EE0                   000000014004d0c0     Viewex.res
 0005:00002178       $R000F98                   000000014004d178     Viewex.res
 0005:000021a0       $R000FC0                   000000014004d1a0     Viewex.res
 0005:000022d8       $R0010F8                   000000014004d2d8     Viewex.res
 0005:00002390       $R0011B0                   000000014004d390     Viewex.res
 0005:000023b8       $R0011D8                   000000014004d3b8     Viewex.res
 0005:000025b8       $R0013D8                   000000014004d5b8     Viewex.res
 0005:00002670       $R001490                   000000014004d670     Viewex.res
 0005:00002698       $R0014B8                   000000014004d698     Viewex.res
 0005:00002898       $R0016B8                   000000014004d898     Viewex.res
 0005:00002950       $R001770                   000000014004d950     Viewex.res
 0005:00002978       $R001798                   000000014004d978     Viewex.res
 0005:00002b78       $R001998                   000000014004db78     Viewex.res
 0005:00002c30       $R001A50                   000000014004dc30     Viewex.res
 0005:00002c58       $R001A78                   000000014004dc58     Viewex.res
 0005:00002e58       $R001C78                   000000014004de58     Viewex.res
 0005:00002f10       $R001D30                   000000014004df10     Viewex.res
 0005:00002f38       $R001D58                   000000014004df38     Viewex.res
 0005:00003070       $R001E90                   000000014004e070     Viewex.res
 0005:00003128       $R001F48                   000000014004e128     Viewex.res
 0005:00003150       $R001F70                   000000014004e150     Viewex.res
 0005:00003288       $R0020A8                   000000014004e288     Viewex.res
 0005:00003340       $R002160                   000000014004e340     Viewex.res
 0005:00003368       $R002188                   000000014004e368     Viewex.res
 0005:000034a0       $R0022C0                   000000014004e4a0     Viewex.res
 0005:000034b8       $R0022D8                   000000014004e4b8     Viewex.res
 0005:000035f0       $R002410                   000000014004e5f0     Viewex.res
 0005:00003608       $R002428                   000000014004e608     Viewex.res
 0005:00003740       $R002560                   000000014004e740     Viewex.res
 0005:00003758       $R002578                   000000014004e758     Viewex.res
 0005:00003890       $R0026B0                   000000014004e890     Viewex.res
 0005:000038a8       $R0026C8                   000000014004e8a8     Viewex.res
 0005:000039e0       $R002800                   000000014004e9e0     Viewex.res
 0005:000039f8       $R002818                   000000014004e9f8     Viewex.res
 0005:00003b30       $R002950                   000000014004eb30     Viewex.res
 0005:00003b48       $R002968                   000000014004eb48     Viewex.res
 0005:00003c80       $R002AA0                   000000014004ec80     Viewex.res
 0005:00003c98       $R002AB8                   000000014004ec98     Viewex.res
 0005:00003dd0       $R002BF0                   000000014004edd0     Viewex.res
 0005:00003de8       $R002C08                   000000014004ede8     Viewex.res
 0005:00003f20       $R002D40                   000000014004ef20     Viewex.res
 0005:00003f38       $R002D58                   000000014004ef38     Viewex.res
 0005:00004070       $R002E90                   000000014004f070     Viewex.res
 0005:00004088       $R002EA8                   000000014004f088     Viewex.res
 0005:000041c0       $R002FE0                   000000014004f1c0     Viewex.res
 0005:000041d8       $R002FF8                   000000014004f1d8     Viewex.res
 0005:00004310       $R003130                   000000014004f310     Viewex.res
 0005:00004328       $R003148                   000000014004f328     Viewex.res
 0005:00004460       $R003280                   000000014004f460     Viewex.res
 0005:00004478       $R003298                   000000014004f478     Viewex.res
 0005:000045b0       $R0033D0                   000000014004f5b0     Viewex.res
 0005:000045c8       $R0033E8                   000000014004f5c8     Viewex.res
 0005:000046b0       $R0034D0                   000000014004f6b0     Viewex.res
 0005:000046e8       $R003508                   000000014004f6e8     Viewex.res
 0005:000047a0       $R0035C0                   000000014004f7a0     Viewex.res
 0005:000048e8       $R003708                   000000014004f8e8     Viewex.res
 0005:00004930       $R003750                   000000014004f930     Viewex.res
 0005:00004998       $R0037B8                   000000014004f998     Viewex.res
 0005:00004a60       $R003880                   000000014004fa60     Viewex.res
 0005:00004ae8       $R003908                   000000014004fae8     Viewex.res
 0005:00004b18       $R003938                   000000014004fb18     Viewex.res
 0005:00004ca0       $R003AC0                   000000014004fca0     Viewex.res
 0005:00005188       $R003FA8                   0000000140050188     Viewex.res
 0005:00005328       $R004148                   0000000140050328     Viewex.res
 0005:00005608       $R004428                   0000000140050608     Viewex.res
 0005:00005870       $R004690                   0000000140050870     Viewex.res
 0005:000058c0       $R0046E0                   00000001400508c0     Viewex.res
 0005:00005d68       $R004B88                   0000000140050d68     Viewex.res
 0005:00005f90       $R004DB0                   0000000140050f90     Viewex.res
 0005:00006070       $R004E90                   0000000140051070     Viewex.res
 0005:000060a0       $R004EC0                   00000001400510a0     Viewex.res
 0005:00006130       $R004F50                   0000000140051130     Viewex.res
 0005:00006670       $R005490                   0000000140051670     Viewex.res
