 viewex

 Timestamp is 590acb80 (Thu May 04 15:34:40 2017)

 Preferred load address is 0000000140000000

 Start         Length     Name                   Class
 0001:00000000 000000f8H .text$di                CODE
 0001:00000100 0002cb48H .text$mn                CODE
 0001:0002cc50 00000e2fH .text$x                 CODE
 0001:0002da80 00000234H .text$yd                CODE
 0002:00000000 00000900H .idata$5                DATA
 0002:00000900 00000008H .CRT$XCA                DATA
 0002:00000908 00000008H .CRT$XCL                DATA
 0002:00000910 00000038H .CRT$XCU                DATA
 0002:00000948 00000008H .CRT$XCZ                DATA
 0002:00000950 00000008H .CRT$XIA                DATA
 0002:00000958 00000020H .CRT$XIC                DATA
 0002:00000978 00000008H .CRT$XIY                DATA
 0002:00000980 00000008H .CRT$XIZ                DATA
 0002:00000988 00000008H .CRT$XPA                DATA
 0002:00000990 00000010H .CRT$XPX                DATA
 0002:000009a0 00000008H .CRT$XPXA               DATA
 0002:000009a8 00000008H .CRT$XPZ                DATA
 0002:000009b0 00000008H .CRT$XTA                DATA
 0002:000009b8 00000008H .CRT$XTZ                DATA
 0002:000009c0 00009110H .rdata                  DATA
 0002:00009ad0 00001e3cH .rdata$r                DATA
 0002:0000b910 00000008H .rtc$IAA                DATA
 0002:0000b918 00000008H .rtc$IZZ                DATA
 0002:0000b920 00000008H .rtc$TAA                DATA
 0002:0000b928 00000008H .rtc$TZZ                DATA
 0002:0000b930 00004968H .xdata                  DATA
 0002:00010298 0000025cH .xdata$x                DATA
 0002:000104f8 00000000H ATL$__a                 DATA
 0002:000104f8 00000000H ATL$__z                 DATA
 0002:000104f8 00000000H .edata                  DATA
 0002:000104f8 000000b4H .idata$2                DATA
 0002:000105ac 00000014H .idata$3                DATA
 0002:000105c0 00000900H .idata$4                DATA
 0002:00010ec0 0000132cH .idata$6                DATA
 0003:00000000 00001850H .data                   DATA
 0003:00001850 000009a8H .data$r                 DATA
 0003:00002200 00002918H .bss                    DATA
 0004:00000000 0000303cH .pdata                  DATA
 0005:00000000 000011e0H .rsrc$01                DATA
 0005:000011e0 000056b8H .rsrc$02                DATA

  Address         Publics by Value              Rva+Base               Lib:Object

 0000:00000000       ___safe_se_handler_table   0000000000000000     <absolute>
 0000:00000000       __guard_fids_table         0000000000000000     <absolute>
 0000:00000000       __guard_fids_count         0000000000000000     <absolute>
 0000:00000000       __guard_flags              0000000000000000     <absolute>
 0000:00000000       ___safe_se_handler_count   0000000000000000     <absolute>
 0000:00000000       __ImageBase                0000000140000000     <linker-defined>
 0001:00000100       ?GetRuntimeClass@CEnterDlg@@UEBAPEAUCRuntimeClass@@XZ 0000000140001100 f   Enterdlg.obj
 0001:00000110       ??_GCEnterDlg@@UEAAPEAXI@Z 0000000140001110 f i Enterdlg.obj
 0001:00000110       ??_ECEnterDlg@@UEAAPEAXI@Z 0000000140001110 f i * CIL library *:* CIL module *
 0001:00000180       ??1CEnterDlg@@UEAA@XZ      0000000140001180 f i Enterdlg.obj
 0001:000001d0       ?DoDataExchange@CEnterDlg@@MEAAXPEAVCDataExchange@@@Z 00000001400011d0 f   Enterdlg.obj
 0001:000001e0       ?_ProcessWindowMessage@CEnterDlg@@UEAAHPEAUHWND__@@I_K_JAEA_J@Z 00000001400011e0 f i Enterdlg.obj
 0001:000001e0       ?_ProcessWindowMessage@CCommonDialog@@UEAAHPEAUHWND__@@I_K_JAEA_J@Z 00000001400011e0 f i Maindoc.obj
 0001:000001f0       ?GetBuffer@CString@WTL@@QEAAPEADH@Z 00000001400011f0 f i Enterdlg.obj
 0001:000002c0       ?CopyBeforeWrite@CString@WTL@@IEAAXXZ 00000001400012c0 f i Enterdlg.obj
 0001:00000370       ?DDX_Text@@YAXPEAVCDataExchange@@HAEAVCString@WTL@@@Z 0000000140001370 f i Enterdlg.obj
 0001:00000440       ?AssignCopy@CString@WTL@@IEAAXHPEBD@Z 0000000140001440 f i Enterdlg.obj
 0001:00000514       ??_9CDialog@@$BOI@AA       0000000140001514 f i Enterdlg.obj
 0001:00000520       ??_9CDialog@@$BPA@AA       0000000140001520 f i Enterdlg.obj
 0001:00000530       ?_ProcessWindowMessage@CDialog@@UEAAHPEAUHWND__@@I_K_JAEA_J@Z 0000000140001530 f i Enterdlg.obj
 0001:000005e0       ?OnCmdMsg@CDialog@@UEAAHIHPEAXPEAUAFX_CMDHANDLERINFO@@@Z 00000001400015e0 f i Enterdlg.obj
 0001:000006a0       ??_GCNewTypeDlg@@UEAAPEAXI@Z 00000001400016a0 f i Viewex.obj
 0001:000006a0       ??_GCDialog@@UEAAPEAXI@Z   00000001400016a0 f i Enterdlg.obj
 0001:000006a0       ??_GCWnd@@UEAAPEAXI@Z      00000001400016a0 f i Enterdlg.obj
 0001:000006a0       ??_ECWnd@@UEAAPEAXI@Z      00000001400016a0 f i * CIL library *:* CIL module *
 0001:000006a0       ??_ECNewTypeDlg@@UEAAPEAXI@Z 00000001400016a0 f i * CIL library *:* CIL module *
 0001:000006a0       ??_ECDialog@@UEAAPEAXI@Z   00000001400016a0 f i * CIL library *:* CIL module *
 0001:000006d0       ?PreTranslateMessage@CDialog@@UEAAHPEAUtagMSG@@@Z 00000001400016d0 f i Enterdlg.obj
 0001:000007e0       ?OnOK@CDialog@@UEAAXXZ     00000001400017e0 f i Enterdlg.obj
 0001:00000870       ?OnCancel@CDialog@@UEAAXXZ 0000000140001870 f i Enterdlg.obj
 0001:000008b0       ?Create@CDialog@@UEAAHIPEAVCWnd@@@Z 00000001400018b0 f i Enterdlg.obj
 0001:000008c0       ?CreateIndirect@CDialog@@UEAAHPEAXPEAVCWnd@@PEAUHINSTANCE__@@@Z 00000001400018c0 f i Enterdlg.obj
 0001:00000940       ??1CDialog@@UEAA@XZ        0000000140001940 f i Enterdlg.obj
 0001:00000940       ??1CNewTypeDlg@@UEAA@XZ    0000000140001940 f i Viewex.obj
 0001:00000940       ??1CCommonDialog@@UEAA@XZ  0000000140001940 f i Maindoc.obj
 0001:00000950       ?classHandleFuncCDialog@CDialog@@SAPEAXPEAX0@Z 0000000140001950 f i Enterdlg.obj
 0001:000009f0       ?WindowProc@CWnd@@UEAA_JI_K_J@Z 00000001400019f0 f i Enterdlg.obj
 0001:00000a60       ?_AfxTopChildWindowFromPoint@CWnd@@SAPEAUHWND__@@PEAU2@UtagPOINT@@@Z 0000000140001a60 f i Enterdlg.obj
 0001:00000b60       ?OnToolHitTest@CWnd@@UEBA_JVCPoint@WTL@@PEAUtagTOOLINFOA@@@Z 0000000140001b60 f i Enterdlg.obj
 0001:00000c10       ?GetParent@CWnd@@QEAAPEAV1@XZ 0000000140001c10 f i Enterdlg.obj
 0001:00000d90       ?Enable@CCmdUI@@UEAAXH@Z   0000000140001d90 f i Enterdlg.obj
 0001:00000e40       ?SetCheck@CCmdUI@@UEAAXH@Z 0000000140001e40 f i Enterdlg.obj
 0001:00000ed0       ?SetRadio@CCmdUI@@UEAAXH@Z 0000000140001ed0 f i Enterdlg.obj
 0001:00000f30       ?AfxSetWindowText@CAfx@@SAXPEAUHWND__@@PEBD@Z 0000000140001f30 f i Enterdlg.obj
 0001:00000ff0       ?SetText@CCmdUI@@UEAAXPEBD@Z 0000000140001ff0 f i Enterdlg.obj
 0001:00001070       ?Enable@CTestCmdUI@@UEAAXH@Z 0000000140002070 f i Enterdlg.obj
 0001:00001080       ?Serialize@CObject@@UEAAXAEAVCArchive@@@Z 0000000140002080 f i Enterdlg.obj
 0001:00001080       ?OnFileNameChange@CFileDialogMTL@@UEAAXXZ 0000000140002080 f i Maindoc.obj
 0001:00001080       ?SetRadio@CTestCmdUI@@UEAAXH@Z 0000000140002080 f i Enterdlg.obj
 0001:00001080       ?Serialize@CMainDoc@@UEAAXAEAVCArchive@@@Z 0000000140002080 f i Maindoc.obj
 0001:00001080       ?PreCloseFrame@CDocument@@UEAAXPEAVCFrameWnd@@@Z 0000000140002080 f i Maindoc.obj
 0001:00001080       ?OnActivateFrame@CView@@UEAAXIPEAVCFrameWnd@@@Z 0000000140002080 f i Inputvw.obj
 0001:00001080       ?OnTypeChange@CFileDialogMTL@@UEAAXXZ 0000000140002080 f i Maindoc.obj
 0001:00001080       ?SetCheck@CTestCmdUI@@UEAAXH@Z 0000000140002080 f i Enterdlg.obj
 0001:00001080       ?OnShowMenuBar@CFrameWnd@@UEAAXXZ 0000000140002080 f i Splitter.obj
 0001:00001080       ?DeleteContents@CDocument@@UEAAXXZ 0000000140002080 f i Maindoc.obj
 0001:00001080       ?DoDataExchange@CWMHnd@@UEAAXPEAVCDataExchange@@@Z 0000000140002080 f i Enterdlg.obj
 0001:00001080       ?OnBeginPrinting@CView@@UEAAXPEAVCDCMTL@@PEAUCPrintInfo@@@Z 0000000140002080 f i Inputvw.obj
 0001:00001080       ?RegisterShellFileTypes@CDocManager@@UEAAXH@Z 0000000140002080 f i Viewex.obj
 0001:00001080       ?SetText@CTestCmdUI@@UEAAXPEBD@Z 0000000140002080 f i Enterdlg.obj
 0001:00001080       ?PostNcDestroy@CWMHnd@@UEAAXXZ 0000000140002080 f i Enterdlg.obj
 0001:00001080       ?OnEndPrinting@CView@@UEAAXPEAVCDCMTL@@PEAUCPrintInfo@@@Z 0000000140002080 f i Inputvw.obj
 0001:00001080       ?OnDocumentEvent@CDocument@@UEAAXW4DocumentEvent@1@@Z 0000000140002080 f i Maindoc.obj
 0001:00001080       ?OnActivateView@CColorView@@UEAAXHPEAVCView@@0@Z 0000000140002080 f i Simpvw.obj
 0001:00001080       ?OnLBSelChangedNotify@CFileDialogMTL@@UEAAXIII@Z 0000000140002080 f i Maindoc.obj
 0001:00001080       ?OnDraw@CView@@UEAAXPEAVCDCMTL@@@Z 0000000140002080 f i Inputvw.obj
 0001:00001080       ?OnHideMenuBar@CFrameWnd@@UEAAXXZ 0000000140002080 f i Splitter.obj
 0001:00001080       ?OnFolderChange@CFileDialogMTL@@UEAAXXZ 0000000140002080 f i Maindoc.obj
 0001:00001090       ?OnCommand@CWnd@@UEAAH_K_J@Z 0000000140002090 f i Enterdlg.obj
 0001:000011c0       ??_GCDCMTL@@UEAAPEAXI@Z    00000001400021c0 f i Enterdlg.obj
 0001:000011c0       ??_ECDCMTL@@UEAAPEAXI@Z    00000001400021c0 f i * CIL library *:* CIL module *
 0001:00001240       ?SetAttribDC@CDCMTL@@UEAAXPEAUHDC__@@@Z 0000000140002240 f i Enterdlg.obj
 0001:00001250       ?ReleaseAttribDC@CDCMTL@@UEAAXXZ 0000000140002250 f i Enterdlg.obj
 0001:00001260       ?SaveDC@CDCMTL@@UEAAHXZ    0000000140002260 f i Enterdlg.obj
 0001:000012b0       ?RestoreDC@CDCMTL@@UEAAHH@Z 00000001400022b0 f i Enterdlg.obj
 0001:00001310       ?TextOutA@CDCMTL@@UEAAHHHPEBDH@Z 0000000140002310 f i Enterdlg.obj
 0001:00001320       ??1?$CDCT@$00@WTL@@QEAA@XZ 0000000140002320 f i Enterdlg.obj
 0001:00001340       ?RemoveHandle@?$CHandleList@PEAXVCGdiObject@@PEAUHWND__@@@@QEAAPEAXQEAX@Z 0000000140002340 f i Inputvw.obj
 0001:00001340       ?RemoveHandle@?$CHandleList@PEAUHMENU__@@VCMenuMTL@@PEAUHWND__@@@@QEAAPEAUHMENU__@@QEAU2@@Z 0000000140002340 f i Enterdlg.obj
 0001:00001340       ?RemoveHandle@?$CHandleList@PEAUHDC__@@VCDCMTL@@PEAUHWND__@@@@QEAAPEAUHDC__@@QEAU2@@Z 0000000140002340 f i Enterdlg.obj
 0001:000013c0       ??1CDCMTL@@UEAA@XZ         00000001400023c0 f i Enterdlg.obj
 0001:00001430       ?UnsubclassWindow@CWMHnd@@QEAAPEAUHWND__@@XZ 0000000140002430 f i Enterdlg.obj
 0001:000014b0       ?OnNcDestroy@CWnd@@QEAAXXZ 00000001400024b0 f i Enterdlg.obj
 0001:000015c0       ?_ProcessWindowMessage@CWnd@@UEAAHPEAUHWND__@@I_K_JAEA_J@Z 00000001400025c0 f i Enterdlg.obj
 0001:000018e0       ?OnWndMsg@CWnd@@UEAAHI_K_JPEA_J@Z 00000001400028e0 f i Enterdlg.obj
 0001:00001980       ?ReflectChildNotify@CWnd@@QEAAHI_K_JPEA_J@Z 0000000140002980 f i Enterdlg.obj
 0001:00001ac0       ?OnChildNotify@CWnd@@UEAAHI_K_JPEA_J@Z 0000000140002ac0 f i Enterdlg.obj
 0001:00001ad0       ?OnNotify@CWnd@@UEAAH_K_JPEA_J@Z 0000000140002ad0 f i Enterdlg.obj
 0001:00001bb0       ?Create@CWnd@@UEAAHPEBD0KAEBUtagRECT@@PEAV1@IPEAUCCreateContext@@@Z 0000000140002bb0 f i Enterdlg.obj
 0001:00001c70       ?CreateEx@CWnd@@UEAAHKPEBD0KHHHHPEAUHWND__@@PEAUHMENU__@@PEAX@Z 0000000140002c70 f i Enterdlg.obj
 0001:00001df0       ?PreCreateWindow@CWnd@@UEAAHAEAUtagCREATESTRUCTA@@@Z 0000000140002df0 f i Enterdlg.obj
 0001:00001e40       ??1CWnd@@UEAA@XZ           0000000140002e40 f i Enterdlg.obj
 0001:00001f10       ?classHandleFuncCWnd@CWnd@@SAPEAXPEAX0@Z 0000000140002f10 f i Enterdlg.obj
 0001:00001fa0       ?GetActiveWindow@CWnd@@SAPEAV1@XZ 0000000140002fa0 f i Enterdlg.obj
 0001:00002120       ?AllocBuffer@CString@WTL@@IEAAHH@Z 0000000140003120 f i Enterdlg.obj
 0001:000021b0       ?ConcatCopy@CString@WTL@@IEAAHHPEBDH0@Z 00000001400031b0 f i Enterdlg.obj
 0001:00002260       ?memcpy_x@SecureHelper@WTL@@YAXPEAX_KPEBX1@Z 0000000140003260 f i Enterdlg.obj
 0001:000022b0       ?ConcatInPlace@CString@WTL@@IEAAXHPEBD@Z 00000001400032b0 f i Enterdlg.obj
 0001:000023a0       ?AfxEndDeferRegisterClass@CAfx@@SAHJ@Z 00000001400033a0 f i Enterdlg.obj
 0001:00002930       ?AtlThrowImpl@ATL@@YAXJ@Z  0000000140003930 f i Enterdlg.obj
 0001:00002950       ?AtlWinModuleExtractCreateWndData@ATL@@YAPEAXPEAU_ATL_WIN_MODULE70@1@@Z 0000000140003950 f i Enterdlg.obj
 0001:000029d0       ?AtlWinModuleTerm@ATL@@YAJPEAU_ATL_WIN_MODULE70@1@PEAUHINSTANCE__@@@Z 00000001400039d0 f i Enterdlg.obj
 0001:00002ab0       ?_AtlInitializeCriticalSectionEx@ATL@@YAHPEAU_RTL_CRITICAL_SECTION@@KK@Z 0000000140003ab0 f i Enterdlg.obj
 0001:00002ac0       ??0CAtlWinModule@ATL@@QEAA@XZ 0000000140003ac0 f i Enterdlg.obj
 0001:00002b60       ?Init@CDynamicStdCallThunk@ATL@@QEAAH_KPEAX@Z 0000000140003b60 f i Enterdlg.obj
 0001:00002bf0       ?AfxWindowProc@CWMHnd@@SA_JPEAUHWND__@@I_K_J@Z 0000000140003bf0 f i Enterdlg.obj
 0001:00002c50       ?OnScroll@CView@@UEAAHIIH@Z 0000000140003c50 f i Inputvw.obj
 0001:00002c50       ?GetActivePane@CSplitterWnd@@UEAAPEAVCWnd@@AEAH0@Z 0000000140003c50 f i Splitter.obj
 0001:00002c50       ?OnFileNameOK@CFileDialogMTL@@UEAAHXZ 0000000140003c50 f i Maindoc.obj
 0001:00002c50       ?GetScrollBarCtrl@CWMHnd@@UEBAPEAVCScrollBarMTL@@H@Z 0000000140003c50 f i Enterdlg.obj
 0001:00002c50       ?IsFrameWnd@CWMHnd@@UEAAHXZ 0000000140003c50 f i Enterdlg.obj
 0001:00002c50       ?OnScrollBy@CView@@UEAAHVCSize@WTL@@H@Z 0000000140003c50 f i Inputvw.obj
 0001:00002c50       ?IsTabbedMDIChild@CMDIChildWnd@@UEAAHXZ 0000000140003c50 f i Splitter.obj
 0001:00002c50       ?PreTranslateMessage@CWMHnd@@UEAAHPEAUtagMSG@@@Z 0000000140003c50 f i Enterdlg.obj
 0001:00002c50       ?_ProcessWindowMessage@CCmdTarget@@UEAAHPEAUHWND__@@I_K_JAEA_J@Z 0000000140003c50 f i Enterdlg.obj
 0001:00002c50       ?GetDefaultAccelerator@CDocument@@UEAAPEAUHACCEL__@@XZ 0000000140003c50 f i Maindoc.obj
 0001:00002c50       ?ExitInstance@CWinApp@@UEAAHXZ 0000000140003c50 f i Viewex.obj
 0001:00002c50       ?OnShareViolation@CFileDialogMTL@@UEAAIPEBD@Z 0000000140003c50 f i Maindoc.obj
 0001:00002c60       ?OnCmdMsg@CCmdTarget@@UEAAHIHPEAXPEAUAFX_CMDHANDLERINFO@@@Z 0000000140003c60 f i Enterdlg.obj
 0001:00002db0       ??_ECWMHnd@@UEAAPEAXI@Z    0000000140003db0 f i * CIL library *:* CIL module *
 0001:00002db0       ??_GCWMHnd@@UEAAPEAXI@Z    0000000140003db0 f i Enterdlg.obj
 0001:00002e30       ?CalcWindowRect@CWMHnd@@UEAAXPEAUtagRECT@@I@Z 0000000140003e30 f i Enterdlg.obj
 0001:00002ea0       ?FromHandle@?$CHandleList@PEAUHMENU__@@VCMenuMTL@@PEAUHWND__@@@@QEAAPEAVCMenuMTL@@QEAUHMENU__@@PEAV2@QEAUHWND__@@Q6APEAXPEAX3@Z@Z 0000000140003ea0 f i Enterdlg.obj
 0001:00002f80       ??_ECMenuMTL@@UEAAPEAXI@Z  0000000140003f80 f i * CIL library *:* CIL module *
 0001:00002f80       ??_GCMenuMTL@@UEAAPEAXI@Z  0000000140003f80 f i Enterdlg.obj
 0001:00003010       ??1?$CMenuT@$00@WTL@@QEAA@XZ 0000000140004010 f i Enterdlg.obj
 0001:00003040       ??1CMenuMTL@@UEAA@XZ       0000000140004040 f i Enterdlg.obj
 0001:000030b0       ?classHandleFuncCMenuMTL@CMenuMTL@@SAPEAXPEAX0@Z 00000001400040b0 f i Enterdlg.obj
 0001:00003110       ?GetMenu@CWMHnd@@UEBAPEAVCMenuMTL@@XZ 0000000140004110 f i Enterdlg.obj
 0001:00003150       ?SetMenu@CWMHnd@@UEAAHPEAVCMenuMTL@@@Z 0000000140004150 f i Enterdlg.obj
 0001:00003170       ?GetCurrentMessage@CCmdTarget@@UEBAPEBU_ATL_MSG@ATL@@XZ 0000000140004170 f i Enterdlg.obj
 0001:00003180       ?OnInitDialog@CWMHnd@@UEAAHXZ 0000000140004180 f i Enterdlg.obj
 0001:00003180       ?OnCancel@CCommonDialog@@UEAAXXZ 0000000140004180 f i Maindoc.obj
 0001:000031b0       ??1CWndProcThunk@ATL@@QEAA@XZ 00000001400041b0 f i Enterdlg.obj
 0001:000031c0       ?RemoveHandle@?$CHandleHashList@PEAUHWND__@@VCWMHnd@@PEAU1@$0BB@@@QEAAPEAUHWND__@@QEAU2@@Z 00000001400041c0 f i Enterdlg.obj
 0001:00003280       ?RemoveOwner@?$CHandleHashList@PEAUHWND__@@VCWMHnd@@PEAU1@$0BB@@@QEAAHQEAUHWND__@@@Z 0000000140004280 f i Enterdlg.obj
 0001:00003340       ?RemoveOwner@?$CHandleList@PEAXXPEAUHWND__@@@@QEAAHQEAUHWND__@@@Z 0000000140004340 f i Enterdlg.obj
 0001:00003340       ?RemoveOwner@?$CHandleList@PEAUHMENU__@@VCMenuMTL@@PEAUHWND__@@@@QEAAHQEAUHWND__@@@Z 0000000140004340 f i Enterdlg.obj
 0001:00003340       ?RemoveOwner@?$CHandleList@PEAXVCGdiObject@@PEAUHWND__@@@@QEAAHQEAUHWND__@@@Z 0000000140004340 f i Enterdlg.obj
 0001:00003340       ?RemoveOwner@?$CHandleList@PEAUHDC__@@VCDCMTL@@PEAUHWND__@@@@QEAAHQEAUHWND__@@@Z 0000000140004340 f i Enterdlg.obj
 0001:000033d0       ?RemoveHandleWnd@CModuleThreadState@@QEAAPEAUHWND__@@PEAU2@@Z 00000001400043d0 f i Enterdlg.obj
 0001:00003470       ?classHandleFuncCWMHnd@CWMHnd@@SAPEAXPEAX0@Z 0000000140004470 f i Enterdlg.obj
 0001:000034f0       ?SubclassWindow@CWMHnd@@QEAAHPEAUHWND__@@PEAUtagCREATESTRUCTA@@@Z 00000001400044f0 f i Enterdlg.obj
 0001:000035a0       ?CbtFilterHook@CWnd@@SA_JH_K_J@Z 00000001400045a0 f i Enterdlg.obj
 0001:00003640       ?HookWindowCreate@CWnd@@SAHPEAV1@G@Z 0000000140004640 f i Enterdlg.obj
 0001:000036f0       ?CenterWindow@CWindow@ATL@@QEAAHPEAUHWND__@@@Z 00000001400046f0 f i Enterdlg.obj
 0001:000038d0       ?DefWindowProcA@CWMHnd@@UEAA_JI_K_J@Z 00000001400048d0 f i Enterdlg.obj
 0001:00003900       ?WindowProc@CWMHnd@@UEAA_JI_K_J@Z 0000000140004900 f i Enterdlg.obj
 0001:00003910       ?SendMessageToDescendants@CWnd@@QEAAXPEAUHWND__@@I_K_JHH@Z 0000000140004910 f i Enterdlg.obj
 0001:00003af0       ?ExecuteDlgInit@CWnd@@QEAAHPEAX@Z 0000000140004af0 f i Enterdlg.obj
 0001:00003c00       ?ExecuteDlgInit@CWnd@@QEAAHPEBD@Z 0000000140004c00 f i Enterdlg.obj
 0001:00003ca0       ?EndModalLoop@CWnd@@UEAAXH@Z 0000000140004ca0 f i Enterdlg.obj
 0001:00003cd0       ?OnInitDialog@CDialog@@UEAAHXZ 0000000140004cd0 f i Enterdlg.obj
 0001:00003d80       ?AfxDlgProc@CWnd@@SA_JPEAUHWND__@@I_K_J@Z 0000000140004d80 f i Enterdlg.obj
 0001:00003e00       ?CreateDlgIndirect@CWnd@@QEAAHPEBUDLGTEMPLATE@@PEAV1@PEAUHINSTANCE__@@@Z 0000000140004e00 f i Enterdlg.obj
 0001:00003eb0       ?CreateDlg@CWnd@@QEAAHPEBDPEAV1@@Z 0000000140004eb0 f i Enterdlg.obj
 0001:00003f50       ?Create@CDialog@@UEAAHPEBDPEAVCWnd@@@Z 0000000140004f50 f i Enterdlg.obj
 0001:00003fa0       ?FromHandle@?$CHandleHashList@PEAUHWND__@@VCWMHnd@@PEAU1@$0BB@@@QEAAPEAVCWMHnd@@QEAUHWND__@@PEAV2@0Q6APEAXPEAX2@Z@Z 0000000140004fa0 f i Enterdlg.obj
 0001:000040e0       ?FromHandlePermanent@CWnd@@SAPEAV1@PEAUHWND__@@@Z 00000001400050e0 f i Enterdlg.obj
 0001:00004150       ??1?$CList@PEAXPEAX@@QEAA@XZ 0000000140005150 f i Inputvw.obj
 0001:00004150       ??1?$CList@PEAUCRuntimeClass@@AEBQEAU1@@@QEAA@XZ 0000000140005150 f i Enterdlg.obj
 0001:00004150       ??1?$CList@PEAUHWND__@@PEAU1@@@QEAA@XZ 0000000140005150 f i Splitter.obj
 0001:00004150       ??1?$CList@PEAVCFrameWnd@@AEBQEAV1@@@QEAA@XZ 0000000140005150 f i Viewex.obj
 0001:00004180       ??1CString@WTL@@QEAA@XZ    0000000140005180 f i Enterdlg.obj
 0001:00004180       ??1CStringW@@QEAA@XZ       0000000140005180 f i Maindoc.obj
 0001:000041b0       ??1CModuleState@@QEAA@XZ   00000001400051b0 f i Enterdlg.obj
 0001:00004230       ?AfxGetModuleState@@YAPEAVCModuleState@@XZ 0000000140005230 f i Enterdlg.obj
 0001:000042a0       ?PreTranslateMessage@CWnd@@UEAAHPEAUtagMSG@@@Z 00000001400052a0 f i Enterdlg.obj
 0001:000042e0       ?ContinueModal@CWnd@@UEAAHXZ 00000001400052e0 f i Enterdlg.obj
 0001:000042f0       ?IsIdleMessage@CWinApp@@SAHPEAUtagMSG@@@Z 00000001400052f0 f i Enterdlg.obj
 0001:00004320       ?RunModalLoop@CWnd@@QEAAHK@Z 0000000140005320 f i Enterdlg.obj
 0001:000044e0       ?EnableWindow@CWMHnd@@UEAAXH@Z 00000001400054e0 f i Enterdlg.obj
 0001:00004500       ?DestroyWindow@CWnd@@UEAAHXZ 0000000140005500 f i Enterdlg.obj
 0001:00004500       ?DestroyWindow@CWMHnd@@UEAAHXZ 0000000140005500 f i Enterdlg.obj
 0001:00004520       ?DoModal@CDialog@@UEAA_JXZ 0000000140005520 f i Enterdlg.obj
 0001:000048a0       ?CreateObject@CInputView@@SAPEAVCObject@@XZ 00000001400058a0 f   Inputvw.obj
 0001:000048e0       ?GetRuntimeClass@CInputView@@UEBAPEAUCRuntimeClass@@XZ 00000001400058e0 f   Inputvw.obj
 0001:000048f0       ??0CInputView@@IEAA@XZ     00000001400058f0 f   Inputvw.obj
 0001:00004980       ??_GCInputView@@MEAAPEAXI@Z 0000000140005980 f i Inputvw.obj
 0001:00004980       ??_ECInputView@@MEAAPEAXI@Z 0000000140005980 f i * CIL library *:* CIL module *
 0001:00004a00       ?OnUpdate@CInputView@@MEAAXPEAVCView@@_JPEAVCObject@@@Z 0000000140005a00 f   Inputvw.obj
 0001:00004ac0       ?DoDataExchange@CInputView@@MEAAXPEAVCDataExchange@@@Z 0000000140005ac0 f   Inputvw.obj
 0001:00004b00       ?_ProcessWindowMessage@CInputView@@UEAAHPEAUHWND__@@I_K_JAEA_J@Z 0000000140005b00 f i Inputvw.obj
 0001:00004ba0       ?OnDataChange@CInputView@@IEAAXXZ 0000000140005ba0 f   Inputvw.obj
 0001:00004ca0       ?UpdateAllViews@CDocument@@QEAAXPEAVCView@@_JPEAVCObject@@@Z 0000000140005ca0 f i Inputvw.obj
 0001:00004d10       ?DDX_Radio@@YAXPEAVCDataExchange@@HAEAH@Z 0000000140005d10 f i Inputvw.obj
 0001:00004e00       ??4CString@WTL@@QEAAAEAV01@AEBV01@@Z 0000000140005e00 f i Inputvw.obj
 0001:00004e90       ??1CFormView@@UEAA@XZ      0000000140005e90 f i Inputvw.obj
 0001:00004ea0       ??0_AUX_DATA@@QEAA@XZ      0000000140005ea0 f i Inputvw.obj
 0001:00004fb0       ??0CScrollView@@QEAA@XZ    0000000140005fb0 f i Inputvw.obj
 0001:00005060       ??_GCScrollView@@UEAAPEAXI@Z 0000000140006060 f i Inputvw.obj
 0001:00005060       ??_ECScrollView@@UEAAPEAXI@Z 0000000140006060 f i * CIL library *:* CIL module *
 0001:00005090       ??1CScrollView@@UEAA@XZ    0000000140006090 f i Inputvw.obj
 0001:00005100       ?SetScaleToFitSize@CScrollView@@QEAAXUtagSIZE@@@Z 0000000140006100 f i Inputvw.obj
 0001:00005240       ?OnHScroll@CScrollView@@QEAAXIIPEAVCScrollBarMTL@@@Z 0000000140006240 f i Inputvw.obj
 0001:000052e0       ?DoMouseWheel@CScrollView@@QEAAHIFVCPoint@WTL@@@Z 00000001400062e0 f i Inputvw.obj
 0001:00005490       ?OnVScroll@CScrollView@@QEAAXIIPEAVCScrollBarMTL@@@Z 0000000140006490 f i Inputvw.obj
 0001:00005540       ?AfxRegisterWndClass@CAfx@@SAPEBDIPEAUHICON__@@PEAUHBRUSH__@@0@Z 0000000140006540 f i Inputvw.obj
 0001:000056d0       ??_GCBrushMTL@@UEAAPEAXI@Z 00000001400066d0 f i Simpvw.obj
 0001:000056d0       ??_ECRgnMTL@@UEAAPEAXI@Z   00000001400066d0 f i * CIL library *:* CIL module *
 0001:000056d0       ??_ECBrushMTL@@UEAAPEAXI@Z 00000001400066d0 f i * CIL library *:* CIL module *
 0001:000056d0       ??_GCRgnMTL@@UEAAPEAXI@Z   00000001400066d0 f i Inputvw.obj
 0001:00005760       ??1?$CBrushT@$00@WTL@@QEAA@XZ 0000000140006760 f i Simpvw.obj
 0001:00005760       ??1?$CRgnT@$00@WTL@@QEAA@XZ 0000000140006760 f i Inputvw.obj
 0001:00005790       ??1CRgnMTL@@UEAA@XZ        0000000140006790 f i Inputvw.obj
 0001:00005800       ?SetCapture@CWnd@@QEAAPEAV1@XZ 0000000140006800 f i Inputvw.obj
 0001:00005980       ?Create@_AFX_MOUSEANCHORWND@@QEAAHPEAVCScrollView@@@Z 0000000140006980 f i Inputvw.obj
 0001:00005b30       ?OnPaint@_AFX_MOUSEANCHORWND@@QEAAXXZ 0000000140006b30 f i Inputvw.obj
 0001:00005c90       ?OnTimer@_AFX_MOUSEANCHORWND@@QEAAX_K@Z 0000000140006c90 f i Inputvw.obj
 0001:00005f50       ?_ProcessWindowMessage@_AFX_MOUSEANCHORWND@@UEAAHPEAUHWND__@@I_K_JAEA_J@Z 0000000140006f50 f i Inputvw.obj
 0001:00005f90       ??_E_AFX_MOUSEANCHORWND@@UEAAPEAXI@Z 0000000140006f90 f i * CIL library *:* CIL module *
 0001:00005f90       ??_G_AFX_MOUSEANCHORWND@@UEAAPEAXI@Z 0000000140006f90 f i Inputvw.obj
 0001:00005fd0       ?WindowProc@_AFX_MOUSEANCHORWND@@UEAA_JI_K_J@Z 0000000140006fd0 f i Inputvw.obj
 0001:000060e0       ?PostNcDestroy@_AFX_MOUSEANCHORWND@@UEAAXXZ 00000001400070e0 f i Inputvw.obj
 0001:000060e0       ?PostNcDestroy@CFrameWnd@@UEAAXXZ 00000001400070e0 f i Splitter.obj
 0001:000060e0       ?PostNcDestroy@CView@@UEAAXXZ 00000001400070e0 f i Inputvw.obj
 0001:00006100       ?HandleMButtonDown@CScrollView@@QEAA_J_K_J@Z 0000000140007100 f i Inputvw.obj
 0001:00006320       ?_ProcessWindowMessage@CScrollView@@UEAAHPEAUHWND__@@I_K_JAEA_J@Z 0000000140007320 f i Inputvw.obj
 0001:00006560       ?_ProcessWindowMessage@CFormView@@UEAAHPEAUHWND__@@I_K_JAEA_J@Z 0000000140007560 f i Inputvw.obj
 0001:000068b0       ?AddView@CDocument@@QEAAXPEAVCView@@@Z 00000001400078b0 f i Inputvw.obj
 0001:00006950       ?OnDestroy@CView@@QEAAXXZ  0000000140007950 f i Inputvw.obj
 0001:00006a00       ?OnMouseActivate@CView@@QEAAHPEAVCWnd@@II@Z 0000000140007a00 f i Inputvw.obj
 0001:00006ad0       ??_GCPaintDCMTL@@UEAAPEAXI@Z 0000000140007ad0 f i Inputvw.obj
 0001:00006ad0       ??_ECPaintDCMTL@@UEAAPEAXI@Z 0000000140007ad0 f i * CIL library *:* CIL module *
 0001:00006b00       ??1CPaintDCMTL@@UEAA@XZ    0000000140007b00 f i Inputvw.obj
 0001:00006b80       ?OnPaint@CView@@QEAAXXZ    0000000140007b80 f i Inputvw.obj
 0001:00006cb0       ?OnPrintClient@CView@@QEAA_JPEAVCDCMTL@@I@Z 0000000140007cb0 f i Inputvw.obj
 0001:00006d14       ??_9CView@@$BBBI@AA        0000000140007d14 f i Inputvw.obj
 0001:00006d20       ?_ProcessWindowMessage@CView@@UEAAHPEAUHWND__@@I_K_JAEA_J@Z 0000000140007d20 f i Inputvw.obj
 0001:00006f20       ?OnCmdMsg@CView@@UEAAHIHPEAXPEAUAFX_CMDHANDLERINFO@@@Z 0000000140007f20 f i Inputvw.obj
 0001:00006fa0       ??_ECColorView@@UEAAPEAXI@Z 0000000140007fa0 f i * CIL library *:* CIL module *
 0001:00006fa0       ??_GCView@@UEAAPEAXI@Z     0000000140007fa0 f i Inputvw.obj
 0001:00006fa0       ??_ECView@@UEAAPEAXI@Z     0000000140007fa0 f i * CIL library *:* CIL module *
 0001:00006fa0       ??_GCColorView@@UEAAPEAXI@Z 0000000140007fa0 f i Simpvw.obj
 0001:00006fa0       ??_GCTextView@@UEAAPEAXI@Z 0000000140007fa0 f i Simpvw.obj
 0001:00006fa0       ??_ECTextView@@UEAAPEAXI@Z 0000000140007fa0 f i * CIL library *:* CIL module *
 0001:00007000       ?GetParentFrame@CWnd@@QEAAPEAVCFrameWnd@@XZ 0000000140008000 f i Inputvw.obj
 0001:00007000       ?EnsureParentFrame@CWnd@@QEAAPEAVCFrameWnd@@XZ 0000000140008000 f i Inputvw.obj
 0001:00007060       ??1CDocument@@QEAA@XZ      0000000140008060 f i Inputvw.obj
 0001:00007150       ?OnCloseDocument@CDocument@@QEAAXXZ 0000000140008150 f i Inputvw.obj
 0001:00007230       ?UpdateFrameCounts@CDocument@@QEAAXXZ 0000000140008230 f i Inputvw.obj
 0001:000073f0       ?RemoveView@CDocument@@QEAAXPEAVCView@@@Z 00000001400083f0 f i Inputvw.obj
 0001:000074a0       ??1CView@@UEAA@XZ          00000001400084a0 f i Inputvw.obj
 0001:000074e0       ?GetTopLevelFrame@CWnd@@QEAAPEAVCFrameWnd@@XZ 00000001400084e0 f i Inputvw.obj
 0001:000075b0       ?PreTranslateMessage@CFormView@@UEAAHPEAUtagMSG@@@Z 00000001400085b0 f i Inputvw.obj
 0001:000076e0       ??_GCWindowDCMTL@@UEAAPEAXI@Z 00000001400086e0 f i Inputvw.obj
 0001:000076e0       ??_ECWindowDCMTL@@UEAAPEAXI@Z 00000001400086e0 f i * CIL library *:* CIL module *
 0001:00007710       ??1CWindowDCMTL@@UEAA@XZ   0000000140008710 f i Inputvw.obj
 0001:00007790       ?GetScrollBarState@CScrollView@@QEAAXVCSize@WTL@@AEAV23@1AEAVCPoint@3@H@Z 0000000140008790 f i Inputvw.obj
 0001:00007930       ?ScrollToDevicePosition@CScrollView@@QEAAXUtagPOINT@@@Z 0000000140008930 f i Inputvw.obj
 0001:00007a40       ?EnableScrollBarCtrl@CWMHnd@@QEAAXHH@Z 0000000140008a40 f i Inputvw.obj
 0001:00007ac0       ?UpdateBars@CScrollView@@QEAAXXZ 0000000140008ac0 f i Inputvw.obj
 0001:00007e90       ?SetScrollSizes@CScrollView@@QEAAXHUtagSIZE@@AEBU2@1@Z 0000000140008e90 f i Inputvw.obj
 0001:000080b0       ?Create@CFormView@@UEAAHPEBD0KAEBUtagRECT@@PEAVCWnd@@IPEAUCCreateContext@@@Z 00000001400090b0 f i Inputvw.obj
 0001:000082f0       ?PreCreateWindow@CView@@UEAAHAEAUtagCREATESTRUCTA@@@Z 00000001400092f0 f i Inputvw.obj
 0001:00008340       ?OnActivateFrame@CFormView@@UEAAXIPEAVCFrameWnd@@@Z 0000000140009340 f i Inputvw.obj
 0001:00008390       ?OnActivateView@CFormView@@UEAAXHPEAVCView@@0@Z 0000000140009390 f i Inputvw.obj
 0001:00008420       ?SetActiveView@CFrameWnd@@QEAAXPEAVCView@@H@Z 0000000140009420 f i Inputvw.obj
 0001:000084c0       ?GetOwner@CWnd@@QEAAPEAV1@XZ 00000001400094c0 f i Inputvw.obj
 0001:00008650       ?GetTopLevelParent@CWnd@@QEAAPEAV1@XZ 0000000140009650 f i Inputvw.obj
 0001:00008890       ?GetForegroundWindow@CWnd@@SAPEAV1@XZ 0000000140009890 f i Inputvw.obj
 0001:00008a10       ?GetLastActivePopup@CWnd@@QEAAPEAV1@XZ 0000000140009a10 f i Inputvw.obj
 0001:00008b90       ?OnActivateView@CView@@UEAAXHPEAV1@0@Z 0000000140009b90 f i Inputvw.obj
 0001:00008bd0       ?OnEndPrintPreview@CView@@UEAAXPEAVCDCMTL@@PEAUCPrintInfo@@UtagPOINT@@PEAVCPreviewView@@@Z 0000000140009bd0 f i Inputvw.obj
 0001:00008db0       ?OnInitialUpdate@CView@@UEAAXXZ 0000000140009db0 f i Inputvw.obj
 0001:00008dd0       ?OnInitialUpdate@CFormView@@UEAAXXZ 0000000140009dd0 f i Inputvw.obj
 0001:00008e40       ?OnPrint@CView@@UEAAXPEAVCDCMTL@@PEAUCPrintInfo@@@Z 0000000140009e40 f i Inputvw.obj
 0001:00008e50       ?OnPrepareDC@CView@@UEAAXPEAVCDCMTL@@PEAUCPrintInfo@@@Z 0000000140009e50 f i Inputvw.obj
 0001:00008e80       ?OnPrepareDC@CScrollView@@UEAAXPEAVCDCMTL@@PEAUCPrintInfo@@@Z 0000000140009e80 f i Inputvw.obj
 0001:00009100       ?IsFrameWnd@CFrameWnd@@UEAAHXZ 000000014000a100 f i Splitter.obj
 0001:00009100       ?InitInstance@CWinApp@@UEAAHXZ 000000014000a100 f i Viewex.obj
 0001:00009100       ?OnPreparePrinting@CView@@UEAAHPEAUCPrintInfo@@@Z 000000014000a100 f i Inputvw.obj
 0001:00009110       ?OnScroll@CScrollView@@UEAAHIIH@Z 000000014000a110 f i Inputvw.obj
 0001:000092b0       ?GetScrollLimit@CWMHnd@@QEAAHH@Z 000000014000a2b0 f i Inputvw.obj
 0001:00009390       ?ScrollWindow@CWMHnd@@QEAAXHHPEBUtagRECT@@0@Z 000000014000a390 f i Inputvw.obj
 0001:000094c0       ?OnScrollBy@CScrollView@@UEAAHVCSize@WTL@@H@Z 000000014000a4c0 f i Inputvw.obj
 0001:000096b0       ?OnUpdate@CView@@UEAAXPEAV1@_JPEAVCObject@@@Z 000000014000a6b0 f i Inputvw.obj
 0001:000096d0       ?CCalcWindowRect@CScrollView@@UEAAXPEAUtagRECT@@I@Z 000000014000a6d0 f i Inputvw.obj
 0001:00009810       ?GetWheelScrollDistance@CScrollView@@UEAA?AVCSize@WTL@@V23@HH@Z 000000014000a810 f i Inputvw.obj
 0001:00009870       ?CreateObject@CMainDoc@@SAPEAVCObject@@XZ 000000014000a870 f   Maindoc.obj
 0001:000098f0       ?GetRuntimeClass@CMainDoc@@UEBAPEAUCRuntimeClass@@XZ 000000014000a8f0 f   Maindoc.obj
 0001:00009900       ?_ProcessWindowMessage@CMainDoc@@UEAAHPEAUHWND__@@I_K_JAEA_J@Z 000000014000a900 f i Maindoc.obj
 0001:00009960       ??_ECMainDoc@@UEAAPEAXI@Z  000000014000a960 f i * CIL library *:* CIL module *
 0001:00009960       ??_GCMainDoc@@UEAAPEAXI@Z  000000014000a960 f i Maindoc.obj
 0001:000099e0       ?OnNewDocument@CMainDoc@@MEAAHXZ 000000014000a9e0 f   Maindoc.obj
 0001:00009a50       ?OnChangeData@CMainDoc@@IEAAXXZ 000000014000aa50 f   Maindoc.obj
 0001:00009cf0       ?OnOpenDocument@CDocument@@UEAAHPEBD@Z 000000014000acf0 f i Maindoc.obj
 0001:00009f90       ?OnCmdMsg@CDocument@@UEAAHIHPEAXPEAUAFX_CMDHANDLERINFO@@@Z 000000014000af90 f i Maindoc.obj
 0001:0000a010       ?AfxFormatStrings@CAfx@@SAXAEAVCString@WTL@@PEBDPEBQEBDH@Z 000000014000b010 f i Maindoc.obj
 0001:0000a1a0       ?ShowAppMessageBox@CWinApp@@SAHPEAV1@PEBDII@Z 000000014000b1a0 f i Maindoc.obj
 0001:0000a310       ?SaveModified@CDocument@@UEAAHXZ 000000014000b310 f i Maindoc.obj
 0001:0000a6f0       ?DoFileSave@CDocument@@QEAAHXZ 000000014000b6f0 f i Maindoc.obj
 0001:0000a740       ?OnFileSave@CDocument@@QEAAXXZ 000000014000b740 f i Maindoc.obj
 0001:0000a780       ?_AfxCommDlgProc@CCommonDialog@@SA_KPEAUHWND__@@I_K_J@Z 000000014000b780 f i Maindoc.obj
 0001:0000aad0       ??0CFileDialogMTL@@QEAA@HPEBD0K0PEAVCWnd@@KH@Z 000000014000bad0 f i Maindoc.obj
 0001:0000acf0       ??_GCFileDialogMTL@@UEAAPEAXI@Z 000000014000bcf0 f i Maindoc.obj
 0001:0000acf0       ??_ECFileDialogMTL@@UEAAPEAXI@Z 000000014000bcf0 f i * CIL library *:* CIL module *
 0001:0000ad20       ?OnNotify@CFileDialogMTL@@UEAAH_K_JPEA_J@Z 000000014000bd20 f i Maindoc.obj
 0001:0000aec0       ?OnOK@CCommonDialog@@UEAAXXZ 000000014000bec0 f i Maindoc.obj
 0001:0000af40       ?OnInitDone@CFileDialogMTL@@UEAAXXZ 000000014000bf40 f i Maindoc.obj
 0001:0000af60       ??1CFileDialogMTL@@UEAA@XZ 000000014000bf60 f i Maindoc.obj
 0001:0000aff0       ?Tokenize@CAfx@@SA?AVCString@WTL@@AEAV23@PEADAEAH@Z 000000014000bff0 f i Maindoc.obj
 0001:0000b0c0       ?Tokenize@@YA?AVCString@WTL@@AEAV12@PEADAEAH@Z 000000014000c0c0 f i Maindoc.obj
 0001:0000b0e0       ?AllocCopy@CString@WTL@@IEBAHAEAV12@HHH@Z 000000014000c0e0 f i Maindoc.obj
 0001:0000b1a0       ?Mid@CString@WTL@@QEBA?AV12@HH@Z 000000014000c1a0 f i Maindoc.obj
 0001:0000b220       ?Mid@CString@WTL@@QEBA?AV12@H@Z 000000014000c220 f i Maindoc.obj
 0001:0000b250       ?_AfxAppendFilterSuffix@@YAXAEAVCString@WTL@@AEAUtagOFNA@@PEAVCDocTemplate@@PEAV12@@Z 000000014000c250 f i Maindoc.obj
 0001:0000b480       ??0CStringW@@QEAA@PEBD@Z   000000014000c480 f i Maindoc.obj
 0001:0000b570       ??4CStringW@@QEAAAEAVCString@WTL@@PEBD@Z 000000014000c570 f i Maindoc.obj
 0001:0000b680       ?ApplyOFNToShellDialog@CFileDialogMTL@@QEAAXXZ 000000014000c680 f i Maindoc.obj
 0001:0000bd30       ??0CString@WTL@@QEAA@PEB_W@Z 000000014000cd30 f i Maindoc.obj
 0001:0000be10       ??4CString@WTL@@QEAAAEAV01@PEB_W@Z 000000014000ce10 f i Maindoc.obj
 0001:0000bf10       ?GetPathName@CFileDialogMTL@@QEAA?AVCString@WTL@@XZ 000000014000cf10 f i Maindoc.obj
 0001:0000c1e0       ?UpdateOFNFromShellDialog@CFileDialogMTL@@UEAAXXZ 000000014000d1e0 f i Maindoc.obj
 0001:0000c8c0       ?DoModal@CFileDialogMTL@@UEAA_JXZ 000000014000d8c0 f i Maindoc.obj
 0001:0000caa0       ?DoPromptFileName@CDocManager@@QEAAHAEAVCString@WTL@@IKHPEAVCDocTemplate@@@Z 000000014000daa0 f i Maindoc.obj
 0001:0000d0c0       ?GetFile@CDocument@@QEAAPEAVCFile@@PEBDIPEAVCFileException@@@Z 000000014000e0c0 f i Maindoc.obj
 0001:0000d160       ??0CArchive@@QEAA@PEAVCFile@@IHPEAX@Z 000000014000e160 f i Maindoc.obj
 0001:0000d240       ??1CArchive@@QEAA@XZ       000000014000e240 f i Maindoc.obj
 0001:0000d270       ??1CWaitCursor@@QEAA@XZ    000000014000e270 f i Maindoc.obj
 0001:0000d2d0       ?Abort@CFile@@UEAAXXZ      000000014000e2d0 f i Maindoc.obj
 0001:0000d300       ?AfxThrowInvalidArgException@@YAXXZ 000000014000e300 f i Maindoc.obj
 0001:0000d3a0       ??0CTime@@QEAA@AEBU_FILETIME@@H@Z 000000014000e3a0 f i Maindoc.obj
 0001:0000d490       ?GetStatus@CFile@@QEBAHAEAUCFileStatus@@@Z 000000014000e490 f i Maindoc.obj
 0001:0000d650       ?LoadStringA@CString@WTL@@QEAAHI@Z 000000014000e650 f i Maindoc.obj
 0001:0000d7a0       ??0CString@WTL@@QEAA@PEBD@Z 000000014000e7a0 f i Maindoc.obj
 0001:0000d860       ?GetFilePath@CFile@@UEBA?AVCString@WTL@@XZ 000000014000e860 f i Maindoc.obj
 0001:0000d8d0       ?GetLength@CFile@@UEBA_KXZ 000000014000e8d0 f i Maindoc.obj
 0001:0000d920       ?Open@CFile@@UEAAHPEBDIPEAVCFileException@@@Z 000000014000e920 f i Maindoc.obj
 0001:0000dae0       ?Write@CFile@@UEAAXPEBXI@Z 000000014000eae0 f i Maindoc.obj
 0001:0000dbd0       ?Seek@CFile@@UEAA_K_JI@Z   000000014000ebd0 f i Maindoc.obj
 0001:0000dc30       ?Empty@CString@WTL@@QEAAXXZ 000000014000ec30 f i Maindoc.obj
 0001:0000dcb0       ?Close@CFile@@UEAAXXZ      000000014000ecb0 f i Maindoc.obj
 0001:0000dd60       ??_GCFile@@QEAAPEAXI@Z     000000014000ed60 f i Maindoc.obj
 0001:0000ddd0       ?ReleaseFile@CDocument@@UEAAXPEAVCFile@@H@Z 000000014000edd0 f i Maindoc.obj
 0001:0000de10       ?SetModifiedFlag@CDocument@@UEAAXH@Z 000000014000ee10 f i Maindoc.obj
 0001:0000de20       ?OnSaveDocument@CDocument@@UEAAHPEBD@Z 000000014000ee20 f i Maindoc.obj
 0001:0000e020       ?_AfxFullPath2@CAfx@@SAHPEADPEBDPEAVCFileException@@@Z 000000014000f020 f i Maindoc.obj
 0001:0000e200       ?AfxGetFileTitle@CAfx@@SAIPEBDPEADI@Z 000000014000f200 f i Maindoc.obj
 0001:0000e2b0       ?GetFirstViewPosition@CDocument@@UEBAPEAU__POSITION@@XZ 000000014000f2b0 f i Maindoc.obj
 0001:0000e2c0       ?GetNextView@CDocument@@UEBAPEAVCView@@AEAPEAU__POSITION@@@Z 000000014000f2c0 f i Maindoc.obj
 0001:0000e2e0       ?SetTitle@CDocument@@UEAAXPEBD@Z 000000014000f2e0 f i Maindoc.obj
 0001:0000e330       ?SetPathName@CDocument@@UEAAXPEBDH@Z 000000014000f330 f i Maindoc.obj
 0001:0000e3f0       ?DoSave@CDocument@@UEAAHPEBDH@Z 000000014000f3f0 f i Maindoc.obj
 0001:0000e970       ?_ProcessWindowMessage@CDocument@@UEAAHPEAUHWND__@@I_K_JAEA_J@Z 000000014000f970 f i Maindoc.obj
 0001:0000ea80       ??0CFileException@@QEAA@HJPEBD@Z 000000014000fa80 f i Maindoc.obj
 0001:0000eb00       ?OsErrorToException@CFileException@@SAHJ@Z 000000014000fb00 f i Maindoc.obj
 0001:0000ecb0       ?ThrowOsError@CFileException@@SAXJPEBD@Z 000000014000fcb0 f i Maindoc.obj
 0001:0000ed20       ?Read@CFile@@UEAAIPEAXI@Z  000000014000fd20 f i Maindoc.obj
 0001:0000ed70       ?AfxThrowMemoryException@@YAXXZ 000000014000fd70 f i Maindoc.obj
 0001:0000ee10       ?AfxClassInit@@YAXPEAUCRuntimeClass@@@Z 000000014000fe10 f i Maindoc.obj
 0001:0000ee90       ?CreateObject@CTextView@@SAPEAVCObject@@XZ 000000014000fe90 f   Simpvw.obj
 0001:0000eee0       ?GetRuntimeClass@CTextView@@UEBAPEAUCRuntimeClass@@XZ 000000014000fee0 f   Simpvw.obj
 0001:0000eef0       ?_ProcessWindowMessage@CTextView@@UEAAHPEAUHWND__@@I_K_JAEA_J@Z 000000014000fef0 f i Simpvw.obj
 0001:0000eef0       ?_ProcessWindowMessage@CColorView@@UEAAHPEAUHWND__@@I_K_JAEA_J@Z 000000014000fef0 f i Simpvw.obj
 0001:0000ef70       ?OnDraw@CTextView@@UEAAXPEAVCDCMTL@@@Z 000000014000ff70 f   Simpvw.obj
 0001:0000f080       ?CreateObject@CColorView@@SAPEAVCObject@@XZ 0000000140010080 f   Simpvw.obj
 0001:0000f0d0       ?GetRuntimeClass@CColorView@@UEBAPEAUCRuntimeClass@@XZ 00000001400100d0 f   Simpvw.obj
 0001:0000f0e0       ?OnDraw@CColorView@@UEAAXPEAVCDCMTL@@@Z 00000001400100e0 f   Simpvw.obj
 0001:0000f1b0       ?CreateObject@CSplitterFrame@@SAPEAVCObject@@XZ 00000001400101b0 f   Splitter.obj
 0001:0000f220       ?GetRuntimeClass@CSplitterFrame@@UEBAPEAUCRuntimeClass@@XZ 0000000140010220 f   Splitter.obj
 0001:0000f230       ??_GCSplitterFrame@@UEAAPEAXI@Z 0000000140010230 f i Splitter.obj
 0001:0000f230       ??_ECSplitterFrame@@UEAAPEAXI@Z 0000000140010230 f i * CIL library *:* CIL module *
 0001:0000f260       ??1CSplitterFrame@@UEAA@XZ 0000000140010260 f   Splitter.obj
 0001:0000f2d0       ?OnCreateClient@CSplitterFrame@@UEAAHPEAUtagCREATESTRUCTA@@PEAUCCreateContext@@@Z 00000001400102d0 f   Splitter.obj
 0001:0000f3d0       ?_ProcessWindowMessage@C3WaySplitterFrame@@UEAAHPEAUHWND__@@I_K_JAEA_J@Z 00000001400103d0 f i Splitter.obj
 0001:0000f3d0       ?_ProcessWindowMessage@CSplitterFrame@@UEAAHPEAUHWND__@@I_K_JAEA_J@Z 00000001400103d0 f i Splitter.obj
 0001:0000f3e0       ?CreateObject@C3WaySplitterFrame@@SAPEAVCObject@@XZ 00000001400103e0 f   Splitter.obj
 0001:0000f420       ?GetRuntimeClass@C3WaySplitterFrame@@UEBAPEAUCRuntimeClass@@XZ 0000000140010420 f   Splitter.obj
 0001:0000f430       ??0C3WaySplitterFrame@@IEAA@XZ 0000000140010430 f   Splitter.obj
 0001:0000f4a0       ??_EC3WaySplitterFrame@@UEAAPEAXI@Z 00000001400104a0 f i * CIL library *:* CIL module *
 0001:0000f4a0       ??_GC3WaySplitterFrame@@UEAAPEAXI@Z 00000001400104a0 f i Splitter.obj
 0001:0000f4d0       ??1C3WaySplitterFrame@@UEAA@XZ 00000001400104d0 f   Splitter.obj
 0001:0000f580       ?OnCreateClient@C3WaySplitterFrame@@UEAAHPEAUtagCREATESTRUCTA@@PEAUCCreateContext@@@Z 0000000140010580 f   Splitter.obj
 0001:0000f6e0       ?GetRuntimeClass@CViewExSplitWnd@@UEBAPEAUCRuntimeClass@@XZ 00000001400106e0 f   Splitter.obj
 0001:0000f6f0       ??_ECViewExSplitWnd@@UEAAPEAXI@Z 00000001400106f0 f i * CIL library *:* CIL module *
 0001:0000f6f0       ??_GCSplitterWnd@@UEAAPEAXI@Z 00000001400106f0 f i Splitter.obj
 0001:0000f6f0       ??_GCViewExSplitWnd@@UEAAPEAXI@Z 00000001400106f0 f i Splitter.obj
 0001:0000f6f0       ??_ECSplitterWnd@@UEAAPEAXI@Z 00000001400106f0 f i * CIL library *:* CIL module *
 0001:0000f760       ??1CViewExSplitWnd@@UEAA@XZ 0000000140010760 f   Splitter.obj
 0001:0000f7b0       ?GetActivePane@CViewExSplitWnd@@UEAAPEAVCWnd@@PEAH0@Z 00000001400107b0 f   Splitter.obj
 0001:0000f810       ?OnHScroll@CSplitterWnd@@QEAAXIIPEAVCScrollBarMTL@@@Z 0000000140010810 f i Splitter.obj
 0001:0000f8f0       ?OnKeyDown@CSplitterWnd@@QEAAXIII@Z 00000001400108f0 f i Splitter.obj
 0001:0000fac0       ?OnLButtonDblClk@CSplitterWnd@@QEAAXIVCPoint@WTL@@@Z 0000000140010ac0 f i Splitter.obj
 0001:0000fc80       ?GetCapture@CWnd@@SAPEAV1@XZ 0000000140010c80 f i Splitter.obj
 0001:0000fe00       ?OnMouseMove@CSplitterWnd@@QEAAXIVCPoint@WTL@@@Z 0000000140010e00 f i Splitter.obj
 0001:00010010       ?OnMouseWheel@CSplitterWnd@@QEAAHIFVCPoint@WTL@@@Z 0000000140011010 f i Splitter.obj
 0001:00010220       ?OnNcCreate@CSplitterWnd@@QEAAHPEAUtagCREATESTRUCTA@@@Z 0000000140011220 f i Splitter.obj
 0001:000102c0       ?OnPaint@CSplitterWnd@@QEAAXXZ 00000001400112c0 f i Splitter.obj
 0001:000103e0       ?OnSysCommand@CSplitterWnd@@QEAAXI_J@Z 00000001400113e0 f i Splitter.obj
 0001:00010470       ?OnVScroll@CSplitterWnd@@QEAAXIIPEAVCScrollBarMTL@@@Z 0000000140011470 f i Splitter.obj
 0001:00010550       ?_ProcessWindowMessage@CSplitterWnd@@UEAAHPEAUHWND__@@I_K_JAEA_J@Z 0000000140011550 f i Splitter.obj
 0001:00010980       ?OnCommand@CSplitterWnd@@UEAAH_K_J@Z 0000000140011980 f i Splitter.obj
 0001:00010a40       ?OnNotify@CSplitterWnd@@UEAAH_K_JPEA_J@Z 0000000140011a40 f i Splitter.obj
 0001:00010ae0       ?OnDraw@CSplitterWnd@@UEAAXPEAVCDCMTL@@@Z 0000000140011ae0 f i Splitter.obj
 0001:00010c20       ?CanActivateNext@CSplitterWnd@@UEAAHH@Z 0000000140011c20 f i Splitter.obj
 0001:00010c70       ?Create@CSplitterWnd@@UEAAHPEAVCWnd@@HHUtagSIZE@@PEAUCCreateContext@@KI@Z 0000000140011c70 f i Splitter.obj
 0001:00010d20       ?AfxThrowResourceException@@YAXXZ 0000000140011d20 f i Splitter.obj
 0001:00010dc0       ?SetScrollStyle@CSplitterWnd@@QEAAXK@Z 0000000140011dc0 f i Splitter.obj
 0001:00010f90       ?CreateCommon@CSplitterWnd@@QEAAHPEAVCWnd@@UtagSIZE@@KI@Z 0000000140011f90 f i Splitter.obj
 0001:00011140       ?CreateStatic@CSplitterWnd@@UEAAHPEAVCWnd@@HHKI@Z 0000000140012140 f i Splitter.obj
 0001:00011190       ?DoKeyboardSplit@CSplitterWnd@@UEAAHXZ 0000000140012190 f i Splitter.obj
 0001:00011340       ?DoScroll@CSplitterWnd@@UEAAHPEAVCView@@IH@Z 0000000140012340 f i Splitter.obj
 0001:00011590       ?DoScrollBy@CSplitterWnd@@UEAAHPEAVCView@@VCSize@WTL@@H@Z 0000000140012590 f i Splitter.obj
 0001:000117b0       ?HitTest@CSplitterWnd@@UEBAHVCPoint@WTL@@@Z 00000001400127b0 f i Splitter.obj
 0001:000119f0       ?GetHitRect@CSplitterWnd@@UEAAXHAEAVCRect@WTL@@@Z 00000001400129f0 f i Splitter.obj
 0001:00011ee0       ?SetSplitCursor@CSplitterWnd@@UEAAXH@Z 0000000140012ee0 f i Splitter.obj
 0001:00011fe0       ?StartTracking@CSplitterWnd@@UEAAXH@Z 0000000140012fe0 f i Splitter.obj
 0001:00012200       ?FromHandle@?$CHandleList@PEAUHDC__@@VCDCMTL@@PEAUHWND__@@@@QEAAPEAVCDCMTL@@QEAUHDC__@@PEAV2@QEAUHWND__@@Q6APEAXPEAX3@Z@Z 0000000140013200 f i Splitter.obj
 0001:000122e0       ?classHandleFuncCDCMTL@CDCMTL@@SAPEAXPEAX0@Z 00000001400132e0 f i Splitter.obj
 0001:00012360       ?HalftoneBrush@CAfx@@SAPEAUHBRUSH__@@H@Z 0000000140013360 f i Splitter.obj
 0001:00012440       ?FromHandle@?$CHandleList@PEAXVCGdiObject@@PEAUHWND__@@@@QEAAPEAVCGdiObject@@QEAXPEAV2@QEAUHWND__@@Q6APEAXPEAX3@Z@Z 0000000140013440 f i Splitter.obj
 0001:00012510       ?classHandleFuncCBrushMTL@CBrushMTL@@SAPEAXPEAX0@Z 0000000140013510 f i Splitter.obj
 0001:00012570       ?OnInvertTracker@CSplitterWnd@@UEAAXAEBVCRect@WTL@@@Z 0000000140013570 f i Splitter.obj
 0001:000126a0       ?SplitRow@CSplitterWnd@@UEAAHH@Z 00000001400136a0 f i Splitter.obj
 0001:00012840       ?CreateScrollBarCtrl@CSplitterWnd@@UEAAHKI@Z 0000000140013840 f i Splitter.obj
 0001:000128c0       ?CreateView@CSplitterWnd@@UEAAHHHPEAUCRuntimeClass@@UtagSIZE@@PEAUCCreateContext@@@Z 00000001400138c0 f i Splitter.obj
 0001:00012aa0       ?SplitColumn@CSplitterWnd@@UEAAHH@Z 0000000140013aa0 f i Splitter.obj
 0001:00012c40       ?StopTracking@CSplitterWnd@@UEAAXH@Z 0000000140013c40 f i Splitter.obj
 0001:00012e50       ?DeleteColumn@CSplitterWnd@@UEAAXH@Z 0000000140013e50 f i Splitter.obj
 0001:00013000       ?TrackColumnSize@CSplitterWnd@@UEAAXHH@Z 0000000140014000 f i Splitter.obj
 0001:000130e0       ?GetFocus@CWnd@@SAPEAV1@XZ 00000001400140e0 f i Splitter.obj
 0001:00013260       ?IsChildPane@CSplitterWnd@@QEAAHPEAVCWnd@@PEAH1@Z 0000000140014260 f i Splitter.obj
 0001:00013310       ?GetActivePane@CSplitterWnd@@UEAAPEAVCWnd@@PEAH0@Z 0000000140014310 f i Splitter.obj
 0001:000133c0       ?SetActivePane@CSplitterWnd@@UEAAXHHPEAVCWnd@@@Z 00000001400143c0 f i Splitter.obj
 0001:000134d0       ?ActivateNext@CSplitterWnd@@UEAAXH@Z 00000001400144d0 f i Splitter.obj
 0001:00013580       ?DeleteView@CSplitterWnd@@UEAAXHH@Z 0000000140014580 f i Splitter.obj
 0001:000135e0       ?GetInsideRect@CSplitterWnd@@UEBAXAEAVCRect@WTL@@@Z 00000001400145e0 f i Splitter.obj
 0001:00013650       ?_AfxLayoutRowCol@CSplitterWnd@@QEAAXPEAUCRowColInfo@1@HHH@Z 0000000140014650 f i Splitter.obj
 0001:00013760       ?GetSizingParent@CSplitterWnd@@QEAAPEAVCWnd@@XZ 0000000140014760 f i Splitter.obj
 0001:000138b0       ?GetDlgItem@CWnd@@QEAAPEAV1@H@Z 00000001400148b0 f i Splitter.obj
 0001:00013a30       ?_AfxDeferClientPos@CSplitterWnd@@QEAAXPEAUAFX_SIZEPARENTPARAMS@@PEAVCWnd@@HHHHH@Z 0000000140014a30 f i Splitter.obj
 0001:00013c20       ?FillSolidRect@?$CDCT@$00@WTL@@QEAAXHHHHK@Z 0000000140014c20 f i Splitter.obj
 0001:00013cc0       ?Draw3dRect@?$CDCT@$00@WTL@@QEAAXHHHHKK@Z 0000000140014cc0 f i Splitter.obj
 0001:00013d80       ?OnDrawSplitter@CSplitterWnd@@UEAAXPEAVCDCMTL@@W4ESplitType@1@AEBVCRect@WTL@@@Z 0000000140014d80 f i Splitter.obj
 0001:00013f80       ?DrawAllSplitBars@CSplitterWnd@@UEAAXPEAVCDCMTL@@HH@Z 0000000140014f80 f i Splitter.obj
 0001:00014250       ?RecalcLayout@CSplitterWnd@@UEAAXXZ 0000000140015250 f i Splitter.obj
 0001:000146a0       ?DeleteRow@CSplitterWnd@@UEAAXH@Z 00000001400156a0 f i Splitter.obj
 0001:00014840       ?TrackRowSize@CSplitterWnd@@UEAAXHH@Z 0000000140015840 f i Splitter.obj
 0001:00014920       ??0CSplitterWnd@@QEAA@XZ   0000000140015920 f i Splitter.obj
 0001:00014a20       ??1CMDIChildWnd@@UEAA@XZ   0000000140015a20 f i Splitter.obj
 0001:00014a30       ?AddFrameWnd@CFrameWnd@@QEAAXXZ 0000000140015a30 f i Splitter.obj
 0001:00014ac0       ??0CFrameWnd@@QEAA@XZ      0000000140015ac0 f i Splitter.obj
 0001:00014bb0       ?OnUpdateFrameMenu@CMDIChildWnd@@QEAAXHPEAVCWnd@@PEAUHMENU__@@@Z 0000000140015bb0 f i Splitter.obj
 0001:00014c50       ?OnMDIActivate@CMDIChildWnd@@QEAAXHPEAVCWnd@@0@Z 0000000140015c50 f i Splitter.obj
 0001:00014d30       ?UpdateClientEdge@CMDIChildWnd@@QEAAHPEAUtagRECT@@@Z 0000000140015d30 f i Splitter.obj
 0001:00014e80       ?OnWindowPosChanging@CMDIChildWnd@@QEAAXPEAUtagWINDOWPOS@@@Z 0000000140015e80 f i Splitter.obj
 0001:00014f70       ?_ProcessWindowMessage@CMDIChildWnd@@UEAAHPEAUHWND__@@I_K_JAEA_J@Z 0000000140015f70 f i Splitter.obj
 0001:00015510       ??_ECMDIChildWnd@@UEAAPEAXI@Z 0000000140016510 f i * CIL library *:* CIL module *
 0001:00015510       ??_GCMDIFrameWnd@@UEAAPEAXI@Z 0000000140016510 f i Stdafx.obj
 0001:00015510       ??_GCMDIChildWnd@@UEAAPEAXI@Z 0000000140016510 f i Splitter.obj
 0001:00015510       ??_ECMDIFrameWnd@@UEAAPEAXI@Z 0000000140016510 f i * CIL library *:* CIL module *
 0001:00015510       ??_ECFrameWnd@@UEAAPEAXI@Z 0000000140016510 f i * CIL library *:* CIL module *
 0001:00015510       ??_GCFrameWnd@@UEAAPEAXI@Z 0000000140016510 f i Splitter.obj
 0001:00015540       ?DefWindowProcA@CMDIChildWnd@@UEAA_JI_K_J@Z 0000000140016540 f i Splitter.obj
 0001:00015550       ?DestroyWindow@CMDIChildWnd@@UEAAHXZ 0000000140016550 f i Splitter.obj
 0001:00015610       ?PreTranslateMessage@CMDIChildWnd@@UEAAHPEAUtagMSG@@@Z 0000000140016610 f i Splitter.obj
 0001:000156b0       ?OnUpdateFrameTitle@CMDIChildWnd@@UEAAXH@Z 00000001400166b0 f i Splitter.obj
 0001:00015830       ?MDIGetActive@CMDIFrameWnd@@QEBAPEAVCMDIChildWnd@@PEAH@Z 0000000140016830 f i Splitter.obj
 0001:00015a10       ?GetMDIFrame@CMDIChildWnd@@QEAAPEAVCMDIFrameWnd@@XZ 0000000140016a10 f i Splitter.obj
 0001:00015b90       ?ActivateFrame@CMDIChildWnd@@UEAAXH@Z 0000000140016b90 f i Splitter.obj
 0001:00015d10       ?LoadFrame@CMDIChildWnd@@UEAAHIKPEAVCWnd@@PEAUCCreateContext@@@Z 0000000140016d10 f i Splitter.obj
 0001:00015ed0       ?PreCreateWindow@CFrameWnd@@UEAAHAEAUtagCREATESTRUCTA@@@Z 0000000140016ed0 f i Splitter.obj
 0001:00015ed0       ?PreCreateWindow@CMDIChildWnd@@UEAAHAEAUtagCREATESTRUCTA@@@Z 0000000140016ed0 f i Splitter.obj
 0001:00015f20       ?CanCloseFrame@CDocument@@QEAAHPEAVCFrameWnd@@@Z 0000000140016f20 f i Splitter.obj
 0001:00015fd0       ?SaveAllModified@CDocManager@@QEAAHXZ 0000000140016fd0 f i Splitter.obj
 0001:00016060       ?CloseAllDocuments@CDocTemplate@@QEAAXH@Z 0000000140017060 f i Splitter.obj
 0001:00016170       ?OnClose@CFrameWnd@@QEAAXXZ 0000000140017170 f i Splitter.obj
 0001:00016340       ?OnCreateHelper@CFrameWnd@@QEAAHPEAUtagCREATESTRUCTA@@PEAUCCreateContext@@@Z 0000000140017340 f i Splitter.obj
 0001:000163e0       ?DestroyDockBars@CFrameWnd@@QEAAXXZ 00000001400173e0 f i Splitter.obj
 0001:00016720       ?OnDestroy@CFrameWnd@@QEAAXXZ 0000000140017720 f i Splitter.obj
 0001:000167b0       ?SetActiveWindow@CWnd@@QEAAPEAV1@XZ 00000001400177b0 f i Splitter.obj
 0001:00016930       ?OnDropFiles@CFrameWnd@@QEAAXPEAUHDROP__@@@Z 0000000140017930 f i Splitter.obj
 0001:000169e0       ?OnIdle@CCmdUI@@QEAAHPEAVCCmdTarget@@H@Z 00000001400179e0 f i Splitter.obj
 0001:00016aa0       ?OnInitMenuPopup@CFrameWnd@@QEAAXPEAVCMenuMTL@@IH@Z 0000000140017aa0 f i Splitter.obj
 0001:00016d30       ?SetMenuBarState@CFrameWnd@@QEAAHK@Z 0000000140017d30 f i Splitter.obj
 0001:00016d90       ?OnMenuSelect@CFrameWnd@@QEAAXIIPEAUHMENU__@@@Z 0000000140017d90 f i Splitter.obj
 0001:00016f40       ?OnSize@CFrameWnd@@QEAAXIHH@Z 0000000140017f40 f i Splitter.obj
 0001:00016f90       ?OnPopMessageString@CFrameWnd@@QEAA_J_K_J@Z 0000000140017f90 f i Splitter.obj
 0001:00016fb0       ?GetDescendantWindow@CWnd@@QEAAPEAV1@PEAUHWND__@@HH@Z 0000000140017fb0 f i Splitter.obj
 0001:000171e0       ?_AtlGetStringResourceImage@CAfx@@SAPEBUATLSTRINGRESOURCEIMAGE@ATL@@PEAUHINSTANCE__@@PEAUHRSRC__@@I@Z 00000001400181e0 f i Splitter.obj
 0001:00017280       ?AfxLoadString@CAfx@@SAHIPEADI@Z 0000000140018280 f i Splitter.obj
 0001:00017330       ?OnSetMessageString@CFrameWnd@@QEAA_J_K_J@Z 0000000140018330 f i Splitter.obj
 0001:000174b0       ?OnIdleUpdateCmdUI@CFrameWnd@@QEAAXXZ 00000001400184b0 f i Splitter.obj
 0001:00017550       ?_ProcessWindowMessage@CFrameWnd@@UEAAHPEAUHWND__@@I_K_JAEA_J@Z 0000000140018550 f i Splitter.obj
 0001:00017ae0       ?OnCmdMsg@CFrameWnd@@UEAAHIHPEAXPEAUAFX_CMDHANDLERINFO@@@Z 0000000140018ae0 f i Splitter.obj
 0001:00017b90       ?PreTranslateMessage@CFrameWnd@@UEAAHPEAUtagMSG@@@Z 0000000140018b90 f i Splitter.obj
 0001:00017c10       ?CreateView@CFrameWnd@@QEAAPEAVCWnd@@PEAUCCreateContext@@I@Z 0000000140018c10 f i Splitter.obj
 0001:00017d30       ?OnCreateClient@CFrameWnd@@UEAAHPEAUtagCREATESTRUCTA@@PEAUCCreateContext@@@Z 0000000140018d30 f i Splitter.obj
 0001:00017d60       ?ShowControlBar@CFrameWnd@@QEAAXPEAVCControlBar@@HH@Z 0000000140018d60 f i Splitter.obj
 0001:00017ea0       ?AfxIsDescendant@CFrameWnd@@SAHPEAUHWND__@@0@Z 0000000140018ea0 f i Splitter.obj
 0001:00017fa0       ?ShowOwnedWindows@CFrameWnd@@QEAAXH@Z 0000000140018fa0 f i Splitter.obj
 0001:000181e0       ?OnSetPreviewMode@CFrameWnd@@UEAAXHPEAUCPrintPreviewState@@@Z 00000001400191e0 f i Splitter.obj
 0001:000184a0       ?OnUpdateFrameMenu@CFrameWnd@@UEAAXPEAUHMENU__@@@Z 00000001400194a0 f i Splitter.obj
 0001:000184d0       ?UpdateFrameTitleForDocument@CFrameWnd@@QEAAXPEBD@Z 00000001400194d0 f i Splitter.obj
 0001:00018b20       ?OnUpdateFrameTitle@CFrameWnd@@UEAAXH@Z 0000000140019b20 f i Splitter.obj
 0001:00018b90       ?ActivateFrame@CFrameWnd@@UEAAXH@Z 0000000140019b90 f i Splitter.obj
 0001:00018c40       ?GetActiveFrame@CFrameWnd@@UEAAPEAV1@XZ 0000000140019c40 f i Splitter.obj
 0001:00018c50       ?GetDefaultAccelerator@CFrameWnd@@UEAAPEAUHACCEL__@@XZ 0000000140019c50 f i Splitter.obj
 0001:00018c90       ?AfxExtractSubString@CAfx@@SAHAEAVCString@WTL@@PEBDHD@Z 0000000140019c90 f i Splitter.obj
 0001:00018d90       ?GetIconWndClass@CFrameWnd@@QEAAPEBDKI@Z 0000000140019d90 f i Splitter.obj
 0001:00018e50       ?Create@CFrameWnd@@UEAAHPEBD0KAEBUtagRECT@@PEAVCWnd@@0KPEAUCCreateContext@@@Z 0000000140019e50 f i Splitter.obj
 0001:00018f90       ?LoadFrame@CFrameWnd@@UEAAHIKPEAVCWnd@@PEAUCCreateContext@@@Z 0000000140019f90 f i Splitter.obj
 0001:00019170       ?AfxRepositionWindow@CAfx@@SAXPEAUAFX_SIZEPARENTPARAMS@@PEAUHWND__@@PEBUtagRECT@@@Z 000000014001a170 f i Splitter.obj
 0001:00019280       ?RepositionBars@CWnd@@QEAAXIIIIPEAUtagRECT@@PEBU2@H@Z 000000014001a280 f i Splitter.obj
 0001:000195c0       ?RecalcLayout@CFrameWnd@@UEAAXH@Z 000000014001a5c0 f i Splitter.obj
 0001:00019700       ?RemoveFrameWnd@CFrameWnd@@QEAAXXZ 000000014001a700 f i Splitter.obj
 0001:00019780       ??1CFrameWnd@@UEAA@XZ      000000014001a780 f i Splitter.obj
 0001:00019810       ?Create@CMDIChildWnd@@UEAAHPEBD0KAEBUtagRECT@@PEAVCMDIFrameWnd@@PEAUCCreateContext@@@Z 000000014001a810 f i Splitter.obj
 0001:00019a10       ?DefWindowProcA@CMDIFrameWnd@@UEAA_JI_K_J@Z 000000014001aa10 f i Stdafx.obj
 0001:00019a40       ?OnCreateClient@CMDIFrameWnd@@UEAAHPEAUtagCREATESTRUCTA@@PEAUCCreateContext@@@Z 000000014001aa40 f i Stdafx.obj
 0001:00019ad0       ?OnIdleUpdateCmdUI@CMDIFrameWnd@@QEAAXXZ 000000014001aad0 f i Stdafx.obj
 0001:00019b00       ?OnMDIWindowCmd@CMDIFrameWnd@@QEAAHI@Z 000000014001ab00 f i Stdafx.obj
 0001:00019b60       ?OnUpdateMDIWindowCmd@CMDIFrameWnd@@QEAAXPEAVCCmdUI@@@Z 000000014001ab60 f i Stdafx.obj
 0001:00019ba0       ?CreateClient@CMDIFrameWnd@@UEAAHPEAUtagCREATESTRUCTA@@PEAVCMenuMTL@@@Z 000000014001aba0 f i Stdafx.obj
 0001:00019ce0       ?DelayUpdateFrameMenu@CMDIFrameWnd@@UEAAXPEAUHMENU__@@@Z 000000014001ace0 f i Stdafx.obj
 0001:00019d00       ?GetActiveFrame@CMDIFrameWnd@@UEAAPEAVCFrameWnd@@XZ 000000014001ad00 f i Stdafx.obj
 0001:00019d20       ?GetWindowMenuPopup@CMDIFrameWnd@@UEAAPEAUHMENU__@@PEAU2@@Z 000000014001ad20 f i Stdafx.obj
 0001:00019de0       ?LoadFrame@CMDIFrameWnd@@UEAAHIKPEAVCWnd@@PEAUCCreateContext@@@Z 000000014001ade0 f i Stdafx.obj
 0001:00019e20       ?PreCreateWindow@CMDIFrameWnd@@UEAAHAEAUtagCREATESTRUCTA@@@Z 000000014001ae20 f i Stdafx.obj
 0001:00019e50       ?_ProcessWindowMessage@CMDIFrameWnd@@UEAAHPEAUHWND__@@I_K_JAEA_J@Z 000000014001ae50 f i Stdafx.obj
 0001:0001a1a0       ?OnCommand@CMDIFrameWnd@@UEAAH_K_J@Z 000000014001b1a0 f i Stdafx.obj
 0001:0001a240       ?OnCmdMsg@CMDIFrameWnd@@UEAAHIHPEAXPEAUAFX_CMDHANDLERINFO@@@Z 000000014001b240 f i Stdafx.obj
 0001:0001a2d0       ?OnWindowNew@CMDIFrameWnd@@QEAAXXZ 000000014001b2d0 f i Stdafx.obj
 0001:0001a390       ?PreTranslateMessage@CMDIFrameWnd@@UEAAHPEAUtagMSG@@@Z 000000014001b390 f i Stdafx.obj
 0001:0001a450       ?SetCurrentHandles@CWinApp@@QEAAXXZ 000000014001b450 f i Stdafx.obj
 0001:0001a790       ?AfxMessageBox@@YAHIII@Z   000000014001b790 f i Stdafx.obj
 0001:0001a800       ?GetRuntimeClass@CCmdTarget@@UEBAPEAUCRuntimeClass@@XZ 000000014001b800 f   Stdafx.obj
 0001:0001a810       ?CreateObject@CWnd@@SAPEAVCObject@@XZ 000000014001b810 f   Stdafx.obj
 0001:0001a860       ?GetRuntimeClass@CWnd@@UEBAPEAUCRuntimeClass@@XZ 000000014001b860 f   Stdafx.obj
 0001:0001a870       ?GetRuntimeClass@CDialog@@UEBAPEAUCRuntimeClass@@XZ 000000014001b870 f   Stdafx.obj
 0001:0001a880       ?CreateObject@CFrameWnd@@SAPEAVCObject@@XZ 000000014001b880 f   Stdafx.obj
 0001:0001a8c0       ?GetRuntimeClass@CFrameWnd@@UEBAPEAUCRuntimeClass@@XZ 000000014001b8c0 f   Stdafx.obj
 0001:0001a8d0       ?GetRuntimeClass@CView@@UEBAPEAUCRuntimeClass@@XZ 000000014001b8d0 f   Stdafx.obj
 0001:0001a8e0       ?GetRuntimeClass@CSplitterWnd@@UEBAPEAUCRuntimeClass@@XZ 000000014001b8e0 f   Stdafx.obj
 0001:0001a8f0       ?GetRuntimeClass@CMultiDocTemplate@@UEBAPEAUCRuntimeClass@@XZ 000000014001b8f0 f   Stdafx.obj
 0001:0001a900       ?CreateObject@CMDIFrameWnd@@SAPEAVCObject@@XZ 000000014001b900 f   Stdafx.obj
 0001:0001a950       ?GetRuntimeClass@CMDIFrameWnd@@UEBAPEAUCRuntimeClass@@XZ 000000014001b950 f   Stdafx.obj
 0001:0001a960       ?CreateObject@CMDIChildWnd@@SAPEAVCObject@@XZ 000000014001b960 f   Stdafx.obj
 0001:0001a9c0       ?GetRuntimeClass@CMDIChildWnd@@UEBAPEAUCRuntimeClass@@XZ 000000014001b9c0 f   Stdafx.obj
 0001:0001a9d0       ?GetRuntimeClass@CScrollView@@UEBAPEAUCRuntimeClass@@XZ 000000014001b9d0 f   Stdafx.obj
 0001:0001a9e0       ?GetRuntimeClass@CFileDialogMTL@@UEBAPEAUCRuntimeClass@@XZ 000000014001b9e0 f   Stdafx.obj
 0001:0001a9f0       WinMain                    000000014001b9f0 f   Stdafx.obj
 0001:0001aa60       ?_ProcessWindowMessage@CViewExApp@@UEAAHPEAUHWND__@@I_K_JAEA_J@Z 000000014001ba60 f i Viewex.obj
 0001:0001ab70       ?InitInstance@CViewExApp@@UEAAHXZ 000000014001bb70 f   Viewex.obj
 0001:0001af80       ?OnAppAbout@CViewExApp@@QEAAXXZ 000000014001bf80 f   Viewex.obj
 0001:0001b000       ??1CDocTemplate@@QEAA@XZ   000000014001c000 f i Viewex.obj
 0001:0001b030       ?AddDocument@CMultiDocTemplate@@UEAAXPEAVCDocument@@@Z 000000014001c030 f i Viewex.obj
 0001:0001b0a0       ?GetFirstDocPosition@CMultiDocTemplate@@UEBAPEAU__POSITION@@XZ 000000014001c0a0 f i Viewex.obj
 0001:0001b0b0       ?GetNextDocTemplate@CDocManager@@UEBAPEAVCDocTemplate@@AEAPEAU__POSITION@@@Z 000000014001c0b0 f i Viewex.obj
 0001:0001b0b0       ?GetNextDoc@CMultiDocTemplate@@UEBAPEAVCDocument@@AEAPEAU__POSITION@@@Z 000000014001c0b0 f i Viewex.obj
 0001:0001b0c0       ?CreateNewDocument@CDocTemplate@@UEAAPEAVCDocument@@XZ 000000014001c0c0 f i Viewex.obj
 0001:0001b120       ?OnCmdMsg@CDocTemplate@@UEAAHIHPEAXPEAUAFX_CMDHANDLERINFO@@@Z 000000014001c120 f i Viewex.obj
 0001:0001b130       ?CreateNewFrame@CDocTemplate@@UEAAPEAVCFrameWnd@@PEAVCDocument@@PEAV2@@Z 000000014001c130 f i Viewex.obj
 0001:0001b1e0       ?InitialUpdateFrame@CFrameWnd@@QEAAXPEAVCDocument@@H@Z 000000014001c1e0 f i Viewex.obj
 0001:0001b370       ?InitialUpdateFrame@CDocTemplate@@UEAAXPEAVCFrameWnd@@PEAVCDocument@@H@Z 000000014001c370 f i Viewex.obj
 0001:0001b390       ?OpenDocumentFile@CMultiDocTemplate@@UEAAPEAVCDocument@@PEBDHH@Z 000000014001c390 f i Viewex.obj
 0001:0001b5a0       ?OpenDocumentFile@CMultiDocTemplate@@UEAAPEAVCDocument@@PEBDH@Z 000000014001c5a0 f i Viewex.obj
 0001:0001b5b0       ?RemoveDocument@CMultiDocTemplate@@UEAAXPEAVCDocument@@@Z 000000014001c5b0 f i Viewex.obj
 0001:0001b630       ??_GCMultiDocTemplate@@UEAAPEAXI@Z 000000014001c630 f i Viewex.obj
 0001:0001b630       ??_ECMultiDocTemplate@@UEAAPEAXI@Z 000000014001c630 f i * CIL library *:* CIL module *
 0001:0001b660       ??1CMultiDocTemplate@@UEAA@XZ 000000014001c660 f i Viewex.obj
 0001:0001b6f0       ?SetDefaultTitle@CMultiDocTemplate@@UEAAXPEAVCDocument@@@Z 000000014001c6f0 f i Viewex.obj
 0001:0001b960       ?LoadTemplate@CMultiDocTemplate@@UEAAXXZ 000000014001c960 f i Viewex.obj
 0001:0001b9d0       ?GetFirstDocTemplatePosition@CDocManager@@UEBAPEAU__POSITION@@XZ 000000014001c9d0 f i Viewex.obj
 0001:0001b9e0       ?AddDocTemplate@CWinApp@@QEAAXPEAVCDocTemplate@@@Z 000000014001c9e0 f i Viewex.obj
 0001:0001baa0       ??1CCommandLineInfo@@QEAA@XZ 000000014001caa0 f i Viewex.obj
 0001:0001bb60       ??1CWinApp@@QEAA@XZ        000000014001cb60 f i Viewex.obj
 0001:0001bcc0       ??1CWinThread@@QEAA@XZ     000000014001ccc0 f i Viewex.obj
 0001:0001bce0       ??0CModuleThreadState@@QEAA@XZ 000000014001cce0 f i Viewex.obj
 0001:0001bdd0       ??1CModuleThreadState@@QEAA@XZ 000000014001cdd0 f i Viewex.obj
 0001:0001be20       ?OnIdle@CWinApp@@UEAAHH@Z  000000014001ce20 f i Viewex.obj
 0001:0001bff0       ?Run@CWinApp@@UEAAHXZ      000000014001cff0 f i Viewex.obj
 0001:0001c0d0       ??0CWinApp@@QEAA@XZ        000000014001d0d0 f i Viewex.obj
 0001:0001c190       ?OnAppExit@CWinApp@@QEAAXXZ 000000014001d190 f i Viewex.obj
 0001:0001c1b0       ?_ProcessWindowMessage@CWinApp@@UEAAHPEAUHWND__@@I_K_JAEA_J@Z 000000014001d1b0 f i Viewex.obj
 0001:0001c210       ?AfxStringFromCLSID@CAfx@@SA?AVCString@WTL@@AEBU_GUID@@@Z 000000014001d210 f i Viewex.obj
 0001:0001c310       ?AfxStringFromCLSID@@YA?AVCString@WTL@@AEBU_GUID@@@Z 000000014001d310 f i Viewex.obj
 0001:0001c330       ?AfxGetInProcServer@CAfx@@SAHPEBDAEAVCString@WTL@@@Z 000000014001d330 f i Viewex.obj
 0001:0001c470       ?GetClassObject@AFX_COM@@QEAAJAEBU_GUID@@0PEAPEAX@Z 000000014001d470 f i Viewex.obj
 0001:0001c580       ?AfxResolveShortcut@@YAHPEAVCWMHnd@@PEBDPEADH@Z 000000014001d580 f i Viewex.obj
 0001:0001c770       ?AfxComparePath@CAfx@@SAHPEBD0@Z 000000014001d770 f i Viewex.obj
 0001:0001c8b0       ?MatchDocType@CDocTemplate@@UEAA?AW4Confidence@1@PEBDAEAPEAVCDocument@@@Z 000000014001d8b0 f i Viewex.obj
 0001:0001c9c0       ?OpenDocumentFile@CDocManager@@QEAAPEAVCDocument@@PEBDH@Z 000000014001d9c0 f i Viewex.obj
 0001:0001cbe0       ?OpenDocumentFile@CWinApp@@UEAAPEAVCDocument@@PEBD@Z 000000014001dbe0 f i Viewex.obj
 0001:0001cbf0       ?OnFileOpen@CDocManager@@UEAAXXZ 000000014001dbf0 f i Viewex.obj
 0001:0001cc70       ?OnFileOpen@CWinApp@@UEAAXXZ 000000014001dc70 f i Viewex.obj
 0001:0001cc80       ?_ProcessWindowMessage@CNewTypeDlg@@UEAAHPEAUHWND__@@I_K_JAEA_J@Z 000000014001dc80 f i Viewex.obj
 0001:0001ccd0       ?GetDocString@CDocTemplate@@UEBAHAEAVCString@WTL@@W4DocStringIndex@1@@Z 000000014001dcd0 f i Viewex.obj
 0001:0001cce0       ?OnInitDialog@CNewTypeDlg@@UEAAHXZ 000000014001dce0 f i Viewex.obj
 0001:0001cf00       ?OnOK@CNewTypeDlg@@UEAAXXZ 000000014001df00 f i Viewex.obj
 0001:0001cf80       ?WalkPreTranslateTree@CWnd@@SAHPEAUHWND__@@PEAUtagMSG@@@Z 000000014001df80 f i Viewex.obj
 0001:0001d060       ?PreTranslateMessage@CWinApp@@UEAAHPEAUtagMSG@@@Z 000000014001e060 f i Viewex.obj
 0001:0001d120       ?PumpMessage@CWinApp@@UEAAHXZ 000000014001e120 f i Viewex.obj
 0001:0001d1a0       ?OnFileNew@CDocManager@@UEAAXXZ 000000014001e1a0 f i Viewex.obj
 0001:0001d270       ?OnFileNew@CWinApp@@UEAAXXZ 000000014001e270 f i Viewex.obj
 0001:0001d284       ?__AllocStdCallThunk@ATL@@YAPEAXXZ 000000014001e284 f   atls:atlthunk.obj
 0001:0001d348       ?__FreeStdCallThunk@ATL@@YAXPEAX@Z 000000014001e348 f   atls:atlthunk.obj
 0001:0001d3d8       ??0CAtlBaseModule@ATL@@QEAA@XZ 000000014001e3d8 f   atls:atlbase.obj
 0001:0001d480       ??1CAtlBaseModule@ATL@@QEAA@XZ 000000014001e480 f   atls:atlbase.obj
 0001:0001d4b4       ??3@YAXPEAX@Z              000000014001e4b4 f   LIBCMT:delete.obj
 0001:0001d4d0       __security_check_cookie    000000014001e4d0 f   LIBCMT:amdsecgs.obj
 0001:0001d4f0       ??_V@YAXPEAX@Z             000000014001e4f0 f   LIBCMT:delete2.obj
 0001:0001d4f8       __onexitinit               000000014001e4f8 f   LIBCMT:onexit.obj
 0001:0001d53c       _onexit                    000000014001e53c f   LIBCMT:onexit.obj
 0001:0001d648       atexit                     000000014001e648 f   LIBCMT:onexit.obj
 0001:0001d660       ??0bad_alloc@std@@QEAA@AEBV01@@Z 000000014001e660 f i LIBCMT:new.obj
 0001:0001d684       ??1bad_alloc@std@@UEAA@XZ  000000014001e684 f i LIBCMT:new.obj
 0001:0001d694       ??2@YAPEAX_K@Z             000000014001e694 f   LIBCMT:new.obj
 0001:0001d700       ??_Gbad_alloc@std@@UEAAPEAXI@Z 000000014001e700 f i LIBCMT:new.obj
 0001:0001d700       ??_Ebad_alloc@std@@UEAAPEAXI@Z 000000014001e700 f i LIBCMT:new.obj
 0001:0001d73c       ??8type_info@@QEBA_NAEBV0@@Z 000000014001e73c f   LIBCMT:typinfo.obj
 0001:0001d75c       ??_Gtype_info@@UEAAPEAXI@Z 000000014001e75c f i LIBCMT:typinfo.obj
 0001:0001d75c       ??_Etype_info@@UEAAPEAXI@Z 000000014001e75c f i LIBCMT:typinfo.obj
 0001:0001d798       free                       000000014001e798 f   LIBCMT:free.obj
 0001:0001d7d8       memcpy_s                   000000014001e7d8 f   LIBCMT:memcpy_s.obj
 0001:0001d860       ??_U@YAPEAX_K@Z            000000014001e860 f   LIBCMT:new2.obj
 0001:0001d868       ??0_LocaleUpdate@@QEAA@PEAUlocaleinfo_struct@@@Z 000000014001e868 f i LIBCMT:mbscmp.obj
 0001:0001d910       _mbscmp                    000000014001e910 f   LIBCMT:mbscmp.obj
 0001:0001d918       _mbscmp_l                  000000014001e918 f   LIBCMT:mbscmp.obj
 0001:0001da10       memcpy                     000000014001ea10 f   LIBCMT:memcpy.obj
 0001:0001da10       memmove                    000000014001ea10 f   LIBCMT:memcpy.obj
 0001:0001df78       __raise_securityfailure    000000014001ef78 f   LIBCMT:gs_report.obj
 0001:0001dfc4       __report_gsfailure         000000014001efc4 f   LIBCMT:gs_report.obj
 0001:0001e098       __report_rangecheckfailure 000000014001f098 f   LIBCMT:gs_report.obj
 0001:0001e0ac       __report_securityfailure   000000014001f0ac f   LIBCMT:gs_report.obj
 0001:0001e3fc       _mktime64                  000000014001f3fc f   LIBCMT:mktime64.obj
 0001:0001e408       _mbscspn                   000000014001f408 f   LIBCMT:mbscspn.obj
 0001:0001e410       _mbscspn_l                 000000014001f410 f   LIBCMT:mbscspn.obj
 0001:0001e4ec       _mbsspn                    000000014001f4ec f   LIBCMT:mbsspn.obj
 0001:0001e4f4       _mbsspn_l                  000000014001f4f4 f   LIBCMT:mbsspn.obj
 0001:0001e5d0       _mbschr                    000000014001f5d0 f   LIBCMT:mbschr.obj
 0001:0001e5d8       _mbschr_l                  000000014001f5d8 f   LIBCMT:mbschr.obj
 0001:0001e698       _mbspbrk                   000000014001f698 f   LIBCMT:mbspbrk.obj
 0001:0001e6a0       _mbspbrk_l                 000000014001f6a0 f   LIBCMT:mbspbrk.obj
 0001:0001e7ec       _ismbblead                 000000014001f7ec f   LIBCMT:ismbbyte.obj
 0001:0001e800       _strdup                    000000014001f800 f   LIBCMT:strdup.obj
 0001:0001e870       _mbsinc                    000000014001f870 f   LIBCMT:mbsinc.obj
 0001:0001e8b4       _mbsrchr                   000000014001f8b4 f   LIBCMT:mbsrchr.obj
 0001:0001e8bc       _mbsrchr_l                 000000014001f8bc f   LIBCMT:mbsrchr.obj
 0001:0001e978       WinMainCRTStartup          000000014001f978 f   LIBCMT:wincrt0.obj
 0001:0001eb44       _recalloc                  000000014001fb44 f   LIBCMT:recalloc.obj
 0001:0001ebe0       memset                     000000014001fbe0 f   LIBCMT:memset.obj
 0001:0001ee0c       __crtCorExitProcess        000000014001fe0c f   LIBCMT:crt0dat.obj
 0001:0001ee50       __crtExitProcess           000000014001fe50 f   LIBCMT:crt0dat.obj
 0001:0001ee68       _amsg_exit                 000000014001fe68 f   LIBCMT:crt0dat.obj
 0001:0001ee90       _c_exit                    000000014001fe90 f   LIBCMT:crt0dat.obj
 0001:0001eea0       _cexit                     000000014001fea0 f   LIBCMT:crt0dat.obj
 0001:0001eeb0       _cinit                     000000014001feb0 f   LIBCMT:crt0dat.obj
 0001:0001ef48       _exit                      000000014001ff48 f   LIBCMT:crt0dat.obj
 0001:0001ef54       _init_pointers             000000014001ff54 f   LIBCMT:crt0dat.obj
 0001:0001f000       _initterm_e                0000000140020000 f   LIBCMT:crt0dat.obj
 0001:0001f03c       _lockexit                  000000014002003c f   LIBCMT:crt0dat.obj
 0001:0001f048       _unlockexit                0000000140020048 f   LIBCMT:crt0dat.obj
 0001:0001f1ec       exit                       00000001400201ec f   LIBCMT:crt0dat.obj
 0001:0001f1f8       _msize                     00000001400201f8 f   LIBCMT:msize.obj
 0001:0001f234       _calloc_crt                0000000140020234 f   LIBCMT:crtheap.obj
 0001:0001f2b4       _malloc_crt                00000001400202b4 f   LIBCMT:crtheap.obj
 0001:0001f330       _realloc_crt               0000000140020330 f   LIBCMT:crtheap.obj
 0001:0001f3b4       _recalloc_crt              00000001400203b4 f   LIBCMT:crtheap.obj
 0001:0001f438       __C_specific_handler       0000000140020438 f   LIBCMT:chandler.obj
 0001:0001f61c       malloc                     000000014002061c f   LIBCMT:malloc.obj
 0001:0001f6d4       ??0exception@std@@QEAA@AEBQEBD@Z 00000001400206d4 f   LIBCMT:stdexcpt.obj
 0001:0001f704       ??0exception@std@@QEAA@AEBQEBDH@Z 0000000140020704 f   LIBCMT:stdexcpt.obj
 0001:0001f720       ??0exception@std@@QEAA@AEBV01@@Z 0000000140020720 f   LIBCMT:stdexcpt.obj
 0001:0001f74c       ??1exception@std@@UEAA@XZ  000000014002074c f   LIBCMT:stdexcpt.obj
 0001:0001f75c       ??4exception@std@@QEAAAEAV01@AEBV01@@Z 000000014002075c f   LIBCMT:stdexcpt.obj
 0001:0001f7a0       ??_Eexception@std@@UEAAPEAXI@Z 00000001400207a0 f i LIBCMT:stdexcpt.obj
 0001:0001f7a0       ??_Gexception@std@@UEAAPEAXI@Z 00000001400207a0 f i LIBCMT:stdexcpt.obj
 0001:0001f7dc       ?_Copy_str@exception@std@@AEAAXPEBD@Z 00000001400207dc f   LIBCMT:stdexcpt.obj
 0001:0001f838       ?_Tidy@exception@std@@AEAAXXZ 0000000140020838 f   LIBCMT:stdexcpt.obj
 0001:0001f860       ?what@exception@std@@UEBAPEBDXZ 0000000140020860 f   LIBCMT:stdexcpt.obj
 0001:0001f874       _callnewh                  0000000140020874 f   LIBCMT:handler.obj
 0001:0001f8a8       _initp_heap_handler        00000001400208a8 f   LIBCMT:handler.obj
 0001:0001f8b0       _CxxThrowException         00000001400208b0 f   LIBCMT:throw.obj
 0001:0001f990       strcmp                     0000000140020990 f   LIBCMT:strcmp.obj
 0001:0001f9f8       ?_Type_info_dtor@type_info@@CAXPEAV1@@Z 00000001400209f8 f   LIBCMT:typname.obj
 0001:0001fa64       __doserrno                 0000000140020a64 f   LIBCMT:dosmap.obj
 0001:0001fa84       _dosmaperr                 0000000140020a84 f   LIBCMT:dosmap.obj
 0001:0001fad4       _errno                     0000000140020ad4 f   LIBCMT:dosmap.obj
 0001:0001faf4       _get_errno_from_oserr      0000000140020af4 f   LIBCMT:dosmap.obj
 0001:0001fb44       _heap_init                 0000000140020b44 f   LIBCMT:heapinit.obj
 0001:0001fb64       _call_reportfault          0000000140020b64 f   LIBCMT:invarg.obj
 0001:0001fc58       _initp_misc_invarg         0000000140020c58 f   LIBCMT:invarg.obj
 0001:0001fc60       _invalid_parameter         0000000140020c60 f   LIBCMT:invarg.obj
 0001:0001fcc8       _invalid_parameter_noinfo  0000000140020cc8 f   LIBCMT:invarg.obj
 0001:0001fce8       _invoke_watson             0000000140020ce8 f   LIBCMT:invarg.obj
 0001:0001fd24       __addlocaleref             0000000140020d24 f   LIBCMT:localref.obj
 0001:0001fdb0       __freetlocinfo             0000000140020db0 f   LIBCMT:localref.obj
 0001:0001ff48       __removelocaleref          0000000140020f48 f   LIBCMT:localref.obj
 0001:0001ffec       __updatetlocinfo           0000000140020fec f   LIBCMT:localref.obj
 0001:00020064       _updatetlocinfoEx_nolock   0000000140021064 f   LIBCMT:localref.obj
 0001:000200c8       __initmbctable             00000001400210c8 f   LIBCMT:mbctype.obj
 0001:000203e4       __updatetmbcinfo           00000001400213e4 f   LIBCMT:mbctype.obj
 0001:000204a0       _setmbcp                   00000001400214a0 f   LIBCMT:mbctype.obj
 0001:000206e4       _setmbcp_nolock            00000001400216e4 f   LIBCMT:mbctype.obj
 0001:00020994       _freefls                   0000000140021994 f   LIBCMT:tidtable.obj
 0001:00020ac8       _getptd                    0000000140021ac8 f   LIBCMT:tidtable.obj
 0001:00020aec       _getptd_noexit             0000000140021aec f   LIBCMT:tidtable.obj
 0001:00020b70       _initptd                   0000000140021b70 f   LIBCMT:tidtable.obj
 0001:00020c34       _mtinit                    0000000140021c34 f   LIBCMT:tidtable.obj
 0001:00020cb4       _mtterm                    0000000140021cb4 f   LIBCMT:tidtable.obj
 0001:00020cd8       __isa_available_init       0000000140021cd8 f   LIBCMT:cpu_disp.obj
 0001:00020e7c       __crt_debugger_hook        0000000140021e7c f   LIBCMT:dbghook.obj
 0001:00020e84       __crtCaptureCurrentContext 0000000140021e84 f   LIBCMT:winapisupp.obj
 0001:00020ef4       __crtCapturePreviousContext 0000000140021ef4 f   LIBCMT:winapisupp.obj
 0001:00020f68       __crtFlsAlloc              0000000140021f68 f   LIBCMT:winapisupp.obj
 0001:00020f84       __crtFlsFree               0000000140021f84 f   LIBCMT:winapisupp.obj
 0001:00020fa0       __crtFlsGetValue           0000000140021fa0 f   LIBCMT:winapisupp.obj
 0001:00020fbc       __crtFlsSetValue           0000000140021fbc f   LIBCMT:winapisupp.obj
 0001:00020fd8       __crtGetShowWindowMode     0000000140021fd8 f   LIBCMT:winapisupp.obj
 0001:00021004       __crtInitializeCriticalSectionEx 0000000140022004 f   LIBCMT:winapisupp.obj
 0001:00021030       __crtIsPackagedApp         0000000140022030 f   LIBCMT:winapisupp.obj
 0001:0002107c       __crtLoadWinApiPointers    000000014002207c f   LIBCMT:winapisupp.obj
 0001:00021478       __crtSetUnhandledExceptionFilter 0000000140022478 f   LIBCMT:winapisupp.obj
 0001:00021480       __crtSleep                 0000000140022480 f   LIBCMT:winapisupp.obj
 0001:00021488       __crtTerminateProcess      0000000140022488 f   LIBCMT:winapisupp.obj
 0001:000214a8       __crtUnhandledException    00000001400224a8 f   LIBCMT:winapisupp.obj
 0001:000214c8       __daylight                 00000001400224c8 f   LIBCMT:timeset.obj
 0001:000214d0       __dstbias                  00000001400224d0 f   LIBCMT:timeset.obj
 0001:000214d8       __timezone                 00000001400224d8 f   LIBCMT:timeset.obj
 0001:000214e0       __tzname                   00000001400224e0 f   LIBCMT:timeset.obj
 0001:000214e8       _get_daylight              00000001400224e8 f   LIBCMT:timeset.obj
 0001:00021518       _get_dstbias               0000000140022518 f   LIBCMT:timeset.obj
 0001:00021548       _get_timezone              0000000140022548 f   LIBCMT:timeset.obj
 0001:00021578       _gmtime64_s                0000000140022578 f   LIBCMT:gmtime64.obj
 0001:00021848       _localtime64_s             0000000140022848 f   LIBCMT:loctim64.obj
 0001:00021b54       __tzset                    0000000140022b54 f   LIBCMT:tzset.obj
 0001:00021b90       _isindst                   0000000140022b90 f   LIBCMT:tzset.obj
 0001:000225a0       __GSHandlerCheck           00000001400235a0 f   LIBCMT:gshandler.obj
 0001:000225c0       __GSHandlerCheckCommon     00000001400235c0 f   LIBCMT:gshandler.obj
 0001:00022624       strcspn                    0000000140023624 f   LIBCMT:strcspn.obj
 0001:000226c4       strspn                     00000001400236c4 f   LIBCMT:strspn.obj
 0001:00022788       strchr                     0000000140023788 f   LIBCMT:strchr.obj
 0001:00022814       strpbrk                    0000000140023814 f   LIBCMT:strpbrk.obj
 0001:000228b8       ?_inconsistency@@YAXXZ     00000001400238b8 f   LIBCMT:hooks.obj
 0001:000228d8       ?terminate@@YAXXZ          00000001400238d8 f   LIBCMT:hooks.obj
 0001:000228f8       _initp_eh_hooks            00000001400238f8 f   LIBCMT:hooks.obj
 0001:00022918       abort                      0000000140023918 f   LIBCMT:abort.obj
 0001:00022970       _initp_misc_purevirt       0000000140023970 f   LIBCMT:inithelp.obj
 0001:00022978       strcpy_s                   0000000140023978 f   LIBCMT:strcpy_s.obj
 0001:000229f0       strlen                     00000001400239f0 f   LIBCMT:strlen.obj
 0001:00022a98       strrchr                    0000000140023a98 f   LIBCMT:strrchr.obj
 0001:00022bdc       ?__CxxUnhandledExceptionFilter@@YAJPEAU_EXCEPTION_POINTERS@@@Z 0000000140023bdc f   LIBCMT:unhandld.obj
 0001:00022c14       __CxxSetUnhandledExceptionFilter 0000000140023c14 f   LIBCMT:unhandld.obj
 0001:00022c2c       _XcptFilter                0000000140023c2c f   LIBCMT:winxfltr.obj
 0001:00022df8       _ioinit                    0000000140023df8 f   LIBCMT:ioinit.obj
 0001:00023128       _setargv                   0000000140024128 f   LIBCMT:stdargv.obj
 0001:000233e4       _setenvp                   00000001400243e4 f   LIBCMT:stdenvp.obj
 0001:00023518       _FF_MSGBANNER              0000000140024518 f   LIBCMT:crt0msg.obj
 0001:0002355c       _GET_RTERRMSG              000000014002455c f   LIBCMT:crt0msg.obj
 0001:0002358c       _NMSG_WRITE                000000014002458c f   LIBCMT:crt0msg.obj
 0001:000237fc       __set_app_type             00000001400247fc f   LIBCMT:errmode.obj
 0001:00023804       _set_error_mode            0000000140024804 f   LIBCMT:errmode.obj
 0001:00023844       __security_init_cookie     0000000140024844 f   LIBCMT:gs_support.obj
 0001:000238f0       _RTC_Initialize            00000001400248f0 f   LIBCMT:initsect.obj
 0001:00023928       _RTC_Terminate             0000000140024928 f   LIBCMT:initsect.obj
 0001:00023960       __crtGetEnvironmentStringsA 0000000140024960 f   LIBCMT:a_env.obj
 0001:00023a54       _wincmdln                  0000000140024a54 f   LIBCMT:wincmdln.obj
 0001:00023ad0       realloc                    0000000140024ad0 f   LIBCMT:realloc.obj
 0001:00023ba4       _lock                      0000000140024ba4 f   LIBCMT:mlock.obj
 0001:00023be8       _mtdeletelocks             0000000140024be8 f   LIBCMT:mlock.obj
 0001:00023c70       _mtinitlocknum             0000000140024c70 f   LIBCMT:mlock.obj
 0001:00023d30       _mtinitlocks               0000000140024d30 f   LIBCMT:mlock.obj
 0001:00023d94       _unlock                    0000000140024d94 f   LIBCMT:mlock.obj
 0001:00023db0       _FindPESection             0000000140024db0 f   LIBCMT:pesect.obj
 0001:00023e00       _IsNonwritableInCurrentImage 0000000140024e00 f   LIBCMT:pesect.obj
 0001:00023e50       _ValidateImageBase         0000000140024e50 f   LIBCMT:pesect.obj
 0001:00023e80       _initp_misc_cfltcvt_tab    0000000140024e80 f   LIBCMT:cmiscdat.obj
 0001:00023ebc       __get_sigabrt              0000000140024ebc f   LIBCMT:winsig.obj
 0001:00023ecc       _initp_misc_winsig         0000000140024ecc f   LIBCMT:winsig.obj
 0001:00023eec       raise                      0000000140024eec f   LIBCMT:winsig.obj
 0001:00024120       _initp_misc_rand_s         0000000140025120 f   LIBCMT:rand_s.obj
 0001:00024128       _calloc_impl               0000000140025128 f   LIBCMT:calloc_impl.obj
 0001:000241e0       _local_unwind              00000001400251e0 f   LIBCMT:jmpuwind.obj
 0001:00024210       _NLG_Notify                0000000140025210 f   LIBCMT:jmpuwind.obj
 0001:00024230       __NLG_Dispatch2            0000000140025230 f   LIBCMT:jmpuwind.obj
 0001:00024240       __NLG_Return2              0000000140025240 f   LIBCMT:jmpuwind.obj
 0001:00024244       __free_lconv_mon           0000000140025244 f   LIBCMT:initmon.obj
 0001:00024350       __free_lconv_num           0000000140025350 f   LIBCMT:initnum.obj
 0001:000243bc       __free_lc_time             00000001400253bc f   LIBCMT:inittime.obj
 0001:00024aa4       __crtLCMapStringA          0000000140025aa4 f   LIBCMT:a_map.obj
 0001:00024cb4       __crtGetStringTypeA        0000000140025cb4 f   LIBCMT:a_str.obj
 0001:00024d30       atol                       0000000140025d30 f   LIBCMT:atox.obj
 0001:00024d3c       strncpy_s                  0000000140025d3c f   LIBCMT:strncpy_s.obj
 0001:00024df8       _getenv_helper_nolock      0000000140025df8 f   LIBCMT:getenv.obj
 0001:00024e9c       ___lc_codepage_func        0000000140025e9c f   LIBCMT:initctyp.obj
 0001:00024ed4       GetTableIndexFromLocaleName 0000000140025ed4 f   LIBCMT:winapinls.obj
 0001:00024f60       __crtCompareStringEx       0000000140025f60 f   LIBCMT:winapinls.obj
 0001:00024ff0       __crtDownlevelLocaleNameToLCID 0000000140025ff0 f   LIBCMT:winapinls.obj
 0001:00025024       __crtLCMapStringEx         0000000140026024 f   LIBCMT:winapinls.obj
 0001:000250b4       __wcsnicmp_ascii           00000001400260b4 f   LIBCMT:winapinls.obj
 0001:0002510c       __initstdio                000000014002610c f   LIBCMT:_file.obj
 0001:000251a4       __endstdio                 00000001400261a4 f   LIBCMT:_file.obj
 0001:000251d4       _lock_file                 00000001400261d4 f   LIBCMT:_file.obj
 0001:0002523c       _lock_file2                000000014002623c f   LIBCMT:_file.obj
 0001:00025270       _unlock_file               0000000140026270 f   LIBCMT:_file.obj
 0001:000252c0       _unlock_file2              00000001400262c0 f   LIBCMT:_file.obj
 0001:000252e0       wcscat_s                   00000001400262e0 f   LIBCMT:wcscat_s.obj
 0001:00025368       wcscpy_s                   0000000140026368 f   LIBCMT:wcscpy_s.obj
[...]
 0004:00002a48       $pdata$flsall              0000000140049a48     LIBCMT:fflush.obj
 0004:00002a54       $pdata$_locterm            0000000140049a54     LIBCMT:wsetloca.obj
 0004:00002a6c       $pdata$?strtoxl@@YAKPEAUlocaleinfo_struct@@PEBDPEAPEBDHH@Z 0000000140049a6c     LIBCMT:strtol.obj
 0004:00002a78       $pdata$strtol              0000000140049a78     LIBCMT:strtol.obj
 0004:00002a84       $pdata$__wtomb_environ     0000000140049a84     LIBCMT:wtombenv.obj
 0004:00002a90       $pdata$_mbsnbicoll_l       0000000140049a90     LIBCMT:mbsnbico.obj
 0004:00002a9c       $pdata$_fcloseall          0000000140049a9c     LIBCMT:closeall.obj
 0004:00002aa8       $pdata$_commit             0000000140049aa8     LIBCMT:commit.obj
 0004:00002ab4       $pdata$_write              0000000140049ab4     LIBCMT:write.obj
 0004:00002ac0       $pdata$_write_nolock       0000000140049ac0     LIBCMT:write.obj
 0004:00002ad8       $pdata$_isctype_l          0000000140049ad8     LIBCMT:isctype.obj
 0004:00002ae4       $pdata$__crt_atoflt_l      0000000140049ae4     LIBCMT:atodbl.obj
 0004:00002af0       $pdata$_atodbl_l           0000000140049af0     LIBCMT:atodbl.obj
 0004:00002afc       $pdata$__crtsetenv         0000000140049afc     LIBCMT:setenv.obj
 0004:00002b08       $pdata$_strnicoll_l        0000000140049b08     LIBCMT:strnicol.obj
 0004:00002b14       $pdata$?__crtCompareStringA_stat@@YAHPEAUlocaleinfo_struct@@PEB_WKPEBDH2HH@Z 0000000140049b14     LIBCMT:a_cmp.obj
 0004:00002b20       $pdata$__crtCompareStringA 0000000140049b20     LIBCMT:a_cmp.obj
 0004:00002b2c       $pdata$_fclose_nolock      0000000140049b2c     LIBCMT:fclose.obj
 0004:00002b38       $pdata$fclose              0000000140049b38     LIBCMT:fclose.obj
 0004:00002b44       $pdata$__lock_fhandle      0000000140049b44     LIBCMT:osfinfo.obj
 0004:00002b50       $pdata$_free_osfhnd        0000000140049b50     LIBCMT:osfinfo.obj
 0004:00002b5c       $pdata$_get_osfhandle      0000000140049b5c     LIBCMT:osfinfo.obj
 0004:00002b68       $pdata$_isleadbyte_l       0000000140049b68     LIBCMT:_wctype.obj
 0004:00002b74       $pdata$isleadbyte          0000000140049b74     LIBCMT:_wctype.obj
 0004:00002b80       $pdata$_lseeki64_nolock    0000000140049b80     LIBCMT:lseeki64.obj
 0004:00002b8c       $pdata$_mbtowc_l           0000000140049b8c     LIBCMT:mbtowc.obj
 0004:00002b98       $pdata$_putwch_nolock      0000000140049b98     LIBCMT:putwch.obj
 0004:00002ba4       $pdata$_ld12tod            0000000140049ba4     LIBCMT:intrncvt.obj
 0004:00002bb0       $pdata$_ld12tof            0000000140049bb0     LIBCMT:intrncvt.obj
 0004:00002bbc       $pdata$__strgtold12_l      0000000140049bbc     LIBCMT:strgtold.obj
 0004:00002bc8       $pdata$_cfltcvt            0000000140049bc8     LIBCMT:cvt.obj
 0004:00002bd4       $pdata$_cfltcvt_l          0000000140049bd4     LIBCMT:cvt.obj
 0004:00002be0       $pdata$_cftoa_l            0000000140049be0     LIBCMT:cvt.obj
 0004:00002bec       $pdata$_cftoe2_l           0000000140049bec     LIBCMT:cvt.obj
 0004:00002bf8       $pdata$_cftoe_l            0000000140049bf8     LIBCMT:cvt.obj
 0004:00002c04       $pdata$_cftof2_l           0000000140049c04     LIBCMT:cvt.obj
 0004:00002c10       $pdata$_cftof_l            0000000140049c10     LIBCMT:cvt.obj
 0004:00002c1c       $pdata$_cftog_l            0000000140049c1c     LIBCMT:cvt.obj
 0004:00002c28       $pdata$_cropzeros_l        0000000140049c28     LIBCMT:cvt.obj
 0004:00002c34       $pdata$_fassign_l          0000000140049c34     LIBCMT:cvt.obj
 0004:00002c40       $pdata$_forcdecpt_l        0000000140049c40     LIBCMT:cvt.obj
 0004:00002c4c       $pdata$_strnicmp_l         0000000140049c4c     LIBCMT:strnicmp.obj
 0004:00002c58       $pdata$_close              0000000140049c58     LIBCMT:close.obj
 0004:00002c64       $pdata$_close_nolock       0000000140049c64     LIBCMT:close.obj
 0004:00002c70       $pdata$_freebuf            0000000140049c70     LIBCMT:_freebuf.obj
 0004:00002c7c       $pdata$__termconout        0000000140049c7c     LIBCMT:initcon.obj
 0004:00002c88       $pdata$__initconout        0000000140049c88     LIBCMT:initcon.obj
 0004:00002c94       $pdata$__mtold12           0000000140049c94     LIBCMT:mantold.obj
 0004:00002ca0       $pdata$isdigit             0000000140049ca0     LIBCMT:_ctype.obj
 0004:00002cac       $pdata$_tolower_l          0000000140049cac     LIBCMT:tolower.obj
 0004:00002cb8       $pdata$_fptostr            0000000140049cb8     LIBCMT:_fptostr.obj
 0004:00002cc4       $pdata$__dtold             0000000140049cc4     LIBCMT:cfout.obj
 0004:00002cd0       $pdata$_fltout2            0000000140049cd0     LIBCMT:cfout.obj
 0004:00002cdc       $pdata$$I10_OUTPUT         0000000140049cdc     LIBCMT:x10fout.obj
 0004:00002ce8       $pdata$?_GetEstablisherFrame@@YAPEA_KPEA_KPEAU_xDISPATCHER_CONTEXT@@PEBU_s_FuncInfo@@0@Z 0000000140049ce8     LIBCMT:trnsctrl.obj
 0004:00002cf4       $pdata$?_GetRangeOfTrysToCheck@@YAPEBU_s_TryBlockMapEntry@@PEA_KPEBU_s_FuncInfo@@HHPEAI2PEAU_xDISPATCHER_CONTEXT@@@Z 0000000140049cf4     LIBCMT:trnsctrl.obj
 0004:00002d00       $pdata$?__FrameUnwindToEmptyState@@YAXPEA_KPEAU_xDISPATCHER_CONTEXT@@PEBU_s_FuncInfo@@@Z 0000000140049d00     LIBCMT:trnsctrl.obj
 0004:00002d0c       $pdata$?__SehTransFilter@@YAHPEAU_EXCEPTION_POINTERS@@PEAUEHExceptionRecord@@PEA_KPEAU_CONTEXT@@PEAU_xDISPATCHER_CONTEXT@@PEBU_s_FuncInfo@@PEAH@Z 0000000140049d0c     LIBCMT:trnsctrl.obj
 0004:00002d18       $pdata$_CallSETranslator   0000000140049d18     LIBCMT:trnsctrl.obj
 0004:00002d24       $pdata$_CreateFrameInfo    0000000140049d24     LIBCMT:trnsctrl.obj
 0004:00002d30       $pdata$_FindAndUnlinkFrame 0000000140049d30     LIBCMT:trnsctrl.obj
 0004:00002d3c       $pdata$_GetImageBase       0000000140049d3c     LIBCMT:trnsctrl.obj
 0004:00002d48       $pdata$_GetThrowImageBase  0000000140049d48     LIBCMT:trnsctrl.obj
 0004:00002d54       $pdata$_IsExceptionObjectToBeDestroyed 0000000140049d54     LIBCMT:trnsctrl.obj
 0004:00002d60       $pdata$_SetImageBase       0000000140049d60     LIBCMT:trnsctrl.obj
 0004:00002d6c       $pdata$_SetThrowImageBase  0000000140049d6c     LIBCMT:trnsctrl.obj
 0004:00002d78       $pdata$_UnwindNestedFrames 0000000140049d78     LIBCMT:trnsctrl.obj
 0004:00002d84       $pdata$__CxxFrameHandler3  0000000140049d84     LIBCMT:trnsctrl.obj
 0004:00002d90       $pdata$__GSHandlerCheck_EH 0000000140049d90     LIBCMT:gshandlereh.obj
 0004:00002d9c       $pdata$__DestructExceptionObject 0000000140049d9c     LIBCMT:frame.obj
 0004:00002da8       $pdata$??0bad_exception@std@@QEAA@AEBV01@@Z 0000000140049da8     LIBCMT:frame.obj
 0004:00002db4       $pdata$??_Gbad_exception@std@@UEAAPEAXI@Z 0000000140049db4     LIBCMT:frame.obj
 0004:00002dc0       $pdata$?CatchIt@@YAXPEAUEHExceptionRecord@@PEA_KPEAU_CONTEXT@@PEAU_xDISPATCHER_CONTEXT@@PEBU_s_FuncInfo@@PEBU_s_HandlerType@@PEBU_s_CatchableType@@PEBU_s_TryBlockMapEntry@@H1EE@Z 0000000140049dc0     LIBCMT:frame.obj
 0004:00002dcc       $pdata$?FindHandler@@YAXPEAUEHExceptionRecord@@PEA_KPEAU_CONTEXT@@PEAU_xDISPATCHER_CONTEXT@@PEBU_s_FuncInfo@@EH1@Z 0000000140049dcc     LIBCMT:frame.obj
 0004:00002dd8       $pdata$?FindHandlerForForeignException@@YAXPEAUEHExceptionRecord@@PEA_KPEAU_CONTEXT@@PEAU_xDISPATCHER_CONTEXT@@PEBU_s_FuncInfo@@HH1@Z 0000000140049dd8     LIBCMT:frame.obj
 0004:00002de4       $pdata$?IsInExceptionSpec@@YAEPEAUEHExceptionRecord@@PEBU_s_ESTypeList@@@Z 0000000140049de4     LIBCMT:frame.obj
 0004:00002df0       $pdata$__BuildCatchObject  0000000140049df0     LIBCMT:frame.obj
 0004:00002dfc       $pdata$__BuildCatchObjectHelper 0000000140049dfc     LIBCMT:frame.obj
 0004:00002e08       $pdata$__CxxCallCatchBlock 0000000140049e08     LIBCMT:frame.obj
 0004:00002e14       $pdata$__FrameUnwindFilter 0000000140049e14     LIBCMT:frame.obj
 0004:00002e20       $pdata$__FrameUnwindToState 0000000140049e20     LIBCMT:frame.obj
 0004:00002e2c       $pdata$__InternalCxxFrameHandler 0000000140049e2c     LIBCMT:frame.obj
 0004:00002e38       $pdata$__TypeMatch         0000000140049e38     LIBCMT:frame.obj
 0004:00002e44       $pdata$?__GetCurrentState@@YAHPEA_KPEAU_xDISPATCHER_CONTEXT@@PEBU_s_FuncInfo@@@Z 0000000140049e44     LIBCMT:ehstate.obj
 0004:00002e50       $pdata$?__GetUnwindTryBlock@@YAHPEA_KPEAU_xDISPATCHER_CONTEXT@@PEBU_s_FuncInfo@@@Z 0000000140049e50     LIBCMT:ehstate.obj
 0004:00002e5c       $pdata$?__SetUnwindTryBlock@@YAXPEA_KPEAU_xDISPATCHER_CONTEXT@@PEBU_s_FuncInfo@@H@Z 0000000140049e5c     LIBCMT:ehstate.obj
 0004:00002e68       $pdata$?__StateFromIp@@YAHPEBU_s_FuncInfo@@PEAU_xDISPATCHER_CONTEXT@@_J@Z 0000000140049e68     LIBCMT:ehstate.obj
 0004:00002e80       $pdata$?catch$0@?0??AllocBuffer@CString@WTL@@IEAAHH@Z@4HA 0000000140049e80     Enterdlg.obj
 0004:00002e8c       $pdata$?catch$0@?0??OnOpenDocument@CDocument@@UEAAHPEBD@Z@4HA 0000000140049e8c     Maindoc.obj
 0004:00002e98       $pdata$?dtor$0@?0??Mid@CString@WTL@@QEBA?AV12@HH@Z@4HA 0000000140049e98     Maindoc.obj
 0004:00002ea4       $pdata$?catch$0@?0??CreateCommon@CSplitterWnd@@QEAAHPEAVCWnd@@UtagSIZE@@KI@Z@4HA 0000000140049ea4     Splitter.obj
 0004:00002eb0       $pdata$?catch$0@?0??CreateView@CSplitterWnd@@UEAAHHHPEAUCRuntimeClass@@UtagSIZE@@PEAUCCreateContext@@@Z@4HA 0000000140049eb0     Splitter.obj
 0004:00002ebc       $pdata$_onexit$fin$0       0000000140049ebc     LIBCMT:onexit.obj
 0004:00002ec8       $pdata$__tmainCRTStartup$filt$0 0000000140049ec8     LIBCMT:wincrt0.obj
 0004:00002ed4       $pdata$doexit$fin$0        0000000140049ed4     LIBCMT:crt0dat.obj
 0004:00002ee0       $pdata$?fin$0@?0??_Type_info_dtor@type_info@@CAXPEAV1@@Z@4HA 0000000140049ee0     LIBCMT:typname.obj
 0004:00002eec       $pdata$__updatetmbcinfo$fin$0 0000000140049eec     LIBCMT:mbctype.obj
 0004:00002eec       $pdata$_setmbcp$fin$0      0000000140049eec     LIBCMT:mbctype.obj
 0004:00002ef8       $pdata$_initptd$fin$1      0000000140049ef8     LIBCMT:tidtable.obj
 0004:00002ef8       $pdata$_freefls$fin$1      0000000140049ef8     LIBCMT:tidtable.obj
 0004:00002f04       $pdata$_freefls$fin$0      0000000140049f04     LIBCMT:tidtable.obj
 0004:00002f04       $pdata$_initptd$fin$0      0000000140049f04     LIBCMT:tidtable.obj
 0004:00002f10       $pdata$_isindst$fin$0      0000000140049f10     LIBCMT:tzset.obj
 0004:00002f10       $pdata$__tzset$fin$0       0000000140049f10     LIBCMT:tzset.obj
 0004:00002f1c       $pdata$_tzset_nolock$fin$0 0000000140049f1c     LIBCMT:tzset.obj
 0004:00002f28       $pdata$_ioinit$fin$0       0000000140049f28     LIBCMT:ioinit.obj
 0004:00002f34       $pdata$_mtinitlocknum$fin$0 0000000140049f34     LIBCMT:mlock.obj
 0004:00002f40       $pdata$_IsNonwritableInCurrentImage$filt$0 0000000140049f40     LIBCMT:pesect.obj
 0004:00002f4c       $pdata$raise$fin$0         0000000140049f4c     LIBCMT:winsig.obj
 0004:00002f58       $pdata$flsall$fin$0        0000000140049f58     LIBCMT:fflush.obj
 0004:00002f64       $pdata$flsall$fin$1        0000000140049f64     LIBCMT:fflush.obj
 0004:00002f70       $pdata$__updatetlocinfo$fin$0 0000000140049f70     LIBCMT:wsetloca.obj
 0004:00002f70       $pdata$_locterm$fin$0      0000000140049f70     LIBCMT:wsetloca.obj
 0004:00002f7c       $pdata$_fcloseall$fin$0    0000000140049f7c     LIBCMT:closeall.obj
 0004:00002f88       $pdata$_close$fin$0        0000000140049f88     LIBCMT:commit.obj
 0004:00002f88       $pdata$_commit$fin$0       0000000140049f88     LIBCMT:commit.obj
 0004:00002f94       $pdata$_write$fin$0        0000000140049f94     LIBCMT:write.obj
 0004:00002fa0       $pdata$fclose$fin$0        0000000140049fa0     LIBCMT:fclose.obj
 0004:00002fac       $pdata$__lock_fhandle$fin$0 0000000140049fac     LIBCMT:osfinfo.obj
 0004:00002fb8       $pdata$_CallSETranslator$filt$0 0000000140049fb8     LIBCMT:trnsctrl.obj
 0004:00002fc4       $pdata$__CxxCallCatchBlock$filt$0 0000000140049fc4     LIBCMT:frame.obj
 0004:00002fd0       $pdata$__CxxCallCatchBlock$fin$1 0000000140049fd0     LIBCMT:frame.obj
 0004:00002fdc       $pdata$__DestructExceptionObject$filt$0 0000000140049fdc     LIBCMT:frame.obj
 0004:00002fe8       $pdata$__FrameUnwindToState$filt$0 0000000140049fe8     LIBCMT:frame.obj
 0004:00002ff4       $pdata$__FrameUnwindToState$fin$1 0000000140049ff4     LIBCMT:frame.obj
 0004:00003000       $pdata$??__F_AtlWinModule@ATL@@YAXXZ 000000014004a000     Enterdlg.obj
 0004:0000300c       $pdata$??__F?wndTop@CWMHnd@@2V1@B@@YAXXZ 000000014004a00c     Stdafx.obj
 0004:00003018       $pdata$??__F?wndBottom@CWMHnd@@2V1@B@@YAXXZ 000000014004a018     Stdafx.obj
 0004:00003024       $pdata$??__F?wndTopMost@CWMHnd@@2V1@B@@YAXXZ 000000014004a024     Stdafx.obj
 0004:00003030       $pdata$??__F?wndNoTopMost@CWMHnd@@2V1@B@@YAXXZ 000000014004a030     Stdafx.obj
 0005:000011e0       $R000000                   000000014004c1e0     Viewex.res
 0005:000014c8       $R0002E8                   000000014004c4c8     Viewex.res
 0005:000014e0       $R000300                   000000014004c4e0     Viewex.res
 0005:00001610       $R000430                   000000014004c610     Viewex.res
 0005:00001618       $R000438                   000000014004c618     Viewex.res
 0005:00001738       $R000558                   000000014004c738     Viewex.res
 0005:00001860       $R000680                   000000014004c860     Viewex.res
 0005:00001940       $R000760                   000000014004c940     Viewex.res
 0005:00001a78       $R000898                   000000014004ca78     Viewex.res
 0005:00001b30       $R000950                   000000014004cb30     Viewex.res
 0005:00001b58       $R000978                   000000014004cb58     Viewex.res
 0005:00001c90       $R000AB0                   000000014004cc90     Viewex.res
 0005:00001d48       $R000B68                   000000014004cd48     Viewex.res
 0005:00001d70       $R000B90                   000000014004cd70     Viewex.res
 0005:00001ea8       $R000CC8                   000000014004cea8     Viewex.res
 0005:00001f60       $R000D80                   000000014004cf60     Viewex.res
 0005:00001f88       $R000DA8                   000000014004cf88     Viewex.res
 0005:000020c0       $R000EE0                   000000014004d0c0     Viewex.res
 0005:00002178       $R000F98                   000000014004d178     Viewex.res
 0005:000021a0       $R000FC0                   000000014004d1a0     Viewex.res
 0005:000022d8       $R0010F8                   000000014004d2d8     Viewex.res
 0005:00002390       $R0011B0                   000000014004d390     Viewex.res
 0005:000023b8       $R0011D8                   000000014004d3b8     Viewex.res
 0005:000025b8       $R0013D8                   000000014004d5b8     Viewex.res
 0005:00002670       $R001490                   000000014004d670     Viewex.res
 0005:00002698       $R0014B8                   000000014004d698     Viewex.res
 0005:00002898       $R0016B8                   000000014004d898     Viewex.res
 0005:00002950       $R001770                   000000014004d950     Viewex.res
 0005:00002978       $R001798                   000000014004d978     Viewex.res
 0005:00002b78       $R001998                   000000014004db78     Viewex.res
 0005:00002c30       $R001A50                   000000014004dc30     Viewex.res
 0005:00002c58       $R001A78                   000000014004dc58     Viewex.res
 0005:00002e58       $R001C78                   000000014004de58     Viewex.res
 0005:00002f10       $R001D30                   000000014004df10     Viewex.res
 0005:00002f38       $R001D58                   000000014004df38     Viewex.res
 0005:00003070       $R001E90                   000000014004e070     Viewex.res
 0005:00003128       $R001F48                   000000014004e128     Viewex.res
 0005:00003150       $R001F70                   000000014004e150     Viewex.res
 0005:00003288       $R0020A8                   000000014004e288     Viewex.res
 0005:00003340       $R002160                   000000014004e340     Viewex.res
 0005:00003368       $R002188                   000000014004e368     Viewex.res
 0005:000034a0       $R0022C0                   000000014004e4a0     Viewex.res
 0005:000034b8       $R0022D8                   000000014004e4b8     Viewex.res
 0005:000035f0       $R002410                   000000014004e5f0     Viewex.res
 0005:00003608       $R002428                   000000014004e608     Viewex.res
 0005:00003740       $R002560                   000000014004e740     Viewex.res
 0005:00003758       $R002578                   000000014004e758     Viewex.res
 0005:00003890       $R0026B0                   000000014004e890     Viewex.res
 0005:000038a8       $R0026C8                   000000014004e8a8     Viewex.res
 0005:000039e0       $R002800                   000000014004e9e0     Viewex.res
 0005:000039f8       $R002818                   000000014004e9f8     Viewex.res
 0005:00003b30       $R002950                   000000014004eb30     Viewex.res
 0005:00003b48       $R002968                   000000014004eb48     Viewex.res
 0005:00003c80       $R002AA0                   000000014004ec80     Viewex.res
 0005:00003c98       $R002AB8                   000000014004ec98     Viewex.res
 0005:00003dd0       $R002BF0                   000000014004edd0     Viewex.res
 0005:00003de8       $R002C08                   000000014004ede8     Viewex.res
 0005:00003f20       $R002D40                   000000014004ef20     Viewex.res
 0005:00003f38       $R002D58                   000000014004ef38     Viewex.res
 0005:00004070       $R002E90                   000000014004f070     Viewex.res
 0005:00004088       $R002EA8                   000000014004f088     Viewex.res
 0005:000041c0       $R002FE0                   000000014004f1c0     Viewex.res
 0005:000041d8       $R002FF8                   000000014004f1d8     Viewex.res
 0005:00004310       $R003130                   000000014004f310     Viewex.res
 0005:00004328       $R003148                   000000014004f328     Viewex.res
 0005:00004460       $R003280                   000000014004f460     Viewex.res
 0005:00004478       $R003298                   000000014004f478     Viewex.res
 0005:000045b0       $R0033D0                   000000014004f5b0     Viewex.res
 0005:000045c8       $R0033E8                   000000014004f5c8     Viewex.res
 0005:000046b0       $R0034D0                   000000014004f6b0     Viewex.res
 0005:000046e8       $R003508                   000000014004f6e8     Viewex.res
 0005:000047a0       $R0035C0                   000000014004f7a0     Viewex.res
 0005:000048e8       $R003708                   000000014004f8e8     Viewex.res
 0005:00004930       $R003750                   000000014004f930     Viewex.res
 0005:00004998       $R0037B8                   000000014004f998     Viewex.res
 0005:00004a60       $R003880                   000000014004fa60     Viewex.res
 0005:00004ae8       $R003908                   000000014004fae8     Viewex.res
 0005:00004b18       $R003938                   000000014004fb18     Viewex.res
 0005:00004ca0       $R003AC0                   000000014004fca0     Viewex.res
 0005:00005188       $R003FA8                   0000000140050188     Viewex.res
 0005:00005328       $R004148                   0000000140050328     Viewex.res
 0005:00005608       $R004428                   0000000140050608     Viewex.res
 0005:00005870       $R004690                   0000000140050870     Viewex.res
 0005:000058c0       $R0046E0                   00000001400508c0     Viewex.res
 0005:00005d68       $R004B88                   0000000140050d68     Viewex.res
 0005:00005f90       $R004DB0                   0000000140050f90     Viewex.res
 0005:00006070       $R004E90                   0000000140051070     Viewex.res
 0005:000060a0       $R004EC0                   00000001400510a0     Viewex.res
 0005:00006130       $R004F50                   0000000140051130     Viewex.res
 0005:00006670       $R005490                   0000000140051670     Viewex.res
