 viewex

 Timestamp is 595b136b (Tue Jul 04 13:02:51 2017)

 Preferred load address is 0000000140000000

 Start         Length     Name                   Class
 0001:00000000 000000f8H .text$di                CODE
 0001:00000100 0002b538H .text$mn                CODE
 0001:0002b640 00000e2fH .text$x                 CODE
 0001:0002c470 000000a4H .text$yd                CODE
 0002:00000000 00000900H .idata$5                DATA
 0002:00000900 00000008H .CRT$XCA                DATA
 0002:00000908 00000008H .CRT$XCL                DATA
 0002:00000910 00000030H .CRT$XCU                DATA
 0002:00000940 00000008H .CRT$XCZ                DATA
 0002:00000948 00000008H .CRT$XIA                DATA
 0002:00000950 00000020H .CRT$XIC                DATA
 0002:00000970 00000008H .CRT$XIY                DATA
 0002:00000978 00000008H .CRT$XIZ                DATA
 0002:00000980 00000008H .CRT$XPA                DATA
 0002:00000988 00000010H .CRT$XPX                DATA
 0002:00000998 00000008H .CRT$XPXA               DATA
 0002:000009a0 00000008H .CRT$XPZ                DATA
 0002:000009a8 00000008H .CRT$XTA                DATA
 0002:000009b0 00000008H .CRT$XTZ                DATA
 0002:000009c0 00008d60H .rdata                  DATA
 0002:00009720 000001ecH .rdata$r                DATA
 0002:00009910 00000008H .rtc$IAA                DATA
 0002:00009918 00000008H .rtc$IZZ                DATA
 0002:00009920 00000008H .rtc$TAA                DATA
 0002:00009928 00000008H .rtc$TZZ                DATA
 0002:00009930 000042d0H .xdata                  DATA
 0002:0000dc00 00000204H .xdata$x                DATA
 0002:0000de08 00000000H ATL$__a                 DATA
 0002:0000de08 00000000H ATL$__z                 DATA
 0002:0000de08 00000000H .edata                  DATA
 0002:0000de08 000000b4H .idata$2                DATA
 0002:0000debc 00000014H .idata$3                DATA
 0002:0000ded0 00000900H .idata$4                DATA
 0002:0000e7d0 00001324H .idata$6                DATA
 0003:00000000 00001780H .data                   DATA
 0003:00001780 00000128H .data$r                 DATA
 0003:000018c0 000028d8H .bss                    DATA
 0004:00000000 00002b74H .pdata                  DATA
 0005:00000000 000011e0H .rsrc$01                DATA
 0005:000011e0 000056b8H .rsrc$02                DATA

  Address         Publics by Value              Rva+Base               Lib:Object

 0000:00000000       ___safe_se_handler_table   0000000000000000     <absolute>
 0000:00000000       __guard_fids_count         0000000000000000     <absolute>
 0000:00000000       ___safe_se_handler_count   0000000000000000     <absolute>
 0000:00000000       __guard_fids_table         0000000000000000     <absolute>
 0000:00000000       __guard_flags              0000000000000000     <absolute>
 0000:00000000       __ImageBase                0000000140000000     <linker-defined>
 0001:00000100       ?GetRuntimeClass@CEnterDlg@@UEBAPEAUCRuntimeClass@@XZ 0000000140001100 f   Enterdlg.obj
 0001:00000110       ??_ECEnterDlg@@UEAAPEAXI@Z 0000000140001110 f i * CIL library *:* CIL module *
 0001:00000110       ??_GCEnterDlg@@UEAAPEAXI@Z 0000000140001110 f i Enterdlg.obj
 0001:00000140       ??1CEnterDlg@@UEAA@XZ      0000000140001140 f i Enterdlg.obj
 0001:000001c0       ?DoDataExchange@CEnterDlg@@MEAAXPEAVCDataExchange@@@Z 00000001400011c0 f   Enterdlg.obj
 0001:000001d0       ?_ProcessWindowMessage@CDialog@@UEAAHPEAUHWND__@@I_K_JAEA_J@Z 00000001400011d0 f i Enterdlg.obj
 0001:000001d0       ?_ProcessWindowMessage@CEnterDlg@@UEAAHPEAUHWND__@@I_K_JAEA_J@Z 00000001400011d0 f i Enterdlg.obj
 0001:000001d0       ?_ProcessWindowMessage@CCommonDialog@@UEAAHPEAUHWND__@@I_K_JAEA_J@Z 00000001400011d0 f i Maindoc.obj
 0001:00000240       ?GetBuffer@CString@WTL@@QEAAPEADH@Z 0000000140001240 f i Enterdlg.obj
 0001:000002e0       ?CopyBeforeWrite@CString@WTL@@IEAAXXZ 00000001400012e0 f i Enterdlg.obj
 0001:00000360       ?DDX_Text@@YAXPEAVCDataExchange@@HAEAVCString@WTL@@@Z 0000000140001360 f i Enterdlg.obj
 0001:00000430       ?AssignCopy@CString@WTL@@IEAAXHPEBD@Z 0000000140001430 f i Enterdlg.obj
 0001:000004d0       ??_9CDialog@@$BPA@AA       00000001400014d0 f i Enterdlg.obj
 0001:000004dc       ??_9CDialog@@$BPI@AA       00000001400014dc f i Enterdlg.obj
 0001:000004f0       ?OnCmdMsg@CDialog@@UEAAHIHPEAXPEAUAFX_CMDHANDLERINFO@@@Z 00000001400014f0 f i Enterdlg.obj
 0001:000005e0       ??_ECWnd@@UEAAPEAXI@Z      00000001400015e0 f i * CIL library *:* CIL module *
 0001:000005e0       ??_ECDialog@@UEAAPEAXI@Z   00000001400015e0 f i * CIL library *:* CIL module *
 0001:000005e0       ??_ECNewTypeDlg@@UEAAPEAXI@Z 00000001400015e0 f i * CIL library *:* CIL module *
 0001:000005e0       ??_GCNewTypeDlg@@UEAAPEAXI@Z 00000001400015e0 f i Viewex.obj
 0001:000005e0       ??_GCDialog@@UEAAPEAXI@Z   00000001400015e0 f i Enterdlg.obj
 0001:000005e0       ??_E_AFX_MOUSEANCHORWND@@UEAAPEAXI@Z 00000001400015e0 f i * CIL library *:* CIL module *
 0001:000005e0       ??_G_AFX_MOUSEANCHORWND@@UEAAPEAXI@Z 00000001400015e0 f i Inputvw.obj
 0001:000005e0       ??_GCWnd@@UEAAPEAXI@Z      00000001400015e0 f i Enterdlg.obj
 0001:00000650       ?PreTranslateMessage@CDialog@@UEAAHPEAUtagMSG@@@Z 0000000140001650 f i Enterdlg.obj
 0001:00000760       ?OnOK@CDialog@@UEAAXXZ     0000000140001760 f i Enterdlg.obj
 0001:000007f0       ?OnCancel@CDialog@@UEAAXXZ 00000001400017f0 f i Enterdlg.obj
 0001:00000830       ?Create@CDialog@@UEAAHIPEAVCWnd@@@Z 0000000140001830 f i Enterdlg.obj
 0001:00000840       ?CreateIndirect@CDialog@@UEAAHPEAXPEAVCWnd@@PEAUHINSTANCE__@@@Z 0000000140001840 f i Enterdlg.obj
 0001:000008e0       ?GetSafeOwner_@CWnd@@SAPEAUHWND__@@PEAU2@PEAPEAU2@@Z 00000001400018e0 f i Enterdlg.obj
 0001:00000a10       ??1CCommonDialog@@UEAA@XZ  0000000140001a10 f i Maindoc.obj
 0001:00000a10       ??1CNewTypeDlg@@UEAA@XZ    0000000140001a10 f i Viewex.obj
 0001:00000a10       ??1CWnd@@UEAA@XZ           0000000140001a10 f i Enterdlg.obj
 0001:00000a10       ??1CDialog@@UEAA@XZ        0000000140001a10 f i Enterdlg.obj
 0001:00000a60       ?classHandleFuncCDialog@CDialog@@SAPEAXPEAX0@Z 0000000140001a60 f i Enterdlg.obj
 0001:00000b00       ?CenterWindow@CWindow@ATL@@QEAAHPEAUHWND__@@@Z 0000000140001b00 f i Enterdlg.obj
 0001:00000ce0       ??_ECDCMTL@@UEAAPEAXI@Z    0000000140001ce0 f i * CIL library *:* CIL module *
 0001:00000ce0       ??_GCDCMTL@@UEAAPEAXI@Z    0000000140001ce0 f i Enterdlg.obj
 0001:00000d50       ?SetAttribDC@CDCMTL@@UEAAXPEAUHDC__@@@Z 0000000140001d50 f i Enterdlg.obj
 0001:00000d60       ?ReleaseAttribDC@CDCMTL@@UEAAXXZ 0000000140001d60 f i Enterdlg.obj
 0001:00000d70       ?SaveDC@CDCMTL@@UEAAHXZ    0000000140001d70 f i Enterdlg.obj
 0001:00000dc0       ?RestoreDC@CDCMTL@@UEAAHH@Z 0000000140001dc0 f i Enterdlg.obj
 0001:00000e20       ?TextOutA@CDCMTL@@UEAAHHHPEBDH@Z 0000000140001e20 f i Enterdlg.obj
 0001:00000e30       ?RemoveHandle@?$CHandleList@PEAUHMENU__@@VCMenuMTL@@PEAUHWND__@@@@QEAAPEAUHMENU__@@QEAU2@@Z 0000000140001e30 f i Enterdlg.obj
 0001:00000e30       ?RemoveHandle@?$CHandleList@PEAUHDC__@@VCDCMTL@@PEAUHWND__@@@@QEAAPEAUHDC__@@QEAU2@@Z 0000000140001e30 f i Enterdlg.obj
 0001:00000e30       ?RemoveHandle@?$CHandleList@PEAXVCGdiObject@@PEAUHWND__@@@@QEAAPEAXQEAX@Z 0000000140001e30 f i Inputvw.obj
 0001:00000eb0       ?RemoveHandleDC@CWinApp@@QEAAPEAUHDC__@@PEAU2@@Z 0000000140001eb0 f i Enterdlg.obj
 0001:00000ed0       ??1CDCMTL@@UEAA@XZ         0000000140001ed0 f i Enterdlg.obj
 0001:00000f30       ?OnDocumentEvent@CDocument@@UEAAXW4DocumentEvent@1@@Z 0000000140001f30 f i Maindoc.obj
 0001:00000f30       ?SetText@CTestCmdUI@@UEAAXPEBD@Z 0000000140001f30 f i Enterdlg.obj
 0001:00000f30       ?OnActivateView@CColorView@@UEAAXHPEAVCView@@0@Z 0000000140001f30 f i Simpvw.obj
 0001:00000f30       ?OnLBSelChangedNotify@CFileDialogMTL@@UEAAXIII@Z 0000000140001f30 f i Maindoc.obj
 0001:00000f30       ?OnActivateFrame@CView@@UEAAXIPEAVCFrameWnd@@@Z 0000000140001f30 f i Inputvw.obj
 0001:00000f30       ?OnDraw@CView@@UEAAXPEAVCDCMTL@@@Z 0000000140001f30 f i Inputvw.obj
 0001:00000f30       ?OnFileNameChange@CFileDialogMTL@@UEAAXXZ 0000000140001f30 f i Maindoc.obj
 0001:00000f30       ?OnFolderChange@CFileDialogMTL@@UEAAXXZ 0000000140001f30 f i Maindoc.obj
 0001:00000f30       ?DoDataExchange@CWMHnd@@UEAAXPEAVCDataExchange@@@Z 0000000140001f30 f i Enterdlg.obj
 0001:00000f30       ?Serialize@CObject@@UEAAXAEAVCArchive@@@Z 0000000140001f30 f i Enterdlg.obj
 0001:00000f30       ?PostNcDestroy@CWMHnd@@UEAAXXZ 0000000140001f30 f i Enterdlg.obj
 0001:00000f30       ?RegisterShellFileTypes@CDocManager@@UEAAXH@Z 0000000140001f30 f i Viewex.obj
 0001:00000f30       ?SetCheck@CTestCmdUI@@UEAAXH@Z 0000000140001f30 f i Enterdlg.obj
 0001:00000f30       ?OnHideMenuBar@CFrameWnd@@UEAAXXZ 0000000140001f30 f i Splitter.obj
 0001:00000f30       ?OnTypeChange@CFileDialogMTL@@UEAAXXZ 0000000140001f30 f i Maindoc.obj
 0001:00000f30       ?Serialize@CMainDoc@@UEAAXAEAVCArchive@@@Z 0000000140001f30 f i Maindoc.obj
 0001:00000f30       ?PreCloseFrame@CDocument@@UEAAXPEAVCFrameWnd@@@Z 0000000140001f30 f i Maindoc.obj
 0001:00000f30       ?OnShowMenuBar@CFrameWnd@@UEAAXXZ 0000000140001f30 f i Splitter.obj
 0001:00000f30       ?DeleteContents@CDocument@@UEAAXXZ 0000000140001f30 f i Maindoc.obj
 0001:00000f30       ?SetRadio@CTestCmdUI@@UEAAXH@Z 0000000140001f30 f i Enterdlg.obj
 0001:00000f30       ?OnEndPrinting@CView@@UEAAXPEAVCDCMTL@@PEAUCPrintInfo@@@Z 0000000140001f30 f i Inputvw.obj
 0001:00000f30       ?OnBeginPrinting@CView@@UEAAXPEAVCDCMTL@@PEAUCPrintInfo@@@Z 0000000140001f30 f i Inputvw.obj
 0001:00000f40       ?OnShareViolation@CFileDialogMTL@@UEAAIPEBD@Z 0000000140001f40 f i Maindoc.obj
 0001:00000f40       ?_ProcessWindowMessage@CCmdTarget@@UEAAHPEAUHWND__@@I_K_JAEA_J@Z 0000000140001f40 f i Enterdlg.obj
 0001:00000f40       ?GetDefaultAccelerator@CDocument@@UEAAPEAUHACCEL__@@XZ 0000000140001f40 f i Maindoc.obj
 0001:00000f40       ?GetActivePane@CSplitterWnd@@UEAAPEAVCWnd@@AEAH0@Z 0000000140001f40 f i Splitter.obj
 0001:00000f40       ?OnFileNameOK@CFileDialogMTL@@UEAAHXZ 0000000140001f40 f i Maindoc.obj
 0001:00000f40       ?IsTabbedMDIChild@CMDIChildWnd@@UEAAHXZ 0000000140001f40 f i Splitter.obj
 0001:00000f40       ?GetEventSinkMap@CCmdTarget@@UEBAPEBUAFX_EVENTSINKMAP@@XZ 0000000140001f40 f i Enterdlg.obj
 0001:00000f40       ?OnScrollBy@CView@@UEAAHVCSize@WTL@@H@Z 0000000140001f40 f i Inputvw.obj
 0001:00000f40       ?ExitInstance@CWinApp@@UEAAHXZ 0000000140001f40 f i Viewex.obj
 0001:00000f40       ?IsFrameWnd@CWMHnd@@UEAAHXZ 0000000140001f40 f i Enterdlg.obj
 0001:00000f40       ?GetScrollBarCtrl@CWMHnd@@UEBAPEAVCScrollBarMTL@@H@Z 0000000140001f40 f i Enterdlg.obj
 0001:00000f40       ?OnScroll@CView@@UEAAHIIH@Z 0000000140001f40 f i Inputvw.obj
 0001:00000f50       ?CalcWindowRect@CWMHnd@@UEAAXPEAUtagRECT@@I@Z 0000000140001f50 f i Enterdlg.obj
 0001:00000fc0       ?FromHandle@?$CHandleList@PEAXVCGdiObject@@PEAUHWND__@@@@QEAAPEAVCGdiObject@@QEAXPEAV2@QEAUHWND__@@Q6APEAXPEAX3@Z@Z 0000000140001fc0 f i Splitter.obj
 0001:00000fc0       ?FromHandle@?$CHandleList@PEAUHMENU__@@VCMenuMTL@@PEAUHWND__@@@@QEAAPEAVCMenuMTL@@QEAUHMENU__@@PEAV2@QEAUHWND__@@Q6APEAXPEAX3@Z@Z 0000000140001fc0 f i Enterdlg.obj
 0001:00000fc0       ?FromHandle@?$CHandleList@PEAUHDC__@@VCDCMTL@@PEAUHWND__@@@@QEAAPEAVCDCMTL@@QEAUHDC__@@PEAV2@QEAUHWND__@@Q6APEAXPEAX3@Z@Z 0000000140001fc0 f i Splitter.obj
 0001:000010a0       ?FromHandleMenu@CWinApp@@QEAAPEAVCMenuMTL@@PEAUHMENU__@@PEAV2@PEAUHWND__@@P6APEAXPEAX3@Z@Z 00000001400020a0 f i Enterdlg.obj
 0001:000010c0       ??_ECMenuMTL@@UEAAPEAXI@Z  00000001400020c0 f i * CIL library *:* CIL module *
 0001:000010c0       ??_GCMenuMTL@@UEAAPEAXI@Z  00000001400020c0 f i Enterdlg.obj
 0001:00001130       ?RemoveHandleMenu@CWinApp@@QEAAPEAUHMENU__@@PEAU2@@Z 0000000140002130 f i Enterdlg.obj
 0001:00001150       ??1CMenuMTL@@UEAA@XZ       0000000140002150 f i Enterdlg.obj
 0001:000011a0       ?classHandleFuncCMenuMTL@CMenuMTL@@SAPEAXPEAX0@Z 00000001400021a0 f i Enterdlg.obj
 0001:00001200       ?GetMenu@CWMHnd@@UEBAPEAVCMenuMTL@@XZ 0000000140002200 f i Enterdlg.obj
 0001:00001240       ?SetMenu@CWMHnd@@UEAAHPEAVCMenuMTL@@@Z 0000000140002240 f i Enterdlg.obj
 0001:00001260       ?OnInitDialog@CWMHnd@@UEAAHXZ 0000000140002260 f i Enterdlg.obj
 0001:00001260       ?OnCancel@CCommonDialog@@UEAAXXZ 0000000140002260 f i Maindoc.obj
 0001:00001290       ?GetParent@CWnd@@QEAAPEAV1@XZ 0000000140002290 f i Enterdlg.obj
 0001:000012d0       ?Enable@CCmdUI@@UEAAXH@Z   00000001400022d0 f i Enterdlg.obj
 0001:000013b0       ?SetCheck@CCmdUI@@UEAAXH@Z 00000001400023b0 f i Enterdlg.obj
 0001:00001440       ?SetRadio@CCmdUI@@UEAAXH@Z 0000000140002440 f i Enterdlg.obj
 0001:000014a0       ?AfxSetWindowText@CAfx@@SAXPEAUHWND__@@PEBD@Z 00000001400024a0 f i Enterdlg.obj
 0001:00001560       ?SetText@CCmdUI@@UEAAXPEBD@Z 0000000140002560 f i Enterdlg.obj
 0001:000015e0       ?Enable@CTestCmdUI@@UEAAXH@Z 00000001400025e0 f i Enterdlg.obj
 0001:000015f0       ?OnCommand@CWnd@@UEAAH_K_J@Z 00000001400025f0 f i Enterdlg.obj
 0001:000016f0       ?_AfxTopChildWindowFromPoint@CWnd@@SAPEAUHWND__@@PEAU2@UtagPOINT@@@Z 00000001400026f0 f i Enterdlg.obj
 0001:000017f0       ?OnToolHitTest@CWnd@@UEBA_JVCPoint@WTL@@PEAUtagTOOLINFOA@@@Z 00000001400027f0 f i Enterdlg.obj
 0001:000018a0       ?GetCurrentMessage@CCmdTarget@@UEBAPEBU_ATL_MSG@ATL@@XZ 00000001400028a0 f i Enterdlg.obj
 0001:000018b0       ?ReflectChildNotify@CWnd@@QEAAHI_K_JPEA_J@Z 00000001400028b0 f i Enterdlg.obj
 0001:000019f0       ?OnChildNotify@CWnd@@UEAAHI_K_JPEA_J@Z 00000001400029f0 f i Enterdlg.obj
 0001:00001a00       ?ReflectLastMsg@CWnd@@SAHPEAUHWND__@@PEA_J@Z 0000000140002a00 f i Enterdlg.obj
 0001:00001a70       ?OnCmdMsg@CCmdTarget@@UEAAHIHPEAXPEAUAFX_CMDHANDLERINFO@@@Z 0000000140002a70 f i Enterdlg.obj
 0001:00001bb0       ?OnNotify@CWnd@@UEAAH_K_JPEA_J@Z 0000000140002bb0 f i Enterdlg.obj
 0001:00001c60       ?Create@CWnd@@UEAAHPEBD0KAEBUtagRECT@@PEAV1@IPEAUCCreateContext@@@Z 0000000140002c60 f i Enterdlg.obj
 0001:00001d20       ?Init@CDynamicStdCallThunk@ATL@@QEAAH_KPEAX@Z 0000000140002d20 f i Enterdlg.obj
 0001:00001db0       ?AfxWindowProc@CWnd@@SA_JPEAUHWND__@@I_K_J@Z 0000000140002db0 f i Enterdlg.obj
 0001:00001e20       ?AfxSubclassWindow@CWnd@@QEAAHPEAUHWND__@@PEAUtagCREATESTRUCTA@@@Z 0000000140002e20 f i Enterdlg.obj
 0001:00001ed0       ?CbtFilterHook@CWnd@@SA_JH_K_J@Z 0000000140002ed0 f i Enterdlg.obj
 0001:00001f70       ?CreateEx@CWnd@@UEAAHKPEBD0KHHHHPEAUHWND__@@PEAUHMENU__@@PEAX@Z 0000000140002f70 f i Enterdlg.obj
 0001:00002110       ?AllocBuffer@CString@WTL@@IEAAHH@Z 0000000140003110 f i Enterdlg.obj
 0001:000021a0       ?ConcatCopy@CString@WTL@@IEAAHHPEBDH0@Z 00000001400031a0 f i Enterdlg.obj
 0001:00002250       ?ConcatInPlace@CString@WTL@@IEAAXHPEBD@Z 0000000140003250 f i Enterdlg.obj
 0001:00002310       ??YCString@WTL@@QEAAAEAV01@D@Z 0000000140003310 f i Enterdlg.obj
 0001:000023c0       ?_AfxRegisterClass@CAfx@@SAHPEAUtagWNDCLASSA@@@Z 00000001400033c0 f i Enterdlg.obj
 0001:00002450       ?_AfxEndDeferRegisterClass@CAfx@@SAHJ@Z 0000000140003450 f i Enterdlg.obj
 0001:00002790       ?PreCreateWindow@CWnd@@UEAAHAEAUtagCREATESTRUCTA@@@Z 0000000140003790 f i Enterdlg.obj
 0001:000027e0       ??1CWMHnd@@UEAA@XZ         00000001400037e0 f i Enterdlg.obj
 0001:000027f0       ??1CWndProcThunk@ATL@@QEAA@XZ 00000001400037f0 f i Enterdlg.obj
 0001:00002800       ?CWndDestruct@CWnd@@QEAAXXZ 0000000140003800 f i Enterdlg.obj
 0001:00002880       ?classHandleFuncCWnd@CWnd@@SAPEAXPEAX0@Z 0000000140003880 f i Enterdlg.obj
 0001:00002900       ?RemoveHandle@?$CHandleHashList@PEAUHWND__@@VCWMHnd@@PEAU1@$0BB@@@QEAAPEAUHWND__@@QEAU2@@Z 0000000140003900 f i Enterdlg.obj
 0001:000029c0       ?RemoveOwner@?$CHandleHashList@PEAUHWND__@@VCWMHnd@@PEAU1@$0BB@@@QEAAHQEAUHWND__@@@Z 00000001400039c0 f i Enterdlg.obj
 0001:00002a80       ?RemoveOwner@?$CHandleList@PEAUHMENU__@@VCMenuMTL@@PEAUHWND__@@@@QEAAHQEAUHWND__@@@Z 0000000140003a80 f i Enterdlg.obj
 0001:00002a80       ?RemoveOwner@?$CHandleList@PEAXXPEAUHWND__@@@@QEAAHQEAUHWND__@@@Z 0000000140003a80 f i Enterdlg.obj
 0001:00002a80       ?RemoveOwner@?$CHandleList@PEAUHDC__@@VCDCMTL@@PEAUHWND__@@@@QEAAHQEAUHWND__@@@Z 0000000140003a80 f i Enterdlg.obj
 0001:00002a80       ?RemoveOwner@?$CHandleList@PEAXVCGdiObject@@PEAUHWND__@@@@QEAAHQEAUHWND__@@@Z 0000000140003a80 f i Enterdlg.obj
 0001:00002b10       ?RemoveHandleWnd@CWinApp@@QEAAPEAUHWND__@@PEAU2@@Z 0000000140003b10 f i Enterdlg.obj
 0001:00002bb0       ?AfxUnsubclassWindow@CWnd@@QEAAPEAUHWND__@@XZ 0000000140003bb0 f i Enterdlg.obj
 0001:00002c30       ?OnNcDestroy@CWnd@@QEAAXXZ 0000000140003c30 f i Enterdlg.obj
 0001:00002d40       ?_ProcessWindowMessage@CWnd@@UEAAHPEAUHWND__@@I_K_JAEA_J@Z 0000000140003d40 f i Enterdlg.obj
 0001:00002f30       ?OnWndMsg@CWnd@@UEAAHI_K_JPEA_J@Z 0000000140003f30 f i Enterdlg.obj
 0001:00002fd0       ?DefWindowProcA@CWnd@@UEAA_JI_K_J@Z 0000000140003fd0 f i Enterdlg.obj
 0001:00003000       ?WindowProc@CWnd@@UEAA_JI_K_J@Z 0000000140004000 f i Enterdlg.obj
 0001:00003070       ?AfxCallWndProc@CWnd@@QEAA_JPEAV1@I_K_J@Z 0000000140004070 f i Enterdlg.obj
 0001:00003100       ?SendMessageToDescendants@CWnd@@QEAAXPEAUHWND__@@I_K_JHH@Z 0000000140004100 f i Enterdlg.obj
 0001:00003210       ?ExecuteDlgInit@CWnd@@QEAAHPEAX@Z 0000000140004210 f i Enterdlg.obj
 0001:00003320       ?ExecuteDlgInit@CWnd@@QEAAHPEBD@Z 0000000140004320 f i Enterdlg.obj
 0001:000033c0       ?EndModalLoop@CWnd@@UEAAXH@Z 00000001400043c0 f i Enterdlg.obj
 0001:000033f0       ?OnInitDialog@CDialog@@UEAAHXZ 00000001400043f0 f i Enterdlg.obj
 0001:000034a0       ?AfxDlgProc@CWnd@@SA_JPEAUHWND__@@I_K_J@Z 00000001400044a0 f i Enterdlg.obj
 0001:00003540       ?CreateDlgIndirect@CWnd@@QEAAHPEBUDLGTEMPLATE@@PEAV1@PEAUHINSTANCE__@@@Z 0000000140004540 f i Enterdlg.obj
 0001:00003620       ?CreateDlg@CWnd@@QEAAHPEBDPEAV1@@Z 0000000140004620 f i Enterdlg.obj
 0001:000036c0       ?Create@CDialog@@UEAAHPEBDPEAVCWnd@@@Z 00000001400046c0 f i Enterdlg.obj
 0001:00003730       ?FromHandle@?$CHandleHashList@PEAUHWND__@@VCWMHnd@@PEAU1@$0BB@@@QEAAPEAVCWMHnd@@QEAUHWND__@@PEAV2@0Q6APEAXPEAX2@Z@Z 0000000140004730 f i Enterdlg.obj
 0001:00003870       ?FromHandleWnd@CWinApp@@QEAAPEAVCWMHnd@@PEAUHWND__@@PEAV2@0P6APEAXPEAX2@Z@Z 0000000140004870 f i Enterdlg.obj
 0001:00003890       ??1?$CList@PEAXPEAX@@QEAA@XZ 0000000140004890 f i Maindoc.obj
 0001:00003890       ??1?$CList@PEAVCFrameWnd@@AEBQEAV1@@@QEAA@XZ 0000000140004890 f i Viewex.obj
 0001:00003890       ??1?$CList@PEAUCRuntimeClass@@AEBQEAU1@@@QEAA@XZ 0000000140004890 f i Enterdlg.obj
 0001:00003890       ??1?$CList@PEAUHWND__@@PEAU1@@@QEAA@XZ 0000000140004890 f i Splitter.obj
 0001:000038d0       ??1CStringW@@QEAA@XZ       00000001400048d0 f i Maindoc.obj
 0001:000038d0       ??1CString@WTL@@QEAA@XZ    00000001400048d0 f i Enterdlg.obj
 0001:00003900       ??1CModuleState@@QEAA@XZ   0000000140004900 f i Enterdlg.obj
 0001:00003990       ?_GetCModuleState@CWinApp@@SAPEAVCModuleState@@XZ 0000000140004990 f i Enterdlg.obj
 0001:00003a00       ?PreTranslateMessage@CWnd@@UEAAHPEAUtagMSG@@@Z 0000000140004a00 f i Enterdlg.obj
 0001:00003a40       ?ContinueModal@CWnd@@UEAAHXZ 0000000140004a40 f i Enterdlg.obj
 0001:00003a50       ?IsIdleMessage@CWinApp@@SAHPEAUtagMSG@@@Z 0000000140004a50 f i Enterdlg.obj
 0001:00003a80       ?RunModalLoop@CWnd@@QEAAHK@Z 0000000140004a80 f i Enterdlg.obj
 0001:00003c40       ?EnableWindow@CWMHnd@@UEAAXH@Z 0000000140004c40 f i Enterdlg.obj
 0001:00003c60       ?DestroyWindow@CWnd@@UEAAHXZ 0000000140004c60 f i Enterdlg.obj
 0001:00003c80       ?DoModal@CDialog@@UEAA_JXZ 0000000140004c80 f i Enterdlg.obj
 0001:00003e60       ?CreateObject@CInputView@@SAPEAVCObject@@XZ 0000000140004e60 f   Inputvw.obj
 0001:00003ea0       ?GetRuntimeClass@CInputView@@UEBAPEAUCRuntimeClass@@XZ 0000000140004ea0 f   Inputvw.obj
 0001:00003eb0       ??0CInputView@@IEAA@XZ     0000000140004eb0 f   Inputvw.obj
 0001:00003f40       ??_GCInputView@@MEAAPEAXI@Z 0000000140004f40 f i Inputvw.obj
 0001:00003f40       ??_ECInputView@@MEAAPEAXI@Z 0000000140004f40 f i * CIL library *:* CIL module *
 0001:00003fc0       ?OnUpdate@CInputView@@MEAAXPEAVCView@@_JPEAVCObject@@@Z 0000000140004fc0 f   Inputvw.obj
 0001:00004080       ?DoDataExchange@CInputView@@MEAAXPEAVCDataExchange@@@Z 0000000140005080 f   Inputvw.obj
 0001:000040c0       ?_ProcessWindowMessage@CInputView@@UEAAHPEAUHWND__@@I_K_JAEA_J@Z 00000001400050c0 f i Inputvw.obj
 0001:00004120       ?OnDataChange@CInputView@@IEAAXXZ 0000000140005120 f   Inputvw.obj
 0001:00004220       ?UpdateAllViews@CDocument@@QEAAXPEAVCView@@_JPEAVCObject@@@Z 0000000140005220 f i Inputvw.obj
 0001:00004290       ?DDX_Radio@@YAXPEAVCDataExchange@@HAEAH@Z 0000000140005290 f i Inputvw.obj
 0001:00004370       ??4CString@WTL@@QEAAAEAV01@AEBV01@@Z 0000000140005370 f i Inputvw.obj
 0001:00004480       ??1CFormView@@UEAA@XZ      0000000140005480 f i Inputvw.obj
 0001:00004490       ??0_AUX_DATA@@QEAA@XZ      0000000140005490 f i Inputvw.obj
 0001:000045a0       ?_GetAfxData@CAfx@@SAAEBU_AUX_DATA@@XZ 00000001400055a0 f i Inputvw.obj
 0001:000045d0       ??0CScrollView@@QEAA@XZ    00000001400055d0 f i Inputvw.obj
 0001:00004670       ??_GCScrollView@@UEAAPEAXI@Z 0000000140005670 f i Inputvw.obj
 0001:00004670       ??_ECScrollView@@UEAAPEAXI@Z 0000000140005670 f i * CIL library *:* CIL module *
 0001:000046a0       ??1CScrollView@@UEAA@XZ    00000001400056a0 f i Inputvw.obj
 0001:00004730       ?SetScaleToFitSize@CScrollView@@QEAAXUtagSIZE@@@Z 0000000140005730 f i Inputvw.obj
 0001:00004870       ?OnHScroll@CScrollView@@QEAAXIIPEAVCScrollBarMTL@@@Z 0000000140005870 f i Inputvw.obj
 0001:00004910       ?DoMouseWheel@CScrollView@@QEAAHIFVCPoint@WTL@@@Z 0000000140005910 f i Inputvw.obj
 0001:00004ac0       ?OnMouseWheel@CScrollView@@QEAAHIFVCPoint@WTL@@@Z 0000000140005ac0 f i Inputvw.obj
 0001:00004b50       ?OnVScroll@CScrollView@@QEAAXIIPEAVCScrollBarMTL@@@Z 0000000140005b50 f i Inputvw.obj
 0001:00004c00       ?AfxRegisterWndClass@CAfx@@SAPEBDIPEAUHICON__@@PEAUHBRUSH__@@0@Z 0000000140005c00 f i Inputvw.obj
 0001:00004d10       ??_GCBrushMTL@@UEAAPEAXI@Z 0000000140005d10 f i Simpvw.obj
 0001:00004d10       ??_ECBrushMTL@@UEAAPEAXI@Z 0000000140005d10 f i * CIL library *:* CIL module *
 0001:00004d10       ??_ECRgnMTL@@UEAAPEAXI@Z   0000000140005d10 f i * CIL library *:* CIL module *
 0001:00004d10       ??_GCRgnMTL@@UEAAPEAXI@Z   0000000140005d10 f i Inputvw.obj
 0001:00004d80       ?RemoveHandleGdiobj@CWinApp@@QEAAPEAXPEAX@Z 0000000140005d80 f i Inputvw.obj
 0001:00004da0       ??1CRgnMTL@@UEAA@XZ        0000000140005da0 f i Inputvw.obj
 0001:00004df0       ?Create@_AFX_MOUSEANCHORWND@@QEAAHPEAVCScrollView@@@Z 0000000140005df0 f i Inputvw.obj
 0001:00005040       ?OnPaint@_AFX_MOUSEANCHORWND@@QEAAXXZ 0000000140006040 f i Inputvw.obj
 0001:00005180       ?OnTimer@_AFX_MOUSEANCHORWND@@QEAAX_K@Z 0000000140006180 f i Inputvw.obj
 0001:000054b0       ?_ProcessWindowMessage@_AFX_MOUSEANCHORWND@@UEAAHPEAUHWND__@@I_K_JAEA_J@Z 00000001400064b0 f i Inputvw.obj
 0001:000054f0       ?PostNcDestroy@CFrameWnd@@UEAAXXZ 00000001400064f0 f i Splitter.obj
 0001:000054f0       ?PostNcDestroy@_AFX_MOUSEANCHORWND@@UEAAXXZ 00000001400064f0 f i Inputvw.obj
 0001:000054f0       ?PostNcDestroy@CView@@UEAAXXZ 00000001400064f0 f i Inputvw.obj
 0001:00005510       ?WindowProc@_AFX_MOUSEANCHORWND@@UEAA_JI_K_J@Z 0000000140006510 f i Inputvw.obj
 0001:00005620       ?HandleMButtonDown@CScrollView@@QEAA_J_K_J@Z 0000000140006620 f i Inputvw.obj
 0001:00005840       ?_ProcessWindowMessage@CScrollView@@UEAAHPEAUHWND__@@I_K_JAEA_J@Z 0000000140006840 f i Inputvw.obj
 0001:000059d0       ?_ProcessWindowMessage@CFormView@@UEAAHPEAUHWND__@@I_K_JAEA_J@Z 00000001400069d0 f i Inputvw.obj
 0001:00005be0       ?AddView@CDocument@@QEAAXPEAVCView@@@Z 0000000140006be0 f i Inputvw.obj
 0001:00005c80       ?OnDestroy@CView@@QEAAXXZ  0000000140006c80 f i Inputvw.obj
 0001:00005d10       ?OnMouseActivate@CView@@QEAAHPEAVCWnd@@II@Z 0000000140006d10 f i Inputvw.obj
 0001:00005de0       ??_ECPaintDCMTL@@UEAAPEAXI@Z 0000000140006de0 f i * CIL library *:* CIL module *
 0001:00005de0       ??_GCPaintDCMTL@@UEAAPEAXI@Z 0000000140006de0 f i Inputvw.obj
 0001:00005e60       ??1CPaintDCMTL@@UEAA@XZ    0000000140006e60 f i Inputvw.obj
 0001:00005ed0       ?OnPaint@CView@@QEAAXXZ    0000000140006ed0 f i Inputvw.obj
 0001:00005ff0       ?OnPrintClient@CView@@QEAA_JPEAVCDCMTL@@I@Z 0000000140006ff0 f i Inputvw.obj
 0001:00006054       ??_9CView@@$BBCA@AA        0000000140007054 f i Inputvw.obj
 0001:00006060       ?_ProcessWindowMessage@CView@@UEAAHPEAUHWND__@@I_K_JAEA_J@Z 0000000140007060 f i Inputvw.obj
 0001:00006240       ?OnCmdMsg@CView@@UEAAHIHPEAXPEAUAFX_CMDHANDLERINFO@@@Z 0000000140007240 f i Inputvw.obj
 0001:000062c0       ??_GCView@@UEAAPEAXI@Z     00000001400072c0 f i Inputvw.obj
 0001:000062c0       ??_ECColorView@@UEAAPEAXI@Z 00000001400072c0 f i * CIL library *:* CIL module *
 0001:000062c0       ??_ECView@@UEAAPEAXI@Z     00000001400072c0 f i * CIL library *:* CIL module *
 0001:000062c0       ??_GCColorView@@UEAAPEAXI@Z 00000001400072c0 f i Simpvw.obj
 0001:000062c0       ??_GCTextView@@UEAAPEAXI@Z 00000001400072c0 f i Simpvw.obj
 0001:000062c0       ??_ECTextView@@UEAAPEAXI@Z 00000001400072c0 f i * CIL library *:* CIL module *
 0001:00006340       ?OnCloseDocument@CDocument@@QEAAXXZ 0000000140007340 f i Inputvw.obj
 0001:000063f0       ?UpdateFrameCounts@CDocument@@QEAAXXZ 00000001400073f0 f i Inputvw.obj
 0001:00006540       ?RemoveView@CDocument@@QEAAXPEAVCView@@@Z 0000000140007540 f i Inputvw.obj
 0001:000065f0       ?CViewDestruct@CView@@QEAAXXZ 00000001400075f0 f i Inputvw.obj
 0001:00006610       ??1CView@@UEAA@XZ          0000000140007610 f i Inputvw.obj
 0001:00006670       ?GetTopLevelFrame@CWnd@@QEAAPEAVCFrameWnd@@XZ 0000000140007670 f i Inputvw.obj
 0001:00006760       ?PreTranslateMessage@CFormView@@UEAAHPEAUtagMSG@@@Z 0000000140007760 f i Inputvw.obj
 0001:00006850       ?GetScrollBarState@CScrollView@@QEAAXVCSize@WTL@@AEAV23@1AEAVCPoint@3@H@Z 0000000140007850 f i Inputvw.obj
 0001:000069f0       ?ScrollToDevicePosition@CScrollView@@QEAAXUtagPOINT@@@Z 00000001400079f0 f i Inputvw.obj
 0001:00006b00       ?EnableScrollBarCtrl@CWMHnd@@QEAAXHH@Z 0000000140007b00 f i Inputvw.obj
 0001:00006b80       ?UpdateBars@CScrollView@@QEAAXXZ 0000000140007b80 f i Inputvw.obj
 0001:00006f70       ?SetScrollSizes@CScrollView@@QEAAXHUtagSIZE@@AEBU2@1@Z 0000000140007f70 f i Inputvw.obj
 0001:00007150       ?Create@CFormView@@UEAAHPEBD0KAEBUtagRECT@@PEAVCWnd@@IPEAUCCreateContext@@@Z 0000000140008150 f i Inputvw.obj
 0001:00007390       ?PreCreateWindow@CView@@UEAAHAEAUtagCREATESTRUCTA@@@Z 0000000140008390 f i Inputvw.obj
 0001:000073e0       ?OnActivateFrame@CFormView@@UEAAXIPEAVCFrameWnd@@@Z 00000001400083e0 f i Inputvw.obj
 0001:00007430       ?OnActivateView@CFormView@@UEAAXHPEAVCView@@0@Z 0000000140008430 f i Inputvw.obj
 0001:000074b0       ?SetActiveView@CFrameWnd@@QEAAXPEAVCView@@H@Z 00000001400084b0 f i Inputvw.obj
 0001:00007550       ?GetParentFrame@CWnd@@QEAAPEAVCFrameWnd@@XZ 0000000140008550 f i Inputvw.obj
 0001:00007610       ?GetTopLevelParent@CWnd@@QEAAPEAV1@XZ 0000000140008610 f i Inputvw.obj
 0001:00007710       ?IsTopParentActive@CWnd@@QEAAHXZ 0000000140008710 f i Inputvw.obj
 0001:000077a0       ?OnActivateView@CView@@UEAAXHPEAV1@0@Z 00000001400087a0 f i Inputvw.obj
 0001:000077d0       ?OnEndPrintPreview@CView@@UEAAXPEAVCDCMTL@@PEAUCPrintInfo@@UtagPOINT@@PEAVCPreviewView@@@Z 00000001400087d0 f i Inputvw.obj
 0001:00007980       ?OnInitialUpdate@CView@@UEAAXXZ 0000000140008980 f i Inputvw.obj
 0001:000079a0       ?OnInitialUpdate@CFormView@@UEAAXXZ 00000001400089a0 f i Inputvw.obj
 0001:00007a10       ?OnPrint@CView@@UEAAXPEAVCDCMTL@@PEAUCPrintInfo@@@Z 0000000140008a10 f i Inputvw.obj
 0001:00007a20       ?OnPrepareDC@CView@@UEAAXPEAVCDCMTL@@PEAUCPrintInfo@@@Z 0000000140008a20 f i Inputvw.obj
 0001:00007a50       ?OnPrepareDC@CScrollView@@UEAAXPEAVCDCMTL@@PEAUCPrintInfo@@@Z 0000000140008a50 f i Inputvw.obj
 0001:00007cd0       ?IsFrameWnd@CFrameWnd@@UEAAHXZ 0000000140008cd0 f i Splitter.obj
 0001:00007cd0       ?OnPreparePrinting@CView@@UEAAHPEAUCPrintInfo@@@Z 0000000140008cd0 f i Inputvw.obj
 0001:00007cd0       ?InitInstance@CWinApp@@UEAAHXZ 0000000140008cd0 f i Viewex.obj
 0001:00007ce0       ?OnScroll@CScrollView@@UEAAHIIH@Z 0000000140008ce0 f i Inputvw.obj
 0001:00007e80       ?GetScrollLimit@CWMHnd@@QEAAHH@Z 0000000140008e80 f i Inputvw.obj
 0001:00007f60       ?ScrollWindow@CWMHnd@@QEAAXHHPEBUtagRECT@@0@Z 0000000140008f60 f i Inputvw.obj
 0001:00008090       ?OnScrollBy@CScrollView@@UEAAHVCSize@WTL@@H@Z 0000000140009090 f i Inputvw.obj
 0001:00008280       ?OnUpdate@CView@@UEAAXPEAV1@_JPEAVCObject@@@Z 0000000140009280 f i Inputvw.obj
 0001:000082a0       ?CCalcWindowRect@CScrollView@@UEAAXPEAUtagRECT@@I@Z 00000001400092a0 f i Inputvw.obj
 0001:000083e0       ?GetWheelScrollDistance@CScrollView@@UEAA?AVCSize@WTL@@V23@HH@Z 00000001400093e0 f i Inputvw.obj
 0001:00008440       ?CreateObject@CMainDoc@@SAPEAVCObject@@XZ 0000000140009440 f   Maindoc.obj
 0001:000084c0       ?GetRuntimeClass@CMainDoc@@UEBAPEAUCRuntimeClass@@XZ 00000001400094c0 f   Maindoc.obj
 0001:000084d0       ?_ProcessWindowMessage@CMainDoc@@UEAAHPEAUHWND__@@I_K_JAEA_J@Z 00000001400094d0 f i Maindoc.obj
 0001:00008530       ??_ECMainDoc@@UEAAPEAXI@Z  0000000140009530 f i * CIL library *:* CIL module *
 0001:00008530       ??_GCMainDoc@@UEAAPEAXI@Z  0000000140009530 f i Maindoc.obj
 0001:000085b0       ?OnNewDocument@CMainDoc@@MEAAHXZ 00000001400095b0 f   Maindoc.obj
 0001:00008620       ?OnChangeData@CMainDoc@@IEAAXXZ 0000000140009620 f   Maindoc.obj
 0001:00008790       ?OnOpenDocument@CDocument@@UEAAHPEBD@Z 0000000140009790 f i Maindoc.obj
 0001:00008a40       ?OnCmdMsg@CDocument@@UEAAHIHPEAXPEAUAFX_CMDHANDLERINFO@@@Z 0000000140009a40 f i Maindoc.obj
 0001:00008ac0       ?AfxFormatStrings@CAfx@@SAXAEAVCString@WTL@@PEBDPEBQEBDH@Z 0000000140009ac0 f i Maindoc.obj
 0001:00008c50       ?ShowAppMessageBox@CWinApp@@SAHPEAV1@PEBDII@Z 0000000140009c50 f i Maindoc.obj
 0001:00008d30       ?SaveModified@CDocument@@UEAAHXZ 0000000140009d30 f i Maindoc.obj
 0001:00008f90       ?CDocumentDestruct@CDocument@@QEAAXXZ 0000000140009f90 f i Maindoc.obj
 0001:00009010       ??1CDocument@@UEAA@XZ      000000014000a010 f i Maindoc.obj
 0001:000090c0       ?DoFileSave@CDocument@@QEAAHXZ 000000014000a0c0 f i Maindoc.obj
 0001:00009110       ?OnFileSave@CDocument@@QEAAXXZ 000000014000a110 f i Maindoc.obj
 0001:00009150       ?_AfxCommDlgProc@CCommonDialog@@SA_KPEAUHWND__@@I_K_J@Z 000000014000a150 f i Maindoc.obj
 0001:00009390       ??0CFileDialogMTL@@QEAA@HPEBD0K0PEAVCWnd@@KH@Z 000000014000a390 f i Maindoc.obj
 0001:000095b0       ??_ECFileDialogMTL@@UEAAPEAXI@Z 000000014000a5b0 f i * CIL library *:* CIL module *
 0001:000095b0       ??_GCFileDialogMTL@@UEAAPEAXI@Z 000000014000a5b0 f i Maindoc.obj
 0001:000095e0       ?OnNotify@CFileDialogMTL@@UEAAH_K_JPEA_J@Z 000000014000a5e0 f i Maindoc.obj
 0001:00009780       ?OnOK@CCommonDialog@@UEAAXXZ 000000014000a780 f i Maindoc.obj
 0001:00009800       ?OnInitDone@CFileDialogMTL@@UEAAXXZ 000000014000a800 f i Maindoc.obj
 0001:00009840       ??1CFileDialogMTL@@UEAA@XZ 000000014000a840 f i Maindoc.obj
 0001:00009900       ?Tokenize@CAfx@@SA?AVCString@WTL@@AEAV23@PEADAEAH@Z 000000014000a900 f i Maindoc.obj
 0001:000099d0       ?Tokenize@@YA?AVCString@WTL@@AEAV12@PEADAEAH@Z 000000014000a9d0 f i Maindoc.obj
 0001:000099f0       ?Mid@CString@WTL@@QEBA?AV12@HH@Z 000000014000a9f0 f i Maindoc.obj
 0001:00009ab0       ?Mid@CString@WTL@@QEBA?AV12@H@Z 000000014000aab0 f i Maindoc.obj
 0001:00009ae0       ?_AfxAppendFilterSuffix@@YAXAEAVCString@WTL@@AEAUtagOFNA@@PEAVCDocTemplate@@PEAV12@@Z 000000014000aae0 f i Maindoc.obj
 0001:00009d00       ??0CStringW@@QEAA@PEBD@Z   000000014000ad00 f i Maindoc.obj
 0001:00009df0       ??4CStringW@@QEAAAEAVCString@WTL@@PEBD@Z 000000014000adf0 f i Maindoc.obj
 0001:00009f00       ?ApplyOFNToShellDialog@CFileDialogMTL@@QEAAXXZ 000000014000af00 f i Maindoc.obj
 0001:0000a5b0       ??0CString@WTL@@QEAA@PEB_W@Z 000000014000b5b0 f i Maindoc.obj
 0001:0000a690       ??4CString@WTL@@QEAAAEAV01@PEB_W@Z 000000014000b690 f i Maindoc.obj
 0001:0000a790       ?GetPathName@CFileDialogMTL@@QEAA?AVCString@WTL@@XZ 000000014000b790 f i Maindoc.obj
 0001:0000ac10       ?UpdateOFNFromShellDialog@CFileDialogMTL@@UEAAXXZ 000000014000bc10 f i Maindoc.obj
 0001:0000b430       ?DoModal@CFileDialogMTL@@UEAA_JXZ 000000014000c430 f i Maindoc.obj
 0001:0000b580       ?DoPromptFileName@CDocManager@@QEAAHAEAVCString@WTL@@IKHPEAVCDocTemplate@@@Z 000000014000c580 f i Maindoc.obj
 0001:0000bae0       ?GetFile@CDocument@@QEAAPEAVCFile@@PEBDIPEAVCFileException@@@Z 000000014000cae0 f i Maindoc.obj
 0001:0000bb80       ??0CArchive@@QEAA@PEAVCFile@@IHPEAX@Z 000000014000cb80 f i Maindoc.obj
 0001:0000bc60       ??1CArchive@@QEAA@XZ       000000014000cc60 f i Maindoc.obj
 0001:0000bc90       ??1CWaitCursor@@QEAA@XZ    000000014000cc90 f i Maindoc.obj
 0001:0000bcf0       ?Abort@CFile@@UEAAXXZ      000000014000ccf0 f i Maindoc.obj
 0001:0000bd20       ?AfxThrowInvalidArgException@@YAXXZ 000000014000cd20 f i Maindoc.obj
 0001:0000bdc0       ??0CTime@@QEAA@AEBU_FILETIME@@H@Z 000000014000cdc0 f i Maindoc.obj
 0001:0000beb0       ?GetStatus@CFile@@QEBAHAEAUCFileStatus@@@Z 000000014000ceb0 f i Maindoc.obj
 0001:0000c070       ?LoadStringA@CString@WTL@@QEAAHI@Z 000000014000d070 f i Maindoc.obj
 0001:0000c290       ??0CString@WTL@@QEAA@PEBD@Z 000000014000d290 f i Maindoc.obj
 0001:0000c330       ?GetFilePath@CFile@@UEBA?AVCString@WTL@@XZ 000000014000d330 f i Maindoc.obj
 0001:0000c400       ?GetLength@CFile@@UEBA_KXZ 000000014000d400 f i Maindoc.obj
 0001:0000c450       ?Open@CFile@@UEAAHPEBDIPEAVCFileException@@@Z 000000014000d450 f i Maindoc.obj
 0001:0000c690       ?Write@CFile@@UEAAXPEBXI@Z 000000014000d690 f i Maindoc.obj
 0001:0000c780       ?Seek@CFile@@UEAA_K_JI@Z   000000014000d780 f i Maindoc.obj
 0001:0000c7e0       ?Empty@CString@WTL@@QEAAXXZ 000000014000d7e0 f i Maindoc.obj
 0001:0000c860       ?Close@CFile@@UEAAXXZ      000000014000d860 f i Maindoc.obj
 0001:0000c910       ??_GCFile@@QEAAPEAXI@Z     000000014000d910 f i Maindoc.obj
 0001:0000c980       ?ReleaseFile@CDocument@@UEAAXPEAVCFile@@H@Z 000000014000d980 f i Maindoc.obj
 0001:0000c9c0       ?SetModifiedFlag@CDocument@@UEAAXH@Z 000000014000d9c0 f i Maindoc.obj
 0001:0000c9d0       ?OnSaveDocument@CDocument@@UEAAHPEBD@Z 000000014000d9d0 f i Maindoc.obj
 0001:0000cbe0       ?_AfxFullPath2@CAfx@@SAHPEADPEBDPEAVCFileException@@@Z 000000014000dbe0 f i Maindoc.obj
 0001:0000ce90       ?AfxGetFileTitle@CAfx@@SAIPEBDPEADI@Z 000000014000de90 f i Maindoc.obj
 0001:0000cf40       ?GetFirstViewPosition@CDocument@@UEBAPEAU__POSITION@@XZ 000000014000df40 f i Maindoc.obj
 0001:0000cf50       ?GetNextView@CDocument@@UEBAPEAVCView@@AEAPEAU__POSITION@@@Z 000000014000df50 f i Maindoc.obj
 0001:0000cf70       ?SetTitle@CDocument@@UEAAXPEBD@Z 000000014000df70 f i Maindoc.obj
 0001:0000cfc0       ?SetPathName@CDocument@@UEAAXPEBDH@Z 000000014000dfc0 f i Maindoc.obj
 0001:0000d110       ?DoSave@CDocument@@UEAAHPEBDH@Z 000000014000e110 f i Maindoc.obj
 0001:0000d5d0       ?_ProcessWindowMessage@CDocument@@UEAAHPEAUHWND__@@I_K_JAEA_J@Z 000000014000e5d0 f i Maindoc.obj
 0001:0000d680       ??0CFileException@@QEAA@HJPEBD@Z 000000014000e680 f i Maindoc.obj
 0001:0000d700       ?OsErrorToException@CFileException@@SAHJ@Z 000000014000e700 f i Maindoc.obj
 0001:0000d8b0       ?ThrowOsError@CFileException@@SAXJPEBD@Z 000000014000e8b0 f i Maindoc.obj
 0001:0000d920       ?Read@CFile@@UEAAIPEAXI@Z  000000014000e920 f i Maindoc.obj
 0001:0000d970       ?AfxThrowMemoryException@@YAXXZ 000000014000e970 f i Maindoc.obj
 0001:0000da10       ?CreateObject@CTextView@@SAPEAVCObject@@XZ 000000014000ea10 f   Simpvw.obj
 0001:0000da60       ?GetRuntimeClass@CTextView@@UEBAPEAUCRuntimeClass@@XZ 000000014000ea60 f   Simpvw.obj
 0001:0000da70       ?_ProcessWindowMessage@CTextView@@UEAAHPEAUHWND__@@I_K_JAEA_J@Z 000000014000ea70 f i Simpvw.obj
 0001:0000da70       ?_ProcessWindowMessage@CColorView@@UEAAHPEAUHWND__@@I_K_JAEA_J@Z 000000014000ea70 f i Simpvw.obj
 0001:0000daf0       ?OnDraw@CTextView@@UEAAXPEAVCDCMTL@@@Z 000000014000eaf0 f   Simpvw.obj
 0001:0000dc00       ?CreateObject@CColorView@@SAPEAVCObject@@XZ 000000014000ec00 f   Simpvw.obj
 0001:0000dc50       ?GetRuntimeClass@CColorView@@UEBAPEAUCRuntimeClass@@XZ 000000014000ec50 f   Simpvw.obj
 0001:0000dc60       ?OnDraw@CColorView@@UEAAXPEAVCDCMTL@@@Z 000000014000ec60 f   Simpvw.obj
 0001:0000dcf0       ?CreateObject@CSplitterFrame@@SAPEAVCObject@@XZ 000000014000ecf0 f   Splitter.obj
 0001:0000dd60       ?GetRuntimeClass@CSplitterFrame@@UEBAPEAUCRuntimeClass@@XZ 000000014000ed60 f   Splitter.obj
 0001:0000dd70       ??_GCSplitterFrame@@UEAAPEAXI@Z 000000014000ed70 f i Splitter.obj
 0001:0000dd70       ??_ECSplitterFrame@@UEAAPEAXI@Z 000000014000ed70 f i * CIL library *:* CIL module *
 0001:0000ddd0       ?OnCreateClient@CSplitterFrame@@UEAAHPEAUtagCREATESTRUCTA@@PEAUCCreateContext@@@Z 000000014000edd0 f   Splitter.obj
 0001:0000def0       ?_ProcessWindowMessage@C3WaySplitterFrame@@UEAAHPEAUHWND__@@I_K_JAEA_J@Z 000000014000eef0 f i Splitter.obj
 0001:0000def0       ?_ProcessWindowMessage@CSplitterFrame@@UEAAHPEAUHWND__@@I_K_JAEA_J@Z 000000014000eef0 f i Splitter.obj
 0001:0000df00       ?CreateObject@C3WaySplitterFrame@@SAPEAVCObject@@XZ 000000014000ef00 f   Splitter.obj
 0001:0000df40       ?GetRuntimeClass@C3WaySplitterFrame@@UEBAPEAUCRuntimeClass@@XZ 000000014000ef40 f   Splitter.obj
 0001:0000df50       ??0C3WaySplitterFrame@@IEAA@XZ 000000014000ef50 f   Splitter.obj
 0001:0000dfd0       ??_EC3WaySplitterFrame@@UEAAPEAXI@Z 000000014000efd0 f i * CIL library *:* CIL module *
 0001:0000dfd0       ??_GC3WaySplitterFrame@@UEAAPEAXI@Z 000000014000efd0 f i Splitter.obj
 0001:0000e050       ?OnCreateClient@C3WaySplitterFrame@@UEAAHPEAUtagCREATESTRUCTA@@PEAUCCreateContext@@@Z 000000014000f050 f   Splitter.obj
 0001:0000e1b0       ?GetRuntimeClass@CViewExSplitWnd@@UEBAPEAUCRuntimeClass@@XZ 000000014000f1b0 f   Splitter.obj
 0001:0000e1c0       ??_ECViewExSplitWnd@@UEAAPEAXI@Z 000000014000f1c0 f i * CIL library *:* CIL module *
 0001:0000e1c0       ??_GCViewExSplitWnd@@UEAAPEAXI@Z 000000014000f1c0 f i Splitter.obj
 0001:0000e200       ??1CViewExSplitWnd@@UEAA@XZ 000000014000f200 f   Splitter.obj
 0001:0000e210       ?GetActivePane@CViewExSplitWnd@@UEAAPEAVCWnd@@PEAH0@Z 000000014000f210 f   Splitter.obj
 0001:0000e260       ??1CSplitterWnd@@UEAA@XZ   000000014000f260 f i Splitter.obj
 0001:0000e2d0       ?OnHScroll@CSplitterWnd@@QEAAXIIPEAVCScrollBarMTL@@@Z 000000014000f2d0 f i Splitter.obj
 0001:0000e3d0       ?OnKeyDown@CSplitterWnd@@QEAAXIII@Z 000000014000f3d0 f i Splitter.obj
 0001:0000e5a0       ?OnLButtonDblClk@CSplitterWnd@@QEAAXIVCPoint@WTL@@@Z 000000014000f5a0 f i Splitter.obj
 0001:0000e760       ?OnMouseMove@CSplitterWnd@@QEAAXIVCPoint@WTL@@@Z 000000014000f760 f i Splitter.obj
 0001:0000e990       ?OnMouseWheel@CSplitterWnd@@QEAAHIFVCPoint@WTL@@@Z 000000014000f990 f i Splitter.obj
 0001:0000ec10       ?OnNcCreate@CSplitterWnd@@QEAAHPEAUtagCREATESTRUCTA@@@Z 000000014000fc10 f i Splitter.obj
 0001:0000ecd0       ?OnPaint@CSplitterWnd@@QEAAXXZ 000000014000fcd0 f i Splitter.obj
 0001:0000ede0       ?OnSysCommand@CSplitterWnd@@QEAAXI_J@Z 000000014000fde0 f i Splitter.obj
 0001:0000ee70       ?OnVScroll@CSplitterWnd@@QEAAXIIPEAVCScrollBarMTL@@@Z 000000014000fe70 f i Splitter.obj
 0001:0000ef80       ?_ProcessWindowMessage@CSplitterWnd@@UEAAHPEAUHWND__@@I_K_JAEA_J@Z 000000014000ff80 f i Splitter.obj
 0001:0000f370       ??_ECSplitterWnd@@UEAAPEAXI@Z 0000000140010370 f i * CIL library *:* CIL module *
 0001:0000f370       ??_GCSplitterWnd@@UEAAPEAXI@Z 0000000140010370 f i Splitter.obj
 0001:0000f3a0       ?OnCommand@CSplitterWnd@@UEAAH_K_J@Z 00000001400103a0 f i Splitter.obj
 0001:0000f410       ?OnNotify@CSplitterWnd@@UEAAH_K_JPEA_J@Z 0000000140010410 f i Splitter.obj
 0001:0000f480       ?OnDraw@CSplitterWnd@@UEAAXPEAVCDCMTL@@@Z 0000000140010480 f i Splitter.obj
 0001:0000f5c0       ?CanActivateNext@CSplitterWnd@@UEAAHH@Z 00000001400105c0 f i Splitter.obj
 0001:0000f610       ?Create@CSplitterWnd@@UEAAHPEAVCWnd@@HHUtagSIZE@@PEAUCCreateContext@@KI@Z 0000000140010610 f i Splitter.obj
 0001:0000f6c0       ?AfxThrowResourceException@@YAXXZ 00000001400106c0 f i Splitter.obj
 0001:0000f760       ?SetScrollStyle@CSplitterWnd@@QEAAXK@Z 0000000140010760 f i Splitter.obj
 0001:0000fa30       ?CreateCommon@CSplitterWnd@@QEAAHPEAVCWnd@@UtagSIZE@@KI@Z 0000000140010a30 f i Splitter.obj
 0001:0000fbe0       ?CreateStatic@CSplitterWnd@@UEAAHPEAVCWnd@@HHKI@Z 0000000140010be0 f i Splitter.obj
 0001:0000fc30       ?DoKeyboardSplit@CSplitterWnd@@UEAAHXZ 0000000140010c30 f i Splitter.obj
 0001:0000fde0       ?DoScroll@CSplitterWnd@@UEAAHPEAVCView@@IH@Z 0000000140010de0 f i Splitter.obj
 0001:00010080       ?DoScrollBy@CSplitterWnd@@UEAAHPEAVCView@@VCSize@WTL@@H@Z 0000000140011080 f i Splitter.obj
 0001:00010330       ?HitTest@CSplitterWnd@@UEBAHVCPoint@WTL@@@Z 0000000140011330 f i Splitter.obj
 0001:00010570       ?GetHitRect@CSplitterWnd@@UEAAXHAEAVCRect@WTL@@@Z 0000000140011570 f i Splitter.obj
 0001:00010a60       ?SetSplitCursor@CSplitterWnd@@UEAAXH@Z 0000000140011a60 f i Splitter.obj
 0001:00010b60       ?StartTracking@CSplitterWnd@@UEAAXH@Z 0000000140011b60 f i Splitter.obj
 0001:00010da0       ?FromHandleDC@CWinApp@@QEAAPEAVCDCMTL@@PEAUHDC__@@PEAV2@PEAUHWND__@@P6APEAXPEAX3@Z@Z 0000000140011da0 f i Splitter.obj
 0001:00010dc0       ?classHandleFuncCDCMTL@CDCMTL@@SAPEAXPEAX0@Z 0000000140011dc0 f i Splitter.obj
 0001:00010e40       ?HalftoneBrush@CAfx@@SAPEAUHBRUSH__@@H@Z 0000000140011e40 f i Splitter.obj
 0001:00010f20       ?FromHandleGdiobj@CWinApp@@QEAAPEAVCGdiObject@@PEAXPEAV2@PEAUHWND__@@P6APEAX00@Z@Z 0000000140011f20 f i Splitter.obj
 0001:00010f40       ?classHandleFuncCBrushMTL@CBrushMTL@@SAPEAXPEAX0@Z 0000000140011f40 f i Splitter.obj
 0001:00010fa0       ?OnInvertTracker@CSplitterWnd@@UEAAXAEBVCRect@WTL@@@Z 0000000140011fa0 f i Splitter.obj
 0001:000110a0       ?SplitRow@CSplitterWnd@@UEAAHH@Z 00000001400120a0 f i Splitter.obj
 0001:00011260       ?CreateScrollBarCtrl@CSplitterWnd@@UEAAHKI@Z 0000000140012260 f i Splitter.obj
 0001:000112e0       ?CreateView@CSplitterWnd@@UEAAHHHPEAUCRuntimeClass@@UtagSIZE@@PEAUCCreateContext@@@Z 00000001400122e0 f i Splitter.obj
 0001:000114c0       ?SplitColumn@CSplitterWnd@@UEAAHH@Z 00000001400124c0 f i Splitter.obj
 0001:00011680       ?StopTracking@CSplitterWnd@@UEAAXH@Z 0000000140012680 f i Splitter.obj
 0001:00011890       ?DeleteColumn@CSplitterWnd@@UEAAXH@Z 0000000140012890 f i Splitter.obj
 0001:00011ad0       ?TrackColumnSize@CSplitterWnd@@UEAAXHH@Z 0000000140012ad0 f i Splitter.obj
 0001:00011bd0       ?IsChildPane@CSplitterWnd@@QEAAHPEAVCWnd@@PEAH1@Z 0000000140012bd0 f i Splitter.obj
 0001:00011c80       ?GetActivePane@CSplitterWnd@@UEAAPEAVCWnd@@PEAH0@Z 0000000140012c80 f i Splitter.obj
 0001:00011d10       ?SetActivePane@CSplitterWnd@@UEAAXHHPEAVCWnd@@@Z 0000000140012d10 f i Splitter.obj
 0001:00011e10       ?ActivateNext@CSplitterWnd@@UEAAXH@Z 0000000140012e10 f i Splitter.obj
 0001:00011ec0       ?DeleteView@CSplitterWnd@@UEAAXHH@Z 0000000140012ec0 f i Splitter.obj
 0001:00011f50       ?GetInsideRect@CSplitterWnd@@UEBAXAEAVCRect@WTL@@@Z 0000000140012f50 f i Splitter.obj
 0001:00011fc0       ?_AfxLayoutRowCol@CSplitterWnd@@QEAAXPEAUCRowColInfo@1@HHH@Z 0000000140012fc0 f i Splitter.obj
 0001:000120d0       ?GetSizingParent@CSplitterWnd@@QEAAPEAVCWnd@@XZ 00000001400130d0 f i Splitter.obj
 0001:00012240       ?_AfxDeferClientPos@CSplitterWnd@@QEAAXPEAUAFX_SIZEPARENTPARAMS@@PEAVCWnd@@HHHHH@Z 0000000140013240 f i Splitter.obj
 0001:00012450       ?FillSolidRect@?$CDCT@$00@WTL@@QEAAXHHHHK@Z 0000000140013450 f i Splitter.obj
 0001:000124f0       ?Draw3dRect@?$CDCT@$00@WTL@@QEAAXHHHHKK@Z 00000001400134f0 f i Splitter.obj
 0001:000125b0       ?OnDrawSplitter@CSplitterWnd@@UEAAXPEAVCDCMTL@@W4ESplitType@1@AEBVCRect@WTL@@@Z 00000001400135b0 f i Splitter.obj
 0001:000127b0       ?DrawAllSplitBars@CSplitterWnd@@UEAAXPEAVCDCMTL@@HH@Z 00000001400137b0 f i Splitter.obj
 0001:00012a80       ?RecalcLayout@CSplitterWnd@@UEAAXXZ 0000000140013a80 f i Splitter.obj
 0001:00012f70       ?DeleteRow@CSplitterWnd@@UEAAXH@Z 0000000140013f70 f i Splitter.obj
 0001:00013180       ?TrackRowSize@CSplitterWnd@@UEAAXHH@Z 0000000140014180 f i Splitter.obj
 0001:00013290       ??0CSplitterWnd@@QEAA@XZ   0000000140014290 f i Splitter.obj
 0001:00013390       ??1CMDIChildWnd@@UEAA@XZ   0000000140014390 f i Splitter.obj
 0001:000133a0       ?AddFrameWnd@CFrameWnd@@QEAAXXZ 00000001400143a0 f i Splitter.obj
 0001:00013420       ??0CFrameWnd@@QEAA@XZ      0000000140014420 f i Splitter.obj
 0001:00013510       ?OnUpdateFrameMenu@CMDIChildWnd@@QEAAXHPEAVCWnd@@PEAUHMENU__@@@Z 0000000140014510 f i Splitter.obj
 0001:000135e0       ?OnMDIActivate@CMDIChildWnd@@QEAAXHPEAVCWnd@@0@Z 00000001400145e0 f i Splitter.obj
 0001:00013730       ?OnMouseActivate@CMDIChildWnd@@QEAAHPEAVCWnd@@II@Z 0000000140014730 f i Splitter.obj
 0001:00013870       ?OnSize@CMDIChildWnd@@QEAAXIHH@Z 0000000140014870 f i Splitter.obj
 0001:00013910       ?UpdateClientEdge@CMDIChildWnd@@QEAAHPEAUtagRECT@@@Z 0000000140014910 f i Splitter.obj
 0001:00013ae0       ?OnWindowPosChanging@CMDIChildWnd@@QEAAXPEAUtagWINDOWPOS@@@Z 0000000140014ae0 f i Splitter.obj
 0001:00013bd0       ?_ProcessWindowMessage@CMDIChildWnd@@UEAAHPEAUHWND__@@I_K_JAEA_J@Z 0000000140014bd0 f i Splitter.obj
 0001:00013e20       ??_GCFrameWnd@@UEAAPEAXI@Z 0000000140014e20 f i Splitter.obj
 0001:00013e20       ??_GCMDIFrameWnd@@UEAAPEAXI@Z 0000000140014e20 f i Stdafx.obj
 0001:00013e20       ??_ECMDIFrameWnd@@UEAAPEAXI@Z 0000000140014e20 f i * CIL library *:* CIL module *
 0001:00013e20       ??_ECMDIChildWnd@@UEAAPEAXI@Z 0000000140014e20 f i * CIL library *:* CIL module *
 0001:00013e20       ??_ECFrameWnd@@UEAAPEAXI@Z 0000000140014e20 f i * CIL library *:* CIL module *
 0001:00013e20       ??_GCMDIChildWnd@@UEAAPEAXI@Z 0000000140014e20 f i Splitter.obj
 0001:00013e50       ?DefWindowProcA@CMDIChildWnd@@UEAA_JI_K_J@Z 0000000140014e50 f i Splitter.obj
 0001:00013e60       ?DestroyWindow@CMDIChildWnd@@UEAAHXZ 0000000140014e60 f i Splitter.obj
 0001:00013f80       ?PreTranslateMessage@CMDIChildWnd@@UEAAHPEAUtagMSG@@@Z 0000000140014f80 f i Splitter.obj
 0001:00014020       ?OnUpdateFrameTitle@CMDIChildWnd@@UEAAXH@Z 0000000140015020 f i Splitter.obj
 0001:000141d0       ?GetMDIFrame@CMDIChildWnd@@QEAAPEAVCMDIFrameWnd@@XZ 00000001400151d0 f i Splitter.obj
 0001:00014210       ?ActivateFrame@CMDIChildWnd@@UEAAXH@Z 0000000140015210 f i Splitter.obj
 0001:00014460       ?LoadFrame@CMDIChildWnd@@UEAAHIKPEAVCWnd@@PEAUCCreateContext@@@Z 0000000140015460 f i Splitter.obj
 0001:000146e0       ?PreCreateWindow@CFrameWnd@@UEAAHAEAUtagCREATESTRUCTA@@@Z 00000001400156e0 f i Splitter.obj
 0001:000146e0       ?PreCreateWindow@CMDIChildWnd@@UEAAHAEAUtagCREATESTRUCTA@@@Z 00000001400156e0 f i Splitter.obj
 0001:00014730       ?CanCloseFrame@CDocument@@QEAAHPEAVCFrameWnd@@@Z 0000000140015730 f i Splitter.obj
 0001:00014830       ?SaveAllModified@CDocManager@@QEAAHXZ 0000000140015830 f i Splitter.obj
 0001:000148c0       ?CloseAllDocuments@CDocTemplate@@QEAAXH@Z 00000001400158c0 f i Splitter.obj
 0001:000149b0       ?OnClose@CFrameWnd@@QEAAXXZ 00000001400159b0 f i Splitter.obj
 0001:00014b40       ?OnCreateHelper@CFrameWnd@@QEAAHPEAUtagCREATESTRUCTA@@PEAUCCreateContext@@@Z 0000000140015b40 f i Splitter.obj
 0001:00014be0       ?DestroyDockBars@CFrameWnd@@QEAAXXZ 0000000140015be0 f i Splitter.obj
 0001:00014e30       ?OnDestroy@CFrameWnd@@QEAAXXZ 0000000140015e30 f i Splitter.obj
 0001:00014ec0       ?OnDropFiles@CFrameWnd@@QEAAXPEAUHDROP__@@@Z 0000000140015ec0 f i Splitter.obj
 0001:00014fa0       ?OnIdle@CCmdUI@@QEAAHPEAVCCmdTarget@@H@Z 0000000140015fa0 f i Splitter.obj
 0001:00015060       ?OnInitMenuPopup@CFrameWnd@@QEAAXPEAVCMenuMTL@@IH@Z 0000000140016060 f i Splitter.obj
 0001:00015300       ?SetMenuBarState@CFrameWnd@@QEAAHK@Z 0000000140016300 f i Splitter.obj
 0001:00015360       ?OnMenuSelect@CFrameWnd@@QEAAXIIPEAUHMENU__@@@Z 0000000140016360 f i Splitter.obj
 0001:00015530       ?OnSize@CFrameWnd@@QEAAXIHH@Z 0000000140016530 f i Splitter.obj
 0001:00015580       ?OnPopMessageString@CFrameWnd@@QEAA_J_K_J@Z 0000000140016580 f i Splitter.obj
 0001:000155a0       ?GetDescendantWindow@CWnd@@QEAAPEAV1@PEAUHWND__@@HH@Z 00000001400165a0 f i Splitter.obj
 0001:000156a0       ?_AtlGetStringResourceImage@CAfx@@SAPEBUATLSTRINGRESOURCEIMAGE@ATL@@PEAUHINSTANCE__@@PEAUHRSRC__@@I@Z 00000001400166a0 f i Splitter.obj
 0001:00015740       ?AfxLoadString@CAfx@@SAHIPEADI@Z 0000000140016740 f i Splitter.obj
 0001:000157f0       ?OnSetMessageString@CFrameWnd@@QEAA_J_K_J@Z 00000001400167f0 f i Splitter.obj
 0001:00015a30       ?OnIdleUpdateCmdUI@CFrameWnd@@QEAAXXZ 0000000140016a30 f i Splitter.obj
 0001:00015ad0       ?_ProcessWindowMessage@CFrameWnd@@UEAAHPEAUHWND__@@I_K_JAEA_J@Z 0000000140016ad0 f i Splitter.obj
 0001:00015ee0       ?OnCmdMsg@CFrameWnd@@UEAAHIHPEAXPEAUAFX_CMDHANDLERINFO@@@Z 0000000140016ee0 f i Splitter.obj
 0001:00015f90       ?PreTranslateMessage@CFrameWnd@@UEAAHPEAUtagMSG@@@Z 0000000140016f90 f i Splitter.obj
 0001:00016010       ?CreateView@CFrameWnd@@QEAAPEAVCWnd@@PEAUCCreateContext@@I@Z 0000000140017010 f i Splitter.obj
 0001:00016130       ?OnCreateClient@CFrameWnd@@UEAAHPEAUtagCREATESTRUCTA@@PEAUCCreateContext@@@Z 0000000140017130 f i Splitter.obj
 0001:00016160       ?ShowControlBar@CFrameWnd@@QEAAXPEAVCControlBar@@HH@Z 0000000140017160 f i Splitter.obj
 0001:00016270       ?AfxIsDescendant@CFrameWnd@@SAHPEAUHWND__@@0@Z 0000000140017270 f i Splitter.obj
 0001:00016350       ?ShowOwnedWindows@CFrameWnd@@QEAAXH@Z 0000000140017350 f i Splitter.obj
 0001:00016470       ?OnSetPreviewMode@CFrameWnd@@UEAAXHPEAUCPrintPreviewState@@@Z 0000000140017470 f i Splitter.obj
 0001:000167c0       ?OnUpdateFrameMenu@CFrameWnd@@UEAAXPEAUHMENU__@@@Z 00000001400177c0 f i Splitter.obj
 0001:000167f0       ?UpdateFrameTitleForDocument@CFrameWnd@@QEAAXPEBD@Z 00000001400177f0 f i Splitter.obj
 0001:00017000       ?OnUpdateFrameTitle@CFrameWnd@@UEAAXH@Z 0000000140018000 f i Splitter.obj
 0001:00017070       ?ActivateFrame@CFrameWnd@@UEAAXH@Z 0000000140018070 f i Splitter.obj
 0001:00017120       ?GetActiveFrame@CFrameWnd@@UEAAPEAV1@XZ 0000000140018120 f i Splitter.obj
 0001:00017130       ?GetDefaultAccelerator@CFrameWnd@@UEAAPEAUHACCEL__@@XZ 0000000140018130 f i Splitter.obj
 0001:00017170       ?AfxExtractSubString@CAfx@@SAHAEAVCString@WTL@@PEBDHD@Z 0000000140018170 f i Splitter.obj
 0001:00017270       ?GetIconWndClass@CFrameWnd@@QEAAPEBDKI@Z 0000000140018270 f i Splitter.obj
 0001:00017330       ?Create@CFrameWnd@@UEAAHPEBD0KAEBUtagRECT@@PEAVCWnd@@0KPEAUCCreateContext@@@Z 0000000140018330 f i Splitter.obj
 0001:00017470       ?LoadFrame@CFrameWnd@@UEAAHIKPEAVCWnd@@PEAUCCreateContext@@@Z 0000000140018470 f i Splitter.obj
 0001:000177a0       ?AfxRepositionWindow@CAfx@@SAXPEAUAFX_SIZEPARENTPARAMS@@PEAUHWND__@@PEBUtagRECT@@@Z 00000001400187a0 f i Splitter.obj
 0001:000178b0       ?RepositionBars@CWnd@@QEAAXIIIIPEAUtagRECT@@PEBU2@H@Z 00000001400188b0 f i Splitter.obj
 0001:00017a90       ?RecalcLayout@CFrameWnd@@UEAAXH@Z 0000000140018a90 f i Splitter.obj
 0001:00017bd0       ?RemoveFrameWnd@CFrameWnd@@QEAAXXZ 0000000140018bd0 f i Splitter.obj
 0001:00017c50       ?CFrameWndDestruct@CFrameWnd@@QEAAXXZ 0000000140018c50 f i Splitter.obj
 0001:00017c60       ??1CFrameWnd@@UEAA@XZ      0000000140018c60 f i Splitter.obj
 0001:00017d20       ?Create@CMDIChildWnd@@UEAAHPEBD0KAEBUtagRECT@@PEAVCMDIFrameWnd@@PEAUCCreateContext@@@Z 0000000140018d20 f i Splitter.obj
 0001:00017f40       ?_AtlInitializeCriticalSectionEx@ATL@@YAHPEAU_RTL_CRITICAL_SECTION@@KK@Z 0000000140018f40 f i Stdafx.obj
 0001:00017f50       ?DefWindowProcA@CMDIFrameWnd@@UEAA_JI_K_J@Z 0000000140018f50 f i Stdafx.obj
 0001:00017f80       ?OnCreateClient@CMDIFrameWnd@@UEAAHPEAUtagCREATESTRUCTA@@PEAUCCreateContext@@@Z 0000000140018f80 f i Stdafx.obj
 0001:00018010       ?OnIdleUpdateCmdUI@CMDIFrameWnd@@QEAAXXZ 0000000140019010 f i Stdafx.obj
 0001:00018040       ?OnMDIWindowCmd@CMDIFrameWnd@@QEAAHI@Z 0000000140019040 f i Stdafx.obj
 0001:000180a0       ?OnUpdateMDIWindowCmd@CMDIFrameWnd@@QEAAXPEAVCCmdUI@@@Z 00000001400190a0 f i Stdafx.obj
 0001:00018140       ?CreateClient@CMDIFrameWnd@@UEAAHPEAUtagCREATESTRUCTA@@PEAVCMenuMTL@@@Z 0000000140019140 f i Stdafx.obj
 0001:000182a0       ?DelayUpdateFrameMenu@CMDIFrameWnd@@UEAAXPEAUHMENU__@@@Z 00000001400192a0 f i Stdafx.obj
 0001:000182c0       ?GetActiveFrame@CMDIFrameWnd@@UEAAPEAVCFrameWnd@@XZ 00000001400192c0 f i Stdafx.obj
 0001:00018350       ?GetWindowMenuPopup@CMDIFrameWnd@@UEAAPEAUHMENU__@@PEAU2@@Z 0000000140019350 f i Stdafx.obj
 0001:00018410       ?LoadFrame@CMDIFrameWnd@@UEAAHIKPEAVCWnd@@PEAUCCreateContext@@@Z 0000000140019410 f i Stdafx.obj
 0001:00018450       ?PreCreateWindow@CMDIFrameWnd@@UEAAHAEAUtagCREATESTRUCTA@@@Z 0000000140019450 f i Stdafx.obj
 0001:00018480       ?_ProcessWindowMessage@CMDIFrameWnd@@UEAAHPEAUHWND__@@I_K_JAEA_J@Z 0000000140019480 f i Stdafx.obj
 0001:00018750       ?OnCommand@CMDIFrameWnd@@UEAAH_K_J@Z 0000000140019750 f i Stdafx.obj
 0001:00018850       ?OnCmdMsg@CMDIFrameWnd@@UEAAHIHPEAXPEAUAFX_CMDHANDLERINFO@@@Z 0000000140019850 f i Stdafx.obj
 0001:00018930       ?OnWindowNew@CMDIFrameWnd@@QEAAXXZ 0000000140019930 f i Stdafx.obj
 0001:00018a60       ?PreTranslateMessage@CMDIFrameWnd@@UEAAHPEAUtagMSG@@@Z 0000000140019a60 f i Stdafx.obj
 0001:00018b80       ?SetCurrentHandles@CWinApp@@QEAAXXZ 0000000140019b80 f i Stdafx.obj
 0001:00018eb0       ?AfxMessageBox@@YAHIII@Z   0000000140019eb0 f i Stdafx.obj
 0001:00018f20       ?GetRuntimeClass@CCmdTarget@@UEBAPEAUCRuntimeClass@@XZ 0000000140019f20 f   Stdafx.obj
 0001:00018f30       ?CreateObject@CWnd@@SAPEAVCObject@@XZ 0000000140019f30 f   Stdafx.obj
 0001:00018f80       ?GetRuntimeClass@CWnd@@UEBAPEAUCRuntimeClass@@XZ 0000000140019f80 f   Stdafx.obj
 0001:00018f90       ?GetRuntimeClass@CDialog@@UEBAPEAUCRuntimeClass@@XZ 0000000140019f90 f   Stdafx.obj
 0001:00018fa0       ?CreateObject@CFrameWnd@@SAPEAVCObject@@XZ 0000000140019fa0 f   Stdafx.obj
 0001:00018fe0       ?GetRuntimeClass@CFrameWnd@@UEBAPEAUCRuntimeClass@@XZ 0000000140019fe0 f   Stdafx.obj
 0001:00018ff0       ?GetRuntimeClass@CView@@UEBAPEAUCRuntimeClass@@XZ 0000000140019ff0 f   Stdafx.obj
 0001:00019000       ?GetRuntimeClass@CSplitterWnd@@UEBAPEAUCRuntimeClass@@XZ 000000014001a000 f   Stdafx.obj
 0001:00019010       ?GetRuntimeClass@CMultiDocTemplate@@UEBAPEAUCRuntimeClass@@XZ 000000014001a010 f   Stdafx.obj
 0001:00019020       ?CreateObject@CMDIFrameWnd@@SAPEAVCObject@@XZ 000000014001a020 f   Stdafx.obj
 0001:00019070       ?GetRuntimeClass@CMDIFrameWnd@@UEBAPEAUCRuntimeClass@@XZ 000000014001a070 f   Stdafx.obj
 0001:00019080       ?CreateObject@CMDIChildWnd@@SAPEAVCObject@@XZ 000000014001a080 f   Stdafx.obj
 0001:000190e0       ?GetRuntimeClass@CMDIChildWnd@@UEBAPEAUCRuntimeClass@@XZ 000000014001a0e0 f   Stdafx.obj
 0001:000190f0       ?GetRuntimeClass@CScrollView@@UEBAPEAUCRuntimeClass@@XZ 000000014001a0f0 f   Stdafx.obj
 0001:00019100       ?GetRuntimeClass@CFileDialogMTL@@UEBAPEAUCRuntimeClass@@XZ 000000014001a100 f   Stdafx.obj
 0001:00019110       WinMain                    000000014001a110 f   Stdafx.obj
 0001:00019190       ?_ProcessWindowMessage@CViewExApp@@UEAAHPEAUHWND__@@I_K_JAEA_J@Z 000000014001a190 f i Viewex.obj
 0001:00019280       ?InitInstance@CViewExApp@@UEAAHXZ 000000014001a280 f   Viewex.obj
 0001:00019690       ?OnAppAbout@CViewExApp@@QEAAXXZ 000000014001a690 f   Viewex.obj
 0001:00019730       ??1CDocTemplate@@QEAA@XZ   000000014001a730 f i Viewex.obj
 0001:00019760       ?AddDocument@CMultiDocTemplate@@UEAAXPEAVCDocument@@@Z 000000014001a760 f i Viewex.obj
 0001:000197d0       ?GetFirstDocPosition@CMultiDocTemplate@@UEBAPEAU__POSITION@@XZ 000000014001a7d0 f i Viewex.obj
 0001:000197e0       ?GetNextDoc@CMultiDocTemplate@@UEBAPEAVCDocument@@AEAPEAU__POSITION@@@Z 000000014001a7e0 f i Viewex.obj
 0001:000197e0       ?GetNextDocTemplate@CDocManager@@UEBAPEAVCDocTemplate@@AEAPEAU__POSITION@@@Z 000000014001a7e0 f i Viewex.obj
 0001:000197f0       ?CreateNewDocument@CDocTemplate@@UEAAPEAVCDocument@@XZ 000000014001a7f0 f i Viewex.obj
 0001:00019850       ?OnCmdMsg@CDocTemplate@@UEAAHIHPEAXPEAUAFX_CMDHANDLERINFO@@@Z 000000014001a850 f i Viewex.obj
 0001:00019860       ?CreateNewFrame@CDocTemplate@@UEAAPEAVCFrameWnd@@PEAVCDocument@@PEAV2@@Z 000000014001a860 f i Viewex.obj
 0001:00019910       ?InitialUpdateFrame@CFrameWnd@@QEAAXPEAVCDocument@@H@Z 000000014001a910 f i Viewex.obj
 0001:00019b70       ?InitialUpdateFrame@CDocTemplate@@UEAAXPEAVCFrameWnd@@PEAVCDocument@@H@Z 000000014001ab70 f i Viewex.obj
 0001:00019b90       ?OpenDocumentFile@CMultiDocTemplate@@UEAAPEAVCDocument@@PEBDHH@Z 000000014001ab90 f i Viewex.obj
 0001:00019da0       ?OpenDocumentFile@CMultiDocTemplate@@UEAAPEAVCDocument@@PEBDH@Z 000000014001ada0 f i Viewex.obj
 0001:00019db0       ?RemoveDocument@CMultiDocTemplate@@UEAAXPEAVCDocument@@@Z 000000014001adb0 f i Viewex.obj
 0001:00019e30       ??_GCMultiDocTemplate@@UEAAPEAXI@Z 000000014001ae30 f i Viewex.obj
 0001:00019e30       ??_ECMultiDocTemplate@@UEAAPEAXI@Z 000000014001ae30 f i * CIL library *:* CIL module *
 0001:00019e60       ??1CMultiDocTemplate@@UEAA@XZ 000000014001ae60 f i Viewex.obj
 0001:00019f00       ?SetDefaultTitle@CMultiDocTemplate@@UEAAXPEAVCDocument@@@Z 000000014001af00 f i Viewex.obj
 0001:0001a100       ?LoadTemplate@CMultiDocTemplate@@UEAAXXZ 000000014001b100 f i Viewex.obj
 0001:0001a170       ?GetFirstDocTemplatePosition@CDocManager@@UEBAPEAU__POSITION@@XZ 000000014001b170 f i Viewex.obj
 0001:0001a180       ?AddDocTemplate@CWinApp@@QEAAXPEAVCDocTemplate@@@Z 000000014001b180 f i Viewex.obj
 0001:0001a240       ??1CCommandLineInfo@@QEAA@XZ 000000014001b240 f i Viewex.obj
 0001:0001a300       ??1CWinApp@@QEAA@XZ        000000014001b300 f i Viewex.obj
 0001:0001a4a0       ??1CWinThread@@QEAA@XZ     000000014001b4a0 f i Viewex.obj
 0001:0001a4c0       ??0CModuleThreadState@@QEAA@XZ 000000014001b4c0 f i Viewex.obj
 0001:0001a540       ??1CModuleThreadState@@QEAA@XZ 000000014001b540 f i Viewex.obj
 0001:0001a5a0       ?OnIdle@CWinApp@@UEAAHH@Z  000000014001b5a0 f i Viewex.obj
 0001:0001a940       ?Run@CWinApp@@UEAAHXZ      000000014001b940 f i Viewex.obj
 0001:0001aa20       ??1?$CHandleHashList@PEAUHWND__@@VCWMHnd@@PEAU1@$0BB@@@QEAA@XZ 000000014001ba20 f i Viewex.obj
 0001:0001aa30       ??0CWinApp@@QEAA@XZ        000000014001ba30 f i Viewex.obj
 0001:0001ab30       ?OnAppExit@CWinApp@@QEAAXXZ 000000014001bb30 f i Viewex.obj
 0001:0001ab50       ?_ProcessWindowMessage@CWinApp@@UEAAHPEAUHWND__@@I_K_JAEA_J@Z 000000014001bb50 f i Viewex.obj
 0001:0001abb0       ?AfxStringFromCLSID@CAfx@@SA?AVCString@WTL@@AEBU_GUID@@@Z 000000014001bbb0 f i Viewex.obj
 0001:0001ad10       ?AfxStringFromCLSID@@YA?AVCString@WTL@@AEBU_GUID@@@Z 000000014001bd10 f i Viewex.obj
 0001:0001ad30       ?AfxGetInProcServer@CAfx@@SAHPEBDAEAVCString@WTL@@@Z 000000014001bd30 f i Viewex.obj
 0001:0001ae70       ?GetClassObject@AFX_COM@@QEAAJAEBU_GUID@@0PEAPEAX@Z 000000014001be70 f i Viewex.obj
 0001:0001af80       ?AfxResolveShortcut@@YAHPEAVCWMHnd@@PEBDPEADH@Z 000000014001bf80 f i Viewex.obj
 0001:0001b170       ?AfxComparePath@CAfx@@SAHPEBD0@Z 000000014001c170 f i Viewex.obj
 0001:0001b2b0       ?MatchDocType@CDocTemplate@@UEAA?AW4Confidence@1@PEBDAEAPEAVCDocument@@@Z 000000014001c2b0 f i Viewex.obj
 0001:0001b3c0       ?OpenDocumentFile@CDocManager@@QEAAPEAVCDocument@@PEBDH@Z 000000014001c3c0 f i Viewex.obj
 0001:0001b610       ?OpenDocumentFile@CWinApp@@UEAAPEAVCDocument@@PEBD@Z 000000014001c610 f i Viewex.obj
 0001:0001b620       ?OnFileOpen@CDocManager@@UEAAXXZ 000000014001c620 f i Viewex.obj
 0001:0001b6a0       ?OnFileOpen@CWinApp@@UEAAXXZ 000000014001c6a0 f i Viewex.obj
 0001:0001b6b0       ?_ProcessWindowMessage@CNewTypeDlg@@UEAAHPEAUHWND__@@I_K_JAEA_J@Z 000000014001c6b0 f i Viewex.obj
 0001:0001b730       ?GetDocString@CDocTemplate@@UEBAHAEAVCString@WTL@@W4DocStringIndex@1@@Z 000000014001c730 f i Viewex.obj
 0001:0001b740       ?OnInitDialog@CNewTypeDlg@@UEAAHXZ 000000014001c740 f i Viewex.obj
 0001:0001b980       ?OnOK@CNewTypeDlg@@UEAAXXZ 000000014001c980 f i Viewex.obj
 0001:0001ba30       ?WalkPreTranslateTree@CWnd@@SAHPEAUHWND__@@PEAUtagMSG@@@Z 000000014001ca30 f i Viewex.obj
 0001:0001bad0       ?PreTranslateMessage@CWinApp@@UEAAHPEAUtagMSG@@@Z 000000014001cad0 f i Viewex.obj
 0001:0001bb90       ?PumpMessage@CWinApp@@UEAAHXZ 000000014001cb90 f i Viewex.obj
 0001:0001bc10       ?OnFileNew@CDocManager@@UEAAXXZ 000000014001cc10 f i Viewex.obj
 0001:0001bd30       ?OnFileNew@CWinApp@@UEAAXXZ 000000014001cd30 f i Viewex.obj
 0001:0001bd44       ?__AllocStdCallThunk@ATL@@YAPEAXXZ 000000014001cd44 f   atls:atlthunk.obj
 0001:0001be08       ?__FreeStdCallThunk@ATL@@YAXPEAX@Z 000000014001ce08 f   atls:atlthunk.obj
 0001:0001be98       ??0CAtlBaseModule@ATL@@QEAA@XZ 000000014001ce98 f   atls:atlbase.obj
 0001:0001bf40       ??1CAtlBaseModule@ATL@@QEAA@XZ 000000014001cf40 f   atls:atlbase.obj
 0001:0001bf74       ??3@YAXPEAX@Z              000000014001cf74 f   LIBCMT:delete.obj
 0001:0001bf90       __security_check_cookie    000000014001cf90 f   LIBCMT:amdsecgs.obj
 0001:0001bfb0       ??_V@YAXPEAX@Z             000000014001cfb0 f   LIBCMT:delete2.obj
 0001:0001bfb8       __onexitinit               000000014001cfb8 f   LIBCMT:onexit.obj
 0001:0001bffc       _onexit                    000000014001cffc f   LIBCMT:onexit.obj
 0001:0001c108       atexit                     000000014001d108 f   LIBCMT:onexit.obj
 0001:0001c120       ??0bad_alloc@std@@QEAA@AEBV01@@Z 000000014001d120 f i LIBCMT:new.obj
 0001:0001c144       ??1bad_alloc@std@@UEAA@XZ  000000014001d144 f i LIBCMT:new.obj
 0001:0001c154       ??2@YAPEAX_K@Z             000000014001d154 f   LIBCMT:new.obj
 0001:0001c1c0       ??_Ebad_alloc@std@@UEAAPEAXI@Z 000000014001d1c0 f i LIBCMT:new.obj
 0001:0001c1c0       ??_Gbad_alloc@std@@UEAAPEAXI@Z 000000014001d1c0 f i LIBCMT:new.obj
 0001:0001c1fc       ??_U@YAPEAX_K@Z            000000014001d1fc f   LIBCMT:new2.obj
 0001:0001c204       ??0_LocaleUpdate@@QEAA@PEAUlocaleinfo_struct@@@Z 000000014001d204 f i LIBCMT:mbscmp.obj
 0001:0001c2ac       _mbscmp                    000000014001d2ac f   LIBCMT:mbscmp.obj
 0001:0001c2b4       _mbscmp_l                  000000014001d2b4 f   LIBCMT:mbscmp.obj
 0001:0001c394       ??8type_info@@QEBA_NAEBV0@@Z 000000014001d394 f   LIBCMT:typinfo.obj
 0001:0001c3b4       ??_Gtype_info@@UEAAPEAXI@Z 000000014001d3b4 f i LIBCMT:typinfo.obj
 0001:0001c3b4       ??_Etype_info@@UEAAPEAXI@Z 000000014001d3b4 f i LIBCMT:typinfo.obj
 0001:0001c400       memcpy                     000000014001d400 f   LIBCMT:memcpy.obj
 0001:0001c400       memmove                    000000014001d400 f   LIBCMT:memcpy.obj
 0001:0001c968       __raise_securityfailure    000000014001d968 f   LIBCMT:gs_report.obj
 0001:0001c9b4       __report_gsfailure         000000014001d9b4 f   LIBCMT:gs_report.obj
 0001:0001ca88       __report_rangecheckfailure 000000014001da88 f   LIBCMT:gs_report.obj
 0001:0001ca9c       __report_securityfailure   000000014001da9c f   LIBCMT:gs_report.obj
 0001:0001cdec       _mktime64                  000000014001ddec f   LIBCMT:mktime64.obj
 0001:0001cdf8       _mbscspn                   000000014001ddf8 f   LIBCMT:mbscspn.obj
 0001:0001ce00       _mbscspn_l                 000000014001de00 f   LIBCMT:mbscspn.obj
 0001:0001cedc       _mbsspn                    000000014001dedc f   LIBCMT:mbsspn.obj
 0001:0001cee4       _mbsspn_l                  000000014001dee4 f   LIBCMT:mbsspn.obj
 0001:0001cfc0       _mbschr                    000000014001dfc0 f   LIBCMT:mbschr.obj
 0001:0001cfc8       _mbschr_l                  000000014001dfc8 f   LIBCMT:mbschr.obj
 0001:0001d088       _mbspbrk                   000000014001e088 f   LIBCMT:mbspbrk.obj
 0001:0001d090       _mbspbrk_l                 000000014001e090 f   LIBCMT:mbspbrk.obj
 0001:0001d1dc       _ismbblead                 000000014001e1dc f   LIBCMT:ismbbyte.obj
 0001:0001d1f0       free                       000000014001e1f0 f   LIBCMT:free.obj
 0001:0001d230       _strdup                    000000014001e230 f   LIBCMT:strdup.obj
 0001:0001d2a0       _mbsrchr                   000000014001e2a0 f   LIBCMT:mbsrchr.obj
 0001:0001d2a8       _mbsrchr_l                 000000014001e2a8 f   LIBCMT:mbsrchr.obj
 0001:0001d364       WinMainCRTStartup          000000014001e364 f   LIBCMT:wincrt0.obj
 0001:0001d530       _recalloc                  000000014001e530 f   LIBCMT:recalloc.obj
 0001:0001d5d0       memset                     000000014001e5d0 f   LIBCMT:memset.obj
 0001:0001d7fc       __crtCorExitProcess        000000014001e7fc f   LIBCMT:crt0dat.obj
 0001:0001d840       __crtExitProcess           000000014001e840 f   LIBCMT:crt0dat.obj
 0001:0001d858       _amsg_exit                 000000014001e858 f   LIBCMT:crt0dat.obj
 0001:0001d880       _c_exit                    000000014001e880 f   LIBCMT:crt0dat.obj
 0001:0001d890       _cexit                     000000014001e890 f   LIBCMT:crt0dat.obj
 0001:0001d8a0       _cinit                     000000014001e8a0 f   LIBCMT:crt0dat.obj
 0001:0001d938       _exit                      000000014001e938 f   LIBCMT:crt0dat.obj
 0001:0001d944       _init_pointers             000000014001e944 f   LIBCMT:crt0dat.obj
 0001:0001d9f0       _initterm_e                000000014001e9f0 f   LIBCMT:crt0dat.obj
 0001:0001da2c       _lockexit                  000000014001ea2c f   LIBCMT:crt0dat.obj
 0001:0001da38       _unlockexit                000000014001ea38 f   LIBCMT:crt0dat.obj
 0001:0001dbdc       exit                       000000014001ebdc f   LIBCMT:crt0dat.obj
 0001:0001dbe8       _msize                     000000014001ebe8 f   LIBCMT:msize.obj
 0001:0001dc24       _calloc_crt                000000014001ec24 f   LIBCMT:crtheap.obj
 0001:0001dca4       _malloc_crt                000000014001eca4 f   LIBCMT:crtheap.obj
 0001:0001dd20       _realloc_crt               000000014001ed20 f   LIBCMT:crtheap.obj
 0001:0001dda4       _recalloc_crt              000000014001eda4 f   LIBCMT:crtheap.obj
 0001:0001de28       __C_specific_handler       000000014001ee28 f   LIBCMT:chandler.obj
 0001:0001e00c       malloc                     000000014001f00c f   LIBCMT:malloc.obj
 0001:0001e0c4       ??0exception@std@@QEAA@AEBQEBD@Z 000000014001f0c4 f   LIBCMT:stdexcpt.obj
 0001:0001e0f4       ??0exception@std@@QEAA@AEBQEBDH@Z 000000014001f0f4 f   LIBCMT:stdexcpt.obj
 0001:0001e110       ??0exception@std@@QEAA@AEBV01@@Z 000000014001f110 f   LIBCMT:stdexcpt.obj
 0001:0001e13c       ??1exception@std@@UEAA@XZ  000000014001f13c f   LIBCMT:stdexcpt.obj
 0001:0001e14c       ??4exception@std@@QEAAAEAV01@AEBV01@@Z 000000014001f14c f   LIBCMT:stdexcpt.obj
 0001:0001e190       ??_Gexception@std@@UEAAPEAXI@Z 000000014001f190 f i LIBCMT:stdexcpt.obj
 0001:0001e190       ??_Eexception@std@@UEAAPEAXI@Z 000000014001f190 f i LIBCMT:stdexcpt.obj
 0001:0001e1cc       ?_Copy_str@exception@std@@AEAAXPEBD@Z 000000014001f1cc f   LIBCMT:stdexcpt.obj
 0001:0001e228       ?_Tidy@exception@std@@AEAAXXZ 000000014001f228 f   LIBCMT:stdexcpt.obj
 0001:0001e250       ?what@exception@std@@UEBAPEBDXZ 000000014001f250 f   LIBCMT:stdexcpt.obj
 0001:0001e264       _callnewh                  000000014001f264 f   LIBCMT:handler.obj
 0001:0001e298       _initp_heap_handler        000000014001f298 f   LIBCMT:handler.obj
 0001:0001e2a0       _CxxThrowException         000000014001f2a0 f   LIBCMT:throw.obj
 0001:0001e368       _call_reportfault          000000014001f368 f   LIBCMT:invarg.obj
 0001:0001e45c       _initp_misc_invarg         000000014001f45c f   LIBCMT:invarg.obj
 0001:0001e464       _invalid_parameter         000000014001f464 f   LIBCMT:invarg.obj
 0001:0001e4cc       _invalid_parameter_noinfo  000000014001f4cc f   LIBCMT:invarg.obj
 0001:0001e4ec       _invoke_watson             000000014001f4ec f   LIBCMT:invarg.obj
 0001:0001e528       __addlocaleref             000000014001f528 f   LIBCMT:localref.obj
 0001:0001e5b4       __freetlocinfo             000000014001f5b4 f   LIBCMT:localref.obj
 0001:0001e74c       __removelocaleref          000000014001f74c f   LIBCMT:localref.obj
 0001:0001e7f0       __updatetlocinfo           000000014001f7f0 f   LIBCMT:localref.obj
 0001:0001e868       _updatetlocinfoEx_nolock   000000014001f868 f   LIBCMT:localref.obj
 0001:0001e8cc       __initmbctable             000000014001f8cc f   LIBCMT:mbctype.obj
 0001:0001ebe8       __updatetmbcinfo           000000014001fbe8 f   LIBCMT:mbctype.obj
 0001:0001eca4       _setmbcp                   000000014001fca4 f   LIBCMT:mbctype.obj
 0001:0001eee8       _setmbcp_nolock            000000014001fee8 f   LIBCMT:mbctype.obj
 0001:0001f1b0       strcmp                     00000001400201b0 f   LIBCMT:strcmp.obj
 0001:0001f218       _freefls                   0000000140020218 f   LIBCMT:tidtable.obj
 0001:0001f34c       _getptd                    000000014002034c f   LIBCMT:tidtable.obj
 0001:0001f370       _getptd_noexit             0000000140020370 f   LIBCMT:tidtable.obj
 0001:0001f3f4       _initptd                   00000001400203f4 f   LIBCMT:tidtable.obj
 0001:0001f4b8       _mtinit                    00000001400204b8 f   LIBCMT:tidtable.obj
 0001:0001f538       _mtterm                    0000000140020538 f   LIBCMT:tidtable.obj
 0001:0001f55c       __doserrno                 000000014002055c f   LIBCMT:dosmap.obj
 0001:0001f57c       _dosmaperr                 000000014002057c f   LIBCMT:dosmap.obj
 0001:0001f5cc       _errno                     00000001400205cc f   LIBCMT:dosmap.obj
 0001:0001f5ec       _get_errno_from_oserr      00000001400205ec f   LIBCMT:dosmap.obj
 0001:0001f63c       ?_Type_info_dtor@type_info@@CAXPEAV1@@Z 000000014002063c f   LIBCMT:typname.obj
 0001:0001f6a8       __isa_available_init       00000001400206a8 f   LIBCMT:cpu_disp.obj
 0001:0001f84c       __crt_debugger_hook        000000014002084c f   LIBCMT:dbghook.obj
 0001:0001f854       __crtCaptureCurrentContext 0000000140020854 f   LIBCMT:winapisupp.obj
 0001:0001f8c4       __crtCapturePreviousContext 00000001400208c4 f   LIBCMT:winapisupp.obj
 0001:0001f938       __crtFlsAlloc              0000000140020938 f   LIBCMT:winapisupp.obj
 0001:0001f954       __crtFlsFree               0000000140020954 f   LIBCMT:winapisupp.obj
 0001:0001f970       __crtFlsGetValue           0000000140020970 f   LIBCMT:winapisupp.obj
 0001:0001f98c       __crtFlsSetValue           000000014002098c f   LIBCMT:winapisupp.obj
 0001:0001f9a8       __crtGetShowWindowMode     00000001400209a8 f   LIBCMT:winapisupp.obj
 0001:0001f9d4       __crtInitializeCriticalSectionEx 00000001400209d4 f   LIBCMT:winapisupp.obj
 0001:0001fa00       __crtIsPackagedApp         0000000140020a00 f   LIBCMT:winapisupp.obj
 0001:0001fa4c       __crtLoadWinApiPointers    0000000140020a4c f   LIBCMT:winapisupp.obj
 0001:0001fe48       __crtSetUnhandledExceptionFilter 0000000140020e48 f   LIBCMT:winapisupp.obj
 0001:0001fe50       __crtSleep                 0000000140020e50 f   LIBCMT:winapisupp.obj
 0001:0001fe58       __crtTerminateProcess      0000000140020e58 f   LIBCMT:winapisupp.obj
 0001:0001fe78       __crtUnhandledException    0000000140020e78 f   LIBCMT:winapisupp.obj
 0001:0001fe98       __daylight                 0000000140020e98 f   LIBCMT:timeset.obj
 0001:0001fea0       __dstbias                  0000000140020ea0 f   LIBCMT:timeset.obj
 0001:0001fea8       __timezone                 0000000140020ea8 f   LIBCMT:timeset.obj
 0001:0001feb0       __tzname                   0000000140020eb0 f   LIBCMT:timeset.obj
 0001:0001feb8       _get_daylight              0000000140020eb8 f   LIBCMT:timeset.obj
 0001:0001fee8       _get_dstbias               0000000140020ee8 f   LIBCMT:timeset.obj
 0001:0001ff18       _get_timezone              0000000140020f18 f   LIBCMT:timeset.obj
 0001:0001ff48       _gmtime64_s                0000000140020f48 f   LIBCMT:gmtime64.obj
 0001:00020218       _localtime64_s             0000000140021218 f   LIBCMT:loctim64.obj
 0001:00020524       __tzset                    0000000140021524 f   LIBCMT:tzset.obj
 0001:00020560       _isindst                   0000000140021560 f   LIBCMT:tzset.obj
 0001:00020f70       __GSHandlerCheck           0000000140021f70 f   LIBCMT:gshandler.obj
 0001:00020f90       __GSHandlerCheckCommon     0000000140021f90 f   LIBCMT:gshandler.obj
 0001:00020ff4       strcspn                    0000000140021ff4 f   LIBCMT:strcspn.obj
 0001:00021094       strspn                     0000000140022094 f   LIBCMT:strspn.obj
 0001:00021158       strchr                     0000000140022158 f   LIBCMT:strchr.obj
 0001:000211e4       strpbrk                    00000001400221e4 f   LIBCMT:strpbrk.obj
 0001:00021288       _heap_init                 0000000140022288 f   LIBCMT:heapinit.obj
 0001:000212a8       ?_inconsistency@@YAXXZ     00000001400222a8 f   LIBCMT:hooks.obj
 0001:000212c8       ?terminate@@YAXXZ          00000001400222c8 f   LIBCMT:hooks.obj
 0001:000212e8       _initp_eh_hooks            00000001400222e8 f   LIBCMT:hooks.obj
 0001:00021308       abort                      0000000140022308 f   LIBCMT:abort.obj
 0001:00021360       _initp_misc_purevirt       0000000140022360 f   LIBCMT:inithelp.obj
 0001:00021368       strcpy_s                   0000000140022368 f   LIBCMT:strcpy_s.obj
 0001:000213e0       strlen                     00000001400223e0 f   LIBCMT:strlen.obj
 0001:00021488       strrchr                    0000000140022488 f   LIBCMT:strrchr.obj
 0001:000215cc       ?__CxxUnhandledExceptionFilter@@YAJPEAU_EXCEPTION_POINTERS@@@Z 00000001400225cc f   LIBCMT:unhandld.obj
 0001:00021604       __CxxSetUnhandledExceptionFilter 0000000140022604 f   LIBCMT:unhandld.obj
 0001:0002161c       _XcptFilter                000000014002261c f   LIBCMT:winxfltr.obj
 0001:000217e8       _ioinit                    00000001400227e8 f   LIBCMT:ioinit.obj
 0001:00021b18       _setargv                   0000000140022b18 f   LIBCMT:stdargv.obj
 0001:00021dd4       _setenvp                   0000000140022dd4 f   LIBCMT:stdenvp.obj
 0001:00021f08       _FF_MSGBANNER              0000000140022f08 f   LIBCMT:crt0msg.obj
 0001:00021f4c       _GET_RTERRMSG              0000000140022f4c f   LIBCMT:crt0msg.obj
 0001:00021f7c       _NMSG_WRITE                0000000140022f7c f   LIBCMT:crt0msg.obj
 0001:000221ec       __set_app_type             00000001400231ec f   LIBCMT:errmode.obj
 0001:000221f4       _set_error_mode            00000001400231f4 f   LIBCMT:errmode.obj
 0001:00022234       __security_init_cookie     0000000140023234 f   LIBCMT:gs_support.obj
 0001:000222e0       _RTC_Initialize            00000001400232e0 f   LIBCMT:initsect.obj
 0001:00022318       _RTC_Terminate             0000000140023318 f   LIBCMT:initsect.obj
 0001:00022350       __crtGetEnvironmentStringsA 0000000140023350 f   LIBCMT:a_env.obj
 0001:00022444       _wincmdln                  0000000140023444 f   LIBCMT:wincmdln.obj
 0001:000224c0       realloc                    00000001400234c0 f   LIBCMT:realloc.obj
 0001:00022594       _lock                      0000000140023594 f   LIBCMT:mlock.obj
 0001:000225d8       _mtdeletelocks             00000001400235d8 f   LIBCMT:mlock.obj
 0001:00022660       _mtinitlocknum             0000000140023660 f   LIBCMT:mlock.obj
 0001:00022720       _mtinitlocks               0000000140023720 f   LIBCMT:mlock.obj
 0001:00022784       _unlock                    0000000140023784 f   LIBCMT:mlock.obj
 0001:000227a0       _FindPESection             00000001400237a0 f   LIBCMT:pesect.obj
 0001:000227f0       _IsNonwritableInCurrentImage 00000001400237f0 f   LIBCMT:pesect.obj
 0001:00022840       _ValidateImageBase         0000000140023840 f   LIBCMT:pesect.obj
 0001:00022870       _initp_misc_cfltcvt_tab    0000000140023870 f   LIBCMT:cmiscdat.obj
 0001:000228ac       __get_sigabrt              00000001400238ac f   LIBCMT:winsig.obj
 0001:000228bc       _initp_misc_winsig         00000001400238bc f   LIBCMT:winsig.obj
 0001:000228dc       raise                      00000001400238dc f   LIBCMT:winsig.obj
 0001:00022b10       _initp_misc_rand_s         0000000140023b10 f   LIBCMT:rand_s.obj
 0001:00022b18       _calloc_impl               0000000140023b18 f   LIBCMT:calloc_impl.obj
 0001:00022bd0       _local_unwind              0000000140023bd0 f   LIBCMT:jmpuwind.obj
 0001:00022c00       _NLG_Notify                0000000140023c00 f   LIBCMT:jmpuwind.obj
 0001:00022c20       __NLG_Dispatch2            0000000140023c20 f   LIBCMT:jmpuwind.obj
 0001:00022c30       __NLG_Return2              0000000140023c30 f   LIBCMT:jmpuwind.obj
 0001:00022c34       __free_lconv_mon           0000000140023c34 f   LIBCMT:initmon.obj
 0001:00022d40       __free_lconv_num           0000000140023d40 f   LIBCMT:initnum.obj
 0001:00022dac       __free_lc_time             0000000140023dac f   LIBCMT:inittime.obj
 0001:00023494       __crtLCMapStringA          0000000140024494 f   LIBCMT:a_map.obj
 0001:000236a4       __crtGetStringTypeA        00000001400246a4 f   LIBCMT:a_str.obj
 0001:00023720       atol                       0000000140024720 f   LIBCMT:atox.obj
 0001:0002372c       strncpy_s                  000000014002472c f   LIBCMT:strncpy_s.obj
 0001:000237e8       _getenv_helper_nolock      00000001400247e8 f   LIBCMT:getenv.obj
 0001:0002388c       ___lc_codepage_func        000000014002488c f   LIBCMT:initctyp.obj
 0001:000238c4       GetTableIndexFromLocaleName 00000001400248c4 f   LIBCMT:winapinls.obj
 0001:00023950       __crtCompareStringEx       0000000140024950 f   LIBCMT:winapinls.obj
 0001:000239e0       __crtDownlevelLocaleNameToLCID 00000001400249e0 f   LIBCMT:winapinls.obj
 0001:00023a14       __crtLCMapStringEx         0000000140024a14 f   LIBCMT:winapinls.obj
 0001:00023aa4       __wcsnicmp_ascii           0000000140024aa4 f   LIBCMT:winapinls.obj
 0001:00023afc       __initstdio                0000000140024afc f   LIBCMT:_file.obj
 0001:00023b94       __endstdio                 0000000140024b94 f   LIBCMT:_file.obj
 0001:00023bc4       _lock_file                 0000000140024bc4 f   LIBCMT:_file.obj
 0001:00023c2c       _lock_file2                0000000140024c2c f   LIBCMT:_file.obj
 0001:00023c60       _unlock_file               0000000140024c60 f   LIBCMT:_file.obj
 0001:00023cb0       _unlock_file2              0000000140024cb0 f   LIBCMT:_file.obj
 0001:00023cd0       wcscat_s                   0000000140024cd0 f   LIBCMT:wcscat_s.obj
 0001:00023d58       wcscpy_s                   0000000140024d58 f   LIBCMT:wcscpy_s.obj
 0001:00023dc4       wcslen                     0000000140024dc4 f   LIBCMT:wcslen.obj
 0001:00023de0       wcsncpy_s                  0000000140024de0 f   LIBCMT:wcsncpy_s.obj
 0001:00023eac       __crtMessageBoxW           0000000140024eac f   LIBCMT:crtmboxw.obj
 0001:00024120       _fptrap                    0000000140025120 f   LIBCMT:crt0fp.obj
 0001:0002412c       _fileno                    000000014002512c f   LIBCMT:fileno.obj
 0001:00024154       _isatty                    0000000140025154 f   LIBCMT:isatty.obj
 0001:000241b4       _fflush_nolock             00000001400251b4 f   LIBCMT:fflush.obj
 0001:00024200       _flush                     0000000140025200 f   LIBCMT:fflush.obj
 0001:0002427c       _flushall                  000000014002527c f   LIBCMT:fflush.obj
 0001:00024370       _locterm                   0000000140025370 f   LIBCMT:wsetloca.obj
[...]
 0004:00002580       $pdata$__crtMessageBoxW    0000000140045580     LIBCMT:crtmboxw.obj
 0004:0000258c       $pdata$_fileno             000000014004558c     LIBCMT:fileno.obj
 0004:00002598       $pdata$_isatty             0000000140045598     LIBCMT:isatty.obj
 0004:000025a4       $pdata$_fflush_nolock      00000001400455a4     LIBCMT:fflush.obj
 0004:000025b0       $pdata$_flush              00000001400455b0     LIBCMT:fflush.obj
 0004:000025bc       $pdata$flsall              00000001400455bc     LIBCMT:fflush.obj
 0004:000025c8       $pdata$_locterm            00000001400455c8     LIBCMT:wsetloca.obj
 0004:000025e0       $pdata$?strtoxl@@YAKPEAUlocaleinfo_struct@@PEBDPEAPEBDHH@Z 00000001400455e0     LIBCMT:strtol.obj
 0004:000025ec       $pdata$strtol              00000001400455ec     LIBCMT:strtol.obj
 0004:000025f8       $pdata$__wtomb_environ     00000001400455f8     LIBCMT:wtombenv.obj
 0004:00002604       $pdata$_mbsnbicoll_l       0000000140045604     LIBCMT:mbsnbico.obj
 0004:00002610       $pdata$_fcloseall          0000000140045610     LIBCMT:closeall.obj
 0004:0000261c       $pdata$_commit             000000014004561c     LIBCMT:commit.obj
 0004:00002628       $pdata$_write              0000000140045628     LIBCMT:write.obj
 0004:00002634       $pdata$_write_nolock       0000000140045634     LIBCMT:write.obj
 0004:0000264c       $pdata$_isctype_l          000000014004564c     LIBCMT:isctype.obj
 0004:00002658       $pdata$__crt_atoflt_l      0000000140045658     LIBCMT:atodbl.obj
 0004:00002664       $pdata$_atodbl_l           0000000140045664     LIBCMT:atodbl.obj
 0004:00002670       $pdata$__crtsetenv         0000000140045670     LIBCMT:setenv.obj
 0004:0000267c       $pdata$_strnicoll_l        000000014004567c     LIBCMT:strnicol.obj
 0004:00002688       $pdata$?__crtCompareStringA_stat@@YAHPEAUlocaleinfo_struct@@PEB_WKPEBDH2HH@Z 0000000140045688     LIBCMT:a_cmp.obj
 0004:00002694       $pdata$__crtCompareStringA 0000000140045694     LIBCMT:a_cmp.obj
 0004:000026a0       $pdata$_fclose_nolock      00000001400456a0     LIBCMT:fclose.obj
 0004:000026ac       $pdata$fclose              00000001400456ac     LIBCMT:fclose.obj
 0004:000026b8       $pdata$__lock_fhandle      00000001400456b8     LIBCMT:osfinfo.obj
 0004:000026c4       $pdata$_free_osfhnd        00000001400456c4     LIBCMT:osfinfo.obj
 0004:000026d0       $pdata$_get_osfhandle      00000001400456d0     LIBCMT:osfinfo.obj
 0004:000026dc       $pdata$_isleadbyte_l       00000001400456dc     LIBCMT:_wctype.obj
 0004:000026e8       $pdata$isleadbyte          00000001400456e8     LIBCMT:_wctype.obj
 0004:000026f4       $pdata$_lseeki64_nolock    00000001400456f4     LIBCMT:lseeki64.obj
 0004:00002700       $pdata$_mbtowc_l           0000000140045700     LIBCMT:mbtowc.obj
 0004:0000270c       $pdata$_putwch_nolock      000000014004570c     LIBCMT:putwch.obj
 0004:00002718       $pdata$_ld12tod            0000000140045718     LIBCMT:intrncvt.obj
 0004:00002724       $pdata$_ld12tof            0000000140045724     LIBCMT:intrncvt.obj
 0004:00002730       $pdata$__strgtold12_l      0000000140045730     LIBCMT:strgtold.obj
 0004:0000273c       $pdata$_cfltcvt            000000014004573c     LIBCMT:cvt.obj
 0004:00002748       $pdata$_cfltcvt_l          0000000140045748     LIBCMT:cvt.obj
 0004:00002754       $pdata$_cftoa_l            0000000140045754     LIBCMT:cvt.obj
 0004:00002760       $pdata$_cftoe2_l           0000000140045760     LIBCMT:cvt.obj
 0004:0000276c       $pdata$_cftoe_l            000000014004576c     LIBCMT:cvt.obj
 0004:00002778       $pdata$_cftof2_l           0000000140045778     LIBCMT:cvt.obj
 0004:00002784       $pdata$_cftof_l            0000000140045784     LIBCMT:cvt.obj
 0004:00002790       $pdata$_cftog_l            0000000140045790     LIBCMT:cvt.obj
 0004:0000279c       $pdata$_cropzeros_l        000000014004579c     LIBCMT:cvt.obj
 0004:000027a8       $pdata$_fassign_l          00000001400457a8     LIBCMT:cvt.obj
 0004:000027b4       $pdata$_forcdecpt_l        00000001400457b4     LIBCMT:cvt.obj
 0004:000027c0       $pdata$_strnicmp_l         00000001400457c0     LIBCMT:strnicmp.obj
 0004:000027cc       $pdata$_close              00000001400457cc     LIBCMT:close.obj
 0004:000027d8       $pdata$_close_nolock       00000001400457d8     LIBCMT:close.obj
 0004:000027e4       $pdata$_freebuf            00000001400457e4     LIBCMT:_freebuf.obj
 0004:000027f0       $pdata$__termconout        00000001400457f0     LIBCMT:initcon.obj
 0004:000027fc       $pdata$__initconout        00000001400457fc     LIBCMT:initcon.obj
 0004:00002808       $pdata$__mtold12           0000000140045808     LIBCMT:mantold.obj
 0004:00002814       $pdata$isdigit             0000000140045814     LIBCMT:_ctype.obj
 0004:00002820       $pdata$_tolower_l          0000000140045820     LIBCMT:tolower.obj
 0004:0000282c       $pdata$_fptostr            000000014004582c     LIBCMT:_fptostr.obj
 0004:00002838       $pdata$__dtold             0000000140045838     LIBCMT:cfout.obj
 0004:00002844       $pdata$_fltout2            0000000140045844     LIBCMT:cfout.obj
 0004:00002850       $pdata$$I10_OUTPUT         0000000140045850     LIBCMT:x10fout.obj
 0004:0000285c       $pdata$?_GetEstablisherFrame@@YAPEA_KPEA_KPEAU_xDISPATCHER_CONTEXT@@PEBU_s_FuncInfo@@0@Z 000000014004585c     LIBCMT:trnsctrl.obj
 0004:00002868       $pdata$?_GetRangeOfTrysToCheck@@YAPEBU_s_TryBlockMapEntry@@PEA_KPEBU_s_FuncInfo@@HHPEAI2PEAU_xDISPATCHER_CONTEXT@@@Z 0000000140045868     LIBCMT:trnsctrl.obj
 0004:00002874       $pdata$?__FrameUnwindToEmptyState@@YAXPEA_KPEAU_xDISPATCHER_CONTEXT@@PEBU_s_FuncInfo@@@Z 0000000140045874     LIBCMT:trnsctrl.obj
 0004:00002880       $pdata$?__SehTransFilter@@YAHPEAU_EXCEPTION_POINTERS@@PEAUEHExceptionRecord@@PEA_KPEAU_CONTEXT@@PEAU_xDISPATCHER_CONTEXT@@PEBU_s_FuncInfo@@PEAH@Z 0000000140045880     LIBCMT:trnsctrl.obj
 0004:0000288c       $pdata$_CallSETranslator   000000014004588c     LIBCMT:trnsctrl.obj
 0004:00002898       $pdata$_CreateFrameInfo    0000000140045898     LIBCMT:trnsctrl.obj
 0004:000028a4       $pdata$_FindAndUnlinkFrame 00000001400458a4     LIBCMT:trnsctrl.obj
 0004:000028b0       $pdata$_GetImageBase       00000001400458b0     LIBCMT:trnsctrl.obj
 0004:000028bc       $pdata$_GetThrowImageBase  00000001400458bc     LIBCMT:trnsctrl.obj
 0004:000028c8       $pdata$_IsExceptionObjectToBeDestroyed 00000001400458c8     LIBCMT:trnsctrl.obj
 0004:000028d4       $pdata$_SetImageBase       00000001400458d4     LIBCMT:trnsctrl.obj
 0004:000028e0       $pdata$_SetThrowImageBase  00000001400458e0     LIBCMT:trnsctrl.obj
 0004:000028ec       $pdata$_UnwindNestedFrames 00000001400458ec     LIBCMT:trnsctrl.obj
 0004:000028f8       $pdata$__CxxFrameHandler3  00000001400458f8     LIBCMT:trnsctrl.obj
 0004:00002904       $pdata$__GSHandlerCheck_EH 0000000140045904     LIBCMT:gshandlereh.obj
 0004:00002910       $pdata$__DestructExceptionObject 0000000140045910     LIBCMT:frame.obj
 0004:0000291c       $pdata$??0bad_exception@std@@QEAA@AEBV01@@Z 000000014004591c     LIBCMT:frame.obj
 0004:00002928       $pdata$??_Gbad_exception@std@@UEAAPEAXI@Z 0000000140045928     LIBCMT:frame.obj
 0004:00002934       $pdata$?CatchIt@@YAXPEAUEHExceptionRecord@@PEA_KPEAU_CONTEXT@@PEAU_xDISPATCHER_CONTEXT@@PEBU_s_FuncInfo@@PEBU_s_HandlerType@@PEBU_s_CatchableType@@PEBU_s_TryBlockMapEntry@@H1EE@Z 0000000140045934     LIBCMT:frame.obj
 0004:00002940       $pdata$?FindHandler@@YAXPEAUEHExceptionRecord@@PEA_KPEAU_CONTEXT@@PEAU_xDISPATCHER_CONTEXT@@PEBU_s_FuncInfo@@EH1@Z 0000000140045940     LIBCMT:frame.obj
 0004:0000294c       $pdata$?FindHandlerForForeignException@@YAXPEAUEHExceptionRecord@@PEA_KPEAU_CONTEXT@@PEAU_xDISPATCHER_CONTEXT@@PEBU_s_FuncInfo@@HH1@Z 000000014004594c     LIBCMT:frame.obj
 0004:00002958       $pdata$?IsInExceptionSpec@@YAEPEAUEHExceptionRecord@@PEBU_s_ESTypeList@@@Z 0000000140045958     LIBCMT:frame.obj
 0004:00002964       $pdata$__BuildCatchObject  0000000140045964     LIBCMT:frame.obj
 0004:00002970       $pdata$__BuildCatchObjectHelper 0000000140045970     LIBCMT:frame.obj
 0004:0000297c       $pdata$__CxxCallCatchBlock 000000014004597c     LIBCMT:frame.obj
 0004:00002988       $pdata$__FrameUnwindFilter 0000000140045988     LIBCMT:frame.obj
 0004:00002994       $pdata$__FrameUnwindToState 0000000140045994     LIBCMT:frame.obj
 0004:000029a0       $pdata$__InternalCxxFrameHandler 00000001400459a0     LIBCMT:frame.obj
 0004:000029ac       $pdata$__TypeMatch         00000001400459ac     LIBCMT:frame.obj
 0004:000029b8       $pdata$?__GetCurrentState@@YAHPEA_KPEAU_xDISPATCHER_CONTEXT@@PEBU_s_FuncInfo@@@Z 00000001400459b8     LIBCMT:ehstate.obj
 0004:000029c4       $pdata$?__GetUnwindTryBlock@@YAHPEA_KPEAU_xDISPATCHER_CONTEXT@@PEBU_s_FuncInfo@@@Z 00000001400459c4     LIBCMT:ehstate.obj
 0004:000029d0       $pdata$?__SetUnwindTryBlock@@YAXPEA_KPEAU_xDISPATCHER_CONTEXT@@PEBU_s_FuncInfo@@H@Z 00000001400459d0     LIBCMT:ehstate.obj
 0004:000029dc       $pdata$?__StateFromIp@@YAHPEBU_s_FuncInfo@@PEAU_xDISPATCHER_CONTEXT@@_J@Z 00000001400459dc     LIBCMT:ehstate.obj
 0004:000029f4       $pdata$?catch$0@?0??AllocBuffer@CString@WTL@@IEAAHH@Z@4HA 00000001400459f4     Enterdlg.obj
 0004:00002a00       $pdata$?catch$0@?0??OnOpenDocument@CDocument@@UEAAHPEBD@Z@4HA 0000000140045a00     Maindoc.obj
 0004:00002a0c       $pdata$?dtor$0@?0??Mid@CString@WTL@@QEBA?AV12@HH@Z@4HA 0000000140045a0c     Maindoc.obj
 0004:00002a18       $pdata$?catch$0@?0??CreateCommon@CSplitterWnd@@QEAAHPEAVCWnd@@UtagSIZE@@KI@Z@4HA 0000000140045a18     Splitter.obj
 0004:00002a24       $pdata$?catch$0@?0??CreateView@CSplitterWnd@@UEAAHHHPEAUCRuntimeClass@@UtagSIZE@@PEAUCCreateContext@@@Z@4HA 0000000140045a24     Splitter.obj
 0004:00002a30       $pdata$_onexit$fin$0       0000000140045a30     LIBCMT:onexit.obj
 0004:00002a3c       $pdata$__tmainCRTStartup$filt$0 0000000140045a3c     LIBCMT:wincrt0.obj
 0004:00002a48       $pdata$doexit$fin$0        0000000140045a48     LIBCMT:crt0dat.obj
 0004:00002a54       $pdata$__updatetmbcinfo$fin$0 0000000140045a54     LIBCMT:mbctype.obj
 0004:00002a54       $pdata$_setmbcp$fin$0      0000000140045a54     LIBCMT:mbctype.obj
 0004:00002a60       $pdata$_initptd$fin$1      0000000140045a60     LIBCMT:tidtable.obj
 0004:00002a60       $pdata$_freefls$fin$1      0000000140045a60     LIBCMT:tidtable.obj
 0004:00002a6c       $pdata$_initptd$fin$0      0000000140045a6c     LIBCMT:tidtable.obj
 0004:00002a6c       $pdata$_freefls$fin$0      0000000140045a6c     LIBCMT:tidtable.obj
 0004:00002a78       $pdata$?fin$0@?0??_Type_info_dtor@type_info@@CAXPEAV1@@Z@4HA 0000000140045a78     LIBCMT:typname.obj
 0004:00002a84       $pdata$__tzset$fin$0       0000000140045a84     LIBCMT:tzset.obj
 0004:00002a84       $pdata$_isindst$fin$0      0000000140045a84     LIBCMT:tzset.obj
 0004:00002a90       $pdata$_tzset_nolock$fin$0 0000000140045a90     LIBCMT:tzset.obj
 0004:00002a9c       $pdata$_ioinit$fin$0       0000000140045a9c     LIBCMT:ioinit.obj
 0004:00002aa8       $pdata$_mtinitlocknum$fin$0 0000000140045aa8     LIBCMT:mlock.obj
 0004:00002ab4       $pdata$_IsNonwritableInCurrentImage$filt$0 0000000140045ab4     LIBCMT:pesect.obj
 0004:00002ac0       $pdata$raise$fin$0         0000000140045ac0     LIBCMT:winsig.obj
 0004:00002acc       $pdata$flsall$fin$0        0000000140045acc     LIBCMT:fflush.obj
 0004:00002ad8       $pdata$flsall$fin$1        0000000140045ad8     LIBCMT:fflush.obj
 0004:00002ae4       $pdata$__updatetlocinfo$fin$0 0000000140045ae4     LIBCMT:wsetloca.obj
 0004:00002ae4       $pdata$_locterm$fin$0      0000000140045ae4     LIBCMT:wsetloca.obj
 0004:00002af0       $pdata$_fcloseall$fin$0    0000000140045af0     LIBCMT:closeall.obj
 0004:00002afc       $pdata$_write$fin$0        0000000140045afc     LIBCMT:write.obj
 0004:00002b08       $pdata$fclose$fin$0        0000000140045b08     LIBCMT:fclose.obj
 0004:00002b14       $pdata$__lock_fhandle$fin$0 0000000140045b14     LIBCMT:osfinfo.obj
 0004:00002b20       $pdata$_close$fin$0        0000000140045b20     LIBCMT:close.obj
 0004:00002b20       $pdata$_commit$fin$0       0000000140045b20     LIBCMT:close.obj
 0004:00002b2c       $pdata$_CallSETranslator$filt$0 0000000140045b2c     LIBCMT:trnsctrl.obj
 0004:00002b38       $pdata$__CxxCallCatchBlock$filt$0 0000000140045b38     LIBCMT:frame.obj
 0004:00002b44       $pdata$__CxxCallCatchBlock$fin$1 0000000140045b44     LIBCMT:frame.obj
 0004:00002b50       $pdata$__DestructExceptionObject$filt$0 0000000140045b50     LIBCMT:frame.obj
 0004:00002b5c       $pdata$__FrameUnwindToState$filt$0 0000000140045b5c     LIBCMT:frame.obj
 0004:00002b68       $pdata$__FrameUnwindToState$fin$1 0000000140045b68     LIBCMT:frame.obj
 0005:000011e0       $R000000                   00000001400471e0     Viewex.res
 0005:000014c8       $R0002E8                   00000001400474c8     Viewex.res
 0005:000014e0       $R000300                   00000001400474e0     Viewex.res
 0005:00001610       $R000430                   0000000140047610     Viewex.res
 0005:00001618       $R000438                   0000000140047618     Viewex.res
 0005:00001738       $R000558                   0000000140047738     Viewex.res
 0005:00001860       $R000680                   0000000140047860     Viewex.res
 0005:00001940       $R000760                   0000000140047940     Viewex.res
 0005:00001a78       $R000898                   0000000140047a78     Viewex.res
 0005:00001b30       $R000950                   0000000140047b30     Viewex.res
 0005:00001b58       $R000978                   0000000140047b58     Viewex.res
 0005:00001c90       $R000AB0                   0000000140047c90     Viewex.res
 0005:00001d48       $R000B68                   0000000140047d48     Viewex.res
 0005:00001d70       $R000B90                   0000000140047d70     Viewex.res
 0005:00001ea8       $R000CC8                   0000000140047ea8     Viewex.res
 0005:00001f60       $R000D80                   0000000140047f60     Viewex.res
 0005:00001f88       $R000DA8                   0000000140047f88     Viewex.res
 0005:000020c0       $R000EE0                   00000001400480c0     Viewex.res
 0005:00002178       $R000F98                   0000000140048178     Viewex.res
 0005:000021a0       $R000FC0                   00000001400481a0     Viewex.res
 0005:000022d8       $R0010F8                   00000001400482d8     Viewex.res
 0005:00002390       $R0011B0                   0000000140048390     Viewex.res
 0005:000023b8       $R0011D8                   00000001400483b8     Viewex.res
 0005:000025b8       $R0013D8                   00000001400485b8     Viewex.res
 0005:00002670       $R001490                   0000000140048670     Viewex.res
 0005:00002698       $R0014B8                   0000000140048698     Viewex.res
 0005:00002898       $R0016B8                   0000000140048898     Viewex.res
 0005:00002950       $R001770                   0000000140048950     Viewex.res
 0005:00002978       $R001798                   0000000140048978     Viewex.res
 0005:00002b78       $R001998                   0000000140048b78     Viewex.res
 0005:00002c30       $R001A50                   0000000140048c30     Viewex.res
 0005:00002c58       $R001A78                   0000000140048c58     Viewex.res
 0005:00002e58       $R001C78                   0000000140048e58     Viewex.res
 0005:00002f10       $R001D30                   0000000140048f10     Viewex.res
 0005:00002f38       $R001D58                   0000000140048f38     Viewex.res
 0005:00003070       $R001E90                   0000000140049070     Viewex.res
 0005:00003128       $R001F48                   0000000140049128     Viewex.res
 0005:00003150       $R001F70                   0000000140049150     Viewex.res
 0005:00003288       $R0020A8                   0000000140049288     Viewex.res
 0005:00003340       $R002160                   0000000140049340     Viewex.res
 0005:00003368       $R002188                   0000000140049368     Viewex.res
 0005:000034a0       $R0022C0                   00000001400494a0     Viewex.res
 0005:000034b8       $R0022D8                   00000001400494b8     Viewex.res
 0005:000035f0       $R002410                   00000001400495f0     Viewex.res
 0005:00003608       $R002428                   0000000140049608     Viewex.res
 0005:00003740       $R002560                   0000000140049740     Viewex.res
 0005:00003758       $R002578                   0000000140049758     Viewex.res
 0005:00003890       $R0026B0                   0000000140049890     Viewex.res
 0005:000038a8       $R0026C8                   00000001400498a8     Viewex.res
 0005:000039e0       $R002800                   00000001400499e0     Viewex.res
 0005:000039f8       $R002818                   00000001400499f8     Viewex.res
 0005:00003b30       $R002950                   0000000140049b30     Viewex.res
 0005:00003b48       $R002968                   0000000140049b48     Viewex.res
 0005:00003c80       $R002AA0                   0000000140049c80     Viewex.res
 0005:00003c98       $R002AB8                   0000000140049c98     Viewex.res
 0005:00003dd0       $R002BF0                   0000000140049dd0     Viewex.res
 0005:00003de8       $R002C08                   0000000140049de8     Viewex.res
 0005:00003f20       $R002D40                   0000000140049f20     Viewex.res
 0005:00003f38       $R002D58                   0000000140049f38     Viewex.res
 0005:00004070       $R002E90                   000000014004a070     Viewex.res
 0005:00004088       $R002EA8                   000000014004a088     Viewex.res
 0005:000041c0       $R002FE0                   000000014004a1c0     Viewex.res
 0005:000041d8       $R002FF8                   000000014004a1d8     Viewex.res
 0005:00004310       $R003130                   000000014004a310     Viewex.res
 0005:00004328       $R003148                   000000014004a328     Viewex.res
 0005:00004460       $R003280                   000000014004a460     Viewex.res
 0005:00004478       $R003298                   000000014004a478     Viewex.res
 0005:000045b0       $R0033D0                   000000014004a5b0     Viewex.res
 0005:000045c8       $R0033E8                   000000014004a5c8     Viewex.res
 0005:000046b0       $R0034D0                   000000014004a6b0     Viewex.res
 0005:000046e8       $R003508                   000000014004a6e8     Viewex.res
 0005:000047a0       $R0035C0                   000000014004a7a0     Viewex.res
 0005:000048e8       $R003708                   000000014004a8e8     Viewex.res
 0005:00004930       $R003750                   000000014004a930     Viewex.res
 0005:00004998       $R0037B8                   000000014004a998     Viewex.res
 0005:00004a60       $R003880                   000000014004aa60     Viewex.res
 0005:00004ae8       $R003908                   000000014004aae8     Viewex.res
 0005:00004b18       $R003938                   000000014004ab18     Viewex.res
 0005:00004ca0       $R003AC0                   000000014004aca0     Viewex.res
 0005:00005188       $R003FA8                   000000014004b188     Viewex.res
 0005:00005328       $R004148                   000000014004b328     Viewex.res
 0005:00005608       $R004428                   000000014004b608     Viewex.res
 0005:00005870       $R004690                   000000014004b870     Viewex.res
 0005:000058c0       $R0046E0                   000000014004b8c0     Viewex.res
 0005:00005d68       $R004B88                   000000014004bd68     Viewex.res
 0005:00005f90       $R004DB0                   000000014004bf90     Viewex.res
 0005:00006070       $R004E90                   000000014004c070     Viewex.res
 0005:000060a0       $R004EC0                   000000014004c0a0     Viewex.res
 0005:00006130       $R004F50                   000000014004c130     Viewex.res
 0005:00006670       $R005490                   000000014004c670     Viewex.res
