 SdiVC6

 Timestamp is 595b1446 (Tue Jul 04 13:06:30 2017)

 Preferred load address is 00400000

 Start         Length     Name                   Class
 0001:00000000 00029576H .text                   CODE
 0001:00029580 00000d68H .text$x                 CODE
 0002:00000000 00000434H .idata$5                DATA
 0002:00000438 0000154cH .rdata                  DATA
 0002:00001988 00000044H .rdata$r                DATA
 0002:000019d0 000010e8H .xdata$x                DATA
 0002:00002ab8 000000a0H .idata$2                DATA
 0002:00002b58 00000014H .idata$3                DATA
 0002:00002b6c 00000434H .idata$4                DATA
 0002:00002fa0 000011c4H .idata$6                DATA
 0002:00004164 00000000H .edata                  DATA
 0003:00000000 00000004H .CRT$XCA                DATA
 0003:00000004 00000018H .CRT$XCU                DATA
 0003:0000001c 00000004H .CRT$XCZ                DATA
 0003:00000020 00000004H .CRT$XIA                DATA
 0003:00000024 00000008H .CRT$XIC                DATA
 0003:0000002c 00000004H .CRT$XIY                DATA
 0003:00000030 00000004H .CRT$XIZ                DATA
 0003:00000034 00000004H .CRT$XPA                DATA
 0003:00000038 00000004H .CRT$XPZ                DATA
 0003:0000003c 00000004H .CRT$XTA                DATA
 0003:00000040 00000004H .CRT$XTB                DATA
 0003:00000044 00000004H .CRT$XTZ                DATA
 0003:00000050 00002e60H .data                   DATA
 0003:00002eb0 000009f0H .bss                    DATA
 0004:00000000 00000928H .rsrc$01                DATA
 0004:00000930 00003568H .rsrc$02                DATA

  Address         Publics by Value              Rva+Base     Lib:Object

 0001:00000000       ?CreateObject@CMainFrame@@SAPAVCObject@@XZ 00401000 f   MainFrm.obj
 0001:00000060       ?GetRuntimeClass@CMainFrame@@UBEPAUCRuntimeClass@@XZ 00401060 f   MainFrm.obj
 0001:00000070       ??0CMainFrame@@IAE@XZ      00401070 f   MainFrm.obj
 0001:00000240       ?_ProcessWindowMessage@CMainFrame@@UAEHPAUHWND__@@IIJAAJ@Z 00401240 f i MainFrm.obj
 0001:00000280       ??_ECMainFrame@@UAEPAXI@Z  00401280 f i MainFrm.obj
 0001:00000280       ??_GCMainFrame@@UAEPAXI@Z  00401280 f i MainFrm.obj
 0001:000002a0       ??1CMainFrame@@UAE@XZ      004012a0 f   MainFrm.obj
 0001:000003e0       ?OnCreate@CMainFrame@@IAEHPAUtagCREATESTRUCTA@@@Z 004013e0 f   MainFrm.obj
 0001:000005f0       ?PreCreateWindow@CMainFrame@@UAEHAAUtagCREATESTRUCTA@@@Z 004015f0 f   MainFrm.obj
 0001:00000630       ?AddHead@?$CList@PAVCFrameWnd@@ABQAV1@@@QAEPAU__POSITION@@ABQAVCFrameWnd@@@Z 00401630 f i MainFrm.obj
 0001:00000660       ??1CString@WTL@@QAE@XZ     00401660 f i MainFrm.obj
 0001:00000690       ?SetText@CTestCmdUI@@UAEXPBD@Z 00401690 f i MainFrm.obj
 0001:00000690       ?RegisterShellFileTypes@CDocManager@@UAEXH@Z 00401690 f i MainFrm.obj
 0001:00000690       ?DoDataExchange@CWMHnd@@UAEXPAVCDataExchange@@@Z 00401690 f i MainFrm.obj
 0001:00000690       ?PreCloseFrame@CDocument@@UAEXPAVCFrameWnd@@@Z 00401690 f i MainFrm.obj
 0001:00000690       ?Serialize@CObject@@UAEXAAVCArchive@@@Z 00401690 f i MainFrm.obj
 0001:00000690       ?SetCheck@CTestCmdUI@@UAEXH@Z 00401690 f i MainFrm.obj
 0001:00000690       ?SetText@CToolCmdUI@@UAEXPBD@Z 00401690 f i MainFrm.obj
 0001:00000690       ?SetRadio@CTestCmdUI@@UAEXH@Z 00401690 f i MainFrm.obj
 0001:00000690       ?OnDraw@CView@@UAEXPAVCDCMTL@@@Z 00401690 f i MainFrm.obj
 0001:00000690       ?OnDocumentEvent@CDocument@@UAEXW4DocumentEvent@1@@Z 00401690 f i MainFrm.obj
 0001:000006a0       ?_AfxEndDeferRegisterClass@CAfx@@SAHJ@Z 004016a0 f i MainFrm.obj
 0001:000009b0       ?_AfxRegisterClass@CAfx@@SAHPAUtagWNDCLASSA@@@Z 004019b0 f i MainFrm.obj
 0001:00000ba0       ?memcpy_x@SecureHelper@WTL@@YAXPAXIPBXI@Z 00401ba0 f i MainFrm.obj
 0001:00000bd0       ?AllocBuffer@CString@WTL@@IAEHH@Z 00401bd0 f i MainFrm.obj
 0001:00000c30       ?_GetAfxData@CAfx@@SAABU_AUX_DATA@@XZ 00401c30 f i MainFrm.obj
 0001:00000d20       ?GetCurrentMessage@CCmdTarget@@UBEPBUtagMSG@@XZ 00401d20 f i MainFrm.obj
 0001:00000d30       ?OnCmdMsg@CDocTemplate@@UAEHIHPAXPAUAFX_CMDHANDLERINFO@@@Z 00401d30 f i MainFrm.obj
 0001:00000d30       ?OnCmdMsg@CCmdTarget@@UAEHIHPAXPAUAFX_CMDHANDLERINFO@@@Z 00401d30 f i MainFrm.obj
 0001:00000e10       ??0CWMHnd@@QAE@PAUHWND__@@@Z 00401e10 f i MainFrm.obj
 0001:00000e30       ?_ProcessWindowMessage@CCmdTarget@@UAEHPAUHWND__@@IIJAAJ@Z 00401e30 f i MainFrm.obj
 0001:00000e40       ??1CWMHnd@@UAE@XZ          00401e40 f i MainFrm.obj
 0001:00000e50       ?CalcWindowRect@CWMHnd@@UAEXPAUtagRECT@@I@Z 00401e50 f i MainFrm.obj
 0001:00000e90       ?EnableWindow@CWMHnd@@UAEXH@Z 00401e90 f i MainFrm.obj
 0001:00000eb0       ?GetMenu@CWMHnd@@UBEPAVCMenuMTL@@XZ 00401eb0 f i MainFrm.obj
 0001:00000ee0       ?classHandleFuncCMenuMTL@CMenuMTL@@SAPAXPAX0@Z 00401ee0 f i MainFrm.obj
 0001:00000f20       ??_GCMenuMTL@@UAEPAXI@Z    00401f20 f i MainFrm.obj
 0001:00000f20       ??_ECMenuMTL@@UAEPAXI@Z    00401f20 f i MainFrm.obj
 0001:00000f40       ??1CMenuMTL@@UAE@XZ        00401f40 f i MainFrm.obj
 0001:00000f90       ?GetDefaultAccelerator@CDocument@@UAEPAUHACCEL__@@XZ 00401f90 f i MainFrm.obj
 0001:00000f90       ?GetEventSinkMap@CCmdTarget@@UBEPBUAFX_EVENTSINKMAP@@XZ 00401f90 f i MainFrm.obj
 0001:00000f90       ?IsDockBar@CControlBar@@UBEHXZ 00401f90 f i MainFrm.obj
 0001:00000f90       ?IsFrameWnd@CWMHnd@@UAEHXZ 00401f90 f i MainFrm.obj
 0001:00000f90       ?OnFileNameOK@CFileDialogMTL@@UAEHXZ 00401f90 f i MainFrm.obj
 0001:00000fa0       ?SetMenu@CWMHnd@@UAEHPAVCMenuMTL@@@Z 00401fa0 f i MainFrm.obj
 0001:00000fd0       ??0CWnd@@QAE@PAUHWND__@@@Z 00401fd0 f i MainFrm.obj
 0001:00001010       ?CWndDestruct@CWnd@@QAEXXZ 00402010 f i MainFrm.obj
 0001:00001070       ??1CWnd@@UAE@XZ            00402070 f i MainFrm.obj
 0001:000010c0       ?DefWindowProcA@CWnd@@UAEJIIJ@Z 004020c0 f i MainFrm.obj
 0001:000010e0       ?WindowProc@CWnd@@UAEJIIJ@Z 004020e0 f i MainFrm.obj
 0001:00001130       ?OnWndMsg@CWnd@@UAEHIIJPAJ@Z 00402130 f i MainFrm.obj
 0001:000011b0       ?OnChildNotify@CWnd@@UAEHIIJPAJ@Z 004021b0 f i MainFrm.obj
 0001:000013a0       ?OnCommand@CWnd@@UAEHIJ@Z  004023a0 f i MainFrm.obj
 0001:000014d0       ?Enable@CTestCmdUI@@UAEXH@Z 004024d0 f i MainFrm.obj
 0001:000014f0       ?OnToolHitTest@CWnd@@UBEJVCPoint@WTL@@PAUtagTOOLINFOA@@@Z 004024f0 f i MainFrm.obj
 0001:00001620       ?OnNotify@CWnd@@UAEHIJPAJ@Z 00402620 f i MainFrm.obj
 0001:000016f0       ?Create@CWnd@@UAEHPBD0KABUtagRECT@@PAV1@IPAUCCreateContext@@@Z 004026f0 f i MainFrm.obj
 0001:00001750       ?CreateEx@CWnd@@UAEHKPBD0KHHHHPAUHWND__@@PAUHMENU__@@PAX@Z 00402750 f i MainFrm.obj
 0001:000018b0       ?CbtFilterHook@CWnd@@SGJHIJ@Z 004028b0 f i MainFrm.obj
 0001:000019a0       ?classHandleFuncCWnd@CWnd@@SAPAXPAX0@Z 004029a0 f i MainFrm.obj
 0001:00001a00       ?AfxWindowProc@CWnd@@SGJPAUHWND__@@IIJ@Z 00402a00 f i MainFrm.obj
 0001:00001a50       ?DestroyWindow@CWnd@@UAEHXZ 00402a50 f i MainFrm.obj
 0001:00001a60       ?PreCreateWindow@CWnd@@UAEHAAUtagCREATESTRUCTA@@@Z 00402a60 f i MainFrm.obj
 0001:00001aa0       ?ContinueModal@CWnd@@UAEHXZ 00402aa0 f i MainFrm.obj
 0001:00001ab0       ?EndModalLoop@CWnd@@UAEXH@Z 00402ab0 f i MainFrm.obj
 0001:00001ae0       ??_GCWnd@@UAEPAXI@Z        00402ae0 f i MainFrm.obj
 0001:00001ae0       ??_ECWnd@@UAEPAXI@Z        00402ae0 f i MainFrm.obj
 0001:00001b00       ?_ProcessWindowMessage@CWnd@@UAEHPAUHWND__@@IIJAAJ@Z 00402b00 f i MainFrm.obj
 0001:00001d60       ??1?$CDCT@$00@WTL@@QAE@XZ  00402d60 f i MainFrm.obj
 0001:00001d80       ?SetAttribDC@CDCMTL@@UAEXPAUHDC__@@@Z 00402d80 f i MainFrm.obj
 0001:00001d90       ?ReleaseAttribDC@CDCMTL@@UAEXXZ 00402d90 f i MainFrm.obj
 0001:00001da0       ?SaveDC@CDCMTL@@UAEHXZ     00402da0 f i MainFrm.obj
 0001:00001de0       ?RestoreDC@CDCMTL@@UAEHH@Z 00402de0 f i MainFrm.obj
 0001:00001e30       ?TextOutA@CDCMTL@@UAEHHHPBDH@Z 00402e30 f i MainFrm.obj
 0001:00001e60       ??_GCDCMTL@@UAEPAXI@Z      00402e60 f i MainFrm.obj
 0001:00001e60       ??_ECDCMTL@@UAEPAXI@Z      00402e60 f i MainFrm.obj
 0001:00001e80       ??1?$CHandleWrapper@VCDCMTL@@PAUHDC__@@V?$CDCT@$00@WTL@@@@UAE@XZ 00402e80 f i MainFrm.obj
 0001:00001e80       ??1CDCMTL@@UAE@XZ          00402e80 f i MainFrm.obj
 0001:00001ed0       ?AfxUnsubclassWindow@CWnd@@QAEPAUHWND__@@XZ 00402ed0 f i MainFrm.obj
 0001:00001f20       ??0CControlBar@@QAE@XZ     00402f20 f i MainFrm.obj
 0001:00001fd0       ?WindowProc@CControlBar@@UAEJIIJ@Z 00402fd0 f i MainFrm.obj
 0001:00002250       ?CalcDynamicLayout@CControlBar@@UAE?AVCSize@WTL@@HK@Z 00403250 f i MainFrm.obj
 0001:00002280       ?CalcFixedLayout@CControlBar@@UAE?AVCSize@WTL@@HH@Z 00403280 f i MainFrm.obj
 0001:000022c0       ?EnableDocking@CControlBar@@QAEXK@Z 004032c0 f i MainFrm.obj
 0001:00002410       ?IsVisible@CControlBar@@UBEHXZ 00403410 f i MainFrm.obj
 0001:00002440       ?PostNcDestroy@CControlBar@@UAEXXZ 00403440 f i MainFrm.obj
 0001:00002460       ?PreCreateWindow@CControlBar@@UAEHAAUtagCREATESTRUCTA@@@Z 00403460 f i MainFrm.obj
 0001:00002520       ??_GCControlBar@@UAEPAXI@Z 00403520 f i MainFrm.obj
 0001:00002520       ??_ECControlBar@@UAEPAXI@Z 00403520 f i MainFrm.obj
 0001:00002540       ??1CControlBar@@UAE@XZ     00403540 f i MainFrm.obj
 0001:000025b0       ?_ProcessWindowMessage@CControlBar@@UAEHPAUHWND__@@IIJAAJ@Z 004035b0 f i MainFrm.obj
 0001:000028a0       ?Find@?$CList@PAXPAX@@QBEPAU__POSITION@@PAXPAU2@@Z 004038a0 f i MainFrm.obj
 0001:000028d0       ?RemoveAt@?$CList@PAXPAX@@QAEXPAU__POSITION@@@Z 004038d0 f i MainFrm.obj
 0001:00002930       ?NewNode@?$CList@PAUHWND__@@PAU1@@@QAEPAUCNode@1@PAU21@0@Z 00403930 f i MainFrm.obj
 0001:00002930       ?NewNode@?$CList@PAXPAX@@QAEPAUCNode@1@PAU21@0@Z 00403930 f i MainFrm.obj
 0001:00002930       ?NewNode@?$CList@PAVCFrameWnd@@ABQAV1@@@QAEPAUCNode@1@PAU21@0@Z 00403930 f i MainFrm.obj
 0001:00002970       ?OnInitialUpdate@CControlBar@@QAEXXZ 00403970 f i MainFrm.obj
 0001:00002aa0       ?OnSizeParent@CControlBar@@QAEJIJ@Z 00403aa0 f i MainFrm.obj
 0001:00002d40       ?OnBarStyleChange@CStatusBar@@UAEXKK@Z 00403d40 f i MainFrm.obj
 0001:00002d70       ?OnUpdateCmdUI@CStatusBar@@UAEXPAVCFrameWnd@@H@Z 00403d70 f i MainFrm.obj
 0001:00002e60       ?UpdateDialogControls@CWnd@@QAEXPAVCCmdTarget@@H@Z 00403e60 f i MainFrm.obj
 0001:00003040       ?OnIdle@CCmdUI@@QAEHPAVCCmdTarget@@H@Z 00404040 f i MainFrm.obj
 0001:000030b0       ?Enable@CCmdUI@@UAEXH@Z    004040b0 f i MainFrm.obj
 0001:00003150       ?SetCheck@CCmdUI@@UAEXH@Z  00404150 f i MainFrm.obj
 0001:000031c0       ?SetRadio@CCmdUI@@UAEXH@Z  004041c0 f i MainFrm.obj
 0001:00003210       ?SetText@CCmdUI@@UAEXPBD@Z 00404210 f i MainFrm.obj
 0001:000032e0       ?CalcFixedLayout@CStatusBar@@UAE?AVCSize@WTL@@HH@Z 004042e0 f i MainFrm.obj
 0001:00003490       ??_ECClientDCMTL@@UAEPAXI@Z 00404490 f i MainFrm.obj
 0001:00003490       ??_GCClientDCMTL@@UAEPAXI@Z 00404490 f i MainFrm.obj
 0001:000034b0       ??1CClientDCMTL@@UAE@XZ    004044b0 f i MainFrm.obj
 0001:00003510       ?CalcInsideRect@CControlBar@@QBEXAAVCRect@WTL@@H@Z 00404510 f i MainFrm.obj
 0001:00003600       ?Create@CStatusBar@@UAEHPAVCWnd@@KI@Z 00404600 f i MainFrm.obj
 0001:00003620       ?CreateEx@CStatusBar@@UAEHPAVCWnd@@KKI@Z 00404620 f i MainFrm.obj
 0001:000036e0       ?PreCreateWindow@CStatusBar@@UAEHAAUtagCREATESTRUCTA@@@Z 004046e0 f i MainFrm.obj
 0001:000037c0       ?SetIndicators@CStatusBar@@QAEHPBIH@Z 004047c0 f i MainFrm.obj
 0001:00003b00       ?Empty@CString@WTL@@QAEXXZ 00404b00 f i MainFrm.obj
 0001:00003c20       ??4CString@WTL@@QAEAAV01@PBD@Z 00404c20 f i MainFrm.obj
 0001:00003cf0       ?GetBuffer@CString@WTL@@QAEPADH@Z 00404cf0 f i MainFrm.obj
 0001:00003da0       ?ReleaseBuffer@CString@WTL@@QAEXH@Z 00404da0 f i MainFrm.obj
 0001:00003e60       ?AssignCopy@CString@WTL@@IAEXHPBD@Z 00404e60 f i MainFrm.obj
 0001:00003f20       ?_LoadString@CString@WTL@@KGHIPADI@Z 00404f20 f i MainFrm.obj
 0001:00003f50       ??0CDCMTL@@QAE@PAUHDC__@@@Z 00404f50 f i MainFrm.obj
 0001:00003f80       ?AllocElements@CControlBar@@QAEHHH@Z 00404f80 f i MainFrm.obj
 0001:00003fd0       ?UpdateAllPanes@CStatusBar@@QAEXHH@Z 00404fd0 f i MainFrm.obj
 0001:000042c0       ?ConstructElements@@YAXPAPAXJ@Z 004052c0 f i MainFrm.obj
 0001:000042c0       ?ConstructElements@@YAXPAHJ@Z 004052c0 f i MainFrm.obj
 0001:000042d0       ??_GCStatusBar@@UAEPAXI@Z  004052d0 f i MainFrm.obj
 0001:000042d0       ??_ECStatusBar@@UAEPAXI@Z  004052d0 f i MainFrm.obj
 0001:000042f0       ??1CStatusBar@@UAE@XZ      004052f0 f i MainFrm.obj
 0001:00004360       ?_ProcessWindowMessage@CStatusBar@@UAEHPAUHWND__@@IIJAAJ@Z 00405360 f i MainFrm.obj
 0001:00004660       ?EraseNonClient@CControlBar@@QAEXXZ 00405660 f i MainFrm.obj
 0001:000048c0       ?Draw3dRect@?$CDCT@$00@WTL@@QAEXHHHHKK@Z 004058c0 f i MainFrm.obj
 0001:00004a20       ??_ECWindowDCMTL@@UAEPAXI@Z 00405a20 f i MainFrm.obj
 0001:00004a20       ??_GCWindowDCMTL@@UAEPAXI@Z 00405a20 f i MainFrm.obj
 0001:00004a40       ??1CWindowDCMTL@@UAE@XZ    00405a40 f i MainFrm.obj
 0001:00004aa0       ?OnSetMinHeight@CStatusBar@@QAEJIJ@Z 00405aa0 f i MainFrm.obj
 0001:00004ad0       ?CommandToIndex@CStatusBar@@QBEHI@Z 00405ad0 f i MainFrm.obj
 0001:00004b00       ?SetPaneText@CStatusBar@@QAEHHPBDH@Z 00405b00 f i MainFrm.obj
 0001:00004cd0       ?Release@CString@WTL@@IAEXXZ 00405cd0 f i MainFrm.obj
 0001:00004d10       ?Enable@CStatusCmdUI@@UAEXH@Z 00405d10 f i MainFrm.obj
 0001:00004ed0       ?SetCheck@CStatusCmdUI@@UAEXH@Z 00405ed0 f i MainFrm.obj
 0001:00005080       ?SetText@CStatusCmdUI@@UAEXPBD@Z 00406080 f i MainFrm.obj
 0001:00005210       ?AllocBeforeWrite@CString@WTL@@IAEHH@Z 00406210 f i MainFrm.obj
 0001:000052b0       ??_GCDockContext@@UAEPAXI@Z 004062b0 f i MainFrm.obj
 0001:000052b0       ??_ECDockContext@@UAEPAXI@Z 004062b0 f i MainFrm.obj
 0001:000053a0       ?RemoveAt@?$CArray@PAXABQAX@@QAEXJJ@Z 004063a0 f i MainFrm.obj
 0001:000053e0       ?GetParentFrame@CWnd@@QAEPAVCFrameWnd@@XZ 004063e0 f i MainFrm.obj
 0001:00005450       ?GetDockedCount@CDockBar@@QBEHXZ 00406450 f i MainFrm.obj
 0001:00005480       ?RemovePlaceHolder@CDockBar@@QAEXPAVCControlBar@@@Z 00406480 f i MainFrm.obj
 0001:00005520       ?OnBarStyleChange@CToolBar@@UAEXKK@Z 00406520 f i MainFrm.obj
 0001:00005560       ?OnToolHitTest@CToolBar@@UBEJVCPoint@WTL@@PAUtagTOOLINFOA@@@Z 00406560 f i MainFrm.obj
 0001:00005780       ??0CRect@WTL@@QAE@XZ       00406780 f i MainFrm.obj
 0001:00005790       ?OnUpdateCmdUI@CToolBar@@UAEXPAVCFrameWnd@@H@Z 00406790 f i MainFrm.obj
 0001:00005920       ?CalcDynamicLayout@CToolBar@@UAE?AVCSize@WTL@@HK@Z 00406920 f i MainFrm.obj
 0001:00005970       ?CalcFixedLayout@CToolBar@@UAE?AVCSize@WTL@@HH@Z 00406970 f i MainFrm.obj
 0001:000059a0       ?CalcLayout@CToolBar@@QAE?AVCSize@WTL@@KH@Z 004069a0 f i MainFrm.obj
 0001:00006070       ?SetWindowPos@CWMHnd@@QAEHPBV1@HHHHI@Z 00407070 f i MainFrm.obj
 0001:000060b0       ?CalcSize@CToolBar@@QAE?AVCSize@WTL@@PAU_TBBUTTON@@H@Z 004070b0 f i MainFrm.obj
 0001:000062c0       ?Create@CToolBar@@UAEHPAVCWnd@@KI@Z 004072c0 f i MainFrm.obj
 0001:00006310       ?CreateEx@CToolBar@@UAEHPAVCWnd@@KKVCRect@WTL@@I@Z 00407310 f i MainFrm.obj
 0001:00006530       ?Layout@CToolBar@@QAEXXZ   00407530 f i MainFrm.obj
 0001:000065a0       ?_SetButton@CToolBar@@QAEXHPAU_TBBUTTON@@@Z 004075a0 f i MainFrm.obj
 0001:00006750       ?SetButtons@CToolBar@@QAEHPBIH@Z 00407750 f i MainFrm.obj
 0001:00006890       ?SetSizes@CToolBar@@QAEXUtagSIZE@@0@Z 00407890 f i MainFrm.obj
 0001:00006940       ?SizeToolBar@CToolBar@@QAEXPAU_TBBUTTON@@HHH@Z 00407940 f i MainFrm.obj
 0001:00006c90       ?WrapToolBar@CToolBar@@QAEHPAU_TBBUTTON@@HH@Z 00407c90 f i MainFrm.obj
 0001:00006d80       ??_GCToolBar@@UAEPAXI@Z    00407d80 f i MainFrm.obj
 0001:00006d80       ??_ECToolBar@@UAEPAXI@Z    00407d80 f i MainFrm.obj
 0001:00006da0       ??1CToolBar@@UAE@XZ        00407da0 f i MainFrm.obj
 0001:00006e10       ?_ProcessWindowMessage@CToolBar@@UAEHPAUHWND__@@IIJAAJ@Z 00407e10 f i MainFrm.obj
 0001:00007330       ?AddTail@?$CList@PAXPAX@@QAEPAU__POSITION@@PAX@Z 00408330 f i MainFrm.obj
 0001:00007360       ?OnLButtonDown@CControlBar@@QAEXIVCPoint@WTL@@@Z 00408360 f i MainFrm.obj
 0001:000073d0       ?OnLButtonDblClk@CControlBar@@QAEXIVCPoint@WTL@@@Z 004083d0 f i MainFrm.obj
 0001:000075a0       ?GetNext@?$CList@PAXPAX@@QBEABQAXAAPAU__POSITION@@@Z 004085a0 f i MainFrm.obj
 0001:000075c0       ?OnPreserveSizingPolicyHelper@CToolBar@@QAEJIJ@Z 004085c0 f i MainFrm.obj
 0001:000078d0       ?_AfxModifyStyle@CWMHnd@@SAHPAUHWND__@@HKKI@Z 004088d0 f i MainFrm.obj
 0001:00007930       ?ModifyStyle@CWMHnd@@QAEHKKI@Z 00408930 f i MainFrm.obj
 0001:00007990       ?OnPreserveZeroBorderHelper@CToolBar@@QAEJIJ@Z 00408990 f i MainFrm.obj
 0001:00007a50       ?OnSetButtonSize@CToolBar@@QAEJIJ@Z 00408a50 f i MainFrm.obj
 0001:00007b20       ?OnSetBitmapSize@CToolBar@@QAEJIJ@Z 00408b20 f i MainFrm.obj
 0001:00007bf0       ?DrawBorders@CControlBar@@QAEXPAVCDCMTL@@AAVCRect@WTL@@@Z 00408bf0 f i MainFrm.obj
 0001:00008030       ?FillSolidRect@?$CDCT@$00@WTL@@QAEXPBUtagRECT@@K@Z 00409030 f i MainFrm.obj
 0001:00008080       ?IsDerivedFrom@CRuntimeClass@@QBEHPBU1@@Z 00409080 f i MainFrm.obj
 0001:000080a0       ?Enable@CToolCmdUI@@UAEXH@Z 004090a0 f i MainFrm.obj
 0001:000082d0       ?SetCheck@CToolCmdUI@@UAEXH@Z 004092d0 f i MainFrm.obj
 0001:00008500       ?CFrameWndDestruct@CFrameWnd@@QAEXXZ 00409500 f i MainFrm.obj
 0001:00008580       ??1CFrameWnd@@UAE@XZ       00409580 f i MainFrm.obj
 0001:00008640       ?OnCreateClient@CFrameWnd@@UAEHPAUtagCREATESTRUCTA@@PAUCCreateContext@@@Z 00409640 f i MainFrm.obj
 0001:00008700       ?ActivateFrame@CFrameWnd@@UAEXH@Z 00409700 f i MainFrm.obj
 0001:000087a0       ?Create@CFrameWnd@@UAEHPBD0KABUtagRECT@@PAVCWnd@@0KPAUCCreateContext@@@Z 004097a0 f i MainFrm.obj
 0001:000088f0       ?DockControlBar@CFrameWnd@@QAEXPAVCControlBar@@PAVCDockBar@@PBUtagRECT@@@Z 004098f0 f i MainFrm.obj
 0001:00008be0       ?Add@?$CArray@PAXABQAX@@QAEJABQAX@Z 00409be0 f i MainFrm.obj
 0001:00008d10       ?AfxSetWindowText@CAfx@@SAXPAUHWND__@@PBD@Z 00409d10 f i MainFrm.obj
 0001:00008d90       ?ScreenToClient@CWMHnd@@QBEXPAUtagRECT@@@Z 00409d90 f i MainFrm.obj
 0001:00008dc0       ?SetParent@CWnd@@QAEPAV1@PAV1@@Z 00409dc0 f i MainFrm.obj
 0001:00008df0       ?GetDockingFrame@CControlBar@@QAEPAVCFrameWnd@@XZ 00409df0 f i MainFrm.obj
 0001:00008e70       ?Insert@CDockBar@@QAEHPAVCControlBar@@VCRect@WTL@@VCPoint@4@@Z 00409e70 f i MainFrm.obj
 0001:00009120       ?InsertAt@?$CArray@PAXABQAX@@QAEXJABQAXJ@Z 0040a120 f i MainFrm.obj
 0001:000093b0       ?SetSize@?$CArray@PAXABQAX@@QAEXJJ@Z 0040a3b0 f i MainFrm.obj
 0001:000094d0       ?RemoveAll@?$CArray@HABH@@QAEXXZ 0040a4d0 f i MainFrm.obj
 0001:000094d0       ??1?$CArray@HABH@@QAE@XZ   0040a4d0 f i MainFrm.obj
 0001:000094d0       ?RemoveAll@?$CArray@PAXABQAX@@QAEXXZ 0040a4d0 f i MainFrm.obj
 0001:000094d0       ??1?$CArray@PAXABQAX@@QAE@XZ 0040a4d0 f i MainFrm.obj
 0001:000094f0       ?GetActiveFrame@CFrameWnd@@UAEPAV1@XZ 0040a4f0 f i MainFrm.obj
 0001:00009500       ?IsDockBar@CDockBar@@UBEHXZ 0040a500 f i MainFrm.obj
 0001:00009500       ?InitInstance@CWinApp@@UAEHXZ 0040a500 f i MainFrm.obj
 0001:00009500       ?IsFrameWnd@CFrameWnd@@UAEHXZ 0040a500 f i MainFrm.obj
 0001:00009510       ?LoadFrame@CFrameWnd@@UAEHIKPAVCWnd@@PAUCCreateContext@@@Z 0040a510 f i MainFrm.obj
 0001:00009880       ?AfxExtractSubString@CAfx@@SAHAAVCString@WTL@@PBDHD@Z 0040a880 f i MainFrm.obj
 0001:00009aa0       ?Release@CString@WTL@@KGXPAUCStringData@2@@Z 0040aaa0 f i MainFrm.obj
 0001:00009ad0       ?AfxRegisterWndClass@CAfx@@SAPBDIPAUHICON__@@PAUHBRUSH__@@0@Z 0040aad0 f i MainFrm.obj
 0001:00009ba0       ?SendMessageToDescendants@CWnd@@QAEXPAUHWND__@@IIJHH@Z 0040aba0 f i MainFrm.obj
 0001:00009c80       ?PostNcDestroy@CView@@UAEXXZ 0040ac80 f i MainFrm.obj
 0001:00009c80       ?PostNcDestroy@CFrameWnd@@UAEXXZ 0040ac80 f i MainFrm.obj
 0001:00009c90       ?PreCreateWindow@CFrameWnd@@UAEHAAUtagCREATESTRUCTA@@@Z 0040ac90 f i MainFrm.obj
 0001:00009cd0       ?PreTranslateMessage@CFrameWnd@@UAEHPAUtagMSG@@@Z 0040acd0 f i MainFrm.obj
 0001:00009d30       ?RecalcLayout@CFrameWnd@@UAEXH@Z 0040ad30 f i MainFrm.obj
 0001:00009ec0       ?RepositionBars@CWnd@@QAEXIIIIPAUtagRECT@@PBU2@H@Z 0040aec0 f i MainFrm.obj
 0001:0000a130       ?ReDockControlBar@CFrameWnd@@QAEXPAVCControlBar@@PAVCDockBar@@PBUtagRECT@@@Z 0040b130 f i MainFrm.obj
 0001:0000a240       ??_GCFrameWnd@@UAEPAXI@Z   0040b240 f i MainFrm.obj
 0001:0000a240       ??_ECFrameWnd@@UAEPAXI@Z   0040b240 f i MainFrm.obj
 0001:0000a260       ?_ProcessWindowMessage@CFrameWnd@@UAEHPAUHWND__@@IIJAAJ@Z 0040b260 f i MainFrm.obj
 0001:0000b060       ?PostMessageA@CWindow@ATL@@QAEHIIJ@Z 0040c060 f i MainFrm.obj
 0001:0000b080       ??1?$CMenuT@$00@WTL@@QAE@XZ 0040c080 f i MainFrm.obj
 0001:0000b0a0       ?GetSubMenu@CMenuMTL@@QAEPAV1@H@Z 0040c0a0 f i MainFrm.obj
 0001:0000b0d0       ?GetTopLevelParent@CWnd@@QAEPAV1@XZ 0040c0d0 f i MainFrm.obj
 0001:0000b180       ?GetDescendantWindow@CWnd@@QAEPAV1@HH@Z 0040c180 f i MainFrm.obj
 0001:0000b230       ?GetDescendantWindow@CWnd@@QAEPAV1@PAUHWND__@@HH@Z 0040c230 f i MainFrm.obj
 0001:0000b2e0       ?OnBarCheck@CFrameWnd@@QAEHI@Z 0040c2e0 f i MainFrm.obj
 0001:0000b490       ?OnUpdateControlBarMenu@CFrameWnd@@QAEXPAVCCmdUI@@@Z 0040c490 f i MainFrm.obj
 0001:0000b500       ?OnIdleUpdateCmdUI@CFrameWnd@@QAEXXZ 0040c500 f i MainFrm.obj
 0001:0000b590       ?OnPopMessageString@CFrameWnd@@QAEJIJ@Z 0040c590 f i MainFrm.obj
 0001:0000b5c0       ?OnSetMessageString@CFrameWnd@@QAEJIJ@Z 0040c5c0 f i MainFrm.obj
 0001:0000b770       ?CopyBeforeWrite@CString@WTL@@IAEXXZ 0040c770 f i MainFrm.obj
 0001:0000b810       ?AfxLoadString@CAfx@@SAHIPADI@Z 0040c810 f i MainFrm.obj
 0001:0000b8d0       ?OnToolTipText@CFrameWnd@@QAEHIPAUtagNMHDR@@PAJ@Z 0040c8d0 f i MainFrm.obj
 0001:0000bb00       ?GetBufferSetLength@CString@WTL@@QAEPADH@Z 0040cb00 f i MainFrm.obj
 0001:0000bbd0       ?AtlGetStringResourceImage@CAfx@@SAPBUATLSTRINGRESOURCEIMAGE@@PAUHINSTANCE__@@I@Z 0040cbd0 f i MainFrm.obj
 0001:0000bc60       ?OnUpdateKeyIndicator@CFrameWnd@@QAEXPAVCCmdUI@@@Z 0040cc60 f i MainFrm.obj
 0001:0000bcd0       ?DestroyDockBars@CFrameWnd@@QAEXXZ 0040ccd0 f i MainFrm.obj
 0001:0000bea0       ?IsKindOf@CObject@@QBEHPBUCRuntimeClass@@@Z 0040cea0 f i MainFrm.obj
 0001:0000bed0       ?SetMenuBarState@CFrameWnd@@QAEHK@Z 0040ced0 f i MainFrm.obj
 0001:0000bf40       ?StartDrag@CDockContext@@UAEXVCPoint@WTL@@@Z 0040cf40 f i MainFrm.obj
 0001:0000c6f0       ?GetDCEx@CWMHnd@@QAEPAVCDCMTL@@PAVCRgnMTL@@K@Z 0040d6f0 f i MainFrm.obj
 0001:0000c730       ?classHandleFuncCDCMTL@CDCMTL@@SAPAXPAX0@Z 0040d730 f i MainFrm.obj
 0001:0000c780       ?DrawFocusRect@CDockContext@@QAEXH@Z 0040d780 f i MainFrm.obj
 0001:0000c980       ?classHandleFuncCBrushMTL@CBrushMTL@@SAPAXPAX0@Z 0040d980 f i MainFrm.obj
 0001:0000c9c0       ??_ECBrushMTL@@UAEPAXI@Z   0040d9c0 f i MainFrm.obj
 0001:0000c9c0       ??_ECRgnMTL@@UAEPAXI@Z     0040d9c0 f i MainFrm.obj
 0001:0000c9c0       ??_GCRgnMTL@@UAEPAXI@Z     0040d9c0 f i MainFrm.obj
 0001:0000c9c0       ??_GCBrushMTL@@UAEPAXI@Z   0040d9c0 f i MainFrm.obj
 0001:0000c9e0       ?DrawDragRect@CDCMTL@@QAEXPBUtagRECT@@UtagSIZE@@01PAVCBrushMTL@@2@Z 0040d9e0 f i MainFrm.obj
 0001:0000cea0       ??0?$CHandleWrapper@VCRgnMTL@@PAUHRGN__@@V?$CRgnT@$00@WTL@@@@QAE@PAUHRGN__@@@Z 0040dea0 f i MainFrm.obj
 0001:0000cea0       ??0?$CHandleWrapper@VCDCMTL@@PAUHDC__@@V?$CDCT@$00@WTL@@@@QAE@PAUHDC__@@@Z 0040dea0 f i MainFrm.obj
 0001:0000cec0       ??1CBrushMTL@@UAE@XZ       0040dec0 f i MainFrm.obj
 0001:0000cec0       ??1CRgnMTL@@UAE@XZ         0040dec0 f i MainFrm.obj
 0001:0000cec0       ??1?$CHandleWrapper@VCRgnMTL@@PAUHRGN__@@V?$CRgnT@$00@WTL@@@@UAE@XZ 0040dec0 f i MainFrm.obj
 0001:0000cf10       ?HalftoneBrush@CAfx@@SAPAUHBRUSH__@@H@Z 0040df10 f i MainFrm.obj
 0001:0000cfa0       ?classHandleFuncCGdiObject@CGdiObject@@SAPAXPAX0@Z 0040dfa0 f i MainFrm.obj
 0001:0000cfe0       ??_ECGdiObject@@UAEPAXI@Z  0040dfe0 f i MainFrm.obj
 0001:0000cfe0       ??_GCGdiObject@@UAEPAXI@Z  0040dfe0 f i MainFrm.obj
 0001:0000d000       ??1CGdiObject@@UAE@XZ      0040e000 f i MainFrm.obj
 0001:0000d050       ?SelectClipRgn@CDCMTL@@QAEHPAVCRgnMTL@@@Z 0040e050 f i MainFrm.obj
 0001:0000d0a0       ?CanDock@CFrameWnd@@QAEKVCRect@WTL@@KPAPAVCDockBar@@@Z 0040e0a0 f i MainFrm.obj
 0001:0000d1a0       ?StartResize@CDockContext@@UAEXHVCPoint@WTL@@@Z 0040e1a0 f i MainFrm.obj
 0001:0000d400       ?EnableDocking@CFrameWnd@@QAEXK@Z 0040e400 f i MainFrm.obj
 0001:0000d600       ?SetAtGrow@?$CArray@PAXABQAX@@QAEXJABQAX@Z 0040e600 f i MainFrm.obj
 0001:0000d740       ?OnUpdateCmdUI@CDockBar@@UAEXPAVCFrameWnd@@H@Z 0040e740 f i MainFrm.obj
 0001:0000d740       ?OnActivateFrame@CView@@UAEXIPAVCFrameWnd@@@Z 0040e740 f i MainFrm.obj
 0001:0000d740       ?OnBarStyleChange@CControlBar@@UAEXKK@Z 0040e740 f i MainFrm.obj
 0001:0000d740       ?OnEndPrinting@CView@@UAEXPAVCDCMTL@@PAUCPrintInfo@@@Z 0040e740 f i MainFrm.obj
 0001:0000d740       ?OnBeginPrinting@CView@@UAEXPAVCDCMTL@@PAUCPrintInfo@@@Z 0040e740 f i MainFrm.obj
 0001:0000d750       ?GetDockedVisibleCount@CDockBar@@UBEHXZ 0040e750 f i MainFrm.obj
 0001:0000d790       ??_GCDockBar@@UAEPAXI@Z    0040e790 f i MainFrm.obj
 0001:0000d790       ??_ECDockBar@@UAEPAXI@Z    0040e790 f i MainFrm.obj
 0001:0000d7b0       ??1CDockBar@@UAE@XZ        0040e7b0 f i MainFrm.obj
 0001:0000d860       ?_ProcessWindowMessage@CDockBar@@UAEHPAUHWND__@@IIJAAJ@Z 0040e860 f i MainFrm.obj
 0001:0000db80       ?OnSizeParent@CDockBar@@QAEJIJ@Z 0040eb80 f i MainFrm.obj
 0001:0000ddd0       ?AfxRepositionWindow@CAfx@@SAXPAUAFX_SIZEPARENTPARAMS@@PAUHWND__@@PBUtagRECT@@@Z 0040edd0 f i MainFrm.obj
 0001:0000de90       ?RemoveControlBar@CFrameWnd@@QAEXPAVCControlBar@@@Z 0040ee90 f i MainFrm.obj
 0001:0000df00       ?FloatControlBar@CFrameWnd@@QAEXPAVCControlBar@@VCPoint@WTL@@K@Z 0040ef00 f i MainFrm.obj
 0001:0000e0a0       ?Create@CMiniDockFrameWnd@@QAEHPAVCWnd@@K@Z 0040f0a0 f i MainFrm.obj
 0001:0000e3f0       ?GetTopLevelFrame@CWnd@@QAEPAVCFrameWnd@@XZ 0040f3f0 f i MainFrm.obj
 0001:0000e4f0       ?CanDock@CDockContext@@QAEKXZ 0040f4f0 f i MainFrm.obj
 0001:0000e8c0       ?Stretch@CDockContext@@QAEXVCPoint@WTL@@@Z 0040f8c0 f i MainFrm.obj
 0001:0000eca0       ?ToggleDocking@CDockContext@@QAEXXZ 0040fca0 f i MainFrm.obj
 0001:0000eeb0       ?GetControlBar@CFrameWnd@@QAEPAVCControlBar@@I@Z 0040feb0 f i MainFrm.obj
 0001:0000ef00       ?Track@CDockContext@@QAEHXZ 0040ff00 f i MainFrm.obj
 0001:0000f330       ?CancelLoop@CDockContext@@QAEXXZ 00410330 f i MainFrm.obj
 0001:0000f510       ?Move@CDockContext@@QAEXVCPoint@WTL@@@Z 00410510 f i MainFrm.obj
 0001:0000f7d0       ?UpdateState@CDockContext@@QAEXPAHH@Z 004107d0 f i MainFrm.obj
 0001:0000fbe0       ?GetDockBar@CDockContext@@QAEPAVCDockBar@@K@Z 00410be0 f i MainFrm.obj
 0001:0000fe10       ?OnIdleUpdateCmdUI@CControlBar@@QAEJIJ@Z 00410e10 f i MainFrm.obj
 0001:0000ff50       ?CalcFixedLayout@CDockBar@@UAE?AVCSize@WTL@@HH@Z 00410f50 f i MainFrm.obj
 0001:00010840       ?DestroyWindow@CControlBar@@UAEHXZ 00411840 f i MainFrm.obj
 0001:00010900       ?DockControlBar@CDockBar@@QAEXPAVCControlBar@@PBUtagRECT@@@Z 00411900 f i MainFrm.obj
 0001:00010e40       ?Size@CRect@WTL@@QBE?AVCSize@2@XZ 00411e40 f i MainFrm.obj
 0001:00010e60       ?FindBar@CDockBar@@QAEHPAVCControlBar@@H@Z 00411e60 f i MainFrm.obj
 0001:00010e90       ?GetDockedControlBar@CDockBar@@QBEPAVCControlBar@@H@Z 00411e90 f i MainFrm.obj
 0001:00010eb0       ?ReDockControlBar@CDockBar@@QAEXPAVCControlBar@@PBUtagRECT@@@Z 00411eb0 f i MainFrm.obj
 0001:00011330       ?RemoveControlBar@CDockBar@@QAEHPAVCControlBar@@HH@Z 00412330 f i MainFrm.obj
 0001:00011560       ?OnSetPreviewMode@CFrameWnd@@UAEXHPAUCPrintPreviewState@@@Z 00412560 f i MainFrm.obj
 0001:000119d0       ?AfxGetParentOwner@CWnd@@SAPAUHWND__@@PAU2@@Z 004129d0 f i MainFrm.obj
 0001:00011a50       ?IsFloating@CControlBar@@QBEHXZ 00412a50 f i MainFrm.obj
 0001:00011a80       ?OnCloseDocument@CDocument@@QAEXXZ 00412a80 f i MainFrm.obj
 0001:00011b40       ?GetDefaultAccelerator@CFrameWnd@@UAEPAUHACCEL__@@XZ 00412b40 f i MainFrm.obj
 0001:00011b60       ?OnUpdateFrameMenu@CFrameWnd@@UAEXPAUHMENU__@@@Z 00412b60 f i MainFrm.obj
 0001:00011ba0       ?OnUpdateFrameTitle@CFrameWnd@@UAEXH@Z 00412ba0 f i MainFrm.obj
 0001:00011bf0       ?UpdateFrameTitleForDocument@CFrameWnd@@QAEXPBD@Z 00412bf0 f i MainFrm.obj
 0001:00011df0       ?ConcatInPlace@CString@WTL@@IAEXHPBD@Z 00412df0 f i MainFrm.obj
 0001:00011ef0       ?FromHandleWnd@CWinApp@@QAEPAVCWMHnd@@PAUHWND__@@PAV2@0P6APAXPAX2@Z@Z 00412ef0 f i MainFrm.obj
 0001:00011fc0       ?RemoveHandleWnd@CWinApp@@QAEPAUHWND__@@PAU2@@Z 00412fc0 f i MainFrm.obj
 0001:00012230       ?FromHandleMenu@CWinApp@@QAEPAVCMenuMTL@@PAUHMENU__@@PAV2@PAUHWND__@@P6APAXPAX3@Z@Z 00413230 f i MainFrm.obj
 0001:000122c0       ?RemoveHandleMenu@CWinApp@@QAEPAUHMENU__@@PAU2@@Z 004132c0 f i MainFrm.obj
 0001:00012330       ?FromHandleDC@CWinApp@@QAEPAVCDCMTL@@PAUHDC__@@PAV2@PAUHWND__@@P6APAXPAX3@Z@Z 00413330 f i MainFrm.obj
 0001:000123c0       ?RemoveHandleDC@CWinApp@@QAEPAUHDC__@@PAU2@@Z 004133c0 f i MainFrm.obj
 0001:00012430       ?FromHandleGdiobj@CWinApp@@QAEPAVCGdiObject@@PAXPAV2@PAUHWND__@@P6APAX00@Z@Z 00413430 f i MainFrm.obj
 0001:000124c0       ?NewNode@?$CHandleList@PAUHDC__@@VCDCMTL@@PAUHWND__@@@@QAEPAV?$CHandlePair@PAUHDC__@@PAVCDCMTL@@PAUHWND__@@@@PAUHDC__@@@Z 004134c0 f i MainFrm.obj
 0001:000124c0       ?NewNode@?$CHandleList@PAUHMENU__@@VCMenuMTL@@PAUHWND__@@@@QAEPAV?$CHandlePair@PAUHMENU__@@PAVCMenuMTL@@PAUHWND__@@@@PAUHMENU__@@@Z 004134c0 f i MainFrm.obj
 0001:000124c0       ?NewNode@?$CHandleList@PAXVCGdiObject@@PAUHWND__@@@@QAEPAV?$CHandlePair@PAXPAVCGdiObject@@PAUHWND__@@@@PAX@Z 004134c0 f i MainFrm.obj
 0001:000124c0       ?NewNode@?$CHandleHashList@PAUHWND__@@VCWMHnd@@PAU1@$0BB@@@QAEPAV?$CHandlePair@PAUHWND__@@PAVCWMHnd@@PAU1@@@PAUHWND__@@@Z 004134c0 f i MainFrm.obj
 0001:00012500       ?RemoveHandleGdiobj@CWinApp@@QAEPAXPAX@Z 00413500 f i MainFrm.obj
 0001:00012570       ?_GetCModuleState@CWinApp@@SAPAVCModuleState@@XZ 00413570 f i MainFrm.obj
 0001:000125b0       ??0CModuleState@@QAE@XZ    004135b0 f i MainFrm.obj
 0001:000125e0       ?CloseAllDocuments@CWinApp@@QAEXH@Z 004135e0 f i MainFrm.obj
 0001:00012710       ?HideApplication@CWinApp@@QAEXXZ 00413710 f i MainFrm.obj
 0001:00012760       ?SaveAllModified@CWinApp@@QAEHXZ 00413760 f i MainFrm.obj
 0001:000127d0       ?cModuleState@?1??_GetCModuleState@CWinApp@@SAPAVCModuleState@@XZ@$AV2@A 004137d0 f i MainFrm.obj
 0001:000127e0       ??1CModuleState@@QAE@XZ    004137e0 f i MainFrm.obj
 0001:00012870       ??1?$CList@PAVCFrameWnd@@ABQAV1@@@QAE@XZ 00413870 f i MainFrm.obj
 0001:00012870       ??1?$CList@PAUHWND__@@PAU1@@@QAE@XZ 00413870 f i MainFrm.obj
 0001:00012870       ??1?$CList@PAUCRuntimeClass@@ABQAU1@@@QAE@XZ 00413870 f i MainFrm.obj
 0001:00012870       ?RemoveAll@?$CList@PAXPAX@@QAEXXZ 00413870 f i MainFrm.obj
 0001:00012870       ??1?$CList@PAXPAX@@QAE@XZ  00413870 f i MainFrm.obj
 0001:000128b0       ?FromHandle@CWnd@@SAPAV1@PAUHWND__@@PAV1@0P6APAXPAX2@Z@Z 004138b0 f i MainFrm.obj
 0001:000128d0       ?FromHandle@CMenuMTL@@SAPAV1@PAUHMENU__@@PAV1@PAUHWND__@@P6APAXPAX3@Z@Z 004138d0 f i MainFrm.obj
 0001:000128f0       ?RemoveHandle@CMenuMTL@@SAPAUHMENU__@@PAU2@@Z 004138f0 f i MainFrm.obj
 0001:00012910       ?RemoveHandle@CDCMTL@@SAPAUHDC__@@PAU2@@Z 00413910 f i MainFrm.obj
 0001:00012930       ?FromHandle@CBrushMTL@@SAPAV1@PAUHBRUSH__@@PAV1@PAUHWND__@@P6APAXPAX3@Z@Z 00413930 f i MainFrm.obj
 0001:00012930       ?FromHandle@CGdiObject@@SAPAV1@PAXPAV1@PAUHWND__@@P6APAX00@Z@Z 00413930 f i MainFrm.obj
 0001:00012950       ?CControlBarDestruct@CControlBar@@QAEXXZ 00413950 f i MainFrm.obj
 0001:00012a10       ?OnDestroy@CControlBar@@QAEXXZ 00413a10 f i MainFrm.obj
 0001:00012ac0       ?OnTimer@CControlBar@@QAEXK@Z 00413ac0 f i MainFrm.obj
 0001:00012da0       ?GetOwner@CWnd@@QAEPAV1@XZ 00413da0 f i MainFrm.obj
 0001:00012dd0       ?PreTranslateMessage@CControlBar@@UAEHPAUtagMSG@@@Z 00413dd0 f i MainFrm.obj
 0001:00013120       ?SetStatusText@CControlBar@@UAEHJ@Z 00414120 f i MainFrm.obj
 0001:00013230       ?OnCmdMsg@CFrameWnd@@UAEHIHPAXPAUAFX_CMDHANDLERINFO@@@Z 00414230 f i MainFrm.obj
 0001:00013390       ?LoadBitmapA@CToolBar@@QAEHPBD@Z 00414390 f i MainFrm.obj
 0001:00013600       ?_EnableToolTips@CWnd@@QAEHHI@Z 00414600 f i MainFrm.obj
 0001:00013710       ?_FilterToolTipMessage@CWnd@@SAXPAUtagMSG@@PAV1@@Z 00414710 f i MainFrm.obj
 0001:00013720       ?FilterToolTipMessage@CWnd@@QAEXPAUtagMSG@@@Z 00414720 f i MainFrm.obj
 0001:00013e90       ??_GCToolTipCtrlMTL@@UAEPAXI@Z 00414e90 f i MainFrm.obj
 0001:00013e90       ??_ECToolTipCtrlMTL@@UAEPAXI@Z 00414e90 f i MainFrm.obj
 0001:00013eb0       ??1CToolTipCtrlMTL@@UAE@XZ 00414eb0 f i MainFrm.obj
 0001:00013f20       ?PreTranslateMessage@CWnd@@UAEHPAUtagMSG@@@Z 00414f20 f i MainFrm.obj
 0001:00013f40       ??0CSdiVC6App@@QAE@XZ      00414f40 f   SdiVC6.obj
 0001:000140c0       ?_ProcessWindowMessage@CSdiVC6App@@UAEHPAUHWND__@@IIJAAJ@Z 004150c0 f i SdiVC6.obj
 0001:000142a0       ??1CSdiVC6App@@QAE@XZ      004152a0 f i SdiVC6.obj
 0001:00014440       ?InitInstance@CSdiVC6App@@UAEHXZ 00415440 f   SdiVC6.obj
 0001:00014710       ??0CAboutDlg@@QAE@XZ       00415710 f   SdiVC6.obj
 0001:00014750       ??_GCAboutDlg@@UAEPAXI@Z   00415750 f i SdiVC6.obj
 0001:00014750       ??_ECAboutDlg@@UAEPAXI@Z   00415750 f i SdiVC6.obj
 0001:00014770       ??1CAboutDlg@@UAE@XZ       00415770 f i SdiVC6.obj
 0001:000147c0       ?OnAppAbout@CSdiVC6App@@QAEXXZ 004157c0 f   SdiVC6.obj
 0001:00014a00       ??1?$CHandleHashList@PAUHWND__@@VCWMHnd@@PAU1@$0BB@@@QAE@XZ 00415a00 f i SdiVC6.obj
 0001:00014a10       ??_9@$BBM@AE               00415a10 f i SdiVC6.obj
 0001:00014a20       ??_9@$BHM@AE               00415a20 f i SdiVC6.obj
 0001:00014a30       ??_9@$BBI@AE               00415a30 f i SdiVC6.obj
 0001:00014a40       ??_9@$BHI@AE               00415a40 f i SdiVC6.obj
 0001:00014a50       ??0CCommandLineInfo@@QAE@XZ 00415a50 f i SdiVC6.obj
 0001:00014a90       ?ParseParam@CCommandLineInfo@@UAEXPBDHH@Z 00415a90 f i SdiVC6.obj
 0001:00014b90       ??0CRecentFileList@@QAE@IPBD0HH@Z 00415b90 f i SdiVC6.obj
 0001:00014d80       ??0CString@WTL@@QAE@XZ     00415d80 f i SdiVC6.obj
 0001:00014d90       ?Add@CRecentFileList@@UAEXPBD@Z 00415d90 f i SdiVC6.obj
 0001:00014fe0       ?_AfxFullPath2@CAfx@@SAHPADPBDPAVCFileException@@@Z 00415fe0 f i SdiVC6.obj
 0001:00015230       ?GetDisplayName@CRecentFileList@@UBEHAAVCString@WTL@@HPBDHH@Z 00416230 f i SdiVC6.obj
 0001:00015500       ?_AfxAbbreviateName@CAfx@@SAXPADHH@Z 00416500 f i SdiVC6.obj
 0001:00015630       ?AfxComparePath@CAfx@@SAHPBD0@Z 00416630 f i SdiVC6.obj
 0001:00015710       ?AfxGetFileName@CAfx@@SAIPBDPADI@Z 00416710 f i SdiVC6.obj
 0001:00015740       ?Remove@CRecentFileList@@UAEXH@Z 00416740 f i SdiVC6.obj
 0001:00015950       ??_ECRecentFileList@@UAEPAXI@Z 00416950 f i SdiVC6.obj
 0001:00015950       ??_GCRecentFileList@@UAEPAXI@Z 00416950 f i SdiVC6.obj
 0001:00015970       ??1CRecentFileList@@UAE@XZ 00416970 f i SdiVC6.obj
 0001:00015a70       ?classHandleFuncCDialog@CDialog@@SAPAXPAX0@Z 00416a70 f i SdiVC6.obj
 0001:00015ad0       ?OnOK@CDialog@@UAEXXZ      00416ad0 f i SdiVC6.obj
 0001:00015b40       ?OnCancel@CDialog@@UAEXXZ  00416b40 f i SdiVC6.obj
 0001:00015b70       ?OnInitDialog@CDialog@@UAEHXZ 00416b70 f i SdiVC6.obj
 0001:00015c40       ?ExecuteDlgInit@CWnd@@QAEHPAX@Z 00416c40 f i SdiVC6.obj
 0001:00015d20       ?Create@CDialog@@UAEHIPAVCWnd@@@Z 00416d20 f i SdiVC6.obj
 0001:00015d40       ?Create@CDialog@@UAEHPBDPAVCWnd@@@Z 00416d40 f i SdiVC6.obj
 0001:00015e50       ?CreateIndirect@CDialog@@UAEHPAXPAVCWnd@@PAUHINSTANCE__@@@Z 00416e50 f i SdiVC6.obj
 0001:00015f20       ?DoModal@CDialog@@UAEJXZ   00416f20 f i SdiVC6.obj
 0001:000162c0       ?PreTranslateMessage@CDialog@@UAEHPAUtagMSG@@@Z 004172c0 f i SdiVC6.obj
 0001:000163a0       ??_ECDialog@@UAEPAXI@Z     004173a0 f i SdiVC6.obj
 0001:000163a0       ??_GCDialog@@UAEPAXI@Z     004173a0 f i SdiVC6.obj
 0001:000163c0       ??1CDialog@@UAE@XZ         004173c0 f i SdiVC6.obj
 0001:00016410       ?AfxDlgProc@CWnd@@SGJPAUHWND__@@IIJ@Z 00417410 f i SdiVC6.obj
 0001:00016600       ??0CDocTemplate@@QAE@IPAUCRuntimeClass@@00@Z 00417600 f i SdiVC6.obj
 0001:00016840       ?CreateNewDocument@CDocTemplate@@UAEPAVCDocument@@XZ 00417840 f i SdiVC6.obj
 0001:00016870       ?CreateNewFrame@CDocTemplate@@UAEPAVCFrameWnd@@PAVCDocument@@PAV2@@Z 00417870 f i SdiVC6.obj
 0001:00016900       ?GetDocString@CDocTemplate@@UBEHAAVCString@WTL@@W4DocStringIndex@1@@Z 00417900 f i SdiVC6.obj
 0001:00016b00       ?InitialUpdateFrame@CDocTemplate@@UAEXPAVCFrameWnd@@PAVCDocument@@H@Z 00417b00 f i SdiVC6.obj
 0001:00016c00       ?UpdateFrameCounts@CDocument@@QAEXXZ 00417c00 f i SdiVC6.obj
 0001:00016e30       ?LoadTemplate@CDocTemplate@@UAEXXZ 00417e30 f i SdiVC6.obj
 0001:00017020       ?MatchDocType@CDocTemplate@@UAE?AW4Confidence@1@PBDAAPAVCDocument@@@Z 00418020 f i SdiVC6.obj
 0001:00017230       ?AddDocument@CSingleDocTemplate@@UAEXPAVCDocument@@@Z 00418230 f i SdiVC6.obj
 0001:00017240       ?GetFirstDocPosition@CSingleDocTemplate@@UBEPAU__POSITION@@XZ 00418240 f i SdiVC6.obj
 0001:00017250       ?GetNextDoc@CSingleDocTemplate@@UBEPAVCDocument@@AAPAU__POSITION@@@Z 00418250 f i SdiVC6.obj
 0001:00017270       ?OpenDocumentFile@CSingleDocTemplate@@UAEPAVCDocument@@PBDH@Z 00418270 f i SdiVC6.obj
 0001:00017290       ?RemoveDocument@CSingleDocTemplate@@UAEXPAVCDocument@@@Z 00418290 f i SdiVC6.obj
 0001:000172a0       ?SetDefaultTitle@CSingleDocTemplate@@UAEXPAVCDocument@@@Z 004182a0 f i SdiVC6.obj
 0001:00017440       ??_ECSingleDocTemplate@@UAEPAXI@Z 00418440 f i SdiVC6.obj
 0001:00017440       ??_GCSingleDocTemplate@@UAEPAXI@Z 00418440 f i SdiVC6.obj
 0001:00017460       ??1CSingleDocTemplate@@UAE@XZ 00418460 f i SdiVC6.obj
 0001:000174a0       ?OnFileNew@CDocManager@@UAEXXZ 004184a0 f i SdiVC6.obj
 0001:000174c0       ?AddDocTemplate@CDocManager@@QAEXPAVCDocTemplate@@@Z 004184c0 f i SdiVC6.obj
 0001:00017500       ?GetFirstDocTemplatePosition@CDocManager@@UBEPAU__POSITION@@XZ 00418500 f i SdiVC6.obj
 0001:00017510       ?GetNextDocTemplate@CDocManager@@UBEPAVCDocTemplate@@AAPAU__POSITION@@@Z 00418510 f i SdiVC6.obj
 0001:00017530       ??0CWinThread@@QAE@P6AIPAX@Z0@Z 00418530 f i SdiVC6.obj
 0001:00017560       ??1CWinThread@@QAE@XZ      00418560 f i SdiVC6.obj
 0001:00017580       ?OnAppExit@CWinApp@@QAEXXZ 00418580 f i SdiVC6.obj
 0001:000175a0       ?OnOpenRecentFile@CWinApp@@QAEHI@Z 004185a0 f i SdiVC6.obj
 0001:00017600       ?OnUpdateRecentFileMenu@CWinApp@@QAEXPAVCCmdUI@@@Z 00418600 f i SdiVC6.obj
 0001:00017630       ?OnFileNew@CWinApp@@UAEXXZ 00418630 f i SdiVC6.obj
 0001:00017640       ?OnFileOpen@CWinApp@@UAEXXZ 00418640 f i SdiVC6.obj
 0001:00017650       ?OnIdle@CWinApp@@UAEHH@Z   00418650 f i SdiVC6.obj
 0001:000177a0       ?RemoveOwner@?$CHandleHashList@PAUHWND__@@VCWMHnd@@PAU1@$0BB@@@QAEHQAUHWND__@@@Z 004187a0 f i SdiVC6.obj
 0001:00017830       ?RemoveOwner@?$CHandleList@PAUHMENU__@@VCMenuMTL@@PAUHWND__@@@@QAEHQAUHWND__@@@Z 00418830 f i SdiVC6.obj
 0001:00017830       ?RemoveOwner@?$CHandleList@PAXVCGdiObject@@PAUHWND__@@@@QAEHQAUHWND__@@@Z 00418830 f i SdiVC6.obj
 0001:00017830       ?RemoveOwner@?$CHandleList@PAUHDC__@@VCDCMTL@@PAUHWND__@@@@QAEHQAUHWND__@@@Z 00418830 f i SdiVC6.obj
 0001:00017830       ?RemoveOwner@?$CHandleList@PAXXPAUHWND__@@@@QAEHQAUHWND__@@@Z 00418830 f i SdiVC6.obj
 0001:000178a0       ?ExitInstance@CWinApp@@UAEHXZ 004188a0 f i SdiVC6.obj
 0001:000178d0       ?OpenDocumentFile@CWinApp@@UAEPAVCDocument@@PBD@Z 004188d0 f i SdiVC6.obj
 0001:00017b20       ?PreTranslateMessage@CWinApp@@UAEHPAUtagMSG@@@Z 00418b20 f i SdiVC6.obj
 0001:00017bc0       ?PumpMessage@CWinApp@@UAEHXZ 00418bc0 f i SdiVC6.obj
 0001:00017c10       ?Run@CWinApp@@UAEHXZ       00418c10 f i SdiVC6.obj
 0001:00017cb0       ?Unregister@CWinApp@@QAEHXZ 00418cb0 f i SdiVC6.obj
 0001:00017ef0       ?LoadStringA@CString@WTL@@QAEHI@Z 00418ef0 f i SdiVC6.obj
 0001:00018110       ??HWTL@@YG?AVCString@0@ABV10@PBD@Z 00419110 f i SdiVC6.obj
 0001:000182a0       ?AfxDelRegTreeHelper@CAfx@@SAJPAUHKEY__@@ABVCString@WTL@@PAVCAtlTransactionManager@@@Z 004192a0 f i SdiVC6.obj
 0001:00018500       ??1CModuleThreadState@@QAE@XZ 00419500 f i SdiVC6.obj
 0001:00018540       ??1CCommandLineInfo@@QAE@XZ 00419540 f i SdiVC6.obj
 0001:00018640       ?_ProcessWindowMessage@CWinApp@@UAEHPAUHWND__@@IIJAAJ@Z 00419640 f i SdiVC6.obj
 0001:00018730       ?AfxMessageBox@@YAHIII@Z   00419730 f i SdiVC6.obj
 0001:00018920       ?GetSafeOwner_@CWnd@@SAPAUHWND__@@PAU2@PAPAU2@@Z 00419920 f i SdiVC6.obj
 0001:000189f0       ?OnCmdMsg@CDialog@@UAEHIHPAXPAUAFX_CMDHANDLERINFO@@@Z 004199f0 f i SdiVC6.obj
 0001:00018b90       ?OnFileOpen@CDocManager@@UAEXXZ 00419b90 f i SdiVC6.obj
 0001:00018de0       ??YCString@WTL@@QAEAAV01@PBD@Z 00419de0 f i SdiVC6.obj
 0001:00018f00       ??0CFileDialogMTL@@QAE@HPBD0K0PAVCWnd@@KH@Z 00419f00 f i SdiVC6.obj
 0001:00019150       ?OnOK@CCommonDialog@@UAEXXZ 0041a150 f i SdiVC6.obj
 0001:000191b0       ?OnCancel@CCommonDialog@@UAEXXZ 0041a1b0 f i SdiVC6.obj
 0001:000191b0       ?OnInitDialog@CWMHnd@@UAEHXZ 0041a1b0 f i SdiVC6.obj
 0001:000191b0       ?Default@CWMHnd@@QAEJXZ    0041a1b0 f i SdiVC6.obj
 0001:000191d0       ??_ECCommonDialog@@UAEPAXI@Z 0041a1d0 f i SdiVC6.obj
 0001:000191d0       ??_GCCommonDialog@@UAEPAXI@Z 0041a1d0 f i SdiVC6.obj
 0001:000191f0       ??1CCommonDialog@@UAE@XZ   0041a1f0 f i SdiVC6.obj
 0001:00019240       ?_ProcessWindowMessage@CAboutDlg@@UAEHPAUHWND__@@IIJAAJ@Z 0041a240 f i SdiVC6.obj
 0001:00019240       ?_ProcessWindowMessage@CCommonDialog@@UAEHPAUHWND__@@IIJAAJ@Z 0041a240 f i SdiVC6.obj
 0001:00019240       ?_ProcessWindowMessage@CDialog@@UAEHPAUHWND__@@IIJAAJ@Z 0041a240 f i SdiVC6.obj
 0001:000192d0       ??1CFileDialogMTL@@UAE@XZ  0041a2d0 f i SdiVC6.obj
 0001:00019370       ?OnInitDone@CFileDialogMTL@@UAEXXZ 0041a370 f i SdiVC6.obj
 0001:00019500       ?OnLBSelChangedNotify@CFileDialogMTL@@UAEXIII@Z 0041a500 f i SdiVC6.obj
 0001:00019510       ?OnNotify@CFileDialogMTL@@UAEHIJPAJ@Z 0041a510 f i SdiVC6.obj
 0001:000196e0       ?GetScrollBarCtrl@CWMHnd@@UBEPAVCScrollBarMTL@@H@Z 0041a6e0 f i SdiVC6.obj
 0001:000196e0       ?OnShareViolation@CFileDialogMTL@@UAEIPBD@Z 0041a6e0 f i SdiVC6.obj
 0001:000196f0       ?DoModal@CFileDialogMTL@@UAEJXZ 0041a6f0 f i SdiVC6.obj
 0001:00019870       ??_ECFileDialogMTL@@UAEPAXI@Z 0041a870 f i SdiVC6.obj
 0001:00019870       ??_GCFileDialogMTL@@UAEPAXI@Z 0041a870 f i SdiVC6.obj
 0001:00019890       ?_AfxAppendFilterSuffix@@YAXAAVCString@WTL@@AAUtagOFNA@@PAVCDocTemplate@@PAV12@@Z 0041a890 f i SdiVC6.obj
 0001:00019b70       ?Mid@CString@WTL@@QBE?AV12@H@Z 0041ab70 f i SdiVC6.obj
 0001:00019ba0       ?Mid@CString@WTL@@QBE?AV12@HH@Z 0041aba0 f i SdiVC6.obj
 0001:00019d20       ?Tokenize@@YA?AVCString@WTL@@AAV12@PADAAH@Z 0041ad20 f i SdiVC6.obj
 0001:00019d50       ?Tokenize@CAfx@@SA?AVCString@WTL@@AAV23@PADAAH@Z 0041ad50 f i SdiVC6.obj
 0001:00019e70       ?_AfxCommDlgProc@CCommonDialog@@SGKPAUHWND__@@IIJ@Z 0041ae70 f i SdiVC6.obj
 0001:0001a0c0       ?CenterWindow@CWindow@ATL@@QAEHPAUHWND__@@@Z 0041b0c0 f i SdiVC6.obj
 0001:0001a250       ?AfxResolveShortcut@@YAHPAVCWMHnd@@PBDPADH@Z 0041b250 f i SdiVC6.obj
 0001:0001a4d0       ?GetClassObject@AFX_COM@@QAEJABU_GUID@@0PAPAX@Z 0041b4d0 f i SdiVC6.obj
 0001:0001a730       ?AfxGetInProcServer@CAfx@@SAHPBDAAVCString@WTL@@@Z 0041b730 f i SdiVC6.obj
 0001:0001a940       ?AfxStringFromCLSID@@YA?AVCString@WTL@@ABU_GUID@@@Z 0041b940 f i SdiVC6.obj
 0001:0001a970       ?AfxStringFromCLSID@CAfx@@SA?AVCString@WTL@@ABU_GUID@@@Z 0041b970 f i SdiVC6.obj
 0001:0001ab60       ?OpenDocumentFile@CSingleDocTemplate@@UAEPAVCDocument@@PBDHH@Z 0041bb60 f i SdiVC6.obj
 0001:0001ae80       ?DoWaitCursor@CWinApp@@QAEXH@Z 0041be80 f i SdiVC6.obj
 0001:0001aef0       ?ShowAppMessageBox@CWinApp@@SAHPAV1@PBDII@Z 0041bef0 f i SdiVC6.obj
 0001:0001b030       ??1CWaitCursor@@QAE@XZ     0041c030 f i SdiVC6.obj
 0001:0001b080       ?ReadList@CRecentFileList@@UAEXXZ 0041c080 f i SdiVC6.obj
 0001:0001b220       ?GetProfileStringA@CWinApp@@QAE?AVCString@WTL@@PBD00@Z 0041c220 f i SdiVC6.obj
 0001:0001b400       ?UpdateMenu@CRecentFileList@@UAEXPAVCCmdUI@@@Z 0041c400 f i SdiVC6.obj
 0001:0001b880       ??HWTL@@YG?AVCString@0@ABV10@0@Z 0041c880 f i SdiVC6.obj
 0001:0001ba10       ?WriteList@CRecentFileList@@UAEXXZ 0041ca10 f i SdiVC6.obj
 0001:0001baa0       ?RunModalLoop@CWnd@@QAEHK@Z 0041caa0 f i SdiVC6.obj
 0001:0001bc40       ?CreateObject@CSdiVC6Doc@@SAPAVCObject@@XZ 0041cc40 f   SdiVC6Doc.obj
 0001:0001bca0       ?GetRuntimeClass@CSdiVC6Doc@@UBEPAUCRuntimeClass@@XZ 0041cca0 f   SdiVC6Doc.obj
 0001:0001bcb0       ??0CSdiVC6Doc@@IAE@XZ      0041ccb0 f   SdiVC6Doc.obj
 0001:0001bcf0       ?_ProcessWindowMessage@CSdiVC6Doc@@UAEHPAUHWND__@@IIJAAJ@Z 0041ccf0 f i SdiVC6Doc.obj
 0001:0001be50       ??_GCSdiVC6Doc@@UAEPAXI@Z  0041ce50 f i SdiVC6Doc.obj
 0001:0001be50       ??_ECSdiVC6Doc@@UAEPAXI@Z  0041ce50 f i SdiVC6Doc.obj
 0001:0001be70       ??1CSdiVC6Doc@@UAE@XZ      0041ce70 f   SdiVC6Doc.obj
 0001:0001bf50       ?OnNewDocument@CSdiVC6Doc@@UAEHXZ 0041cf50 f   SdiVC6Doc.obj
 0001:0001c070       ?Serialize@CSdiVC6Doc@@UAEXAAVCArchive@@@Z 0041d070 f   SdiVC6Doc.obj
 0001:0001c070       ?OnDraw@CSdiVC6View@@UAEXPAVCDCMTL@@@Z 0041d070 f   SdiVC6Doc.obj
 0001:0001c070       ?DoDataExchange@CAboutDlg@@MAEXPAVCDataExchange@@@Z 0041d070 f   SdiVC6Doc.obj
 0001:0001c080       ?GetFirstViewPosition@CDocument@@UBEPAU__POSITION@@XZ 0041d080 f i SdiVC6Doc.obj
 0001:0001c090       ?GetNextView@CDocument@@UBEPAVCView@@AAPAU__POSITION@@@Z 0041d090 f i SdiVC6Doc.obj
 0001:0001c0b0       ?ReleaseFile@CDocument@@UAEXPAVCFile@@H@Z 0041d0b0 f i SdiVC6Doc.obj
 0001:0001c0f0       ??1CFile@@QAE@XZ           0041d0f0 f i SdiVC6Doc.obj
 0001:0001c290       ?OsErrorToException@CFileException@@SAHJ@Z 0041d290 f i SdiVC6Doc.obj
 0001:0001c440       ?Abort@CFile@@UAEXXZ       0041d440 f i SdiVC6Doc.obj
 0001:0001c540       ?Close@CFile@@UAEXXZ       0041d540 f i SdiVC6Doc.obj
 0001:0001c640       ?ThrowOsError@CFileException@@SAXJPBD@Z 0041d640 f i SdiVC6Doc.obj
 0001:0001c900       ?GetFilePath@CFile@@UBE?AVCString@WTL@@XZ 0041d900 f i SdiVC6Doc.obj
 0001:0001cb60       ?GetCException@CAfx@@SAAAVCException@@H@Z 0041db60 f i SdiVC6Doc.obj
 0001:0001cc70       ?OnFileNameChange@CFileDialogMTL@@UAEXXZ 0041dc70 f i SdiVC6Doc.obj
 0001:0001cc70       ?OnHideMenuBar@CFrameWnd@@UAEXXZ 0041dc70 f i SdiVC6Doc.obj
 0001:0001cc70       ?_simpleMemoryException@?1??GetCException@CAfx@@SAAAVCException@@H@Z@$AVCMemoryException@@A 0041dc70 f i SdiVC6Doc.obj
 0001:0001cc70       ?OnShowMenuBar@CFrameWnd@@UAEXXZ 0041dc70 f i SdiVC6Doc.obj
 0001:0001cc70       ?PostNcDestroy@CWMHnd@@UAEXXZ 0041dc70 f i SdiVC6Doc.obj
 0001:0001cc70       ?_simpleInvalidArgException@?1??GetCException@CAfx@@SAAAVCException@@H@Z@$AVCInvalidArgException@@A 0041dc70 f i SdiVC6Doc.obj
 0001:0001cc70       ?_simpleNotSupportedException@?1??GetCException@CAfx@@SAAAVCException@@H@Z@$AVCNotSupportedException@@A 0041dc70 f i SdiVC6Doc.obj
 0001:0001cc70       ?OnFolderChange@CFileDialogMTL@@UAEXXZ 0041dc70 f i SdiVC6Doc.obj
 0001:0001cc70       ?_simpleResourceException@?1??GetCException@CAfx@@SAAAVCException@@H@Z@$AVCResourceException@@A 0041dc70 f i SdiVC6Doc.obj
 0001:0001cc70       ?DeleteContents@CDocument@@UAEXXZ 0041dc70 f i SdiVC6Doc.obj
 0001:0001cc70       ?_afxdata@?1??_GetAfxData@CAfx@@SAABU_AUX_DATA@@XZ@$AU2@A 0041dc70 f i SdiVC6Doc.obj
 0001:0001cc70       ?OnTypeChange@CFileDialogMTL@@UAEXXZ 0041dc70 f i SdiVC6Doc.obj
 0001:0001cc70       ?UpdateOFNFromShellDialog@CFileDialogMTL@@UAEXXZ 0041dc70 f i SdiVC6Doc.obj
 0001:0001cc80       ??0CTime@@QAE@ABU_SYSTEMTIME@@H@Z 0041dc80 f i SdiVC6Doc.obj
 0001:0001ce10       ??0CTime@@QAE@ABU_FILETIME@@H@Z 0041de10 f i SdiVC6Doc.obj
 0001:0001d090       ??0CSimpleException@@QAE@HI@Z 0041e090 f i SdiVC6Doc.obj
 0001:0001d0b0       ??0CTime@@QAE@HHHHHHH@Z    0041e0b0 f i SdiVC6Doc.obj
 0001:0001d200       ?IsValidFILETIME@CTime@@SAHABU_FILETIME@@@Z 0041e200 f i SdiVC6Doc.obj
 0001:0001d240       ?GetLength@CFile@@UBE_KXZ  0041e240 f i SdiVC6Doc.obj
 0001:0001d290       ?Open@CFile@@UAEHPBDIPAVCFileException@@@Z 0041e290 f i SdiVC6Doc.obj
 0001:0001d5b0       ?Read@CFile@@UAEIPAXI@Z    0041e5b0 f i SdiVC6Doc.obj
 0001:0001d600       ?Write@CFile@@UAEXPBXI@Z   0041e600 f i SdiVC6Doc.obj
 0001:0001d660       ?AfxThrowFileException@CFile@@SAXHJPBD@Z 0041e660 f i SdiVC6Doc.obj
 0001:0001d7a0       ?Seek@CFile@@UAE_K_JI@Z    0041e7a0 f i SdiVC6Doc.obj
 0001:0001d800       ?SetModifiedFlag@CDocument@@UAEXH@Z 0041e800 f i SdiVC6Doc.obj
 0001:0001d810       ?SetTitle@CDocument@@UAEXPBD@Z 0041e810 f i SdiVC6Doc.obj
 0001:0001dac0       ?CDocumentDestruct@CDocument@@QAEXXZ 0041eac0 f i SdiVC6Doc.obj
 0001:0001db10       ?OnCmdMsg@CDocument@@UAEHIHPAXPAUAFX_CMDHANDLERINFO@@@Z 0041eb10 f i SdiVC6Doc.obj
 0001:0001dc50       ?OnOpenDocument@CDocument@@UAEHPBD@Z 0041ec50 f i SdiVC6Doc.obj
 0001:0001df10       ??4CString@WTL@@QAEAAV01@ABV01@@Z 0041ef10 f i SdiVC6Doc.obj
 0001:0001dfe0       ?Flush@CArchive@@QAEXXZ    0041efe0 f i SdiVC6Doc.obj
 0001:0001e030       ??_GCFile@@QAEPAXI@Z       0041f030 f i SdiVC6Doc.obj
 0001:0001e050       ??1CArchive@@QAE@XZ        0041f050 f i SdiVC6Doc.obj
 0001:0001e090       ?OnSaveDocument@CDocument@@UAEHPBD@Z 0041f090 f i SdiVC6Doc.obj
 0001:0001e2d0       ?DoSave@CDocument@@UAEHPBDH@Z 0041f2d0 f i SdiVC6Doc.obj
 0001:0001e640       ?DoPromptFileName@CWinApp@@QAEHAAVCString@WTL@@IKHPAVCDocTemplate@@@Z 0041f640 f i SdiVC6Doc.obj
 0001:0001e670       ?DoPromptFileName@CDocManager@@QAEHAAVCString@WTL@@IKHPAVCDocTemplate@@@Z 0041f670 f i SdiVC6Doc.obj
 0001:0001eb70       ?SetAt@CString@WTL@@QAEXHD@Z 0041fb70 f i SdiVC6Doc.obj
 0001:0001ec20       ??YCString@WTL@@QAEAAV01@ABV01@@Z 0041fc20 f i SdiVC6Doc.obj
 0001:0001ed30       ??0CCommonDialog@@QAE@PAVCWnd@@@Z 0041fd30 f i SdiVC6Doc.obj
 0001:0001ed70       ?SaveModified@CDocument@@UAEHXZ 0041fd70 f i SdiVC6Doc.obj
 0001:0001f090       ?AfxFormatStrings@CAfx@@SAXAAVCString@WTL@@IPBQBDH@Z 00420090 f i SdiVC6Doc.obj
 0001:0001f250       ?AfxFormatStrings@CAfx@@SAXAAVCString@WTL@@PBDPBQBDH@Z 00420250 f i SdiVC6Doc.obj
 0001:0001f520       ?AfxGetFileTitle@CAfx@@SAIPBDPADI@Z 00420520 f i SdiVC6Doc.obj
 0001:0001f5b0       ?SetPathName@CDocument@@UAEXPBDH@Z 004205b0 f i SdiVC6Doc.obj
 0001:0001f6f0       ?CreateObject@CSdiVC6View@@SAPAVCObject@@XZ 004206f0 f   SdiVC6View.obj
 0001:0001f750       ?GetRuntimeClass@CSdiVC6View@@UBEPAUCRuntimeClass@@XZ 00420750 f   SdiVC6View.obj
 0001:0001f760       ??0CSdiVC6View@@IAE@XZ     00420760 f   SdiVC6View.obj
 0001:0001f790       ?_ProcessWindowMessage@CSdiVC6View@@UAEHPAUHWND__@@IIJAAJ@Z 00420790 f i SdiVC6View.obj
 0001:0001f7c0       ??_ECSdiVC6View@@UAEPAXI@Z 004207c0 f i SdiVC6View.obj
 0001:0001f7c0       ??_GCSdiVC6View@@UAEPAXI@Z 004207c0 f i SdiVC6View.obj
 0001:0001f7e0       ??1CSdiVC6View@@UAE@XZ     004207e0 f   SdiVC6View.obj
 0001:0001f850       ?PreCreateWindow@CSdiVC6View@@UAEHAAUtagCREATESTRUCTA@@@Z 00420850 f   SdiVC6View.obj
 0001:0001f8a0       ?OnActivateView@CView@@UAEXHPAV1@0@Z 004208a0 f i SdiVC6View.obj
 0001:0001f990       ?OnInitialUpdate@CView@@UAEXXZ 00420990 f i SdiVC6View.obj
 0001:0001f9a0       ?OnPrint@CView@@UAEXPAVCDCMTL@@PAUCPrintInfo@@@Z 004209a0 f i SdiVC6View.obj
 0001:0001f9b0       ?OnPrepareDC@CView@@UAEXPAVCDCMTL@@PAUCPrintInfo@@@Z 004209b0 f i SdiVC6View.obj
 0001:0001f9e0       ?OnPreparePrinting@CView@@UAEHPAUCPrintInfo@@@Z 004209e0 f i SdiVC6View.obj
 0001:0001f9f0       ?OnScroll@CView@@UAEHIIH@Z 004209f0 f i SdiVC6View.obj
 0001:0001f9f0       ?OnScrollBy@CView@@UAEHVCSize@WTL@@H@Z 004209f0 f i SdiVC6View.obj
 0001:0001fa00       ?OnUpdate@CView@@UAEXPAV1@JPAVCObject@@@Z 00420a00 f i SdiVC6View.obj
 0001:0001fa20       ?PreCreateWindow@CView@@UAEHAAUtagCREATESTRUCTA@@@Z 00420a20 f i SdiVC6View.obj
 0001:0001fa70       ??_GCView@@UAEPAXI@Z       00420a70 f i SdiVC6View.obj
 0001:0001fa70       ??_ECView@@UAEPAXI@Z       00420a70 f i SdiVC6View.obj
 0001:0001fa90       ??1CView@@UAE@XZ           00420a90 f i SdiVC6View.obj
 0001:0001fb00       ?_ProcessWindowMessage@CView@@UAEHPAUHWND__@@IIJAAJ@Z 00420b00 f i SdiVC6View.obj
 0001:0001fe60       ??_9@$BJA@AE               00420e60 f i SdiVC6View.obj
 0001:0001fe70       ??0CPaintDCMTL@@QAE@PAVCWMHnd@@@Z 00420e70 f i SdiVC6View.obj
 0001:0001fed0       ??1CPaintDCMTL@@UAE@XZ     00420ed0 f i SdiVC6View.obj
 0001:0001ff30       ??_GCPaintDCMTL@@UAEPAXI@Z 00420f30 f i SdiVC6View.obj
 0001:0001ff30       ??_ECPaintDCMTL@@UAEPAXI@Z 00420f30 f i SdiVC6View.obj
 0001:0001ff50       ?SetActiveView@CFrameWnd@@QAEXPAVCView@@H@Z 00420f50 f i SdiVC6View.obj
 0001:0001ffa0       ?OnEndPrintPreview@CView@@UAEXPAVCDCMTL@@PAUCPrintInfo@@UtagPOINT@@PAVCPreviewView@@@Z 00420fa0 f i SdiVC6View.obj
 0001:00020160       ?OnChangedViewList@CDocument@@QAEXXZ 00421160 f i SdiVC6View.obj
 0001:000203e0       ?CViewDestruct@CView@@QAEXXZ 004213e0 f i SdiVC6View.obj
 0001:00020530       ?OnCmdMsg@CView@@UAEHIHPAXPAUAFX_CMDHANDLERINFO@@@Z 00421530 f i SdiVC6View.obj
 0001:00020850       ?GetRuntimeClass@CCmdTarget@@UBEPAUCRuntimeClass@@XZ 00421850 f   StdAfx.obj
 0001:00020860       ?CreateObject@CWnd@@SAPAVCObject@@XZ 00421860 f   StdAfx.obj
 0001:000208a0       ?GetRuntimeClass@CWnd@@UBEPAUCRuntimeClass@@XZ 004218a0 f   StdAfx.obj
 0001:000208b0       ?GetRuntimeClass@CDialog@@UBEPAUCRuntimeClass@@XZ 004218b0 f   StdAfx.obj
 0001:000208c0       ?CreateObject@CFrameWnd@@SAPAVCObject@@XZ 004218c0 f   StdAfx.obj
 0001:00020a10       ?GetRuntimeClass@CFrameWnd@@UBEPAUCRuntimeClass@@XZ 00421a10 f   StdAfx.obj
 0001:00020a20       ?GetRuntimeClass@CView@@UBEPAUCRuntimeClass@@XZ 00421a20 f   StdAfx.obj
 0001:00020a30       ?GetRuntimeClass@CSingleDocTemplate@@UBEPAUCRuntimeClass@@XZ 00421a30 f   StdAfx.obj
 0001:00020a40       ?GetRuntimeClass@CControlBar@@UBEPAUCRuntimeClass@@XZ 00421a40 f   StdAfx.obj
 0001:00020a50       ?GetRuntimeClass@CDockBar@@UBEPAUCRuntimeClass@@XZ 00421a50 f   StdAfx.obj
 0001:00020a60       ?GetRuntimeClass@CToolBar@@UBEPAUCRuntimeClass@@XZ 00421a60 f   StdAfx.obj
 0001:00020a70       ?CreateObject@CMiniFrameWnd@@SAPAVCObject@@XZ 00421a70 f   StdAfx.obj
 0001:00020bb0       ?GetRuntimeClass@CMiniFrameWnd@@UBEPAUCRuntimeClass@@XZ 00421bb0 f   StdAfx.obj
 0001:00020bc0       ?CreateObject@CMiniDockFrameWnd@@SAPAVCObject@@XZ 00421bc0 f   StdAfx.obj
 0001:00020d90       ?GetRuntimeClass@CMiniDockFrameWnd@@UBEPAUCRuntimeClass@@XZ 00421d90 f   StdAfx.obj
 0001:00020da0       ?GetRuntimeClass@CFileDialogMTL@@UBEPAUCRuntimeClass@@XZ 00421da0 f   StdAfx.obj
 0001:00020db0       ?GetRuntimeClass@CToolTipCtrlMTL@@UBEPAUCRuntimeClass@@XZ 00421db0 f   StdAfx.obj
 0001:00020dc0       _WinMain@16                00421dc0 f   StdAfx.obj
 0001:000210c0       ?AtlModuleInit@ATL@@YGJPAU_ATL_MODULE@1@PAU_ATL_OBJMAP_ENTRY@1@PAUHINSTANCE__@@@Z 004220c0 f i StdAfx.obj
 0001:00021150       ?_AtlGetStringResourceImage@CAfx@@SAPBUATLSTRINGRESOURCEIMAGE@@PAUHINSTANCE__@@PAUHRSRC__@@I@Z 00422150 f i StdAfx.obj
 0001:000211c0       ??1CMiniFrameWnd@@UAE@XZ   004221c0 f i StdAfx.obj
 0001:000212d0       ?Create@CMiniFrameWnd@@UAEHPBD0KABUtagRECT@@PAVCWnd@@I@Z 004222d0 f i StdAfx.obj
 0001:00021300       ?CreateEx@CMiniFrameWnd@@UAEHKPBD0KABUtagRECT@@PAVCWnd@@I@Z 00422300 f i StdAfx.obj
 0001:00021590       ?PreCreateWindow@CMiniFrameWnd@@UAEHAAUtagCREATESTRUCTA@@@Z 00422590 f i StdAfx.obj
 0001:000215f0       ??_GCMiniFrameWnd@@UAEPAXI@Z 004225f0 f i StdAfx.obj
 0001:000215f0       ??_ECMiniFrameWnd@@UAEPAXI@Z 004225f0 f i StdAfx.obj
 0001:00021610       ?_ProcessWindowMessage@CMiniFrameWnd@@UAEHPAUHWND__@@IIJAAJ@Z 00422610 f i StdAfx.obj
 0001:00021ae0       ?HandleFloatingSysCommand@CWnd@@QAEHIJ@Z 00422ae0 f i StdAfx.obj
 0001:00021d40       ?OnFloatStatus@CMiniFrameWnd@@QAEJIJ@Z 00422d40 f i StdAfx.obj
 0001:00021e30       ?OnQueryCenterWnd@CMiniFrameWnd@@QAEJIJ@Z 00422e30 f i StdAfx.obj
 0001:00021e60       ?RecalcLayout@CMiniDockFrameWnd@@UAEXH@Z 00422e60 f i StdAfx.obj
 0001:00021fe0       ??_GCMiniDockFrameWnd@@UAEPAXI@Z 00422fe0 f i StdAfx.obj
 0001:00021fe0       ??_ECMiniDockFrameWnd@@UAEPAXI@Z 00422fe0 f i StdAfx.obj
 0001:00022000       ??1CMiniDockFrameWnd@@UAE@XZ 00423000 f i StdAfx.obj
 0001:00022180       ?_ProcessWindowMessage@CMiniDockFrameWnd@@UAEHPAUHWND__@@IIJAAJ@Z 00423180 f i StdAfx.obj
 0001:00022460       ?ActivateTopParent@CWnd@@QAEXXZ 00423460 f i StdAfx.obj
 0001:00022550       ?ShowControlBar@CFrameWnd@@QAEXPAVCControlBar@@HH@Z 00423550 f i StdAfx.obj
 0001:00022790       ?AddFrameWnd@CFrameWnd@@QAEXXZ 00423790 f i StdAfx.obj
 0001:000227d0       _GetFileTitleA@12          004237d0 f   comdlg32:comdlg32.dll
 0001:000227d6       _GetSaveFileNameA@4        004237d6 f   comdlg32:comdlg32.dll
 0001:000227dc       _GetOpenFileNameA@4        004237dc f   comdlg32:comdlg32.dll
 0001:000227e2       ??3@YAXPAX@Z               004237e2 f   LIBCMT:delete.obj
 0001:000227ed       ??2@YAPAXI@Z               004237ed f   LIBCMT:new.obj
 0001:000227fb       ?_JumpToContinuation@@YGXPAXPAUEHRegistrationNode@@@Z 004237fb f   LIBCMT:trnsctrl.obj
 0001:0002282f       ?_CallMemberFunction0@@YGXPAX0@Z 0042382f f   LIBCMT:trnsctrl.obj
 0001:0002282f       ?_CallMemberFunction1@@YGXPAX00@Z 0042382f f   LIBCMT:trnsctrl.obj
 0001:00022836       ?_CallMemberFunction2@@YGXPAX00H@Z 00423836 f   LIBCMT:trnsctrl.obj
 0001:0002283d       ?_UnwindNestedFrames@@YGXPAUEHRegistrationNode@@PAUEHExceptionRecord@@@Z 0042383d f   LIBCMT:trnsctrl.obj
 0001:0002288c       ___CxxFrameHandler         0042388c f   LIBCMT:trnsctrl.obj
 0001:000228c2       ?_CallCatchBlock2@@YAPAXPAUEHRegistrationNode@@PBU_s_FuncInfo@@PAXHK@Z 004238c2 f   LIBCMT:trnsctrl.obj
 0001:0002293b       ?_CallSETranslator@@YAHPAUEHExceptionRecord@@PAUEHRegistrationNode@@PAX2PBU_s_FuncInfo@@H1@Z 0042393b f   LIBCMT:trnsctrl.obj
 0001:00022a66       ?_GetRangeOfTrysToCheck@@YAPBU_s_TryBlockMapEntry@@PBU_s_FuncInfo@@HHPAI1@Z 00423a66 f   LIBCMT:trnsctrl.obj
 0001:00022ae4       __global_unwind2           00423ae4 f   LIBCMT:exsup.obj
 0001:00022b26       __local_unwind2            00423b26 f   LIBCMT:exsup.obj
 0001:00022b7e       __NLG_Return2              00423b7e f   LIBCMT:exsup.obj
 0001:00022b8e       __abnormal_termination     00423b8e f   LIBCMT:exsup.obj
 0001:00022bb1       __NLG_Notify1              00423bb1 f   LIBCMT:exsup.obj
 0001:00022bba       __NLG_Notify               00423bba f   LIBCMT:exsup.obj
 0001:00022bcd       __NLG_Dispatch             00423bcd f   LIBCMT:exsup.obj
 0001:00022bd2       __purecall                 00423bd2 f   LIBCMT:purevirt.obj
 0001:00022bdb       __onexit                   00423bdb f   LIBCMT:onexit.obj
 0001:00022c59       _atexit                    00423c59 f   LIBCMT:onexit.obj
 0001:00022c6b       ___onexitinit              00423c6b f   LIBCMT:onexit.obj
 0001:00022c9a       ??_M@YGXPAXIHP6EX0@Z@Z     00423c9a f   LIBCMT:ehvecdtr.obj
 0001:00022d1a       ?__ArrayUnwind@@YGXPAXIHP6EX0@Z@Z 00423d1a f   LIBCMT:ehvecdtr.obj
 0001:00022d8e       __mbscmp                   00423d8e f   LIBCMT:mbscmp.obj
 0001:00022e3d       _free                      00423e3d f   LIBCMT:free.obj
 0001:00022f26       _calloc                    00423f26 f   LIBCMT:calloc.obj
 0001:00023070       _memmove                   00424070 f   LIBCMT:memmove.obj
 0001:000233a5       __mbschr                   004243a5 f   LIBCMT:mbschr.obj
 0001:0002343c       _malloc                    0042443c f   LIBCMT:malloc.obj
 0001:0002344e       __nh_malloc                0042444e f   LIBCMT:malloc.obj
 0001:0002347a       __heap_alloc               0042447a f   LIBCMT:malloc.obj
 0001:00023576       __cinit                    00424576 f   LIBCMT:crt0dat.obj
 0001:000235a3       _exit                      004245a3 f   LIBCMT:crt0dat.obj
 0001:000235b4       __exit                     004245b4 f   LIBCMT:crt0dat.obj
 0001:0002366a       __lockexit                 0042466a f   LIBCMT:crt0dat.obj
 0001:00023673       __unlockexit               00424673 f   LIBCMT:crt0dat.obj
 0001:00023696       __strdup                   00424696 f   LIBCMT:strdup.obj
 0001:000236c1       ??_L@YGXPAXIHP6EX0@Z1@Z    004246c1 f   LIBCMT:ehvecctr.obj
 0001:00023743       __mbsrchr                  00424743 f   LIBCMT:mbsrchr.obj
 0001:000237b5       __mbscspn                  004247b5 f   LIBCMT:mbscspn.obj
 0001:00023844       __mbsspn                   00424844 f   LIBCMT:mbsspn.obj
 0001:000238e0       __chkstk                   004248e0 f   LIBCMT:chkstk.obj
 0001:000238e0       __alloca_probe             004248e0 f   LIBCMT:chkstk.obj
 0001:0002390f       __ismbblead                0042490f f   LIBCMT:ismbbyte.obj
 0001:00023951       ??1type_info@@UAE@XZ       00424951 f   LIBCMT:typinfo.obj
 0001:0002397a       ??_Etype_info@@UAEPAXI@Z   0042497a f i LIBCMT:typinfo.obj
 0001:0002397a       ??_Gtype_info@@UAEPAXI@Z   0042497a f i LIBCMT:typinfo.obj
 0001:00023996       __CxxThrowException@8      00424996 f   LIBCMT:throw.obj
 0001:000239d0       _mktime                    004249d0 f   LIBCMT:mktime.obj
 0001:00023bc2       __mbspbrk                  00424bc2 f   LIBCMT:mbspbrk.obj
 0001:00023c60       __alldiv                   00424c60 f   LIBCMT:lldiv.obj
 0001:00023d10       __allmul                   00424d10 f   LIBCMT:llmul.obj
 0001:00023d50       __allshr                   00424d50 f   LIBCMT:llshr.obj
 0001:00023d71       _WinMainCRTStartup         00424d71 f   LIBCMT:wincrt0.obj
 0001:00023e79       __amsg_exit                00424e79 f   LIBCMT:wincrt0.obj
 0001:00023ec2       ___InternalCxxFrameHandler 00424ec2 f   LIBCMT:frame.obj
 0001:00024217       ___FrameUnwindToState      00425217 f   LIBCMT:frame.obj
 0001:00024639       ?_DestructExceptionObject@@YAXPAUEHExceptionRecord@@E@Z 00425639 f   LIBCMT:frame.obj
 0001:000246d0       __CallSettingFrame@12      004256d0 f   LIBCMT:lowhelpr.obj
 0001:000246f7       __NLG_Return               004256f7 f   LIBCMT:lowhelpr.obj
 0001:0002471c       __mtinit                   0042571c f   LIBCMT:tidtable.obj
 0001:00024770       __initptd                  00425770 f   LIBCMT:tidtable.obj
 0001:00024783       __getptd                   00425783 f   LIBCMT:tidtable.obj
 0001:000247ea       ?terminate@@YAXXZ          004257ea f   LIBCMT:hooks.obj
 0001:0002484b       ?_inconsistency@@YAXXZ     0042584b f   LIBCMT:hooks.obj
 0001:000248a1       _realloc                   004258a1 f   LIBCMT:realloc.obj
 0001:00024bd0       __msize                    00425bd0 f   LIBCMT:msize.obj
 0001:00024cc8       __except_handler3          00425cc8 f   LIBCMT:exsup3.obj
 0001:00024d85       __seh_longjmp_unwind@4     00425d85 f   LIBCMT:exsup3.obj
 0001:00024da0       __mtinitlocks              00425da0 f   LIBCMT:mlock.obj
 0001:00024dc9       __lock                     00425dc9 f   LIBCMT:mlock.obj
 0001:00024e2a       __unlock                   00425e2a f   LIBCMT:mlock.obj
 0001:00024e3f       __setmbcp                  00425e3f f   LIBCMT:mbctype.obj
 0001:00025217       ___initmbctable            00426217 f   LIBCMT:mbctype.obj
 0001:00025240       _strcmp                    00426240 f   LIBCMT:strcmp.obj
 0001:000252c4       __GetLinkerVersion         004262c4 f   LIBCMT:heapinit.obj
 0001:000252f1       ___heap_select             004262f1 f   LIBCMT:heapinit.obj
 0001:00025439       __heap_init                00426439 f   LIBCMT:heapinit.obj
 0001:00025496       ___sbh_heap_init           00426496 f   LIBCMT:sbheap.obj
 0001:000254de       ___sbh_find_block          004264de f   LIBCMT:sbheap.obj
 0001:00025509       ___sbh_free_block          00426509 f   LIBCMT:sbheap.obj
 0001:00025832       ___sbh_alloc_block         00426832 f   LIBCMT:sbheap.obj
 0001:00025b3b       ___sbh_alloc_new_region    00426b3b f   LIBCMT:sbheap.obj
 0001:00025bec       ___sbh_alloc_new_group     00426bec f   LIBCMT:sbheap.obj
 0001:00025ce7       ___sbh_resize_block        00426ce7 f   LIBCMT:sbheap.obj
 0001:00025fdd       ___old_sbh_new_region      00426fdd f   LIBCMT:sbheap.obj
 0001:00026121       ___old_sbh_release_region  00427121 f   LIBCMT:sbheap.obj
 0001:00026177       ___old_sbh_decommit_pages  00427177 f   LIBCMT:sbheap.obj
 0001:00026239       ___old_sbh_find_block      00427239 f   LIBCMT:sbheap.obj
 0001:00026290       ___old_sbh_free_block      00427290 f   LIBCMT:sbheap.obj
 0001:000262d5       ___old_sbh_alloc_block     004272d5 f   LIBCMT:sbheap.obj
 0001:000264dd       ___old_sbh_alloc_block_from_page 004274dd f   LIBCMT:sbheap.obj
 0001:00026601       ___old_sbh_resize_block    00427601 f   LIBCMT:sbheap.obj
 0001:000266aa       __callnewh                 004276aa f   LIBCMT:handler.obj
 0001:000266d0       _memset                    004276d0 f   LIBCMT:memset.obj
 0001:00026740       _strchr                    00427740 f   LIBCMT:strchr.obj
 0001:00026746       ___from_strstr_to_strchr   00427746 f   LIBCMT:strchr.obj
 0001:00026800       _strcpy                    00427800 f   LIBCMT:strcat.obj
 0001:00026810       _strcat                    00427810 f   LIBCMT:strcat.obj
 0001:000268f0       _strlen                    004278f0 f   LIBCMT:strlen.obj
 0001:00026970       _strrchr                   00427970 f   LIBCMT:strrchr.obj
 0001:000269a0       _strcspn                   004279a0 f   LIBCMT:strcspn.obj
 0001:000269e0       _strspn                    004279e0 f   LIBCMT:strspn.obj
 0001:00026a1e       ?__CxxUnhandledExceptionFilter@@YGJPAU_EXCEPTION_POINTERS@@@Z 00427a1e f   LIBCMT:unhandld.obj
 0001:00026a64       ?__CxxSetUnhandledExceptionFilter@@YAXXZ 00427a64 f   LIBCMT:unhandld.obj
 0001:00026a75       ?__CxxRestoreUnhandledExceptionFilter@@YAXXZ 00427a75 f   LIBCMT:unhandld.obj
 0001:00026a82       _gmtime                    00427a82 f   LIBCMT:gmtime.obj
 0001:00026b8c       _localtime                 00427b8c f   LIBCMT:localtim.obj
 0001:00026cec       ___tzset                   00427cec f   LIBCMT:tzset.obj
 0001:00026fa1       __isindst                  00427fa1 f   LIBCMT:tzset.obj
 0001:000272b0       _strpbrk                   004282b0 f   LIBCMT:strpbrk.obj
 0001:000272ea       __XcptFilter               004282ea f   LIBCMT:winxfltr.obj
 0001:00027462       __wincmdln                 00428462 f   LIBCMT:wincmdln.obj
 0001:000274ba       __setenvp                  004284ba f   LIBCMT:stdenvp.obj
 0001:00027573       __setargv                  00428573 f   LIBCMT:stdargv.obj
 0001:000277c0       ___crtGetEnvironmentStringsA 004287c0 f   LIBCMT:a_env.obj
 0001:000278f2       __ioinit                   004288f2 f   LIBCMT:ioinit.obj
 0001:00027aae       __FF_MSGBANNER             00428aae f   LIBCMT:crt0msg.obj
 0001:00027ae7       __NMSG_WRITE               00428ae7 f   LIBCMT:crt0msg.obj
 0001:00027c3a       ?_ValidateRead@@YAHPBXI@Z  00428c3a f   LIBCMT:validate.obj
 0001:00027c56       ?_ValidateWrite@@YAHPAXI@Z 00428c56 f   LIBCMT:validate.obj
 0001:00027c72       ?_ValidateExecute@@YAHP6GHXZ@Z 00428c72 f   LIBCMT:validate.obj
 0001:00027c8a       _abort                     00428c8a f   LIBCMT:abort.obj
 0001:00027cb0       _memcpy                    00428cb0 f   LIBCMT:memcpy.obj
 0001:00027fe5       ___crtLCMapStringA         00428fe5 f   LIBCMT:a_map.obj
 0001:00028234       ___crtGetStringTypeA       00429234 f   LIBCMT:a_str.obj
 0001:0002837d       _strtol                    0042937d f   LIBCMT:strtol.obj
 0001:000285a0       _strstr                    004295a0 f   LIBCMT:strstr.obj
 0001:00028620       _strncmp                   00429620 f   LIBCMT:strncmp.obj
 0001:00028658       _atol                      00429658 f   LIBCMT:atox.obj
 0001:000286f0       _strncpy                   004296f0 f   LIBCMT:strncpy.obj
 0001:000287ee       __getenv_lk                004297ee f   LIBCMT:getenv.obj
 0001:0002886b       ___crtMessageBoxA          0042986b f   LIBCMT:crtmbox.obj
 0001:000288f4       _raise                     004298f4 f   LIBCMT:winsig.obj
 0001:00028ab3       __errno                    00429ab3 f   LIBCMT:dosmap.obj
 0001:00028abc       _toupper                   00429abc f   LIBCMT:toupper.obj
 0001:00028b2b       __toupper_lk               00429b2b f   LIBCMT:toupper.obj
 0001:00028bf7       __isctype                  00429bf7 f   LIBCMT:isctype.obj
 0001:00028c6c       __mbsnbicoll               00429c6c f   LIBCMT:mbsnbico.obj
 0001:00028cab       ___wtomb_environ           00429cab f   LIBCMT:wtombenv.obj
 0001:00028d19       ___crtCompareStringA       00429d19 f   LIBCMT:a_cmp.obj
 0001:00028f96       ___crtsetenv               00429f96 f   LIBCMT:setenv.obj
 0001:000291e0       __strcmpi                  0042a1e0 f   LIBCMT:stricmp.obj
 0001:000291e0       __stricmp                  0042a1e0 f   LIBCMT:stricmp.obj
 0001:000292b0       __strnicmp                 0042a2b0 f   LIBCMT:strnicmp.obj
 0001:000293c0       __aulldiv                  0042a3c0 f   LIBCMT:ulldiv.obj
 0001:00029430       __aullrem                  0042a430 f   LIBCMT:ullrem.obj
 0001:000294a5       __tolower_lk               0042a4a5 f   LIBCMT:tolower.obj
 0001:00029570       _RtlUnwind@16              0042a570 f   kernel32:KERNEL32.dll
 0002:00000000       __imp__RegQueryValueA@16   0042c000     advapi32:ADVAPI32.dll
 0002:00000004       __imp__RegEnumKeyA@16      0042c004     advapi32:ADVAPI32.dll
 0002:00000008       __imp__RegOpenKeyExA@20    0042c008     advapi32:ADVAPI32.dll
 0002:0000000c       __imp__RegDeleteKeyA@8     0042c00c     advapi32:ADVAPI32.dll
 0002:00000010       __imp__RegQueryValueExA@24 0042c010     advapi32:ADVAPI32.dll
 0002:00000014       __imp__RegOpenKeyExW@20    0042c014     advapi32:ADVAPI32.dll
 0002:00000018       __imp__RegCloseKey@4       0042c018     advapi32:ADVAPI32.dll
 0002:0000001c       \177ADVAPI32_NULL_THUNK_DATA 0042c01c     advapi32:ADVAPI32.dll
 0002:00000020       __imp__InitCommonControlsEx@4 0042c020     comctl32:COMCTL32.dll
 0002:00000024       \177COMCTL32_NULL_THUNK_DATA 0042c024     comctl32:COMCTL32.dll
 0002:00000028       __imp__GetDeviceCaps@8     0042c028     gdi32:GDI32.dll
 0002:0000002c       __imp__SaveDC@4            0042c02c     gdi32:GDI32.dll
 0002:00000030       __imp__RestoreDC@8         0042c030     gdi32:GDI32.dll
 0002:00000034       __imp__TextOutA@20         0042c034     gdi32:GDI32.dll
 0002:00000038       __imp__GetTextMetricsA@8   0042c038     gdi32:GDI32.dll
 0002:0000003c       __imp__SelectObject@8      0042c03c     gdi32:GDI32.dll
 0002:00000040       __imp__GetTextExtentPoint32A@16 0042c040     gdi32:GDI32.dll
 0002:00000044       __imp__IntersectClipRect@20 0042c044     gdi32:GDI32.dll
 0002:00000048       __imp__ExcludeClipRect@20  0042c048     gdi32:GDI32.dll
 0002:0000004c       __imp__ExtTextOutA@32      0042c04c     gdi32:GDI32.dll
 0002:00000050       __imp__SetBkColor@8        0042c050     gdi32:GDI32.dll
 0002:00000054       __imp__DeleteObject@4      0042c054     gdi32:GDI32.dll
 0002:00000058       __imp__GetCharWidthA@16    0042c058     gdi32:GDI32.dll
 0002:0000005c       __imp__CreateFontA@56      0042c05c     gdi32:GDI32.dll
 0002:00000060       __imp__GetBkColor@4        0042c060     gdi32:GDI32.dll
 0002:00000064       __imp__CreatePatternBrush@4 0042c064     gdi32:GDI32.dll
 0002:00000068       __imp__CreateBitmap@20     0042c068     gdi32:GDI32.dll
 0002:0000006c       __imp__GetStockObject@4    0042c06c     gdi32:GDI32.dll
 0002:00000070       __imp__PatBlt@24           0042c070     gdi32:GDI32.dll
 0002:00000074       __imp__GetClipBox@8        0042c074     gdi32:GDI32.dll
 0002:00000078       __imp__SelectClipRgn@8     0042c078     gdi32:GDI32.dll
 0002:0000007c       __imp__SetRectRgn@20       0042c07c     gdi32:GDI32.dll
 0002:00000080       __imp__CombineRgn@16       0042c080     gdi32:GDI32.dll
 0002:00000084       __imp__CreateRectRgn@16    0042c084     gdi32:GDI32.dll
 0002:00000088       __imp__CreateRectRgnIndirect@4 0042c088     gdi32:GDI32.dll
 0002:0000008c       __imp__GetObjectA@12       0042c08c     gdi32:GDI32.dll
 0002:00000090       __imp__StretchDIBits@52    0042c090     gdi32:GDI32.dll
 0002:00000094       __imp__CreateCompatibleDC@4 0042c094     gdi32:GDI32.dll
 0002:00000098       __imp__CreateCompatibleBitmap@12 0042c098     gdi32:GDI32.dll
 0002:0000009c       __imp__DeleteDC@4          0042c09c     gdi32:GDI32.dll
 0002:000000a0       \177GDI32_NULL_THUNK_DATA  0042c0a0     gdi32:GDI32.dll
 0002:000000a4       __imp__LoadLibraryA@4      0042c0a4     kernel32:KERNEL32.dll
 0002:000000a8       __imp__GetStringTypeW@16   0042c0a8     kernel32:KERNEL32.dll
 0002:000000ac       __imp__GetStringTypeA@20   0042c0ac     kernel32:KERNEL32.dll
 0002:000000b0       __imp__LCMapStringW@24     0042c0b0     kernel32:KERNEL32.dll
 0002:000000b4       __imp__LCMapStringA@24     0042c0b4     kernel32:KERNEL32.dll
 0002:000000b8       __imp__IsBadCodePtr@4      0042c0b8     kernel32:KERNEL32.dll
 0002:000000bc       __imp__IsBadReadPtr@8      0042c0bc     kernel32:KERNEL32.dll
 0002:000000c0       __imp__GetFileType@4       0042c0c0     kernel32:KERNEL32.dll
 0002:000000c4       __imp__GetStdHandle@4      0042c0c4     kernel32:KERNEL32.dll
 0002:000000c8       __imp__SetHandleCount@4    0042c0c8     kernel32:KERNEL32.dll
 0002:000000cc       __imp__GetEnvironmentStringsW@0 0042c0cc     kernel32:KERNEL32.dll
 0002:000000d0       __imp__GetEnvironmentStrings@0 0042c0d0     kernel32:KERNEL32.dll
 0002:000000d4       __imp__FreeEnvironmentStringsW@4 0042c0d4     kernel32:KERNEL32.dll
 0002:000000d8       __imp__FreeEnvironmentStringsA@4 0042c0d8     kernel32:KERNEL32.dll
 0002:000000dc       __imp__UnhandledExceptionFilter@4 0042c0dc     kernel32:KERNEL32.dll
 0002:000000e0       __imp__GetTimeZoneInformation@4 0042c0e0     kernel32:KERNEL32.dll
 0002:000000e4       __imp__SetUnhandledExceptionFilter@4 0042c0e4     kernel32:KERNEL32.dll
 0002:000000e8       __imp__IsBadWritePtr@8     0042c0e8     kernel32:KERNEL32.dll
 0002:000000ec       __imp__VirtualAlloc@16     0042c0ec     kernel32:KERNEL32.dll
 0002:000000f0       __imp__VirtualFree@12      0042c0f0     kernel32:KERNEL32.dll
 0002:000000f4       __imp__HeapCreate@12       0042c0f4     kernel32:KERNEL32.dll
 0002:000000f8       __imp__FlushInstructionCache@12 0042c0f8     kernel32:KERNEL32.dll
 0002:000000fc       __imp__GetOEMCP@0          0042c0fc     kernel32:KERNEL32.dll
 0002:00000100       __imp__GetACP@0            0042c100     kernel32:KERNEL32.dll
 0002:00000104       __imp__GetCPInfo@8         0042c104     kernel32:KERNEL32.dll
 0002:00000108       __imp__LeaveCriticalSection@4 0042c108     kernel32:KERNEL32.dll
 0002:0000010c       __imp__EnterCriticalSection@4 0042c10c     kernel32:KERNEL32.dll
 0002:00000110       __imp__HeapSize@12         0042c110     kernel32:KERNEL32.dll
 0002:00000114       __imp__HeapReAlloc@16      0042c114     kernel32:KERNEL32.dll
 0002:00000118       __imp__TlsGetValue@4       0042c118     kernel32:KERNEL32.dll
 0002:0000011c       __imp__TlsAlloc@0          0042c11c     kernel32:KERNEL32.dll
 0002:00000120       __imp__TlsSetValue@8       0042c120     kernel32:KERNEL32.dll
 0002:00000124       __imp__GetVersion@0        0042c124     kernel32:KERNEL32.dll
 0002:00000128       __imp__GetCommandLineA@0   0042c128     kernel32:KERNEL32.dll
 0002:0000012c       __imp__GetStartupInfoA@4   0042c12c     kernel32:KERNEL32.dll
 0002:00000130       __imp__RaiseException@16   0042c130     kernel32:KERNEL32.dll
 0002:00000134       __imp__TerminateProcess@8  0042c134     kernel32:KERNEL32.dll
 0002:00000138       __imp__ExitProcess@4       0042c138     kernel32:KERNEL32.dll
 0002:0000013c       __imp__HeapAlloc@12        0042c13c     kernel32:KERNEL32.dll
 0002:00000140       __imp__HeapFree@12         0042c140     kernel32:KERNEL32.dll
 0002:00000144       __imp__RtlUnwind@16        0042c144     kernel32:KERNEL32.dll
 0002:00000148       __imp__CompareStringA@24   0042c148     kernel32:KERNEL32.dll
 0002:0000014c       __imp__CompareStringW@24   0042c14c     kernel32:KERNEL32.dll
 0002:00000150       __imp__SetEnvironmentVariableA@8 0042c150     kernel32:KERNEL32.dll
 0002:00000154       __imp__InitializeCriticalSection@4 0042c154     kernel32:KERNEL32.dll
 0002:00000158       __imp__DeleteCriticalSection@4 0042c158     kernel32:KERNEL32.dll
 0002:0000015c       __imp__HeapDestroy@4       0042c15c     kernel32:KERNEL32.dll
 0002:00000160       __imp__DeleteFileA@4       0042c160     kernel32:KERNEL32.dll
 0002:00000164       __imp__SetFilePointer@16   0042c164     kernel32:KERNEL32.dll
 0002:00000168       __imp__WriteFile@20        0042c168     kernel32:KERNEL32.dll
 0002:0000016c       __imp__ReadFile@20         0042c16c     kernel32:KERNEL32.dll
 0002:00000170       __imp__CreateFileA@28      0042c170     kernel32:KERNEL32.dll
 0002:00000174       __imp__GetFileTime@16      0042c174     kernel32:KERNEL32.dll
 0002:00000178       __imp__GetFileSize@8       0042c178     kernel32:KERNEL32.dll
 0002:0000017c       __imp__FileTimeToLocalFileTime@8 0042c17c     kernel32:KERNEL32.dll
 0002:00000180       __imp__FileTimeToSystemTime@8 0042c180     kernel32:KERNEL32.dll
 0002:00000184       __imp__GetFileAttributesA@4 0042c184     kernel32:KERNEL32.dll
 0002:00000188       __imp__WritePrivateProfileStringA@16 0042c188     kernel32:KERNEL32.dll
 0002:0000018c       __imp__GetCurrentDirectoryA@8 0042c18c     kernel32:KERNEL32.dll
 0002:00000190       __imp__GetPrivateProfileStringA@24 0042c190     kernel32:KERNEL32.dll
 0002:00000194       __imp__LoadLibraryExA@12   0042c194     kernel32:KERNEL32.dll
 0002:00000198       __imp__GetLastError@0      0042c198     kernel32:KERNEL32.dll
 0002:0000019c       __imp__GetModuleFileNameA@12 0042c19c     kernel32:KERNEL32.dll
 0002:000001a0       __imp__lstrcpyA@8          0042c1a0     kernel32:KERNEL32.dll
 0002:000001a4       __imp__lstrcatA@8          0042c1a4     kernel32:KERNEL32.dll
 0002:000001a8       __imp__GetFullPathNameA@16 0042c1a8     kernel32:KERNEL32.dll
 0002:000001ac       __imp__GetVolumeInformationA@32 0042c1ac     kernel32:KERNEL32.dll
 0002:000001b0       __imp__FindFirstFileA@8    0042c1b0     kernel32:KERNEL32.dll
 0002:000001b4       __imp__FindClose@4         0042c1b4     kernel32:KERNEL32.dll
 0002:000001b8       __imp__GetStringTypeExA@20 0042c1b8     kernel32:KERNEL32.dll
 0002:000001bc       __imp__GetThreadLocale@0   0042c1bc     kernel32:KERNEL32.dll
 0002:000001c0       __imp__lstrcmpiA@8         0042c1c0     kernel32:KERNEL32.dll
 0002:000001c4       __imp__GlobalDeleteAtom@4  0042c1c4     kernel32:KERNEL32.dll
 0002:000001c8       __imp__CloseHandle@4       0042c1c8     kernel32:KERNEL32.dll
 0002:000001cc       __imp__GetModuleHandleA@4  0042c1cc     kernel32:KERNEL32.dll
 0002:000001d0       __imp__GetProcAddress@8    0042c1d0     kernel32:KERNEL32.dll
 0002:000001d4       __imp__SetLastError@4      0042c1d4     kernel32:KERNEL32.dll
 0002:000001d8       __imp__lstrcpynA@12        0042c1d8     kernel32:KERNEL32.dll
 0002:000001dc       __imp__MultiByteToWideChar@24 0042c1dc     kernel32:KERNEL32.dll
 0002:000001e0       __imp__FindResourceW@12    0042c1e0     kernel32:KERNEL32.dll
 0002:000001e4       __imp__SizeofResource@8    0042c1e4     kernel32:KERNEL32.dll
 0002:000001e8       __imp__WideCharToMultiByte@32 0042c1e8     kernel32:KERNEL32.dll
 0002:000001ec       __imp__lstrcmpA@8          0042c1ec     kernel32:KERNEL32.dll
 0002:000001f0       __imp__InterlockedIncrement@4 0042c1f0     kernel32:KERNEL32.dll
 0002:000001f4       __imp__GetVersionExA@4     0042c1f4     kernel32:KERNEL32.dll
 0002:000001f8       __imp__GetCurrentProcess@0 0042c1f8     kernel32:KERNEL32.dll
[...]
 0003:0000044c       ??_C@_04MBPC@CWnd?$AA@     0043144c     StdAfx.obj
 0003:00000454       ??_C@_0L@MION@CCmdTarget?$AA@ 00431454     StdAfx.obj
 0003:00000460       ??_C@_07EFMO@CObject?$AA@  00431460     StdAfx.obj
 0003:00000468       ?GUID_ATLVer30@ATL@@3U_GUID@@A 00431468     StdAfx.obj
 0003:00000478       ??_C@_04CLNG@?4INI?$AA@    00431478     StdAfx.obj
 0003:00000480       ??_C@_04DMK@?4HLP?$AA@     00431480     StdAfx.obj
 0003:00000488       ??_C@_04MCON@?4CHM?$AA@    00431488     StdAfx.obj
 0003:00000490       __NLG_Destination          00431490     LIBCMT:exsup.obj
 0003:000004a0       ??_R0?AVtype_info@@@8      004314a0     LIBCMT:typinfo.obj
 0003:000004b8       ?__pMyUnhandledExceptionFilter@@3PAXA 004314b8     LIBCMT:throw.obj
 0003:000004c0       __aexit_rtn                004314c0     LIBCMT:wincrt0.obj
 0003:000004c4       ___app_type                004314c4     LIBCMT:wincrt0.obj
 0003:000004d0       ___tlsindex                004314d0     LIBCMT:tidtable.obj
 0003:000004d4       ?__pInconsistency@@3P6AXXZA 004314d4     LIBCMT:hooks.obj
 0003:000004d8       __locktable                004314d8     LIBCMT:mlock.obj
 0003:00000690       __amblksiz                 00431690     LIBCMT:heapinit.obj
 0003:00000698       ___old_small_block_heap    00431698     LIBCMT:sbheap.obj
 0003:000026bc       ___old_sbh_threshold       004336bc     LIBCMT:sbheap.obj
 0003:000026c0       __pctype                   004336c0     LIBCMT:ctype.obj
 0003:000026c4       __pwctype                  004336c4     LIBCMT:ctype.obj
 0003:000026c8       __ctype                    004336c8     LIBCMT:ctype.obj
 0003:000028cc       __timezone                 004338cc     LIBCMT:timeset.obj
 0003:000028d0       __daylight                 004338d0     LIBCMT:timeset.obj
 0003:000028d4       __dstbias                  004338d4     LIBCMT:timeset.obj
 0003:00002958       __tzname                   00433958     LIBCMT:timeset.obj
 0003:0000297c       __lpdays                   0043397c     LIBCMT:days.obj
 0003:000029b0       __days                     004339b0     LIBCMT:days.obj
 0003:000029f0       __XcptActTab               004339f0     LIBCMT:winxfltr.obj
 0003:00002a68       __First_FPE_Indx           00433a68     LIBCMT:winxfltr.obj
 0003:00002a6c       __Num_FPE                  00433a6c     LIBCMT:winxfltr.obj
 0003:00002a70       __XcptActTabSize           00433a70     LIBCMT:winxfltr.obj
 0003:00002a74       __XcptActTabCount          00433a74     LIBCMT:winxfltr.obj
 0003:00002a78       ___badioinfo               00433a78     LIBCMT:ioinit.obj
 0003:00002c98       ___mb_cur_max              00433c98     LIBCMT:nlsdata1.obj
 0003:00002c9c       ___decimal_point           00433c9c     LIBCMT:nlsdata1.obj
 0003:00002ca0       ___decimal_point_length    00433ca0     LIBCMT:nlsdata1.obj
 0003:00002db0       ___lc_time_curr            00433db0     LIBCMT:strftime.obj
 0003:00002db8       ___lc_time_c               00433db8     LIBCMT:strftime.obj
 0003:00002e68       ___lconv_static_decimal    00433e68     LIBCMT:lconv.obj
 0003:00002e70       ___lconv_c                 00433e70     LIBCMT:lconv.obj
 0003:00002ea0       ___lconv                   00433ea0     LIBCMT:lconv.obj
 0003:00002eb0       ?_pModule@ATL@@3PAVCComModule@1@A 00433eb0     MainFrm.obj
 0003:00002eb8       ?cwp@?1??GetHookOldCbtFilter@CWnd@@SAAAU_CreateWindowParam@2@XZ@4U32@A 00433eb8     MainFrm.obj
 0003:00002ec4       ??_C@_00A@?$AA@            00433ec4     MainFrm.obj
 0003:00002ec8       ?hHalftoneBrush@?1??HalftoneBrush@CAfx@@SAPAUHBRUSH__@@H@Z@4PAU3@A 00433ec8     MainFrm.obj
 0003:00002ed0       ?theApp@@3VCSdiVC6App@@A   00433ed0     SdiVC6.obj
 0003:00003014       ?_afxMsgSETRGB@?1??_AfxCommDlgProc@CCommonDialog@@SGKPAUHWND__@@IIJ@Z@4IA 00434014     SdiVC6.obj
 0003:00003018       ?_afxMsgHELP@?1??_AfxCommDlgProc@CCommonDialog@@SGKPAUHWND__@@IIJ@Z@4IA 00434018     SdiVC6.obj
 0003:0000301c       ?_afxMsgFILEOK@?1??_AfxCommDlgProc@CCommonDialog@@SGKPAUHWND__@@IIJ@Z@4IA 0043401c     SdiVC6.obj
 0003:00003020       ?_afxMsgSHAREVI@?1??_AfxCommDlgProc@CCommonDialog@@SGKPAUHWND__@@IIJ@Z@4IA 00434020     SdiVC6.obj
 0003:00003024       ?_afxMsgLBSELCHANGE@?1??_AfxCommDlgProc@CCommonDialog@@SGKPAUHWND__@@IIJ@Z@4IA 00434024     SdiVC6.obj
 0003:00003028       ?m_pCWinApp@CWinApp@@2PAV1@A 00434028     StdAfx.obj
 0003:00003030       ?rectDefault@CFrameWnd@@2VCRect@WTL@@B 00434030     StdAfx.obj
 0003:00003040       ?_AtlWinModule@@3VCComModule@ATL@@A 00434040     StdAfx.obj
 0003:000030c8       ?wndTopMost@CWMHnd@@2V1@B  004340c8     StdAfx.obj
 0003:000030d8       ?wndBottom@CWMHnd@@2V1@B   004340d8     StdAfx.obj
 0003:000030e8       ?wndTop@CWMHnd@@2V1@B      004340e8     StdAfx.obj
 0003:000030f8       ?wndNoTopMost@CWMHnd@@2V1@B 004340f8     StdAfx.obj
 0003:00003108       __umaskval                 00434108     LIBCMT:crt0dat.obj
 0003:0000310c       __osver                    0043410c     LIBCMT:crt0dat.obj
 0003:00003110       __winver                   00434110     LIBCMT:crt0dat.obj
 0003:00003114       __winmajor                 00434114     LIBCMT:crt0dat.obj
 0003:00003118       __winminor                 00434118     LIBCMT:crt0dat.obj
 0003:0000311c       ___argc                    0043411c     LIBCMT:crt0dat.obj
 0003:00003120       ___argv                    00434120     LIBCMT:crt0dat.obj
 0003:00003124       ___wargv                   00434124     LIBCMT:crt0dat.obj
 0003:00003128       __environ                  00434128     LIBCMT:crt0dat.obj
 0003:0000312c       ___initenv                 0043412c     LIBCMT:crt0dat.obj
 0003:00003130       __wenviron                 00434130     LIBCMT:crt0dat.obj
 0003:00003134       ___winitenv                00434134     LIBCMT:crt0dat.obj
 0003:00003138       __pgmptr                   00434138     LIBCMT:crt0dat.obj
 0003:0000313c       __wpgmptr                  0043413c     LIBCMT:crt0dat.obj
 0003:00003140       __exitflag                 00434140     LIBCMT:crt0dat.obj
 0003:00003144       __C_Termination_Done       00434144     LIBCMT:crt0dat.obj
 0003:00003148       __C_Exit_Done              00434148     LIBCMT:crt0dat.obj
 0003:0000314c       __aenvptr                  0043414c     LIBCMT:wincrt0.obj
 0003:00003150       __wenvptr                  00434150     LIBCMT:wincrt0.obj
 0003:00003154       ___error_mode              00434154     LIBCMT:wincrt0.obj
 0003:000031c0       ?_pnhHeap@@3P6AHI@ZA       004341c0     LIBCMT:handler.obj
 0003:000031c4       __newmode                  004341c4     LIBCMT:_newmode.obj
 0003:000033bc       __adbgmsg                  004343bc     LIBCMT:crt0msg.obj
 0003:000033c0       ___lc_handle               004343c0     LIBCMT:nlsdata2.obj
 0003:000033d8       ___lc_codepage             004343d8     LIBCMT:nlsdata2.obj
 0003:000033dc       ___lc_collate_cp           004343dc     LIBCMT:nlsdata2.obj
 0003:00003418       ___lc_time_intl            00434418     LIBCMT:inittime.obj
 0003:00003434       ___lc_id                   00434434     LIBCMT:nlsdata3.obj
 0003:00003484       ___lconv_static_null       00434484     LIBCMT:lconv.obj
 0003:00003494       ?$S5@?1??GetCException@CAfx@@SAAAVCException@@H@Z@4EA 00434494     <common>
 0003:00003498       ?_simpleInvalidArgException@?1??GetCException@CAfx@@SAAAVCException@@H@Z@4VCInvalidArgException@@A 00434498     <common>
 0003:000034a0       ?_simpleMemoryException@?1??GetCException@CAfx@@SAAAVCException@@H@Z@4VCMemoryException@@A 004344a0     <common>
 0003:000034a8       ?_simpleNotSupportedException@?1??GetCException@CAfx@@SAAAVCException@@H@Z@4VCNotSupportedException@@A 004344a8     <common>
 0003:000034b0       ?_simpleResourceException@?1??GetCException@CAfx@@SAAAVCException@@H@Z@4VCResourceException@@A 004344b0     <common>
 0003:000034b8       ?$S55@?1??_GetCModuleState@CWinApp@@SAPAVCModuleState@@XZ@4EA 004344b8     <common>
 0003:000034c0       ?cModuleState@?1??_GetCModuleState@CWinApp@@SAPAVCModuleState@@XZ@4V3@A 004344c0     <common>
 0003:000034e4       ?m_lastSentMsg@?1??GetLastSentMsg@CCmdTarget@@SAAAPAUtagMSG@@XZ@4PAU3@A 004344e4     <common>
 0003:000034e8       ?$S12@?1??_GetAfxData@CAfx@@SAABU_AUX_DATA@@XZ@4EA 004344e8     <common>
 0003:00003500       ?_afxdata@?1??_GetAfxData@CAfx@@SAABU_AUX_DATA@@XZ@4U3@A 00434500     <common>
 0003:00003534       ___setlc_active            00434534     <common>
 0003:00003538       ___unguarded_readlc_active 00434538     <common>
 0003:00003540       ___pioinfo                 00434540     <common>
 0003:00003640       __nhandle                  00434640     <common>
 0003:00003644       ___sbh_sizeHeaderList      00434644     <common>
 0003:00003648       ___sbh_indGroupDefer       00434648     <common>
 0003:0000364c       ___sbh_pHeaderScan         0043464c     <common>
 0003:00003650       ___sbh_pHeaderDefer        00434650     <common>
 0003:00003654       ___sbh_cntHeaderList       00434654     <common>
 0003:00003658       ___sbh_pHeaderList         00434658     <common>
 0003:0000365c       ___sbh_threshold           0043465c     <common>
 0003:00003660       __crtheap                  00434660     <common>
 0003:00003664       ___active_heap             00434664     <common>
 0003:00003668       ___mbcodepage              00434668     <common>
 0003:00003670       ___mbulinfo                00434670     <common>
 0003:0000367c       ___ismbcodepage            0043467c     <common>
 0003:00003680       __mbcasemap                00434680     <common>
 0003:00003780       __mbctype                  00434780     <common>
 0003:00003884       ___mblcid                  00434884     <common>
 0003:00003888       __acmdln                   00434888     <common>
 0003:0000388c       ___env_initialized         0043488c     <common>
 0003:00003890       ___mbctype_initialized     00434890     <common>
 0003:00003894       ___onexitend               00434894     <common>
 0003:00003898       ___onexitbegin             00434898     <common>
 0003:0000389c       __FPinit                   0043489c     <common>

 entry point at        0001:00023d71

 Static symbols

 0001:00020660       _$E66                      00421660 f   StdAfx.obj
 0001:00020670       _$E62                      00421670 f   StdAfx.obj
 0001:00020690       _$E65                      00421690 f   StdAfx.obj
 0001:000206a0       _$E63                      004216a0 f   StdAfx.obj
 0001:000206d0       _$E71                      004216d0 f   StdAfx.obj
 0001:000206e0       _$E68                      004216e0 f   StdAfx.obj
 0001:00020700       _$E70                      00421700 f   StdAfx.obj
 0001:00020710       _$E69                      00421710 f   StdAfx.obj
 0001:00020740       _$E76                      00421740 f   StdAfx.obj
 0001:00020750       _$E73                      00421750 f   StdAfx.obj
 0001:00020770       _$E75                      00421770 f   StdAfx.obj
 0001:00020780       _$E74                      00421780 f   StdAfx.obj
 0001:000207b0       _$E81                      004217b0 f   StdAfx.obj
 0001:000207c0       _$E78                      004217c0 f   StdAfx.obj
 0001:000207e0       _$E80                      004217e0 f   StdAfx.obj
 0001:000207f0       _$E79                      004217f0 f   StdAfx.obj
 0001:00020820       _$E84                      00421820 f   StdAfx.obj
 0001:00020830       _$E83                      00421830 f   StdAfx.obj
 0001:00014260       _$E68                      00415260 f   SdiVC6.obj
 0001:00014270       _$E65                      00415270 f   SdiVC6.obj
 0001:00014280       _$E67                      00415280 f   SdiVC6.obj
 0001:00014290       _$E66                      00415290 f   SdiVC6.obj
 0001:0002911d       _findenv                   0042a11d f   LIBCMT:setenv.obj
 0001:00029175       _copy_environ              0042a175 f   LIBCMT:setenv.obj
 0001:00028209       _strncnt                   00429209 f   LIBCMT:a_map.obj
 0001:00028a76       _siglookup                 00429a76 f   LIBCMT:winsig.obj
 0001:00028394       _strtoxl                   00429394 f   LIBCMT:strtol.obj
 0001:00028209       _strncnt                   00429209 f   LIBCMT:a_map.obj
 0001:00027d20       LeadUp1                    00428d20 f   LIBCMT:memcpy.obj
 0001:00027d4c       LeadUp2                    00428d4c f   LIBCMT:memcpy.obj
 0001:00027d70       LeadUp3                    00428d70 f   LIBCMT:memcpy.obj
 0001:00027def       UnwindUp0                  00428def f   LIBCMT:memcpy.obj
 0001:00027ddc       UnwindUp1                  00428ddc f   LIBCMT:memcpy.obj
 0001:00027dd4       UnwindUp2                  00428dd4 f   LIBCMT:memcpy.obj
 0001:00027dcc       UnwindUp3                  00428dcc f   LIBCMT:memcpy.obj
 0001:00027dc4       UnwindUp4                  00428dc4 f   LIBCMT:memcpy.obj
 0001:00027dbc       UnwindUp5                  00428dbc f   LIBCMT:memcpy.obj
 0001:00027db4       UnwindUp6                  00428db4 f   LIBCMT:memcpy.obj
 0001:00027dac       UnwindUp7                  00428dac f   LIBCMT:memcpy.obj
 0001:00027e08       TrailUp0                   00428e08 f   LIBCMT:memcpy.obj
 0001:00027e10       TrailUp1                   00428e10 f   LIBCMT:memcpy.obj
 0001:00027e1c       TrailUp2                   00428e1c f   LIBCMT:memcpy.obj
 0001:00027e30       TrailUp3                   00428e30 f   LIBCMT:memcpy.obj
 0001:00027ea8       LeadDown1                  00428ea8 f   LIBCMT:memcpy.obj
 0001:00027ec8       LeadDown2                  00428ec8 f   LIBCMT:memcpy.obj
 0001:00027ef0       LeadDown3                  00428ef0 f   LIBCMT:memcpy.obj
 0001:00027f44       UnwindDown7                00428f44 f   LIBCMT:memcpy.obj
 0001:00027f4c       UnwindDown6                00428f4c f   LIBCMT:memcpy.obj
 0001:00027f54       UnwindDown5                00428f54 f   LIBCMT:memcpy.obj
 0001:00027f5c       UnwindDown4                00428f5c f   LIBCMT:memcpy.obj
 0001:00027f64       UnwindDown3                00428f64 f   LIBCMT:memcpy.obj
 0001:00027f6c       UnwindDown2                00428f6c f   LIBCMT:memcpy.obj
 0001:00027f74       UnwindDown1                00428f74 f   LIBCMT:memcpy.obj
 0001:00027f87       UnwindDown0                00428f87 f   LIBCMT:memcpy.obj
 0001:00027fa0       TrailDown0                 00428fa0 f   LIBCMT:memcpy.obj
 0001:00027fa8       TrailDown1                 00428fa8 f   LIBCMT:memcpy.obj
 0001:00027fb8       TrailDown2                 00428fb8 f   LIBCMT:memcpy.obj
 0001:00027fcc       TrailDown3                 00428fcc f   LIBCMT:memcpy.obj
 0001:0002760c       _parse_cmdline             0042860c f   LIBCMT:stdargv.obj
 0001:00027428       _xcptlookup                00428428 f   LIBCMT:winxfltr.obj
 0001:00026d1a       __tzset_lk                 00427d1a f   LIBCMT:tzset.obj
 0001:00026fc2       __isindst_lk               00427fc2 f   LIBCMT:tzset.obj
 0001:0002716e       _cvtdate                   0042816e f   LIBCMT:tzset.obj
 0001:00024fec       _getSystemCP               00425fec f   LIBCMT:mbctype.obj
 0001:00025036       _CPtoLCID                  00426036 f   LIBCMT:mbctype.obj
 0001:00025069       _setSBCS                   00426069 f   LIBCMT:mbctype.obj
 0001:00025092       _setSBUpLow                00426092 f   LIBCMT:mbctype.obj
 0001:00023f5d       ?FindHandler@@YAXPAUEHExceptionRecord@@PAUEHRegistrationNode@@PAU_CONTEXT@@PAXPBU_s_FuncInfo@@EH1@Z 00424f5d f   LIBCMT:frame.obj
 0001:00024110       ?FindHandlerForForeignException@@YAXPAUEHExceptionRecord@@PAUEHRegistrationNode@@PAU_CONTEXT@@PAXPBU_s_FuncInfo@@HH1@Z 00425110 f   LIBCMT:frame.obj
 0001:000241ba       ?TypeMatch@@YAHPBU_s_HandlerType@@PBU_s_CatchableType@@PBU_s_ThrowInfo@@@Z 004251ba f   LIBCMT:frame.obj
 0001:00022d78       ?FrameUnwindFilter@@YAHPAU_EXCEPTION_POINTERS@@@Z 00423d78 f   LIBCMT:ehvecdtr.obj
 0001:000242b5       ?CatchIt@@YAXPAUEHExceptionRecord@@PAUEHRegistrationNode@@PAU_CONTEXT@@PAXPBU_s_FuncInfo@@PBU_s_HandlerType@@PBU_s_CatchableType@@PBU_s_TryBlockMapEntry@@H1E@Z 004252b5 f   LIBCMT:frame.obj
 0001:00024330       ?CallCatchBlock@@YAPAXPAUEHExceptionRecord@@PAUEHRegistrationNode@@PAU_CONTEXT@@PBU_s_FuncInfo@@PAXHK@Z 00425330 f   LIBCMT:frame.obj
 0001:0002444b       ?ExFilterRethrow@@YAHPAU_EXCEPTION_POINTERS@@@Z 0042544b f   LIBCMT:frame.obj
 0001:00024475       ?BuildCatchObject@@YAXPAUEHExceptionRecord@@PAUEHRegistrationNode@@PBU_s_HandlerType@@PBU_s_CatchableType@@@Z 00425475 f   LIBCMT:frame.obj
 0001:000246a0       ?AdjustPointer@@YAPAXPAXABUPMD@@@Z 004256a0 f   LIBCMT:frame.obj
 0001:00023e9e       _fast_error_exit           00424e9e f   LIBCMT:wincrt0.obj
 0001:000239de       __make_time_t              004249de f   LIBCMT:mktime.obj
 0001:00023920       _x_ismbbtype               00424920 f   LIBCMT:ismbbyte.obj
 0001:000235c5       _doexit                    004245c5 f   LIBCMT:crt0dat.obj
 0001:0002367c       __initterm                 0042467c f   LIBCMT:crt0dat.obj
 0001:000230e0       LeadUp1                    004240e0 f   LIBCMT:memmove.obj
 0001:0002310c       LeadUp2                    0042410c f   LIBCMT:memmove.obj
 0001:00023130       LeadUp3                    00424130 f   LIBCMT:memmove.obj
 0001:000231af       UnwindUp0                  004241af f   LIBCMT:memmove.obj
 0001:0002319c       UnwindUp1                  0042419c f   LIBCMT:memmove.obj
 0001:00023194       UnwindUp2                  00424194 f   LIBCMT:memmove.obj
 0001:0002318c       UnwindUp3                  0042418c f   LIBCMT:memmove.obj
 0001:00023184       UnwindUp4                  00424184 f   LIBCMT:memmove.obj
 0001:0002317c       UnwindUp5                  0042417c f   LIBCMT:memmove.obj
 0001:00023174       UnwindUp6                  00424174 f   LIBCMT:memmove.obj
 0001:0002316c       UnwindUp7                  0042416c f   LIBCMT:memmove.obj
 0001:000231c8       TrailUp0                   004241c8 f   LIBCMT:memmove.obj
 0001:000231d0       TrailUp1                   004241d0 f   LIBCMT:memmove.obj
 0001:000231dc       TrailUp2                   004241dc f   LIBCMT:memmove.obj
 0001:000231f0       TrailUp3                   004241f0 f   LIBCMT:memmove.obj
 0001:00023268       LeadDown1                  00424268 f   LIBCMT:memmove.obj
 0001:00023288       LeadDown2                  00424288 f   LIBCMT:memmove.obj
 0001:000232b0       LeadDown3                  004242b0 f   LIBCMT:memmove.obj
 0001:00023304       UnwindDown7                00424304 f   LIBCMT:memmove.obj
 0001:0002330c       UnwindDown6                0042430c f   LIBCMT:memmove.obj
 0001:00023314       UnwindDown5                00424314 f   LIBCMT:memmove.obj
 0001:0002331c       UnwindDown4                0042431c f   LIBCMT:memmove.obj
 0001:00023324       UnwindDown3                00424324 f   LIBCMT:memmove.obj
 0001:0002332c       UnwindDown2                0042432c f   LIBCMT:memmove.obj
 0001:00023334       UnwindDown1                00424334 f   LIBCMT:memmove.obj
 0001:00023347       UnwindDown0                00424347 f   LIBCMT:memmove.obj
 0001:00023360       TrailDown0                 00424360 f   LIBCMT:memmove.obj
 0001:00023368       TrailDown1                 00424368 f   LIBCMT:memmove.obj
 0001:00023378       TrailDown2                 00424378 f   LIBCMT:memmove.obj
 0001:0002338c       TrailDown3                 0042438c f   LIBCMT:memmove.obj
 0001:00022d78       ?ArrayUnwindFilter@@YAHPAU_EXCEPTION_POINTERS@@@Z 00423d78 f   LIBCMT:ehvecdtr.obj
 0001:00022afc       _gu_return                 00423afc f   LIBCMT:exsup.obj
 0001:00022b04       __unwind_handler           00423b04 f   LIBCMT:exsup.obj
 0001:00022916       ?CatchGuardHandler@@YA?AW4_EXCEPTION_DISPOSITION@@PAUEHExceptionRecord@@PAUCatchGuardRN@@PAX2@Z 00423916 f   LIBCMT:trnsctrl.obj
 0001:000229f1       ?TranslatorGuardHandler@@YA?AW4_EXCEPTION_DISPOSITION@@PAUEHExceptionRecord@@PAUTranslatorGuardRN@@PAX2@Z 004239f1 f   LIBCMT:trnsctrl.obj

 2551 bytes saved through ICF

