 SdiVC6

 Timestamp is 5947412c (Mon Jun 19 12:12:44 2017)

 Preferred load address is 00400000

 Start         Length     Name                   Class
 0001:00000000 0002b2a6H .text                   CODE
 0001:0002b2b0 00000d68H .text$x                 CODE
 0002:00000000 00000434H .idata$5                DATA
 0002:00000438 0000154cH .rdata                  DATA
 0002:00001988 00000044H .rdata$r                DATA
 0002:000019d0 000010e8H .xdata$x                DATA
 0002:00002ab8 000000a0H .idata$2                DATA
 0002:00002b58 00000014H .idata$3                DATA
 0002:00002b6c 00000434H .idata$4                DATA
 0002:00002fa0 000011c4H .idata$6                DATA
 0002:00004164 00000000H .edata                  DATA
 0003:00000000 00000004H .CRT$XCA                DATA
 0003:00000004 00000018H .CRT$XCU                DATA
 0003:0000001c 00000004H .CRT$XCZ                DATA
 0003:00000020 00000004H .CRT$XIA                DATA
 0003:00000024 00000008H .CRT$XIC                DATA
 0003:0000002c 00000004H .CRT$XIY                DATA
 0003:00000030 00000004H .CRT$XIZ                DATA
 0003:00000034 00000004H .CRT$XPA                DATA
 0003:00000038 00000004H .CRT$XPZ                DATA
 0003:0000003c 00000004H .CRT$XTA                DATA
 0003:00000040 00000004H .CRT$XTB                DATA
 0003:00000044 00000004H .CRT$XTZ                DATA
 0003:00000050 00002e60H .data                   DATA
 0003:00002eb0 000009f0H .bss                    DATA
 0004:00000000 00000928H .rsrc$01                DATA
 0004:00000930 00003568H .rsrc$02                DATA

  Address         Publics by Value              Rva+Base     Lib:Object

 0001:00000000       ?CreateObject@CMainFrame@@SAPAVCObject@@XZ 00401000 f   MainFrm.obj
 0001:00000060       ?GetRuntimeClass@CMainFrame@@UBEPAUCRuntimeClass@@XZ 00401060 f   MainFrm.obj
 0001:00000070       ??0CMainFrame@@IAE@XZ      00401070 f   MainFrm.obj
 0001:00000240       ?_ProcessWindowMessage@CMainFrame@@UAEHPAUHWND__@@IIJAAJ@Z 00401240 f i MainFrm.obj
 0001:00000280       ??_GCMainFrame@@UAEPAXI@Z  00401280 f i MainFrm.obj
 0001:00000280       ??_ECMainFrame@@UAEPAXI@Z  00401280 f i MainFrm.obj
 0001:000002a0       ??1CMainFrame@@UAE@XZ      004012a0 f   MainFrm.obj
 0001:000003e0       ?OnCreate@CMainFrame@@IAEHPAUtagCREATESTRUCTA@@@Z 004013e0 f   MainFrm.obj
 0001:000005f0       ?PreCreateWindow@CMainFrame@@UAEHAAUtagCREATESTRUCTA@@@Z 004015f0 f   MainFrm.obj
 0001:000008f0       ?AddHead@?$CList@PAVCFrameWnd@@ABQAV1@@@QAEPAU__POSITION@@ABQAVCFrameWnd@@@Z 004018f0 f i MainFrm.obj
 0001:00000920       ??YCString@WTL@@QAEAAV01@PBD@Z 00401920 f i MainFrm.obj
 0001:00000a40       ?memcpy_x@SecureHelper@WTL@@YAXPAXIPBXI@Z 00401a40 f i MainFrm.obj
 0001:00000a70       ??1CString@WTL@@QAE@XZ     00401a70 f i MainFrm.obj
 0001:00000aa0       ?AllocBuffer@CString@WTL@@IAEHH@Z 00401aa0 f i MainFrm.obj
 0001:00000b00       ?ConcatInPlace@CString@WTL@@IAEXHPBD@Z 00401b00 f i MainFrm.obj
 0001:00000c00       ?_AfxRegisterWithIcon@CAfx@@SAHPAUtagWNDCLASSA@@PBDI@Z 00401c00 f i MainFrm.obj
 0001:00000e00       ?Release@CString@WTL@@KGXPAUCStringData@2@@Z 00401e00 f i MainFrm.obj
 0001:00000e30       ?AfxRegisterClass@CAfx@@SAHPAUtagWNDCLASSA@@@Z 00401e30 f i MainFrm.obj
 0001:00001020       ?_GetAfxData@CAfx@@SAABU_AUX_DATA@@XZ 00402020 f i MainFrm.obj
 0001:00001110       ?GetCurrentMessage@CCmdTarget@@UBEPBUtagMSG@@XZ 00402110 f i MainFrm.obj
 0001:00001120       ?OnCmdMsg@CCmdTarget@@UAEHIHPAXPAUAFX_CMDHANDLERINFO@@@Z 00402120 f i MainFrm.obj
 0001:00001120       ?OnCmdMsg@CDocTemplate@@UAEHIHPAXPAUAFX_CMDHANDLERINFO@@@Z 00402120 f i MainFrm.obj
 0001:00001200       ??0CWMHnd@@QAE@PAUHWND__@@@Z 00402200 f i MainFrm.obj
 0001:00001220       ?_ProcessWindowMessage@CCmdTarget@@UAEHPAUHWND__@@IIJAAJ@Z 00402220 f i MainFrm.obj
 0001:00001230       ??1CWMHnd@@UAE@XZ          00402230 f i MainFrm.obj
 0001:00001240       ?CalcWindowRect@CWMHnd@@UAEXPAUtagRECT@@I@Z 00402240 f i MainFrm.obj
 0001:00001280       ?EnableWindow@CWMHnd@@UAEXH@Z 00402280 f i MainFrm.obj
 0001:000012a0       ?GetMenu@CWMHnd@@UBEPAVCMenuMTL@@XZ 004022a0 f i MainFrm.obj
 0001:000012d0       ?classHandleFuncCMenuMTL@CMenuMTL@@SAPAXPAX0@Z 004022d0 f i MainFrm.obj
 0001:00001310       ??_ECMenuMTL@@UAEPAXI@Z    00402310 f i MainFrm.obj
 0001:00001310       ??_GCMenuMTL@@UAEPAXI@Z    00402310 f i MainFrm.obj
 0001:00001330       ??1CMenuMTL@@UAE@XZ        00402330 f i MainFrm.obj
 0001:00001380       ?GetEventSinkMap@CCmdTarget@@UBEPBUAFX_EVENTSINKMAP@@XZ 00402380 f i MainFrm.obj
 0001:00001380       ?IsDockBar@CControlBar@@UBEHXZ 00402380 f i MainFrm.obj
 0001:00001380       ?GetDefaultAccelerator@CDocument@@UAEPAUHACCEL__@@XZ 00402380 f i MainFrm.obj
 0001:00001380       ?OnFileNameOK@CFileDialogMTL@@UAEHXZ 00402380 f i MainFrm.obj
 0001:00001380       ?IsFrameWnd@CWMHnd@@UAEHXZ 00402380 f i MainFrm.obj
 0001:00001390       ?OnHideMenuBar@CFrameWnd@@UAEXXZ 00402390 f i MainFrm.obj
 0001:00001390       ?_afxdata@?1??_GetAfxData@CAfx@@SAABU_AUX_DATA@@XZ@$AU2@A 00402390 f i MainFrm.obj
 0001:00001390       ?_simpleNotSupportedException@?1??GetCException@CAfx@@SAAAVCException@@H@Z@$AVCNotSupportedException@@A 00402390 f i MainFrm.obj
 0001:00001390       ?PostNcDestroy@CWMHnd@@UAEXXZ 00402390 f i MainFrm.obj
 0001:00001390       ?OnShowMenuBar@CFrameWnd@@UAEXXZ 00402390 f i MainFrm.obj
 0001:00001390       ?_simpleResourceException@?1??GetCException@CAfx@@SAAAVCException@@H@Z@$AVCResourceException@@A 00402390 f i MainFrm.obj
 0001:00001390       ?UpdateOFNFromShellDialog@CFileDialogMTL@@UAEXXZ 00402390 f i MainFrm.obj
 0001:00001390       ?_simpleMemoryException@?1??GetCException@CAfx@@SAAAVCException@@H@Z@$AVCMemoryException@@A 00402390 f i MainFrm.obj
 0001:00001390       ?OnFileNameChange@CFileDialogMTL@@UAEXXZ 00402390 f i MainFrm.obj
 0001:00001390       ?OnTypeChange@CFileDialogMTL@@UAEXXZ 00402390 f i MainFrm.obj
 0001:00001390       ?_simpleInvalidArgException@?1??GetCException@CAfx@@SAAAVCException@@H@Z@$AVCInvalidArgException@@A 00402390 f i MainFrm.obj
 0001:00001390       ?DeleteContents@CDocument@@UAEXXZ 00402390 f i MainFrm.obj
 0001:00001390       ?OnFolderChange@CFileDialogMTL@@UAEXXZ 00402390 f i MainFrm.obj
 0001:000013a0       ?SetMenu@CWMHnd@@UAEHPAVCMenuMTL@@@Z 004023a0 f i MainFrm.obj
 0001:000013d0       ??0CWnd@@QAE@PAUHWND__@@@Z 004023d0 f i MainFrm.obj
 0001:00001410       ?CWndDestruct@CWnd@@QAEXXZ 00402410 f i MainFrm.obj
 0001:00001470       ??1CWnd@@UAE@XZ            00402470 f i MainFrm.obj
 0001:000014c0       ?DefWindowProcA@CWnd@@UAEJIIJ@Z 004024c0 f i MainFrm.obj
 0001:000014e0       ?WindowProc@CWnd@@UAEJIIJ@Z 004024e0 f i MainFrm.obj
 0001:00001530       ?OnWndMsg@CWnd@@UAEHIIJPAJ@Z 00402530 f i MainFrm.obj
 0001:000015b0       ?OnChildNotify@CWnd@@UAEHIIJPAJ@Z 004025b0 f i MainFrm.obj
 0001:000017a0       ?OnCommand@CWnd@@UAEHIJ@Z  004027a0 f i MainFrm.obj
 0001:000018d0       ?Enable@CTestCmdUI@@UAEXH@Z 004028d0 f i MainFrm.obj
 0001:000018f0       ?OnToolHitTest@CWnd@@UBEJVCPoint@WTL@@PAUtagTOOLINFOA@@@Z 004028f0 f i MainFrm.obj
 0001:00001a20       ?OnNotify@CWnd@@UAEHIJPAJ@Z 00402a20 f i MainFrm.obj
 0001:00001af0       ?Create@CWnd@@UAEHPBD0KABUtagRECT@@PAV1@IPAUCCreateContext@@@Z 00402af0 f i MainFrm.obj
 0001:00001b50       ?CreateEx@CWnd@@UAEHKPBD0KHHHHPAUHWND__@@PAUHMENU__@@PAX@Z 00402b50 f i MainFrm.obj
 0001:00001ce0       ?CbtFilterHook@CWnd@@SGJHIJ@Z 00402ce0 f i MainFrm.obj
 0001:00001e10       ?classHandleFuncCWnd@CWnd@@SAPAXPAX0@Z 00402e10 f i MainFrm.obj
 0001:00001e70       ?AfxWindowProc@CWnd@@SGJPAUHWND__@@IIJ@Z 00402e70 f i MainFrm.obj
 0001:00001ec0       ?DestroyWindow@CWnd@@UAEHXZ 00402ec0 f i MainFrm.obj
 0001:00001ed0       ?PreCreateWindow@CWnd@@UAEHAAUtagCREATESTRUCTA@@@Z 00402ed0 f i MainFrm.obj
 0001:00002220       ?_AfxInitCommonControls@CAfx@@SAJPAUtagINITCOMMONCONTROLSEX@@J@Z 00403220 f i MainFrm.obj
 0001:00002240       ?ContinueModal@CWnd@@UAEHXZ 00403240 f i MainFrm.obj
 0001:00002250       ?EndModalLoop@CWnd@@UAEXH@Z 00403250 f i MainFrm.obj
 0001:00002280       ??_ECWnd@@UAEPAXI@Z        00403280 f i MainFrm.obj
 0001:00002280       ??_GCWnd@@UAEPAXI@Z        00403280 f i MainFrm.obj
 0001:000022a0       ?_ProcessWindowMessage@CWnd@@UAEHPAUHWND__@@IIJAAJ@Z 004032a0 f i MainFrm.obj
 0001:00002500       ??1?$CDCT@$00@WTL@@QAE@XZ  00403500 f i MainFrm.obj
 0001:00002520       ?SetAttribDC@CDCMTL@@UAEXPAUHDC__@@@Z 00403520 f i MainFrm.obj
 0001:00002530       ?ReleaseAttribDC@CDCMTL@@UAEXXZ 00403530 f i MainFrm.obj
 0001:00002540       ?SaveDC@CDCMTL@@UAEHXZ     00403540 f i MainFrm.obj
 0001:00002580       ?RestoreDC@CDCMTL@@UAEHH@Z 00403580 f i MainFrm.obj
 0001:000025d0       ?TextOutA@CDCMTL@@UAEHHHPBDH@Z 004035d0 f i MainFrm.obj
 0001:00002600       ??_ECDCMTL@@UAEPAXI@Z      00403600 f i MainFrm.obj
 0001:00002600       ??_GCDCMTL@@UAEPAXI@Z      00403600 f i MainFrm.obj
 0001:00002620       ??1CDCMTL@@UAE@XZ          00403620 f i MainFrm.obj
 0001:00002620       ??1?$CHandleWrapper@VCDCMTL@@PAUHDC__@@V?$CDCT@$00@WTL@@@@UAE@XZ 00403620 f i MainFrm.obj
 0001:00002670       ?OnInitDialog@CWMHnd@@UAEHXZ 00403670 f i MainFrm.obj
 0001:00002670       ?Default@CWMHnd@@QAEJXZ    00403670 f i MainFrm.obj
 0001:00002670       ?OnCancel@CCommonDialog@@UAEXXZ 00403670 f i MainFrm.obj
 0001:00002690       ?AfxUnsubclassWindow@CWnd@@QAEPAUHWND__@@XZ 00403690 f i MainFrm.obj
 0001:000026e0       ??0CControlBar@@QAE@XZ     004036e0 f i MainFrm.obj
 0001:00002790       ?WindowProc@CControlBar@@UAEJIIJ@Z 00403790 f i MainFrm.obj
 0001:00002a20       ?CalcDynamicLayout@CControlBar@@UAE?AVCSize@WTL@@HK@Z 00403a20 f i MainFrm.obj
 0001:00002a50       ?CalcFixedLayout@CControlBar@@UAE?AVCSize@WTL@@HH@Z 00403a50 f i MainFrm.obj
 0001:00002a90       ?EnableDocking@CControlBar@@QAEXK@Z 00403a90 f i MainFrm.obj
 0001:00002be0       ?IsVisible@CControlBar@@UBEHXZ 00403be0 f i MainFrm.obj
 0001:00002c10       ?PostNcDestroy@CControlBar@@UAEXXZ 00403c10 f i MainFrm.obj
 0001:00002c30       ?PreCreateWindow@CControlBar@@UAEHAAUtagCREATESTRUCTA@@@Z 00403c30 f i MainFrm.obj
 0001:00002f90       ??_GCControlBar@@UAEPAXI@Z 00403f90 f i MainFrm.obj
 0001:00002f90       ??_ECControlBar@@UAEPAXI@Z 00403f90 f i MainFrm.obj
 0001:00002fb0       ??1CControlBar@@UAE@XZ     00403fb0 f i MainFrm.obj
 0001:00003020       ?_ProcessWindowMessage@CControlBar@@UAEHPAUHWND__@@IIJAAJ@Z 00404020 f i MainFrm.obj
 0001:00003310       ?Find@?$CList@PAXPAX@@QBEPAU__POSITION@@PAXPAU2@@Z 00404310 f i MainFrm.obj
 0001:00003340       ?RemoveAt@?$CList@PAXPAX@@QAEXPAU__POSITION@@@Z 00404340 f i MainFrm.obj
 0001:000033a0       ?OnInitialUpdate@CControlBar@@QAEXXZ 004043a0 f i MainFrm.obj
 0001:000034d0       ?OnSizeParent@CControlBar@@QAEJIJ@Z 004044d0 f i MainFrm.obj
 0001:00003770       ?OnBarStyleChange@CStatusBar@@UAEXKK@Z 00404770 f i MainFrm.obj
 0001:000037a0       ?OnUpdateCmdUI@CStatusBar@@UAEXPAVCFrameWnd@@H@Z 004047a0 f i MainFrm.obj
 0001:00003890       ?UpdateDialogControls@CWnd@@QAEXPAVCCmdTarget@@H@Z 00404890 f i MainFrm.obj
 0001:00003a70       ?OnIdle@CCmdUI@@QAEHPAVCCmdTarget@@H@Z 00404a70 f i MainFrm.obj
 0001:00003ae0       ?Enable@CCmdUI@@UAEXH@Z    00404ae0 f i MainFrm.obj
 0001:00003b80       ?SetCheck@CCmdUI@@UAEXH@Z  00404b80 f i MainFrm.obj
 0001:00003bf0       ?SetRadio@CCmdUI@@UAEXH@Z  00404bf0 f i MainFrm.obj
 0001:00003c40       ?SetText@CCmdUI@@UAEXPBD@Z 00404c40 f i MainFrm.obj
 0001:00003d10       ?CalcFixedLayout@CStatusBar@@UAE?AVCSize@WTL@@HH@Z 00404d10 f i MainFrm.obj
 0001:00003ec0       ??0?$CHandleWrapper@VCDCMTL@@PAUHDC__@@V?$CDCT@$00@WTL@@@@QAE@PAUHDC__@@@Z 00404ec0 f i MainFrm.obj
 0001:00003ec0       ??0?$CHandleWrapper@VCRgnMTL@@PAUHRGN__@@V?$CRgnT@$00@WTL@@@@QAE@PAUHRGN__@@@Z 00404ec0 f i MainFrm.obj
 0001:00003ee0       ??_ECClientDCMTL@@UAEPAXI@Z 00404ee0 f i MainFrm.obj
 0001:00003ee0       ??_GCClientDCMTL@@UAEPAXI@Z 00404ee0 f i MainFrm.obj
 0001:00003f00       ??1CClientDCMTL@@UAE@XZ    00404f00 f i MainFrm.obj
 0001:00003f60       ?CalcInsideRect@CControlBar@@QBEXAAVCRect@WTL@@H@Z 00404f60 f i MainFrm.obj
 0001:00004050       ?Create@CStatusBar@@UAEHPAVCWnd@@KI@Z 00405050 f i MainFrm.obj
 0001:00004070       ?CreateEx@CStatusBar@@UAEHPAVCWnd@@KKI@Z 00405070 f i MainFrm.obj
 0001:00004130       ?AfxEndDeferRegisterClass@CAfx@@SAHJ@Z 00405130 f i MainFrm.obj
 0001:00004630       ?PreCreateWindow@CStatusBar@@UAEHAAUtagCREATESTRUCTA@@@Z 00405630 f i MainFrm.obj
 0001:00004960       ?SetIndicators@CStatusBar@@QAEHPBIH@Z 00405960 f i MainFrm.obj
 0001:00004ca0       ?Empty@CString@WTL@@QAEXXZ 00405ca0 f i MainFrm.obj
 0001:00004dc0       ??4CString@WTL@@QAEAAV01@PBD@Z 00405dc0 f i MainFrm.obj
 0001:00004e90       ?GetBuffer@CString@WTL@@QAEPADH@Z 00405e90 f i MainFrm.obj
 0001:00004f40       ?ReleaseBuffer@CString@WTL@@QAEXH@Z 00405f40 f i MainFrm.obj
 0001:00005000       ?AssignCopy@CString@WTL@@IAEXHPBD@Z 00406000 f i MainFrm.obj
 0001:000050c0       ?_LoadString@CString@WTL@@KGHIPADI@Z 004060c0 f i MainFrm.obj
 0001:000050f0       ??0CDCMTL@@QAE@PAUHDC__@@@Z 004060f0 f i MainFrm.obj
 0001:00005120       ?AllocElements@CControlBar@@QAEHHH@Z 00406120 f i MainFrm.obj
 0001:00005170       ?UpdateAllPanes@CStatusBar@@QAEXHH@Z 00406170 f i MainFrm.obj
 0001:00005460       ??1?$CArray@HABH@@QAE@XZ   00406460 f i MainFrm.obj
 0001:00005460       ?RemoveAll@?$CArray@HABH@@QAEXXZ 00406460 f i MainFrm.obj
 0001:00005460       ??1?$CArray@PAXABQAX@@QAE@XZ 00406460 f i MainFrm.obj
 0001:00005460       ?RemoveAll@?$CArray@PAXABQAX@@QAEXXZ 00406460 f i MainFrm.obj
 0001:00005480       ??_ECStatusBar@@UAEPAXI@Z  00406480 f i MainFrm.obj
 0001:00005480       ??_GCStatusBar@@UAEPAXI@Z  00406480 f i MainFrm.obj
 0001:000054a0       ??1CStatusBar@@UAE@XZ      004064a0 f i MainFrm.obj
 0001:00005510       ?_ProcessWindowMessage@CStatusBar@@UAEHPAUHWND__@@IIJAAJ@Z 00406510 f i MainFrm.obj
 0001:00005810       ?EraseNonClient@CControlBar@@QAEXXZ 00406810 f i MainFrm.obj
 0001:00005a70       ?Draw3dRect@?$CDCT@$00@WTL@@QAEXHHHHKK@Z 00406a70 f i MainFrm.obj
 0001:00005bd0       ??_GCWindowDCMTL@@UAEPAXI@Z 00406bd0 f i MainFrm.obj
 0001:00005bd0       ??_ECWindowDCMTL@@UAEPAXI@Z 00406bd0 f i MainFrm.obj
 0001:00005bf0       ??1CWindowDCMTL@@UAE@XZ    00406bf0 f i MainFrm.obj
 0001:00005c50       ?OnSetMinHeight@CStatusBar@@QAEJIJ@Z 00406c50 f i MainFrm.obj
 0001:00005c80       ?CommandToIndex@CStatusBar@@QBEHI@Z 00406c80 f i MainFrm.obj
 0001:00005cb0       ?SetPaneText@CStatusBar@@QAEHHPBDH@Z 00406cb0 f i MainFrm.obj
 0001:00005e80       ?Release@CString@WTL@@IAEXXZ 00406e80 f i MainFrm.obj
 0001:00005ec0       ?Enable@CStatusCmdUI@@UAEXH@Z 00406ec0 f i MainFrm.obj
 0001:00006080       ?SetCheck@CStatusCmdUI@@UAEXH@Z 00407080 f i MainFrm.obj
 0001:00006230       ?SetText@CStatusCmdUI@@UAEXPBD@Z 00407230 f i MainFrm.obj
 0001:000063c0       ?AllocBeforeWrite@CString@WTL@@IAEHH@Z 004073c0 f i MainFrm.obj
 0001:00006460       ??_GCDockContext@@UAEPAXI@Z 00407460 f i MainFrm.obj
 0001:00006460       ??_ECDockContext@@UAEPAXI@Z 00407460 f i MainFrm.obj
 0001:00006550       ?RemoveAt@?$CArray@PAXABQAX@@QAEXJJ@Z 00407550 f i MainFrm.obj
 0001:00006590       ?GetParentFrame@CWnd@@QAEPAVCFrameWnd@@XZ 00407590 f i MainFrm.obj
 0001:00006600       ?GetDockedCount@CDockBar@@QBEHXZ 00407600 f i MainFrm.obj
 0001:00006630       ?RemovePlaceHolder@CDockBar@@QAEXPAVCControlBar@@@Z 00407630 f i MainFrm.obj
 0001:000066d0       ?OnBarStyleChange@CToolBar@@UAEXKK@Z 004076d0 f i MainFrm.obj
 0001:00006710       ?OnToolHitTest@CToolBar@@UBEJVCPoint@WTL@@PAUtagTOOLINFOA@@@Z 00407710 f i MainFrm.obj
 0001:00006930       ??0CRect@WTL@@QAE@XZ       00407930 f i MainFrm.obj
 0001:00006940       ?OnUpdateCmdUI@CToolBar@@UAEXPAVCFrameWnd@@H@Z 00407940 f i MainFrm.obj
 0001:00006ad0       ?CalcDynamicLayout@CToolBar@@UAE?AVCSize@WTL@@HK@Z 00407ad0 f i MainFrm.obj
 0001:00006b20       ?CalcFixedLayout@CToolBar@@UAE?AVCSize@WTL@@HH@Z 00407b20 f i MainFrm.obj
 0001:00006b50       ?CalcLayout@CToolBar@@QAE?AVCSize@WTL@@KH@Z 00407b50 f i MainFrm.obj
 0001:00007220       ?SetWindowPos@CWMHnd@@QAEHPBV1@HHHHI@Z 00408220 f i MainFrm.obj
 0001:00007260       ?CalcSize@CToolBar@@QAE?AVCSize@WTL@@PAU_TBBUTTON@@H@Z 00408260 f i MainFrm.obj
 0001:00007470       ?Create@CToolBar@@UAEHPAVCWnd@@KI@Z 00408470 f i MainFrm.obj
 0001:000074c0       ?CreateEx@CToolBar@@UAEHPAVCWnd@@KKVCRect@WTL@@I@Z 004084c0 f i MainFrm.obj
 0001:000076e0       ?Layout@CToolBar@@QAEXXZ   004086e0 f i MainFrm.obj
 0001:00007750       ?_SetButton@CToolBar@@QAEXHPAU_TBBUTTON@@@Z 00408750 f i MainFrm.obj
 0001:00007900       ?SetButtons@CToolBar@@QAEHPBIH@Z 00408900 f i MainFrm.obj
 0001:00007a40       ?SetSizes@CToolBar@@QAEXUtagSIZE@@0@Z 00408a40 f i MainFrm.obj
 0001:00007af0       ?SizeToolBar@CToolBar@@QAEXPAU_TBBUTTON@@HHH@Z 00408af0 f i MainFrm.obj
 0001:00007e40       ?WrapToolBar@CToolBar@@QAEHPAU_TBBUTTON@@HH@Z 00408e40 f i MainFrm.obj
 0001:00007f30       ??_GCToolBar@@UAEPAXI@Z    00408f30 f i MainFrm.obj
 0001:00007f30       ??_ECToolBar@@UAEPAXI@Z    00408f30 f i MainFrm.obj
 0001:00007f50       ??1CToolBar@@UAE@XZ        00408f50 f i MainFrm.obj
 0001:00007fc0       ?_ProcessWindowMessage@CToolBar@@UAEHPAUHWND__@@IIJAAJ@Z 00408fc0 f i MainFrm.obj
 0001:000084e0       ?AddTail@?$CList@PAXPAX@@QAEPAU__POSITION@@PAX@Z 004094e0 f i MainFrm.obj
 0001:00008510       ?OnLButtonDown@CControlBar@@QAEXIVCPoint@WTL@@@Z 00409510 f i MainFrm.obj
 0001:00008580       ?OnLButtonDblClk@CControlBar@@QAEXIVCPoint@WTL@@@Z 00409580 f i MainFrm.obj
 0001:00008750       ?GetNext@?$CList@PAXPAX@@QBEABQAXAAPAU__POSITION@@@Z 00409750 f i MainFrm.obj
 0001:00008770       ?OnPreserveSizingPolicyHelper@CToolBar@@QAEJIJ@Z 00409770 f i MainFrm.obj
 0001:00008a80       ?_AfxModifyStyle@CWMHnd@@SAHPAUHWND__@@HKKI@Z 00409a80 f i MainFrm.obj
 0001:00008ae0       ?ModifyStyle@CWMHnd@@QAEHKKI@Z 00409ae0 f i MainFrm.obj
 0001:00008b40       ?OnPreserveZeroBorderHelper@CToolBar@@QAEJIJ@Z 00409b40 f i MainFrm.obj
 0001:00008c00       ?OnSetButtonSize@CToolBar@@QAEJIJ@Z 00409c00 f i MainFrm.obj
 0001:00008cd0       ?OnSetBitmapSize@CToolBar@@QAEJIJ@Z 00409cd0 f i MainFrm.obj
 0001:00008da0       ?DrawBorders@CControlBar@@QAEXPAVCDCMTL@@AAVCRect@WTL@@@Z 00409da0 f i MainFrm.obj
 0001:000091e0       ?FillSolidRect@?$CDCT@$00@WTL@@QAEXPBUtagRECT@@K@Z 0040a1e0 f i MainFrm.obj
 0001:00009230       ?IsDerivedFrom@CRuntimeClass@@QBEHPBU1@@Z 0040a230 f i MainFrm.obj
 0001:00009250       ?Enable@CToolCmdUI@@UAEXH@Z 0040a250 f i MainFrm.obj
 0001:00009480       ?SetCheck@CToolCmdUI@@UAEXH@Z 0040a480 f i MainFrm.obj
 0001:000096b0       ?CFrameWndDestruct@CFrameWnd@@QAEXXZ 0040a6b0 f i MainFrm.obj
 0001:00009730       ??1CFrameWnd@@UAE@XZ       0040a730 f i MainFrm.obj
 0001:000097f0       ?OnCreateClient@CFrameWnd@@UAEHPAUtagCREATESTRUCTA@@PAUCCreateContext@@@Z 0040a7f0 f i MainFrm.obj
 0001:000098b0       ?ActivateFrame@CFrameWnd@@UAEXH@Z 0040a8b0 f i MainFrm.obj
 0001:00009950       ?Create@CFrameWnd@@UAEHPBD0KABUtagRECT@@PAVCWnd@@0KPAUCCreateContext@@@Z 0040a950 f i MainFrm.obj
 0001:00009aa0       ?DockControlBar@CFrameWnd@@QAEXPAVCControlBar@@PAVCDockBar@@PBUtagRECT@@@Z 0040aaa0 f i MainFrm.obj
 0001:00009d90       ?Add@?$CArray@PAXABQAX@@QAEJABQAX@Z 0040ad90 f i MainFrm.obj
 0001:00009ec0       ?AfxSetWindowText@CAfx@@SAXPAUHWND__@@PBD@Z 0040aec0 f i MainFrm.obj
 0001:00009f40       ?ScreenToClient@CWMHnd@@QBEXPAUtagRECT@@@Z 0040af40 f i MainFrm.obj
 0001:00009f70       ?SetParent@CWnd@@QAEPAV1@PAV1@@Z 0040af70 f i MainFrm.obj
 0001:00009fa0       ?GetDockingFrame@CControlBar@@QAEPAVCFrameWnd@@XZ 0040afa0 f i MainFrm.obj
 0001:0000a020       ?Insert@CDockBar@@QAEHPAVCControlBar@@VCRect@WTL@@VCPoint@4@@Z 0040b020 f i MainFrm.obj
 0001:0000a2d0       ?InsertAt@?$CArray@PAXABQAX@@QAEXJABQAXJ@Z 0040b2d0 f i MainFrm.obj
 0001:0000a560       ?SetSize@?$CArray@PAXABQAX@@QAEXJJ@Z 0040b560 f i MainFrm.obj
 0001:0000a680       ?ConstructElements@@YAXPAPAXJ@Z 0040b680 f i MainFrm.obj
 0001:0000a680       ?ConstructElements@@YAXPAHJ@Z 0040b680 f i MainFrm.obj
 0001:0000a690       ?GetActiveFrame@CFrameWnd@@UAEPAV1@XZ 0040b690 f i MainFrm.obj
 0001:0000a6a0       ?IsDockBar@CDockBar@@UBEHXZ 0040b6a0 f i MainFrm.obj
 0001:0000a6a0       ?IsFrameWnd@CFrameWnd@@UAEHXZ 0040b6a0 f i MainFrm.obj
 0001:0000a6a0       ?InitInstance@CWinApp@@UAEHXZ 0040b6a0 f i MainFrm.obj
 0001:0000a6b0       ?LoadFrame@CFrameWnd@@UAEHIKPAVCWnd@@PAUCCreateContext@@@Z 0040b6b0 f i MainFrm.obj
 0001:0000aa20       ?AfxExtractSubString@CAfx@@SAHAAVCString@WTL@@PBDHD@Z 0040ba20 f i MainFrm.obj
 0001:0000ac40       ?AfxRegisterWndClass@CAfx@@SAPBDIPAUHICON__@@PAUHBRUSH__@@0@Z 0040bc40 f i MainFrm.obj
 0001:0000aeb0       ?SendMessageToDescendants@CWnd@@QAEXPAUHWND__@@IIJHH@Z 0040beb0 f i MainFrm.obj
 0001:0000af90       ?PostNcDestroy@CFrameWnd@@UAEXXZ 0040bf90 f i MainFrm.obj
 0001:0000af90       ?PostNcDestroy@CView@@UAEXXZ 0040bf90 f i MainFrm.obj
 0001:0000afa0       ?PreCreateWindow@CFrameWnd@@UAEHAAUtagCREATESTRUCTA@@@Z 0040bfa0 f i MainFrm.obj
 0001:0000b2f0       ?PreTranslateMessage@CFrameWnd@@UAEHPAUtagMSG@@@Z 0040c2f0 f i MainFrm.obj
 0001:0000b350       ?RecalcLayout@CFrameWnd@@UAEXH@Z 0040c350 f i MainFrm.obj
 0001:0000b4e0       ?RepositionBars@CWnd@@QAEXIIIIPAUtagRECT@@PBU2@H@Z 0040c4e0 f i MainFrm.obj
 0001:0000b750       ?ReDockControlBar@CFrameWnd@@QAEXPAVCControlBar@@PAVCDockBar@@PBUtagRECT@@@Z 0040c750 f i MainFrm.obj
 0001:0000b860       ??_GCFrameWnd@@UAEPAXI@Z   0040c860 f i MainFrm.obj
 0001:0000b860       ??_ECFrameWnd@@UAEPAXI@Z   0040c860 f i MainFrm.obj
 0001:0000b880       ?_ProcessWindowMessage@CFrameWnd@@UAEHPAUHWND__@@IIJAAJ@Z 0040c880 f i MainFrm.obj
 0001:0000c680       ?PostMessageA@CWindow@ATL@@QAEHIIJ@Z 0040d680 f i MainFrm.obj
 0001:0000c6a0       ??1?$CMenuT@$00@WTL@@QAE@XZ 0040d6a0 f i MainFrm.obj
 0001:0000c6c0       ?GetSubMenu@CMenuMTL@@QAEPAV1@H@Z 0040d6c0 f i MainFrm.obj
 0001:0000c6f0       ?GetTopLevelParent@CWnd@@QAEPAV1@XZ 0040d6f0 f i MainFrm.obj
 0001:0000c7a0       ?GetDescendantWindow@CWnd@@QAEPAV1@HH@Z 0040d7a0 f i MainFrm.obj
 0001:0000c850       ?GetDescendantWindow@CWnd@@QAEPAV1@PAUHWND__@@HH@Z 0040d850 f i MainFrm.obj
 0001:0000c900       ?OnBarCheck@CFrameWnd@@QAEHI@Z 0040d900 f i MainFrm.obj
 0001:0000cab0       ?OnUpdateControlBarMenu@CFrameWnd@@QAEXPAVCCmdUI@@@Z 0040dab0 f i MainFrm.obj
 0001:0000cb20       ?OnIdleUpdateCmdUI@CFrameWnd@@QAEXXZ 0040db20 f i MainFrm.obj
 0001:0000cbb0       ?OnPopMessageString@CFrameWnd@@QAEJIJ@Z 0040dbb0 f i MainFrm.obj
 0001:0000cbe0       ?OnSetMessageString@CFrameWnd@@QAEJIJ@Z 0040dbe0 f i MainFrm.obj
 0001:0000cd90       ?CopyBeforeWrite@CString@WTL@@IAEXXZ 0040dd90 f i MainFrm.obj
 0001:0000ce30       ?AfxLoadString@CAfx@@SAHIPADI@Z 0040de30 f i MainFrm.obj
 0001:0000cef0       ?OnToolTipText@CFrameWnd@@QAEHIPAUtagNMHDR@@PAJ@Z 0040def0 f i MainFrm.obj
 0001:0000d120       ?GetBufferSetLength@CString@WTL@@QAEPADH@Z 0040e120 f i MainFrm.obj
 0001:0000d1f0       ?AtlGetStringResourceImage@CAfx@@SAPBUATLSTRINGRESOURCEIMAGE@@PAUHINSTANCE__@@I@Z 0040e1f0 f i MainFrm.obj
 0001:0000d280       ?OnUpdateKeyIndicator@CFrameWnd@@QAEXPAVCCmdUI@@@Z 0040e280 f i MainFrm.obj
 0001:0000d2f0       ?DestroyDockBars@CFrameWnd@@QAEXXZ 0040e2f0 f i MainFrm.obj
 0001:0000d4c0       ?NewNode@?$CList@PAXPAX@@QAEPAUCNode@1@PAU21@0@Z 0040e4c0 f i MainFrm.obj
 0001:0000d4c0       ?NewNode@?$CList@PAUHWND__@@PAU1@@@QAEPAUCNode@1@PAU21@0@Z 0040e4c0 f i MainFrm.obj
 0001:0000d4c0       ?NewNode@?$CList@PAVCFrameWnd@@ABQAV1@@@QAEPAUCNode@1@PAU21@0@Z 0040e4c0 f i MainFrm.obj
 0001:0000d500       ?IsKindOf@CObject@@QBEHPBUCRuntimeClass@@@Z 0040e500 f i MainFrm.obj
 0001:0000d530       ?SetMenuBarState@CFrameWnd@@QAEHK@Z 0040e530 f i MainFrm.obj
 0001:0000d5a0       ?StartDrag@CDockContext@@UAEXVCPoint@WTL@@@Z 0040e5a0 f i MainFrm.obj
 0001:0000dd50       ?GetDCEx@CWMHnd@@QAEPAVCDCMTL@@PAVCRgnMTL@@K@Z 0040ed50 f i MainFrm.obj
 0001:0000dd90       ?classHandleFuncCDCMTL@CDCMTL@@SAPAXPAX0@Z 0040ed90 f i MainFrm.obj
 0001:0000dde0       ?DrawFocusRect@CDockContext@@QAEXH@Z 0040ede0 f i MainFrm.obj
 0001:0000dfe0       ?classHandleFuncCBrushMTL@CBrushMTL@@SAPAXPAX0@Z 0040efe0 f i MainFrm.obj
 0001:0000e020       ?DrawDragRect@CDCMTL@@QAEXPBUtagRECT@@UtagSIZE@@01PAVCBrushMTL@@2@Z 0040f020 f i MainFrm.obj
 0001:0000e4e0       ?HalftoneBrush@CAfx@@SAPAUHBRUSH__@@H@Z 0040f4e0 f i MainFrm.obj
 0001:0000e570       ?classHandleFuncCGdiObject@CGdiObject@@SAPAXPAX0@Z 0040f570 f i MainFrm.obj
 0001:0000e5b0       ??_GCGdiObject@@UAEPAXI@Z  0040f5b0 f i MainFrm.obj
 0001:0000e5b0       ??_ECGdiObject@@UAEPAXI@Z  0040f5b0 f i MainFrm.obj
 0001:0000e5d0       ??1CGdiObject@@UAE@XZ      0040f5d0 f i MainFrm.obj
 0001:0000e620       ??_ECRgnMTL@@UAEPAXI@Z     0040f620 f i MainFrm.obj
 0001:0000e620       ??_ECBrushMTL@@UAEPAXI@Z   0040f620 f i MainFrm.obj
 0001:0000e620       ??_GCRgnMTL@@UAEPAXI@Z     0040f620 f i MainFrm.obj
 0001:0000e620       ??_GCBrushMTL@@UAEPAXI@Z   0040f620 f i MainFrm.obj
 0001:0000e640       ??1CBrushMTL@@UAE@XZ       0040f640 f i MainFrm.obj
 0001:0000e640       ??1CRgnMTL@@UAE@XZ         0040f640 f i MainFrm.obj
 0001:0000e640       ??1?$CHandleWrapper@VCRgnMTL@@PAUHRGN__@@V?$CRgnT@$00@WTL@@@@UAE@XZ 0040f640 f i MainFrm.obj
 0001:0000e690       ?SelectClipRgn@CDCMTL@@QAEHPAVCRgnMTL@@@Z 0040f690 f i MainFrm.obj
 0001:0000e6e0       ?CanDock@CFrameWnd@@QAEKVCRect@WTL@@KPAPAVCDockBar@@@Z 0040f6e0 f i MainFrm.obj
 0001:0000e7e0       ?StartResize@CDockContext@@UAEXHVCPoint@WTL@@@Z 0040f7e0 f i MainFrm.obj
 0001:0000ea40       ?EnableDocking@CFrameWnd@@QAEXK@Z 0040fa40 f i MainFrm.obj
 0001:0000ec40       ?SetAtGrow@?$CArray@PAXABQAX@@QAEXJABQAX@Z 0040fc40 f i MainFrm.obj
 0001:0000ed80       ?GetDockedVisibleCount@CDockBar@@UBEHXZ 0040fd80 f i MainFrm.obj
 0001:0000edc0       ??_ECDockBar@@UAEPAXI@Z    0040fdc0 f i MainFrm.obj
 0001:0000edc0       ??_GCDockBar@@UAEPAXI@Z    0040fdc0 f i MainFrm.obj
 0001:0000ede0       ??1CDockBar@@UAE@XZ        0040fde0 f i MainFrm.obj
 0001:0000ee90       ?_ProcessWindowMessage@CDockBar@@UAEHPAUHWND__@@IIJAAJ@Z 0040fe90 f i MainFrm.obj
 0001:0000f1b0       ?OnSizeParent@CDockBar@@QAEJIJ@Z 004101b0 f i MainFrm.obj
 0001:0000f400       ?AfxRepositionWindow@CAfx@@SAXPAUAFX_SIZEPARENTPARAMS@@PAUHWND__@@PBUtagRECT@@@Z 00410400 f i MainFrm.obj
 0001:0000f4c0       ?RemoveControlBar@CFrameWnd@@QAEXPAVCControlBar@@@Z 004104c0 f i MainFrm.obj
 0001:0000f530       ?FloatControlBar@CFrameWnd@@QAEXPAVCControlBar@@VCPoint@WTL@@K@Z 00410530 f i MainFrm.obj
 0001:0000f6d0       ?Create@CMiniDockFrameWnd@@QAEHPAVCWnd@@K@Z 004106d0 f i MainFrm.obj
 0001:0000fa20       ?GetTopLevelFrame@CWnd@@QAEPAVCFrameWnd@@XZ 00410a20 f i MainFrm.obj
 0001:0000fb20       ?CanDock@CDockContext@@QAEKXZ 00410b20 f i MainFrm.obj
 0001:0000fef0       ?Stretch@CDockContext@@QAEXVCPoint@WTL@@@Z 00410ef0 f i MainFrm.obj
 0001:000102d0       ?ToggleDocking@CDockContext@@QAEXXZ 004112d0 f i MainFrm.obj
 0001:000104e0       ?GetControlBar@CFrameWnd@@QAEPAVCControlBar@@I@Z 004114e0 f i MainFrm.obj
 0001:00010530       ?Track@CDockContext@@QAEHXZ 00411530 f i MainFrm.obj
 0001:00010960       ?CancelLoop@CDockContext@@QAEXXZ 00411960 f i MainFrm.obj
 0001:00010b40       ?Move@CDockContext@@QAEXVCPoint@WTL@@@Z 00411b40 f i MainFrm.obj
 0001:00010e00       ?UpdateState@CDockContext@@QAEXPAHH@Z 00411e00 f i MainFrm.obj
 0001:00011210       ?GetDockBar@CDockContext@@QAEPAVCDockBar@@K@Z 00412210 f i MainFrm.obj
 0001:00011440       ?OnIdleUpdateCmdUI@CControlBar@@QAEJIJ@Z 00412440 f i MainFrm.obj
 0001:00011580       ?CalcFixedLayout@CDockBar@@UAE?AVCSize@WTL@@HH@Z 00412580 f i MainFrm.obj
 0001:00011e70       ?DestroyWindow@CControlBar@@UAEHXZ 00412e70 f i MainFrm.obj
 0001:00011f30       ?DockControlBar@CDockBar@@QAEXPAVCControlBar@@PBUtagRECT@@@Z 00412f30 f i MainFrm.obj
 0001:00012470       ?Size@CRect@WTL@@QBE?AVCSize@2@XZ 00413470 f i MainFrm.obj
 0001:00012490       ?FindBar@CDockBar@@QAEHPAVCControlBar@@H@Z 00413490 f i MainFrm.obj
 0001:000124c0       ?GetDockedControlBar@CDockBar@@QBEPAVCControlBar@@H@Z 004134c0 f i MainFrm.obj
 0001:000124e0       ?ReDockControlBar@CDockBar@@QAEXPAVCControlBar@@PBUtagRECT@@@Z 004134e0 f i MainFrm.obj
 0001:00012960       ?RemoveControlBar@CDockBar@@QAEHPAVCControlBar@@HH@Z 00413960 f i MainFrm.obj
 0001:00012b90       ?OnSetPreviewMode@CFrameWnd@@UAEXHPAUCPrintPreviewState@@@Z 00413b90 f i MainFrm.obj
 0001:00013000       ?AfxGetParentOwner@CWnd@@SAPAUHWND__@@PAU2@@Z 00414000 f i MainFrm.obj
 0001:00013080       ?IsFloating@CControlBar@@QBEHXZ 00414080 f i MainFrm.obj
 0001:000130b0       ?OnCloseDocument@CDocument@@QAEXXZ 004140b0 f i MainFrm.obj
 0001:00013170       ?GetDefaultAccelerator@CFrameWnd@@UAEPAUHACCEL__@@XZ 00414170 f i MainFrm.obj
 0001:00013190       ?OnUpdateFrameMenu@CFrameWnd@@UAEXPAUHMENU__@@@Z 00414190 f i MainFrm.obj
 0001:000131d0       ?OnUpdateFrameTitle@CFrameWnd@@UAEXH@Z 004141d0 f i MainFrm.obj
 0001:00013220       ?UpdateFrameTitleForDocument@CFrameWnd@@QAEXPBD@Z 00414220 f i MainFrm.obj
 0001:00013420       ?FromHandleWnd@CWinApp@@QAEPAVCWMHnd@@PAUHWND__@@PAV2@0P6APAXPAX2@Z@Z 00414420 f i MainFrm.obj
 0001:000134f0       ?RemoveHandleWnd@CWinApp@@QAEPAUHWND__@@PAU2@@Z 004144f0 f i MainFrm.obj
 0001:00013760       ?FromHandleMenu@CWinApp@@QAEPAVCMenuMTL@@PAUHMENU__@@PAV2@PAUHWND__@@P6APAXPAX3@Z@Z 00414760 f i MainFrm.obj
 0001:000137f0       ?RemoveHandleMenu@CWinApp@@QAEPAUHMENU__@@PAU2@@Z 004147f0 f i MainFrm.obj
 0001:00013860       ?FromHandleDC@CWinApp@@QAEPAVCDCMTL@@PAUHDC__@@PAV2@PAUHWND__@@P6APAXPAX3@Z@Z 00414860 f i MainFrm.obj
 0001:000138f0       ?RemoveHandleDC@CWinApp@@QAEPAUHDC__@@PAU2@@Z 004148f0 f i MainFrm.obj
 0001:00013960       ?FromHandleGdiobj@CWinApp@@QAEPAVCGdiObject@@PAXPAV2@PAUHWND__@@P6APAX00@Z@Z 00414960 f i MainFrm.obj
 0001:000139f0       ?NewNode@?$CHandleList@PAXVCGdiObject@@PAUHWND__@@@@QAEPAV?$CHandlePair@PAXPAVCGdiObject@@PAUHWND__@@@@PAX@Z 004149f0 f i MainFrm.obj
 0001:000139f0       ?NewNode@?$CHandleList@PAUHDC__@@VCDCMTL@@PAUHWND__@@@@QAEPAV?$CHandlePair@PAUHDC__@@PAVCDCMTL@@PAUHWND__@@@@PAUHDC__@@@Z 004149f0 f i MainFrm.obj
 0001:000139f0       ?NewNode@?$CHandleList@PAUHMENU__@@VCMenuMTL@@PAUHWND__@@@@QAEPAV?$CHandlePair@PAUHMENU__@@PAVCMenuMTL@@PAUHWND__@@@@PAUHMENU__@@@Z 004149f0 f i MainFrm.obj
 0001:000139f0       ?NewNode@?$CHandleHashList@PAUHWND__@@VCWMHnd@@PAU1@$0BB@@@QAEPAV?$CHandlePair@PAUHWND__@@PAVCWMHnd@@PAU1@@@PAUHWND__@@@Z 004149f0 f i MainFrm.obj
 0001:00013a30       ?RemoveHandleGdiobj@CWinApp@@QAEPAXPAX@Z 00414a30 f i MainFrm.obj
 0001:00013aa0       ?_GetCModuleState@CWinApp@@SAPAVCModuleState@@XZ 00414aa0 f i MainFrm.obj
 0001:00013ae0       ??0CModuleState@@QAE@XZ    00414ae0 f i MainFrm.obj
 0001:00013b10       ?CloseAllDocuments@CWinApp@@QAEXH@Z 00414b10 f i MainFrm.obj
 0001:00013c40       ?HideApplication@CWinApp@@QAEXXZ 00414c40 f i MainFrm.obj
 0001:00013c90       ?SaveAllModified@CWinApp@@QAEHXZ 00414c90 f i MainFrm.obj
 0001:00013d00       ?cModuleState@?1??_GetCModuleState@CWinApp@@SAPAVCModuleState@@XZ@$AV2@A 00414d00 f i MainFrm.obj
 0001:00013d10       ??1CModuleState@@QAE@XZ    00414d10 f i MainFrm.obj
 0001:00013da0       ?FromHandle@CWnd@@SAPAV1@PAUHWND__@@PAV1@0P6APAXPAX2@Z@Z 00414da0 f i MainFrm.obj
 0001:00013dc0       ?FromHandle@CMenuMTL@@SAPAV1@PAUHMENU__@@PAV1@PAUHWND__@@P6APAXPAX3@Z@Z 00414dc0 f i MainFrm.obj
 0001:00013de0       ?RemoveHandle@CMenuMTL@@SAPAUHMENU__@@PAU2@@Z 00414de0 f i MainFrm.obj
 0001:00013e00       ?RemoveHandle@CDCMTL@@SAPAUHDC__@@PAU2@@Z 00414e00 f i MainFrm.obj
 0001:00013e20       ?FromHandle@CBrushMTL@@SAPAV1@PAUHBRUSH__@@PAV1@PAUHWND__@@P6APAXPAX3@Z@Z 00414e20 f i MainFrm.obj
 0001:00013e20       ?FromHandle@CGdiObject@@SAPAV1@PAXPAV1@PAUHWND__@@P6APAX00@Z@Z 00414e20 f i MainFrm.obj
 0001:00013e40       ?CControlBarDestruct@CControlBar@@QAEXXZ 00414e40 f i MainFrm.obj
 0001:00013f00       ?OnDestroy@CControlBar@@QAEXXZ 00414f00 f i MainFrm.obj
 0001:00013fb0       ?OnTimer@CControlBar@@QAEXK@Z 00414fb0 f i MainFrm.obj
 0001:00014290       ?GetOwner@CWnd@@QAEPAV1@XZ 00415290 f i MainFrm.obj
 0001:000142c0       ?PreTranslateMessage@CControlBar@@UAEHPAUtagMSG@@@Z 004152c0 f i MainFrm.obj
 0001:00014610       ?SetStatusText@CControlBar@@UAEHJ@Z 00415610 f i MainFrm.obj
 0001:00014720       ?OnCmdMsg@CFrameWnd@@UAEHIHPAXPAUAFX_CMDHANDLERINFO@@@Z 00415720 f i MainFrm.obj
 0001:00014880       ?LoadBitmapA@CToolBar@@QAEHPBD@Z 00415880 f i MainFrm.obj
 0001:00014af0       ?_EnableToolTips@CWnd@@QAEHHI@Z 00415af0 f i MainFrm.obj
 0001:00014c00       ?_FilterToolTipMessage@CWnd@@SAXPAUtagMSG@@PAV1@@Z 00415c00 f i MainFrm.obj
 0001:00014c10       ?FilterToolTipMessage@CWnd@@QAEXPAUtagMSG@@@Z 00415c10 f i MainFrm.obj
 0001:00015380       ??_GCToolTipCtrlMTL@@UAEPAXI@Z 00416380 f i MainFrm.obj
 0001:00015380       ??_ECToolTipCtrlMTL@@UAEPAXI@Z 00416380 f i MainFrm.obj
 0001:000153a0       ??1CToolTipCtrlMTL@@UAE@XZ 004163a0 f i MainFrm.obj
 0001:00015410       ?PreTranslateMessage@CWnd@@UAEHPAUtagMSG@@@Z 00416410 f i MainFrm.obj
 0001:00015430       ??0CSdiVC6App@@QAE@XZ      00416430 f   SdiVC6.obj
 0001:000155b0       ?_ProcessWindowMessage@CSdiVC6App@@UAEHPAUHWND__@@IIJAAJ@Z 004165b0 f i SdiVC6.obj
 0001:00015790       ??1CSdiVC6App@@QAE@XZ      00416790 f i SdiVC6.obj
 0001:00015930       ?InitInstance@CSdiVC6App@@UAEHXZ 00416930 f   SdiVC6.obj
 0001:00015c00       ??0CAboutDlg@@QAE@XZ       00416c00 f   SdiVC6.obj
 0001:00015c40       ??_ECAboutDlg@@UAEPAXI@Z   00416c40 f i SdiVC6.obj
 0001:00015c40       ??_GCAboutDlg@@UAEPAXI@Z   00416c40 f i SdiVC6.obj
 0001:00015c60       ??1CAboutDlg@@UAE@XZ       00416c60 f i SdiVC6.obj
 0001:00015cb0       ?Serialize@CSdiVC6Doc@@UAEXAAVCArchive@@@Z 00416cb0 f   SdiVC6.obj
 0001:00015cb0       ?OnDraw@CSdiVC6View@@UAEXPAVCDCMTL@@@Z 00416cb0 f   SdiVC6.obj
 0001:00015cb0       ?DoDataExchange@CAboutDlg@@MAEXPAVCDataExchange@@@Z 00416cb0 f   SdiVC6.obj
 0001:00015cc0       ?_ProcessWindowMessage@CAboutDlg@@UAEHPAUHWND__@@IIJAAJ@Z 00416cc0 f i SdiVC6.obj
 0001:00015cc0       ?_ProcessWindowMessage@CDialog@@UAEHPAUHWND__@@IIJAAJ@Z 00416cc0 f i SdiVC6.obj
 0001:00015cc0       ?_ProcessWindowMessage@CCommonDialog@@UAEHPAUHWND__@@IIJAAJ@Z 00416cc0 f i SdiVC6.obj
 0001:00015d50       ?OnAppAbout@CSdiVC6App@@QAEXXZ 00416d50 f   SdiVC6.obj
 0001:00015f90       ??1?$CHandleHashList@PAUHWND__@@VCWMHnd@@PAU1@$0BB@@@QAE@XZ 00416f90 f i SdiVC6.obj
 0001:00015fa0       ??_9@$BBM@AE               00416fa0 f i SdiVC6.obj
 0001:00015fb0       ??_9@$BHM@AE               00416fb0 f i SdiVC6.obj
 0001:00015fc0       ??_9@$BBI@AE               00416fc0 f i SdiVC6.obj
 0001:00015fd0       ??_9@$BHI@AE               00416fd0 f i SdiVC6.obj
 0001:00015fe0       ??0CCommandLineInfo@@QAE@XZ 00416fe0 f i SdiVC6.obj
 0001:00016020       ?ParseParam@CCommandLineInfo@@UAEXPBDHH@Z 00417020 f i SdiVC6.obj
 0001:00016120       ??0CRecentFileList@@QAE@IPBD0HH@Z 00417120 f i SdiVC6.obj
 0001:00016310       ??0CString@WTL@@QAE@XZ     00417310 f i SdiVC6.obj
 0001:00016320       ?Add@CRecentFileList@@UAEXPBD@Z 00417320 f i SdiVC6.obj
 0001:00016570       ?_AfxFullPath2@CAfx@@SAHPADPBDPAVCFileException@@@Z 00417570 f i SdiVC6.obj
 0001:000167c0       ?GetDisplayName@CRecentFileList@@UBEHAAVCString@WTL@@HPBDHH@Z 004177c0 f i SdiVC6.obj
 0001:00016a90       ?_AfxAbbreviateName@CAfx@@SAXPADHH@Z 00417a90 f i SdiVC6.obj
 0001:00016bc0       ?AfxComparePath@CAfx@@SAHPBD0@Z 00417bc0 f i SdiVC6.obj
 0001:00016ca0       ?AfxGetFileName@CAfx@@SAIPBDPADI@Z 00417ca0 f i SdiVC6.obj
 0001:00016cd0       ?Remove@CRecentFileList@@UAEXH@Z 00417cd0 f i SdiVC6.obj
 0001:00016ee0       ??_GCRecentFileList@@UAEPAXI@Z 00417ee0 f i SdiVC6.obj
 0001:00016ee0       ??_ECRecentFileList@@UAEPAXI@Z 00417ee0 f i SdiVC6.obj
 0001:00016f00       ??1CRecentFileList@@UAE@XZ 00417f00 f i SdiVC6.obj
 0001:00017000       ?classHandleFuncCDialog@CDialog@@SAPAXPAX0@Z 00418000 f i SdiVC6.obj
 0001:00017060       ?OnOK@CDialog@@UAEXXZ      00418060 f i SdiVC6.obj
 0001:000170d0       ?OnCancel@CDialog@@UAEXXZ  004180d0 f i SdiVC6.obj
 0001:00017100       ?OnInitDialog@CDialog@@UAEHXZ 00418100 f i SdiVC6.obj
 0001:000171d0       ?ExecuteDlgInit@CWnd@@QAEHPAX@Z 004181d0 f i SdiVC6.obj
 0001:000172b0       ?Create@CDialog@@UAEHIPAVCWnd@@@Z 004182b0 f i SdiVC6.obj
 0001:000172d0       ?Create@CDialog@@UAEHPBDPAVCWnd@@@Z 004182d0 f i SdiVC6.obj
 0001:00017410       ?CreateIndirect@CDialog@@UAEHPAXPAVCWnd@@PAUHINSTANCE__@@@Z 00418410 f i SdiVC6.obj
 0001:00017510       ?DoModal@CDialog@@UAEJXZ   00418510 f i SdiVC6.obj
 0001:000178b0       ?PreTranslateMessage@CDialog@@UAEHPAUtagMSG@@@Z 004188b0 f i SdiVC6.obj
 0001:00017990       ??_ECDialog@@UAEPAXI@Z     00418990 f i SdiVC6.obj
 0001:00017990       ??_GCDialog@@UAEPAXI@Z     00418990 f i SdiVC6.obj
 0001:000179b0       ??1CDialog@@UAE@XZ         004189b0 f i SdiVC6.obj
 0001:00017a00       ?AfxDlgProc@CWnd@@SGJPAUHWND__@@IIJ@Z 00418a00 f i SdiVC6.obj
 0001:00017bf0       ??0CDocTemplate@@QAE@IPAUCRuntimeClass@@00@Z 00418bf0 f i SdiVC6.obj
 0001:00017e30       ?CreateNewDocument@CDocTemplate@@UAEPAVCDocument@@XZ 00418e30 f i SdiVC6.obj
 0001:00017e60       ?CreateNewFrame@CDocTemplate@@UAEPAVCFrameWnd@@PAVCDocument@@PAV2@@Z 00418e60 f i SdiVC6.obj
 0001:00017ef0       ?GetDocString@CDocTemplate@@UBEHAAVCString@WTL@@W4DocStringIndex@1@@Z 00418ef0 f i SdiVC6.obj
 0001:000180f0       ?InitialUpdateFrame@CDocTemplate@@UAEXPAVCFrameWnd@@PAVCDocument@@H@Z 004190f0 f i SdiVC6.obj
 0001:000181f0       ?UpdateFrameCounts@CDocument@@QAEXXZ 004191f0 f i SdiVC6.obj
 0001:00018420       ?LoadTemplate@CDocTemplate@@UAEXXZ 00419420 f i SdiVC6.obj
 0001:00018610       ?MatchDocType@CDocTemplate@@UAE?AW4Confidence@1@PBDAAPAVCDocument@@@Z 00419610 f i SdiVC6.obj
 0001:00018820       ?AddDocument@CSingleDocTemplate@@UAEXPAVCDocument@@@Z 00419820 f i SdiVC6.obj
 0001:00018830       ?GetFirstDocPosition@CSingleDocTemplate@@UBEPAU__POSITION@@XZ 00419830 f i SdiVC6.obj
 0001:00018840       ?GetNextDoc@CSingleDocTemplate@@UBEPAVCDocument@@AAPAU__POSITION@@@Z 00419840 f i SdiVC6.obj
 0001:00018860       ?OpenDocumentFile@CSingleDocTemplate@@UAEPAVCDocument@@PBDH@Z 00419860 f i SdiVC6.obj
 0001:00018880       ?RemoveDocument@CSingleDocTemplate@@UAEXPAVCDocument@@@Z 00419880 f i SdiVC6.obj
 0001:00018890       ?SetDefaultTitle@CSingleDocTemplate@@UAEXPAVCDocument@@@Z 00419890 f i SdiVC6.obj
 0001:00018a30       ??_ECSingleDocTemplate@@UAEPAXI@Z 00419a30 f i SdiVC6.obj
 0001:00018a30       ??_GCSingleDocTemplate@@UAEPAXI@Z 00419a30 f i SdiVC6.obj
 0001:00018a50       ??1CSingleDocTemplate@@UAE@XZ 00419a50 f i SdiVC6.obj
 0001:00018a90       ?OnFileNew@CDocManager@@UAEXXZ 00419a90 f i SdiVC6.obj
 0001:00018ab0       ?AddDocTemplate@CDocManager@@QAEXPAVCDocTemplate@@@Z 00419ab0 f i SdiVC6.obj
 0001:00018af0       ?GetFirstDocTemplatePosition@CDocManager@@UBEPAU__POSITION@@XZ 00419af0 f i SdiVC6.obj
 0001:00018b00       ?GetNextDocTemplate@CDocManager@@UBEPAVCDocTemplate@@AAPAU__POSITION@@@Z 00419b00 f i SdiVC6.obj
 0001:00018b20       ??0CWinThread@@QAE@P6AIPAX@Z0@Z 00419b20 f i SdiVC6.obj
 0001:00018b50       ??1CWinThread@@QAE@XZ      00419b50 f i SdiVC6.obj
 0001:00018b70       ?OnAppExit@CWinApp@@QAEXXZ 00419b70 f i SdiVC6.obj
 0001:00018b90       ?OnOpenRecentFile@CWinApp@@QAEHI@Z 00419b90 f i SdiVC6.obj
 0001:00018bf0       ?OnUpdateRecentFileMenu@CWinApp@@QAEXPAVCCmdUI@@@Z 00419bf0 f i SdiVC6.obj
 0001:00018c20       ?OnFileNew@CWinApp@@UAEXXZ 00419c20 f i SdiVC6.obj
 0001:00018c30       ?OnFileOpen@CWinApp@@UAEXXZ 00419c30 f i SdiVC6.obj
 0001:00018c40       ?OnIdle@CWinApp@@UAEHH@Z   00419c40 f i SdiVC6.obj
 0001:00018d90       ?RemoveOwner@?$CHandleHashList@PAUHWND__@@VCWMHnd@@PAU1@$0BB@@@QAEHQAUHWND__@@@Z 00419d90 f i SdiVC6.obj
 0001:00018e20       ?RemoveOwner@?$CHandleList@PAUHDC__@@VCDCMTL@@PAUHWND__@@@@QAEHQAUHWND__@@@Z 00419e20 f i SdiVC6.obj
 0001:00018e20       ?RemoveOwner@?$CHandleList@PAXXPAUHWND__@@@@QAEHQAUHWND__@@@Z 00419e20 f i SdiVC6.obj
 0001:00018e20       ?RemoveOwner@?$CHandleList@PAXVCGdiObject@@PAUHWND__@@@@QAEHQAUHWND__@@@Z 00419e20 f i SdiVC6.obj
 0001:00018e20       ?RemoveOwner@?$CHandleList@PAUHMENU__@@VCMenuMTL@@PAUHWND__@@@@QAEHQAUHWND__@@@Z 00419e20 f i SdiVC6.obj
 0001:00018e90       ?ExitInstance@CWinApp@@UAEHXZ 00419e90 f i SdiVC6.obj
 0001:00018ec0       ?OpenDocumentFile@CWinApp@@UAEPAVCDocument@@PBD@Z 00419ec0 f i SdiVC6.obj
 0001:00019110       ?PreTranslateMessage@CWinApp@@UAEHPAUtagMSG@@@Z 0041a110 f i SdiVC6.obj
 0001:000191b0       ?PumpMessage@CWinApp@@UAEHXZ 0041a1b0 f i SdiVC6.obj
 0001:00019200       ?Run@CWinApp@@UAEHXZ       0041a200 f i SdiVC6.obj
 0001:000192a0       ?Unregister@CWinApp@@QAEHXZ 0041a2a0 f i SdiVC6.obj
 0001:000194e0       ?LoadStringA@CString@WTL@@QAEHI@Z 0041a4e0 f i SdiVC6.obj
 0001:00019700       ??HWTL@@YG?AVCString@0@ABV10@PBD@Z 0041a700 f i SdiVC6.obj
 0001:00019890       ?AfxDelRegTreeHelper@CAfx@@SAJPAUHKEY__@@ABVCString@WTL@@PAVCAtlTransactionManager@@@Z 0041a890 f i SdiVC6.obj
 0001:00019af0       ??1CModuleThreadState@@QAE@XZ 0041aaf0 f i SdiVC6.obj
 0001:00019b30       ??1CCommandLineInfo@@QAE@XZ 0041ab30 f i SdiVC6.obj
 0001:00019c30       ?_ProcessWindowMessage@CWinApp@@UAEHPAUHWND__@@IIJAAJ@Z 0041ac30 f i SdiVC6.obj
 0001:00019d20       ?AfxMessageBox@@YAHIII@Z   0041ad20 f i SdiVC6.obj
 0001:00019f10       ?GetSafeOwner_@CWnd@@SAPAUHWND__@@PAU2@PAPAU2@@Z 0041af10 f i SdiVC6.obj
 0001:00019fe0       ?OnCmdMsg@CDialog@@UAEHIHPAXPAUAFX_CMDHANDLERINFO@@@Z 0041afe0 f i SdiVC6.obj
 0001:0001a180       ?OnFileOpen@CDocManager@@UAEXXZ 0041b180 f i SdiVC6.obj
 0001:0001a3d0       ??0CFileDialogMTL@@QAE@HPBD0K0PAVCWnd@@KH@Z 0041b3d0 f i SdiVC6.obj
 0001:0001a620       ?OnOK@CCommonDialog@@UAEXXZ 0041b620 f i SdiVC6.obj
 0001:0001a680       ??_GCCommonDialog@@UAEPAXI@Z 0041b680 f i SdiVC6.obj
 0001:0001a680       ??_ECCommonDialog@@UAEPAXI@Z 0041b680 f i SdiVC6.obj
 0001:0001a6a0       ??1CCommonDialog@@UAE@XZ   0041b6a0 f i SdiVC6.obj
 0001:0001a6f0       ??1CFileDialogMTL@@UAE@XZ  0041b6f0 f i SdiVC6.obj
 0001:0001a790       ?OnInitDone@CFileDialogMTL@@UAEXXZ 0041b790 f i SdiVC6.obj
 0001:0001a920       ?OnLBSelChangedNotify@CFileDialogMTL@@UAEXIII@Z 0041b920 f i SdiVC6.obj
 0001:0001a930       ?OnNotify@CFileDialogMTL@@UAEHIJPAJ@Z 0041b930 f i SdiVC6.obj
 0001:0001ab00       ?OnShareViolation@CFileDialogMTL@@UAEIPBD@Z 0041bb00 f i SdiVC6.obj
 0001:0001ab00       ?GetScrollBarCtrl@CWMHnd@@UBEPAVCScrollBarMTL@@H@Z 0041bb00 f i SdiVC6.obj
 0001:0001ab10       ?DoModal@CFileDialogMTL@@UAEJXZ 0041bb10 f i SdiVC6.obj
 0001:0001ac90       ??_GCFileDialogMTL@@UAEPAXI@Z 0041bc90 f i SdiVC6.obj
 0001:0001ac90       ??_ECFileDialogMTL@@UAEPAXI@Z 0041bc90 f i SdiVC6.obj
 0001:0001acb0       ?_AfxAppendFilterSuffix@@YAXAAVCString@WTL@@AAUtagOFNA@@PAVCDocTemplate@@PAV12@@Z 0041bcb0 f i SdiVC6.obj
 0001:0001af90       ?Mid@CString@WTL@@QBE?AV12@H@Z 0041bf90 f i SdiVC6.obj
 0001:0001afc0       ?Mid@CString@WTL@@QBE?AV12@HH@Z 0041bfc0 f i SdiVC6.obj
 0001:0001b140       ?Tokenize@@YA?AVCString@WTL@@AAV12@PADAAH@Z 0041c140 f i SdiVC6.obj
 0001:0001b170       ?Tokenize@CAfx@@SA?AVCString@WTL@@AAV23@PADAAH@Z 0041c170 f i SdiVC6.obj
 0001:0001b290       ?_AfxCommDlgProc@CCommonDialog@@SGKPAUHWND__@@IIJ@Z 0041c290 f i SdiVC6.obj
 0001:0001b4e0       ?CenterWindow@CWindow@ATL@@QAEHPAUHWND__@@@Z 0041c4e0 f i SdiVC6.obj
 0001:0001b670       ?AfxResolveShortcut@@YAHPAVCWMHnd@@PBDPADH@Z 0041c670 f i SdiVC6.obj
 0001:0001b8f0       ?GetClassObject@AFX_COM@@QAEJABU_GUID@@0PAPAX@Z 0041c8f0 f i SdiVC6.obj
 0001:0001bb50       ?AfxGetInProcServer@CAfx@@SAHPBDAAVCString@WTL@@@Z 0041cb50 f i SdiVC6.obj
 0001:0001bd60       ?AfxStringFromCLSID@@YA?AVCString@WTL@@ABU_GUID@@@Z 0041cd60 f i SdiVC6.obj
 0001:0001bd90       ?AfxStringFromCLSID@CAfx@@SA?AVCString@WTL@@ABU_GUID@@@Z 0041cd90 f i SdiVC6.obj
 0001:0001bf80       ?OpenDocumentFile@CSingleDocTemplate@@UAEPAVCDocument@@PBDHH@Z 0041cf80 f i SdiVC6.obj
 0001:0001c2a0       ?DoWaitCursor@CWinApp@@QAEXH@Z 0041d2a0 f i SdiVC6.obj
 0001:0001c310       ?ShowAppMessageBox@CWinApp@@SAHPAV1@PBDII@Z 0041d310 f i SdiVC6.obj
 0001:0001c450       ??1CWaitCursor@@QAE@XZ     0041d450 f i SdiVC6.obj
 0001:0001c4a0       ?ReadList@CRecentFileList@@UAEXXZ 0041d4a0 f i SdiVC6.obj
 0001:0001c640       ?GetProfileStringA@CWinApp@@QAE?AVCString@WTL@@PBD00@Z 0041d640 f i SdiVC6.obj
 0001:0001c820       ?UpdateMenu@CRecentFileList@@UAEXPAVCCmdUI@@@Z 0041d820 f i SdiVC6.obj
 0001:0001cca0       ??HWTL@@YG?AVCString@0@ABV10@0@Z 0041dca0 f i SdiVC6.obj
 0001:0001ce30       ?WriteList@CRecentFileList@@UAEXXZ 0041de30 f i SdiVC6.obj
 0001:0001cec0       ?RunModalLoop@CWnd@@QAEHK@Z 0041dec0 f i SdiVC6.obj
 0001:0001d060       ?CreateObject@CSdiVC6Doc@@SAPAVCObject@@XZ 0041e060 f   SdiVC6Doc.obj
 0001:0001d0c0       ?GetRuntimeClass@CSdiVC6Doc@@UBEPAUCRuntimeClass@@XZ 0041e0c0 f   SdiVC6Doc.obj
 0001:0001d0d0       ??0CSdiVC6Doc@@IAE@XZ      0041e0d0 f   SdiVC6Doc.obj
 0001:0001d110       ?_ProcessWindowMessage@CSdiVC6Doc@@UAEHPAUHWND__@@IIJAAJ@Z 0041e110 f i SdiVC6Doc.obj
 0001:0001d270       ??_ECSdiVC6Doc@@UAEPAXI@Z  0041e270 f i SdiVC6Doc.obj
 0001:0001d270       ??_GCSdiVC6Doc@@UAEPAXI@Z  0041e270 f i SdiVC6Doc.obj
 0001:0001d290       ??1CSdiVC6Doc@@UAE@XZ      0041e290 f   SdiVC6Doc.obj
 0001:0001d370       ?OnNewDocument@CSdiVC6Doc@@UAEHXZ 0041e370 f   SdiVC6Doc.obj
 0001:0001d490       ?GetFirstViewPosition@CDocument@@UBEPAU__POSITION@@XZ 0041e490 f i SdiVC6Doc.obj
 0001:0001d4a0       ?GetNextView@CDocument@@UBEPAVCView@@AAPAU__POSITION@@@Z 0041e4a0 f i SdiVC6Doc.obj
 0001:0001d4c0       ?ReleaseFile@CDocument@@UAEXPAVCFile@@H@Z 0041e4c0 f i SdiVC6Doc.obj
 0001:0001d500       ??1CFile@@QAE@XZ           0041e500 f i SdiVC6Doc.obj
 0001:0001d6a0       ?OsErrorToException@CFileException@@SAHJ@Z 0041e6a0 f i SdiVC6Doc.obj
 0001:0001d850       ?Abort@CFile@@UAEXXZ       0041e850 f i SdiVC6Doc.obj
 0001:0001d950       ?Close@CFile@@UAEXXZ       0041e950 f i SdiVC6Doc.obj
 0001:0001da50       ?ThrowOsError@CFileException@@SAXJPBD@Z 0041ea50 f i SdiVC6Doc.obj
 0001:0001dd10       ?GetFilePath@CFile@@UBE?AVCString@WTL@@XZ 0041ed10 f i SdiVC6Doc.obj
 0001:0001df70       ?GetCException@CAfx@@SAAAVCException@@H@Z 0041ef70 f i SdiVC6Doc.obj
 0001:0001e080       ??0CTime@@QAE@ABU_SYSTEMTIME@@H@Z 0041f080 f i SdiVC6Doc.obj
 0001:0001e210       ??0CTime@@QAE@ABU_FILETIME@@H@Z 0041f210 f i SdiVC6Doc.obj
 0001:0001e490       ??0CSimpleException@@QAE@HI@Z 0041f490 f i SdiVC6Doc.obj
 0001:0001e4b0       ??0CTime@@QAE@HHHHHHH@Z    0041f4b0 f i SdiVC6Doc.obj
 0001:0001e600       ?IsValidFILETIME@CTime@@SAHABU_FILETIME@@@Z 0041f600 f i SdiVC6Doc.obj
 0001:0001e640       ?GetLength@CFile@@UBE_KXZ  0041f640 f i SdiVC6Doc.obj
 0001:0001e690       ?Open@CFile@@UAEHPBDIPAVCFileException@@@Z 0041f690 f i SdiVC6Doc.obj
 0001:0001e9b0       ?Read@CFile@@UAEIPAXI@Z    0041f9b0 f i SdiVC6Doc.obj
 0001:0001ea00       ?Write@CFile@@UAEXPBXI@Z   0041fa00 f i SdiVC6Doc.obj
 0001:0001ea60       ?AfxThrowFileException@CFile@@SAXHJPBD@Z 0041fa60 f i SdiVC6Doc.obj
 0001:0001eba0       ?Seek@CFile@@UAE_K_JI@Z    0041fba0 f i SdiVC6Doc.obj
 0001:0001ec00       ?SetModifiedFlag@CDocument@@UAEXH@Z 0041fc00 f i SdiVC6Doc.obj
 0001:0001ec10       ?SetTitle@CDocument@@UAEXPBD@Z 0041fc10 f i SdiVC6Doc.obj
 0001:0001eec0       ?CDocumentDestruct@CDocument@@QAEXXZ 0041fec0 f i SdiVC6Doc.obj
 0001:0001ef10       ?OnCmdMsg@CDocument@@UAEHIHPAXPAUAFX_CMDHANDLERINFO@@@Z 0041ff10 f i SdiVC6Doc.obj
 0001:0001f050       ?OnOpenDocument@CDocument@@UAEHPBD@Z 00420050 f i SdiVC6Doc.obj
 0001:0001f310       ??4CString@WTL@@QAEAAV01@ABV01@@Z 00420310 f i SdiVC6Doc.obj
 0001:0001f3e0       ?Flush@CArchive@@QAEXXZ    004203e0 f i SdiVC6Doc.obj
 0001:0001f430       ??_GCFile@@QAEPAXI@Z       00420430 f i SdiVC6Doc.obj
 0001:0001f450       ??1CArchive@@QAE@XZ        00420450 f i SdiVC6Doc.obj
 0001:0001f490       ?OnSaveDocument@CDocument@@UAEHPBD@Z 00420490 f i SdiVC6Doc.obj
 0001:0001f6d0       ?DoSave@CDocument@@UAEHPBDH@Z 004206d0 f i SdiVC6Doc.obj
 0001:0001fa40       ?DoPromptFileName@CWinApp@@QAEHAAVCString@WTL@@IKHPAVCDocTemplate@@@Z 00420a40 f i SdiVC6Doc.obj
 0001:0001fa70       ?DoPromptFileName@CDocManager@@QAEHAAVCString@WTL@@IKHPAVCDocTemplate@@@Z 00420a70 f i SdiVC6Doc.obj
 0001:0001ff70       ?SetAt@CString@WTL@@QAEXHD@Z 00420f70 f i SdiVC6Doc.obj
 0001:00020020       ??YCString@WTL@@QAEAAV01@ABV01@@Z 00421020 f i SdiVC6Doc.obj
 0001:00020130       ??0CCommonDialog@@QAE@PAVCWnd@@@Z 00421130 f i SdiVC6Doc.obj
 0001:00020170       ?SaveModified@CDocument@@UAEHXZ 00421170 f i SdiVC6Doc.obj
 0001:00020490       ?AfxFormatStrings@CAfx@@SAXAAVCString@WTL@@IPBQBDH@Z 00421490 f i SdiVC6Doc.obj
 0001:00020650       ?AfxFormatStrings@CAfx@@SAXAAVCString@WTL@@PBDPBQBDH@Z 00421650 f i SdiVC6Doc.obj
 0001:00020920       ?AfxGetFileTitle@CAfx@@SAIPBDPADI@Z 00421920 f i SdiVC6Doc.obj
 0001:000209b0       ?SetPathName@CDocument@@UAEXPBDH@Z 004219b0 f i SdiVC6Doc.obj
 0001:00020af0       ?CreateObject@CSdiVC6View@@SAPAVCObject@@XZ 00421af0 f   SdiVC6View.obj
 0001:00020b50       ?GetRuntimeClass@CSdiVC6View@@UBEPAUCRuntimeClass@@XZ 00421b50 f   SdiVC6View.obj
 0001:00020b60       ??0CSdiVC6View@@IAE@XZ     00421b60 f   SdiVC6View.obj
 0001:00020b90       ?_ProcessWindowMessage@CSdiVC6View@@UAEHPAUHWND__@@IIJAAJ@Z 00421b90 f i SdiVC6View.obj
 0001:00020bc0       ??_ECSdiVC6View@@UAEPAXI@Z 00421bc0 f i SdiVC6View.obj
 0001:00020bc0       ??_GCSdiVC6View@@UAEPAXI@Z 00421bc0 f i SdiVC6View.obj
 0001:00020be0       ??1CSdiVC6View@@UAE@XZ     00421be0 f   SdiVC6View.obj
 0001:00020c50       ?PreCreateWindow@CSdiVC6View@@UAEHAAUtagCREATESTRUCTA@@@Z 00421c50 f   SdiVC6View.obj
 0001:00020f60       ?OnActivateView@CView@@UAEXHPAV1@0@Z 00421f60 f i SdiVC6View.obj
 0001:00021050       ?OnActivateFrame@CView@@UAEXIPAVCFrameWnd@@@Z 00422050 f i SdiVC6View.obj
 0001:00021050       ?OnEndPrinting@CView@@UAEXPAVCDCMTL@@PAUCPrintInfo@@@Z 00422050 f i SdiVC6View.obj
 0001:00021050       ?OnBarStyleChange@CControlBar@@UAEXKK@Z 00422050 f i SdiVC6View.obj
 0001:00021050       ?OnBeginPrinting@CView@@UAEXPAVCDCMTL@@PAUCPrintInfo@@@Z 00422050 f i SdiVC6View.obj
 0001:00021050       ?OnUpdateCmdUI@CDockBar@@UAEXPAVCFrameWnd@@H@Z 00422050 f i SdiVC6View.obj
 0001:00021060       ?PreCloseFrame@CDocument@@UAEXPAVCFrameWnd@@@Z 00422060 f i SdiVC6View.obj
 0001:00021060       ?SetText@CTestCmdUI@@UAEXPBD@Z 00422060 f i SdiVC6View.obj
 0001:00021060       ?DoDataExchange@CWMHnd@@UAEXPAVCDataExchange@@@Z 00422060 f i SdiVC6View.obj
 0001:00021060       ?SetText@CToolCmdUI@@UAEXPBD@Z 00422060 f i SdiVC6View.obj
 0001:00021060       ?SetRadio@CTestCmdUI@@UAEXH@Z 00422060 f i SdiVC6View.obj
 0001:00021060       ?OnDraw@CView@@UAEXPAVCDCMTL@@@Z 00422060 f i SdiVC6View.obj
 0001:00021060       ?OnDocumentEvent@CDocument@@UAEXW4DocumentEvent@1@@Z 00422060 f i SdiVC6View.obj
 0001:00021060       ?Serialize@CObject@@UAEXAAVCArchive@@@Z 00422060 f i SdiVC6View.obj
 0001:00021060       ?SetCheck@CTestCmdUI@@UAEXH@Z 00422060 f i SdiVC6View.obj
 0001:00021060       ?RegisterShellFileTypes@CDocManager@@UAEXH@Z 00422060 f i SdiVC6View.obj
 0001:00021070       ?OnInitialUpdate@CView@@UAEXXZ 00422070 f i SdiVC6View.obj
 0001:00021080       ?OnPrint@CView@@UAEXPAVCDCMTL@@PAUCPrintInfo@@@Z 00422080 f i SdiVC6View.obj
 0001:00021090       ?OnPrepareDC@CView@@UAEXPAVCDCMTL@@PAUCPrintInfo@@@Z 00422090 f i SdiVC6View.obj
 0001:000210c0       ?OnPreparePrinting@CView@@UAEHPAUCPrintInfo@@@Z 004220c0 f i SdiVC6View.obj
 0001:000210d0       ?OnScroll@CView@@UAEHIIH@Z 004220d0 f i SdiVC6View.obj
 0001:000210d0       ?OnScrollBy@CView@@UAEHVCSize@WTL@@H@Z 004220d0 f i SdiVC6View.obj
 0001:000210e0       ?OnUpdate@CView@@UAEXPAV1@JPAVCObject@@@Z 004220e0 f i SdiVC6View.obj
 0001:00021100       ?PreCreateWindow@CView@@UAEHAAUtagCREATESTRUCTA@@@Z 00422100 f i SdiVC6View.obj
 0001:00021450       ??_ECView@@UAEPAXI@Z       00422450 f i SdiVC6View.obj
 0001:00021450       ??_GCView@@UAEPAXI@Z       00422450 f i SdiVC6View.obj
 0001:00021470       ??1CView@@UAE@XZ           00422470 f i SdiVC6View.obj
 0001:000214e0       ?_ProcessWindowMessage@CView@@UAEHPAUHWND__@@IIJAAJ@Z 004224e0 f i SdiVC6View.obj
 0001:00021840       ??_9@$BJA@AE               00422840 f i SdiVC6View.obj
 0001:00021850       ??0CPaintDCMTL@@QAE@PAVCWMHnd@@@Z 00422850 f i SdiVC6View.obj
 0001:000218b0       ??1CPaintDCMTL@@UAE@XZ     004228b0 f i SdiVC6View.obj
 0001:00021910       ??_GCPaintDCMTL@@UAEPAXI@Z 00422910 f i SdiVC6View.obj
 0001:00021910       ??_ECPaintDCMTL@@UAEPAXI@Z 00422910 f i SdiVC6View.obj
 0001:00021930       ?SetActiveView@CFrameWnd@@QAEXPAVCView@@H@Z 00422930 f i SdiVC6View.obj
 0001:00021980       ?OnEndPrintPreview@CView@@UAEXPAVCDCMTL@@PAUCPrintInfo@@UtagPOINT@@PAVCPreviewView@@@Z 00422980 f i SdiVC6View.obj
 0001:00021b40       ?OnChangedViewList@CDocument@@QAEXXZ 00422b40 f i SdiVC6View.obj
 0001:00021dc0       ?CViewDestruct@CView@@QAEXXZ 00422dc0 f i SdiVC6View.obj
 0001:00021f10       ?OnCmdMsg@CView@@UAEHIHPAXPAUAFX_CMDHANDLERINFO@@@Z 00422f10 f i SdiVC6View.obj
 0001:00022230       ?GetRuntimeClass@CCmdTarget@@UBEPAUCRuntimeClass@@XZ 00423230 f   StdAfx.obj
 0001:00022240       ?CreateObject@CWnd@@SAPAVCObject@@XZ 00423240 f   StdAfx.obj
 0001:00022280       ?GetRuntimeClass@CWnd@@UBEPAUCRuntimeClass@@XZ 00423280 f   StdAfx.obj
 0001:00022290       ?GetRuntimeClass@CDialog@@UBEPAUCRuntimeClass@@XZ 00423290 f   StdAfx.obj
 0001:000222a0       ?CreateObject@CFrameWnd@@SAPAVCObject@@XZ 004232a0 f   StdAfx.obj
 0001:000223f0       ?GetRuntimeClass@CFrameWnd@@UBEPAUCRuntimeClass@@XZ 004233f0 f   StdAfx.obj
 0001:00022400       ?GetRuntimeClass@CView@@UBEPAUCRuntimeClass@@XZ 00423400 f   StdAfx.obj
 0001:00022410       ?GetRuntimeClass@CSingleDocTemplate@@UBEPAUCRuntimeClass@@XZ 00423410 f   StdAfx.obj
 0001:00022420       ?GetRuntimeClass@CControlBar@@UBEPAUCRuntimeClass@@XZ 00423420 f   StdAfx.obj
 0001:00022430       ?GetRuntimeClass@CDockBar@@UBEPAUCRuntimeClass@@XZ 00423430 f   StdAfx.obj
 0001:00022440       ?GetRuntimeClass@CToolBar@@UBEPAUCRuntimeClass@@XZ 00423440 f   StdAfx.obj
 0001:00022450       ?CreateObject@CMiniFrameWnd@@SAPAVCObject@@XZ 00423450 f   StdAfx.obj
 0001:00022590       ?GetRuntimeClass@CMiniFrameWnd@@UBEPAUCRuntimeClass@@XZ 00423590 f   StdAfx.obj
 0001:000225a0       ?CreateObject@CMiniDockFrameWnd@@SAPAVCObject@@XZ 004235a0 f   StdAfx.obj
 0001:00022770       ?GetRuntimeClass@CMiniDockFrameWnd@@UBEPAUCRuntimeClass@@XZ 00423770 f   StdAfx.obj
 0001:00022780       ?GetRuntimeClass@CFileDialogMTL@@UBEPAUCRuntimeClass@@XZ 00423780 f   StdAfx.obj
 0001:00022790       ?GetRuntimeClass@CToolTipCtrlMTL@@UBEPAUCRuntimeClass@@XZ 00423790 f   StdAfx.obj
 0001:000227a0       _WinMain@16                004237a0 f   StdAfx.obj
 0001:00022aa0       ?AtlModuleInit@ATL@@YGJPAU_ATL_MODULE@1@PAU_ATL_OBJMAP_ENTRY@1@PAUHINSTANCE__@@@Z 00423aa0 f i StdAfx.obj
 0001:00022b30       ?_AtlGetStringResourceImage@CAfx@@SAPBUATLSTRINGRESOURCEIMAGE@@PAUHINSTANCE__@@PAUHRSRC__@@I@Z 00423b30 f i StdAfx.obj
 0001:00022ba0       ??1CMiniFrameWnd@@UAE@XZ   00423ba0 f i StdAfx.obj
 0001:00022cb0       ?Create@CMiniFrameWnd@@UAEHPBD0KABUtagRECT@@PAVCWnd@@I@Z 00423cb0 f i StdAfx.obj
 0001:00022ce0       ?CreateEx@CMiniFrameWnd@@UAEHKPBD0KABUtagRECT@@PAVCWnd@@I@Z 00423ce0 f i StdAfx.obj
 0001:00022f80       ?AtlModuleAddCreateWndData@ATL@@YGXPAU_ATL_MODULE@1@PAU_AtlCreateWndData@1@PAX@Z 00423f80 f i StdAfx.obj
 0001:00022fc0       ?PreCreateWindow@CMiniFrameWnd@@UAEHAAUtagCREATESTRUCTA@@@Z 00423fc0 f i StdAfx.obj
 0001:000232e0       ??_ECMiniFrameWnd@@UAEPAXI@Z 004242e0 f i StdAfx.obj
 0001:000232e0       ??_GCMiniFrameWnd@@UAEPAXI@Z 004242e0 f i StdAfx.obj
 0001:00023300       ?_ProcessWindowMessage@CMiniFrameWnd@@UAEHPAUHWND__@@IIJAAJ@Z 00424300 f i StdAfx.obj
 0001:000237d0       ?HandleFloatingSysCommand@CWnd@@QAEHIJ@Z 004247d0 f i StdAfx.obj
 0001:00023a30       ?OnFloatStatus@CMiniFrameWnd@@QAEJIJ@Z 00424a30 f i StdAfx.obj
 0001:00023b20       ?OnQueryCenterWnd@CMiniFrameWnd@@QAEJIJ@Z 00424b20 f i StdAfx.obj
 0001:00023b50       ?RecalcLayout@CMiniDockFrameWnd@@UAEXH@Z 00424b50 f i StdAfx.obj
 0001:00023cd0       ??_GCMiniDockFrameWnd@@UAEPAXI@Z 00424cd0 f i StdAfx.obj
 0001:00023cd0       ??_ECMiniDockFrameWnd@@UAEPAXI@Z 00424cd0 f i StdAfx.obj
 0001:00023cf0       ??1CMiniDockFrameWnd@@UAE@XZ 00424cf0 f i StdAfx.obj
 0001:00023e70       ??1?$CList@PAXPAX@@QAE@XZ  00424e70 f i StdAfx.obj
 0001:00023e70       ??1?$CList@PAUCRuntimeClass@@ABQAU1@@@QAE@XZ 00424e70 f i StdAfx.obj
 0001:00023e70       ??1?$CList@PAVCFrameWnd@@ABQAV1@@@QAE@XZ 00424e70 f i StdAfx.obj
 0001:00023e70       ?RemoveAll@?$CList@PAXPAX@@QAEXXZ 00424e70 f i StdAfx.obj
 0001:00023e70       ??1?$CList@PAUHWND__@@PAU1@@@QAE@XZ 00424e70 f i StdAfx.obj
 0001:00023eb0       ?_ProcessWindowMessage@CMiniDockFrameWnd@@UAEHPAUHWND__@@IIJAAJ@Z 00424eb0 f i StdAfx.obj
 0001:00024190       ?ActivateTopParent@CWnd@@QAEXXZ 00425190 f i StdAfx.obj
 0001:00024280       ?ShowControlBar@CFrameWnd@@QAEXPAVCControlBar@@HH@Z 00425280 f i StdAfx.obj
 0001:000244c0       ?AddFrameWnd@CFrameWnd@@QAEXXZ 004254c0 f i StdAfx.obj
 0001:00024500       _GetFileTitleA@12          00425500 f   comdlg32:comdlg32.dll
 0001:00024506       _GetSaveFileNameA@4        00425506 f   comdlg32:comdlg32.dll
 0001:0002450c       _GetOpenFileNameA@4        0042550c f   comdlg32:comdlg32.dll
 0001:00024512       ??3@YAXPAX@Z               00425512 f   LIBCMT:delete.obj
 0001:0002451d       ??2@YAPAXI@Z               0042551d f   LIBCMT:new.obj
 0001:0002452b       ?_JumpToContinuation@@YGXPAXPAUEHRegistrationNode@@@Z 0042552b f   LIBCMT:trnsctrl.obj
 0001:0002455f       ?_CallMemberFunction0@@YGXPAX0@Z 0042555f f   LIBCMT:trnsctrl.obj
 0001:0002455f       ?_CallMemberFunction1@@YGXPAX00@Z 0042555f f   LIBCMT:trnsctrl.obj
 0001:00024566       ?_CallMemberFunction2@@YGXPAX00H@Z 00425566 f   LIBCMT:trnsctrl.obj
 0001:0002456d       ?_UnwindNestedFrames@@YGXPAUEHRegistrationNode@@PAUEHExceptionRecord@@@Z 0042556d f   LIBCMT:trnsctrl.obj
 0001:000245bc       ___CxxFrameHandler         004255bc f   LIBCMT:trnsctrl.obj
 0001:000245f2       ?_CallCatchBlock2@@YAPAXPAUEHRegistrationNode@@PBU_s_FuncInfo@@PAXHK@Z 004255f2 f   LIBCMT:trnsctrl.obj
 0001:0002466b       ?_CallSETranslator@@YAHPAUEHExceptionRecord@@PAUEHRegistrationNode@@PAX2PBU_s_FuncInfo@@H1@Z 0042566b f   LIBCMT:trnsctrl.obj
 0001:00024796       ?_GetRangeOfTrysToCheck@@YAPBU_s_TryBlockMapEntry@@PBU_s_FuncInfo@@HHPAI1@Z 00425796 f   LIBCMT:trnsctrl.obj
 0001:00024814       __global_unwind2           00425814 f   LIBCMT:exsup.obj
 0001:00024856       __local_unwind2            00425856 f   LIBCMT:exsup.obj
 0001:000248ae       __NLG_Return2              004258ae f   LIBCMT:exsup.obj
 0001:000248be       __abnormal_termination     004258be f   LIBCMT:exsup.obj
 0001:000248e1       __NLG_Notify1              004258e1 f   LIBCMT:exsup.obj
 0001:000248ea       __NLG_Notify               004258ea f   LIBCMT:exsup.obj
 0001:000248fd       __NLG_Dispatch             004258fd f   LIBCMT:exsup.obj
 0001:00024902       __purecall                 00425902 f   LIBCMT:purevirt.obj
 0001:0002490b       __onexit                   0042590b f   LIBCMT:onexit.obj
 0001:00024989       _atexit                    00425989 f   LIBCMT:onexit.obj
 0001:0002499b       ___onexitinit              0042599b f   LIBCMT:onexit.obj
 0001:000249ca       ??_M@YGXPAXIHP6EX0@Z@Z     004259ca f   LIBCMT:ehvecdtr.obj
 0001:00024a4a       ?__ArrayUnwind@@YGXPAXIHP6EX0@Z@Z 00425a4a f   LIBCMT:ehvecdtr.obj
 0001:00024abe       __mbscmp                   00425abe f   LIBCMT:mbscmp.obj
 0001:00024b6d       _free                      00425b6d f   LIBCMT:free.obj
 0001:00024c56       _calloc                    00425c56 f   LIBCMT:calloc.obj
 0001:00024da0       _memmove                   00425da0 f   LIBCMT:memmove.obj
 0001:000250d5       __mbschr                   004260d5 f   LIBCMT:mbschr.obj
 0001:0002516c       _malloc                    0042616c f   LIBCMT:malloc.obj
 0001:0002517e       __nh_malloc                0042617e f   LIBCMT:malloc.obj
 0001:000251aa       __heap_alloc               004261aa f   LIBCMT:malloc.obj
 0001:000252a6       __cinit                    004262a6 f   LIBCMT:crt0dat.obj
 0001:000252d3       _exit                      004262d3 f   LIBCMT:crt0dat.obj
 0001:000252e4       __exit                     004262e4 f   LIBCMT:crt0dat.obj
 0001:0002539a       __lockexit                 0042639a f   LIBCMT:crt0dat.obj
 0001:000253a3       __unlockexit               004263a3 f   LIBCMT:crt0dat.obj
 0001:000253c6       __strdup                   004263c6 f   LIBCMT:strdup.obj
 0001:000253f1       ??_L@YGXPAXIHP6EX0@Z1@Z    004263f1 f   LIBCMT:ehvecctr.obj
 0001:00025473       __mbsrchr                  00426473 f   LIBCMT:mbsrchr.obj
 0001:000254e5       __mbscspn                  004264e5 f   LIBCMT:mbscspn.obj
 0001:00025574       __mbsspn                   00426574 f   LIBCMT:mbsspn.obj
 0001:00025610       __chkstk                   00426610 f   LIBCMT:chkstk.obj
 0001:00025610       __alloca_probe             00426610 f   LIBCMT:chkstk.obj
 0001:0002563f       __ismbblead                0042663f f   LIBCMT:ismbbyte.obj
 0001:00025681       ??1type_info@@UAE@XZ       00426681 f   LIBCMT:typinfo.obj
 0001:000256aa       ??_Gtype_info@@UAEPAXI@Z   004266aa f i LIBCMT:typinfo.obj
 0001:000256aa       ??_Etype_info@@UAEPAXI@Z   004266aa f i LIBCMT:typinfo.obj
 0001:000256c6       __CxxThrowException@8      004266c6 f   LIBCMT:throw.obj
 0001:00025700       _mktime                    00426700 f   LIBCMT:mktime.obj
 0001:000258f2       __mbspbrk                  004268f2 f   LIBCMT:mbspbrk.obj
 0001:00025990       __alldiv                   00426990 f   LIBCMT:lldiv.obj
 0001:00025a40       __allmul                   00426a40 f   LIBCMT:llmul.obj
 0001:00025a80       __allshr                   00426a80 f   LIBCMT:llshr.obj
 0001:00025aa1       _WinMainCRTStartup         00426aa1 f   LIBCMT:wincrt0.obj
 0001:00025ba9       __amsg_exit                00426ba9 f   LIBCMT:wincrt0.obj
 0001:00025bf2       ___InternalCxxFrameHandler 00426bf2 f   LIBCMT:frame.obj
 0001:00025f47       ___FrameUnwindToState      00426f47 f   LIBCMT:frame.obj
 0001:00026369       ?_DestructExceptionObject@@YAXPAUEHExceptionRecord@@E@Z 00427369 f   LIBCMT:frame.obj
 0001:00026400       __CallSettingFrame@12      00427400 f   LIBCMT:lowhelpr.obj
 0001:00026427       __NLG_Return               00427427 f   LIBCMT:lowhelpr.obj
 0001:0002644c       __mtinit                   0042744c f   LIBCMT:tidtable.obj
 0001:000264a0       __initptd                  004274a0 f   LIBCMT:tidtable.obj
 0001:000264b3       __getptd                   004274b3 f   LIBCMT:tidtable.obj
 0001:0002651a       ?terminate@@YAXXZ          0042751a f   LIBCMT:hooks.obj
 0001:0002657b       ?_inconsistency@@YAXXZ     0042757b f   LIBCMT:hooks.obj
 0001:000265d1       _realloc                   004275d1 f   LIBCMT:realloc.obj
 0001:00026900       __msize                    00427900 f   LIBCMT:msize.obj
 0001:000269f8       __except_handler3          004279f8 f   LIBCMT:exsup3.obj
 0001:00026ab5       __seh_longjmp_unwind@4     00427ab5 f   LIBCMT:exsup3.obj
 0001:00026ad0       __mtinitlocks              00427ad0 f   LIBCMT:mlock.obj
 0001:00026af9       __lock                     00427af9 f   LIBCMT:mlock.obj
 0001:00026b5a       __unlock                   00427b5a f   LIBCMT:mlock.obj
 0001:00026b6f       __setmbcp                  00427b6f f   LIBCMT:mbctype.obj
 0001:00026f47       ___initmbctable            00427f47 f   LIBCMT:mbctype.obj
 0001:00026f70       _strcmp                    00427f70 f   LIBCMT:strcmp.obj
 0001:00026ff4       __GetLinkerVersion         00427ff4 f   LIBCMT:heapinit.obj
 0001:00027021       ___heap_select             00428021 f   LIBCMT:heapinit.obj
 0001:00027169       __heap_init                00428169 f   LIBCMT:heapinit.obj
 0001:000271c6       ___sbh_heap_init           004281c6 f   LIBCMT:sbheap.obj
 0001:0002720e       ___sbh_find_block          0042820e f   LIBCMT:sbheap.obj
 0001:00027239       ___sbh_free_block          00428239 f   LIBCMT:sbheap.obj
 0001:00027562       ___sbh_alloc_block         00428562 f   LIBCMT:sbheap.obj
 0001:0002786b       ___sbh_alloc_new_region    0042886b f   LIBCMT:sbheap.obj
 0001:0002791c       ___sbh_alloc_new_group     0042891c f   LIBCMT:sbheap.obj
 0001:00027a17       ___sbh_resize_block        00428a17 f   LIBCMT:sbheap.obj
 0001:00027d0d       ___old_sbh_new_region      00428d0d f   LIBCMT:sbheap.obj
 0001:00027e51       ___old_sbh_release_region  00428e51 f   LIBCMT:sbheap.obj
 0001:00027ea7       ___old_sbh_decommit_pages  00428ea7 f   LIBCMT:sbheap.obj
 0001:00027f69       ___old_sbh_find_block      00428f69 f   LIBCMT:sbheap.obj
 0001:00027fc0       ___old_sbh_free_block      00428fc0 f   LIBCMT:sbheap.obj
 0001:00028005       ___old_sbh_alloc_block     00429005 f   LIBCMT:sbheap.obj
 0001:0002820d       ___old_sbh_alloc_block_from_page 0042920d f   LIBCMT:sbheap.obj
 0001:00028331       ___old_sbh_resize_block    00429331 f   LIBCMT:sbheap.obj
 0001:000283da       __callnewh                 004293da f   LIBCMT:handler.obj
 0001:00028400       _memset                    00429400 f   LIBCMT:memset.obj
 0001:00028470       _strchr                    00429470 f   LIBCMT:strchr.obj
 0001:00028476       ___from_strstr_to_strchr   00429476 f   LIBCMT:strchr.obj
 0001:00028530       _strcpy                    00429530 f   LIBCMT:strcat.obj
 0001:00028540       _strcat                    00429540 f   LIBCMT:strcat.obj
 0001:00028620       _strlen                    00429620 f   LIBCMT:strlen.obj
 0001:000286a0       _strrchr                   004296a0 f   LIBCMT:strrchr.obj
 0001:000286d0       _strcspn                   004296d0 f   LIBCMT:strcspn.obj
 0001:00028710       _strspn                    00429710 f   LIBCMT:strspn.obj
 0001:0002874e       ?__CxxUnhandledExceptionFilter@@YGJPAU_EXCEPTION_POINTERS@@@Z 0042974e f   LIBCMT:unhandld.obj
 0001:00028794       ?__CxxSetUnhandledExceptionFilter@@YAXXZ 00429794 f   LIBCMT:unhandld.obj
 0001:000287a5       ?__CxxRestoreUnhandledExceptionFilter@@YAXXZ 004297a5 f   LIBCMT:unhandld.obj
 0001:000287b2       _gmtime                    004297b2 f   LIBCMT:gmtime.obj
 0001:000288bc       _localtime                 004298bc f   LIBCMT:localtim.obj
 0001:00028a1c       ___tzset                   00429a1c f   LIBCMT:tzset.obj
 0001:00028cd1       __isindst                  00429cd1 f   LIBCMT:tzset.obj
 0001:00028fe0       _strpbrk                   00429fe0 f   LIBCMT:strpbrk.obj
 0001:0002901a       __XcptFilter               0042a01a f   LIBCMT:winxfltr.obj
 0001:00029192       __wincmdln                 0042a192 f   LIBCMT:wincmdln.obj
 0001:000291ea       __setenvp                  0042a1ea f   LIBCMT:stdenvp.obj
 0001:000292a3       __setargv                  0042a2a3 f   LIBCMT:stdargv.obj
 0001:000294f0       ___crtGetEnvironmentStringsA 0042a4f0 f   LIBCMT:a_env.obj
 0001:00029622       __ioinit                   0042a622 f   LIBCMT:ioinit.obj
 0001:000297de       __FF_MSGBANNER             0042a7de f   LIBCMT:crt0msg.obj
 0001:00029817       __NMSG_WRITE               0042a817 f   LIBCMT:crt0msg.obj
 0001:0002996a       ?_ValidateRead@@YAHPBXI@Z  0042a96a f   LIBCMT:validate.obj
 0001:00029986       ?_ValidateWrite@@YAHPAXI@Z 0042a986 f   LIBCMT:validate.obj
 0001:000299a2       ?_ValidateExecute@@YAHP6GHXZ@Z 0042a9a2 f   LIBCMT:validate.obj
 0001:000299ba       _abort                     0042a9ba f   LIBCMT:abort.obj
 0001:000299e0       _memcpy                    0042a9e0 f   LIBCMT:memcpy.obj
 0001:00029d15       ___crtLCMapStringA         0042ad15 f   LIBCMT:a_map.obj
 0001:00029f64       ___crtGetStringTypeA       0042af64 f   LIBCMT:a_str.obj
 0001:0002a0ad       _strtol                    0042b0ad f   LIBCMT:strtol.obj
 0001:0002a2d0       _strstr                    0042b2d0 f   LIBCMT:strstr.obj
 0001:0002a350       _strncmp                   0042b350 f   LIBCMT:strncmp.obj
 0001:0002a388       _atol                      0042b388 f   LIBCMT:atox.obj
 0001:0002a420       _strncpy                   0042b420 f   LIBCMT:strncpy.obj
 0001:0002a51e       __getenv_lk                0042b51e f   LIBCMT:getenv.obj
 0001:0002a59b       ___crtMessageBoxA          0042b59b f   LIBCMT:crtmbox.obj
 0001:0002a624       _raise                     0042b624 f   LIBCMT:winsig.obj
 0001:0002a7e3       __errno                    0042b7e3 f   LIBCMT:dosmap.obj
 0001:0002a7ec       _toupper                   0042b7ec f   LIBCMT:toupper.obj
 0001:0002a85b       __toupper_lk               0042b85b f   LIBCMT:toupper.obj
 0001:0002a927       __isctype                  0042b927 f   LIBCMT:isctype.obj
 0001:0002a99c       __mbsnbicoll               0042b99c f   LIBCMT:mbsnbico.obj
 0001:0002a9db       ___wtomb_environ           0042b9db f   LIBCMT:wtombenv.obj
 0001:0002aa49       ___crtCompareStringA       0042ba49 f   LIBCMT:a_cmp.obj
 0001:0002acc6       ___crtsetenv               0042bcc6 f   LIBCMT:setenv.obj
 0001:0002af10       __strcmpi                  0042bf10 f   LIBCMT:stricmp.obj
 0001:0002af10       __stricmp                  0042bf10 f   LIBCMT:stricmp.obj
 0001:0002afe0       __strnicmp                 0042bfe0 f   LIBCMT:strnicmp.obj
 0001:0002b0f0       __aulldiv                  0042c0f0 f   LIBCMT:ulldiv.obj
 0001:0002b160       __aullrem                  0042c160 f   LIBCMT:ullrem.obj
 0001:0002b1d5       __tolower_lk               0042c1d5 f   LIBCMT:tolower.obj
 0001:0002b2a0       _RtlUnwind@16              0042c2a0 f   kernel32:KERNEL32.dll
 0002:00000000       __imp__RegQueryValueA@16   0042e000     advapi32:ADVAPI32.dll
 0002:00000004       __imp__RegEnumKeyA@16      0042e004     advapi32:ADVAPI32.dll
 0002:00000008       __imp__RegOpenKeyExA@20    0042e008     advapi32:ADVAPI32.dll
 0002:0000000c       __imp__RegDeleteKeyA@8     0042e00c     advapi32:ADVAPI32.dll
 0002:00000010       __imp__RegQueryValueExA@24 0042e010     advapi32:ADVAPI32.dll
 0002:00000014       __imp__RegOpenKeyExW@20    0042e014     advapi32:ADVAPI32.dll
 0002:00000018       __imp__RegCloseKey@4       0042e018     advapi32:ADVAPI32.dll
 0002:0000001c       \177ADVAPI32_NULL_THUNK_DATA 0042e01c     advapi32:ADVAPI32.dll
 0002:00000020       __imp__InitCommonControlsEx@4 0042e020     comctl32:COMCTL32.dll
 0002:00000024       \177COMCTL32_NULL_THUNK_DATA 0042e024     comctl32:COMCTL32.dll
 0002:00000028       __imp__GetDeviceCaps@8     0042e028     gdi32:GDI32.dll
 0002:0000002c       __imp__SaveDC@4            0042e02c     gdi32:GDI32.dll
 0002:00000030       __imp__RestoreDC@8         0042e030     gdi32:GDI32.dll
 0002:00000034       __imp__TextOutA@20         0042e034     gdi32:GDI32.dll
 0002:00000038       __imp__GetTextMetricsA@8   0042e038     gdi32:GDI32.dll
 0002:0000003c       __imp__SelectObject@8      0042e03c     gdi32:GDI32.dll
 0002:00000040       __imp__GetTextExtentPoint32A@16 0042e040     gdi32:GDI32.dll
 0002:00000044       __imp__IntersectClipRect@20 0042e044     gdi32:GDI32.dll
 0002:00000048       __imp__ExcludeClipRect@20  0042e048     gdi32:GDI32.dll
 0002:0000004c       __imp__ExtTextOutA@32      0042e04c     gdi32:GDI32.dll
 0002:00000050       __imp__SetBkColor@8        0042e050     gdi32:GDI32.dll
 0002:00000054       __imp__DeleteObject@4      0042e054     gdi32:GDI32.dll
 0002:00000058       __imp__GetCharWidthA@16    0042e058     gdi32:GDI32.dll
 0002:0000005c       __imp__CreateFontA@56      0042e05c     gdi32:GDI32.dll
 0002:00000060       __imp__GetBkColor@4        0042e060     gdi32:GDI32.dll
 0002:00000064       __imp__CreatePatternBrush@4 0042e064     gdi32:GDI32.dll
 0002:00000068       __imp__CreateBitmap@20     0042e068     gdi32:GDI32.dll
 0002:0000006c       __imp__GetStockObject@4    0042e06c     gdi32:GDI32.dll
 0002:00000070       __imp__PatBlt@24           0042e070     gdi32:GDI32.dll
 0002:00000074       __imp__GetClipBox@8        0042e074     gdi32:GDI32.dll
 0002:00000078       __imp__SelectClipRgn@8     0042e078     gdi32:GDI32.dll
 0002:0000007c       __imp__SetRectRgn@20       0042e07c     gdi32:GDI32.dll
 0002:00000080       __imp__CombineRgn@16       0042e080     gdi32:GDI32.dll
 0002:00000084       __imp__CreateRectRgn@16    0042e084     gdi32:GDI32.dll
 0002:00000088       __imp__CreateRectRgnIndirect@4 0042e088     gdi32:GDI32.dll
 0002:0000008c       __imp__GetObjectA@12       0042e08c     gdi32:GDI32.dll
 0002:00000090       __imp__StretchDIBits@52    0042e090     gdi32:GDI32.dll
 0002:00000094       __imp__CreateCompatibleDC@4 0042e094     gdi32:GDI32.dll
 0002:00000098       __imp__CreateCompatibleBitmap@12 0042e098     gdi32:GDI32.dll
 0002:0000009c       __imp__DeleteDC@4          0042e09c     gdi32:GDI32.dll
 0002:000000a0       \177GDI32_NULL_THUNK_DATA  0042e0a0     gdi32:GDI32.dll
 0002:000000a4       __imp__CompareStringA@24   0042e0a4     kernel32:KERNEL32.dll
 0002:000000a8       __imp__LoadLibraryA@4      0042e0a8     kernel32:KERNEL32.dll
 0002:000000ac       __imp__GetStringTypeW@16   0042e0ac     kernel32:KERNEL32.dll
 0002:000000b0       __imp__GetStringTypeA@20   0042e0b0     kernel32:KERNEL32.dll
 0002:000000b4       __imp__LCMapStringW@24     0042e0b4     kernel32:KERNEL32.dll
 0002:000000b8       __imp__LCMapStringA@24     0042e0b8     kernel32:KERNEL32.dll
 0002:000000bc       __imp__IsBadCodePtr@4      0042e0bc     kernel32:KERNEL32.dll
 0002:000000c0       __imp__IsBadReadPtr@8      0042e0c0     kernel32:KERNEL32.dll
 0002:000000c4       __imp__GetFileType@4       0042e0c4     kernel32:KERNEL32.dll
 0002:000000c8       __imp__GetStdHandle@4      0042e0c8     kernel32:KERNEL32.dll
 0002:000000cc       __imp__SetHandleCount@4    0042e0cc     kernel32:KERNEL32.dll
 0002:000000d0       __imp__GetEnvironmentStringsW@0 0042e0d0     kernel32:KERNEL32.dll
 0002:000000d4       __imp__GetEnvironmentStrings@0 0042e0d4     kernel32:KERNEL32.dll
 0002:000000d8       __imp__FreeEnvironmentStringsW@4 0042e0d8     kernel32:KERNEL32.dll
 0002:000000dc       __imp__FreeEnvironmentStringsA@4 0042e0dc     kernel32:KERNEL32.dll
 0002:000000e0       __imp__UnhandledExceptionFilter@4 0042e0e0     kernel32:KERNEL32.dll
 0002:000000e4       __imp__GetTimeZoneInformation@4 0042e0e4     kernel32:KERNEL32.dll
 0002:000000e8       __imp__SetUnhandledExceptionFilter@4 0042e0e8     kernel32:KERNEL32.dll
 0002:000000ec       __imp__IsBadWritePtr@8     0042e0ec     kernel32:KERNEL32.dll
 0002:000000f0       __imp__VirtualAlloc@16     0042e0f0     kernel32:KERNEL32.dll
 0002:000000f4       __imp__CompareStringW@24   0042e0f4     kernel32:KERNEL32.dll
 0002:000000f8       __imp__EnterCriticalSection@4 0042e0f8     kernel32:KERNEL32.dll
 0002:000000fc       __imp__GetVersionExA@4     0042e0fc     kernel32:KERNEL32.dll
 0002:00000100       __imp__GetEnvironmentVariableA@12 0042e100     kernel32:KERNEL32.dll
 0002:00000104       __imp__GetOEMCP@0          0042e104     kernel32:KERNEL32.dll
 0002:00000108       __imp__GetACP@0            0042e108     kernel32:KERNEL32.dll
 0002:0000010c       __imp__GetCPInfo@8         0042e10c     kernel32:KERNEL32.dll
 0002:00000110       __imp__HeapSize@12         0042e110     kernel32:KERNEL32.dll
 0002:00000114       __imp__HeapReAlloc@16      0042e114     kernel32:KERNEL32.dll
 0002:00000118       __imp__TlsGetValue@4       0042e118     kernel32:KERNEL32.dll
 0002:0000011c       __imp__TlsAlloc@0          0042e11c     kernel32:KERNEL32.dll
 0002:00000120       __imp__TlsSetValue@8       0042e120     kernel32:KERNEL32.dll
 0002:00000124       __imp__GetVersion@0        0042e124     kernel32:KERNEL32.dll
 0002:00000128       __imp__GetCommandLineA@0   0042e128     kernel32:KERNEL32.dll
 0002:0000012c       __imp__GetStartupInfoA@4   0042e12c     kernel32:KERNEL32.dll
 0002:00000130       __imp__RaiseException@16   0042e130     kernel32:KERNEL32.dll
 0002:00000134       __imp__TerminateProcess@8  0042e134     kernel32:KERNEL32.dll
 0002:00000138       __imp__ExitProcess@4       0042e138     kernel32:KERNEL32.dll
 0002:0000013c       __imp__HeapAlloc@12        0042e13c     kernel32:KERNEL32.dll
 0002:00000140       __imp__HeapFree@12         0042e140     kernel32:KERNEL32.dll
 0002:00000144       __imp__RtlUnwind@16        0042e144     kernel32:KERNEL32.dll
 0002:00000148       __imp__SetEnvironmentVariableA@8 0042e148     kernel32:KERNEL32.dll
 0002:0000014c       __imp__InitializeCriticalSection@4 0042e14c     kernel32:KERNEL32.dll
 0002:00000150       __imp__DeleteCriticalSection@4 0042e150     kernel32:KERNEL32.dll
 0002:00000154       __imp__HeapDestroy@4       0042e154     kernel32:KERNEL32.dll
 0002:00000158       __imp__DeleteFileA@4       0042e158     kernel32:KERNEL32.dll
 0002:0000015c       __imp__SetFilePointer@16   0042e15c     kernel32:KERNEL32.dll
 0002:00000160       __imp__WriteFile@20        0042e160     kernel32:KERNEL32.dll
 0002:00000164       __imp__ReadFile@20         0042e164     kernel32:KERNEL32.dll
 0002:00000168       __imp__CreateFileA@28      0042e168     kernel32:KERNEL32.dll
 0002:0000016c       __imp__GetFileTime@16      0042e16c     kernel32:KERNEL32.dll
 0002:00000170       __imp__GetFileSize@8       0042e170     kernel32:KERNEL32.dll
 0002:00000174       __imp__FileTimeToLocalFileTime@8 0042e174     kernel32:KERNEL32.dll
 0002:00000178       __imp__FileTimeToSystemTime@8 0042e178     kernel32:KERNEL32.dll
 0002:0000017c       __imp__GetFileAttributesA@4 0042e17c     kernel32:KERNEL32.dll
 0002:00000180       __imp__WritePrivateProfileStringA@16 0042e180     kernel32:KERNEL32.dll
 0002:00000184       __imp__GetCurrentDirectoryA@8 0042e184     kernel32:KERNEL32.dll
 0002:00000188       __imp__GetPrivateProfileStringA@24 0042e188     kernel32:KERNEL32.dll
 0002:0000018c       __imp__LoadLibraryExA@12   0042e18c     kernel32:KERNEL32.dll
 0002:00000190       __imp__GetLastError@0      0042e190     kernel32:KERNEL32.dll
 0002:00000194       __imp__GetModuleFileNameA@12 0042e194     kernel32:KERNEL32.dll
 0002:00000198       __imp__lstrcpyA@8          0042e198     kernel32:KERNEL32.dll
 0002:0000019c       __imp__lstrcatA@8          0042e19c     kernel32:KERNEL32.dll
 0002:000001a0       __imp__GetFullPathNameA@16 0042e1a0     kernel32:KERNEL32.dll
 0002:000001a4       __imp__GetVolumeInformationA@32 0042e1a4     kernel32:KERNEL32.dll
 0002:000001a8       __imp__FindFirstFileA@8    0042e1a8     kernel32:KERNEL32.dll
 0002:000001ac       __imp__FindClose@4         0042e1ac     kernel32:KERNEL32.dll
 0002:000001b0       __imp__GetStringTypeExA@20 0042e1b0     kernel32:KERNEL32.dll
 0002:000001b4       __imp__GetThreadLocale@0   0042e1b4     kernel32:KERNEL32.dll
 0002:000001b8       __imp__lstrcmpiA@8         0042e1b8     kernel32:KERNEL32.dll
 0002:000001bc       __imp__GlobalDeleteAtom@4  0042e1bc     kernel32:KERNEL32.dll
 0002:000001c0       __imp__CloseHandle@4       0042e1c0     kernel32:KERNEL32.dll
 0002:000001c4       __imp__GetModuleHandleA@4  0042e1c4     kernel32:KERNEL32.dll
 0002:000001c8       __imp__GetProcAddress@8    0042e1c8     kernel32:KERNEL32.dll
 0002:000001cc       __imp__SetLastError@4      0042e1cc     kernel32:KERNEL32.dll
 0002:000001d0       __imp__lstrcpynA@12        0042e1d0     kernel32:KERNEL32.dll
 0002:000001d4       __imp__MultiByteToWideChar@24 0042e1d4     kernel32:KERNEL32.dll
 0002:000001d8       __imp__FindResourceW@12    0042e1d8     kernel32:KERNEL32.dll
 0002:000001dc       __imp__SizeofResource@8    0042e1dc     kernel32:KERNEL32.dll
 0002:000001e0       __imp__WideCharToMultiByte@32 0042e1e0     kernel32:KERNEL32.dll
 0002:000001e4       __imp__InterlockedIncrement@4 0042e1e4     kernel32:KERNEL32.dll
 0002:000001e8       __imp__lstrcmpA@8          0042e1e8     kernel32:KERNEL32.dll
[...]
 0003:0000044c       ??_C@_04MBPC@CWnd?$AA@     0043344c     StdAfx.obj
 0003:00000454       ??_C@_0L@MION@CCmdTarget?$AA@ 00433454     StdAfx.obj
 0003:00000460       ??_C@_07EFMO@CObject?$AA@  00433460     StdAfx.obj
 0003:00000468       ?GUID_ATLVer30@ATL@@3U_GUID@@A 00433468     StdAfx.obj
 0003:00000478       ??_C@_04CLNG@?4INI?$AA@    00433478     StdAfx.obj
 0003:00000480       ??_C@_04DMK@?4HLP?$AA@     00433480     StdAfx.obj
 0003:00000488       ??_C@_04MCON@?4CHM?$AA@    00433488     StdAfx.obj
 0003:00000490       __NLG_Destination          00433490     LIBCMT:exsup.obj
 0003:000004a0       ??_R0?AVtype_info@@@8      004334a0     LIBCMT:typinfo.obj
 0003:000004b8       ?__pMyUnhandledExceptionFilter@@3PAXA 004334b8     LIBCMT:throw.obj
 0003:000004c0       __aexit_rtn                004334c0     LIBCMT:wincrt0.obj
 0003:000004c4       ___app_type                004334c4     LIBCMT:wincrt0.obj
 0003:000004d0       ___tlsindex                004334d0     LIBCMT:tidtable.obj
 0003:000004d4       ?__pInconsistency@@3P6AXXZA 004334d4     LIBCMT:hooks.obj
 0003:000004d8       __locktable                004334d8     LIBCMT:mlock.obj
 0003:00000690       __amblksiz                 00433690     LIBCMT:heapinit.obj
 0003:00000698       ___old_small_block_heap    00433698     LIBCMT:sbheap.obj
 0003:000026bc       ___old_sbh_threshold       004356bc     LIBCMT:sbheap.obj
 0003:000026c0       __pctype                   004356c0     LIBCMT:ctype.obj
 0003:000026c4       __pwctype                  004356c4     LIBCMT:ctype.obj
 0003:000026c8       __ctype                    004356c8     LIBCMT:ctype.obj
 0003:000028cc       __timezone                 004358cc     LIBCMT:timeset.obj
 0003:000028d0       __daylight                 004358d0     LIBCMT:timeset.obj
 0003:000028d4       __dstbias                  004358d4     LIBCMT:timeset.obj
 0003:00002958       __tzname                   00435958     LIBCMT:timeset.obj
 0003:0000297c       __lpdays                   0043597c     LIBCMT:days.obj
 0003:000029b0       __days                     004359b0     LIBCMT:days.obj
 0003:000029f0       __XcptActTab               004359f0     LIBCMT:winxfltr.obj
 0003:00002a68       __First_FPE_Indx           00435a68     LIBCMT:winxfltr.obj
 0003:00002a6c       __Num_FPE                  00435a6c     LIBCMT:winxfltr.obj
 0003:00002a70       __XcptActTabSize           00435a70     LIBCMT:winxfltr.obj
 0003:00002a74       __XcptActTabCount          00435a74     LIBCMT:winxfltr.obj
 0003:00002a78       ___badioinfo               00435a78     LIBCMT:ioinit.obj
 0003:00002c98       ___mb_cur_max              00435c98     LIBCMT:nlsdata1.obj
 0003:00002c9c       ___decimal_point           00435c9c     LIBCMT:nlsdata1.obj
 0003:00002ca0       ___decimal_point_length    00435ca0     LIBCMT:nlsdata1.obj
 0003:00002db0       ___lc_time_curr            00435db0     LIBCMT:strftime.obj
 0003:00002db8       ___lc_time_c               00435db8     LIBCMT:strftime.obj
 0003:00002e68       ___lconv_static_decimal    00435e68     LIBCMT:lconv.obj
 0003:00002e70       ___lconv_c                 00435e70     LIBCMT:lconv.obj
 0003:00002ea0       ___lconv                   00435ea0     LIBCMT:lconv.obj
 0003:00002eb0       ?_pModule@ATL@@3PAVCComModule@1@A 00435eb0     MainFrm.obj
 0003:00002eb8       ?cwp@?1??GetHookOldCbtFilter@CWnd@@SAAAU_CreateWindowParam@2@XZ@4U32@A 00435eb8     MainFrm.obj
 0003:00002ec4       ??_C@_00A@?$AA@            00435ec4     MainFrm.obj
 0003:00002ec8       ?hHalftoneBrush@?1??HalftoneBrush@CAfx@@SAPAUHBRUSH__@@H@Z@4PAU3@A 00435ec8     MainFrm.obj
 0003:00002ed0       ?theApp@@3VCSdiVC6App@@A   00435ed0     SdiVC6.obj
 0003:00003014       ?_afxMsgSETRGB@?1??_AfxCommDlgProc@CCommonDialog@@SGKPAUHWND__@@IIJ@Z@4IA 00436014     SdiVC6.obj
 0003:00003018       ?_afxMsgHELP@?1??_AfxCommDlgProc@CCommonDialog@@SGKPAUHWND__@@IIJ@Z@4IA 00436018     SdiVC6.obj
 0003:0000301c       ?_afxMsgFILEOK@?1??_AfxCommDlgProc@CCommonDialog@@SGKPAUHWND__@@IIJ@Z@4IA 0043601c     SdiVC6.obj
 0003:00003020       ?_afxMsgSHAREVI@?1??_AfxCommDlgProc@CCommonDialog@@SGKPAUHWND__@@IIJ@Z@4IA 00436020     SdiVC6.obj
 0003:00003024       ?_afxMsgLBSELCHANGE@?1??_AfxCommDlgProc@CCommonDialog@@SGKPAUHWND__@@IIJ@Z@4IA 00436024     SdiVC6.obj
 0003:00003028       ?m_pCWinApp@CWinApp@@2PAV1@A 00436028     StdAfx.obj
 0003:00003030       ?rectDefault@CFrameWnd@@2VCRect@WTL@@B 00436030     StdAfx.obj
 0003:00003040       ?_AtlWinModule@@3VCComModule@ATL@@A 00436040     StdAfx.obj
 0003:000030c8       ?wndTopMost@CWMHnd@@2V1@B  004360c8     StdAfx.obj
 0003:000030d8       ?wndBottom@CWMHnd@@2V1@B   004360d8     StdAfx.obj
 0003:000030e8       ?wndTop@CWMHnd@@2V1@B      004360e8     StdAfx.obj
 0003:000030f8       ?wndNoTopMost@CWMHnd@@2V1@B 004360f8     StdAfx.obj
 0003:00003108       __umaskval                 00436108     LIBCMT:crt0dat.obj
 0003:0000310c       __osver                    0043610c     LIBCMT:crt0dat.obj
 0003:00003110       __winver                   00436110     LIBCMT:crt0dat.obj
 0003:00003114       __winmajor                 00436114     LIBCMT:crt0dat.obj
 0003:00003118       __winminor                 00436118     LIBCMT:crt0dat.obj
 0003:0000311c       ___argc                    0043611c     LIBCMT:crt0dat.obj
 0003:00003120       ___argv                    00436120     LIBCMT:crt0dat.obj
 0003:00003124       ___wargv                   00436124     LIBCMT:crt0dat.obj
 0003:00003128       __environ                  00436128     LIBCMT:crt0dat.obj
 0003:0000312c       ___initenv                 0043612c     LIBCMT:crt0dat.obj
 0003:00003130       __wenviron                 00436130     LIBCMT:crt0dat.obj
 0003:00003134       ___winitenv                00436134     LIBCMT:crt0dat.obj
 0003:00003138       __pgmptr                   00436138     LIBCMT:crt0dat.obj
 0003:0000313c       __wpgmptr                  0043613c     LIBCMT:crt0dat.obj
 0003:00003140       __exitflag                 00436140     LIBCMT:crt0dat.obj
 0003:00003144       __C_Termination_Done       00436144     LIBCMT:crt0dat.obj
 0003:00003148       __C_Exit_Done              00436148     LIBCMT:crt0dat.obj
 0003:0000314c       __aenvptr                  0043614c     LIBCMT:wincrt0.obj
 0003:00003150       __wenvptr                  00436150     LIBCMT:wincrt0.obj
 0003:00003154       ___error_mode              00436154     LIBCMT:wincrt0.obj
 0003:000031c0       ?_pnhHeap@@3P6AHI@ZA       004361c0     LIBCMT:handler.obj
 0003:000031c4       __newmode                  004361c4     LIBCMT:_newmode.obj
 0003:000033bc       __adbgmsg                  004363bc     LIBCMT:crt0msg.obj
 0003:000033c0       ___lc_handle               004363c0     LIBCMT:nlsdata2.obj
 0003:000033d8       ___lc_codepage             004363d8     LIBCMT:nlsdata2.obj
 0003:000033dc       ___lc_collate_cp           004363dc     LIBCMT:nlsdata2.obj
 0003:00003418       ___lc_time_intl            00436418     LIBCMT:inittime.obj
 0003:00003434       ___lc_id                   00436434     LIBCMT:nlsdata3.obj
 0003:00003484       ___lconv_static_null       00436484     LIBCMT:lconv.obj
 0003:00003494       ?$S5@?1??GetCException@CAfx@@SAAAVCException@@H@Z@4EA 00436494     <common>
 0003:00003498       ?_simpleInvalidArgException@?1??GetCException@CAfx@@SAAAVCException@@H@Z@4VCInvalidArgException@@A 00436498     <common>
 0003:000034a0       ?_simpleMemoryException@?1??GetCException@CAfx@@SAAAVCException@@H@Z@4VCMemoryException@@A 004364a0     <common>
 0003:000034a8       ?_simpleNotSupportedException@?1??GetCException@CAfx@@SAAAVCException@@H@Z@4VCNotSupportedException@@A 004364a8     <common>
 0003:000034b0       ?_simpleResourceException@?1??GetCException@CAfx@@SAAAVCException@@H@Z@4VCResourceException@@A 004364b0     <common>
 0003:000034b8       ?$S55@?1??_GetCModuleState@CWinApp@@SAPAVCModuleState@@XZ@4EA 004364b8     <common>
 0003:000034c0       ?cModuleState@?1??_GetCModuleState@CWinApp@@SAPAVCModuleState@@XZ@4V3@A 004364c0     <common>
 0003:000034e4       ?m_lastSentMsg@?1??GetLastSentMsg@CCmdTarget@@SAAAPAUtagMSG@@XZ@4PAU3@A 004364e4     <common>
 0003:000034e8       ?$S12@?1??_GetAfxData@CAfx@@SAABU_AUX_DATA@@XZ@4EA 004364e8     <common>
 0003:00003500       ?_afxdata@?1??_GetAfxData@CAfx@@SAABU_AUX_DATA@@XZ@4U3@A 00436500     <common>
 0003:00003534       ___setlc_active            00436534     <common>
 0003:00003538       ___unguarded_readlc_active 00436538     <common>
 0003:00003540       ___pioinfo                 00436540     <common>
 0003:00003640       __nhandle                  00436640     <common>
 0003:00003644       ___sbh_sizeHeaderList      00436644     <common>
 0003:00003648       ___sbh_indGroupDefer       00436648     <common>
 0003:0000364c       ___sbh_pHeaderScan         0043664c     <common>
 0003:00003650       ___sbh_pHeaderDefer        00436650     <common>
 0003:00003654       ___sbh_cntHeaderList       00436654     <common>
 0003:00003658       ___sbh_pHeaderList         00436658     <common>
 0003:0000365c       ___sbh_threshold           0043665c     <common>
 0003:00003660       __crtheap                  00436660     <common>
 0003:00003664       ___active_heap             00436664     <common>
 0003:00003668       ___mbcodepage              00436668     <common>
 0003:00003670       ___mbulinfo                00436670     <common>
 0003:0000367c       ___ismbcodepage            0043667c     <common>
 0003:00003680       __mbcasemap                00436680     <common>
 0003:00003780       __mbctype                  00436780     <common>
 0003:00003884       ___mblcid                  00436884     <common>
 0003:00003888       __acmdln                   00436888     <common>
 0003:0000388c       ___env_initialized         0043688c     <common>
 0003:00003890       ___mbctype_initialized     00436890     <common>
 0003:00003894       ___onexitend               00436894     <common>
 0003:00003898       ___onexitbegin             00436898     <common>
 0003:0000389c       __FPinit                   0043689c     <common>

 entry point at        0001:00025aa1

 Static symbols

 0001:00022040       _$E66                      00423040 f   StdAfx.obj
 0001:00022050       _$E62                      00423050 f   StdAfx.obj
 0001:00022070       _$E65                      00423070 f   StdAfx.obj
 0001:00022080       _$E63                      00423080 f   StdAfx.obj
 0001:000220b0       _$E71                      004230b0 f   StdAfx.obj
 0001:000220c0       _$E68                      004230c0 f   StdAfx.obj
 0001:000220e0       _$E70                      004230e0 f   StdAfx.obj
 0001:000220f0       _$E69                      004230f0 f   StdAfx.obj
 0001:00022120       _$E76                      00423120 f   StdAfx.obj
 0001:00022130       _$E73                      00423130 f   StdAfx.obj
 0001:00022150       _$E75                      00423150 f   StdAfx.obj
 0001:00022160       _$E74                      00423160 f   StdAfx.obj
 0001:00022190       _$E81                      00423190 f   StdAfx.obj
 0001:000221a0       _$E78                      004231a0 f   StdAfx.obj
 0001:000221c0       _$E80                      004231c0 f   StdAfx.obj
 0001:000221d0       _$E79                      004231d0 f   StdAfx.obj
 0001:00022200       _$E84                      00423200 f   StdAfx.obj
 0001:00022210       _$E83                      00423210 f   StdAfx.obj
 0001:00015750       _$E68                      00416750 f   SdiVC6.obj
 0001:00015760       _$E65                      00416760 f   SdiVC6.obj
 0001:00015770       _$E67                      00416770 f   SdiVC6.obj
 0001:00015780       _$E66                      00416780 f   SdiVC6.obj
 0001:0002ae4d       _findenv                   0042be4d f   LIBCMT:setenv.obj
 0001:0002aea5       _copy_environ              0042bea5 f   LIBCMT:setenv.obj
 0001:00029f39       _strncnt                   0042af39 f   LIBCMT:a_map.obj
 0001:0002a7a6       _siglookup                 0042b7a6 f   LIBCMT:winsig.obj
 0001:0002a0c4       _strtoxl                   0042b0c4 f   LIBCMT:strtol.obj
 0001:00029f39       _strncnt                   0042af39 f   LIBCMT:a_map.obj
 0001:00029a50       LeadUp1                    0042aa50 f   LIBCMT:memcpy.obj
 0001:00029a7c       LeadUp2                    0042aa7c f   LIBCMT:memcpy.obj
 0001:00029aa0       LeadUp3                    0042aaa0 f   LIBCMT:memcpy.obj
 0001:00029b1f       UnwindUp0                  0042ab1f f   LIBCMT:memcpy.obj
 0001:00029b0c       UnwindUp1                  0042ab0c f   LIBCMT:memcpy.obj
 0001:00029b04       UnwindUp2                  0042ab04 f   LIBCMT:memcpy.obj
 0001:00029afc       UnwindUp3                  0042aafc f   LIBCMT:memcpy.obj
 0001:00029af4       UnwindUp4                  0042aaf4 f   LIBCMT:memcpy.obj
 0001:00029aec       UnwindUp5                  0042aaec f   LIBCMT:memcpy.obj
 0001:00029ae4       UnwindUp6                  0042aae4 f   LIBCMT:memcpy.obj
 0001:00029adc       UnwindUp7                  0042aadc f   LIBCMT:memcpy.obj
 0001:00029b38       TrailUp0                   0042ab38 f   LIBCMT:memcpy.obj
 0001:00029b40       TrailUp1                   0042ab40 f   LIBCMT:memcpy.obj
 0001:00029b4c       TrailUp2                   0042ab4c f   LIBCMT:memcpy.obj
 0001:00029b60       TrailUp3                   0042ab60 f   LIBCMT:memcpy.obj
 0001:00029bd8       LeadDown1                  0042abd8 f   LIBCMT:memcpy.obj
 0001:00029bf8       LeadDown2                  0042abf8 f   LIBCMT:memcpy.obj
 0001:00029c20       LeadDown3                  0042ac20 f   LIBCMT:memcpy.obj
 0001:00029c74       UnwindDown7                0042ac74 f   LIBCMT:memcpy.obj
 0001:00029c7c       UnwindDown6                0042ac7c f   LIBCMT:memcpy.obj
 0001:00029c84       UnwindDown5                0042ac84 f   LIBCMT:memcpy.obj
 0001:00029c8c       UnwindDown4                0042ac8c f   LIBCMT:memcpy.obj
 0001:00029c94       UnwindDown3                0042ac94 f   LIBCMT:memcpy.obj
 0001:00029c9c       UnwindDown2                0042ac9c f   LIBCMT:memcpy.obj
 0001:00029ca4       UnwindDown1                0042aca4 f   LIBCMT:memcpy.obj
 0001:00029cb7       UnwindDown0                0042acb7 f   LIBCMT:memcpy.obj
 0001:00029cd0       TrailDown0                 0042acd0 f   LIBCMT:memcpy.obj
 0001:00029cd8       TrailDown1                 0042acd8 f   LIBCMT:memcpy.obj
 0001:00029ce8       TrailDown2                 0042ace8 f   LIBCMT:memcpy.obj
 0001:00029cfc       TrailDown3                 0042acfc f   LIBCMT:memcpy.obj
 0001:0002933c       _parse_cmdline             0042a33c f   LIBCMT:stdargv.obj
 0001:00029158       _xcptlookup                0042a158 f   LIBCMT:winxfltr.obj
 0001:00028a4a       __tzset_lk                 00429a4a f   LIBCMT:tzset.obj
 0001:00028cf2       __isindst_lk               00429cf2 f   LIBCMT:tzset.obj
 0001:00028e9e       _cvtdate                   00429e9e f   LIBCMT:tzset.obj
 0001:00026d1c       _getSystemCP               00427d1c f   LIBCMT:mbctype.obj
 0001:00026d66       _CPtoLCID                  00427d66 f   LIBCMT:mbctype.obj
 0001:00026d99       _setSBCS                   00427d99 f   LIBCMT:mbctype.obj
 0001:00026dc2       _setSBUpLow                00427dc2 f   LIBCMT:mbctype.obj
 0001:00025c8d       ?FindHandler@@YAXPAUEHExceptionRecord@@PAUEHRegistrationNode@@PAU_CONTEXT@@PAXPBU_s_FuncInfo@@EH1@Z 00426c8d f   LIBCMT:frame.obj
 0001:00025e40       ?FindHandlerForForeignException@@YAXPAUEHExceptionRecord@@PAUEHRegistrationNode@@PAU_CONTEXT@@PAXPBU_s_FuncInfo@@HH1@Z 00426e40 f   LIBCMT:frame.obj
 0001:00025eea       ?TypeMatch@@YAHPBU_s_HandlerType@@PBU_s_CatchableType@@PBU_s_ThrowInfo@@@Z 00426eea f   LIBCMT:frame.obj
 0001:00024aa8       ?FrameUnwindFilter@@YAHPAU_EXCEPTION_POINTERS@@@Z 00425aa8 f   LIBCMT:ehvecdtr.obj
 0001:00025fe5       ?CatchIt@@YAXPAUEHExceptionRecord@@PAUEHRegistrationNode@@PAU_CONTEXT@@PAXPBU_s_FuncInfo@@PBU_s_HandlerType@@PBU_s_CatchableType@@PBU_s_TryBlockMapEntry@@H1E@Z 00426fe5 f   LIBCMT:frame.obj
 0001:00026060       ?CallCatchBlock@@YAPAXPAUEHExceptionRecord@@PAUEHRegistrationNode@@PAU_CONTEXT@@PBU_s_FuncInfo@@PAXHK@Z 00427060 f   LIBCMT:frame.obj
 0001:0002617b       ?ExFilterRethrow@@YAHPAU_EXCEPTION_POINTERS@@@Z 0042717b f   LIBCMT:frame.obj
 0001:000261a5       ?BuildCatchObject@@YAXPAUEHExceptionRecord@@PAUEHRegistrationNode@@PBU_s_HandlerType@@PBU_s_CatchableType@@@Z 004271a5 f   LIBCMT:frame.obj
 0001:000263d0       ?AdjustPointer@@YAPAXPAXABUPMD@@@Z 004273d0 f   LIBCMT:frame.obj
 0001:00025bce       _fast_error_exit           00426bce f   LIBCMT:wincrt0.obj
 0001:0002570e       __make_time_t              0042670e f   LIBCMT:mktime.obj
 0001:00025650       _x_ismbbtype               00426650 f   LIBCMT:ismbbyte.obj
 0001:000252f5       _doexit                    004262f5 f   LIBCMT:crt0dat.obj
 0001:000253ac       __initterm                 004263ac f   LIBCMT:crt0dat.obj
 0001:00024e10       LeadUp1                    00425e10 f   LIBCMT:memmove.obj
 0001:00024e3c       LeadUp2                    00425e3c f   LIBCMT:memmove.obj
 0001:00024e60       LeadUp3                    00425e60 f   LIBCMT:memmove.obj
 0001:00024edf       UnwindUp0                  00425edf f   LIBCMT:memmove.obj
 0001:00024ecc       UnwindUp1                  00425ecc f   LIBCMT:memmove.obj
 0001:00024ec4       UnwindUp2                  00425ec4 f   LIBCMT:memmove.obj
 0001:00024ebc       UnwindUp3                  00425ebc f   LIBCMT:memmove.obj
 0001:00024eb4       UnwindUp4                  00425eb4 f   LIBCMT:memmove.obj
 0001:00024eac       UnwindUp5                  00425eac f   LIBCMT:memmove.obj
 0001:00024ea4       UnwindUp6                  00425ea4 f   LIBCMT:memmove.obj
 0001:00024e9c       UnwindUp7                  00425e9c f   LIBCMT:memmove.obj
 0001:00024ef8       TrailUp0                   00425ef8 f   LIBCMT:memmove.obj
 0001:00024f00       TrailUp1                   00425f00 f   LIBCMT:memmove.obj
 0001:00024f0c       TrailUp2                   00425f0c f   LIBCMT:memmove.obj
 0001:00024f20       TrailUp3                   00425f20 f   LIBCMT:memmove.obj
 0001:00024f98       LeadDown1                  00425f98 f   LIBCMT:memmove.obj
 0001:00024fb8       LeadDown2                  00425fb8 f   LIBCMT:memmove.obj
 0001:00024fe0       LeadDown3                  00425fe0 f   LIBCMT:memmove.obj
 0001:00025034       UnwindDown7                00426034 f   LIBCMT:memmove.obj
 0001:0002503c       UnwindDown6                0042603c f   LIBCMT:memmove.obj
 0001:00025044       UnwindDown5                00426044 f   LIBCMT:memmove.obj
 0001:0002504c       UnwindDown4                0042604c f   LIBCMT:memmove.obj
 0001:00025054       UnwindDown3                00426054 f   LIBCMT:memmove.obj
 0001:0002505c       UnwindDown2                0042605c f   LIBCMT:memmove.obj
 0001:00025064       UnwindDown1                00426064 f   LIBCMT:memmove.obj
 0001:00025077       UnwindDown0                00426077 f   LIBCMT:memmove.obj
 0001:00025090       TrailDown0                 00426090 f   LIBCMT:memmove.obj
 0001:00025098       TrailDown1                 00426098 f   LIBCMT:memmove.obj
 0001:000250a8       TrailDown2                 004260a8 f   LIBCMT:memmove.obj
 0001:000250bc       TrailDown3                 004260bc f   LIBCMT:memmove.obj
 0001:00024aa8       ?ArrayUnwindFilter@@YAHPAU_EXCEPTION_POINTERS@@@Z 00425aa8 f   LIBCMT:ehvecdtr.obj
 0001:0002482c       _gu_return                 0042582c f   LIBCMT:exsup.obj
 0001:00024834       __unwind_handler           00425834 f   LIBCMT:exsup.obj
 0001:00024646       ?CatchGuardHandler@@YA?AW4_EXCEPTION_DISPOSITION@@PAUEHExceptionRecord@@PAUCatchGuardRN@@PAX2@Z 00425646 f   LIBCMT:trnsctrl.obj
 0001:00024721       ?TranslatorGuardHandler@@YA?AW4_EXCEPTION_DISPOSITION@@PAUEHExceptionRecord@@PAUTranslatorGuardRN@@PAX2@Z 00425721 f   LIBCMT:trnsctrl.obj

 2551 bytes saved through ICF

