 SdiVC6

 Timestamp is 591fe4ea (Sat May 20 15:40:42 2017)

 Preferred load address is 00400000

 Start         Length     Name                   Class
 0001:00000000 0002f316H .text                   CODE
 0001:0002f320 00001138H .text$x                 CODE
 0002:00000000 00000434H .idata$5                DATA
 0002:00000438 0000153cH .rdata                  DATA
 0002:00001978 00000044H .rdata$r                DATA
 0002:000019c0 000012d0H .xdata$x                DATA
 0002:00002c90 000000a0H .idata$2                DATA
 0002:00002d30 00000014H .idata$3                DATA
 0002:00002d44 00000434H .idata$4                DATA
 0002:00003178 000011b6H .idata$6                DATA
 0002:0000432e 00000000H .edata                  DATA
 0003:00000000 00000004H .CRT$XCA                DATA
 0003:00000004 00000018H .CRT$XCU                DATA
 0003:0000001c 00000004H .CRT$XCZ                DATA
 0003:00000020 00000004H .CRT$XIA                DATA
 0003:00000024 00000008H .CRT$XIC                DATA
 0003:0000002c 00000004H .CRT$XIY                DATA
 0003:00000030 00000004H .CRT$XIZ                DATA
 0003:00000034 00000004H .CRT$XPA                DATA
 0003:00000038 00000004H .CRT$XPZ                DATA
 0003:0000003c 00000004H .CRT$XTA                DATA
 0003:00000040 00000004H .CRT$XTB                DATA
 0003:00000044 00000004H .CRT$XTZ                DATA
 0003:00000050 00002e60H .data                   DATA
 0003:00002eb0 00000a54H .bss                    DATA
 0004:00000000 00000928H .rsrc$01                DATA
 0004:00000930 00003568H .rsrc$02                DATA

  Address         Publics by Value              Rva+Base     Lib:Object

 0001:00000000       ?CreateObject@CMainFrame@@SAPAVCObject@@XZ 00401000 f   MainFrm.obj
 0001:00000060       ?GetRuntimeClass@CMainFrame@@UBEPAUCRuntimeClass@@XZ 00401060 f   MainFrm.obj
 0001:00000070       ??0CMainFrame@@IAE@XZ      00401070 f   MainFrm.obj
 0001:00000260       ?_ProcessWindowMessage@CMainFrame@@UAEHPAUHWND__@@IIJAAJ@Z 00401260 f i MainFrm.obj
 0001:000002a0       ??_ECMainFrame@@UAEPAXI@Z  004012a0 f i MainFrm.obj
 0001:000002a0       ??_GCMainFrame@@UAEPAXI@Z  004012a0 f i MainFrm.obj
 0001:000002c0       ??1CMainFrame@@UAE@XZ      004012c0 f   MainFrm.obj
 0001:00000500       ?OnCreate@CMainFrame@@IAEHPAUtagCREATESTRUCTA@@@Z 00401500 f   MainFrm.obj
 0001:00000710       ?PreCreateWindow@CMainFrame@@UAEHAAUtagCREATESTRUCTA@@@Z 00401710 f   MainFrm.obj
 0001:00000a10       ?Find@?$CList@PAXPAX@@QBEPAU__POSITION@@PAXPAU2@@Z 00401a10 f i MainFrm.obj
 0001:00000a40       ?RemoveAt@?$CList@PAXPAX@@QAEXPAU__POSITION@@@Z 00401a40 f i MainFrm.obj
 0001:00000a40       ?RemoveAt@?$CList@PAVCFrameWnd@@ABQAV1@@@QAEXPAU__POSITION@@@Z 00401a40 f i MainFrm.obj
 0001:00000aa0       ?AddHead@?$CList@PAVCFrameWnd@@ABQAV1@@@QAEPAU__POSITION@@ABQAVCFrameWnd@@@Z 00401aa0 f i MainFrm.obj
 0001:00000ad0       ?NewNode@?$CList@PAXPAX@@QAEPAUCNode@1@PAU21@0@Z 00401ad0 f i MainFrm.obj
 0001:00000ad0       ?NewNode@?$CList@PAUHWND__@@PAU1@@@QAEPAUCNode@1@PAU21@0@Z 00401ad0 f i MainFrm.obj
 0001:00000ad0       ?NewNode@?$CList@PAVCFrameWnd@@ABQAV1@@@QAEPAUCNode@1@PAU21@0@Z 00401ad0 f i MainFrm.obj
 0001:00000b10       ?Find@?$CList@PAVCFrameWnd@@ABQAV1@@@QBEPAU__POSITION@@ABQAVCFrameWnd@@PAU2@@Z 00401b10 f i MainFrm.obj
 0001:00000b40       ??YCString@WTL@@QAEAAV01@PBD@Z 00401b40 f i MainFrm.obj
 0001:00000c60       ?memcpy_x@SecureHelper@WTL@@YAXPAXIPBXI@Z 00401c60 f i MainFrm.obj
 0001:00000c90       ??1CString@WTL@@QAE@XZ     00401c90 f i MainFrm.obj
 0001:00000cc0       ?AllocBuffer@CString@WTL@@IAEHH@Z 00401cc0 f i MainFrm.obj
 0001:00000d20       ?ConcatInPlace@CString@WTL@@IAEXHPBD@Z 00401d20 f i MainFrm.obj
 0001:00000e20       ??0_AUX_DATA@@QAE@XZ       00401e20 f i MainFrm.obj
 0001:00000ec0       ?_AfxRegisterWithIcon@CAfx@@SAHPAUtagWNDCLASSA@@PBDI@Z 00401ec0 f i MainFrm.obj
 0001:00001100       ?Release@CString@WTL@@KGXPAUCStringData@2@@Z 00402100 f i MainFrm.obj
 0001:00001130       ??0CModuleState@@QAE@XZ    00402130 f i MainFrm.obj
 0001:00001160       ?AfxRegisterClass@CAfx@@SAHPAUtagWNDCLASSA@@@Z 00402160 f i MainFrm.obj
 0001:00001390       ?GetCurrentMessage@CCmdTarget@@UBEPBUtagMSG@@XZ 00402390 f i MainFrm.obj
 0001:000013a0       ??0CWMHnd@@QAE@PAUHWND__@@@Z 004023a0 f i MainFrm.obj
 0001:000013d0       ?_ProcessWindowMessage@CCmdTarget@@UAEHPAUHWND__@@IIJAAJ@Z 004023d0 f i MainFrm.obj
 0001:000013e0       ?DefWindowProcA@CWMHnd@@UAEJIIJ@Z 004023e0 f i MainFrm.obj
 0001:00001400       ?WindowProc@CWMHnd@@UAEJIIJ@Z 00402400 f i MainFrm.obj
 0001:00001420       ?CalcWindowRect@CWMHnd@@UAEXPAUtagRECT@@I@Z 00402420 f i MainFrm.obj
 0001:00001460       ?DestroyWindow@CWnd@@UAEHXZ 00402460 f i MainFrm.obj
 0001:00001460       ?DestroyWindow@CWMHnd@@UAEHXZ 00402460 f i MainFrm.obj
 0001:00001470       ?DoDataExchange@CWMHnd@@UAEXPAVCDataExchange@@@Z 00402470 f i MainFrm.obj
 0001:00001470       ?SetText@CToolCmdUI@@UAEXPBD@Z 00402470 f i MainFrm.obj
 0001:00001470       ?PreCloseFrame@CDocument@@UAEXPAVCFrameWnd@@@Z 00402470 f i MainFrm.obj
 0001:00001470       ?SetRadio@CTestCmdUI@@UAEXH@Z 00402470 f i MainFrm.obj
 0001:00001470       ?OnDocumentEvent@CDocument@@UAEXW4DocumentEvent@1@@Z 00402470 f i MainFrm.obj
 0001:00001470       ?SetText@CTestCmdUI@@UAEXPBD@Z 00402470 f i MainFrm.obj
 0001:00001470       ?Serialize@CObject@@UAEXAAVCArchive@@@Z 00402470 f i MainFrm.obj
 0001:00001470       ?RegisterShellFileTypes@CDocManager@@UAEXH@Z 00402470 f i MainFrm.obj
 0001:00001470       ?OnDraw@CView@@UAEXPAVCDCMTL@@@Z 00402470 f i MainFrm.obj
 0001:00001470       ?SetCheck@CTestCmdUI@@UAEXH@Z 00402470 f i MainFrm.obj
 0001:00001480       ?EnableWindow@CWMHnd@@UAEXH@Z 00402480 f i MainFrm.obj
 0001:000014a0       ?GetMenu@CWMHnd@@UBEPAVCMenuMTL@@XZ 004024a0 f i MainFrm.obj
 0001:00001530       ?classHandleFuncCMenuMTL@CMenuMTL@@SAPAXPAX0@Z 00402530 f i MainFrm.obj
 0001:00001570       ??_ECMenuMTL@@UAEPAXI@Z    00402570 f i MainFrm.obj
 0001:00001570       ??_GCMenuMTL@@UAEPAXI@Z    00402570 f i MainFrm.obj
 0001:00001590       ??1CMenuMTL@@UAE@XZ        00402590 f i MainFrm.obj
 0001:00001660       ??1?$CMenuT@$00@WTL@@QAE@XZ 00402660 f i MainFrm.obj
 0001:00001680       ?IsDockBar@CControlBar@@UBEHXZ 00402680 f i MainFrm.obj
 0001:00001680       ?OnFileNameOK@CFileDialogMTL@@UAEHXZ 00402680 f i MainFrm.obj
 0001:00001680       ?IsFrameWnd@CWMHnd@@UAEHXZ 00402680 f i MainFrm.obj
 0001:00001680       ?GetDefaultAccelerator@CDocument@@UAEPAUHACCEL__@@XZ 00402680 f i MainFrm.obj
 0001:00001690       ?OnTypeChange@CFileDialogMTL@@UAEXXZ 00402690 f i MainFrm.obj
 0001:00001690       ?_simpleMemoryException@?1??GetCException@CAfx@@SAAAVCException@@H@Z@$AVCMemoryException@@A 00402690 f i MainFrm.obj
 0001:00001690       ?_simpleNotSupportedException@?1??GetCException@CAfx@@SAAAVCException@@H@Z@$AVCNotSupportedException@@A 00402690 f i MainFrm.obj
 0001:00001690       ?DeleteContents@CDocument@@UAEXXZ 00402690 f i MainFrm.obj
 0001:00001690       ?OnHideMenuBar@CFrameWnd@@UAEXXZ 00402690 f i MainFrm.obj
 0001:00001690       ?OnShowMenuBar@CFrameWnd@@UAEXXZ 00402690 f i MainFrm.obj
 0001:00001690       ?OnFileNameChange@CFileDialogMTL@@UAEXXZ 00402690 f i MainFrm.obj
 0001:00001690       ?OnFolderChange@CFileDialogMTL@@UAEXXZ 00402690 f i MainFrm.obj
 0001:00001690       ?PostNcDestroy@CWMHnd@@UAEXXZ 00402690 f i MainFrm.obj
 0001:00001690       ?_simpleInvalidArgException@?1??GetCException@CAfx@@SAAAVCException@@H@Z@$AVCInvalidArgException@@A 00402690 f i MainFrm.obj
 0001:00001690       ?_afxdata@?1??GetAfxData@CAfx@@SAABU_AUX_DATA@@XZ@$AU2@A 00402690 f i MainFrm.obj
 0001:00001690       ?_simpleResourceException@?1??GetCException@CAfx@@SAAAVCException@@H@Z@$AVCResourceException@@A 00402690 f i MainFrm.obj
 0001:00001690       ?UpdateOFNFromShellDialog@CFileDialogMTL@@UAEXXZ 00402690 f i MainFrm.obj
 0001:000016a0       ?GetScrollBarCtrl@CWMHnd@@UBEPAVCScrollBarMTL@@H@Z 004026a0 f i MainFrm.obj
 0001:000016a0       ?OnShareViolation@CFileDialogMTL@@UAEIPBD@Z 004026a0 f i MainFrm.obj
 0001:000016a0       ?PreTranslateMessage@CWMHnd@@UAEHPAUtagMSG@@@Z 004026a0 f i MainFrm.obj
 0001:000016b0       ?SetMenu@CWMHnd@@UAEHPAVCMenuMTL@@@Z 004026b0 f i MainFrm.obj
 0001:000016e0       ??_ECWMHnd@@UAEPAXI@Z      004026e0 f i MainFrm.obj
 0001:000016e0       ??_GCWMHnd@@UAEPAXI@Z      004026e0 f i MainFrm.obj
 0001:000018f0       ??0CWnd@@QAE@PAUHWND__@@@Z 004028f0 f i MainFrm.obj
 0001:00001930       ??1CWnd@@UAE@XZ            00402930 f i MainFrm.obj
 0001:00001ba0       ??1CWMHnd@@UAE@XZ          00402ba0 f i MainFrm.obj
 0001:00001de0       ?WindowProc@CWnd@@UAEJIIJ@Z 00402de0 f i MainFrm.obj
 0001:00001e30       ?OnWndMsg@CWnd@@UAEHIIJPAJ@Z 00402e30 f i MainFrm.obj
 0001:00001eb0       ?OnChildNotify@CWnd@@UAEHIIJPAJ@Z 00402eb0 f i MainFrm.obj
 0001:000020a0       ?OnCommand@CWnd@@UAEHIJ@Z  004030a0 f i MainFrm.obj
 0001:00002200       ?Enable@CTestCmdUI@@UAEXH@Z 00403200 f i MainFrm.obj
 0001:00002220       ?OnToolHitTest@CWnd@@UBEJVCPoint@WTL@@PAUtagTOOLINFOA@@@Z 00403220 f i MainFrm.obj
 0001:00002350       ?OnNotify@CWnd@@UAEHIJPAJ@Z 00403350 f i MainFrm.obj
 0001:00002450       ?Create@CWnd@@UAEHPBD0KABUtagRECT@@PAV1@IPAUCCreateContext@@@Z 00403450 f i MainFrm.obj
 0001:000024b0       ?CreateEx@CWnd@@UAEHKPBD0KHHHHPAUHWND__@@PAUHMENU__@@PAX@Z 004034b0 f i MainFrm.obj
 0001:00002640       ?CbtFilterHook@CWnd@@SGJHIJ@Z 00403640 f i MainFrm.obj
 0001:00002810       ?classHandleFuncCWMHnd@CWMHnd@@SAPAXPAX0@Z 00403810 f i MainFrm.obj
 0001:00002860       ?AfxWindowProc@CWMHnd@@SGJPAUHWND__@@IIJ@Z 00403860 f i MainFrm.obj
 0001:000028b0       ?PreCreateWindow@CWnd@@UAEHAAUtagCREATESTRUCTA@@@Z 004038b0 f i MainFrm.obj
 0001:00002c00       ?_AfxInitCommonControls@CAfx@@SAJPAUtagINITCOMMONCONTROLSEX@@J@Z 00403c00 f i MainFrm.obj
 0001:00002c20       ?ContinueModal@CWnd@@UAEHXZ 00403c20 f i MainFrm.obj
 0001:00002c30       ?EndModalLoop@CWnd@@UAEXH@Z 00403c30 f i MainFrm.obj
 0001:00002c60       ??_GCWnd@@UAEPAXI@Z        00403c60 f i MainFrm.obj
 0001:00002c60       ??_ECWnd@@UAEPAXI@Z        00403c60 f i MainFrm.obj
 0001:00002c80       ?_ProcessWindowMessage@CWnd@@UAEHPAUHWND__@@IIJAAJ@Z 00403c80 f i MainFrm.obj
 0001:00002f00       ??1?$CDCT@$00@WTL@@QAE@XZ  00403f00 f i MainFrm.obj
 0001:00002f20       ?FromHandle@?$CHandleHashList@PAUHWND__@@VCWMHnd@@PAU1@$0BB@@@QAEPAVCWMHnd@@QAUHWND__@@PAV2@0Q6APAXPAX2@Z@Z 00403f20 f i MainFrm.obj
 0001:00002fe0       ?SetAttribDC@CDCMTL@@UAEXPAUHDC__@@@Z 00403fe0 f i MainFrm.obj
 0001:00002ff0       ?ReleaseAttribDC@CDCMTL@@UAEXXZ 00403ff0 f i MainFrm.obj
 0001:00003000       ?SaveDC@CDCMTL@@UAEHXZ     00404000 f i MainFrm.obj
 0001:00003040       ?RestoreDC@CDCMTL@@UAEHH@Z 00404040 f i MainFrm.obj
 0001:00003090       ?TextOutA@CDCMTL@@UAEHHHPBDH@Z 00404090 f i MainFrm.obj
 0001:000030c0       ??_ECDCMTL@@UAEPAXI@Z      004040c0 f i MainFrm.obj
 0001:000030c0       ??_GCDCMTL@@UAEPAXI@Z      004040c0 f i MainFrm.obj
 0001:000030e0       ??1CDCMTL@@UAE@XZ          004040e0 f i MainFrm.obj
 0001:000031b0       ?UnsubclassWindow@CWMHnd@@QAEPAUHWND__@@XZ 004041b0 f i MainFrm.obj
 0001:00003400       ?classHandleFuncCWnd@CWnd@@SAPAXPAX0@Z 00404400 f i MainFrm.obj
 0001:00003460       ??0CControlBar@@QAE@XZ     00404460 f i MainFrm.obj
 0001:000035b0       ?WindowProc@CControlBar@@UAEJIIJ@Z 004045b0 f i MainFrm.obj
 0001:00003860       ?CalcDynamicLayout@CControlBar@@UAE?AVCSize@WTL@@HK@Z 00404860 f i MainFrm.obj
 0001:00003890       ?CalcFixedLayout@CControlBar@@UAE?AVCSize@WTL@@HH@Z 00404890 f i MainFrm.obj
 0001:000038d0       ?EnableDocking@CControlBar@@QAEXK@Z 004048d0 f i MainFrm.obj
 0001:00003a20       ?GetDockingFrame@CControlBar@@QAEPAVCFrameWnd@@XZ 00404a20 f i MainFrm.obj
 0001:00003be0       ?IsVisible@CControlBar@@UBEHXZ 00404be0 f i MainFrm.obj
 0001:00003c10       ?PostNcDestroy@CControlBar@@UAEXXZ 00404c10 f i MainFrm.obj
 0001:00003c30       ?PreCreateWindow@CControlBar@@UAEHAAUtagCREATESTRUCTA@@@Z 00404c30 f i MainFrm.obj
 0001:00003f90       ??_GCControlBar@@UAEPAXI@Z 00404f90 f i MainFrm.obj
 0001:00003f90       ??_ECControlBar@@UAEPAXI@Z 00404f90 f i MainFrm.obj
 0001:00003fb0       ?_ProcessWindowMessage@CControlBar@@UAEHPAUHWND__@@IIJAAJ@Z 00404fb0 f i MainFrm.obj
 0001:00004230       ?AddTail@?$CList@PAXPAX@@QAEPAU__POSITION@@PAX@Z 00405230 f i MainFrm.obj
 0001:00004260       ?OnInitialUpdate@CControlBar@@QAEXXZ 00405260 f i MainFrm.obj
 0001:000043d0       ?OnSizeParent@CControlBar@@QAEJIJ@Z 004053d0 f i MainFrm.obj
 0001:00004660       ?OnBarStyleChange@CStatusBar@@UAEXKK@Z 00405660 f i MainFrm.obj
 0001:00004690       ?OnUpdateCmdUI@CStatusBar@@UAEXPAVCFrameWnd@@H@Z 00405690 f i MainFrm.obj
 0001:00004780       ?UpdateDialogControls@CWnd@@QAEXPAVCCmdTarget@@H@Z 00405780 f i MainFrm.obj
 0001:00004960       ?OnIdle@CCmdUI@@QAEHPAVCCmdTarget@@H@Z 00405960 f i MainFrm.obj
 0001:000049d0       ?Enable@CCmdUI@@UAEXH@Z    004059d0 f i MainFrm.obj
 0001:00004b10       ?SetCheck@CCmdUI@@UAEXH@Z  00405b10 f i MainFrm.obj
 0001:00004b80       ?SetRadio@CCmdUI@@UAEXH@Z  00405b80 f i MainFrm.obj
 0001:00004bd0       ?SetText@CCmdUI@@UAEXPBD@Z 00405bd0 f i MainFrm.obj
 0001:00004ca0       ?CalcFixedLayout@CStatusBar@@UAE?AVCSize@WTL@@HH@Z 00405ca0 f i MainFrm.obj
 0001:00004e90       ??_GCClientDCMTL@@UAEPAXI@Z 00405e90 f i MainFrm.obj
 0001:00004e90       ??_ECClientDCMTL@@UAEPAXI@Z 00405e90 f i MainFrm.obj
 0001:00004eb0       ??1CClientDCMTL@@UAE@XZ    00405eb0 f i MainFrm.obj
 0001:00004f90       ?CalcInsideRect@CControlBar@@QBEXAAVCRect@WTL@@H@Z 00405f90 f i MainFrm.obj
 0001:00005080       ?Create@CStatusBar@@UAEHPAVCWnd@@KI@Z 00406080 f i MainFrm.obj
 0001:000050a0       ?CreateEx@CStatusBar@@UAEHPAVCWnd@@KKI@Z 004060a0 f i MainFrm.obj
 0001:00005160       ?AfxEndDeferRegisterClass@CAfx@@SAHJ@Z 00406160 f i MainFrm.obj
 0001:000056f0       ?PreCreateWindow@CStatusBar@@UAEHAAUtagCREATESTRUCTA@@@Z 004066f0 f i MainFrm.obj
 0001:00005a20       ?SetIndicators@CStatusBar@@QAEHPBIH@Z 00406a20 f i MainFrm.obj
 0001:00005d60       ??1?$CHandleWrapper@VCDCMTL@@PAUHDC__@@V?$CDCT@$00@WTL@@@@UAE@XZ 00406d60 f i MainFrm.obj
 0001:00005e30       ?Empty@CString@WTL@@QAEXXZ 00406e30 f i MainFrm.obj
 0001:00005f50       ??4CString@WTL@@QAEAAV01@PBD@Z 00406f50 f i MainFrm.obj
 0001:00006020       ?GetBuffer@CString@WTL@@QAEPADH@Z 00407020 f i MainFrm.obj
 0001:000060d0       ?ReleaseBuffer@CString@WTL@@QAEXH@Z 004070d0 f i MainFrm.obj
 0001:00006190       ?AssignCopy@CString@WTL@@IAEXHPBD@Z 00407190 f i MainFrm.obj
 0001:00006250       ?_LoadString@CString@WTL@@KGHIPADI@Z 00407250 f i MainFrm.obj
 0001:00006280       ??0CDCMTL@@QAE@PAUHDC__@@@Z 00407280 f i MainFrm.obj
 0001:000062b0       ?AllocElements@CControlBar@@QAEHHH@Z 004072b0 f i MainFrm.obj
 0001:00006300       ?UpdateAllPanes@CStatusBar@@QAEXHH@Z 00407300 f i MainFrm.obj
 0001:000065f0       ?RemoveAll@?$CArray@HABH@@QAEXXZ 004075f0 f i MainFrm.obj
 0001:000065f0       ??1?$CArray@HABH@@QAE@XZ   004075f0 f i MainFrm.obj
 0001:000065f0       ?RemoveAll@?$CArray@PAXABQAX@@QAEXXZ 004075f0 f i MainFrm.obj
 0001:000065f0       ??1?$CArray@PAXABQAX@@QAE@XZ 004075f0 f i MainFrm.obj
 0001:00006610       ??_GCStatusBar@@UAEPAXI@Z  00407610 f i MainFrm.obj
 0001:00006610       ??_ECStatusBar@@UAEPAXI@Z  00407610 f i MainFrm.obj
 0001:00006630       ??1CStatusBar@@UAE@XZ      00407630 f i MainFrm.obj
 0001:000067b0       ?GetParentFrame@CWnd@@QAEPAVCFrameWnd@@XZ 004077b0 f i MainFrm.obj
 0001:00006950       ?_ProcessWindowMessage@CStatusBar@@UAEHPAUHWND__@@IIJAAJ@Z 00407950 f i MainFrm.obj
 0001:00006c50       ?EraseNonClient@CControlBar@@QAEXXZ 00407c50 f i MainFrm.obj
 0001:00006ee0       ?Draw3dRect@?$CDCT@$00@WTL@@QAEXHHHHKK@Z 00407ee0 f i MainFrm.obj
 0001:00007040       ??1CWindowDCMTL@@UAE@XZ    00408040 f i MainFrm.obj
 0001:00007120       ??_GCWindowDCMTL@@UAEPAXI@Z 00408120 f i MainFrm.obj
 0001:00007120       ??_ECWindowDCMTL@@UAEPAXI@Z 00408120 f i MainFrm.obj
 0001:00007140       ?OnSetMinHeight@CStatusBar@@QAEJIJ@Z 00408140 f i MainFrm.obj
 0001:00007170       ?CommandToIndex@CStatusBar@@QBEHI@Z 00408170 f i MainFrm.obj
 0001:000071a0       ?SetPaneText@CStatusBar@@QAEHHPBDH@Z 004081a0 f i MainFrm.obj
 0001:00007370       ?Release@CString@WTL@@IAEXXZ 00408370 f i MainFrm.obj
 0001:000073b0       ?Enable@CStatusCmdUI@@UAEXH@Z 004083b0 f i MainFrm.obj
 0001:00007570       ?SetCheck@CStatusCmdUI@@UAEXH@Z 00408570 f i MainFrm.obj
 0001:00007720       ?SetText@CStatusCmdUI@@UAEXPBD@Z 00408720 f i MainFrm.obj
 0001:000078b0       ?AllocBeforeWrite@CString@WTL@@IAEHH@Z 004088b0 f i MainFrm.obj
 0001:00007950       ??_GCDockContext@@UAEPAXI@Z 00408950 f i MainFrm.obj
 0001:00007950       ??_ECDockContext@@UAEPAXI@Z 00408950 f i MainFrm.obj
 0001:00007a40       ?RemoveAt@?$CArray@PAXABQAX@@QAEXJJ@Z 00408a40 f i MainFrm.obj
 0001:00007a80       ?GetDockedCount@CDockBar@@QBEHXZ 00408a80 f i MainFrm.obj
 0001:00007ab0       ?RemovePlaceHolder@CDockBar@@QAEXPAVCControlBar@@@Z 00408ab0 f i MainFrm.obj
 0001:00007b50       ?IsFloating@CControlBar@@QBEHXZ 00408b50 f i MainFrm.obj
 0001:00007b80       ?OnBarStyleChange@CToolBar@@UAEXKK@Z 00408b80 f i MainFrm.obj
 0001:00007bc0       ?OnToolHitTest@CToolBar@@UBEJVCPoint@WTL@@PAUtagTOOLINFOA@@@Z 00408bc0 f i MainFrm.obj
 0001:00007de0       ??0CRect@WTL@@QAE@XZ       00408de0 f i MainFrm.obj
 0001:00007df0       ?OnUpdateCmdUI@CToolBar@@UAEXPAVCFrameWnd@@H@Z 00408df0 f i MainFrm.obj
 0001:00007f80       ?CalcDynamicLayout@CToolBar@@UAE?AVCSize@WTL@@HK@Z 00408f80 f i MainFrm.obj
 0001:00007fd0       ?CalcFixedLayout@CToolBar@@UAE?AVCSize@WTL@@HH@Z 00408fd0 f i MainFrm.obj
 0001:00008000       ?CalcLayout@CToolBar@@QAE?AVCSize@WTL@@KH@Z 00409000 f i MainFrm.obj
 0001:000086d0       ?SetWindowPos@CWMHnd@@QAEHPBV1@HHHHI@Z 004096d0 f i MainFrm.obj
 0001:00008710       ?CalcSize@CToolBar@@QAE?AVCSize@WTL@@PAU_TBBUTTON@@H@Z 00409710 f i MainFrm.obj
 0001:00008920       ?Create@CToolBar@@UAEHPAVCWnd@@KI@Z 00409920 f i MainFrm.obj
 0001:00008970       ?CreateEx@CToolBar@@UAEHPAVCWnd@@KKVCRect@WTL@@I@Z 00409970 f i MainFrm.obj
 0001:00008b90       ?Layout@CToolBar@@QAEXXZ   00409b90 f i MainFrm.obj
 0001:00008bf0       ?_SetButton@CToolBar@@QAEXHPAU_TBBUTTON@@@Z 00409bf0 f i MainFrm.obj
 0001:00008da0       ?SetButtons@CToolBar@@QAEHPBIH@Z 00409da0 f i MainFrm.obj
 0001:00008ee0       ?SetSizes@CToolBar@@QAEXUtagSIZE@@0@Z 00409ee0 f i MainFrm.obj
 0001:00008f90       ?SizeToolBar@CToolBar@@QAEXPAU_TBBUTTON@@HHH@Z 00409f90 f i MainFrm.obj
 0001:000092e0       ?WrapToolBar@CToolBar@@QAEHPAU_TBBUTTON@@HH@Z 0040a2e0 f i MainFrm.obj
 0001:000093d0       ??_ECToolBar@@UAEPAXI@Z    0040a3d0 f i MainFrm.obj
 0001:000093d0       ??_GCToolBar@@UAEPAXI@Z    0040a3d0 f i MainFrm.obj
 0001:000093f0       ??1CToolBar@@UAE@XZ        0040a3f0 f i MainFrm.obj
 0001:00009570       ?_ProcessWindowMessage@CToolBar@@UAEHPAUHWND__@@IIJAAJ@Z 0040a570 f i MainFrm.obj
 0001:00009a90       ?OnLButtonDown@CControlBar@@QAEXIVCPoint@WTL@@@Z 0040aa90 f i MainFrm.obj
 0001:00009b00       ?OnLButtonDblClk@CControlBar@@QAEXIVCPoint@WTL@@@Z 0040ab00 f i MainFrm.obj
 0001:00009cd0       ?GetNext@?$CList@PAXPAX@@QBEABQAXAAPAU__POSITION@@@Z 0040acd0 f i MainFrm.obj
 0001:00009cf0       ?OnPreserveSizingPolicyHelper@CToolBar@@QAEJIJ@Z 0040acf0 f i MainFrm.obj
 0001:0000a000       ?_AfxModifyStyle@CWMHnd@@SAHPAUHWND__@@HKKI@Z 0040b000 f i MainFrm.obj
 0001:0000a060       ?ModifyStyle@CWMHnd@@QAEHKKI@Z 0040b060 f i MainFrm.obj
 0001:0000a0c0       ?OnPreserveZeroBorderHelper@CToolBar@@QAEJIJ@Z 0040b0c0 f i MainFrm.obj
 0001:0000a180       ?OnSetButtonSize@CToolBar@@QAEJIJ@Z 0040b180 f i MainFrm.obj
 0001:0000a250       ?OnSetBitmapSize@CToolBar@@QAEJIJ@Z 0040b250 f i MainFrm.obj
 0001:0000a320       ?DrawBorders@CControlBar@@QAEXPAVCDCMTL@@AAVCRect@WTL@@@Z 0040b320 f i MainFrm.obj
 0001:0000a740       ?FillSolidRect@?$CDCT@$00@WTL@@QAEXPBUtagRECT@@K@Z 0040b740 f i MainFrm.obj
 0001:0000a790       ?IsDerivedFrom@CRuntimeClass@@QBEHPBU1@@Z 0040b790 f i MainFrm.obj
 0001:0000a7b0       ?Enable@CToolCmdUI@@UAEXH@Z 0040b7b0 f i MainFrm.obj
 0001:0000a9e0       ?SetCheck@CToolCmdUI@@UAEXH@Z 0040b9e0 f i MainFrm.obj
 0001:0000ac10       ??1CFrameWnd@@UAE@XZ       0040bc10 f i MainFrm.obj
 0001:0000ae10       ?RemoveHandle@?$CHandleHashList@PAUHWND__@@VCWMHnd@@PAU1@$0BB@@@QAEPAUHWND__@@QAU2@@Z 0040be10 f i MainFrm.obj
 0001:0000ae90       ?RemoveOwner@?$CHandleHashList@PAUHWND__@@VCWMHnd@@PAU1@$0BB@@@QAEHQAUHWND__@@@Z 0040be90 f i MainFrm.obj
 0001:0000af20       ?RemoveOwner@?$CHandleList@PAXXPAUHWND__@@@@QAEHQAUHWND__@@@Z 0040bf20 f i MainFrm.obj
 0001:0000af20       ?RemoveOwner@?$CHandleList@PAXVCGdiObject@@PAUHWND__@@@@QAEHQAUHWND__@@@Z 0040bf20 f i MainFrm.obj
 0001:0000af20       ?RemoveOwner@?$CHandleList@PAUHMENU__@@VCMenuMTL@@PAUHWND__@@@@QAEHQAUHWND__@@@Z 0040bf20 f i MainFrm.obj
 0001:0000af20       ?RemoveOwner@?$CHandleList@PAUHDC__@@VCDCMTL@@PAUHWND__@@@@QAEHQAUHWND__@@@Z 0040bf20 f i MainFrm.obj
 0001:0000af90       ?OnCreateClient@CFrameWnd@@UAEHPAUtagCREATESTRUCTA@@PAUCCreateContext@@@Z 0040bf90 f i MainFrm.obj
 0001:0000b050       ?ActivateFrame@CFrameWnd@@UAEXH@Z 0040c050 f i MainFrm.obj
 0001:0000b0f0       ?Create@CFrameWnd@@UAEHPBD0KABUtagRECT@@PAVCWnd@@0KPAUCCreateContext@@@Z 0040c0f0 f i MainFrm.obj
 0001:0000b240       ?DockControlBar@CFrameWnd@@QAEXPAVCControlBar@@PAVCDockBar@@PBUtagRECT@@@Z 0040c240 f i MainFrm.obj
 0001:0000b530       ?Add@?$CArray@PAXABQAX@@QAEJABQAX@Z 0040c530 f i MainFrm.obj
 0001:0000b660       ?AfxSetWindowText@CAfx@@SAXPAUHWND__@@PBD@Z 0040c660 f i MainFrm.obj
 0001:0000b6e0       ?ScreenToClient@CWMHnd@@QBEXPAUtagRECT@@@Z 0040c6e0 f i MainFrm.obj
 0001:0000b710       ?SetParent@CWnd@@QAEPAV1@PAV1@@Z 0040c710 f i MainFrm.obj
 0001:0000b7e0       ?Insert@CDockBar@@QAEHPAVCControlBar@@VCRect@WTL@@VCPoint@4@@Z 0040c7e0 f i MainFrm.obj
 0001:0000ba90       ?InsertAt@?$CArray@PAXABQAX@@QAEXJABQAXJ@Z 0040ca90 f i MainFrm.obj
 0001:0000bd20       ?SetSize@?$CArray@PAXABQAX@@QAEXJJ@Z 0040cd20 f i MainFrm.obj
 0001:0000be40       ?ConstructElements@@YAXPAHJ@Z 0040ce40 f i MainFrm.obj
 0001:0000be40       ?ConstructElements@@YAXPAPAXJ@Z 0040ce40 f i MainFrm.obj
 0001:0000be50       ?GetActiveFrame@CFrameWnd@@UAEPAV1@XZ 0040ce50 f i MainFrm.obj
 0001:0000be60       ?LoadFrame@CFrameWnd@@UAEHIKPAVCWnd@@PAUCCreateContext@@@Z 0040ce60 f i MainFrm.obj
 0001:0000c1d0       ?AfxExtractSubString@CAfx@@SAHAAVCString@WTL@@PBDHD@Z 0040d1d0 f i MainFrm.obj
 0001:0000c3f0       ?AfxRegisterWndClass@CAfx@@SAPBDIPAUHICON__@@PAUHBRUSH__@@0@Z 0040d3f0 f i MainFrm.obj
 0001:0000c6a0       ?SendMessageToDescendants@CWnd@@QAEXPAUHWND__@@IIJHH@Z 0040d6a0 f i MainFrm.obj
 0001:0000c7b0       ?PreCreateWindow@CFrameWnd@@UAEHAAUtagCREATESTRUCTA@@@Z 0040d7b0 f i MainFrm.obj
 0001:0000cb00       ?PreTranslateMessage@CFrameWnd@@UAEHPAUtagMSG@@@Z 0040db00 f i MainFrm.obj
 0001:0000cb90       ?RecalcLayout@CFrameWnd@@UAEXH@Z 0040db90 f i MainFrm.obj
 0001:0000cd20       ?RepositionBars@CWnd@@QAEXIIIIPAUtagRECT@@PBU2@H@Z 0040dd20 f i MainFrm.obj
 0001:0000d060       ?ReDockControlBar@CFrameWnd@@QAEXPAVCControlBar@@PAVCDockBar@@PBUtagRECT@@@Z 0040e060 f i MainFrm.obj
 0001:0000d170       ??_GCFrameWnd@@UAEPAXI@Z   0040e170 f i MainFrm.obj
 0001:0000d170       ??_ECFrameWnd@@UAEPAXI@Z   0040e170 f i MainFrm.obj
 0001:0000d190       ?_ProcessWindowMessage@CFrameWnd@@UAEHPAUHWND__@@IIJAAJ@Z 0040e190 f i MainFrm.obj
 0001:0000e020       ?PostMessageA@CWindow@ATL@@QAEHIIJ@Z 0040f020 f i MainFrm.obj
 0001:0000e040       ?DestroyMenu@?$CMenuT@$00@WTL@@QAEHXZ 0040f040 f i MainFrm.obj
 0001:0000e060       ?GetTopLevelParent@CWnd@@QAEPAV1@XZ 0040f060 f i MainFrm.obj
 0001:0000e1d0       ?GetDescendantWindow@CWnd@@QAEPAV1@HH@Z 0040f1d0 f i MainFrm.obj
 0001:0000e350       ?GetDescendantWindow@CWnd@@QAEPAV1@PAUHWND__@@HH@Z 0040f350 f i MainFrm.obj
 0001:0000e4d0       ?OnBarCheck@CFrameWnd@@QAEHI@Z 0040f4d0 f i MainFrm.obj
 0001:0000e680       ?OnUpdateControlBarMenu@CFrameWnd@@QAEXPAVCCmdUI@@@Z 0040f680 f i MainFrm.obj
 0001:0000e6f0       ?OnIdleUpdateCmdUI@CFrameWnd@@QAEXXZ 0040f6f0 f i MainFrm.obj
 0001:0000e780       ?OnPopMessageString@CFrameWnd@@QAEJIJ@Z 0040f780 f i MainFrm.obj
 0001:0000e7b0       ?OnSetMessageString@CFrameWnd@@QAEJIJ@Z 0040f7b0 f i MainFrm.obj
 0001:0000e970       ?CopyBeforeWrite@CString@WTL@@IAEXXZ 0040f970 f i MainFrm.obj
 0001:0000ea10       ?AfxLoadString@CAfx@@SAHIPADI@Z 0040fa10 f i MainFrm.obj
 0001:0000ead0       ?OnToolTipText@CFrameWnd@@QAEHIPAUtagNMHDR@@PAJ@Z 0040fad0 f i MainFrm.obj
 0001:0000ed00       ?GetBufferSetLength@CString@WTL@@QAEPADH@Z 0040fd00 f i MainFrm.obj
 0001:0000edd0       ?AtlGetStringResourceImage@CAfx@@SAPBUATLSTRINGRESOURCEIMAGE@@PAUHINSTANCE__@@I@Z 0040fdd0 f i MainFrm.obj
 0001:0000ee60       ?OnUpdateKeyIndicator@CFrameWnd@@QAEXPAVCCmdUI@@@Z 0040fe60 f i MainFrm.obj
 0001:0000eed0       ?DestroyDockBars@CFrameWnd@@QAEXXZ 0040fed0 f i MainFrm.obj
 0001:0000f0b0       ?SetMenuBarState@CFrameWnd@@QAEHK@Z 004100b0 f i MainFrm.obj
 0001:0000f120       ?StartDrag@CDockContext@@UAEXVCPoint@WTL@@@Z 00410120 f i MainFrm.obj
 0001:0000f8c0       ?GetDCEx@CWMHnd@@QAEPAVCDCMTL@@PAVCRgnMTL@@K@Z 004108c0 f i MainFrm.obj
 0001:0000f970       ?classHandleFuncCDCMTL@CDCMTL@@SAPAXPAX0@Z 00410970 f i MainFrm.obj
 0001:0000f9c0       ?DrawFocusRect@CDockContext@@QAEXH@Z 004109c0 f i MainFrm.obj
 0001:0000fc30       ?NewNode@?$CHandleList@PAUHDC__@@VCDCMTL@@PAUHWND__@@@@QAEPAV?$CHandlePair@PAUHDC__@@PAVCDCMTL@@PAUHWND__@@@@PAUHDC__@@@Z 00410c30 f i MainFrm.obj
 0001:0000fc30       ?NewNode@?$CHandleList@PAUHMENU__@@VCMenuMTL@@PAUHWND__@@@@QAEPAV?$CHandlePair@PAUHMENU__@@PAVCMenuMTL@@PAUHWND__@@@@PAUHMENU__@@@Z 00410c30 f i MainFrm.obj
 0001:0000fc30       ?NewNode@?$CHandleHashList@PAUHWND__@@VCWMHnd@@PAU1@$0BB@@@QAEPAV?$CHandlePair@PAUHWND__@@PAVCWMHnd@@PAU1@@@PAUHWND__@@@Z 00410c30 f i MainFrm.obj
 0001:0000fc30       ?NewNode@?$CHandleList@PAXVCGdiObject@@PAUHWND__@@@@QAEPAV?$CHandlePair@PAXPAVCGdiObject@@PAUHWND__@@@@PAX@Z 00410c30 f i MainFrm.obj
 0001:0000fc70       ?classHandleFuncCBrushMTL@CBrushMTL@@SAPAXPAX0@Z 00410c70 f i MainFrm.obj
 0001:0000fcb0       ??_GCBrushMTL@@UAEPAXI@Z   00410cb0 f i MainFrm.obj
 0001:0000fcb0       ??_ECBrushMTL@@UAEPAXI@Z   00410cb0 f i MainFrm.obj
 0001:0000fcd0       ??1CBrushMTL@@UAE@XZ       00410cd0 f i MainFrm.obj
 0001:0000fda0       ?DrawDragRect@CDCMTL@@QAEXPBUtagRECT@@UtagSIZE@@01PAVCBrushMTL@@2@Z 00410da0 f i MainFrm.obj
 0001:000102b0       ??0?$CHandleWrapper@VCDCMTL@@PAUHDC__@@V?$CDCT@$00@WTL@@@@QAE@PAUHDC__@@@Z 004112b0 f i MainFrm.obj
 0001:000102b0       ??0?$CHandleWrapper@VCRgnMTL@@PAUHRGN__@@V?$CRgnT@$00@WTL@@@@QAE@PAUHRGN__@@@Z 004112b0 f i MainFrm.obj
 0001:000102d0       ??1?$CHandleWrapper@VCRgnMTL@@PAUHRGN__@@V?$CRgnT@$00@WTL@@@@UAE@XZ 004112d0 f i MainFrm.obj
 0001:000103a0       ??1?$CBrushT@$00@WTL@@QAE@XZ 004113a0 f i MainFrm.obj
 0001:000103a0       ??1?$CRgnT@$00@WTL@@QAE@XZ 004113a0 f i MainFrm.obj
 0001:000103c0       ?HalftoneBrush@CAfx@@SAPAUHBRUSH__@@H@Z 004113c0 f i MainFrm.obj
 0001:00010450       ?classHandleFuncCGdiObject@CGdiObject@@SAPAXPAX0@Z 00411450 f i MainFrm.obj
 0001:00010490       ??_GCGdiObject@@UAEPAXI@Z  00411490 f i MainFrm.obj
 0001:00010490       ??_ECGdiObject@@UAEPAXI@Z  00411490 f i MainFrm.obj
 0001:000104b0       ??1CGdiObject@@UAE@XZ      004114b0 f i MainFrm.obj
 0001:00010580       ??1CGdiobj@@QAE@XZ         00411580 f i MainFrm.obj
 0001:000105a0       ??_GCRgnMTL@@UAEPAXI@Z     004115a0 f i MainFrm.obj
 0001:000105a0       ??_ECRgnMTL@@UAEPAXI@Z     004115a0 f i MainFrm.obj
 0001:000105c0       ??1CRgnMTL@@UAE@XZ         004115c0 f i MainFrm.obj
 0001:00010690       ?SelectClipRgn@CDCMTL@@QAEHPAVCRgnMTL@@@Z 00411690 f i MainFrm.obj
 0001:000106e0       ?CanDock@CFrameWnd@@QAEKVCRect@WTL@@KPAPAVCDockBar@@@Z 004116e0 f i MainFrm.obj
 0001:000107e0       ?StartResize@CDockContext@@UAEXHVCPoint@WTL@@@Z 004117e0 f i MainFrm.obj
 0001:00010a40       ?EnableDocking@CFrameWnd@@QAEXK@Z 00411a40 f i MainFrm.obj
 0001:00010c40       ?SetAtGrow@?$CArray@PAXABQAX@@QAEXJABQAX@Z 00411c40 f i MainFrm.obj
 0001:00010d80       ?GetAfxData@CAfx@@SAABU_AUX_DATA@@XZ 00411d80 f i MainFrm.obj
 0001:00010e70       ?GetDockedVisibleCount@CDockBar@@UBEHXZ 00411e70 f i MainFrm.obj
 0001:00010eb0       ??_GCDockBar@@UAEPAXI@Z    00411eb0 f i MainFrm.obj
 0001:00010eb0       ??_ECDockBar@@UAEPAXI@Z    00411eb0 f i MainFrm.obj
 0001:00010ed0       ??1CDockBar@@UAE@XZ        00411ed0 f i MainFrm.obj
 0001:00011090       ?_ProcessWindowMessage@CDockBar@@UAEHPAUHWND__@@IIJAAJ@Z 00412090 f i MainFrm.obj
 0001:000113b0       ?OnSizeParent@CDockBar@@QAEJIJ@Z 004123b0 f i MainFrm.obj
 0001:00011600       ?AfxRepositionWindow@CAfx@@SAXPAUAFX_SIZEPARENTPARAMS@@PAUHWND__@@PBUtagRECT@@@Z 00412600 f i MainFrm.obj
 0001:000116c0       ?RemoveControlBar@CFrameWnd@@QAEXPAVCControlBar@@@Z 004126c0 f i MainFrm.obj
 0001:00011730       ?FloatControlBar@CFrameWnd@@QAEXPAVCControlBar@@VCPoint@WTL@@K@Z 00412730 f i MainFrm.obj
 0001:000118e0       ?Create@CMiniDockFrameWnd@@QAEHPAVCWnd@@K@Z 004128e0 f i MainFrm.obj
 0001:00011c50       ?FromHandle@?$CHandleList@PAUHMENU__@@VCMenuMTL@@PAUHWND__@@@@QAEPAVCMenuMTL@@QAUHMENU__@@PAV2@QAUHWND__@@Q6APAXPAX3@Z@Z 00412c50 f i MainFrm.obj
 0001:00011c50       ?FromHandle@?$CHandleList@PAXVCGdiObject@@PAUHWND__@@@@QAEPAVCGdiObject@@QAXPAV2@QAUHWND__@@Q6APAXPAX3@Z@Z 00412c50 f i MainFrm.obj
 0001:00011cd0       ?CanDock@CDockContext@@QAEKXZ 00412cd0 f i MainFrm.obj
 0001:000120a0       ?Stretch@CDockContext@@QAEXVCPoint@WTL@@@Z 004130a0 f i MainFrm.obj
 0001:000124a0       ?ToggleDocking@CDockContext@@QAEXXZ 004134a0 f i MainFrm.obj
 0001:000126b0       ?GetControlBar@CFrameWnd@@QAEPAVCControlBar@@I@Z 004136b0 f i MainFrm.obj
 0001:00012700       ?Track@CDockContext@@QAEHXZ 00413700 f i MainFrm.obj
 0001:00012b40       ?RemoveHandle@?$CHandleList@PAUHDC__@@VCDCMTL@@PAUHWND__@@@@QAEPAUHDC__@@QAU2@@Z 00413b40 f i MainFrm.obj
 0001:00012ba0       ?CancelLoop@CDockContext@@QAEXXZ 00413ba0 f i MainFrm.obj
 0001:00012de0       ?Move@CDockContext@@QAEXVCPoint@WTL@@@Z 00413de0 f i MainFrm.obj
 0001:000130a0       ?UpdateState@CDockContext@@QAEXPAHH@Z 004140a0 f i MainFrm.obj
 0001:000134b0       ?GetDockBar@CDockContext@@QAEPAVCDockBar@@K@Z 004144b0 f i MainFrm.obj
 0001:000136e0       ?OnIdleUpdateCmdUI@CControlBar@@QAEJIJ@Z 004146e0 f i MainFrm.obj
 0001:00013910       ?CalcFixedLayout@CDockBar@@UAE?AVCSize@WTL@@HH@Z 00414910 f i MainFrm.obj
 0001:00014200       ?DestroyWindow@CControlBar@@UAEHXZ 00415200 f i MainFrm.obj
 0001:000142e0       ?DockControlBar@CDockBar@@QAEXPAVCControlBar@@PBUtagRECT@@@Z 004152e0 f i MainFrm.obj
 0001:000147e0       ?Size@CRect@WTL@@QBE?AVCSize@2@XZ 004157e0 f i MainFrm.obj
 0001:00014800       ?FindBar@CDockBar@@QAEHPAVCControlBar@@H@Z 00415800 f i MainFrm.obj
 0001:00014830       ?GetDockedControlBar@CDockBar@@QBEPAVCControlBar@@H@Z 00415830 f i MainFrm.obj
 0001:00014850       ?ReDockControlBar@CDockBar@@QAEXPAVCControlBar@@PBUtagRECT@@@Z 00415850 f i MainFrm.obj
 0001:00014cd0       ?RemoveControlBar@CDockBar@@QAEHPAVCControlBar@@HH@Z 00415cd0 f i MainFrm.obj
 0001:00014f00       ?OnSetPreviewMode@CFrameWnd@@UAEXHPAUCPrintPreviewState@@@Z 00415f00 f i MainFrm.obj
 0001:00015360       ?AfxGetParentOwner@CWnd@@SAPAUHWND__@@PAU2@@Z 00416360 f i MainFrm.obj
 0001:00015400       ?GetOwner@CWnd@@QAEPAV1@XZ 00416400 f i MainFrm.obj
 0001:00015540       ?OnCloseDocument@CDocument@@QAEXXZ 00416540 f i MainFrm.obj
 0001:00015620       ?GetDefaultAccelerator@CFrameWnd@@UAEPAUHACCEL__@@XZ 00416620 f i MainFrm.obj
 0001:00015640       ?OnUpdateFrameMenu@CFrameWnd@@UAEXPAUHMENU__@@@Z 00416640 f i MainFrm.obj
 0001:00015680       ?OnUpdateFrameTitle@CFrameWnd@@UAEXH@Z 00416680 f i MainFrm.obj
 0001:000156d0       ?UpdateFrameTitleForDocument@CFrameWnd@@QAEXPBD@Z 004166d0 f i MainFrm.obj
 0001:000158d0       ??1CDocument@@QAE@XZ       004168d0 f i MainFrm.obj
 0001:000159d0       ?FromHandleWnd@CModuleThreadState@@QAEPAVCWMHnd@@PAUHWND__@@PAV2@0P6APAXPAX2@Z@Z 004169d0 f i MainFrm.obj
 0001:00015aa0       ?RemoveHandleWnd@CModuleThreadState@@QAEPAUHWND__@@PAU2@@Z 00416aa0 f i MainFrm.obj
 0001:00015d10       ?FromHandleMenu@CModuleThreadState@@QAEPAVCMenuMTL@@PAUHMENU__@@PAV2@PAUHWND__@@P6APAXPAX3@Z@Z 00416d10 f i MainFrm.obj
 0001:00015da0       ?RemoveHandleMenu@CModuleThreadState@@QAEPAUHMENU__@@PAU2@@Z 00416da0 f i MainFrm.obj
 0001:00015e10       ?RemoveHandleDC@CModuleThreadState@@QAEPAUHDC__@@PAU2@@Z 00416e10 f i MainFrm.obj
 0001:00015e80       ?FromHandleGdiobj@CModuleThreadState@@QAEPAVCGdiObject@@PAXPAV2@PAUHWND__@@P6APAX00@Z@Z 00416e80 f i MainFrm.obj
 0001:00015f10       ?GetCModuleState@CWinApp@@SAPAVCModuleState@@XZ 00416f10 f i MainFrm.obj
 0001:00015f50       ?CloseAllDocuments@CWinApp@@QAEXH@Z 00416f50 f i MainFrm.obj
 0001:000160b0       ?HideApplication@CWinApp@@QAEXXZ 004170b0 f i MainFrm.obj
 0001:00016100       ?SaveAllModified@CWinApp@@QAEHXZ 00417100 f i MainFrm.obj
 0001:00016170       ?cModuleState@?1??GetCModuleState@CWinApp@@SAPAVCModuleState@@XZ@$AV2@A 00417170 f i MainFrm.obj
 0001:00016180       ??1CModuleState@@QAE@XZ    00417180 f i MainFrm.obj
 0001:00016210       ??1?$CList@PAXPAX@@QAE@XZ  00417210 f i MainFrm.obj
 0001:00016210       ??1?$CList@PAUHWND__@@PAU1@@@QAE@XZ 00417210 f i MainFrm.obj
 0001:00016210       ??1?$CList@PAVCFrameWnd@@ABQAV1@@@QAE@XZ 00417210 f i MainFrm.obj
 0001:00016210       ??1?$CList@PAUCRuntimeClass@@ABQAU1@@@QAE@XZ 00417210 f i MainFrm.obj
 0001:00016230       ?FromHandle@CWnd@@SAPAV1@PAUHWND__@@PAV1@0P6APAXPAX2@Z@Z 00417230 f i MainFrm.obj
 0001:00016300       ?FromHandle@CBrushMTL@@SAPAV1@PAUHBRUSH__@@PAV1@PAUHWND__@@P6APAXPAX3@Z@Z 00417300 f i MainFrm.obj
 0001:00016390       ??1CControlBar@@UAE@XZ     00417390 f i MainFrm.obj
 0001:00016550       ?OnDestroy@CControlBar@@QAEXXZ 00417550 f i MainFrm.obj
 0001:00016600       ?OnTimer@CControlBar@@QAEXK@Z 00417600 f i MainFrm.obj
 0001:000168e0       ?PreTranslateMessage@CControlBar@@UAEHPAUtagMSG@@@Z 004178e0 f i MainFrm.obj
 0001:00016c80       ?SetStatusText@CControlBar@@UAEHJ@Z 00417c80 f i MainFrm.obj
 0001:00016da0       ?OnCmdMsg@CFrameWnd@@UAEHIHPAXPAUAFX_CMDHANDLERINFO@@@Z 00417da0 f i MainFrm.obj
 0001:00016f00       ?LoadBitmapA@CToolBar@@QAEHPBD@Z 00417f00 f i MainFrm.obj
 0001:00017170       ?_EnableToolTips@CWnd@@QAEHHI@Z 00418170 f i MainFrm.obj
 0001:000172b0       ?_FilterToolTipMessage@CWnd@@SAXPAUtagMSG@@PAV1@@Z 004182b0 f i MainFrm.obj
 0001:000172c0       ?FilterToolTipMessage@CWnd@@QAEXPAUtagMSG@@@Z 004182c0 f i MainFrm.obj
 0001:00017b00       ??_GCToolTipCtrlMTL@@UAEPAXI@Z 00418b00 f i MainFrm.obj
 0001:00017b00       ??_ECToolTipCtrlMTL@@UAEPAXI@Z 00418b00 f i MainFrm.obj
 0001:00017b20       ??1CToolTipCtrlMTL@@UAE@XZ 00418b20 f i MainFrm.obj
 0001:00017d10       ?PreTranslateMessage@CWnd@@UAEHPAUtagMSG@@@Z 00418d10 f i MainFrm.obj
 0001:00017d60       ??0CSdiVC6App@@QAE@XZ      00418d60 f   SdiVC6.obj
 0001:00017ef0       ?_ProcessWindowMessage@CSdiVC6App@@UAEHPAUHWND__@@IIJAAJ@Z 00418ef0 f i SdiVC6.obj
 0001:000180f0       ??1CSdiVC6App@@QAE@XZ      004190f0 f i SdiVC6.obj
 0001:00018290       ?InitInstance@CSdiVC6App@@UAEHXZ 00419290 f   SdiVC6.obj
 0001:00018560       ??0CAboutDlg@@QAE@XZ       00419560 f   SdiVC6.obj
 0001:000185a0       ??_GCAboutDlg@@UAEPAXI@Z   004195a0 f i SdiVC6.obj
 0001:000185a0       ??_ECAboutDlg@@UAEPAXI@Z   004195a0 f i SdiVC6.obj
 0001:000185c0       ??1CAboutDlg@@UAE@XZ       004195c0 f i SdiVC6.obj
 0001:000187e0       ?OnDraw@CSdiVC6View@@UAEXPAVCDCMTL@@@Z 004197e0 f   SdiVC6.obj
 0001:000187e0       ?Serialize@CSdiVC6Doc@@UAEXAAVCArchive@@@Z 004197e0 f   SdiVC6.obj
 0001:000187e0       ?DoDataExchange@CAboutDlg@@MAEXPAVCDataExchange@@@Z 004197e0 f   SdiVC6.obj
 0001:000187f0       ?OnAppAbout@CSdiVC6App@@QAEXXZ 004197f0 f   SdiVC6.obj
 0001:00018a40       ??1?$CHandleHashList@PAUHWND__@@VCWMHnd@@PAU1@$0BB@@@QAE@XZ 00419a40 f i SdiVC6.obj
 0001:00018a50       ??_9@$BBE@AE               00419a50 f i SdiVC6.obj
 0001:00018a60       ??_9@$BHE@AE               00419a60 f i SdiVC6.obj
 0001:00018a70       ??_9@$BBI@AE               00419a70 f i SdiVC6.obj
 0001:00018a80       ??_9@$BHI@AE               00419a80 f i SdiVC6.obj
 0001:00018a90       ??0CCommandLineInfo@@QAE@XZ 00419a90 f i SdiVC6.obj
 0001:00018ad0       ?ParseParam@CCommandLineInfo@@UAEXPBDHH@Z 00419ad0 f i SdiVC6.obj
 0001:00018bd0       ??0CRecentFileList@@QAE@IPBD0HH@Z 00419bd0 f i SdiVC6.obj
 0001:00018dc0       ??0CString@WTL@@QAE@XZ     00419dc0 f i SdiVC6.obj
 0001:00018dd0       ?Add@CRecentFileList@@UAEXPBD@Z 00419dd0 f i SdiVC6.obj
 0001:00019020       ?_AfxFullPath2@CAfx@@SAHPADPBDPAVCFileException@@@Z 0041a020 f i SdiVC6.obj
 0001:00019270       ?GetDisplayName@CRecentFileList@@UBEHAAVCString@WTL@@HPBDHH@Z 0041a270 f i SdiVC6.obj
 0001:00019540       ?_AfxAbbreviateName@CAfx@@SAXPADHH@Z 0041a540 f i SdiVC6.obj
 0001:00019670       ?AfxComparePath@CAfx@@SAHPBD0@Z 0041a670 f i SdiVC6.obj
 0001:00019750       ?AfxGetFileName@CAfx@@SAIPBDPADI@Z 0041a750 f i SdiVC6.obj
 0001:00019780       ?Remove@CRecentFileList@@UAEXH@Z 0041a780 f i SdiVC6.obj
 0001:00019990       ??_GCRecentFileList@@UAEPAXI@Z 0041a990 f i SdiVC6.obj
 0001:00019990       ??_ECRecentFileList@@UAEPAXI@Z 0041a990 f i SdiVC6.obj
 0001:000199b0       ??1CRecentFileList@@UAE@XZ 0041a9b0 f i SdiVC6.obj
 0001:00019ab0       ?classHandleFuncCDialog@CDialog@@SAPAXPAX0@Z 0041aab0 f i SdiVC6.obj
 0001:00019b20       ?OnOK@CDialog@@UAEXXZ      0041ab20 f i SdiVC6.obj
 0001:00019b90       ?OnCancel@CDialog@@UAEXXZ  0041ab90 f i SdiVC6.obj
 0001:00019bc0       ?OnInitDialog@CDialog@@UAEHXZ 0041abc0 f i SdiVC6.obj
 0001:00019c90       ?ExecuteDlgInit@CWnd@@QAEHPAX@Z 0041ac90 f i SdiVC6.obj
 0001:00019d70       ?Create@CDialog@@UAEHIPAVCWnd@@@Z 0041ad70 f i SdiVC6.obj
 0001:00019d90       ?Create@CDialog@@UAEHPBDPAVCWnd@@@Z 0041ad90 f i SdiVC6.obj
 0001:00019f40       ?AtlModuleAddCreateWndData@ATL@@YGXPAU_ATL_MODULE@1@PAU_AtlCreateWndData@1@PAX@Z 0041af40 f i SdiVC6.obj
 0001:00019f80       ?CreateIndirect@CDialog@@UAEHPAXPAVCWnd@@PAUHINSTANCE__@@@Z 0041af80 f i SdiVC6.obj
 0001:0001a120       ?DoModal@CDialog@@UAEJXZ   0041b120 f i SdiVC6.obj
 0001:0001a4d0       ?PreTranslateMessage@CDialog@@UAEHPAUtagMSG@@@Z 0041b4d0 f i SdiVC6.obj
 0001:0001a5e0       ??_GCDialog@@UAEPAXI@Z     0041b5e0 f i SdiVC6.obj
 0001:0001a5e0       ??_ECDialog@@UAEPAXI@Z     0041b5e0 f i SdiVC6.obj
 0001:0001a600       ??1CDialog@@UAE@XZ         0041b600 f i SdiVC6.obj
 0001:0001a820       ?_ProcessWindowMessage@CCommonDialog@@UAEHPAUHWND__@@IIJAAJ@Z 0041b820 f i SdiVC6.obj
 0001:0001a820       ?_ProcessWindowMessage@CDialog@@UAEHPAUHWND__@@IIJAAJ@Z 0041b820 f i SdiVC6.obj
 0001:0001a820       ?_ProcessWindowMessage@CAboutDlg@@UAEHPAUHWND__@@IIJAAJ@Z 0041b820 f i SdiVC6.obj
 0001:0001a8c0       ?AfxDlgProc@CWnd@@SGJPAUHWND__@@IIJ@Z 0041b8c0 f i SdiVC6.obj
 0001:0001aab0       ??0CDocTemplate@@QAE@IPAUCRuntimeClass@@00@Z 0041bab0 f i SdiVC6.obj
 0001:0001acf0       ?OnCmdMsg@CDocTemplate@@UAEHIHPAXPAUAFX_CMDHANDLERINFO@@@Z 0041bcf0 f i SdiVC6.obj
 0001:0001acf0       ?OnCmdMsg@CCmdTarget@@UAEHIHPAXPAUAFX_CMDHANDLERINFO@@@Z 0041bcf0 f i SdiVC6.obj
 0001:0001add0       ?CreateNewDocument@CDocTemplate@@UAEPAVCDocument@@XZ 0041bdd0 f i SdiVC6.obj
 0001:0001ae00       ?CreateNewFrame@CDocTemplate@@UAEPAVCFrameWnd@@PAVCDocument@@PAV2@@Z 0041be00 f i SdiVC6.obj
 0001:0001ae90       ?GetDocString@CDocTemplate@@UBEHAAVCString@WTL@@W4DocStringIndex@1@@Z 0041be90 f i SdiVC6.obj
 0001:0001b090       ?InitialUpdateFrame@CDocTemplate@@UAEXPAVCFrameWnd@@PAVCDocument@@H@Z 0041c090 f i SdiVC6.obj
 0001:0001b190       ?UpdateFrameCounts@CDocument@@QAEXXZ 0041c190 f i SdiVC6.obj
 0001:0001b400       ?LoadTemplate@CDocTemplate@@UAEXXZ 0041c400 f i SdiVC6.obj
 0001:0001b5f0       ?MatchDocType@CDocTemplate@@UAE?AW4Confidence@1@PBDAAPAVCDocument@@@Z 0041c5f0 f i SdiVC6.obj
 0001:0001b800       ?AddDocument@CSingleDocTemplate@@UAEXPAVCDocument@@@Z 0041c800 f i SdiVC6.obj
 0001:0001b810       ?GetFirstDocPosition@CSingleDocTemplate@@UBEPAU__POSITION@@XZ 0041c810 f i SdiVC6.obj
 0001:0001b820       ?GetNextDoc@CSingleDocTemplate@@UBEPAVCDocument@@AAPAU__POSITION@@@Z 0041c820 f i SdiVC6.obj
 0001:0001b840       ?OpenDocumentFile@CSingleDocTemplate@@UAEPAVCDocument@@PBDH@Z 0041c840 f i SdiVC6.obj
 0001:0001b860       ?RemoveDocument@CSingleDocTemplate@@UAEXPAVCDocument@@@Z 0041c860 f i SdiVC6.obj
 0001:0001b870       ?SetDefaultTitle@CSingleDocTemplate@@UAEXPAVCDocument@@@Z 0041c870 f i SdiVC6.obj
 0001:0001ba10       ??_GCSingleDocTemplate@@UAEPAXI@Z 0041ca10 f i SdiVC6.obj
 0001:0001ba10       ??_ECSingleDocTemplate@@UAEPAXI@Z 0041ca10 f i SdiVC6.obj
 0001:0001ba30       ??1CSingleDocTemplate@@UAE@XZ 0041ca30 f i SdiVC6.obj
 0001:0001ba70       ?OnFileNew@CDocManager@@UAEXXZ 0041ca70 f i SdiVC6.obj
 0001:0001ba90       ?AddDocTemplate@CDocManager@@QAEXPAVCDocTemplate@@@Z 0041ca90 f i SdiVC6.obj
 0001:0001bad0       ?GetFirstDocTemplatePosition@CDocManager@@UBEPAU__POSITION@@XZ 0041cad0 f i SdiVC6.obj
 0001:0001bae0       ?GetNextDocTemplate@CDocManager@@UBEPAVCDocTemplate@@AAPAU__POSITION@@@Z 0041cae0 f i SdiVC6.obj
 0001:0001bb00       ??1CWinThread@@QAE@XZ      0041cb00 f i SdiVC6.obj
 0001:0001bb20       ?OnAppExit@CWinApp@@QAEXXZ 0041cb20 f i SdiVC6.obj
 0001:0001bb40       ?OnOpenRecentFile@CWinApp@@QAEHI@Z 0041cb40 f i SdiVC6.obj
 0001:0001bba0       ?OnUpdateRecentFileMenu@CWinApp@@QAEXPAVCCmdUI@@@Z 0041cba0 f i SdiVC6.obj
 0001:0001bbd0       ?OnFileNew@CWinApp@@UAEXXZ 0041cbd0 f i SdiVC6.obj
 0001:0001bbe0       ?OnFileOpen@CWinApp@@UAEXXZ 0041cbe0 f i SdiVC6.obj
 0001:0001bbf0       ?OnIdle@CWinApp@@UAEHH@Z   0041cbf0 f i SdiVC6.obj
 0001:0001bd70       ?ExitInstance@CWinApp@@UAEHXZ 0041cd70 f i SdiVC6.obj
 0001:0001bda0       ?IsFrameWnd@CFrameWnd@@UAEHXZ 0041cda0 f i SdiVC6.obj
 0001:0001bda0       ?IsDockBar@CDockBar@@UBEHXZ 0041cda0 f i SdiVC6.obj
 0001:0001bda0       ?InitInstance@CWinApp@@UAEHXZ 0041cda0 f i SdiVC6.obj
 0001:0001bdb0       ?OpenDocumentFile@CWinApp@@UAEPAVCDocument@@PBD@Z 0041cdb0 f i SdiVC6.obj
 0001:0001c020       ?PreTranslateMessage@CWinApp@@UAEHPAUtagMSG@@@Z 0041d020 f i SdiVC6.obj
 0001:0001c110       ?PumpMessage@CWinApp@@UAEHXZ 0041d110 f i SdiVC6.obj
 0001:0001c160       ?Run@CWinApp@@UAEHXZ       0041d160 f i SdiVC6.obj
 0001:0001c200       ?Unregister@CWinApp@@QAEHXZ 0041d200 f i SdiVC6.obj
 0001:0001c440       ?LoadStringA@CString@WTL@@QAEHI@Z 0041d440 f i SdiVC6.obj
 0001:0001c660       ??HWTL@@YG?AVCString@0@ABV10@PBD@Z 0041d660 f i SdiVC6.obj
 0001:0001c7f0       ?AfxDelRegTreeHelper@CAfx@@SAJPAUHKEY__@@ABVCString@WTL@@PAVCAtlTransactionManager@@@Z 0041d7f0 f i SdiVC6.obj
 0001:0001ca50       ??1CModuleThreadState@@QAE@XZ 0041da50 f i SdiVC6.obj
 0001:0001cac0       ??1CCommandLineInfo@@QAE@XZ 0041dac0 f i SdiVC6.obj
 0001:0001cbc0       ?_ProcessWindowMessage@CWinApp@@UAEHPAUHWND__@@IIJAAJ@Z 0041dbc0 f i SdiVC6.obj
 0001:0001ccc0       ?AfxMessageBox@@YAHIII@Z   0041dcc0 f i SdiVC6.obj
 0001:0001ceb0       ?GetSafeOwner_@CWnd@@SAPAUHWND__@@PAU2@PAPAU2@@Z 0041deb0 f i SdiVC6.obj
 0001:0001d010       ?OnCmdMsg@CDialog@@UAEHIHPAXPAUAFX_CMDHANDLERINFO@@@Z 0041e010 f i SdiVC6.obj
 0001:0001d1c0       ?OnFileOpen@CDocManager@@UAEXXZ 0041e1c0 f i SdiVC6.obj
 0001:0001d410       ??0CFileDialogMTL@@QAE@HPBD0K0PAVCWnd@@KH@Z 0041e410 f i SdiVC6.obj
 0001:0001d660       ?OnOK@CCommonDialog@@UAEXXZ 0041e660 f i SdiVC6.obj
 0001:0001d6c0       ?OnInitDialog@CWMHnd@@UAEHXZ 0041e6c0 f i SdiVC6.obj
 0001:0001d6c0       ?Default@CWMHnd@@QAEJXZ    0041e6c0 f i SdiVC6.obj
 0001:0001d6c0       ?OnCancel@CCommonDialog@@UAEXXZ 0041e6c0 f i SdiVC6.obj
 0001:0001d6e0       ??_GCCommonDialog@@UAEPAXI@Z 0041e6e0 f i SdiVC6.obj
 0001:0001d6e0       ??_ECCommonDialog@@UAEPAXI@Z 0041e6e0 f i SdiVC6.obj
 0001:0001d700       ??1CCommonDialog@@UAE@XZ   0041e700 f i SdiVC6.obj
 0001:0001d920       ??1CFileDialogMTL@@UAE@XZ  0041e920 f i SdiVC6.obj
 0001:0001db30       ?OnInitDone@CFileDialogMTL@@UAEXXZ 0041eb30 f i SdiVC6.obj
 0001:0001dd60       ?OnLBSelChangedNotify@CFileDialogMTL@@UAEXIII@Z 0041ed60 f i SdiVC6.obj
 0001:0001dd70       ?OnNotify@CFileDialogMTL@@UAEHIJPAJ@Z 0041ed70 f i SdiVC6.obj
 0001:0001df40       ?DoModal@CFileDialogMTL@@UAEJXZ 0041ef40 f i SdiVC6.obj
 0001:0001e0c0       ??_ECFileDialogMTL@@UAEPAXI@Z 0041f0c0 f i SdiVC6.obj
 0001:0001e0c0       ??_GCFileDialogMTL@@UAEPAXI@Z 0041f0c0 f i SdiVC6.obj
 0001:0001e0e0       ?_AfxAppendFilterSuffix@@YAXAAVCString@WTL@@AAUtagOFNA@@PAVCDocTemplate@@PAV12@@Z 0041f0e0 f i SdiVC6.obj
 0001:0001e3c0       ?Mid@CString@WTL@@QBE?AV12@H@Z 0041f3c0 f i SdiVC6.obj
 0001:0001e3f0       ?Mid@CString@WTL@@QBE?AV12@HH@Z 0041f3f0 f i SdiVC6.obj
 0001:0001e570       ?Tokenize@@YA?AVCString@WTL@@AAV12@PADAAH@Z 0041f570 f i SdiVC6.obj
 0001:0001e5a0       ?Tokenize@CAfx@@SA?AVCString@WTL@@AAV23@PADAAH@Z 0041f5a0 f i SdiVC6.obj
 0001:0001e6c0       ?_AfxCommDlgProc@CCommonDialog@@SGKPAUHWND__@@IIJ@Z 0041f6c0 f i SdiVC6.obj
 0001:0001e930       ?CenterWindow@CWindow@ATL@@QAEHPAUHWND__@@@Z 0041f930 f i SdiVC6.obj
 0001:0001eac0       ?IsKindOf@CObject@@QBEHPBUCRuntimeClass@@@Z 0041fac0 f i SdiVC6.obj
 0001:0001eaf0       ?AfxResolveShortcut@@YAHPAVCWMHnd@@PBDPADH@Z 0041faf0 f i SdiVC6.obj
 0001:0001ed70       ?GetClassObject@AFX_COM@@QAEJABU_GUID@@0PAPAX@Z 0041fd70 f i SdiVC6.obj
 0001:0001efd0       ?AfxGetInProcServer@CAfx@@SAHPBDAAVCString@WTL@@@Z 0041ffd0 f i SdiVC6.obj
 0001:0001f1e0       ?AfxStringFromCLSID@@YA?AVCString@WTL@@ABU_GUID@@@Z 004201e0 f i SdiVC6.obj
 0001:0001f210       ?AfxStringFromCLSID@CAfx@@SA?AVCString@WTL@@ABU_GUID@@@Z 00420210 f i SdiVC6.obj
 0001:0001f400       ?OpenDocumentFile@CSingleDocTemplate@@UAEPAVCDocument@@PBDHH@Z 00420400 f i SdiVC6.obj
 0001:0001f710       ?DoWaitCursor@CWinApp@@QAEXH@Z 00420710 f i SdiVC6.obj
 0001:0001f780       ?ShowAppMessageBox@CWinApp@@SAHPAV1@PBDII@Z 00420780 f i SdiVC6.obj
 0001:0001f940       ??1CWaitCursor@@QAE@XZ     00420940 f i SdiVC6.obj
 0001:0001f990       ?ReadList@CRecentFileList@@UAEXXZ 00420990 f i SdiVC6.obj
 0001:0001fb30       ?GetProfileStringA@CWinApp@@QAE?AVCString@WTL@@PBD00@Z 00420b30 f i SdiVC6.obj
 0001:0001fd10       ?UpdateMenu@CRecentFileList@@UAEXPAVCCmdUI@@@Z 00420d10 f i SdiVC6.obj
 0001:00020190       ??HWTL@@YG?AVCString@0@ABV10@0@Z 00421190 f i SdiVC6.obj
 0001:00020320       ?WriteList@CRecentFileList@@UAEXXZ 00421320 f i SdiVC6.obj
 0001:000203b0       ?RunModalLoop@CWnd@@QAEHK@Z 004213b0 f i SdiVC6.obj
 0001:00020550       ?CreateObject@CSdiVC6Doc@@SAPAVCObject@@XZ 00421550 f   SdiVC6Doc.obj
 0001:000205b0       ?GetRuntimeClass@CSdiVC6Doc@@UBEPAUCRuntimeClass@@XZ 004215b0 f   SdiVC6Doc.obj
 0001:000205c0       ??0CSdiVC6Doc@@IAE@XZ      004215c0 f   SdiVC6Doc.obj
 0001:00020600       ?_ProcessWindowMessage@CSdiVC6Doc@@UAEHPAUHWND__@@IIJAAJ@Z 00421600 f i SdiVC6Doc.obj
 0001:00020770       ??_GCSdiVC6Doc@@UAEPAXI@Z  00421770 f i SdiVC6Doc.obj
 0001:00020770       ??_ECSdiVC6Doc@@UAEPAXI@Z  00421770 f i SdiVC6Doc.obj
 0001:00020790       ??1CSdiVC6Doc@@UAE@XZ      00421790 f   SdiVC6Doc.obj
 0001:000208a0       ?OnNewDocument@CSdiVC6Doc@@UAEHXZ 004218a0 f   SdiVC6Doc.obj
 0001:000209c0       ?GetFirstViewPosition@CDocument@@UBEPAU__POSITION@@XZ 004219c0 f i SdiVC6Doc.obj
 0001:000209d0       ?GetNextView@CDocument@@UBEPAVCView@@AAPAU__POSITION@@@Z 004219d0 f i SdiVC6Doc.obj
 0001:000209f0       ?ReleaseFile@CDocument@@UAEXPAVCFile@@H@Z 004219f0 f i SdiVC6Doc.obj
 0001:00020a30       ??1CFile@@QAE@XZ           00421a30 f i SdiVC6Doc.obj
 0001:00020bd0       ?OsErrorToException@CFileException@@SAHJ@Z 00421bd0 f i SdiVC6Doc.obj
 0001:00020d80       ?Abort@CFile@@UAEXXZ       00421d80 f i SdiVC6Doc.obj
 0001:00020e80       ?Close@CFile@@UAEXXZ       00421e80 f i SdiVC6Doc.obj
 0001:00020f80       ?ThrowOsError@CFileException@@SAXJPBD@Z 00421f80 f i SdiVC6Doc.obj
 0001:00021240       ?GetFilePath@CFile@@UBE?AVCString@WTL@@XZ 00422240 f i SdiVC6Doc.obj
 0001:000214a0       ?GetCException@CAfx@@SAAAVCException@@H@Z 004224a0 f i SdiVC6Doc.obj
 0001:000215b0       ??0CTime@@QAE@ABU_SYSTEMTIME@@H@Z 004225b0 f i SdiVC6Doc.obj
 0001:00021740       ??0CTime@@QAE@ABU_FILETIME@@H@Z 00422740 f i SdiVC6Doc.obj
 0001:000219c0       ??0CSimpleException@@QAE@HI@Z 004229c0 f i SdiVC6Doc.obj
 0001:000219e0       ??0CTime@@QAE@HHHHHHH@Z    004229e0 f i SdiVC6Doc.obj
 0001:00021b30       ?IsValidFILETIME@CTime@@SAHABU_FILETIME@@@Z 00422b30 f i SdiVC6Doc.obj
 0001:00021b70       ?GetLength@CFile@@UBE_KXZ  00422b70 f i SdiVC6Doc.obj
 0001:00021bc0       ?Open@CFile@@UAEHPBDIPAVCFileException@@@Z 00422bc0 f i SdiVC6Doc.obj
 0001:00021ee0       ?Read@CFile@@UAEIPAXI@Z    00422ee0 f i SdiVC6Doc.obj
 0001:00021f30       ?Write@CFile@@UAEXPBXI@Z   00422f30 f i SdiVC6Doc.obj
 0001:00021f90       ?AfxThrowFileException@CFile@@SAXHJPBD@Z 00422f90 f i SdiVC6Doc.obj
 0001:000220d0       ?Seek@CFile@@UAE_K_JI@Z    004230d0 f i SdiVC6Doc.obj
 0001:00022130       ?SetModifiedFlag@CDocument@@UAEXH@Z 00423130 f i SdiVC6Doc.obj
 0001:00022140       ?SetTitle@CDocument@@UAEXPBD@Z 00423140 f i SdiVC6Doc.obj
 0001:00022390       ??_GCDocument@@QAEPAXI@Z   00423390 f i SdiVC6Doc.obj
 0001:000223b0       ?OnCmdMsg@CDocument@@UAEHIHPAXPAUAFX_CMDHANDLERINFO@@@Z 004233b0 f i SdiVC6Doc.obj
 0001:000224f0       ?OnOpenDocument@CDocument@@UAEHPBD@Z 004234f0 f i SdiVC6Doc.obj
 0001:000227b0       ??4CString@WTL@@QAEAAV01@ABV01@@Z 004237b0 f i SdiVC6Doc.obj
 0001:00022880       ?Flush@CArchive@@QAEXXZ    00423880 f i SdiVC6Doc.obj
 0001:000228d0       ??_GCFile@@QAEPAXI@Z       004238d0 f i SdiVC6Doc.obj
 0001:000228f0       ??1CArchive@@QAE@XZ        004238f0 f i SdiVC6Doc.obj
 0001:00022930       ?OnSaveDocument@CDocument@@UAEHPBD@Z 00423930 f i SdiVC6Doc.obj
 0001:00022b70       ?DoSave@CDocument@@UAEHPBDH@Z 00423b70 f i SdiVC6Doc.obj
 0001:00022ee0       ?DoPromptFileName@CWinApp@@QAEHAAVCString@WTL@@IKHPAVCDocTemplate@@@Z 00423ee0 f i SdiVC6Doc.obj
 0001:00022f10       ?DoPromptFileName@CDocManager@@QAEHAAVCString@WTL@@IKHPAVCDocTemplate@@@Z 00423f10 f i SdiVC6Doc.obj
 0001:00023410       ?SetAt@CString@WTL@@QAEXHD@Z 00424410 f i SdiVC6Doc.obj
 0001:000234c0       ??YCString@WTL@@QAEAAV01@ABV01@@Z 004244c0 f i SdiVC6Doc.obj
 0001:000235d0       ??0CCommonDialog@@QAE@PAVCWnd@@@Z 004245d0 f i SdiVC6Doc.obj
 0001:00023610       ?SaveModified@CDocument@@UAEHXZ 00424610 f i SdiVC6Doc.obj
 0001:00023930       ?AfxFormatStrings@CAfx@@SAXAAVCString@WTL@@IPBQBDH@Z 00424930 f i SdiVC6Doc.obj
 0001:00023af0       ?AfxFormatStrings@CAfx@@SAXAAVCString@WTL@@PBDPBQBDH@Z 00424af0 f i SdiVC6Doc.obj
 0001:00023dc0       ?AfxGetFileTitle@CAfx@@SAIPBDPADI@Z 00424dc0 f i SdiVC6Doc.obj
 0001:00023e50       ?SetPathName@CDocument@@UAEXPBDH@Z 00424e50 f i SdiVC6Doc.obj
 0001:00023f90       ?CreateObject@CSdiVC6View@@SAPAVCObject@@XZ 00424f90 f   SdiVC6View.obj
 0001:00023ff0       ?GetRuntimeClass@CSdiVC6View@@UBEPAUCRuntimeClass@@XZ 00424ff0 f   SdiVC6View.obj
 0001:00024000       ??0CSdiVC6View@@IAE@XZ     00425000 f   SdiVC6View.obj
 0001:00024030       ?_ProcessWindowMessage@CSdiVC6View@@UAEHPAUHWND__@@IIJAAJ@Z 00425030 f i SdiVC6View.obj
 0001:00024060       ??_GCSdiVC6View@@UAEPAXI@Z 00425060 f i SdiVC6View.obj
 0001:00024060       ??_ECSdiVC6View@@UAEPAXI@Z 00425060 f i SdiVC6View.obj
 0001:00024080       ??1CSdiVC6View@@UAE@XZ     00425080 f   SdiVC6View.obj
 0001:00024200       ?PreCreateWindow@CSdiVC6View@@UAEHAAUtagCREATESTRUCTA@@@Z 00425200 f   SdiVC6View.obj
 0001:00024510       ?OnActivateView@CView@@UAEXHPAV1@0@Z 00425510 f i SdiVC6View.obj
 0001:00024610       ?OnEndPrinting@CView@@UAEXPAVCDCMTL@@PAUCPrintInfo@@@Z 00425610 f i SdiVC6View.obj
 0001:00024610       ?OnActivateFrame@CView@@UAEXIPAVCFrameWnd@@@Z 00425610 f i SdiVC6View.obj
 0001:00024610       ?OnBeginPrinting@CView@@UAEXPAVCDCMTL@@PAUCPrintInfo@@@Z 00425610 f i SdiVC6View.obj
 0001:00024610       ?OnBarStyleChange@CControlBar@@UAEXKK@Z 00425610 f i SdiVC6View.obj
 0001:00024610       ?OnUpdateCmdUI@CDockBar@@UAEXPAVCFrameWnd@@H@Z 00425610 f i SdiVC6View.obj
 0001:00024620       ?OnInitialUpdate@CView@@UAEXXZ 00425620 f i SdiVC6View.obj
 0001:00024630       ?OnPrint@CView@@UAEXPAVCDCMTL@@PAUCPrintInfo@@@Z 00425630 f i SdiVC6View.obj
 0001:00024640       ?OnPrepareDC@CView@@UAEXPAVCDCMTL@@PAUCPrintInfo@@@Z 00425640 f i SdiVC6View.obj
 0001:00024670       ?OnPreparePrinting@CView@@UAEHPAUCPrintInfo@@@Z 00425670 f i SdiVC6View.obj
 0001:00024680       ?OnScrollBy@CView@@UAEHVCSize@WTL@@H@Z 00425680 f i SdiVC6View.obj
 0001:00024680       ?OnScroll@CView@@UAEHIIH@Z 00425680 f i SdiVC6View.obj
 0001:00024690       ?OnUpdate@CView@@UAEXPAV1@JPAVCObject@@@Z 00425690 f i SdiVC6View.obj
 0001:000246b0       ?PostNcDestroy@CFrameWnd@@UAEXXZ 004256b0 f i SdiVC6View.obj
 0001:000246b0       ?PostNcDestroy@CView@@UAEXXZ 004256b0 f i SdiVC6View.obj
 0001:000246c0       ?PreCreateWindow@CView@@UAEHAAUtagCREATESTRUCTA@@@Z 004256c0 f i SdiVC6View.obj
 0001:00024a10       ??_ECView@@UAEPAXI@Z       00425a10 f i SdiVC6View.obj
 0001:00024a10       ??_GCView@@UAEPAXI@Z       00425a10 f i SdiVC6View.obj
 0001:00024a30       ?_ProcessWindowMessage@CView@@UAEHPAUHWND__@@IIJAAJ@Z 00425a30 f i SdiVC6View.obj
 0001:00024db0       ??_9@$BIM@AE               00425db0 f i SdiVC6View.obj
 0001:00024dc0       ??0CPaintDCMTL@@QAE@PAVCWMHnd@@@Z 00425dc0 f i SdiVC6View.obj
 0001:00024e20       ??1CPaintDCMTL@@UAE@XZ     00425e20 f i SdiVC6View.obj
 0001:00024f00       ??_ECPaintDCMTL@@UAEPAXI@Z 00425f00 f i SdiVC6View.obj
 0001:00024f00       ??_GCPaintDCMTL@@UAEPAXI@Z 00425f00 f i SdiVC6View.obj
 0001:00024f20       ?SetActiveView@CFrameWnd@@QAEXPAVCView@@H@Z 00425f20 f i SdiVC6View.obj
 0001:00024f70       ?OnEndPrintPreview@CView@@UAEXPAVCDCMTL@@PAUCPrintInfo@@UtagPOINT@@PAVCPreviewView@@@Z 00425f70 f i SdiVC6View.obj
 0001:00025140       ?OnChangedViewList@CDocument@@QAEXXZ 00426140 f i SdiVC6View.obj
 0001:000253d0       ??1CView@@UAE@XZ           004263d0 f i SdiVC6View.obj
 0001:000255b0       ?OnCmdMsg@CView@@UAEHIHPAXPAUAFX_CMDHANDLERINFO@@@Z 004265b0 f i SdiVC6View.obj
 0001:000260f0       ?GetRuntimeClass@CCmdTarget@@UBEPAUCRuntimeClass@@XZ 004270f0 f   StdAfx.obj
 0001:00026100       ?CreateObject@CWnd@@SAPAVCObject@@XZ 00427100 f   StdAfx.obj
 0001:00026140       ?GetRuntimeClass@CWnd@@UBEPAUCRuntimeClass@@XZ 00427140 f   StdAfx.obj
 0001:00026150       ?GetRuntimeClass@CDialog@@UBEPAUCRuntimeClass@@XZ 00427150 f   StdAfx.obj
 0001:00026160       ?CreateObject@CFrameWnd@@SAPAVCObject@@XZ 00427160 f   StdAfx.obj
 0001:00026310       ?GetRuntimeClass@CFrameWnd@@UBEPAUCRuntimeClass@@XZ 00427310 f   StdAfx.obj
 0001:00026320       ?GetRuntimeClass@CView@@UBEPAUCRuntimeClass@@XZ 00427320 f   StdAfx.obj
 0001:00026330       ?GetRuntimeClass@CSingleDocTemplate@@UBEPAUCRuntimeClass@@XZ 00427330 f   StdAfx.obj
 0001:00026340       ?GetRuntimeClass@CControlBar@@UBEPAUCRuntimeClass@@XZ 00427340 f   StdAfx.obj
 0001:00026350       ?GetRuntimeClass@CDockBar@@UBEPAUCRuntimeClass@@XZ 00427350 f   StdAfx.obj
 0001:00026360       ?GetRuntimeClass@CToolBar@@UBEPAUCRuntimeClass@@XZ 00427360 f   StdAfx.obj
 0001:00026370       ?CreateObject@CMiniFrameWnd@@SAPAVCObject@@XZ 00427370 f   StdAfx.obj
 0001:000264d0       ?GetRuntimeClass@CMiniFrameWnd@@UBEPAUCRuntimeClass@@XZ 004274d0 f   StdAfx.obj
 0001:000264e0       ?CreateObject@CMiniDockFrameWnd@@SAPAVCObject@@XZ 004274e0 f   StdAfx.obj
 0001:000266b0       ?GetRuntimeClass@CMiniDockFrameWnd@@UBEPAUCRuntimeClass@@XZ 004276b0 f   StdAfx.obj
 0001:000266c0       ?GetRuntimeClass@CFileDialogMTL@@UBEPAUCRuntimeClass@@XZ 004276c0 f   StdAfx.obj
 0001:000266d0       ?GetRuntimeClass@CToolTipCtrlMTL@@UBEPAUCRuntimeClass@@XZ 004276d0 f   StdAfx.obj
 0001:000266e0       _WinMain@16                004276e0 f   StdAfx.obj
 0001:00026a20       ?AtlModuleInit@ATL@@YGJPAU_ATL_MODULE@1@PAU_ATL_OBJMAP_ENTRY@1@PAUHINSTANCE__@@@Z 00427a20 f i StdAfx.obj
 0001:00026ab0       ?_AtlGetStringResourceImage@CAfx@@SAPBUATLSTRINGRESOURCEIMAGE@@PAUHINSTANCE__@@PAUHRSRC__@@I@Z 00427ab0 f i StdAfx.obj
 0001:00026b20       ??1CMiniFrameWnd@@UAE@XZ   00427b20 f i StdAfx.obj
 0001:00026cd0       ?Create@CMiniFrameWnd@@UAEHPBD0KABUtagRECT@@PAVCWnd@@I@Z 00427cd0 f i StdAfx.obj
 0001:00026d00       ?CreateEx@CMiniFrameWnd@@UAEHKPBD0KABUtagRECT@@PAVCWnd@@I@Z 00427d00 f i StdAfx.obj
 0001:00026fa0       ?PreCreateWindow@CMiniFrameWnd@@UAEHAAUtagCREATESTRUCTA@@@Z 00427fa0 f i StdAfx.obj
 0001:000272c0       ??_GCMiniFrameWnd@@UAEPAXI@Z 004282c0 f i StdAfx.obj
 0001:000272c0       ??_ECMiniFrameWnd@@UAEPAXI@Z 004282c0 f i StdAfx.obj
 0001:000272e0       ?_ProcessWindowMessage@CMiniFrameWnd@@UAEHPAUHWND__@@IIJAAJ@Z 004282e0 f i StdAfx.obj
 0001:000277b0       ?HandleFloatingSysCommand@CWnd@@QAEHIJ@Z 004287b0 f i StdAfx.obj
 0001:00027a20       ?OnFloatStatus@CMiniFrameWnd@@QAEJIJ@Z 00428a20 f i StdAfx.obj
 0001:00027b10       ?OnQueryCenterWnd@CMiniFrameWnd@@QAEJIJ@Z 00428b10 f i StdAfx.obj
 0001:00027b40       ?RecalcLayout@CMiniDockFrameWnd@@UAEXH@Z 00428b40 f i StdAfx.obj
 0001:00027cc0       ??_ECMiniDockFrameWnd@@UAEPAXI@Z 00428cc0 f i StdAfx.obj
 0001:00027cc0       ??_GCMiniDockFrameWnd@@UAEPAXI@Z 00428cc0 f i StdAfx.obj
 0001:00027ce0       ??1CMiniDockFrameWnd@@UAE@XZ 00428ce0 f i StdAfx.obj
 0001:00027ec0       ?Remove@?$CList@PAVCFrameWnd@@ABQAV1@@@QAEXABQAVCFrameWnd@@@Z 00428ec0 f i StdAfx.obj
 0001:00027f20       ?_ProcessWindowMessage@CMiniDockFrameWnd@@UAEHPAUHWND__@@IIJAAJ@Z 00428f20 f i StdAfx.obj
 0001:000281d0       ?ActivateTopParent@CWnd@@QAEXXZ 004291d0 f i StdAfx.obj
 0001:000282f0       ?ShowControlBar@CFrameWnd@@QAEXPAVCControlBar@@HH@Z 004292f0 f i StdAfx.obj
 0001:00028530       ?AddFrameWnd@CFrameWnd@@QAEXXZ 00429530 f i StdAfx.obj
 0001:00028590       _GetFileTitleA@12          00429590 f   comdlg32:comdlg32.dll
 0001:00028596       _GetSaveFileNameA@4        00429596 f   comdlg32:comdlg32.dll
 0001:0002859c       _GetOpenFileNameA@4        0042959c f   comdlg32:comdlg32.dll
 0001:000285a2       ??3@YAXPAX@Z               004295a2 f   LIBCMT:delete.obj
 0001:000285ad       ??2@YAPAXI@Z               004295ad f   LIBCMT:new.obj
 0001:000285bb       ?_JumpToContinuation@@YGXPAXPAUEHRegistrationNode@@@Z 004295bb f   LIBCMT:trnsctrl.obj
 0001:000285ef       ?_CallMemberFunction0@@YGXPAX0@Z 004295ef f   LIBCMT:trnsctrl.obj
 0001:000285ef       ?_CallMemberFunction1@@YGXPAX00@Z 004295ef f   LIBCMT:trnsctrl.obj
 0001:000285f6       ?_CallMemberFunction2@@YGXPAX00H@Z 004295f6 f   LIBCMT:trnsctrl.obj
 0001:000285fd       ?_UnwindNestedFrames@@YGXPAUEHRegistrationNode@@PAUEHExceptionRecord@@@Z 004295fd f   LIBCMT:trnsctrl.obj
 0001:0002864c       ___CxxFrameHandler         0042964c f   LIBCMT:trnsctrl.obj
 0001:00028682       ?_CallCatchBlock2@@YAPAXPAUEHRegistrationNode@@PBU_s_FuncInfo@@PAXHK@Z 00429682 f   LIBCMT:trnsctrl.obj
 0001:000286fb       ?_CallSETranslator@@YAHPAUEHExceptionRecord@@PAUEHRegistrationNode@@PAX2PBU_s_FuncInfo@@H1@Z 004296fb f   LIBCMT:trnsctrl.obj
 0001:00028826       ?_GetRangeOfTrysToCheck@@YAPBU_s_TryBlockMapEntry@@PBU_s_FuncInfo@@HHPAI1@Z 00429826 f   LIBCMT:trnsctrl.obj
 0001:000288a4       __global_unwind2           004298a4 f   LIBCMT:exsup.obj
 0001:000288e6       __local_unwind2            004298e6 f   LIBCMT:exsup.obj
 0001:0002893e       __NLG_Return2              0042993e f   LIBCMT:exsup.obj
 0001:0002894e       __abnormal_termination     0042994e f   LIBCMT:exsup.obj
 0001:00028971       __NLG_Notify1              00429971 f   LIBCMT:exsup.obj
 0001:0002897a       __NLG_Notify               0042997a f   LIBCMT:exsup.obj
 0001:0002898d       __NLG_Dispatch             0042998d f   LIBCMT:exsup.obj
 0001:00028992       __onexit                   00429992 f   LIBCMT:onexit.obj
 0001:00028a10       _atexit                    00429a10 f   LIBCMT:onexit.obj
 0001:00028a22       ___onexitinit              00429a22 f   LIBCMT:onexit.obj
 0001:00028a51       __purecall                 00429a51 f   LIBCMT:purevirt.obj
 0001:00028a5a       _free                      00429a5a f   LIBCMT:free.obj
 0001:00028b43       ??_M@YGXPAXIHP6EX0@Z@Z     00429b43 f   LIBCMT:ehvecdtr.obj
 0001:00028bc3       ?__ArrayUnwind@@YGXPAXIHP6EX0@Z@Z 00429bc3 f   LIBCMT:ehvecdtr.obj
 0001:00028c21       __mbscmp                   00429c21 f   LIBCMT:mbscmp.obj
 0001:00028cd0       _calloc                    00429cd0 f   LIBCMT:calloc.obj
 0001:00028e10       _memmove                   00429e10 f   LIBCMT:memmove.obj
 0001:00029145       __mbschr                   0042a145 f   LIBCMT:mbschr.obj
 0001:000291dc       _malloc                    0042a1dc f   LIBCMT:malloc.obj
 0001:000291ee       __nh_malloc                0042a1ee f   LIBCMT:malloc.obj
 0001:0002921a       __heap_alloc               0042a21a f   LIBCMT:malloc.obj
 0001:00029316       __cinit                    0042a316 f   LIBCMT:crt0dat.obj
 0001:00029343       _exit                      0042a343 f   LIBCMT:crt0dat.obj
 0001:00029354       __exit                     0042a354 f   LIBCMT:crt0dat.obj
 0001:0002940a       __lockexit                 0042a40a f   LIBCMT:crt0dat.obj
 0001:00029413       __unlockexit               0042a413 f   LIBCMT:crt0dat.obj
 0001:00029436       __strdup                   0042a436 f   LIBCMT:strdup.obj
 0001:00029461       ??_L@YGXPAXIHP6EX0@Z1@Z    0042a461 f   LIBCMT:ehvecctr.obj
 0001:000294e3       __mbsrchr                  0042a4e3 f   LIBCMT:mbsrchr.obj
 0001:00029555       __mbscspn                  0042a555 f   LIBCMT:mbscspn.obj
 0001:000295e4       __mbsspn                   0042a5e4 f   LIBCMT:mbsspn.obj
 0001:00029680       __chkstk                   0042a680 f   LIBCMT:chkstk.obj
 0001:00029680       __alloca_probe             0042a680 f   LIBCMT:chkstk.obj
 0001:000296af       __ismbblead                0042a6af f   LIBCMT:ismbbyte.obj
 0001:000296f1       ??1type_info@@UAE@XZ       0042a6f1 f   LIBCMT:typinfo.obj
 0001:0002971a       ??_Gtype_info@@UAEPAXI@Z   0042a71a f i LIBCMT:typinfo.obj
 0001:0002971a       ??_Etype_info@@UAEPAXI@Z   0042a71a f i LIBCMT:typinfo.obj
 0001:00029736       __CxxThrowException@8      0042a736 f   LIBCMT:throw.obj
 0001:00029770       _mktime                    0042a770 f   LIBCMT:mktime.obj
 0001:00029962       __mbspbrk                  0042a962 f   LIBCMT:mbspbrk.obj
 0001:00029a00       __alldiv                   0042aa00 f   LIBCMT:lldiv.obj
 0001:00029ab0       __allmul                   0042aab0 f   LIBCMT:llmul.obj
 0001:00029af0       __allshr                   0042aaf0 f   LIBCMT:llshr.obj
 0001:00029b11       _WinMainCRTStartup         0042ab11 f   LIBCMT:wincrt0.obj
 0001:00029c19       __amsg_exit                0042ac19 f   LIBCMT:wincrt0.obj
 0001:00029c62       ___InternalCxxFrameHandler 0042ac62 f   LIBCMT:frame.obj
 0001:00029fb7       ___FrameUnwindToState      0042afb7 f   LIBCMT:frame.obj
 0001:0002a3ef       ?_DestructExceptionObject@@YAXPAUEHExceptionRecord@@E@Z 0042b3ef f   LIBCMT:frame.obj
 0001:0002a480       __CallSettingFrame@12      0042b480 f   LIBCMT:lowhelpr.obj
 0001:0002a4a7       __NLG_Return               0042b4a7 f   LIBCMT:lowhelpr.obj
 0001:0002a4cc       __mtinit                   0042b4cc f   LIBCMT:tidtable.obj
 0001:0002a520       __initptd                  0042b520 f   LIBCMT:tidtable.obj
 0001:0002a533       __getptd                   0042b533 f   LIBCMT:tidtable.obj
 0001:0002a59a       ?terminate@@YAXXZ          0042b59a f   LIBCMT:hooks.obj
 0001:0002a5fb       ?_inconsistency@@YAXXZ     0042b5fb f   LIBCMT:hooks.obj
 0001:0002a651       _realloc                   0042b651 f   LIBCMT:realloc.obj
 0001:0002a980       __msize                    0042b980 f   LIBCMT:msize.obj
 0001:0002aa6e       __GetLinkerVersion         0042ba6e f   LIBCMT:heapinit.obj
 0001:0002aa9b       ___heap_select             0042ba9b f   LIBCMT:heapinit.obj
 0001:0002abe3       __heap_init                0042bbe3 f   LIBCMT:heapinit.obj
 0001:0002ac40       ___sbh_heap_init           0042bc40 f   LIBCMT:sbheap.obj
 0001:0002ac88       ___sbh_find_block          0042bc88 f   LIBCMT:sbheap.obj
 0001:0002acb3       ___sbh_free_block          0042bcb3 f   LIBCMT:sbheap.obj
 0001:0002afdc       ___sbh_alloc_block         0042bfdc f   LIBCMT:sbheap.obj
 0001:0002b2e5       ___sbh_alloc_new_region    0042c2e5 f   LIBCMT:sbheap.obj
 0001:0002b396       ___sbh_alloc_new_group     0042c396 f   LIBCMT:sbheap.obj
 0001:0002b491       ___sbh_resize_block        0042c491 f   LIBCMT:sbheap.obj
 0001:0002b787       ___old_sbh_new_region      0042c787 f   LIBCMT:sbheap.obj
 0001:0002b8cb       ___old_sbh_release_region  0042c8cb f   LIBCMT:sbheap.obj
 0001:0002b921       ___old_sbh_decommit_pages  0042c921 f   LIBCMT:sbheap.obj
 0001:0002b9e3       ___old_sbh_find_block      0042c9e3 f   LIBCMT:sbheap.obj
 0001:0002ba3a       ___old_sbh_free_block      0042ca3a f   LIBCMT:sbheap.obj
 0001:0002ba7f       ___old_sbh_alloc_block     0042ca7f f   LIBCMT:sbheap.obj
 0001:0002bc87       ___old_sbh_alloc_block_from_page 0042cc87 f   LIBCMT:sbheap.obj
 0001:0002bdab       ___old_sbh_resize_block    0042cdab f   LIBCMT:sbheap.obj
 0001:0002be54       __mtinitlocks              0042ce54 f   LIBCMT:mlock.obj
 0001:0002be7d       __lock                     0042ce7d f   LIBCMT:mlock.obj
 0001:0002bede       __unlock                   0042cede f   LIBCMT:mlock.obj
 0001:0002befc       __except_handler3          0042cefc f   LIBCMT:exsup3.obj
 0001:0002bfb9       __seh_longjmp_unwind@4     0042cfb9 f   LIBCMT:exsup3.obj
 0001:0002bfd4       __setmbcp                  0042cfd4 f   LIBCMT:mbctype.obj
 0001:0002c3ac       ___initmbctable            0042d3ac f   LIBCMT:mbctype.obj
 0001:0002c3d0       _strcmp                    0042d3d0 f   LIBCMT:strcmp.obj
 0001:0002c454       __callnewh                 0042d454 f   LIBCMT:handler.obj
 0001:0002c470       _memset                    0042d470 f   LIBCMT:memset.obj
 0001:0002c4e0       _strchr                    0042d4e0 f   LIBCMT:strchr.obj
 0001:0002c4e6       ___from_strstr_to_strchr   0042d4e6 f   LIBCMT:strchr.obj
 0001:0002c5a0       _strcpy                    0042d5a0 f   LIBCMT:strcat.obj
 0001:0002c5b0       _strcat                    0042d5b0 f   LIBCMT:strcat.obj
 0001:0002c690       _strlen                    0042d690 f   LIBCMT:strlen.obj
 0001:0002c710       _strrchr                   0042d710 f   LIBCMT:strrchr.obj
 0001:0002c740       _strcspn                   0042d740 f   LIBCMT:strcspn.obj
 0001:0002c780       _strspn                    0042d780 f   LIBCMT:strspn.obj
 0001:0002c7be       ?__CxxUnhandledExceptionFilter@@YGJPAU_EXCEPTION_POINTERS@@@Z 0042d7be f   LIBCMT:unhandld.obj
 0001:0002c804       ?__CxxSetUnhandledExceptionFilter@@YAXXZ 0042d804 f   LIBCMT:unhandld.obj
 0001:0002c815       ?__CxxRestoreUnhandledExceptionFilter@@YAXXZ 0042d815 f   LIBCMT:unhandld.obj
 0001:0002c822       _gmtime                    0042d822 f   LIBCMT:gmtime.obj
 0001:0002c92c       _localtime                 0042d92c f   LIBCMT:localtim.obj
 0001:0002ca8c       ___tzset                   0042da8c f   LIBCMT:tzset.obj
 0001:0002cd41       __isindst                  0042dd41 f   LIBCMT:tzset.obj
 0001:0002d050       _strpbrk                   0042e050 f   LIBCMT:strpbrk.obj
 0001:0002d08a       __XcptFilter               0042e08a f   LIBCMT:winxfltr.obj
 0001:0002d202       __wincmdln                 0042e202 f   LIBCMT:wincmdln.obj
 0001:0002d25a       __setenvp                  0042e25a f   LIBCMT:stdenvp.obj
 0001:0002d313       __setargv                  0042e313 f   LIBCMT:stdargv.obj
 0001:0002d560       ___crtGetEnvironmentStringsA 0042e560 f   LIBCMT:a_env.obj
 0001:0002d692       __ioinit                   0042e692 f   LIBCMT:ioinit.obj
 0001:0002d84e       __FF_MSGBANNER             0042e84e f   LIBCMT:crt0msg.obj
 0001:0002d887       __NMSG_WRITE               0042e887 f   LIBCMT:crt0msg.obj
 0001:0002d9da       ?_ValidateRead@@YAHPBXI@Z  0042e9da f   LIBCMT:validate.obj
 0001:0002d9f6       ?_ValidateWrite@@YAHPAXI@Z 0042e9f6 f   LIBCMT:validate.obj
 0001:0002da12       ?_ValidateExecute@@YAHP6GHXZ@Z 0042ea12 f   LIBCMT:validate.obj
 0001:0002da2a       _abort                     0042ea2a f   LIBCMT:abort.obj
 0001:0002da50       _memcpy                    0042ea50 f   LIBCMT:memcpy.obj
 0001:0002dd85       _strtol                    0042ed85 f   LIBCMT:strtol.obj
 0001:0002dfb0       _strstr                    0042efb0 f   LIBCMT:strstr.obj
 0001:0002e030       _strncmp                   0042f030 f   LIBCMT:strncmp.obj
 0001:0002e068       ___crtLCMapStringA         0042f068 f   LIBCMT:a_map.obj
 0001:0002e28c       ___crtGetStringTypeA       0042f28c f   LIBCMT:a_str.obj
 0001:0002e3d5       _atol                      0042f3d5 f   LIBCMT:atox.obj
 0001:0002e460       _strncpy                   0042f460 f   LIBCMT:strncpy.obj
 0001:0002e55e       __getenv_lk                0042f55e f   LIBCMT:getenv.obj
 0001:0002e5db       ___crtMessageBoxA          0042f5db f   LIBCMT:crtmbox.obj
 0001:0002e664       _raise                     0042f664 f   LIBCMT:winsig.obj
 0001:0002e823       __errno                    0042f823 f   LIBCMT:dosmap.obj
 0001:0002e82c       _toupper                   0042f82c f   LIBCMT:toupper.obj
 0001:0002e89b       __toupper_lk               0042f89b f   LIBCMT:toupper.obj
 0001:0002e967       __isctype                  0042f967 f   LIBCMT:isctype.obj
 0001:0002e9dc       __mbsnbicoll               0042f9dc f   LIBCMT:mbsnbico.obj
 0001:0002ea1b       ___wtomb_environ           0042fa1b f   LIBCMT:wtombenv.obj
 0001:0002ea89       ___crtCompareStringA       0042fa89 f   LIBCMT:a_cmp.obj
 0001:0002ed31       ___crtsetenv               0042fd31 f   LIBCMT:setenv.obj
 0001:0002ef80       __strcmpi                  0042ff80 f   LIBCMT:stricmp.obj
 0001:0002ef80       __stricmp                  0042ff80 f   LIBCMT:stricmp.obj
 0001:0002f050       __strnicmp                 00430050 f   LIBCMT:strnicmp.obj
 0001:0002f160       __aulldiv                  00430160 f   LIBCMT:ulldiv.obj
 0001:0002f1d0       __aullrem                  004301d0 f   LIBCMT:ullrem.obj
 0001:0002f245       __tolower_lk               00430245 f   LIBCMT:tolower.obj
 0001:0002f310       _RtlUnwind@16              00430310 f   kernel32:KERNEL32.dll
 0002:00000000       __imp__RegQueryValueA@16   00432000     advapi32:ADVAPI32.dll
 0002:00000004       __imp__RegEnumKeyA@16      00432004     advapi32:ADVAPI32.dll
 0002:00000008       __imp__RegOpenKeyExA@20    00432008     advapi32:ADVAPI32.dll
 0002:0000000c       __imp__RegDeleteKeyA@8     0043200c     advapi32:ADVAPI32.dll
 0002:00000010       __imp__RegQueryValueExA@24 00432010     advapi32:ADVAPI32.dll
 0002:00000014       __imp__RegOpenKeyExW@20    00432014     advapi32:ADVAPI32.dll
 0002:00000018       __imp__RegCloseKey@4       00432018     advapi32:ADVAPI32.dll
 0002:0000001c       \177ADVAPI32_NULL_THUNK_DATA 0043201c     advapi32:ADVAPI32.dll
 0002:00000020       __imp__InitCommonControlsEx@4 00432020     comctl32:COMCTL32.dll
 0002:00000024       \177COMCTL32_NULL_THUNK_DATA 00432024     comctl32:COMCTL32.dll
 0002:00000028       __imp__GetDeviceCaps@8     00432028     gdi32:GDI32.dll
 0002:0000002c       __imp__SaveDC@4            0043202c     gdi32:GDI32.dll
 0002:00000030       __imp__RestoreDC@8         00432030     gdi32:GDI32.dll
 0002:00000034       __imp__TextOutA@20         00432034     gdi32:GDI32.dll
 0002:00000038       __imp__GetTextMetricsA@8   00432038     gdi32:GDI32.dll
 0002:0000003c       __imp__SelectObject@8      0043203c     gdi32:GDI32.dll
 0002:00000040       __imp__GetTextExtentPoint32A@16 00432040     gdi32:GDI32.dll
 0002:00000044       __imp__IntersectClipRect@20 00432044     gdi32:GDI32.dll
 0002:00000048       __imp__ExcludeClipRect@20  00432048     gdi32:GDI32.dll
 0002:0000004c       __imp__ExtTextOutA@32      0043204c     gdi32:GDI32.dll
 0002:00000050       __imp__SetBkColor@8        00432050     gdi32:GDI32.dll
 0002:00000054       __imp__DeleteObject@4      00432054     gdi32:GDI32.dll
 0002:00000058       __imp__GetCharWidthA@16    00432058     gdi32:GDI32.dll
 0002:0000005c       __imp__CreateFontA@56      0043205c     gdi32:GDI32.dll
 0002:00000060       __imp__GetBkColor@4        00432060     gdi32:GDI32.dll
 0002:00000064       __imp__CreatePatternBrush@4 00432064     gdi32:GDI32.dll
 0002:00000068       __imp__CreateBitmap@20     00432068     gdi32:GDI32.dll
 0002:0000006c       __imp__GetStockObject@4    0043206c     gdi32:GDI32.dll
 0002:00000070       __imp__GetClipBox@8        00432070     gdi32:GDI32.dll
 0002:00000074       __imp__SelectClipRgn@8     00432074     gdi32:GDI32.dll
 0002:00000078       __imp__PatBlt@24           00432078     gdi32:GDI32.dll
 0002:0000007c       __imp__SetRectRgn@20       0043207c     gdi32:GDI32.dll
 0002:00000080       __imp__CombineRgn@16       00432080     gdi32:GDI32.dll
 0002:00000084       __imp__CreateRectRgn@16    00432084     gdi32:GDI32.dll
 0002:00000088       __imp__CreateRectRgnIndirect@4 00432088     gdi32:GDI32.dll
 0002:0000008c       __imp__GetObjectA@12       0043208c     gdi32:GDI32.dll
 0002:00000090       __imp__StretchDIBits@52    00432090     gdi32:GDI32.dll
 0002:00000094       __imp__CreateCompatibleDC@4 00432094     gdi32:GDI32.dll
 0002:00000098       __imp__CreateCompatibleBitmap@12 00432098     gdi32:GDI32.dll
 0002:0000009c       __imp__DeleteDC@4          0043209c     gdi32:GDI32.dll
 0002:000000a0       \177GDI32_NULL_THUNK_DATA  004320a0     gdi32:GDI32.dll
 0002:000000a4       __imp__CompareStringA@24   004320a4     kernel32:KERNEL32.dll
 0002:000000a8       __imp__LoadLibraryA@4      004320a8     kernel32:KERNEL32.dll
 0002:000000ac       __imp__GetStringTypeW@16   004320ac     kernel32:KERNEL32.dll
 0002:000000b0       __imp__GetStringTypeA@20   004320b0     kernel32:KERNEL32.dll
 0002:000000b4       __imp__LCMapStringW@24     004320b4     kernel32:KERNEL32.dll
 0002:000000b8       __imp__LCMapStringA@24     004320b8     kernel32:KERNEL32.dll
 0002:000000bc       __imp__IsBadCodePtr@4      004320bc     kernel32:KERNEL32.dll
 0002:000000c0       __imp__IsBadReadPtr@8      004320c0     kernel32:KERNEL32.dll
 0002:000000c4       __imp__GetFileType@4       004320c4     kernel32:KERNEL32.dll
 0002:000000c8       __imp__GetStdHandle@4      004320c8     kernel32:KERNEL32.dll
 0002:000000cc       __imp__SetHandleCount@4    004320cc     kernel32:KERNEL32.dll
 0002:000000d0       __imp__GetEnvironmentStringsW@0 004320d0     kernel32:KERNEL32.dll
 0002:000000d4       __imp__GetEnvironmentStrings@0 004320d4     kernel32:KERNEL32.dll
 0002:000000d8       __imp__FreeEnvironmentStringsW@4 004320d8     kernel32:KERNEL32.dll
 0002:000000dc       __imp__FreeEnvironmentStringsA@4 004320dc     kernel32:KERNEL32.dll
 0002:000000e0       __imp__UnhandledExceptionFilter@4 004320e0     kernel32:KERNEL32.dll
 0002:000000e4       __imp__GetTimeZoneInformation@4 004320e4     kernel32:KERNEL32.dll
 0002:000000e8       __imp__SetUnhandledExceptionFilter@4 004320e8     kernel32:KERNEL32.dll
 0002:000000ec       __imp__GetOEMCP@0          004320ec     kernel32:KERNEL32.dll
 0002:000000f0       __imp__GetACP@0            004320f0     kernel32:KERNEL32.dll
 0002:000000f4       __imp__CompareStringW@24   004320f4     kernel32:KERNEL32.dll
 0002:000000f8       __imp__EnterCriticalSection@4 004320f8     kernel32:KERNEL32.dll
 0002:000000fc       __imp__IsBadWritePtr@8     004320fc     kernel32:KERNEL32.dll
 0002:00000100       __imp__VirtualAlloc@16     00432100     kernel32:KERNEL32.dll
 0002:00000104       __imp__VirtualFree@12      00432104     kernel32:KERNEL32.dll
 0002:00000108       __imp__HeapCreate@12       00432108     kernel32:KERNEL32.dll
 0002:0000010c       __imp__GetVersionExA@4     0043210c     kernel32:KERNEL32.dll
 0002:00000110       __imp__GetEnvironmentVariableA@12 00432110     kernel32:KERNEL32.dll
 0002:00000114       __imp__HeapSize@12         00432114     kernel32:KERNEL32.dll
 0002:00000118       __imp__HeapReAlloc@16      00432118     kernel32:KERNEL32.dll
 0002:0000011c       __imp__TlsGetValue@4       0043211c     kernel32:KERNEL32.dll
 0002:00000120       __imp__TlsAlloc@0          00432120     kernel32:KERNEL32.dll
 0002:00000124       __imp__TlsSetValue@8       00432124     kernel32:KERNEL32.dll
 0002:00000128       __imp__GetVersion@0        00432128     kernel32:KERNEL32.dll
 0002:0000012c       __imp__GetCommandLineA@0   0043212c     kernel32:KERNEL32.dll
 0002:00000130       __imp__GetStartupInfoA@4   00432130     kernel32:KERNEL32.dll
 0002:00000134       __imp__RaiseException@16   00432134     kernel32:KERNEL32.dll
 0002:00000138       __imp__TerminateProcess@8  00432138     kernel32:KERNEL32.dll
 0002:0000013c       __imp__ExitProcess@4       0043213c     kernel32:KERNEL32.dll
 0002:00000140       __imp__HeapAlloc@12        00432140     kernel32:KERNEL32.dll
 0002:00000144       __imp__HeapFree@12         00432144     kernel32:KERNEL32.dll
 0002:00000148       __imp__RtlUnwind@16        00432148     kernel32:KERNEL32.dll
 0002:0000014c       __imp__SetEnvironmentVariableA@8 0043214c     kernel32:KERNEL32.dll
 0002:00000150       __imp__InitializeCriticalSection@4 00432150     kernel32:KERNEL32.dll
 0002:00000154       __imp__DeleteCriticalSection@4 00432154     kernel32:KERNEL32.dll
 0002:00000158       __imp__HeapDestroy@4       00432158     kernel32:KERNEL32.dll
 0002:0000015c       __imp__DeleteFileA@4       0043215c     kernel32:KERNEL32.dll
 0002:00000160       __imp__SetFilePointer@16   00432160     kernel32:KERNEL32.dll
 0002:00000164       __imp__WriteFile@20        00432164     kernel32:KERNEL32.dll
 0002:00000168       __imp__ReadFile@20         00432168     kernel32:KERNEL32.dll
 0002:0000016c       __imp__CreateFileA@28      0043216c     kernel32:KERNEL32.dll
 0002:00000170       __imp__GetFileTime@16      00432170     kernel32:KERNEL32.dll
 0002:00000174       __imp__GetFileSize@8       00432174     kernel32:KERNEL32.dll
 0002:00000178       __imp__FileTimeToLocalFileTime@8 00432178     kernel32:KERNEL32.dll
 0002:0000017c       __imp__FileTimeToSystemTime@8 0043217c     kernel32:KERNEL32.dll
 0002:00000180       __imp__GetFileAttributesA@4 00432180     kernel32:KERNEL32.dll
 0002:00000184       __imp__WritePrivateProfileStringA@16 00432184     kernel32:KERNEL32.dll
 0002:00000188       __imp__GetCurrentDirectoryA@8 00432188     kernel32:KERNEL32.dll
 0002:0000018c       __imp__GetPrivateProfileStringA@24 0043218c     kernel32:KERNEL32.dll
 0002:00000190       __imp__LoadLibraryExA@12   00432190     kernel32:KERNEL32.dll
 0002:00000194       __imp__GetLastError@0      00432194     kernel32:KERNEL32.dll
 0002:00000198       __imp__GetModuleFileNameA@12 00432198     kernel32:KERNEL32.dll
 0002:0000019c       __imp__lstrcpyA@8          0043219c     kernel32:KERNEL32.dll
 0002:000001a0       __imp__lstrcatA@8          004321a0     kernel32:KERNEL32.dll
 0002:000001a4       __imp__GetFullPathNameA@16 004321a4     kernel32:KERNEL32.dll
 0002:000001a8       __imp__GetVolumeInformationA@32 004321a8     kernel32:KERNEL32.dll
 0002:000001ac       __imp__FindFirstFileA@8    004321ac     kernel32:KERNEL32.dll
 0002:000001b0       __imp__FindClose@4         004321b0     kernel32:KERNEL32.dll
 0002:000001b4       __imp__GetStringTypeExA@20 004321b4     kernel32:KERNEL32.dll
 0002:000001b8       __imp__GetThreadLocale@0   004321b8     kernel32:KERNEL32.dll
 0002:000001bc       __imp__lstrcmpiA@8         004321bc     kernel32:KERNEL32.dll
 0002:000001c0       __imp__GlobalDeleteAtom@4  004321c0     kernel32:KERNEL32.dll
 0002:000001c4       __imp__CloseHandle@4       004321c4     kernel32:KERNEL32.dll
 0002:000001c8       __imp__GetModuleHandleA@4  004321c8     kernel32:KERNEL32.dll
[...]
 0003:00000444       ??_C@_07IJJI@CDialog?$AA@  00437444     StdAfx.obj
 0003:0000044c       ??_C@_04MBPC@CWnd?$AA@     0043744c     StdAfx.obj
 0003:00000454       ??_C@_0L@MION@CCmdTarget?$AA@ 00437454     StdAfx.obj
 0003:00000460       ??_C@_07EFMO@CObject?$AA@  00437460     StdAfx.obj
 0003:00000468       ?GUID_ATLVer30@ATL@@3U_GUID@@A 00437468     StdAfx.obj
 0003:00000478       ??_C@_04CLNG@?4INI?$AA@    00437478     StdAfx.obj
 0003:00000480       ??_C@_04DMK@?4HLP?$AA@     00437480     StdAfx.obj
 0003:00000488       ??_C@_04MCON@?4CHM?$AA@    00437488     StdAfx.obj
 0003:00000490       __NLG_Destination          00437490     LIBCMT:exsup.obj
 0003:000004a0       ??_R0?AVtype_info@@@8      004374a0     LIBCMT:typinfo.obj
 0003:000004b8       ?__pMyUnhandledExceptionFilter@@3PAXA 004374b8     LIBCMT:throw.obj
 0003:000004c0       __aexit_rtn                004374c0     LIBCMT:wincrt0.obj
 0003:000004c4       ___app_type                004374c4     LIBCMT:wincrt0.obj
 0003:000004d0       ___tlsindex                004374d0     LIBCMT:tidtable.obj
 0003:000004d4       ?__pInconsistency@@3P6AXXZA 004374d4     LIBCMT:hooks.obj
 0003:000004d8       __amblksiz                 004374d8     LIBCMT:heapinit.obj
 0003:000004e0       ___old_small_block_heap    004374e0     LIBCMT:sbheap.obj
 0003:00002504       ___old_sbh_threshold       00439504     LIBCMT:sbheap.obj
 0003:00002508       __locktable                00439508     LIBCMT:mlock.obj
 0003:000026c0       __pctype                   004396c0     LIBCMT:ctype.obj
 0003:000026c4       __pwctype                  004396c4     LIBCMT:ctype.obj
 0003:000026c8       __ctype                    004396c8     LIBCMT:ctype.obj
 0003:000028cc       __timezone                 004398cc     LIBCMT:timeset.obj
 0003:000028d0       __daylight                 004398d0     LIBCMT:timeset.obj
 0003:000028d4       __dstbias                  004398d4     LIBCMT:timeset.obj
 0003:00002958       __tzname                   00439958     LIBCMT:timeset.obj
 0003:0000297c       __lpdays                   0043997c     LIBCMT:days.obj
 0003:000029b0       __days                     004399b0     LIBCMT:days.obj
 0003:000029f0       __XcptActTab               004399f0     LIBCMT:winxfltr.obj
 0003:00002a68       __First_FPE_Indx           00439a68     LIBCMT:winxfltr.obj
 0003:00002a6c       __Num_FPE                  00439a6c     LIBCMT:winxfltr.obj
 0003:00002a70       __XcptActTabSize           00439a70     LIBCMT:winxfltr.obj
 0003:00002a74       __XcptActTabCount          00439a74     LIBCMT:winxfltr.obj
 0003:00002a78       ___badioinfo               00439a78     LIBCMT:ioinit.obj
 0003:00002c98       ___mb_cur_max              00439c98     LIBCMT:nlsdata1.obj
 0003:00002c9c       ___decimal_point           00439c9c     LIBCMT:nlsdata1.obj
 0003:00002ca0       ___decimal_point_length    00439ca0     LIBCMT:nlsdata1.obj
 0003:00002db0       ___lc_time_curr            00439db0     LIBCMT:strftime.obj
 0003:00002db8       ___lc_time_c               00439db8     LIBCMT:strftime.obj
 0003:00002e68       ___lconv_static_decimal    00439e68     LIBCMT:lconv.obj
 0003:00002e70       ___lconv_c                 00439e70     LIBCMT:lconv.obj
 0003:00002ea0       ___lconv                   00439ea0     LIBCMT:lconv.obj
 0003:00002eb0       ?_pModule@ATL@@3PAVCComModule@1@A 00439eb0     MainFrm.obj
 0003:00002eb8       ?cwp@?1??GetHookOldCbtFilter@CWnd@@SAAAU_CreateWindowParam@2@XZ@4U32@A 00439eb8     MainFrm.obj
 0003:00002ec4       ??_C@_00A@?$AA@            00439ec4     MainFrm.obj
 0003:00002ec8       ?hHalftoneBrush@?1??HalftoneBrush@CAfx@@SAPAUHBRUSH__@@H@Z@4PAU3@A 00439ec8     MainFrm.obj
 0003:00002ed0       ?theApp@@3VCSdiVC6App@@A   00439ed0     SdiVC6.obj
 0003:00003014       ?_afxMsgSETRGB@?1??_AfxCommDlgProc@CCommonDialog@@SGKPAUHWND__@@IIJ@Z@4IA 0043a014     SdiVC6.obj
 0003:00003018       ?_afxMsgHELP@?1??_AfxCommDlgProc@CCommonDialog@@SGKPAUHWND__@@IIJ@Z@4IA 0043a018     SdiVC6.obj
 0003:0000301c       ?_afxMsgFILEOK@?1??_AfxCommDlgProc@CCommonDialog@@SGKPAUHWND__@@IIJ@Z@4IA 0043a01c     SdiVC6.obj
 0003:00003020       ?_afxMsgSHAREVI@?1??_AfxCommDlgProc@CCommonDialog@@SGKPAUHWND__@@IIJ@Z@4IA 0043a020     SdiVC6.obj
 0003:00003024       ?_afxMsgLBSELCHANGE@?1??_AfxCommDlgProc@CCommonDialog@@SGKPAUHWND__@@IIJ@Z@4IA 0043a024     SdiVC6.obj
 0003:00003028       ?m_pCWinApp@CWinApp@@2PAV1@A 0043a028     StdAfx.obj
 0003:00003030       ?rectDefault@CFrameWnd@@2VCRect@WTL@@B 0043a030     StdAfx.obj
 0003:00003040       ?_AtlWinModule@@3VCComModule@ATL@@A 0043a040     StdAfx.obj
 0003:000030c8       ?wndTopMost@CWMHnd@@2V1@B  0043a0c8     StdAfx.obj
 0003:000030f0       ?wndBottom@CWMHnd@@2V1@B   0043a0f0     StdAfx.obj
 0003:00003118       ?wndTop@CWMHnd@@2V1@B      0043a118     StdAfx.obj
 0003:00003140       ?wndNoTopMost@CWMHnd@@2V1@B 0043a140     StdAfx.obj
 0003:00003168       __umaskval                 0043a168     LIBCMT:crt0dat.obj
 0003:0000316c       __osver                    0043a16c     LIBCMT:crt0dat.obj
 0003:00003170       __winver                   0043a170     LIBCMT:crt0dat.obj
 0003:00003174       __winmajor                 0043a174     LIBCMT:crt0dat.obj
 0003:00003178       __winminor                 0043a178     LIBCMT:crt0dat.obj
 0003:0000317c       ___argc                    0043a17c     LIBCMT:crt0dat.obj
 0003:00003180       ___argv                    0043a180     LIBCMT:crt0dat.obj
 0003:00003184       ___wargv                   0043a184     LIBCMT:crt0dat.obj
 0003:00003188       __environ                  0043a188     LIBCMT:crt0dat.obj
 0003:0000318c       ___initenv                 0043a18c     LIBCMT:crt0dat.obj
 0003:00003190       __wenviron                 0043a190     LIBCMT:crt0dat.obj
 0003:00003194       ___winitenv                0043a194     LIBCMT:crt0dat.obj
 0003:00003198       __pgmptr                   0043a198     LIBCMT:crt0dat.obj
 0003:0000319c       __wpgmptr                  0043a19c     LIBCMT:crt0dat.obj
 0003:000031a0       __exitflag                 0043a1a0     LIBCMT:crt0dat.obj
 0003:000031a4       __C_Termination_Done       0043a1a4     LIBCMT:crt0dat.obj
 0003:000031a8       __C_Exit_Done              0043a1a8     LIBCMT:crt0dat.obj
 0003:000031ac       __aenvptr                  0043a1ac     LIBCMT:wincrt0.obj
 0003:000031b0       __wenvptr                  0043a1b0     LIBCMT:wincrt0.obj
 0003:000031b4       ___error_mode              0043a1b4     LIBCMT:wincrt0.obj
 0003:00003224       ?_pnhHeap@@3P6AHI@ZA       0043a224     LIBCMT:handler.obj
 0003:00003228       __newmode                  0043a228     LIBCMT:_newmode.obj
 0003:0000341c       __adbgmsg                  0043a41c     LIBCMT:crt0msg.obj
 0003:00003420       ___lc_handle               0043a420     LIBCMT:nlsdata2.obj
 0003:00003438       ___lc_codepage             0043a438     LIBCMT:nlsdata2.obj
 0003:0000343c       ___lc_collate_cp           0043a43c     LIBCMT:nlsdata2.obj
 0003:00003478       ___lc_time_intl            0043a478     LIBCMT:inittime.obj
 0003:00003494       ___lc_id                   0043a494     LIBCMT:nlsdata3.obj
 0003:000034e4       ___lconv_static_null       0043a4e4     LIBCMT:lconv.obj
 0003:000034f4       ?$S5@?1??GetCException@CAfx@@SAAAVCException@@H@Z@4EA 0043a4f4     <common>
 0003:000034f8       ?_simpleInvalidArgException@?1??GetCException@CAfx@@SAAAVCException@@H@Z@4VCInvalidArgException@@A 0043a4f8     <common>
 0003:00003500       ?_simpleMemoryException@?1??GetCException@CAfx@@SAAAVCException@@H@Z@4VCMemoryException@@A 0043a500     <common>
 0003:00003508       ?_simpleNotSupportedException@?1??GetCException@CAfx@@SAAAVCException@@H@Z@4VCNotSupportedException@@A 0043a508     <common>
 0003:00003510       ?_simpleResourceException@?1??GetCException@CAfx@@SAAAVCException@@H@Z@4VCResourceException@@A 0043a510     <common>
 0003:00003518       ?m_lastSentMsg@?1??GetLastSentMsg@CCmdTarget@@SAAAPAUtagMSG@@XZ@4PAU3@A 0043a518     <common>
 0003:0000351c       ?$S55@?1??GetCModuleState@CWinApp@@SAPAVCModuleState@@XZ@4EA 0043a51c     <common>
 0003:00003520       ?cModuleState@?1??GetCModuleState@CWinApp@@SAPAVCModuleState@@XZ@4V3@A 0043a520     <common>
 0003:00003544       ?$S12@?1??GetAfxData@CAfx@@SAABU_AUX_DATA@@XZ@4EA 0043a544     <common>
 0003:00003560       ?_afxdata@?1??GetAfxData@CAfx@@SAABU_AUX_DATA@@XZ@4U3@A 0043a560     <common>
 0003:00003594       ___setlc_active            0043a594     <common>
 0003:00003598       ___unguarded_readlc_active 0043a598     <common>
 0003:000035a0       ___pioinfo                 0043a5a0     <common>
 0003:000036a0       __nhandle                  0043a6a0     <common>
 0003:000036a4       ___mbcodepage              0043a6a4     <common>
 0003:000036b0       ___mbulinfo                0043a6b0     <common>
 0003:000036bc       ___ismbcodepage            0043a6bc     <common>
 0003:000036c0       __mbcasemap                0043a6c0     <common>
 0003:000037c0       __mbctype                  0043a7c0     <common>
 0003:000038c4       ___mblcid                  0043a8c4     <common>
 0003:000038c8       ___sbh_sizeHeaderList      0043a8c8     <common>
 0003:000038cc       ___sbh_indGroupDefer       0043a8cc     <common>
 0003:000038d0       ___sbh_pHeaderScan         0043a8d0     <common>
 0003:000038d4       ___sbh_pHeaderDefer        0043a8d4     <common>
 0003:000038d8       ___sbh_cntHeaderList       0043a8d8     <common>
 0003:000038dc       ___sbh_pHeaderList         0043a8dc     <common>
 0003:000038e0       ___sbh_threshold           0043a8e0     <common>
 0003:000038e4       __crtheap                  0043a8e4     <common>
 0003:000038e8       ___active_heap             0043a8e8     <common>
 0003:000038ec       __acmdln                   0043a8ec     <common>
 0003:000038f0       ___env_initialized         0043a8f0     <common>
 0003:000038f4       ___mbctype_initialized     0043a8f4     <common>
 0003:000038f8       ___onexitend               0043a8f8     <common>
 0003:000038fc       ___onexitbegin             0043a8fc     <common>
 0003:00003900       __FPinit                   0043a900     <common>

 entry point at        0001:00029b11

 Static symbols

 0001:000256e0       _$E62                      004266e0 f   StdAfx.obj
 0001:000256f0       _$E58                      004266f0 f   StdAfx.obj
 0001:00025720       _$E61                      00426720 f   StdAfx.obj
 0001:00025730       _$E59                      00426730 f   StdAfx.obj
 0001:00025950       _$E67                      00426950 f   StdAfx.obj
 0001:00025960       _$E64                      00426960 f   StdAfx.obj
 0001:00025990       _$E66                      00426990 f   StdAfx.obj
 0001:000259a0       _$E65                      004269a0 f   StdAfx.obj
 0001:00025bc0       _$E72                      00426bc0 f   StdAfx.obj
 0001:00025bd0       _$E69                      00426bd0 f   StdAfx.obj
 0001:00025c10       _$E71                      00426c10 f   StdAfx.obj
 0001:00025c20       _$E70                      00426c20 f   StdAfx.obj
 0001:00025e40       _$E77                      00426e40 f   StdAfx.obj
 0001:00025e50       _$E74                      00426e50 f   StdAfx.obj
 0001:00025e90       _$E76                      00426e90 f   StdAfx.obj
 0001:00025ea0       _$E75                      00426ea0 f   StdAfx.obj
 0001:000260c0       _$E80                      004270c0 f   StdAfx.obj
 0001:000260d0       _$E79                      004270d0 f   StdAfx.obj
 0001:000180b0       _$E64                      004190b0 f   SdiVC6.obj
 0001:000180c0       _$E61                      004190c0 f   SdiVC6.obj
 0001:000180d0       _$E63                      004190d0 f   SdiVC6.obj
 0001:000180e0       _$E62                      004190e0 f   SdiVC6.obj
 0001:0002eeb8       _findenv                   0042feb8 f   LIBCMT:setenv.obj
 0001:0002ef10       _copy_environ              0042ff10 f   LIBCMT:setenv.obj
 0001:0002ed06       _strncnt                   0042fd06 f   LIBCMT:a_cmp.obj
 0001:0002e7e6       _siglookup                 0042f7e6 f   LIBCMT:winsig.obj
 0001:0002ed06       _strncnt                   0042fd06 f   LIBCMT:a_cmp.obj
 0001:0002dd9c       _strtoxl                   0042ed9c f   LIBCMT:strtol.obj
 0001:0002dac0       LeadUp1                    0042eac0 f   LIBCMT:memcpy.obj
 0001:0002daec       LeadUp2                    0042eaec f   LIBCMT:memcpy.obj
 0001:0002db10       LeadUp3                    0042eb10 f   LIBCMT:memcpy.obj
 0001:0002db8f       UnwindUp0                  0042eb8f f   LIBCMT:memcpy.obj
 0001:0002db7c       UnwindUp1                  0042eb7c f   LIBCMT:memcpy.obj
 0001:0002db74       UnwindUp2                  0042eb74 f   LIBCMT:memcpy.obj
 0001:0002db6c       UnwindUp3                  0042eb6c f   LIBCMT:memcpy.obj
 0001:0002db64       UnwindUp4                  0042eb64 f   LIBCMT:memcpy.obj
 0001:0002db5c       UnwindUp5                  0042eb5c f   LIBCMT:memcpy.obj
 0001:0002db54       UnwindUp6                  0042eb54 f   LIBCMT:memcpy.obj
 0001:0002db4c       UnwindUp7                  0042eb4c f   LIBCMT:memcpy.obj
 0001:0002dba8       TrailUp0                   0042eba8 f   LIBCMT:memcpy.obj
 0001:0002dbb0       TrailUp1                   0042ebb0 f   LIBCMT:memcpy.obj
 0001:0002dbbc       TrailUp2                   0042ebbc f   LIBCMT:memcpy.obj
 0001:0002dbd0       TrailUp3                   0042ebd0 f   LIBCMT:memcpy.obj
 0001:0002dc48       LeadDown1                  0042ec48 f   LIBCMT:memcpy.obj
 0001:0002dc68       LeadDown2                  0042ec68 f   LIBCMT:memcpy.obj
 0001:0002dc90       LeadDown3                  0042ec90 f   LIBCMT:memcpy.obj
 0001:0002dce4       UnwindDown7                0042ece4 f   LIBCMT:memcpy.obj
 0001:0002dcec       UnwindDown6                0042ecec f   LIBCMT:memcpy.obj
 0001:0002dcf4       UnwindDown5                0042ecf4 f   LIBCMT:memcpy.obj
 0001:0002dcfc       UnwindDown4                0042ecfc f   LIBCMT:memcpy.obj
 0001:0002dd04       UnwindDown3                0042ed04 f   LIBCMT:memcpy.obj
 0001:0002dd0c       UnwindDown2                0042ed0c f   LIBCMT:memcpy.obj
 0001:0002dd14       UnwindDown1                0042ed14 f   LIBCMT:memcpy.obj
 0001:0002dd27       UnwindDown0                0042ed27 f   LIBCMT:memcpy.obj
 0001:0002dd40       TrailDown0                 0042ed40 f   LIBCMT:memcpy.obj
 0001:0002dd48       TrailDown1                 0042ed48 f   LIBCMT:memcpy.obj
 0001:0002dd58       TrailDown2                 0042ed58 f   LIBCMT:memcpy.obj
 0001:0002dd6c       TrailDown3                 0042ed6c f   LIBCMT:memcpy.obj
 0001:0002d3ac       _parse_cmdline             0042e3ac f   LIBCMT:stdargv.obj
 0001:0002d1c8       _xcptlookup                0042e1c8 f   LIBCMT:winxfltr.obj
 0001:0002caba       __tzset_lk                 0042daba f   LIBCMT:tzset.obj
 0001:0002cd62       __isindst_lk               0042dd62 f   LIBCMT:tzset.obj
 0001:0002cf0e       _cvtdate                   0042df0e f   LIBCMT:tzset.obj
 0001:0002c181       _getSystemCP               0042d181 f   LIBCMT:mbctype.obj
 0001:0002c1cb       _CPtoLCID                  0042d1cb f   LIBCMT:mbctype.obj
 0001:0002c1fe       _setSBCS                   0042d1fe f   LIBCMT:mbctype.obj
 0001:0002c227       _setSBUpLow                0042d227 f   LIBCMT:mbctype.obj
 0001:00029cfd       ?FindHandler@@YAXPAUEHExceptionRecord@@PAUEHRegistrationNode@@PAU_CONTEXT@@PAXPBU_s_FuncInfo@@EH1@Z 0042acfd f   LIBCMT:frame.obj
 0001:00029eb0       ?FindHandlerForForeignException@@YAXPAUEHExceptionRecord@@PAUEHRegistrationNode@@PAU_CONTEXT@@PAXPBU_s_FuncInfo@@HH1@Z 0042aeb0 f   LIBCMT:frame.obj
 0001:00029f5a       ?TypeMatch@@YAHPBU_s_HandlerType@@PBU_s_CatchableType@@PBU_s_ThrowInfo@@@Z 0042af5a f   LIBCMT:frame.obj
 0001:0002a055       ?FrameUnwindFilter@@YAHPAU_EXCEPTION_POINTERS@@@Z 0042b055 f   LIBCMT:frame.obj
 0001:0002a06b       ?CatchIt@@YAXPAUEHExceptionRecord@@PAUEHRegistrationNode@@PAU_CONTEXT@@PAXPBU_s_FuncInfo@@PBU_s_HandlerType@@PBU_s_CatchableType@@PBU_s_TryBlockMapEntry@@H1E@Z 0042b06b f   LIBCMT:frame.obj
 0001:0002a0e6       ?CallCatchBlock@@YAPAXPAUEHExceptionRecord@@PAUEHRegistrationNode@@PAU_CONTEXT@@PBU_s_FuncInfo@@PAXHK@Z 0042b0e6 f   LIBCMT:frame.obj
 0001:0002a201       ?ExFilterRethrow@@YAHPAU_EXCEPTION_POINTERS@@@Z 0042b201 f   LIBCMT:frame.obj
 0001:0002a22b       ?BuildCatchObject@@YAXPAUEHExceptionRecord@@PAUEHRegistrationNode@@PBU_s_HandlerType@@PBU_s_CatchableType@@@Z 0042b22b f   LIBCMT:frame.obj
 0001:0002a456       ?AdjustPointer@@YAPAXPAXABUPMD@@@Z 0042b456 f   LIBCMT:frame.obj
 0001:00029c3e       _fast_error_exit           0042ac3e f   LIBCMT:wincrt0.obj
 0001:0002977e       __make_time_t              0042a77e f   LIBCMT:mktime.obj
 0001:000296c0       _x_ismbbtype               0042a6c0 f   LIBCMT:ismbbyte.obj
 0001:00029365       _doexit                    0042a365 f   LIBCMT:crt0dat.obj
 0001:0002941c       __initterm                 0042a41c f   LIBCMT:crt0dat.obj
 0001:00028e80       LeadUp1                    00429e80 f   LIBCMT:memmove.obj
 0001:00028eac       LeadUp2                    00429eac f   LIBCMT:memmove.obj
 0001:00028ed0       LeadUp3                    00429ed0 f   LIBCMT:memmove.obj
 0001:00028f4f       UnwindUp0                  00429f4f f   LIBCMT:memmove.obj
 0001:00028f3c       UnwindUp1                  00429f3c f   LIBCMT:memmove.obj
 0001:00028f34       UnwindUp2                  00429f34 f   LIBCMT:memmove.obj
 0001:00028f2c       UnwindUp3                  00429f2c f   LIBCMT:memmove.obj
 0001:00028f24       UnwindUp4                  00429f24 f   LIBCMT:memmove.obj
 0001:00028f1c       UnwindUp5                  00429f1c f   LIBCMT:memmove.obj
 0001:00028f14       UnwindUp6                  00429f14 f   LIBCMT:memmove.obj
 0001:00028f0c       UnwindUp7                  00429f0c f   LIBCMT:memmove.obj
 0001:00028f68       TrailUp0                   00429f68 f   LIBCMT:memmove.obj
 0001:00028f70       TrailUp1                   00429f70 f   LIBCMT:memmove.obj
 0001:00028f7c       TrailUp2                   00429f7c f   LIBCMT:memmove.obj
 0001:00028f90       TrailUp3                   00429f90 f   LIBCMT:memmove.obj
 0001:00029008       LeadDown1                  0042a008 f   LIBCMT:memmove.obj
 0001:00029028       LeadDown2                  0042a028 f   LIBCMT:memmove.obj
 0001:00029050       LeadDown3                  0042a050 f   LIBCMT:memmove.obj
 0001:000290a4       UnwindDown7                0042a0a4 f   LIBCMT:memmove.obj
 0001:000290ac       UnwindDown6                0042a0ac f   LIBCMT:memmove.obj
 0001:000290b4       UnwindDown5                0042a0b4 f   LIBCMT:memmove.obj
 0001:000290bc       UnwindDown4                0042a0bc f   LIBCMT:memmove.obj
 0001:000290c4       UnwindDown3                0042a0c4 f   LIBCMT:memmove.obj
 0001:000290cc       UnwindDown2                0042a0cc f   LIBCMT:memmove.obj
 0001:000290d4       UnwindDown1                0042a0d4 f   LIBCMT:memmove.obj
 0001:000290e7       UnwindDown0                0042a0e7 f   LIBCMT:memmove.obj
 0001:00029100       TrailDown0                 0042a100 f   LIBCMT:memmove.obj
 0001:00029108       TrailDown1                 0042a108 f   LIBCMT:memmove.obj
 0001:00029118       TrailDown2                 0042a118 f   LIBCMT:memmove.obj
 0001:0002912c       TrailDown3                 0042a12c f   LIBCMT:memmove.obj
 0001:0002a055       ?ArrayUnwindFilter@@YAHPAU_EXCEPTION_POINTERS@@@Z 0042b055 f   LIBCMT:frame.obj
 0001:000288bc       _gu_return                 004298bc f   LIBCMT:exsup.obj
 0001:000288c4       __unwind_handler           004298c4 f   LIBCMT:exsup.obj
 0001:000286d6       ?CatchGuardHandler@@YA?AW4_EXCEPTION_DISPOSITION@@PAUEHExceptionRecord@@PAUCatchGuardRN@@PAX2@Z 004296d6 f   LIBCMT:trnsctrl.obj
 0001:000287b1       ?TranslatorGuardHandler@@YA?AW4_EXCEPTION_DISPOSITION@@PAUEHExceptionRecord@@PAUTranslatorGuardRN@@PAX2@Z 004297b1 f   LIBCMT:trnsctrl.obj

 2359 bytes saved through ICF

