 DlgVC6

 Timestamp is 595b1416 (Tue Jul 04 13:05:42 2017)

 Preferred load address is 00400000

 Start         Length     Name                   Class
 0001:00000000 0000a556H .text                   CODE
 0001:0000a560 000001baH .text$x                 CODE
 0002:00000000 0000023cH .idata$5                DATA
 0002:00000240 00000989H .rdata                  DATA
 0002:00000bd0 00000200H .xdata$x                DATA
 0002:00000dd0 00000064H .idata$2                DATA
 0002:00000e34 00000014H .idata$3                DATA
 0002:00000e48 0000023cH .idata$4                DATA
 0002:00001084 00000998H .idata$6                DATA
 0002:00001a1c 00000000H .edata                  DATA
 0003:00000000 00000004H .CRT$XCA                DATA
 0003:00000004 00000018H .CRT$XCU                DATA
 0003:0000001c 00000004H .CRT$XCZ                DATA
 0003:00000020 00000004H .CRT$XIA                DATA
 0003:00000024 00000008H .CRT$XIC                DATA
 0003:0000002c 00000004H .CRT$XIY                DATA
 0003:00000030 00000004H .CRT$XIZ                DATA
 0003:00000034 00000004H .CRT$XPA                DATA
 0003:00000038 00000004H .CRT$XPZ                DATA
 0003:0000003c 00000004H .CRT$XTA                DATA
 0003:00000040 00000004H .CRT$XTB                DATA
 0003:00000044 00000004H .CRT$XTZ                DATA
 0003:00000050 00002ae8H .data                   DATA
 0003:00002b38 0000094cH .bss                    DATA
 0004:00000000 000005b0H .rsrc$01                DATA
 0004:000005b0 00002340H .rsrc$02                DATA

  Address         Publics by Value              Rva+Base     Lib:Object

 0001:00000000       ??0CDlgVC6App@@QAE@XZ      00401000 f   DlgVC6.obj
 0001:00000180       ?_ProcessWindowMessage@CDlgVC6App@@UAEHPAUHWND__@@IIJAAJ@Z 00401180 f i DlgVC6.obj
 0001:00000240       ??1CDlgVC6App@@QAE@XZ      00401240 f i DlgVC6.obj
 0001:000003a0       ?InitInstance@CDlgVC6App@@UAEHXZ 004013a0 f   DlgVC6.obj
 0001:000005e0       ??1CDlgVC6Dlg@@UAE@XZ      004015e0 f i DlgVC6.obj
 0001:00000630       ??1?$CList@PAUCRuntimeClass@@ABQAU1@@@QAE@XZ 00401630 f i DlgVC6.obj
 0001:00000630       ??1?$CList@PAVCFrameWnd@@ABQAV1@@@QAE@XZ 00401630 f i DlgVC6.obj
 0001:00000670       ??1?$CHandleHashList@PAUHWND__@@VCWMHnd@@PAU1@$0BB@@@QAE@XZ 00401670 f i DlgVC6.obj
 0001:00000680       ??1CString@WTL@@QAE@XZ     00401680 f i DlgVC6.obj
 0001:000006b0       ?_ProcessWindowMessage@CCmdTarget@@UAEHPAUHWND__@@IIJAAJ@Z 004016b0 f i DlgVC6.obj
 0001:000006c0       ?GetCurrentMessage@CCmdTarget@@UBEPBUtagMSG@@XZ 004016c0 f i DlgVC6.obj
 0001:000006d0       ?OnCmdMsg@CCmdTarget@@UAEHIHPAXPAUAFX_CMDHANDLERINFO@@@Z 004016d0 f i DlgVC6.obj
 0001:000007b0       ?ExitInstance@CWinApp@@UAEHXZ 004017b0 f i DlgVC6.obj
 0001:000007b0       ?GetEventSinkMap@CCmdTarget@@UBEPBUAFX_EVENTSINKMAP@@XZ 004017b0 f i DlgVC6.obj
 0001:000007b0       ?IsFrameWnd@CWMHnd@@UAEHXZ 004017b0 f i DlgVC6.obj
 0001:000007c0       ??1CWMHnd@@UAE@XZ          004017c0 f i DlgVC6.obj
 0001:000007d0       ?CalcWindowRect@CWMHnd@@UAEXPAUtagRECT@@I@Z 004017d0 f i DlgVC6.obj
 0001:00000810       ?EnableWindow@CWMHnd@@UAEXH@Z 00401810 f i DlgVC6.obj
 0001:00000830       ?GetMenu@CWMHnd@@UBEPAVCMenuMTL@@XZ 00401830 f i DlgVC6.obj
 0001:00000860       ?classHandleFuncCMenuMTL@CMenuMTL@@SAPAXPAX0@Z 00401860 f i DlgVC6.obj
 0001:000008a0       ??_ECMenuMTL@@UAEPAXI@Z    004018a0 f i DlgVC6.obj
 0001:000008a0       ??_GCMenuMTL@@UAEPAXI@Z    004018a0 f i DlgVC6.obj
 0001:000008c0       ??1CMenuMTL@@UAE@XZ        004018c0 f i DlgVC6.obj
 0001:00000910       ?PostNcDestroy@CWMHnd@@UAEXXZ 00401910 f i DlgVC6.obj
 0001:00000910       ?OnFileNew@CWinApp@@UAEXXZ 00401910 f i DlgVC6.obj
 0001:00000910       ?OnHelp@CWinApp@@QAEXXZ    00401910 f i DlgVC6.obj
 0001:00000910       ?OnFileOpen@CWinApp@@UAEXXZ 00401910 f i DlgVC6.obj
 0001:00000920       ?SetMenu@CWMHnd@@UAEHPAVCMenuMTL@@@Z 00401920 f i DlgVC6.obj
 0001:00000950       ?SetWindowPos@CWMHnd@@QAEHPBV1@HHHHI@Z 00401950 f i DlgVC6.obj
 0001:00000990       ?CWndDestruct@CWnd@@QAEXXZ 00401990 f i DlgVC6.obj
 0001:000009f0       ?classHandleFuncCWnd@CWnd@@SAPAXPAX0@Z 004019f0 f i DlgVC6.obj
 0001:00000a50       ?DefWindowProcA@CWnd@@UAEJIIJ@Z 00401a50 f i DlgVC6.obj
 0001:00000a70       ?WindowProc@CWnd@@UAEJIIJ@Z 00401a70 f i DlgVC6.obj
 0001:00000ac0       ?OnWndMsg@CWnd@@UAEHIIJPAJ@Z 00401ac0 f i DlgVC6.obj
 0001:00000b40       ?OnChildNotify@CWnd@@UAEHIIJPAJ@Z 00401b40 f i DlgVC6.obj
 0001:00000d30       ?OnCommand@CWnd@@UAEHIJ@Z  00401d30 f i DlgVC6.obj
 0001:00000e60       ?Enable@CTestCmdUI@@UAEXH@Z 00401e60 f i DlgVC6.obj
 0001:00000e80       ?SetRadio@CTestCmdUI@@UAEXH@Z 00401e80 f i DlgVC6.obj
 0001:00000e80       ?DoDataExchange@CWMHnd@@UAEXPAVCDataExchange@@@Z 00401e80 f i DlgVC6.obj
 0001:00000e80       ?SetText@CTestCmdUI@@UAEXPBD@Z 00401e80 f i DlgVC6.obj
 0001:00000e80       ?SetCheck@CTestCmdUI@@UAEXH@Z 00401e80 f i DlgVC6.obj
 0001:00000e80       ?Serialize@CObject@@UAEXAAVCArchive@@@Z 00401e80 f i DlgVC6.obj
 0001:00000e90       ?OnToolHitTest@CWnd@@UBEJVCPoint@WTL@@PAUtagTOOLINFOA@@@Z 00401e90 f i DlgVC6.obj
 0001:00000fc0       ?OnNotify@CWnd@@UAEHIJPAJ@Z 00401fc0 f i DlgVC6.obj
 0001:00001090       ?Create@CWnd@@UAEHPBD0KABUtagRECT@@PAV1@IPAUCCreateContext@@@Z 00402090 f i DlgVC6.obj
 0001:000010f0       ?CreateEx@CWnd@@UAEHKPBD0KHHHHPAUHWND__@@PAUHMENU__@@PAX@Z 004020f0 f i DlgVC6.obj
 0001:00001250       ?CbtFilterHook@CWnd@@SGJHIJ@Z 00402250 f i DlgVC6.obj
 0001:00001340       ?AfxWindowProc@CWnd@@SGJPAUHWND__@@IIJ@Z 00402340 f i DlgVC6.obj
 0001:00001390       ?DestroyWindow@CWnd@@UAEHXZ 00402390 f i DlgVC6.obj
 0001:000013a0       ?PreCreateWindow@CWnd@@UAEHAAUtagCREATESTRUCTA@@@Z 004023a0 f i DlgVC6.obj
 0001:000013e0       ?_AfxEndDeferRegisterClass@CAfx@@SAHJ@Z 004023e0 f i DlgVC6.obj
 0001:000016f0       ?_AfxRegisterClass@CAfx@@SAHPAUtagWNDCLASSA@@@Z 004026f0 f i DlgVC6.obj
 0001:000018e0       ?memcpy_x@SecureHelper@WTL@@YAXPAXIPBXI@Z 004028e0 f i DlgVC6.obj
 0001:00001910       ?AllocBuffer@CString@WTL@@IAEHH@Z 00402910 f i DlgVC6.obj
 0001:00001970       ?ContinueModal@CWnd@@UAEHXZ 00402970 f i DlgVC6.obj
 0001:00001980       ?EndModalLoop@CWnd@@UAEXH@Z 00402980 f i DlgVC6.obj
 0001:000019b0       ??_ECWnd@@UAEPAXI@Z        004029b0 f i DlgVC6.obj
 0001:000019b0       ??_GCWnd@@UAEPAXI@Z        004029b0 f i DlgVC6.obj
 0001:000019d0       ??1CWnd@@UAE@XZ            004029d0 f i DlgVC6.obj
 0001:00001a20       ?_ProcessWindowMessage@CWnd@@UAEHPAUHWND__@@IIJAAJ@Z 00402a20 f i DlgVC6.obj
 0001:00001c80       ??1?$CDCT@$00@WTL@@QAE@XZ  00402c80 f i DlgVC6.obj
 0001:00001ca0       ?SetAttribDC@CDCMTL@@UAEXPAUHDC__@@@Z 00402ca0 f i DlgVC6.obj
 0001:00001cb0       ?ReleaseAttribDC@CDCMTL@@UAEXXZ 00402cb0 f i DlgVC6.obj
 0001:00001cc0       ?SaveDC@CDCMTL@@UAEHXZ     00402cc0 f i DlgVC6.obj
 0001:00001d00       ?RestoreDC@CDCMTL@@UAEHH@Z 00402d00 f i DlgVC6.obj
 0001:00001d50       ?TextOutA@CDCMTL@@UAEHHHPBDH@Z 00402d50 f i DlgVC6.obj
 0001:00001d80       ??_GCDCMTL@@UAEPAXI@Z      00402d80 f i DlgVC6.obj
 0001:00001d80       ??_ECDCMTL@@UAEPAXI@Z      00402d80 f i DlgVC6.obj
 0001:00001da0       ??1CDCMTL@@UAE@XZ          00402da0 f i DlgVC6.obj
 0001:00001df0       ?OnInitDialog@CWMHnd@@UAEHXZ 00402df0 f i DlgVC6.obj
 0001:00001df0       ?Default@CWMHnd@@QAEJXZ    00402df0 f i DlgVC6.obj
 0001:00001e10       ?AfxUnsubclassWindow@CWnd@@QAEPAUHWND__@@XZ 00402e10 f i DlgVC6.obj
 0001:00001e60       ?classHandleFuncCDialog@CDialog@@SAPAXPAX0@Z 00402e60 f i DlgVC6.obj
 0001:00001ec0       ?OnOK@CDialog@@UAEXXZ      00402ec0 f i DlgVC6.obj
 0001:00001f30       ?OnCancel@CDialog@@UAEXXZ  00402f30 f i DlgVC6.obj
 0001:00001f60       ?OnInitDialog@CDialog@@UAEHXZ 00402f60 f i DlgVC6.obj
 0001:00002030       ?ExecuteDlgInit@CWnd@@QAEHPAX@Z 00403030 f i DlgVC6.obj
 0001:00002110       ?Create@CDialog@@UAEHIPAVCWnd@@@Z 00403110 f i DlgVC6.obj
 0001:00002130       ?Create@CDialog@@UAEHPBDPAVCWnd@@@Z 00403130 f i DlgVC6.obj
 0001:00002240       ?CreateIndirect@CDialog@@UAEHPAXPAVCWnd@@PAUHINSTANCE__@@@Z 00403240 f i DlgVC6.obj
 0001:00002310       ?DoModal@CDialog@@UAEJXZ   00403310 f i DlgVC6.obj
 0001:000026b0       ?PreTranslateMessage@CDialog@@UAEHPAUtagMSG@@@Z 004036b0 f i DlgVC6.obj
 0001:00002790       ??_ECDialog@@UAEPAXI@Z     00403790 f i DlgVC6.obj
 0001:00002790       ??_GCDialog@@UAEPAXI@Z     00403790 f i DlgVC6.obj
 0001:000027b0       ??1CDialog@@UAE@XZ         004037b0 f i DlgVC6.obj
 0001:00002800       ??_9@$BHM@AE               00403800 f i DlgVC6.obj
 0001:00002810       ??_9@$BHI@AE               00403810 f i DlgVC6.obj
 0001:00002820       ?AfxDlgProc@CWnd@@SGJPAUHWND__@@IIJ@Z 00403820 f i DlgVC6.obj
 0001:00002a10       ??1CWinThread@@QAE@XZ      00403a10 f i DlgVC6.obj
 0001:00002a30       ?FromHandleWnd@CWinApp@@QAEPAVCWMHnd@@PAUHWND__@@PAV2@0P6APAXPAX2@Z@Z 00403a30 f i DlgVC6.obj
 0001:00002b00       ?NewNode@?$CHandleList@PAUHMENU__@@VCMenuMTL@@PAUHWND__@@@@QAEPAV?$CHandlePair@PAUHMENU__@@PAVCMenuMTL@@PAUHWND__@@@@PAUHMENU__@@@Z 00403b00 f i DlgVC6.obj
 0001:00002b00       ?NewNode@?$CHandleHashList@PAUHWND__@@VCWMHnd@@PAU1@$0BB@@@QAEPAV?$CHandlePair@PAUHWND__@@PAVCWMHnd@@PAU1@@@PAUHWND__@@@Z 00403b00 f i DlgVC6.obj
 0001:00002b40       ?RemoveHandleWnd@CWinApp@@QAEPAUHWND__@@PAU2@@Z 00403b40 f i DlgVC6.obj
 0001:00002db0       ?FromHandleMenu@CWinApp@@QAEPAVCMenuMTL@@PAUHMENU__@@PAV2@PAUHWND__@@P6APAXPAX3@Z@Z 00403db0 f i DlgVC6.obj
 0001:00002e40       ?RemoveHandleMenu@CWinApp@@QAEPAUHMENU__@@PAU2@@Z 00403e40 f i DlgVC6.obj
 0001:00002eb0       ?RemoveHandleDC@CWinApp@@QAEPAUHDC__@@PAU2@@Z 00403eb0 f i DlgVC6.obj
 0001:00002f20       ?_GetCModuleState@CWinApp@@SAPAVCModuleState@@XZ 00403f20 f i DlgVC6.obj
 0001:00002f60       ??0CModuleState@@QAE@XZ    00403f60 f i DlgVC6.obj
 0001:00002f90       ?OnAppExit@CWinApp@@QAEXXZ 00403f90 f i DlgVC6.obj
 0001:00002fb0       ?OnIdle@CWinApp@@UAEHH@Z   00403fb0 f i DlgVC6.obj
 0001:00003100       ?RemoveOwner@?$CHandleHashList@PAUHWND__@@VCWMHnd@@PAU1@$0BB@@@QAEHQAUHWND__@@@Z 00404100 f i DlgVC6.obj
 0001:00003190       ?RemoveOwner@?$CHandleList@PAXVCGdiObject@@PAUHWND__@@@@QAEHQAUHWND__@@@Z 00404190 f i DlgVC6.obj
 0001:00003190       ?RemoveOwner@?$CHandleList@PAUHMENU__@@VCMenuMTL@@PAUHWND__@@@@QAEHQAUHWND__@@@Z 00404190 f i DlgVC6.obj
 0001:00003190       ?RemoveOwner@?$CHandleList@PAUHDC__@@VCDCMTL@@PAUHWND__@@@@QAEHQAUHWND__@@@Z 00404190 f i DlgVC6.obj
 0001:00003190       ?RemoveOwner@?$CHandleList@PAXXPAUHWND__@@@@QAEHQAUHWND__@@@Z 00404190 f i DlgVC6.obj
 0001:00003200       ?SendMessageToDescendants@CWnd@@QAEXPAUHWND__@@IIJHH@Z 00404200 f i DlgVC6.obj
 0001:000032e0       ?InitInstance@CWinApp@@UAEHXZ 004042e0 f i DlgVC6.obj
 0001:000032f0       ?GetScrollBarCtrl@CWMHnd@@UBEPAVCScrollBarMTL@@H@Z 004042f0 f i DlgVC6.obj
 0001:000032f0       ?OpenDocumentFile@CWinApp@@UAEPAVCDocument@@PBD@Z 004042f0 f i DlgVC6.obj
 0001:00003300       ?PreTranslateMessage@CWinApp@@UAEHPAUtagMSG@@@Z 00404300 f i DlgVC6.obj
 0001:000033a0       ?PumpMessage@CWinApp@@UAEHXZ 004043a0 f i DlgVC6.obj
 0001:000033f0       ?Run@CWinApp@@UAEHXZ       004043f0 f i DlgVC6.obj
 0001:00003490       ?cModuleState@?1??_GetCModuleState@CWinApp@@SAPAVCModuleState@@XZ@$AV2@A 00404490 f i DlgVC6.obj
 0001:000034a0       ??1CModuleThreadState@@QAE@XZ 004044a0 f i DlgVC6.obj
 0001:000034e0       ??1CModuleState@@QAE@XZ    004044e0 f i DlgVC6.obj
 0001:00003570       ?_ProcessWindowMessage@CWinApp@@UAEHPAUHWND__@@IIJAAJ@Z 00404570 f i DlgVC6.obj
 0001:000035c0       ?RemoveHandle@CDCMTL@@SAPAUHDC__@@PAU2@@Z 004045c0 f i DlgVC6.obj
 0001:000035e0       ?OnCmdMsg@CDialog@@UAEHIHPAXPAUAFX_CMDHANDLERINFO@@@Z 004045e0 f i DlgVC6.obj
 0001:00003780       ?PreTranslateMessage@CWnd@@UAEHPAUtagMSG@@@Z 00404780 f i DlgVC6.obj
 0001:000037a0       ?RunModalLoop@CWnd@@QAEHK@Z 004047a0 f i DlgVC6.obj
 0001:00003940       ??0CAboutDlg@@QAE@XZ       00404940 f   DlgVC6Dlg.obj
 0001:00003980       ??_GCAboutDlg@@UAEPAXI@Z   00404980 f i DlgVC6Dlg.obj
 0001:00003980       ??_ECAboutDlg@@UAEPAXI@Z   00404980 f i DlgVC6Dlg.obj
 0001:000039a0       ??1CAboutDlg@@UAE@XZ       004049a0 f i DlgVC6Dlg.obj
 0001:000039f0       ?DoDataExchange@CDlgVC6Dlg@@MAEXPAVCDataExchange@@@Z 004049f0 f   DlgVC6Dlg.obj
 0001:000039f0       ?DoDataExchange@CAboutDlg@@MAEXPAVCDataExchange@@@Z 004049f0 f   DlgVC6Dlg.obj
 0001:00003a00       ?_ProcessWindowMessage@CAboutDlg@@UAEHPAUHWND__@@IIJAAJ@Z 00404a00 f i DlgVC6Dlg.obj
 0001:00003a00       ?_ProcessWindowMessage@CDialog@@UAEHPAUHWND__@@IIJAAJ@Z 00404a00 f i DlgVC6Dlg.obj
 0001:00003a90       ??0CDlgVC6Dlg@@QAE@PAVCWnd@@@Z 00404a90 f   DlgVC6Dlg.obj
 0001:00003af0       ??_GCDlgVC6Dlg@@UAEPAXI@Z  00404af0 f i DlgVC6Dlg.obj
 0001:00003af0       ??_ECDlgVC6Dlg@@UAEPAXI@Z  00404af0 f i DlgVC6Dlg.obj
 0001:00003b10       ?_ProcessWindowMessage@CDlgVC6Dlg@@UAEHPAUHWND__@@IIJAAJ@Z 00404b10 f i DlgVC6Dlg.obj
 0001:00003c00       ?OnInitDialog@CDlgVC6Dlg@@MAEHXZ 00404c00 f   DlgVC6Dlg.obj
 0001:00003e00       ?OnSysCommand@CDlgVC6Dlg@@IAEXIJ@Z 00404e00 f   DlgVC6Dlg.obj
 0001:00004070       ?OnPaint@CDlgVC6Dlg@@IAEXXZ 00405070 f   DlgVC6Dlg.obj
 0001:000041e0       ?OnQueryDragIcon@CDlgVC6Dlg@@IAEPAUHICON__@@XZ 004051e0 f   DlgVC6Dlg.obj
 0001:000041f0       ??0?$CHandleWrapper@VCDCMTL@@PAUHDC__@@V?$CDCT@$00@WTL@@@@QAE@PAUHDC__@@@Z 004051f0 f i DlgVC6Dlg.obj
 0001:00004210       ??4CString@WTL@@QAEAAV01@PBD@Z 00405210 f i DlgVC6Dlg.obj
 0001:000042e0       ?GetBuffer@CString@WTL@@QAEPADH@Z 004052e0 f i DlgVC6Dlg.obj
 0001:00004390       ?ReleaseBuffer@CString@WTL@@QAEXH@Z 00405390 f i DlgVC6Dlg.obj
 0001:00004450       ?_LoadString@CString@WTL@@KGHIPADI@Z 00405450 f i DlgVC6Dlg.obj
 0001:00004480       ?UpdateData@CWMHnd@@QAEHH@Z 00405480 f i DlgVC6Dlg.obj
 0001:000044d0       ??_GCPaintDCMTL@@UAEPAXI@Z 004054d0 f i DlgVC6Dlg.obj
 0001:000044d0       ??_ECPaintDCMTL@@UAEPAXI@Z 004054d0 f i DlgVC6Dlg.obj
 0001:000044f0       ??1CPaintDCMTL@@UAE@XZ     004054f0 f i DlgVC6Dlg.obj
 0001:00004550       ?ExecuteDlgInit@CWnd@@QAEHPBD@Z 00405550 f i DlgVC6Dlg.obj
 0001:000046a0       ?EndDialog@CDialog@@QAEXH@Z 004056a0 f i DlgVC6Dlg.obj
 0001:000046d0       ?FromHandle@CWnd@@SAPAV1@PAUHWND__@@PAV1@0P6APAXPAX2@Z@Z 004056d0 f i DlgVC6Dlg.obj
 0001:000046d0       ?FromHandle@CDialog@@SAPAV1@PAUHWND__@@PAV1@0P6APAXPAX2@Z@Z 004056d0 f i DlgVC6Dlg.obj
 0001:000048e0       ?GetRuntimeClass@CCmdTarget@@UBEPAUCRuntimeClass@@XZ 004058e0 f   StdAfx.obj
 0001:000048f0       ?CreateObject@CWnd@@SAPAVCObject@@XZ 004058f0 f   StdAfx.obj
 0001:00004930       ?GetRuntimeClass@CWnd@@UBEPAUCRuntimeClass@@XZ 00405930 f   StdAfx.obj
 0001:00004940       ?GetRuntimeClass@CDialog@@UBEPAUCRuntimeClass@@XZ 00405940 f   StdAfx.obj
 0001:00004950       _WinMain@16                00405950 f   StdAfx.obj
 0001:00004c50       ?AtlModuleInit@ATL@@YGJPAU_ATL_MODULE@1@PAU_ATL_OBJMAP_ENTRY@1@PAUHINSTANCE__@@@Z 00405c50 f i StdAfx.obj
 0001:00004ce0       ?AfxGetFileName@CAfx@@SAIPBDPADI@Z 00405ce0 f i StdAfx.obj
 0001:00004d10       ?_AtlGetStringResourceImage@CAfx@@SAPBUATLSTRINGRESOURCEIMAGE@@PAUHINSTANCE__@@PAUHRSRC__@@I@Z 00405d10 f i StdAfx.obj
 0001:00004d80       ?AfxLoadString@CAfx@@SAHIPADI@Z 00405d80 f i StdAfx.obj
 0001:00004e40       ??2@YAPAXI@Z               00405e40 f   LIBCMT:new.obj
 0001:00004e4e       ?_JumpToContinuation@@YGXPAXPAUEHRegistrationNode@@@Z 00405e4e f   LIBCMT:trnsctrl.obj
 0001:00004e82       ?_CallMemberFunction1@@YGXPAX00@Z 00405e82 f   LIBCMT:trnsctrl.obj
 0001:00004e82       ?_CallMemberFunction0@@YGXPAX0@Z 00405e82 f   LIBCMT:trnsctrl.obj
 0001:00004e89       ?_CallMemberFunction2@@YGXPAX00H@Z 00405e89 f   LIBCMT:trnsctrl.obj
 0001:00004e90       ?_UnwindNestedFrames@@YGXPAUEHRegistrationNode@@PAUEHExceptionRecord@@@Z 00405e90 f   LIBCMT:trnsctrl.obj
 0001:00004edf       ___CxxFrameHandler         00405edf f   LIBCMT:trnsctrl.obj
 0001:00004f15       ?_CallCatchBlock2@@YAPAXPAUEHRegistrationNode@@PBU_s_FuncInfo@@PAXHK@Z 00405f15 f   LIBCMT:trnsctrl.obj
 0001:00004f8e       ?_CallSETranslator@@YAHPAUEHExceptionRecord@@PAUEHRegistrationNode@@PAX2PBU_s_FuncInfo@@H1@Z 00405f8e f   LIBCMT:trnsctrl.obj
 0001:000050b9       ?_GetRangeOfTrysToCheck@@YAPBU_s_TryBlockMapEntry@@PBU_s_FuncInfo@@HHPAI1@Z 004060b9 f   LIBCMT:trnsctrl.obj
 0001:00005134       __global_unwind2           00406134 f   LIBCMT:exsup.obj
 0001:00005176       __local_unwind2            00406176 f   LIBCMT:exsup.obj
 0001:000051ce       __NLG_Return2              004061ce f   LIBCMT:exsup.obj
 0001:000051de       __abnormal_termination     004061de f   LIBCMT:exsup.obj
 0001:00005201       __NLG_Notify1              00406201 f   LIBCMT:exsup.obj
 0001:0000520a       __NLG_Notify               0040620a f   LIBCMT:exsup.obj
 0001:0000521d       __NLG_Dispatch             0040621d f   LIBCMT:exsup.obj
 0001:00005222       __onexit                   00406222 f   LIBCMT:onexit.obj
 0001:000052a0       _atexit                    004062a0 f   LIBCMT:onexit.obj
 0001:000052b2       ___onexitinit              004062b2 f   LIBCMT:onexit.obj
 0001:000052e1       _free                      004062e1 f   LIBCMT:free.obj
 0001:000053ca       ??3@YAXPAX@Z               004063ca f   LIBCMT:delete.obj
 0001:000053d5       __strdup                   004063d5 f   LIBCMT:strdup.obj
 0001:00005400       _memmove                   00406400 f   LIBCMT:memmove.obj
 0001:00005740       __alldiv                   00406740 f   LIBCMT:lldiv.obj
 0001:000057f0       __allmul                   004067f0 f   LIBCMT:llmul.obj
 0001:00005830       __allshr                   00406830 f   LIBCMT:llshr.obj
 0001:00005851       _WinMainCRTStartup         00406851 f   LIBCMT:wincrt0.obj
 0001:00005959       __amsg_exit                00406959 f   LIBCMT:wincrt0.obj
 0001:000059a2       _malloc                    004069a2 f   LIBCMT:malloc.obj
 0001:000059b4       __nh_malloc                004069b4 f   LIBCMT:malloc.obj
 0001:000059e0       __heap_alloc               004069e0 f   LIBCMT:malloc.obj
 0001:00005adc       ___InternalCxxFrameHandler 00406adc f   LIBCMT:frame.obj
 0001:00005e31       ___FrameUnwindToState      00406e31 f   LIBCMT:frame.obj
 0001:00006269       ?_DestructExceptionObject@@YAXPAUEHExceptionRecord@@E@Z 00407269 f   LIBCMT:frame.obj
 0001:00006300       __CallSettingFrame@12      00407300 f   LIBCMT:lowhelpr.obj
 0001:00006327       __NLG_Return               00407327 f   LIBCMT:lowhelpr.obj
 0001:0000634c       __mtinit                   0040734c f   LIBCMT:tidtable.obj
 0001:000063a0       __initptd                  004073a0 f   LIBCMT:tidtable.obj
 0001:000063b3       __getptd                   004073b3 f   LIBCMT:tidtable.obj
 0001:0000641a       ?terminate@@YAXXZ          0040741a f   LIBCMT:hooks.obj
 0001:0000647b       ?_inconsistency@@YAXXZ     0040747b f   LIBCMT:hooks.obj
 0001:000064d1       __cinit                    004074d1 f   LIBCMT:crt0dat.obj
 0001:000064fe       _exit                      004074fe f   LIBCMT:crt0dat.obj
 0001:0000650f       __exit                     0040750f f   LIBCMT:crt0dat.obj
 0001:000065c5       __lockexit                 004075c5 f   LIBCMT:crt0dat.obj
 0001:000065ce       __unlockexit               004075ce f   LIBCMT:crt0dat.obj
 0001:000065f1       _realloc                   004075f1 f   LIBCMT:realloc.obj
 0001:00006920       __msize                    00407920 f   LIBCMT:msize.obj
 0001:00006a0e       __GetLinkerVersion         00407a0e f   LIBCMT:heapinit.obj
 0001:00006a3b       ___heap_select             00407a3b f   LIBCMT:heapinit.obj
 0001:00006b83       __heap_init                00407b83 f   LIBCMT:heapinit.obj
 0001:00006be0       ___sbh_heap_init           00407be0 f   LIBCMT:sbheap.obj
 0001:00006c28       ___sbh_find_block          00407c28 f   LIBCMT:sbheap.obj
 0001:00006c53       ___sbh_free_block          00407c53 f   LIBCMT:sbheap.obj
 0001:00006f7c       ___sbh_alloc_block         00407f7c f   LIBCMT:sbheap.obj
 0001:00007285       ___sbh_alloc_new_region    00408285 f   LIBCMT:sbheap.obj
 0001:00007336       ___sbh_alloc_new_group     00408336 f   LIBCMT:sbheap.obj
 0001:00007431       ___sbh_resize_block        00408431 f   LIBCMT:sbheap.obj
 0001:00007727       ___old_sbh_new_region      00408727 f   LIBCMT:sbheap.obj
 0001:0000786b       ___old_sbh_release_region  0040886b f   LIBCMT:sbheap.obj
 0001:000078c1       ___old_sbh_decommit_pages  004088c1 f   LIBCMT:sbheap.obj
 0001:00007983       ___old_sbh_find_block      00408983 f   LIBCMT:sbheap.obj
 0001:000079da       ___old_sbh_free_block      004089da f   LIBCMT:sbheap.obj
 0001:00007a1f       ___old_sbh_alloc_block     00408a1f f   LIBCMT:sbheap.obj
 0001:00007c27       ___old_sbh_alloc_block_from_page 00408c27 f   LIBCMT:sbheap.obj
 0001:00007d4b       ___old_sbh_resize_block    00408d4b f   LIBCMT:sbheap.obj
 0001:00007df4       __mtinitlocks              00408df4 f   LIBCMT:mlock.obj
 0001:00007e1d       __lock                     00408e1d f   LIBCMT:mlock.obj
 0001:00007e7e       __unlock                   00408e7e f   LIBCMT:mlock.obj
 0001:00007e9c       __except_handler3          00408e9c f   LIBCMT:exsup3.obj
 0001:00007f59       __seh_longjmp_unwind@4     00408f59 f   LIBCMT:exsup3.obj
 0001:00007f80       _strcpy                    00408f80 f   LIBCMT:strcat.obj
 0001:00007f90       _strcat                    00408f90 f   LIBCMT:strcat.obj
 0001:00008070       _strlen                    00409070 f   LIBCMT:strlen.obj
 0001:000080eb       __setmbcp                  004090eb f   LIBCMT:mbctype.obj
 0001:000084c3       ___initmbctable            004094c3 f   LIBCMT:mbctype.obj
 0001:000084f0       _strchr                    004094f0 f   LIBCMT:strchr.obj
 0001:000084f6       ___from_strstr_to_strchr   004094f6 f   LIBCMT:strchr.obj
 0001:000085ac       __XcptFilter               004095ac f   LIBCMT:winxfltr.obj
 0001:00008724       __wincmdln                 00409724 f   LIBCMT:wincmdln.obj
 0001:0000877c       __setenvp                  0040977c f   LIBCMT:stdenvp.obj
 0001:00008835       __setargv                  00409835 f   LIBCMT:stdargv.obj
 0001:00008a82       ___crtGetEnvironmentStringsA 00409a82 f   LIBCMT:a_env.obj
 0001:00008bb4       __ioinit                   00409bb4 f   LIBCMT:ioinit.obj
 0001:00008d70       __FF_MSGBANNER             00409d70 f   LIBCMT:crt0msg.obj
 0001:00008da9       __NMSG_WRITE               00409da9 f   LIBCMT:crt0msg.obj
 0001:00008efc       __callnewh                 00409efc f   LIBCMT:handler.obj
 0001:00008f17       ?__CxxUnhandledExceptionFilter@@YGJPAU_EXCEPTION_POINTERS@@@Z 00409f17 f   LIBCMT:unhandld.obj
 0001:00008f5d       ?__CxxSetUnhandledExceptionFilter@@YAXXZ 00409f5d f   LIBCMT:unhandld.obj
 0001:00008f6e       ?__CxxRestoreUnhandledExceptionFilter@@YAXXZ 00409f6e f   LIBCMT:unhandld.obj
 0001:00008f7b       ?_ValidateRead@@YAHPBXI@Z  00409f7b f   LIBCMT:validate.obj
 0001:00008f97       ?_ValidateWrite@@YAHPAXI@Z 00409f97 f   LIBCMT:validate.obj
 0001:00008fb3       ?_ValidateExecute@@YAHP6GHXZ@Z 00409fb3 f   LIBCMT:validate.obj
 0001:00008fd0       _strcmp                    00409fd0 f   LIBCMT:strcmp.obj
 0001:00009054       _calloc                    0040a054 f   LIBCMT:calloc.obj
 0001:00009191       _abort                     0040a191 f   LIBCMT:abort.obj
 0001:000091b0       _memcpy                    0040a1b0 f   LIBCMT:memcpy.obj
 0001:000094e5       _strtol                    0040a4e5 f   LIBCMT:strtol.obj
 0001:00009710       _strstr                    0040a710 f   LIBCMT:strstr.obj
 0001:00009790       _strncmp                   0040a790 f   LIBCMT:strncmp.obj
 0001:000097d0       __alloca_probe             0040a7d0 f   LIBCMT:chkstk.obj
 0001:000097d0       __chkstk                   0040a7d0 f   LIBCMT:chkstk.obj
 0001:00009800       _memset                    0040a800 f   LIBCMT:memset.obj
 0001:00009858       ___crtLCMapStringA         0040a858 f   LIBCMT:a_map.obj
 0001:00009aa7       ___crtGetStringTypeA       0040aaa7 f   LIBCMT:a_str.obj
 0001:00009bf0       __ismbblead                0040abf0 f   LIBCMT:ismbbyte.obj
 0001:00009c32       ___crtMessageBoxA          0040ac32 f   LIBCMT:crtmbox.obj
 0001:00009cc0       _strncpy                   0040acc0 f   LIBCMT:strncpy.obj
 0001:00009dbe       _raise                     0040adbe f   LIBCMT:winsig.obj
 0001:00009f7d       __errno                    0040af7d f   LIBCMT:dosmap.obj
 0001:00009f86       _toupper                   0040af86 f   LIBCMT:toupper.obj
 0001:00009ff5       __toupper_lk               0040aff5 f   LIBCMT:toupper.obj
 0001:0000a0c1       __isctype                  0040b0c1 f   LIBCMT:isctype.obj
 0001:0000a140       _strcspn                   0040b140 f   LIBCMT:strcspn.obj
 0001:0000a180       _strpbrk                   0040b180 f   LIBCMT:strpbrk.obj
 0001:0000a1c0       __strcmpi                  0040b1c0 f   LIBCMT:stricmp.obj
 0001:0000a1c0       __stricmp                  0040b1c0 f   LIBCMT:stricmp.obj
 0001:0000a290       __strnicmp                 0040b290 f   LIBCMT:strnicmp.obj
 0001:0000a3a0       __aulldiv                  0040b3a0 f   LIBCMT:ulldiv.obj
 0001:0000a410       __aullrem                  0040b410 f   LIBCMT:ullrem.obj
 0001:0000a485       __tolower_lk               0040b485 f   LIBCMT:tolower.obj
 0001:0000a550       _RtlUnwind@16              0040b550 f   kernel32:KERNEL32.dll
 0002:00000000       __imp__InitCommonControlsEx@4 0040c000     comctl32:COMCTL32.dll
 0002:00000004       \177COMCTL32_NULL_THUNK_DATA 0040c004     comctl32:COMCTL32.dll
 0002:00000008       __imp__DeleteObject@4      0040c008     gdi32:GDI32.dll
 0002:0000000c       __imp__SaveDC@4            0040c00c     gdi32:GDI32.dll
 0002:00000010       __imp__RestoreDC@8         0040c010     gdi32:GDI32.dll
 0002:00000014       __imp__TextOutA@20         0040c014     gdi32:GDI32.dll
 0002:00000018       __imp__DeleteDC@4          0040c018     gdi32:GDI32.dll
 0002:0000001c       \177GDI32_NULL_THUNK_DATA  0040c01c     gdi32:GDI32.dll
 0002:00000020       __imp__LCMapStringA@24     0040c020     kernel32:KERNEL32.dll
 0002:00000024       __imp__IsBadCodePtr@4      0040c024     kernel32:KERNEL32.dll
 0002:00000028       __imp__IsBadReadPtr@8      0040c028     kernel32:KERNEL32.dll
 0002:0000002c       __imp__SetUnhandledExceptionFilter@4 0040c02c     kernel32:KERNEL32.dll
 0002:00000030       __imp__WriteFile@20        0040c030     kernel32:KERNEL32.dll
 0002:00000034       __imp__GetFileType@4       0040c034     kernel32:KERNEL32.dll
 0002:00000038       __imp__GetStdHandle@4      0040c038     kernel32:KERNEL32.dll
 0002:0000003c       __imp__SetHandleCount@4    0040c03c     kernel32:KERNEL32.dll
 0002:00000040       __imp__GetEnvironmentStringsW@0 0040c040     kernel32:KERNEL32.dll
 0002:00000044       __imp__GetEnvironmentStrings@0 0040c044     kernel32:KERNEL32.dll
 0002:00000048       __imp__FreeEnvironmentStringsW@4 0040c048     kernel32:KERNEL32.dll
 0002:0000004c       __imp__FreeEnvironmentStringsA@4 0040c04c     kernel32:KERNEL32.dll
 0002:00000050       __imp__UnhandledExceptionFilter@4 0040c050     kernel32:KERNEL32.dll
 0002:00000054       __imp__GetOEMCP@0          0040c054     kernel32:KERNEL32.dll
 0002:00000058       __imp__GetACP@0            0040c058     kernel32:KERNEL32.dll
 0002:0000005c       __imp__GetCPInfo@8         0040c05c     kernel32:KERNEL32.dll
 0002:00000060       __imp__LeaveCriticalSection@4 0040c060     kernel32:KERNEL32.dll
 0002:00000064       __imp__EnterCriticalSection@4 0040c064     kernel32:KERNEL32.dll
 0002:00000068       __imp__IsBadWritePtr@8     0040c068     kernel32:KERNEL32.dll
 0002:0000006c       __imp__VirtualAlloc@16     0040c06c     kernel32:KERNEL32.dll
 0002:00000070       __imp__LCMapStringW@24     0040c070     kernel32:KERNEL32.dll
 0002:00000074       __imp__HeapCreate@12       0040c074     kernel32:KERNEL32.dll
 0002:00000078       __imp__GetVersionExA@4     0040c078     kernel32:KERNEL32.dll
 0002:0000007c       __imp__GetEnvironmentVariableA@12 0040c07c     kernel32:KERNEL32.dll
 0002:00000080       __imp__HeapSize@12         0040c080     kernel32:KERNEL32.dll
 0002:00000084       __imp__HeapReAlloc@16      0040c084     kernel32:KERNEL32.dll
 0002:00000088       __imp__TerminateProcess@8  0040c088     kernel32:KERNEL32.dll
 0002:0000008c       __imp__GetLastError@0      0040c08c     kernel32:KERNEL32.dll
 0002:00000090       __imp__TlsGetValue@4       0040c090     kernel32:KERNEL32.dll
 0002:00000094       __imp__SetLastError@4      0040c094     kernel32:KERNEL32.dll
 0002:00000098       __imp__TlsAlloc@0          0040c098     kernel32:KERNEL32.dll
 0002:0000009c       __imp__TlsSetValue@8       0040c09c     kernel32:KERNEL32.dll
 0002:000000a0       __imp__HeapAlloc@12        0040c0a0     kernel32:KERNEL32.dll
 0002:000000a4       __imp__ExitProcess@4       0040c0a4     kernel32:KERNEL32.dll
 0002:000000a8       __imp__GetVersion@0        0040c0a8     kernel32:KERNEL32.dll
 0002:000000ac       __imp__GetCommandLineA@0   0040c0ac     kernel32:KERNEL32.dll
 0002:000000b0       __imp__GetStartupInfoA@4   0040c0b0     kernel32:KERNEL32.dll
 0002:000000b4       __imp__GetModuleHandleA@4  0040c0b4     kernel32:KERNEL32.dll
 0002:000000b8       __imp__HeapFree@12         0040c0b8     kernel32:KERNEL32.dll
 0002:000000bc       __imp__RtlUnwind@16        0040c0bc     kernel32:KERNEL32.dll
 0002:000000c0       __imp__GetStringTypeA@20   0040c0c0     kernel32:KERNEL32.dll
 0002:000000c4       __imp__GetStringTypeW@16   0040c0c4     kernel32:KERNEL32.dll
 0002:000000c8       __imp__GetProcAddress@8    0040c0c8     kernel32:KERNEL32.dll
 0002:000000cc       __imp__LoadLibraryA@4      0040c0cc     kernel32:KERNEL32.dll
 0002:000000d0       __imp__MultiByteToWideChar@24 0040c0d0     kernel32:KERNEL32.dll
 0002:000000d4       __imp__InterlockedIncrement@4 0040c0d4     kernel32:KERNEL32.dll
 0002:000000d8       __imp__SizeofResource@8    0040c0d8     kernel32:KERNEL32.dll
 0002:000000dc       __imp__lstrcpynA@12        0040c0dc     kernel32:KERNEL32.dll
 0002:000000e0       __imp__InitializeCriticalSection@4 0040c0e0     kernel32:KERNEL32.dll
 0002:000000e4       __imp__GetModuleFileNameA@12 0040c0e4     kernel32:KERNEL32.dll
 0002:000000e8       __imp__FindResourceW@12    0040c0e8     kernel32:KERNEL32.dll
 0002:000000ec       __imp__WideCharToMultiByte@32 0040c0ec     kernel32:KERNEL32.dll
 0002:000000f0       __imp__lstrcpyA@8          0040c0f0     kernel32:KERNEL32.dll
 0002:000000f4       __imp__DeleteCriticalSection@4 0040c0f4     kernel32:KERNEL32.dll
 0002:000000f8       __imp__HeapDestroy@4       0040c0f8     kernel32:KERNEL32.dll
 0002:000000fc       __imp__lstrcmpiA@8         0040c0fc     kernel32:KERNEL32.dll
 0002:00000100       __imp__FindResourceA@12    0040c100     kernel32:KERNEL32.dll
 0002:00000104       __imp__LoadResource@8      0040c104     kernel32:KERNEL32.dll
 0002:00000108       __imp__LockResource@4      0040c108     kernel32:KERNEL32.dll
 0002:0000010c       __imp__FreeResource@4      0040c10c     kernel32:KERNEL32.dll
 0002:00000110       __imp__lstrlenA@4          0040c110     kernel32:KERNEL32.dll
 0002:00000114       __imp__GetCurrentProcess@0 0040c114     kernel32:KERNEL32.dll
 0002:00000118       __imp__FlushInstructionCache@12 0040c118     kernel32:KERNEL32.dll
 0002:0000011c       __imp__GetCurrentThreadId@0 0040c11c     kernel32:KERNEL32.dll
 0002:00000120       __imp__GlobalDeleteAtom@4  0040c120     kernel32:KERNEL32.dll
 0002:00000124       __imp__InterlockedDecrement@4 0040c124     kernel32:KERNEL32.dll
 0002:00000128       __imp__VirtualFree@12      0040c128     kernel32:KERNEL32.dll
 0002:0000012c       __imp__CloseHandle@4       0040c12c     kernel32:KERNEL32.dll
 0002:00000130       \177KERNEL32_NULL_THUNK_DATA 0040c130     kernel32:KERNEL32.dll
 0002:00000134       __imp__PathFindFileNameA@4 0040c134     Shlwapi:SHLWAPI.dll
 0002:00000138       __imp__PathFindExtensionA@4 0040c138     Shlwapi:SHLWAPI.dll
 0002:0000013c       \177SHLWAPI_NULL_THUNK_DATA 0040c13c     Shlwapi:SHLWAPI.dll
 0002:00000140       __imp__IsIconic@4          0040c140     user32:USER32.dll
 0002:00000144       __imp__BeginPaint@8        0040c144     user32:USER32.dll
 0002:00000148       __imp__GetSystemMetrics@4  0040c148     user32:USER32.dll
 0002:0000014c       __imp__DrawIcon@16         0040c14c     user32:USER32.dll
 0002:00000150       __imp__EndPaint@8          0040c150     user32:USER32.dll
 0002:00000154       __imp__GetSystemMenu@8     0040c154     user32:USER32.dll
 0002:00000158       __imp__LoadStringA@16      0040c158     user32:USER32.dll
 0002:0000015c       __imp__AppendMenuA@16      0040c15c     user32:USER32.dll
 0002:00000160       __imp__GetMessageA@16      0040c160     user32:USER32.dll
 0002:00000164       __imp__TranslateMessage@4  0040c164     user32:USER32.dll
 0002:00000168       __imp__DispatchMessageA@4  0040c168     user32:USER32.dll
 0002:0000016c       __imp__IsWindowVisible@4   0040c16c     user32:USER32.dll
 0002:00000170       __imp__SystemParametersInfoA@16 0040c170     user32:USER32.dll
 0002:00000174       __imp__GetClientRect@8     0040c174     user32:USER32.dll
 0002:00000178       __imp__MapWindowPoints@16  0040c178     user32:USER32.dll
 0002:0000017c       __imp__GetClassNameA@12    0040c17c     user32:USER32.dll
 0002:00000180       __imp__GetDlgItem@8        0040c180     user32:USER32.dll
 0002:00000184       __imp__IsDialogMessageA@8  0040c184     user32:USER32.dll
 0002:00000188       __imp__ShowWindow@8        0040c188     user32:USER32.dll
 0002:0000018c       __imp__PeekMessageA@20     0040c18c     user32:USER32.dll
 0002:00000190       __imp__UpdateWindow@4      0040c190     user32:USER32.dll
 0002:00000194       __imp__CreateDialogIndirectParamA@20 0040c194     user32:USER32.dll
 0002:00000198       __imp__SendDlgItemMessageA@20 0040c198     user32:USER32.dll
 0002:0000019c       __imp__GetTopWindow@4      0040c19c     user32:USER32.dll
 0002:000001a0       __imp__EndDialog@8         0040c1a0     user32:USER32.dll
 0002:000001a4       __imp__PostQuitMessage@4   0040c1a4     user32:USER32.dll
 0002:000001a8       __imp__PostMessageA@16     0040c1a8     user32:USER32.dll
 0002:000001ac       __imp__GetClassInfoA@12    0040c1ac     user32:USER32.dll
 0002:000001b0       __imp__RegisterClassA@4    0040c1b0     user32:USER32.dll
 0002:000001b4       __imp__LoadCursorA@8       0040c1b4     user32:USER32.dll
 0002:000001b8       __imp__LoadIconW@8         0040c1b8     user32:USER32.dll
 0002:000001bc       __imp__LoadIconA@8         0040c1bc     user32:USER32.dll
 0002:000001c0       __imp__DestroyWindow@4     0040c1c0     user32:USER32.dll
 0002:000001c4       __imp__GetClassLongA@8     0040c1c4     user32:USER32.dll
 0002:000001c8       __imp__SetWindowLongA@12   0040c1c8     user32:USER32.dll
 0002:000001cc       __imp__CallNextHookEx@16   0040c1cc     user32:USER32.dll
 0002:000001d0       __imp__GetClassInfoExA@12  0040c1d0     user32:USER32.dll
 0002:000001d4       __imp__SetWindowsHookExA@16 0040c1d4     user32:USER32.dll
 0002:000001d8       __imp__CreateWindowExA@48  0040c1d8     user32:USER32.dll
 0002:000001dc       __imp__UnhookWindowsHookEx@4 0040c1dc     user32:USER32.dll
 0002:000001e0       __imp__ChildWindowFromPointEx@16 0040c1e0     user32:USER32.dll
 0002:000001e4       __imp__ClientToScreen@8    0040c1e4     user32:USER32.dll
 0002:000001e8       __imp__GetWindow@8         0040c1e8     user32:USER32.dll
 0002:000001ec       __imp__GetDlgCtrlID@4      0040c1ec     user32:USER32.dll
 0002:000001f0       __imp__GetWindowRect@8     0040c1f0     user32:USER32.dll
 0002:000001f4       __imp__PtInRect@12         0040c1f4     user32:USER32.dll
 0002:000001f8       __imp__SendMessageA@16     0040c1f8     user32:USER32.dll
 0002:000001fc       __imp__CallWindowProcA@20  0040c1fc     user32:USER32.dll
 0002:00000200       __imp__DefWindowProcA@16   0040c200     user32:USER32.dll
 0002:00000204       __imp__SetWindowPos@28     0040c204     user32:USER32.dll
 0002:00000208       __imp__SetMenu@8           0040c208     user32:USER32.dll
 0002:0000020c       __imp__DestroyMenu@4       0040c20c     user32:USER32.dll
 0002:00000210       __imp__GetMenu@4           0040c210     user32:USER32.dll
 0002:00000214       __imp__AdjustWindowRectEx@16 0040c214     user32:USER32.dll
 0002:00000218       __imp__GetParent@4         0040c218     user32:USER32.dll
 0002:0000021c       __imp__GetActiveWindow@0   0040c21c     user32:USER32.dll
 0002:00000220       __imp__GetWindowLongA@8    0040c220     user32:USER32.dll
 0002:00000224       __imp__GetLastActivePopup@4 0040c224     user32:USER32.dll
 0002:00000228       __imp__EnableWindow@8      0040c228     user32:USER32.dll
 0002:0000022c       __imp__GetDesktopWindow@0  0040c22c     user32:USER32.dll
 0002:00000230       __imp__IsWindowEnabled@4   0040c230     user32:USER32.dll
 0002:00000234       __imp__SetActiveWindow@4   0040c234     user32:USER32.dll
 0002:00000238       \177USER32_NULL_THUNK_DATA 0040c238     user32:USER32.dll
 0002:00000240       ??_7CDlgVC6App@@6B@        0040c240     DlgVC6.obj
 0002:0000027c       ??_7CWinThread@@6B@        0040c27c     DlgVC6.obj
 0002:00000294       ??_7CWinApp@@6B@           0040c294     DlgVC6.obj
 0002:000002d0       ??_7CWnd@@6B@              0040c2d0     DlgVC6.obj
 0002:00000348       ??_7CMenuMTL@@6B@          0040c348     DlgVC6.obj
 0002:0000034c       ??_7CTestCmdUI@@6B@        0040c34c     DlgVC6.obj
 0002:0000035c       ??_7CDCMTL@@6B@            0040c35c     DlgVC6.obj
 0002:00000374       ??_7CDialog@@6B@           0040c374     DlgVC6.obj
 0002:00000404       ??_7CAboutDlg@@6B@         0040c404     DlgVC6Dlg.obj
 0002:00000494       ??_7CDlgVC6Dlg@@6B@        0040c494     DlgVC6Dlg.obj
 0002:00000524       ??_7CPaintDCMTL@@6B@       0040c524     DlgVC6Dlg.obj
 0002:00000540       ?classCDialog@CDialog@@2UCRuntimeClass@@B 0040c540     StdAfx.obj
 0002:00000560       ?classCWnd@CWnd@@2UCRuntimeClass@@B 0040c560     StdAfx.obj
 0002:00000580       ?classCCmdTarget@CCmdTarget@@2UCRuntimeClass@@B 0040c580     StdAfx.obj
 0002:000005a0       ?classCObject@CObject@@2UCRuntimeClass@@B 0040c5a0     StdAfx.obj
 0002:000005c0       ?sizeDefault@CScrollView@@2UtagSIZE@@B 0040c5c0     StdAfx.obj
 0002:000005c8       ??_7CCmdTarget@@6B@        0040c5c8     StdAfx.obj
 0002:000006c8       ??_C@_0BH@PHHF@__GLOBAL_HEAP_SELECTED?$AA@ 0040c6c8     LIBCMT:heapinit.obj
 0002:000006e0       ??_C@_0BF@BBGL@__MSVCRT_HEAP_SELECT?$AA@ 0040c6e0     LIBCMT:heapinit.obj
 0002:000006f8       ??_C@_0P@GGKG@runtime?5error?5?$AA@ 0040c6f8     LIBCMT:crt0msg.obj
 0002:00000708       ??_C@_02PIMC@?$AN?6?$AA@   0040c708     LIBCMT:crt0msg.obj
 0002:0000070c       ??_C@_0O@DELO@TLOSS?5error?$AN?6?$AA@ 0040c70c     LIBCMT:crt0msg.obj
 0002:0000071c       ??_C@_0N@OMLL@SING?5error?$AN?6?$AA@ 0040c71c     LIBCMT:crt0msg.obj
 0002:0000072c       ??_C@_0P@OJAK@DOMAIN?5error?$AN?6?$AA@ 0040c72c     LIBCMT:crt0msg.obj
 0002:0000073c       ??_C@_0CF@EANP@R6028?$AN?6?9?5unable?5to?5initialize?5he@ 0040c73c     LIBCMT:crt0msg.obj
 0002:00000764       ??_C@_0DF@ECGN@R6027?$AN?6?9?5not?5enough?5space?5for?5lo@ 0040c764     LIBCMT:crt0msg.obj
 0002:0000079c       ??_C@_0DF@FKAC@R6026?$AN?6?9?5not?5enough?5space?5for?5st@ 0040c79c     LIBCMT:crt0msg.obj
 0002:000007d4       ??_C@_0CG@DPMN@R6025?$AN?6?9?5pure?5virtual?5function?5c@ 0040c7d4     LIBCMT:crt0msg.obj
 0002:000007fc       ??_C@_0DF@CKIP@R6024?$AN?6?9?5not?5enough?5space?5for?5_o@ 0040c7fc     LIBCMT:crt0msg.obj
 0002:00000834       ??_C@_0CJ@GGOE@R6019?$AN?6?9?5unable?5to?5open?5console?5@ 0040c834     LIBCMT:crt0msg.obj
 0002:00000860       ??_C@_0CB@LBOB@R6018?$AN?6?9?5unexpected?5heap?5error?$AN?6@ 0040c860     LIBCMT:crt0msg.obj
 0002:00000884       ??_C@_0CN@FPEG@R6017?$AN?6?9?5unexpected?5multithread?5@ 0040c884     LIBCMT:crt0msg.obj
 0002:000008b4       ??_C@_0CM@OBIC@R6016?$AN?6?9?5not?5enough?5space?5for?5th@ 0040c8b4     LIBCMT:crt0msg.obj
 0002:000008e0       ??_C@_0CB@HPAL@?$AN?6abnormal?5program?5termination?$AN?6@ 0040c8e0     LIBCMT:crt0msg.obj
 0002:00000904       ??_C@_0CM@JOOB@R6009?$AN?6?9?5not?5enough?5space?5for?5en@ 0040c904     LIBCMT:crt0msg.obj
 0002:00000930       ??_C@_0CK@OIBL@R6008?$AN?6?9?5not?5enough?5space?5for?5ar@ 0040c930     LIBCMT:crt0msg.obj
 0002:0000095c       ??_C@_0CF@LKPB@R6002?$AN?6?9?5floating?5point?5not?5load@ 0040c95c     LIBCMT:crt0msg.obj
 0002:00000984       ??_C@_0CF@JPDF@Microsoft?5Visual?5C?$CL?$CL?5Runtime?5Lib@ 0040c984     LIBCMT:crt0msg.obj
 0002:000009ac       ??_C@_02JJJH@?6?6?$AA@     0040c9ac     LIBCMT:crt0msg.obj
 0002:000009b0       ??_C@_0BK@DEOK@Runtime?5Error?$CB?6?6Program?3?5?$AA@ 0040c9b0     LIBCMT:crt0msg.obj
 0002:000009cc       ??_C@_03NAME@?4?4?4?$AA@   0040c9cc     LIBCMT:crt0msg.obj
 0002:000009d0       ??_C@_0BH@NNCD@?$DMprogram?5name?5unknown?$DO?$AA@ 0040c9d0     LIBCMT:crt0msg.obj
 0002:00000a00       ??_C@_01A@?$AA?$AA@        0040ca00     LIBCMT:a_map.obj
 0002:00000a04       ??_C@_13A@?$AA?$AA?$AA?$AA@ 0040ca04     LIBCMT:a_map.obj
 0002:00000a2c       ??_C@_0BD@NJFP@GetLastActivePopup?$AA@ 0040ca2c     LIBCMT:crtmbox.obj
 0002:00000a40       ??_C@_0BA@GILI@GetActiveWindow?$AA@ 0040ca40     LIBCMT:crtmbox.obj
 0002:00000a50       ??_C@_0M@PKCK@MessageBoxA?$AA@ 0040ca50     LIBCMT:crtmbox.obj
 0002:00000a5c       ??_C@_0L@HKL@user32?4dll?$AA@ 0040ca5c     LIBCMT:crtmbox.obj
 0002:00000a68       ??_C@_07CJME@H?3mm?3ss?$AA@ 0040ca68     LIBCMT:strftime.obj
 0002:00000a70       ??_C@_0BE@MHI@dddd?0?5MMMM?5dd?0?5yyyy?$AA@ 0040ca70     LIBCMT:strftime.obj
 0002:00000a84       ??_C@_06HCAD@M?1d?1yy?$AA@ 0040ca84     LIBCMT:strftime.obj
 0002:00000a8c       ??_C@_02DBLP@PM?$AA@       0040ca8c     LIBCMT:strftime.obj
 0002:00000a90       ??_C@_02ENLM@AM?$AA@       0040ca90     LIBCMT:strftime.obj
 0002:00000a94       ??_C@_08LIDF@December?$AA@ 0040ca94     LIBCMT:strftime.obj
 0002:00000aa0       ??_C@_08NJLI@November?$AA@ 0040caa0     LIBCMT:strftime.obj
 0002:00000aac       ??_C@_07IAMM@October?$AA@  0040caac     LIBCMT:strftime.obj
 0002:00000ab4       ??_C@_09MKGD@September?$AA@ 0040cab4     LIBCMT:strftime.obj
 0002:00000ac0       ??_C@_06PADP@August?$AA@   0040cac0     LIBCMT:strftime.obj
 0002:00000ac8       ??_C@_04PIJO@July?$AA@     0040cac8     LIBCMT:strftime.obj
 0002:00000ad0       ??_C@_04ICFP@June?$AA@     0040cad0     LIBCMT:strftime.obj
 0002:00000ad8       ??_C@_05JFGC@April?$AA@    0040cad8     LIBCMT:strftime.obj
 0002:00000ae0       ??_C@_05FGPD@March?$AA@    0040cae0     LIBCMT:strftime.obj
 0002:00000ae8       ??_C@_08PGBA@February?$AA@ 0040cae8     LIBCMT:strftime.obj
 0002:00000af4       ??_C@_07BPKJ@January?$AA@  0040caf4     LIBCMT:strftime.obj
 0002:00000afc       ??_C@_03PGJO@Dec?$AA@      0040cafc     LIBCMT:strftime.obj
 0002:00000b00       ??_C@_03PDLM@Nov?$AA@      0040cb00     LIBCMT:strftime.obj
 0002:00000b04       ??_C@_03BLHK@Oct?$AA@      0040cb04     LIBCMT:strftime.obj
 0002:00000b08       ??_C@_03DPFM@Sep?$AA@      0040cb08     LIBCMT:strftime.obj
 0002:00000b0c       ??_C@_03CMCH@Aug?$AA@      0040cb0c     LIBCMT:strftime.obj
 0002:00000b10       ??_C@_03OBKI@Jul?$AA@      0040cb10     LIBCMT:strftime.obj
 0002:00000b14       ??_C@_03LEIG@Jun?$AA@      0040cb14     LIBCMT:strftime.obj
 0002:00000b18       ??_C@_03MGHB@May?$AA@      0040cb18     LIBCMT:strftime.obj
 0002:00000b1c       ??_C@_03MJJM@Apr?$AA@      0040cb1c     LIBCMT:strftime.obj
 0002:00000b20       ??_C@_03GNHA@Mar?$AA@      0040cb20     LIBCMT:strftime.obj
 0002:00000b24       ??_C@_03PICE@Feb?$AA@      0040cb24     LIBCMT:strftime.obj
 0002:00000b28       ??_C@_03IEIF@Jan?$AA@      0040cb28     LIBCMT:strftime.obj
 0002:00000b2c       ??_C@_08FAKH@Saturday?$AA@ 0040cb2c     LIBCMT:strftime.obj
 0002:00000b38       ??_C@_06ONCK@Friday?$AA@   0040cb38     LIBCMT:strftime.obj
 0002:00000b40       ??_C@_08CCFO@Thursday?$AA@ 0040cb40     LIBCMT:strftime.obj
 0002:00000b4c       ??_C@_09PBIN@Wednesday?$AA@ 0040cb4c     LIBCMT:strftime.obj
 0002:00000b58       ??_C@_07BMBC@Tuesday?$AA@  0040cb58     LIBCMT:strftime.obj
 0002:00000b60       ??_C@_06CHLK@Monday?$AA@   0040cb60     LIBCMT:strftime.obj
 0002:00000b68       ??_C@_06OOEM@Sunday?$AA@   0040cb68     LIBCMT:strftime.obj
 0002:00000b70       ??_C@_03MPKK@Sat?$AA@      0040cb70     LIBCMT:strftime.obj
 0002:00000b74       ??_C@_03FINJ@Fri?$AA@      0040cb74     LIBCMT:strftime.obj
 0002:00000b78       ??_C@_03HIKC@Thu?$AA@      0040cb78     LIBCMT:strftime.obj
 0002:00000b7c       ??_C@_03HECK@Wed?$AA@      0040cb7c     LIBCMT:strftime.obj
 0002:00000b80       ??_C@_03ECCP@Tue?$AA@      0040cb80     LIBCMT:strftime.obj
 0002:00000b84       ??_C@_03PIEP@Mon?$AA@      0040cb84     LIBCMT:strftime.obj
 0002:00000b88       ??_C@_03FHEP@Sun?$AA@      0040cb88     LIBCMT:strftime.obj
 0002:00000b8c       ___dnames                  0040cb8c     LIBCMT:timeset.obj
 0002:00000ba4       ___mnames                  0040cba4     LIBCMT:timeset.obj
 0002:00000dd0       __IMPORT_DESCRIPTOR_KERNEL32 0040cdd0     kernel32:KERNEL32.dll
 0002:00000de4       __IMPORT_DESCRIPTOR_USER32 0040cde4     user32:USER32.dll
 0002:00000df8       __IMPORT_DESCRIPTOR_COMCTL32 0040cdf8     comctl32:COMCTL32.dll
 0002:00000e0c       __IMPORT_DESCRIPTOR_GDI32  0040ce0c     gdi32:GDI32.dll
 0002:00000e20       __IMPORT_DESCRIPTOR_SHLWAPI 0040ce20     Shlwapi:SHLWAPI.dll
 0002:00000e34       __NULL_IMPORT_DESCRIPTOR   0040ce34     kernel32:KERNEL32.dll
 0003:00000000       ___xc_a                    0040e000     LIBCMT:crt0init.obj
 0003:0000001c       ___xc_z                    0040e01c     LIBCMT:crt0init.obj
 0003:00000020       ___xi_a                    0040e020     LIBCMT:crt0init.obj
 0003:00000030       ___xi_z                    0040e030     LIBCMT:crt0init.obj
 0003:00000034       ___xp_a                    0040e034     LIBCMT:crt0init.obj
 0003:00000038       ___xp_z                    0040e038     LIBCMT:crt0init.obj
 0003:0000003c       ___xt_a                    0040e03c     LIBCMT:crt0init.obj
 0003:00000044       ___xt_z                    0040e044     LIBCMT:crt0init.obj
 0003:00000050       ?_atltmpPchNil@WTL@@3PBDB  0040e050     DlgVC6.obj
 0003:00000054       ?_atltmpDataNil@WTL@@3PAUCStringData@1@A 0040e054     DlgVC6.obj
 0003:00000058       ?rgInitData@WTL@@3PAHA     0040e058     DlgVC6.obj
 0003:00000068       ??_C@_0L@LBNJ@AfxWndMtls?$AA@ 0040e068     DlgVC6.obj
 0003:00000074       ??_C@_0BD@HCBA@AfxFrameOrViewMtls?$AA@ 0040e074     DlgVC6.obj
 0003:00000088       ??_C@_0BA@NJK@AfxMDIFrameMtls?$AA@ 0040e088     DlgVC6.obj
 0003:00000098       ??_C@_0BC@JFPC@AfxControlBarMtls?$AA@ 0040e098     DlgVC6.obj
 0003:000000ac       ??_C@_0BC@ELON@AfxOleControlMtls?$AA@ 0040e0ac     DlgVC6.obj
 0003:000000c0       ??_C@_04EDLP@Edit?$AA@     0040e0c0     DlgVC6.obj
 0003:000000c8       ??_C@_07IJJI@CDialog?$AA@  0040e0c8     StdAfx.obj
 0003:000000d0       ??_C@_04MBPC@CWnd?$AA@     0040e0d0     StdAfx.obj
 0003:000000d8       ??_C@_0L@MION@CCmdTarget?$AA@ 0040e0d8     StdAfx.obj
 0003:000000e4       ??_C@_07EFMO@CObject?$AA@  0040e0e4     StdAfx.obj
 0003:000000f0       ?GUID_ATLVer30@ATL@@3U_GUID@@A 0040e0f0     StdAfx.obj
 0003:00000100       ??_C@_04CLNG@?4INI?$AA@    0040e100     StdAfx.obj
 0003:00000108       ??_C@_04DMK@?4HLP?$AA@     0040e108     StdAfx.obj
 0003:00000110       ??_C@_04MCON@?4CHM?$AA@    0040e110     StdAfx.obj
 0003:00000118       __NLG_Destination          0040e118     LIBCMT:exsup.obj
 0003:00000130       __aexit_rtn                0040e130     LIBCMT:wincrt0.obj
 0003:00000134       ___app_type                0040e134     LIBCMT:wincrt0.obj
 0003:00000140       ___tlsindex                0040e140     LIBCMT:tidtable.obj
 0003:00000144       ?__pInconsistency@@3P6AXXZA 0040e144     LIBCMT:hooks.obj
 0003:00000148       __amblksiz                 0040e148     LIBCMT:heapinit.obj
 0003:00000150       ___old_small_block_heap    0040e150     LIBCMT:sbheap.obj
 0003:00002174       ___old_sbh_threshold       00410174     LIBCMT:sbheap.obj
 0003:00002178       __locktable                00410178     LIBCMT:mlock.obj
 0003:00002340       __XcptActTab               00410340     LIBCMT:winxfltr.obj
 0003:000023b8       __First_FPE_Indx           004103b8     LIBCMT:winxfltr.obj
 0003:000023bc       __Num_FPE                  004103bc     LIBCMT:winxfltr.obj
 0003:000023c0       __XcptActTabSize           004103c0     LIBCMT:winxfltr.obj
 0003:000023c4       __XcptActTabCount          004103c4     LIBCMT:winxfltr.obj
 0003:000023c8       ___badioinfo               004103c8     LIBCMT:ioinit.obj
 0003:000025e8       __pctype                   004105e8     LIBCMT:ctype.obj
 0003:000025ec       __pwctype                  004105ec     LIBCMT:ctype.obj
 0003:000025f0       __ctype                    004105f0     LIBCMT:ctype.obj
 0003:000027f4       ___mb_cur_max              004107f4     LIBCMT:nlsdata1.obj
 0003:000027f8       ___decimal_point           004107f8     LIBCMT:nlsdata1.obj
 0003:000027fc       ___decimal_point_length    004107fc     LIBCMT:nlsdata1.obj
 0003:00002910       ___lc_time_curr            00410910     LIBCMT:strftime.obj
 0003:00002918       ___lc_time_c               00410918     LIBCMT:strftime.obj
 0003:000029c8       ___lconv_static_decimal    004109c8     LIBCMT:lconv.obj
 0003:000029d0       ___lconv_c                 004109d0     LIBCMT:lconv.obj
 0003:00002a00       ___lconv                   00410a00     LIBCMT:lconv.obj
 0003:00002a10       __timezone                 00410a10     LIBCMT:timeset.obj
 0003:00002a14       __daylight                 00410a14     LIBCMT:timeset.obj
 0003:00002a18       __dstbias                  00410a18     LIBCMT:timeset.obj
 0003:00002a9c       __tzname                   00410a9c     LIBCMT:timeset.obj
 0003:00002ad0       __lpdays                   00410ad0     LIBCMT:days.obj
 0003:00002b04       __days                     00410b04     LIBCMT:days.obj
 0003:00002b38       ?_pModule@ATL@@3PAVCComModule@1@A 00410b38     DlgVC6.obj
 0003:00002b40       ?theApp@@3VCDlgVC6App@@A   00410b40     DlgVC6.obj
 0003:00002c7c       ?hHalftoneBrush@?1??HalftoneBrush@CAfx@@SAPAUHBRUSH__@@H@Z@4PAU3@A 00410c7c     DlgVC6.obj
 0003:00002c80       ?cwp@?1??GetHookOldCbtFilter@CWnd@@SAAAU_CreateWindowParam@2@XZ@4U32@A 00410c80     DlgVC6.obj
 0003:00002c90       ?m_pCWinApp@CWinApp@@2PAV1@A 00410c90     StdAfx.obj
 0003:00002c98       ?rectDefault@CFrameWnd@@2VCRect@WTL@@B 00410c98     StdAfx.obj
 0003:00002ca8       ?_AtlWinModule@@3VCComModule@ATL@@A 00410ca8     StdAfx.obj
 0003:00002d30       ?wndTopMost@CWMHnd@@2V1@B  00410d30     StdAfx.obj
 0003:00002d40       ?wndBottom@CWMHnd@@2V1@B   00410d40     StdAfx.obj
 0003:00002d50       ?wndTop@CWMHnd@@2V1@B      00410d50     StdAfx.obj
 0003:00002d60       ?wndNoTopMost@CWMHnd@@2V1@B 00410d60     StdAfx.obj
 0003:00002d70       ??_C@_00A@?$AA@            00410d70     StdAfx.obj
 0003:00002d74       __aenvptr                  00410d74     LIBCMT:wincrt0.obj
 0003:00002d78       __wenvptr                  00410d78     LIBCMT:wincrt0.obj
 0003:00002d7c       ___error_mode              00410d7c     LIBCMT:wincrt0.obj
 0003:00002d80       __umaskval                 00410d80     LIBCMT:crt0dat.obj
 0003:00002d84       __osver                    00410d84     LIBCMT:crt0dat.obj
 0003:00002d88       __winver                   00410d88     LIBCMT:crt0dat.obj
 0003:00002d8c       __winmajor                 00410d8c     LIBCMT:crt0dat.obj
 0003:00002d90       __winminor                 00410d90     LIBCMT:crt0dat.obj
 0003:00002d94       ___argc                    00410d94     LIBCMT:crt0dat.obj
 0003:00002d98       ___argv                    00410d98     LIBCMT:crt0dat.obj
 0003:00002d9c       ___wargv                   00410d9c     LIBCMT:crt0dat.obj
 0003:00002da0       __environ                  00410da0     LIBCMT:crt0dat.obj
 0003:00002da4       ___initenv                 00410da4     LIBCMT:crt0dat.obj
 0003:00002da8       __wenviron                 00410da8     LIBCMT:crt0dat.obj
 0003:00002dac       ___winitenv                00410dac     LIBCMT:crt0dat.obj
 0003:00002db0       __pgmptr                   00410db0     LIBCMT:crt0dat.obj
 0003:00002db4       __wpgmptr                  00410db4     LIBCMT:crt0dat.obj
 0003:00002db8       __exitflag                 00410db8     LIBCMT:crt0dat.obj
 0003:00002dbc       __C_Termination_Done       00410dbc     LIBCMT:crt0dat.obj
 0003:00002dc0       __C_Exit_Done              00410dc0     LIBCMT:crt0dat.obj
 0003:00002f34       __adbgmsg                  00410f34     LIBCMT:crt0msg.obj
 0003:00002f38       __newmode                  00410f38     LIBCMT:_newmode.obj
 0003:00002f3c       ?_pnhHeap@@3P6AHI@ZA       00410f3c     LIBCMT:handler.obj
 0003:00002f44       ___lc_handle               00410f44     LIBCMT:nlsdata2.obj
 0003:00002f5c       ___lc_codepage             00410f5c     LIBCMT:nlsdata2.obj
 0003:00002f60       ___lc_collate_cp           00410f60     LIBCMT:nlsdata2.obj
 0003:00002f98       ___lc_time_intl            00410f98     LIBCMT:inittime.obj
 0003:00002fb4       ___lc_id                   00410fb4     LIBCMT:nlsdata3.obj
 0003:00003004       ___lconv_static_null       00411004     LIBCMT:lconv.obj
 0003:000030d8       ?$S55@?1??_GetCModuleState@CWinApp@@SAPAVCModuleState@@XZ@4EA 004110d8     <common>
 0003:000030e0       ?cModuleState@?1??_GetCModuleState@CWinApp@@SAPAVCModuleState@@XZ@4V3@A 004110e0     <common>
 0003:00003104       ?m_lastSentMsg@?1??GetLastSentMsg@CCmdTarget@@SAAAPAUtagMSG@@XZ@4PAU3@A 00411104     <common>
 0003:00003108       ___setlc_active            00411108     <common>
 0003:0000310c       ___unguarded_readlc_active 0041110c     <common>
 0003:00003120       ___pioinfo                 00411120     <common>
 0003:00003220       __nhandle                  00411220     <common>
 0003:00003224       ___mbcodepage              00411224     <common>
 0003:00003230       ___mbulinfo                00411230     <common>
 0003:0000323c       ___ismbcodepage            0041123c     <common>
 0003:00003240       __mbcasemap                00411240     <common>
 0003:00003340       __mbctype                  00411340     <common>
 0003:00003444       ___mblcid                  00411444     <common>
 0003:00003448       ___sbh_sizeHeaderList      00411448     <common>
 0003:0000344c       ___sbh_indGroupDefer       0041144c     <common>
 0003:00003450       ___sbh_pHeaderScan         00411450     <common>
 0003:00003454       ___sbh_pHeaderDefer        00411454     <common>
 0003:00003458       ___sbh_cntHeaderList       00411458     <common>
 0003:0000345c       ___sbh_pHeaderList         0041145c     <common>
 0003:00003460       ___sbh_threshold           00411460     <common>
 0003:00003464       __crtheap                  00411464     <common>
 0003:00003468       ___active_heap             00411468     <common>
 0003:0000346c       ___env_initialized         0041146c     <common>
 0003:00003470       ___mbctype_initialized     00411470     <common>
 0003:00003474       ___onexitend               00411474     <common>
 0003:00003478       ___onexitbegin             00411478     <common>
 0003:0000347c       __FPinit                   0041147c     <common>
 0003:00003480       __acmdln                   00411480     <common>

 entry point at        0001:00005851

 Static symbols

 0001:000046f0       _$E66                      004056f0 f   StdAfx.obj
 0001:00004700       _$E62                      00405700 f   StdAfx.obj
 0001:00004720       _$E65                      00405720 f   StdAfx.obj
 0001:00004730       _$E63                      00405730 f   StdAfx.obj
 0001:00004760       _$E71                      00405760 f   StdAfx.obj
 0001:00004770       _$E68                      00405770 f   StdAfx.obj
 0001:00004790       _$E70                      00405790 f   StdAfx.obj
 0001:000047a0       _$E69                      004057a0 f   StdAfx.obj
 0001:000047d0       _$E76                      004057d0 f   StdAfx.obj
 0001:000047e0       _$E73                      004057e0 f   StdAfx.obj
 0001:00004800       _$E75                      00405800 f   StdAfx.obj
 0001:00004810       _$E74                      00405810 f   StdAfx.obj
 0001:00004840       _$E81                      00405840 f   StdAfx.obj
 0001:00004850       _$E78                      00405850 f   StdAfx.obj
 0001:00004870       _$E80                      00405870 f   StdAfx.obj
 0001:00004880       _$E79                      00405880 f   StdAfx.obj
 0001:000048b0       _$E84                      004058b0 f   StdAfx.obj
 0001:000048c0       _$E83                      004058c0 f   StdAfx.obj
 0001:00000200       _$E65                      00401200 f   DlgVC6.obj
 0001:00000210       _$E62                      00401210 f   DlgVC6.obj
 0001:00000220       _$E64                      00401220 f   DlgVC6.obj
 0001:00000230       _$E63                      00401230 f   DlgVC6.obj
 0001:00009f40       _siglookup                 0040af40 f   LIBCMT:winsig.obj
 0001:00009c01       _x_ismbbtype               0040ac01 f   LIBCMT:ismbbyte.obj
 0001:00009a7c       _strncnt                   0040aa7c f   LIBCMT:a_map.obj
 0001:000094fc       _strtoxl                   0040a4fc f   LIBCMT:strtol.obj
 0001:00009220       LeadUp1                    0040a220 f   LIBCMT:memcpy.obj
 0001:0000924c       LeadUp2                    0040a24c f   LIBCMT:memcpy.obj
 0001:00009270       LeadUp3                    0040a270 f   LIBCMT:memcpy.obj
 0001:000092ef       UnwindUp0                  0040a2ef f   LIBCMT:memcpy.obj
 0001:000092dc       UnwindUp1                  0040a2dc f   LIBCMT:memcpy.obj
 0001:000092d4       UnwindUp2                  0040a2d4 f   LIBCMT:memcpy.obj
 0001:000092cc       UnwindUp3                  0040a2cc f   LIBCMT:memcpy.obj
 0001:000092c4       UnwindUp4                  0040a2c4 f   LIBCMT:memcpy.obj
 0001:000092bc       UnwindUp5                  0040a2bc f   LIBCMT:memcpy.obj
 0001:000092b4       UnwindUp6                  0040a2b4 f   LIBCMT:memcpy.obj
 0001:000092ac       UnwindUp7                  0040a2ac f   LIBCMT:memcpy.obj
 0001:00009308       TrailUp0                   0040a308 f   LIBCMT:memcpy.obj
 0001:00009310       TrailUp1                   0040a310 f   LIBCMT:memcpy.obj
 0001:0000931c       TrailUp2                   0040a31c f   LIBCMT:memcpy.obj
 0001:00009330       TrailUp3                   0040a330 f   LIBCMT:memcpy.obj
 0001:000093a8       LeadDown1                  0040a3a8 f   LIBCMT:memcpy.obj
 0001:000093c8       LeadDown2                  0040a3c8 f   LIBCMT:memcpy.obj
 0001:000093f0       LeadDown3                  0040a3f0 f   LIBCMT:memcpy.obj
 0001:00009444       UnwindDown7                0040a444 f   LIBCMT:memcpy.obj
 0001:0000944c       UnwindDown6                0040a44c f   LIBCMT:memcpy.obj
 0001:00009454       UnwindDown5                0040a454 f   LIBCMT:memcpy.obj
 0001:0000945c       UnwindDown4                0040a45c f   LIBCMT:memcpy.obj
 0001:00009464       UnwindDown3                0040a464 f   LIBCMT:memcpy.obj
 0001:0000946c       UnwindDown2                0040a46c f   LIBCMT:memcpy.obj
 0001:00009474       UnwindDown1                0040a474 f   LIBCMT:memcpy.obj
 0001:00009487       UnwindDown0                0040a487 f   LIBCMT:memcpy.obj
 0001:000094a0       TrailDown0                 0040a4a0 f   LIBCMT:memcpy.obj
 0001:000094a8       TrailDown1                 0040a4a8 f   LIBCMT:memcpy.obj
 0001:000094b8       TrailDown2                 0040a4b8 f   LIBCMT:memcpy.obj
 0001:000094cc       TrailDown3                 0040a4cc f   LIBCMT:memcpy.obj
 0001:000088ce       _parse_cmdline             004098ce f   LIBCMT:stdargv.obj
 0001:000086ea       _xcptlookup                004096ea f   LIBCMT:winxfltr.obj
 0001:00008298       _getSystemCP               00409298 f   LIBCMT:mbctype.obj
 0001:000082e2       _CPtoLCID                  004092e2 f   LIBCMT:mbctype.obj
 0001:00008315       _setSBCS                   00409315 f   LIBCMT:mbctype.obj
 0001:0000833e       _setSBUpLow                0040933e f   LIBCMT:mbctype.obj
 0001:00006520       _doexit                    00407520 f   LIBCMT:crt0dat.obj
 0001:000065d7       __initterm                 004075d7 f   LIBCMT:crt0dat.obj
 0001:00005b77       ?FindHandler@@YAXPAUEHExceptionRecord@@PAUEHRegistrationNode@@PAU_CONTEXT@@PAXPBU_s_FuncInfo@@EH1@Z 00406b77 f   LIBCMT:frame.obj
 0001:00005d2a       ?FindHandlerForForeignException@@YAXPAUEHExceptionRecord@@PAUEHRegistrationNode@@PAU_CONTEXT@@PAXPBU_s_FuncInfo@@HH1@Z 00406d2a f   LIBCMT:frame.obj
 0001:00005dd4       ?TypeMatch@@YAHPBU_s_HandlerType@@PBU_s_CatchableType@@PBU_s_ThrowInfo@@@Z 00406dd4 f   LIBCMT:frame.obj
 0001:00005ecf       ?FrameUnwindFilter@@YAHPAU_EXCEPTION_POINTERS@@@Z 00406ecf f   LIBCMT:frame.obj
 0001:00005ee5       ?CatchIt@@YAXPAUEHExceptionRecord@@PAUEHRegistrationNode@@PAU_CONTEXT@@PAXPBU_s_FuncInfo@@PBU_s_HandlerType@@PBU_s_CatchableType@@PBU_s_TryBlockMapEntry@@H1E@Z 00406ee5 f   LIBCMT:frame.obj
 0001:00005f60       ?CallCatchBlock@@YAPAXPAUEHExceptionRecord@@PAUEHRegistrationNode@@PAU_CONTEXT@@PBU_s_FuncInfo@@PAXHK@Z 00406f60 f   LIBCMT:frame.obj
 0001:0000607b       ?ExFilterRethrow@@YAHPAU_EXCEPTION_POINTERS@@@Z 0040707b f   LIBCMT:frame.obj
 0001:000060a5       ?BuildCatchObject@@YAXPAUEHExceptionRecord@@PAUEHRegistrationNode@@PBU_s_HandlerType@@PBU_s_CatchableType@@@Z 004070a5 f   LIBCMT:frame.obj
 0001:000062d0       ?AdjustPointer@@YAPAXPAXABUPMD@@@Z 004072d0 f   LIBCMT:frame.obj
 0001:0000597e       _fast_error_exit           0040697e f   LIBCMT:wincrt0.obj
 0001:00005470       LeadUp1                    00406470 f   LIBCMT:memmove.obj
 0001:0000549c       LeadUp2                    0040649c f   LIBCMT:memmove.obj
 0001:000054c0       LeadUp3                    004064c0 f   LIBCMT:memmove.obj
 0001:0000553f       UnwindUp0                  0040653f f   LIBCMT:memmove.obj
 0001:0000552c       UnwindUp1                  0040652c f   LIBCMT:memmove.obj
 0001:00005524       UnwindUp2                  00406524 f   LIBCMT:memmove.obj
 0001:0000551c       UnwindUp3                  0040651c f   LIBCMT:memmove.obj
 0001:00005514       UnwindUp4                  00406514 f   LIBCMT:memmove.obj
 0001:0000550c       UnwindUp5                  0040650c f   LIBCMT:memmove.obj
 0001:00005504       UnwindUp6                  00406504 f   LIBCMT:memmove.obj
 0001:000054fc       UnwindUp7                  004064fc f   LIBCMT:memmove.obj
 0001:00005558       TrailUp0                   00406558 f   LIBCMT:memmove.obj
 0001:00005560       TrailUp1                   00406560 f   LIBCMT:memmove.obj
 0001:0000556c       TrailUp2                   0040656c f   LIBCMT:memmove.obj
 0001:00005580       TrailUp3                   00406580 f   LIBCMT:memmove.obj
 0001:000055f8       LeadDown1                  004065f8 f   LIBCMT:memmove.obj
 0001:00005618       LeadDown2                  00406618 f   LIBCMT:memmove.obj
 0001:00005640       LeadDown3                  00406640 f   LIBCMT:memmove.obj
 0001:00005694       UnwindDown7                00406694 f   LIBCMT:memmove.obj
 0001:0000569c       UnwindDown6                0040669c f   LIBCMT:memmove.obj
 0001:000056a4       UnwindDown5                004066a4 f   LIBCMT:memmove.obj
 0001:000056ac       UnwindDown4                004066ac f   LIBCMT:memmove.obj
 0001:000056b4       UnwindDown3                004066b4 f   LIBCMT:memmove.obj
 0001:000056bc       UnwindDown2                004066bc f   LIBCMT:memmove.obj
 0001:000056c4       UnwindDown1                004066c4 f   LIBCMT:memmove.obj
 0001:000056d7       UnwindDown0                004066d7 f   LIBCMT:memmove.obj
 0001:000056f0       TrailDown0                 004066f0 f   LIBCMT:memmove.obj
 0001:000056f8       TrailDown1                 004066f8 f   LIBCMT:memmove.obj
 0001:00005708       TrailDown2                 00406708 f   LIBCMT:memmove.obj
 0001:0000571c       TrailDown3                 0040671c f   LIBCMT:memmove.obj
 0001:0000514c       _gu_return                 0040614c f   LIBCMT:exsup.obj
 0001:00005154       __unwind_handler           00406154 f   LIBCMT:exsup.obj
 0001:00004f69       ?CatchGuardHandler@@YA?AW4_EXCEPTION_DISPOSITION@@PAUEHExceptionRecord@@PAUCatchGuardRN@@PAX2@Z 00405f69 f   LIBCMT:trnsctrl.obj
 0001:00005044       ?TranslatorGuardHandler@@YA?AW4_EXCEPTION_DISPOSITION@@PAUEHExceptionRecord@@PAUTranslatorGuardRN@@PAX2@Z 00406044 f   LIBCMT:trnsctrl.obj

 855 bytes saved through ICF

