 DlgVC6

 Timestamp is 590d60b2 (Sat May 06 14:35:46 2017)

 Preferred load address is 00400000

 Start         Length     Name                   Class
 0001:00000000 0000cca6H .text                   CODE
 0001:0000ccb0 000002f1H .text$x                 CODE
 0002:00000000 0000023cH .idata$5                DATA
 0002:00000240 000009a1H .rdata                  DATA
 0002:00000be8 000002d0H .xdata$x                DATA
 0002:00000eb8 00000064H .idata$2                DATA
 0002:00000f1c 00000014H .idata$3                DATA
 0002:00000f30 0000023cH .idata$4                DATA
 0002:0000116c 0000098aH .idata$6                DATA
 0002:00001af6 00000000H .edata                  DATA
 0003:00000000 00000004H .CRT$XCA                DATA
 0003:00000004 00000018H .CRT$XCU                DATA
 0003:0000001c 00000004H .CRT$XCZ                DATA
 0003:00000020 00000004H .CRT$XIA                DATA
 0003:00000024 00000008H .CRT$XIC                DATA
 0003:0000002c 00000004H .CRT$XIY                DATA
 0003:00000030 00000004H .CRT$XIZ                DATA
 0003:00000034 00000004H .CRT$XPA                DATA
 0003:00000038 00000004H .CRT$XPZ                DATA
 0003:0000003c 00000004H .CRT$XTA                DATA
 0003:00000040 00000004H .CRT$XTB                DATA
 0003:00000044 00000004H .CRT$XTZ                DATA
 0003:00000050 00002ae8H .data                   DATA
 0003:00002b38 000009acH .bss                    DATA
 0004:00000000 000005b0H .rsrc$01                DATA
 0004:000005b0 00002340H .rsrc$02                DATA

  Address         Publics by Value              Rva+Base     Lib:Object

 0001:00000000       ??0CDlgVC6App@@QAE@XZ      00401000 f   DlgVC6.obj
 0001:00000180       ?_ProcessWindowMessage@CDlgVC6App@@UAEHPAUHWND__@@IIJAAJ@Z 00401180 f i DlgVC6.obj
 0001:00000250       ??1CDlgVC6App@@QAE@XZ      00401250 f i DlgVC6.obj
 0001:000003e0       ?InitInstance@CDlgVC6App@@UAEHXZ 004013e0 f   DlgVC6.obj
 0001:00000640       ??1CDlgVC6Dlg@@UAE@XZ      00401640 f i DlgVC6.obj
 0001:00000860       ??1?$CList@PAVCFrameWnd@@ABQAV1@@@QAE@XZ 00401860 f i DlgVC6.obj
 0001:00000860       ??1?$CList@PAUCRuntimeClass@@ABQAU1@@@QAE@XZ 00401860 f i DlgVC6.obj
 0001:00000880       ??1?$CHandleHashList@PAUHWND__@@VCWMHnd@@PAU1@$0BB@@@QAE@XZ 00401880 f i DlgVC6.obj
 0001:00000890       ??1CString@WTL@@QAE@XZ     00401890 f i DlgVC6.obj
 0001:000008c0       ??0CModuleState@@QAE@XZ    004018c0 f i DlgVC6.obj
 0001:000008f0       ?_ProcessWindowMessage@CCmdTarget@@UAEHPAUHWND__@@IIJAAJ@Z 004018f0 f i DlgVC6.obj
 0001:00000900       ?GetCurrentMessage@CCmdTarget@@UBEPBUtagMSG@@XZ 00401900 f i DlgVC6.obj
 0001:00000910       ?OnCmdMsg@CCmdTarget@@UAEHIHPAXPAUAFX_CMDHANDLERINFO@@@Z 00401910 f i DlgVC6.obj
 0001:00000a00       ??1CWMHnd@@UAE@XZ          00401a00 f i DlgVC6.obj
 0001:00000c40       ?DefWindowProcA@CWMHnd@@UAEJIIJ@Z 00401c40 f i DlgVC6.obj
 0001:00000c60       ?WindowProc@CWMHnd@@UAEJIIJ@Z 00401c60 f i DlgVC6.obj
 0001:00000c80       ?CalcWindowRect@CWMHnd@@UAEXPAUtagRECT@@I@Z 00401c80 f i DlgVC6.obj
 0001:00000cc0       ?DestroyWindow@CWMHnd@@UAEHXZ 00401cc0 f i DlgVC6.obj
 0001:00000cc0       ?DestroyWindow@CWnd@@UAEHXZ 00401cc0 f i DlgVC6.obj
 0001:00000cd0       ?EnableWindow@CWMHnd@@UAEXH@Z 00401cd0 f i DlgVC6.obj
 0001:00000cf0       ?GetMenu@CWMHnd@@UBEPAVCMenuMTL@@XZ 00401cf0 f i DlgVC6.obj
 0001:00000d80       ?NewNode@?$CHandleHashList@PAUHWND__@@VCWMHnd@@PAU1@$0BB@@@QAEPAV?$CHandlePair@PAUHWND__@@PAVCWMHnd@@PAU1@@@PAUHWND__@@@Z 00401d80 f i DlgVC6.obj
 0001:00000d80       ?NewNode@?$CHandleList@PAUHMENU__@@VCMenuMTL@@PAUHWND__@@@@QAEPAV?$CHandlePair@PAUHMENU__@@PAVCMenuMTL@@PAUHWND__@@@@PAUHMENU__@@@Z 00401d80 f i DlgVC6.obj
 0001:00000dc0       ?classHandleFuncCMenuMTL@CMenuMTL@@SAPAXPAX0@Z 00401dc0 f i DlgVC6.obj
 0001:00000e00       ??_ECMenuMTL@@UAEPAXI@Z    00401e00 f i DlgVC6.obj
 0001:00000e00       ??_GCMenuMTL@@UAEPAXI@Z    00401e00 f i DlgVC6.obj
 0001:00000e20       ??1CMenuMTL@@UAE@XZ        00401e20 f i DlgVC6.obj
 0001:00000ef0       ??1?$CMenuT@$00@WTL@@QAE@XZ 00401ef0 f i DlgVC6.obj
 0001:00000f10       ?ExitInstance@CWinApp@@UAEHXZ 00401f10 f i DlgVC6.obj
 0001:00000f10       ?IsFrameWnd@CWMHnd@@UAEHXZ 00401f10 f i DlgVC6.obj
 0001:00000f20       ?PreTranslateMessage@CWMHnd@@UAEHPAUtagMSG@@@Z 00401f20 f i DlgVC6.obj
 0001:00000f20       ?OpenDocumentFile@CWinApp@@UAEPAVCDocument@@PBD@Z 00401f20 f i DlgVC6.obj
 0001:00000f20       ?GetScrollBarCtrl@CWMHnd@@UBEPAVCScrollBarMTL@@H@Z 00401f20 f i DlgVC6.obj
 0001:00000f30       ?SetMenu@CWMHnd@@UAEHPAVCMenuMTL@@@Z 00401f30 f i DlgVC6.obj
 0001:00000f60       ??_ECWMHnd@@UAEPAXI@Z      00401f60 f i DlgVC6.obj
 0001:00000f60       ??_GCWMHnd@@UAEPAXI@Z      00401f60 f i DlgVC6.obj
 0001:00001170       ?classHandleFuncCWnd@CWnd@@SAPAXPAX0@Z 00402170 f i DlgVC6.obj
 0001:000011d0       ?WindowProc@CWnd@@UAEJIIJ@Z 004021d0 f i DlgVC6.obj
 0001:00001220       ?OnWndMsg@CWnd@@UAEHIIJPAJ@Z 00402220 f i DlgVC6.obj
 0001:000012a0       ?OnChildNotify@CWnd@@UAEHIIJPAJ@Z 004022a0 f i DlgVC6.obj
 0001:000014a0       ?OnCommand@CWnd@@UAEHIJ@Z  004024a0 f i DlgVC6.obj
 0001:00001600       ?Enable@CTestCmdUI@@UAEXH@Z 00402600 f i DlgVC6.obj
 0001:00001620       ?DoDataExchange@CWMHnd@@UAEXPAVCDataExchange@@@Z 00402620 f i DlgVC6.obj
 0001:00001620       ?Serialize@CObject@@UAEXAAVCArchive@@@Z 00402620 f i DlgVC6.obj
 0001:00001620       ?SetCheck@CTestCmdUI@@UAEXH@Z 00402620 f i DlgVC6.obj
 0001:00001620       ?SetText@CTestCmdUI@@UAEXPBD@Z 00402620 f i DlgVC6.obj
 0001:00001620       ?SetRadio@CTestCmdUI@@UAEXH@Z 00402620 f i DlgVC6.obj
 0001:00001630       ?OnToolHitTest@CWnd@@UBEJVCPoint@WTL@@PAUtagTOOLINFOA@@@Z 00402630 f i DlgVC6.obj
 0001:00001760       ?OnNotify@CWnd@@UAEHIJPAJ@Z 00402760 f i DlgVC6.obj
 0001:00001860       ?Create@CWnd@@UAEHPBD0KABUtagRECT@@PAV1@IPAUCCreateContext@@@Z 00402860 f i DlgVC6.obj
 0001:000018c0       ?CreateEx@CWnd@@UAEHKPBD0KHHHHPAUHWND__@@PAUHMENU__@@PAX@Z 004028c0 f i DlgVC6.obj
 0001:00001a50       ?CbtFilterHook@CWnd@@SGJHIJ@Z 00402a50 f i DlgVC6.obj
 0001:00001c20       ?classHandleFuncCWMHnd@CWMHnd@@SAPAXPAX0@Z 00402c20 f i DlgVC6.obj
 0001:00001c70       ?AfxWindowProc@CWMHnd@@SGJPAUHWND__@@IIJ@Z 00402c70 f i DlgVC6.obj
 0001:00001cd0       ?PreCreateWindow@CWnd@@UAEHAAUtagCREATESTRUCTA@@@Z 00402cd0 f i DlgVC6.obj
 0001:00002020       ??YCString@WTL@@QAEAAV01@PBD@Z 00403020 f i DlgVC6.obj
 0001:00002140       ?memcpy_x@SecureHelper@WTL@@YAXPAXIPBXI@Z 00403140 f i DlgVC6.obj
 0001:00002170       ?AllocBuffer@CString@WTL@@IAEHH@Z 00403170 f i DlgVC6.obj
 0001:000021d0       ?ConcatInPlace@CString@WTL@@IAEXHPBD@Z 004031d0 f i DlgVC6.obj
 0001:000022d0       ?_AfxInitCommonControls@CAfx@@SAJPAUtagINITCOMMONCONTROLSEX@@J@Z 004032d0 f i DlgVC6.obj
 0001:000022f0       ?_AfxRegisterWithIcon@CAfx@@SAHPAUtagWNDCLASSA@@PBDI@Z 004032f0 f i DlgVC6.obj
 0001:00002530       ?Release@CString@WTL@@KGXPAUCStringData@2@@Z 00403530 f i DlgVC6.obj
 0001:00002560       ?AfxRegisterClass@CAfx@@SAHPAUtagWNDCLASSA@@@Z 00403560 f i DlgVC6.obj
 0001:00002790       ?ContinueModal@CWnd@@UAEHXZ 00403790 f i DlgVC6.obj
 0001:000027a0       ?EndModalLoop@CWnd@@UAEXH@Z 004037a0 f i DlgVC6.obj
 0001:000027d0       ??_GCWnd@@UAEPAXI@Z        004037d0 f i DlgVC6.obj
 0001:000027d0       ??_ECWnd@@UAEPAXI@Z        004037d0 f i DlgVC6.obj
 0001:000027f0       ??1CWnd@@UAE@XZ            004037f0 f i DlgVC6.obj
 0001:00002a60       ?_ProcessWindowMessage@CWnd@@UAEHPAUHWND__@@IIJAAJ@Z 00403a60 f i DlgVC6.obj
 0001:00002ce0       ??1?$CDCT@$00@WTL@@QAE@XZ  00403ce0 f i DlgVC6.obj
 0001:00002d00       ?FromHandle@?$CHandleHashList@PAUHWND__@@VCWMHnd@@PAU1@$0BB@@@QAEPAVCWMHnd@@QAUHWND__@@PAV2@0Q6APAXPAX2@Z@Z 00403d00 f i DlgVC6.obj
 0001:00002dc0       ?SetAttribDC@CDCMTL@@UAEXPAUHDC__@@@Z 00403dc0 f i DlgVC6.obj
 0001:00002dd0       ?ReleaseAttribDC@CDCMTL@@UAEXXZ 00403dd0 f i DlgVC6.obj
 0001:00002de0       ?SaveDC@CDCMTL@@UAEHXZ     00403de0 f i DlgVC6.obj
 0001:00002e20       ?RestoreDC@CDCMTL@@UAEHH@Z 00403e20 f i DlgVC6.obj
 0001:00002e70       ?TextOutA@CDCMTL@@UAEHHHPBDH@Z 00403e70 f i DlgVC6.obj
 0001:00002ea0       ??_ECDCMTL@@UAEPAXI@Z      00403ea0 f i DlgVC6.obj
 0001:00002ea0       ??_GCDCMTL@@UAEPAXI@Z      00403ea0 f i DlgVC6.obj
 0001:00002ec0       ??1CDCMTL@@UAE@XZ          00403ec0 f i DlgVC6.obj
 0001:00002f90       ?Default@CWMHnd@@QAEJXZ    00403f90 f i DlgVC6.obj
 0001:00002f90       ?OnInitDialog@CWMHnd@@UAEHXZ 00403f90 f i DlgVC6.obj
 0001:00002fb0       ?UnsubclassWindow@CWMHnd@@QAEPAUHWND__@@XZ 00403fb0 f i DlgVC6.obj
 0001:00003200       ?classHandleFuncCDialog@CDialog@@SAPAXPAX0@Z 00404200 f i DlgVC6.obj
 0001:00003270       ?OnOK@CDialog@@UAEXXZ      00404270 f i DlgVC6.obj
 0001:000032e0       ?OnCancel@CDialog@@UAEXXZ  004042e0 f i DlgVC6.obj
 0001:00003310       ?OnInitDialog@CDialog@@UAEHXZ 00404310 f i DlgVC6.obj
 0001:000033e0       ?ExecuteDlgInit@CWnd@@QAEHPAX@Z 004043e0 f i DlgVC6.obj
 0001:000034c0       ?Create@CDialog@@UAEHIPAVCWnd@@@Z 004044c0 f i DlgVC6.obj
 0001:000034e0       ?Create@CDialog@@UAEHPBDPAVCWnd@@@Z 004044e0 f i DlgVC6.obj
 0001:00003690       ?AtlModuleAddCreateWndData@ATL@@YGXPAU_ATL_MODULE@1@PAU_AtlCreateWndData@1@PAX@Z 00404690 f i DlgVC6.obj
 0001:000036d0       ?AfxEndDeferRegisterClass@CAfx@@SAHJ@Z 004046d0 f i DlgVC6.obj
 0001:00003c60       ?CreateIndirect@CDialog@@UAEHPAXPAVCWnd@@PAUHINSTANCE__@@@Z 00404c60 f i DlgVC6.obj
 0001:00003e00       ?DoModal@CDialog@@UAEJXZ   00404e00 f i DlgVC6.obj
 0001:000041b0       ?PreTranslateMessage@CDialog@@UAEHPAUtagMSG@@@Z 004051b0 f i DlgVC6.obj
 0001:000042c0       ??_ECDialog@@UAEPAXI@Z     004052c0 f i DlgVC6.obj
 0001:000042c0       ??_GCDialog@@UAEPAXI@Z     004052c0 f i DlgVC6.obj
 0001:000042e0       ??1CDialog@@UAE@XZ         004052e0 f i DlgVC6.obj
 0001:00004500       ??_9@$BHE@AE               00405500 f i DlgVC6.obj
 0001:00004510       ??_9@$BHI@AE               00405510 f i DlgVC6.obj
 0001:00004520       ?AfxDlgProc@CWnd@@SGJPAUHWND__@@IIJ@Z 00405520 f i DlgVC6.obj
 0001:00004710       ?FromHandleWnd@CModuleThreadState@@QAEPAVCWMHnd@@PAUHWND__@@PAV2@0P6APAXPAX2@Z@Z 00405710 f i DlgVC6.obj
 0001:000047e0       ?RemoveHandleDC@CModuleThreadState@@QAEPAUHDC__@@PAU2@@Z 004057e0 f i DlgVC6.obj
 0001:00004850       ??1CWinThread@@QAE@XZ      00405850 f i DlgVC6.obj
 0001:00004870       ?GetCModuleState@CWinApp@@SAPAVCModuleState@@XZ 00405870 f i DlgVC6.obj
 0001:000048b0       ?OnAppExit@CWinApp@@QAEXXZ 004058b0 f i DlgVC6.obj
 0001:000048d0       ?PostNcDestroy@CWMHnd@@UAEXXZ 004058d0 f i DlgVC6.obj
 0001:000048d0       ?OnFileOpen@CWinApp@@UAEXXZ 004058d0 f i DlgVC6.obj
 0001:000048d0       ?OnFileNew@CWinApp@@UAEXXZ 004058d0 f i DlgVC6.obj
 0001:000048d0       ?OnHelp@CWinApp@@QAEXXZ    004058d0 f i DlgVC6.obj
 0001:000048e0       ?OnIdle@CWinApp@@UAEHH@Z   004058e0 f i DlgVC6.obj
 0001:00004a60       ?RemoveOwner@?$CHandleHashList@PAUHWND__@@VCWMHnd@@PAU1@$0BB@@@QAEHQAUHWND__@@@Z 00405a60 f i DlgVC6.obj
 0001:00004af0       ?RemoveOwner@?$CHandleList@PAUHMENU__@@VCMenuMTL@@PAUHWND__@@@@QAEHQAUHWND__@@@Z 00405af0 f i DlgVC6.obj
 0001:00004af0       ?RemoveOwner@?$CHandleList@PAUHDC__@@VCDCMTL@@PAUHWND__@@@@QAEHQAUHWND__@@@Z 00405af0 f i DlgVC6.obj
 0001:00004af0       ?RemoveOwner@?$CHandleList@PAXXPAUHWND__@@@@QAEHQAUHWND__@@@Z 00405af0 f i DlgVC6.obj
 0001:00004af0       ?RemoveOwner@?$CHandleList@PAXVCGdiObject@@PAUHWND__@@@@QAEHQAUHWND__@@@Z 00405af0 f i DlgVC6.obj
 0001:00004b60       ?SendMessageToDescendants@CWnd@@QAEXPAUHWND__@@IIJHH@Z 00405b60 f i DlgVC6.obj
 0001:00004c80       ?InitInstance@CWinApp@@UAEHXZ 00405c80 f i DlgVC6.obj
 0001:00004c90       ?PreTranslateMessage@CWinApp@@UAEHPAUtagMSG@@@Z 00405c90 f i DlgVC6.obj
 0001:00004d80       ?PumpMessage@CWinApp@@UAEHXZ 00405d80 f i DlgVC6.obj
 0001:00004dd0       ?Run@CWinApp@@UAEHXZ       00405dd0 f i DlgVC6.obj
 0001:00004e70       ?cModuleState@?1??GetCModuleState@CWinApp@@SAPAVCModuleState@@XZ@$AV2@A 00405e70 f i DlgVC6.obj
 0001:00004e80       ??1CModuleThreadState@@QAE@XZ 00405e80 f i DlgVC6.obj
 0001:00004ef0       ??1CModuleState@@QAE@XZ    00405ef0 f i DlgVC6.obj
 0001:00004f80       ?_ProcessWindowMessage@CWinApp@@UAEHPAUHWND__@@IIJAAJ@Z 00405f80 f i DlgVC6.obj
 0001:00004fd0       ?FromHandle@CWnd@@SAPAV1@PAUHWND__@@PAV1@0P6APAXPAX2@Z@Z 00405fd0 f i DlgVC6.obj
 0001:00004fd0       ?FromHandle@CDialog@@SAPAV1@PAUHWND__@@PAV1@0P6APAXPAX2@Z@Z 00405fd0 f i DlgVC6.obj
 0001:000050a0       ?OnCmdMsg@CDialog@@UAEHIHPAXPAUAFX_CMDHANDLERINFO@@@Z 004060a0 f i DlgVC6.obj
 0001:00005260       ?PreTranslateMessage@CWnd@@UAEHPAUtagMSG@@@Z 00406260 f i DlgVC6.obj
 0001:000052b0       ?RunModalLoop@CWnd@@QAEHK@Z 004062b0 f i DlgVC6.obj
 0001:00005450       ??0CAboutDlg@@QAE@XZ       00406450 f   DlgVC6Dlg.obj
 0001:00005490       ??_GCAboutDlg@@UAEPAXI@Z   00406490 f i DlgVC6Dlg.obj
 0001:00005490       ??_ECAboutDlg@@UAEPAXI@Z   00406490 f i DlgVC6Dlg.obj
 0001:000054b0       ??1CAboutDlg@@UAE@XZ       004064b0 f i DlgVC6Dlg.obj
 0001:000056d0       ?DoDataExchange@CAboutDlg@@MAEXPAVCDataExchange@@@Z 004066d0 f   DlgVC6Dlg.obj
 0001:000056d0       ?DoDataExchange@CDlgVC6Dlg@@MAEXPAVCDataExchange@@@Z 004066d0 f   DlgVC6Dlg.obj
 0001:000056e0       ?_ProcessWindowMessage@CAboutDlg@@UAEHPAUHWND__@@IIJAAJ@Z 004066e0 f i DlgVC6Dlg.obj
 0001:000056e0       ?_ProcessWindowMessage@CDialog@@UAEHPAUHWND__@@IIJAAJ@Z 004066e0 f i DlgVC6Dlg.obj
 0001:00005780       ??0CDlgVC6Dlg@@QAE@PAVCWnd@@@Z 00406780 f   DlgVC6Dlg.obj
 0001:000057e0       ??_ECDlgVC6Dlg@@UAEPAXI@Z  004067e0 f i DlgVC6Dlg.obj
 0001:000057e0       ??_GCDlgVC6Dlg@@UAEPAXI@Z  004067e0 f i DlgVC6Dlg.obj
 0001:00005800       ?_ProcessWindowMessage@CDlgVC6Dlg@@UAEHPAUHWND__@@IIJAAJ@Z 00406800 f i DlgVC6Dlg.obj
 0001:00005900       ?OnInitDialog@CDlgVC6Dlg@@MAEHXZ 00406900 f   DlgVC6Dlg.obj
 0001:00005b10       ?OnSysCommand@CDlgVC6Dlg@@IAEXIJ@Z 00406b10 f   DlgVC6Dlg.obj
 0001:00005db0       ?OnPaint@CDlgVC6Dlg@@IAEXXZ 00406db0 f   DlgVC6Dlg.obj
 0001:00005f50       ?OnQueryDragIcon@CDlgVC6Dlg@@IAEPAUHICON__@@XZ 00406f50 f   DlgVC6Dlg.obj
 0001:00005f60       ??0?$CHandleWrapper@VCDCMTL@@PAUHDC__@@V?$CDCT@$00@WTL@@@@QAE@PAUHDC__@@@Z 00406f60 f i DlgVC6Dlg.obj
 0001:00005f80       ?FromHandle@?$CHandleList@PAUHMENU__@@VCMenuMTL@@PAUHWND__@@@@QAEPAVCMenuMTL@@QAUHMENU__@@PAV2@QAUHWND__@@Q6APAXPAX3@Z@Z 00406f80 f i DlgVC6Dlg.obj
 0001:00006000       ?RemoveHandle@?$CHandleList@PAUHDC__@@VCDCMTL@@PAUHWND__@@@@QAEPAUHDC__@@QAU2@@Z 00407000 f i DlgVC6Dlg.obj
 0001:00006060       ??4CString@WTL@@QAEAAV01@PBD@Z 00407060 f i DlgVC6Dlg.obj
 0001:00006130       ?GetBuffer@CString@WTL@@QAEPADH@Z 00407130 f i DlgVC6Dlg.obj
 0001:000061e0       ?ReleaseBuffer@CString@WTL@@QAEXH@Z 004071e0 f i DlgVC6Dlg.obj
 0001:000062a0       ?_LoadString@CString@WTL@@KGHIPADI@Z 004072a0 f i DlgVC6Dlg.obj
 0001:000062d0       ?SetWindowPos@CWMHnd@@QAEHPBV1@HHHHI@Z 004072d0 f i DlgVC6Dlg.obj
 0001:00006310       ?UpdateData@CWMHnd@@QAEHH@Z 00407310 f i DlgVC6Dlg.obj
 0001:00006360       ??_ECPaintDCMTL@@UAEPAXI@Z 00407360 f i DlgVC6Dlg.obj
 0001:00006360       ??_GCPaintDCMTL@@UAEPAXI@Z 00407360 f i DlgVC6Dlg.obj
 0001:00006380       ??1CPaintDCMTL@@UAE@XZ     00407380 f i DlgVC6Dlg.obj
 0001:00006460       ?ExecuteDlgInit@CWnd@@QAEHPBD@Z 00407460 f i DlgVC6Dlg.obj
 0001:000065b0       ?EndDialog@CDialog@@QAEXH@Z 004075b0 f i DlgVC6Dlg.obj
 0001:00006ff0       ?GetRuntimeClass@CCmdTarget@@UBEPAUCRuntimeClass@@XZ 00407ff0 f   StdAfx.obj
 0001:00007000       ?CreateObject@CWnd@@SAPAVCObject@@XZ 00408000 f   StdAfx.obj
 0001:00007040       ?GetRuntimeClass@CWnd@@UBEPAUCRuntimeClass@@XZ 00408040 f   StdAfx.obj
 0001:00007050       ?GetRuntimeClass@CDialog@@UBEPAUCRuntimeClass@@XZ 00408050 f   StdAfx.obj
 0001:00007060       _WinMain@16                00408060 f   StdAfx.obj
 0001:000073a0       ?AtlModuleInit@ATL@@YGJPAU_ATL_MODULE@1@PAU_ATL_OBJMAP_ENTRY@1@PAUHINSTANCE__@@@Z 004083a0 f i StdAfx.obj
 0001:00007430       ?AfxGetFileName@CAfx@@SAIPBDPADI@Z 00408430 f i StdAfx.obj
 0001:00007460       ?_AtlGetStringResourceImage@CAfx@@SAPBUATLSTRINGRESOURCEIMAGE@@PAUHINSTANCE__@@PAUHRSRC__@@I@Z 00408460 f i StdAfx.obj
 0001:000074d0       ?AfxLoadString@CAfx@@SAHIPADI@Z 004084d0 f i StdAfx.obj
 0001:00007590       __onexit                   00408590 f   LIBCMT:onexit.obj
 0001:0000760e       _atexit                    0040860e f   LIBCMT:onexit.obj
 0001:00007620       ___onexitinit              00408620 f   LIBCMT:onexit.obj
 0001:0000764f       ??2@YAPAXI@Z               0040864f f   LIBCMT:new.obj
 0001:0000765d       ?_JumpToContinuation@@YGXPAXPAUEHRegistrationNode@@@Z 0040865d f   LIBCMT:trnsctrl.obj
 0001:00007691       ?_CallMemberFunction1@@YGXPAX00@Z 00408691 f   LIBCMT:trnsctrl.obj
 0001:00007691       ?_CallMemberFunction0@@YGXPAX0@Z 00408691 f   LIBCMT:trnsctrl.obj
 0001:00007698       ?_CallMemberFunction2@@YGXPAX00H@Z 00408698 f   LIBCMT:trnsctrl.obj
 0001:0000769f       ?_UnwindNestedFrames@@YGXPAUEHRegistrationNode@@PAUEHExceptionRecord@@@Z 0040869f f   LIBCMT:trnsctrl.obj
 0001:000076ee       ___CxxFrameHandler         004086ee f   LIBCMT:trnsctrl.obj
 0001:00007724       ?_CallCatchBlock2@@YAPAXPAUEHRegistrationNode@@PBU_s_FuncInfo@@PAXHK@Z 00408724 f   LIBCMT:trnsctrl.obj
 0001:0000779d       ?_CallSETranslator@@YAHPAUEHExceptionRecord@@PAUEHRegistrationNode@@PAX2PBU_s_FuncInfo@@H1@Z 0040879d f   LIBCMT:trnsctrl.obj
 0001:000078c8       ?_GetRangeOfTrysToCheck@@YAPBU_s_TryBlockMapEntry@@PBU_s_FuncInfo@@HHPAI1@Z 004088c8 f   LIBCMT:trnsctrl.obj
 0001:00007944       __global_unwind2           00408944 f   LIBCMT:exsup.obj
 0001:00007986       __local_unwind2            00408986 f   LIBCMT:exsup.obj
 0001:000079de       __NLG_Return2              004089de f   LIBCMT:exsup.obj
 0001:000079ee       __abnormal_termination     004089ee f   LIBCMT:exsup.obj
 0001:00007a11       __NLG_Notify1              00408a11 f   LIBCMT:exsup.obj
 0001:00007a1a       __NLG_Notify               00408a1a f   LIBCMT:exsup.obj
 0001:00007a2d       __NLG_Dispatch             00408a2d f   LIBCMT:exsup.obj
 0001:00007a32       _free                      00408a32 f   LIBCMT:free.obj
 0001:00007b1b       ??3@YAXPAX@Z               00408b1b f   LIBCMT:delete.obj
 0001:00007b26       __strdup                   00408b26 f   LIBCMT:strdup.obj
 0001:00007b60       _memmove                   00408b60 f   LIBCMT:memmove.obj
 0001:00007ea0       __alldiv                   00408ea0 f   LIBCMT:lldiv.obj
 0001:00007f50       __allmul                   00408f50 f   LIBCMT:llmul.obj
 0001:00007f90       __allshr                   00408f90 f   LIBCMT:llshr.obj
 0001:00007fb1       _WinMainCRTStartup         00408fb1 f   LIBCMT:wincrt0.obj
 0001:000080b9       __amsg_exit                004090b9 f   LIBCMT:wincrt0.obj
 0001:00008102       __cinit                    00409102 f   LIBCMT:crt0dat.obj
 0001:0000812f       _exit                      0040912f f   LIBCMT:crt0dat.obj
 0001:00008140       __exit                     00409140 f   LIBCMT:crt0dat.obj
 0001:000081f6       __lockexit                 004091f6 f   LIBCMT:crt0dat.obj
 0001:000081ff       __unlockexit               004091ff f   LIBCMT:crt0dat.obj
 0001:00008222       _realloc                   00409222 f   LIBCMT:realloc.obj
 0001:00008551       __msize                    00409551 f   LIBCMT:msize.obj
 0001:0000863f       _malloc                    0040963f f   LIBCMT:malloc.obj
 0001:00008651       __nh_malloc                00409651 f   LIBCMT:malloc.obj
 0001:0000867d       __heap_alloc               0040967d f   LIBCMT:malloc.obj
 0001:00008779       ___InternalCxxFrameHandler 00409779 f   LIBCMT:frame.obj
 0001:00008ace       ___FrameUnwindToState      00409ace f   LIBCMT:frame.obj
 0001:00008f06       ?_DestructExceptionObject@@YAXPAUEHExceptionRecord@@E@Z 00409f06 f   LIBCMT:frame.obj
 0001:00008f90       __CallSettingFrame@12      00409f90 f   LIBCMT:lowhelpr.obj
 0001:00008fb7       __NLG_Return               00409fb7 f   LIBCMT:lowhelpr.obj
 0001:00008fdc       __mtinit                   00409fdc f   LIBCMT:tidtable.obj
 0001:00009030       __initptd                  0040a030 f   LIBCMT:tidtable.obj
 0001:00009043       __getptd                   0040a043 f   LIBCMT:tidtable.obj
 0001:000090aa       ?terminate@@YAXXZ          0040a0aa f   LIBCMT:hooks.obj
 0001:0000910b       ?_inconsistency@@YAXXZ     0040a10b f   LIBCMT:hooks.obj
 0001:00009161       __GetLinkerVersion         0040a161 f   LIBCMT:heapinit.obj
 0001:0000918e       ___heap_select             0040a18e f   LIBCMT:heapinit.obj
 0001:000092d6       __heap_init                0040a2d6 f   LIBCMT:heapinit.obj
 0001:00009333       ___sbh_heap_init           0040a333 f   LIBCMT:sbheap.obj
 0001:0000937b       ___sbh_find_block          0040a37b f   LIBCMT:sbheap.obj
 0001:000093a6       ___sbh_free_block          0040a3a6 f   LIBCMT:sbheap.obj
 0001:000096cf       ___sbh_alloc_block         0040a6cf f   LIBCMT:sbheap.obj
 0001:000099d8       ___sbh_alloc_new_region    0040a9d8 f   LIBCMT:sbheap.obj
 0001:00009a89       ___sbh_alloc_new_group     0040aa89 f   LIBCMT:sbheap.obj
 0001:00009b84       ___sbh_resize_block        0040ab84 f   LIBCMT:sbheap.obj
 0001:00009e7a       ___old_sbh_new_region      0040ae7a f   LIBCMT:sbheap.obj
 0001:00009fbe       ___old_sbh_release_region  0040afbe f   LIBCMT:sbheap.obj
 0001:0000a014       ___old_sbh_decommit_pages  0040b014 f   LIBCMT:sbheap.obj
 0001:0000a0d6       ___old_sbh_find_block      0040b0d6 f   LIBCMT:sbheap.obj
 0001:0000a12d       ___old_sbh_free_block      0040b12d f   LIBCMT:sbheap.obj
 0001:0000a172       ___old_sbh_alloc_block     0040b172 f   LIBCMT:sbheap.obj
 0001:0000a37a       ___old_sbh_alloc_block_from_page 0040b37a f   LIBCMT:sbheap.obj
 0001:0000a49e       ___old_sbh_resize_block    0040b49e f   LIBCMT:sbheap.obj
 0001:0000a547       __mtinitlocks              0040b547 f   LIBCMT:mlock.obj
 0001:0000a570       __lock                     0040b570 f   LIBCMT:mlock.obj
 0001:0000a5d1       __unlock                   0040b5d1 f   LIBCMT:mlock.obj
 0001:0000a5f0       __except_handler3          0040b5f0 f   LIBCMT:exsup3.obj
 0001:0000a6ad       __seh_longjmp_unwind@4     0040b6ad f   LIBCMT:exsup3.obj
 0001:0000a6d0       _strcpy                    0040b6d0 f   LIBCMT:strcat.obj
 0001:0000a6e0       _strcat                    0040b6e0 f   LIBCMT:strcat.obj
 0001:0000a7c0       _strlen                    0040b7c0 f   LIBCMT:strlen.obj
 0001:0000a83b       __setmbcp                  0040b83b f   LIBCMT:mbctype.obj
 0001:0000ac13       ___initmbctable            0040bc13 f   LIBCMT:mbctype.obj
 0001:0000ac40       _strchr                    0040bc40 f   LIBCMT:strchr.obj
 0001:0000ac46       ___from_strstr_to_strchr   0040bc46 f   LIBCMT:strchr.obj
 0001:0000acfc       __XcptFilter               0040bcfc f   LIBCMT:winxfltr.obj
 0001:0000ae74       __wincmdln                 0040be74 f   LIBCMT:wincmdln.obj
 0001:0000aecc       __setenvp                  0040becc f   LIBCMT:stdenvp.obj
 0001:0000af85       __setargv                  0040bf85 f   LIBCMT:stdargv.obj
 0001:0000b1d2       ___crtGetEnvironmentStringsA 0040c1d2 f   LIBCMT:a_env.obj
 0001:0000b304       __ioinit                   0040c304 f   LIBCMT:ioinit.obj
 0001:0000b4c0       __FF_MSGBANNER             0040c4c0 f   LIBCMT:crt0msg.obj
 0001:0000b4f9       __NMSG_WRITE               0040c4f9 f   LIBCMT:crt0msg.obj
 0001:0000b64c       __callnewh                 0040c64c f   LIBCMT:handler.obj
 0001:0000b670       _memcpy                    0040c670 f   LIBCMT:memcpy.obj
 0001:0000b9a5       ?__CxxUnhandledExceptionFilter@@YGJPAU_EXCEPTION_POINTERS@@@Z 0040c9a5 f   LIBCMT:unhandld.obj
 0001:0000b9eb       ?__CxxSetUnhandledExceptionFilter@@YAXXZ 0040c9eb f   LIBCMT:unhandld.obj
 0001:0000b9fc       ?__CxxRestoreUnhandledExceptionFilter@@YAXXZ 0040c9fc f   LIBCMT:unhandld.obj
 0001:0000ba09       ?_ValidateRead@@YAHPBXI@Z  0040ca09 f   LIBCMT:validate.obj
 0001:0000ba25       ?_ValidateWrite@@YAHPAXI@Z 0040ca25 f   LIBCMT:validate.obj
 0001:0000ba41       ?_ValidateExecute@@YAHP6GHXZ@Z 0040ca41 f   LIBCMT:validate.obj
 0001:0000ba60       _strcmp                    0040ca60 f   LIBCMT:strcmp.obj
 0001:0000bae4       _calloc                    0040cae4 f   LIBCMT:calloc.obj
 0001:0000bc21       _abort                     0040cc21 f   LIBCMT:abort.obj
 0001:0000bc38       _strtol                    0040cc38 f   LIBCMT:strtol.obj
 0001:0000be60       _strstr                    0040ce60 f   LIBCMT:strstr.obj
 0001:0000bee0       _strncmp                   0040cee0 f   LIBCMT:strncmp.obj
 0001:0000bf20       __alloca_probe             0040cf20 f   LIBCMT:chkstk.obj
 0001:0000bf20       __chkstk                   0040cf20 f   LIBCMT:chkstk.obj
 0001:0000bf50       _memset                    0040cf50 f   LIBCMT:memset.obj
 0001:0000bfa8       ___crtLCMapStringA         0040cfa8 f   LIBCMT:a_map.obj
 0001:0000c1f7       ___crtGetStringTypeA       0040d1f7 f   LIBCMT:a_str.obj
 0001:0000c340       __ismbblead                0040d340 f   LIBCMT:ismbbyte.obj
 0001:0000c382       ___crtMessageBoxA          0040d382 f   LIBCMT:crtmbox.obj
 0001:0000c410       _strncpy                   0040d410 f   LIBCMT:strncpy.obj
 0001:0000c50e       _raise                     0040d50e f   LIBCMT:winsig.obj
 0001:0000c6cd       __errno                    0040d6cd f   LIBCMT:dosmap.obj
 0001:0000c6d6       _toupper                   0040d6d6 f   LIBCMT:toupper.obj
 0001:0000c745       __toupper_lk               0040d745 f   LIBCMT:toupper.obj
 0001:0000c811       __isctype                  0040d811 f   LIBCMT:isctype.obj
 0001:0000c890       _strcspn                   0040d890 f   LIBCMT:strcspn.obj
 0001:0000c8d0       _strpbrk                   0040d8d0 f   LIBCMT:strpbrk.obj
 0001:0000c910       __strcmpi                  0040d910 f   LIBCMT:stricmp.obj
 0001:0000c910       __stricmp                  0040d910 f   LIBCMT:stricmp.obj
 0001:0000c9e0       __strnicmp                 0040d9e0 f   LIBCMT:strnicmp.obj
 0001:0000caf0       __aulldiv                  0040daf0 f   LIBCMT:ulldiv.obj
 0001:0000cb60       __aullrem                  0040db60 f   LIBCMT:ullrem.obj
 0001:0000cbd5       __tolower_lk               0040dbd5 f   LIBCMT:tolower.obj
 0001:0000cca0       _RtlUnwind@16              0040dca0 f   kernel32:KERNEL32.dll
 0002:00000000       __imp__InitCommonControlsEx@4 0040e000     comctl32:COMCTL32.dll
 0002:00000004       \177COMCTL32_NULL_THUNK_DATA 0040e004     comctl32:COMCTL32.dll
 0002:00000008       __imp__DeleteObject@4      0040e008     gdi32:GDI32.dll
 0002:0000000c       __imp__SaveDC@4            0040e00c     gdi32:GDI32.dll
 0002:00000010       __imp__RestoreDC@8         0040e010     gdi32:GDI32.dll
 0002:00000014       __imp__TextOutA@20         0040e014     gdi32:GDI32.dll
 0002:00000018       __imp__DeleteDC@4          0040e018     gdi32:GDI32.dll
 0002:0000001c       \177GDI32_NULL_THUNK_DATA  0040e01c     gdi32:GDI32.dll
 0002:00000020       __imp__GetStringTypeA@20   0040e020     kernel32:KERNEL32.dll
 0002:00000024       __imp__LCMapStringW@24     0040e024     kernel32:KERNEL32.dll
 0002:00000028       __imp__LCMapStringA@24     0040e028     kernel32:KERNEL32.dll
 0002:0000002c       __imp__IsBadCodePtr@4      0040e02c     kernel32:KERNEL32.dll
 0002:00000030       __imp__IsBadReadPtr@8      0040e030     kernel32:KERNEL32.dll
 0002:00000034       __imp__SetUnhandledExceptionFilter@4 0040e034     kernel32:KERNEL32.dll
 0002:00000038       __imp__WriteFile@20        0040e038     kernel32:KERNEL32.dll
 0002:0000003c       __imp__GetFileType@4       0040e03c     kernel32:KERNEL32.dll
 0002:00000040       __imp__GetStdHandle@4      0040e040     kernel32:KERNEL32.dll
 0002:00000044       __imp__SetHandleCount@4    0040e044     kernel32:KERNEL32.dll
 0002:00000048       __imp__GetEnvironmentStringsW@0 0040e048     kernel32:KERNEL32.dll
 0002:0000004c       __imp__GetEnvironmentStrings@0 0040e04c     kernel32:KERNEL32.dll
 0002:00000050       __imp__FreeEnvironmentStringsW@4 0040e050     kernel32:KERNEL32.dll
 0002:00000054       __imp__FreeEnvironmentStringsA@4 0040e054     kernel32:KERNEL32.dll
 0002:00000058       __imp__UnhandledExceptionFilter@4 0040e058     kernel32:KERNEL32.dll
 0002:0000005c       __imp__GetOEMCP@0          0040e05c     kernel32:KERNEL32.dll
 0002:00000060       __imp__GetACP@0            0040e060     kernel32:KERNEL32.dll
 0002:00000064       __imp__GetCPInfo@8         0040e064     kernel32:KERNEL32.dll
 0002:00000068       __imp__IsBadWritePtr@8     0040e068     kernel32:KERNEL32.dll
 0002:0000006c       __imp__VirtualAlloc@16     0040e06c     kernel32:KERNEL32.dll
 0002:00000070       __imp__GetStringTypeW@16   0040e070     kernel32:KERNEL32.dll
 0002:00000074       __imp__HeapCreate@12       0040e074     kernel32:KERNEL32.dll
 0002:00000078       __imp__GetVersionExA@4     0040e078     kernel32:KERNEL32.dll
 0002:0000007c       __imp__GetEnvironmentVariableA@12 0040e07c     kernel32:KERNEL32.dll
 0002:00000080       __imp__GetLastError@0      0040e080     kernel32:KERNEL32.dll
 0002:00000084       __imp__TlsGetValue@4       0040e084     kernel32:KERNEL32.dll
 0002:00000088       __imp__SetLastError@4      0040e088     kernel32:KERNEL32.dll
 0002:0000008c       __imp__TlsAlloc@0          0040e08c     kernel32:KERNEL32.dll
 0002:00000090       __imp__TlsSetValue@8       0040e090     kernel32:KERNEL32.dll
 0002:00000094       __imp__HeapSize@12         0040e094     kernel32:KERNEL32.dll
 0002:00000098       __imp__HeapAlloc@12        0040e098     kernel32:KERNEL32.dll
 0002:0000009c       __imp__HeapReAlloc@16      0040e09c     kernel32:KERNEL32.dll
 0002:000000a0       __imp__TerminateProcess@8  0040e0a0     kernel32:KERNEL32.dll
 0002:000000a4       __imp__ExitProcess@4       0040e0a4     kernel32:KERNEL32.dll
 0002:000000a8       __imp__GetVersion@0        0040e0a8     kernel32:KERNEL32.dll
 0002:000000ac       __imp__GetCommandLineA@0   0040e0ac     kernel32:KERNEL32.dll
 0002:000000b0       __imp__GetStartupInfoA@4   0040e0b0     kernel32:KERNEL32.dll
 0002:000000b4       __imp__GetModuleHandleA@4  0040e0b4     kernel32:KERNEL32.dll
 0002:000000b8       __imp__HeapFree@12         0040e0b8     kernel32:KERNEL32.dll
 0002:000000bc       __imp__RtlUnwind@16        0040e0bc     kernel32:KERNEL32.dll
 0002:000000c0       __imp__GetProcAddress@8    0040e0c0     kernel32:KERNEL32.dll
 0002:000000c4       __imp__LoadLibraryA@4      0040e0c4     kernel32:KERNEL32.dll
 0002:000000c8       __imp__MultiByteToWideChar@24 0040e0c8     kernel32:KERNEL32.dll
 0002:000000cc       __imp__InterlockedIncrement@4 0040e0cc     kernel32:KERNEL32.dll
 0002:000000d0       __imp__SizeofResource@8    0040e0d0     kernel32:KERNEL32.dll
 0002:000000d4       __imp__lstrcpynA@12        0040e0d4     kernel32:KERNEL32.dll
 0002:000000d8       __imp__InitializeCriticalSection@4 0040e0d8     kernel32:KERNEL32.dll
 0002:000000dc       __imp__GetModuleFileNameA@12 0040e0dc     kernel32:KERNEL32.dll
 0002:000000e0       __imp__FindResourceW@12    0040e0e0     kernel32:KERNEL32.dll
 0002:000000e4       __imp__lstrcpyA@8          0040e0e4     kernel32:KERNEL32.dll
 0002:000000e8       __imp__WideCharToMultiByte@32 0040e0e8     kernel32:KERNEL32.dll
 0002:000000ec       __imp__DeleteCriticalSection@4 0040e0ec     kernel32:KERNEL32.dll
 0002:000000f0       __imp__HeapDestroy@4       0040e0f0     kernel32:KERNEL32.dll
 0002:000000f4       __imp__lstrcmpiA@8         0040e0f4     kernel32:KERNEL32.dll
 0002:000000f8       __imp__FindResourceA@12    0040e0f8     kernel32:KERNEL32.dll
 0002:000000fc       __imp__LoadResource@8      0040e0fc     kernel32:KERNEL32.dll
 0002:00000100       __imp__LockResource@4      0040e100     kernel32:KERNEL32.dll
 0002:00000104       __imp__FreeResource@4      0040e104     kernel32:KERNEL32.dll
 0002:00000108       __imp__lstrlenA@4          0040e108     kernel32:KERNEL32.dll
 0002:0000010c       __imp__GetCurrentProcess@0 0040e10c     kernel32:KERNEL32.dll
 0002:00000110       __imp__FlushInstructionCache@12 0040e110     kernel32:KERNEL32.dll
 0002:00000114       __imp__GetCurrentThreadId@0 0040e114     kernel32:KERNEL32.dll
 0002:00000118       __imp__EnterCriticalSection@4 0040e118     kernel32:KERNEL32.dll
 0002:0000011c       __imp__LeaveCriticalSection@4 0040e11c     kernel32:KERNEL32.dll
 0002:00000120       __imp__GlobalDeleteAtom@4  0040e120     kernel32:KERNEL32.dll
 0002:00000124       __imp__InterlockedDecrement@4 0040e124     kernel32:KERNEL32.dll
 0002:00000128       __imp__VirtualFree@12      0040e128     kernel32:KERNEL32.dll
 0002:0000012c       __imp__CloseHandle@4       0040e12c     kernel32:KERNEL32.dll
 0002:00000130       \177KERNEL32_NULL_THUNK_DATA 0040e130     kernel32:KERNEL32.dll
 0002:00000134       __imp__PathFindExtensionA@4 0040e134     Shlwapi:SHLWAPI.dll
 0002:00000138       __imp__PathFindFileNameA@4 0040e138     Shlwapi:SHLWAPI.dll
 0002:0000013c       \177SHLWAPI_NULL_THUNK_DATA 0040e13c     Shlwapi:SHLWAPI.dll
 0002:00000140       __imp__IsIconic@4          0040e140     user32:USER32.dll
 0002:00000144       __imp__BeginPaint@8        0040e144     user32:USER32.dll
 0002:00000148       __imp__GetSystemMetrics@4  0040e148     user32:USER32.dll
 0002:0000014c       __imp__DrawIcon@16         0040e14c     user32:USER32.dll
 0002:00000150       __imp__EndPaint@8          0040e150     user32:USER32.dll
 0002:00000154       __imp__GetSystemMenu@8     0040e154     user32:USER32.dll
 0002:00000158       __imp__LoadStringA@16      0040e158     user32:USER32.dll
 0002:0000015c       __imp__AppendMenuA@16      0040e15c     user32:USER32.dll
 0002:00000160       __imp__GetMessageA@16      0040e160     user32:USER32.dll
 0002:00000164       __imp__TranslateMessage@4  0040e164     user32:USER32.dll
 0002:00000168       __imp__DispatchMessageA@4  0040e168     user32:USER32.dll
 0002:0000016c       __imp__IsWindowVisible@4   0040e16c     user32:USER32.dll
 0002:00000170       __imp__SystemParametersInfoA@16 0040e170     user32:USER32.dll
 0002:00000174       __imp__GetClientRect@8     0040e174     user32:USER32.dll
 0002:00000178       __imp__MapWindowPoints@16  0040e178     user32:USER32.dll
 0002:0000017c       __imp__GetClassNameA@12    0040e17c     user32:USER32.dll
 0002:00000180       __imp__GetDlgItem@8        0040e180     user32:USER32.dll
 0002:00000184       __imp__IsDialogMessageA@8  0040e184     user32:USER32.dll
 0002:00000188       __imp__ShowWindow@8        0040e188     user32:USER32.dll
 0002:0000018c       __imp__PeekMessageA@20     0040e18c     user32:USER32.dll
 0002:00000190       __imp__UpdateWindow@4      0040e190     user32:USER32.dll
 0002:00000194       __imp__CreateDialogIndirectParamA@20 0040e194     user32:USER32.dll
 0002:00000198       __imp__SendDlgItemMessageA@20 0040e198     user32:USER32.dll
 0002:0000019c       __imp__GetTopWindow@4      0040e19c     user32:USER32.dll
 0002:000001a0       __imp__EndDialog@8         0040e1a0     user32:USER32.dll
 0002:000001a4       __imp__PostQuitMessage@4   0040e1a4     user32:USER32.dll
 0002:000001a8       __imp__PostMessageA@16     0040e1a8     user32:USER32.dll
 0002:000001ac       __imp__LoadIconW@8         0040e1ac     user32:USER32.dll
 0002:000001b0       __imp__LoadIconA@8         0040e1b0     user32:USER32.dll
 0002:000001b4       __imp__LoadCursorA@8       0040e1b4     user32:USER32.dll
 0002:000001b8       __imp__GetClassInfoA@12    0040e1b8     user32:USER32.dll
 0002:000001bc       __imp__RegisterClassA@4    0040e1bc     user32:USER32.dll
 0002:000001c0       __imp__GetClassLongA@8     0040e1c0     user32:USER32.dll
 0002:000001c4       __imp__SetWindowLongA@12   0040e1c4     user32:USER32.dll
 0002:000001c8       __imp__CallNextHookEx@16   0040e1c8     user32:USER32.dll
 0002:000001cc       __imp__GetClassInfoExA@12  0040e1cc     user32:USER32.dll
 0002:000001d0       __imp__SetWindowsHookExA@16 0040e1d0     user32:USER32.dll
 0002:000001d4       __imp__CreateWindowExA@48  0040e1d4     user32:USER32.dll
 0002:000001d8       __imp__UnhookWindowsHookEx@4 0040e1d8     user32:USER32.dll
 0002:000001dc       __imp__ChildWindowFromPointEx@16 0040e1dc     user32:USER32.dll
 0002:000001e0       __imp__ClientToScreen@8    0040e1e0     user32:USER32.dll
 0002:000001e4       __imp__GetWindow@8         0040e1e4     user32:USER32.dll
 0002:000001e8       __imp__GetDlgCtrlID@4      0040e1e8     user32:USER32.dll
 0002:000001ec       __imp__GetWindowRect@8     0040e1ec     user32:USER32.dll
 0002:000001f0       __imp__PtInRect@12         0040e1f0     user32:USER32.dll
 0002:000001f4       __imp__SendMessageA@16     0040e1f4     user32:USER32.dll
 0002:000001f8       __imp__DefWindowProcA@16   0040e1f8     user32:USER32.dll
 0002:000001fc       __imp__SetMenu@8           0040e1fc     user32:USER32.dll
 0002:00000200       __imp__DestroyMenu@4       0040e200     user32:USER32.dll
 0002:00000204       __imp__GetMenu@4           0040e204     user32:USER32.dll
 0002:00000208       __imp__AdjustWindowRectEx@16 0040e208     user32:USER32.dll
 0002:0000020c       __imp__CallWindowProcA@20  0040e20c     user32:USER32.dll
 0002:00000210       __imp__GetParent@4         0040e210     user32:USER32.dll
 0002:00000214       __imp__GetActiveWindow@0   0040e214     user32:USER32.dll
 0002:00000218       __imp__GetWindowLongA@8    0040e218     user32:USER32.dll
 0002:0000021c       __imp__GetLastActivePopup@4 0040e21c     user32:USER32.dll
 0002:00000220       __imp__EnableWindow@8      0040e220     user32:USER32.dll
 0002:00000224       __imp__GetDesktopWindow@0  0040e224     user32:USER32.dll
 0002:00000228       __imp__IsWindowEnabled@4   0040e228     user32:USER32.dll
 0002:0000022c       __imp__SetWindowPos@28     0040e22c     user32:USER32.dll
 0002:00000230       __imp__SetActiveWindow@4   0040e230     user32:USER32.dll
 0002:00000234       __imp__DestroyWindow@4     0040e234     user32:USER32.dll
 0002:00000238       \177USER32_NULL_THUNK_DATA 0040e238     user32:USER32.dll
 0002:00000240       ??_7CDlgVC6App@@6B@        0040e240     DlgVC6.obj
 0002:00000278       ??_7CWinThread@@6B@        0040e278     DlgVC6.obj
 0002:0000028c       ??_7CWinApp@@6B@           0040e28c     DlgVC6.obj
 0002:000002c4       ??_7CWnd@@6B@              0040e2c4     DlgVC6.obj
 0002:00000338       ??_7CWMHnd@@6B@            0040e338     DlgVC6.obj
 0002:00000384       ??_7CMenuMTL@@6B@          0040e384     DlgVC6.obj
 0002:00000388       ??_7CTestCmdUI@@6B@        0040e388     DlgVC6.obj
 0002:00000398       ??_7CDCMTL@@6B@            0040e398     DlgVC6.obj
 0002:000003b0       ??_7CDialog@@6B@           0040e3b0     DlgVC6.obj
 0002:0000043c       ??_7CAboutDlg@@6B@         0040e43c     DlgVC6Dlg.obj
 0002:000004c8       ??_7CDlgVC6Dlg@@6B@        0040e4c8     DlgVC6Dlg.obj
 0002:00000554       ??_7CPaintDCMTL@@6B@       0040e554     DlgVC6Dlg.obj
 0002:00000570       ?classCDialog@CDialog@@2UCRuntimeClass@@B 0040e570     StdAfx.obj
 0002:00000590       ?classCWnd@CWnd@@2UCRuntimeClass@@B 0040e590     StdAfx.obj
 0002:000005b0       ?classCCmdTarget@CCmdTarget@@2UCRuntimeClass@@B 0040e5b0     StdAfx.obj
 0002:000005d0       ?sizeDefault@CScrollView@@2UtagSIZE@@B 0040e5d0     StdAfx.obj
 0002:000005d8       ?classCObject@CObject@@2UCRuntimeClass@@B 0040e5d8     StdAfx.obj
 0002:000006e0       ??_C@_0BH@PHHF@__GLOBAL_HEAP_SELECTED?$AA@ 0040e6e0     LIBCMT:heapinit.obj
 0002:000006f8       ??_C@_0BF@BBGL@__MSVCRT_HEAP_SELECT?$AA@ 0040e6f8     LIBCMT:heapinit.obj
 0002:00000710       ??_C@_0P@GGKG@runtime?5error?5?$AA@ 0040e710     LIBCMT:crt0msg.obj
 0002:00000720       ??_C@_02PIMC@?$AN?6?$AA@   0040e720     LIBCMT:crt0msg.obj
 0002:00000724       ??_C@_0O@DELO@TLOSS?5error?$AN?6?$AA@ 0040e724     LIBCMT:crt0msg.obj
 0002:00000734       ??_C@_0N@OMLL@SING?5error?$AN?6?$AA@ 0040e734     LIBCMT:crt0msg.obj
 0002:00000744       ??_C@_0P@OJAK@DOMAIN?5error?$AN?6?$AA@ 0040e744     LIBCMT:crt0msg.obj
 0002:00000754       ??_C@_0CF@EANP@R6028?$AN?6?9?5unable?5to?5initialize?5he@ 0040e754     LIBCMT:crt0msg.obj
 0002:0000077c       ??_C@_0DF@ECGN@R6027?$AN?6?9?5not?5enough?5space?5for?5lo@ 0040e77c     LIBCMT:crt0msg.obj
 0002:000007b4       ??_C@_0DF@FKAC@R6026?$AN?6?9?5not?5enough?5space?5for?5st@ 0040e7b4     LIBCMT:crt0msg.obj
 0002:000007ec       ??_C@_0CG@DPMN@R6025?$AN?6?9?5pure?5virtual?5function?5c@ 0040e7ec     LIBCMT:crt0msg.obj
 0002:00000814       ??_C@_0DF@CKIP@R6024?$AN?6?9?5not?5enough?5space?5for?5_o@ 0040e814     LIBCMT:crt0msg.obj
 0002:0000084c       ??_C@_0CJ@GGOE@R6019?$AN?6?9?5unable?5to?5open?5console?5@ 0040e84c     LIBCMT:crt0msg.obj
 0002:00000878       ??_C@_0CB@LBOB@R6018?$AN?6?9?5unexpected?5heap?5error?$AN?6@ 0040e878     LIBCMT:crt0msg.obj
 0002:0000089c       ??_C@_0CN@FPEG@R6017?$AN?6?9?5unexpected?5multithread?5@ 0040e89c     LIBCMT:crt0msg.obj
 0002:000008cc       ??_C@_0CM@OBIC@R6016?$AN?6?9?5not?5enough?5space?5for?5th@ 0040e8cc     LIBCMT:crt0msg.obj
 0002:000008f8       ??_C@_0CB@HPAL@?$AN?6abnormal?5program?5termination?$AN?6@ 0040e8f8     LIBCMT:crt0msg.obj
 0002:0000091c       ??_C@_0CM@JOOB@R6009?$AN?6?9?5not?5enough?5space?5for?5en@ 0040e91c     LIBCMT:crt0msg.obj
 0002:00000948       ??_C@_0CK@OIBL@R6008?$AN?6?9?5not?5enough?5space?5for?5ar@ 0040e948     LIBCMT:crt0msg.obj
 0002:00000974       ??_C@_0CF@LKPB@R6002?$AN?6?9?5floating?5point?5not?5load@ 0040e974     LIBCMT:crt0msg.obj
 0002:0000099c       ??_C@_0CF@JPDF@Microsoft?5Visual?5C?$CL?$CL?5Runtime?5Lib@ 0040e99c     LIBCMT:crt0msg.obj
 0002:000009c4       ??_C@_02JJJH@?6?6?$AA@     0040e9c4     LIBCMT:crt0msg.obj
 0002:000009c8       ??_C@_0BK@DEOK@Runtime?5Error?$CB?6?6Program?3?5?$AA@ 0040e9c8     LIBCMT:crt0msg.obj
 0002:000009e4       ??_C@_03NAME@?4?4?4?$AA@   0040e9e4     LIBCMT:crt0msg.obj
 0002:000009e8       ??_C@_0BH@NNCD@?$DMprogram?5name?5unknown?$DO?$AA@ 0040e9e8     LIBCMT:crt0msg.obj
 0002:00000a18       ??_C@_01A@?$AA?$AA@        0040ea18     LIBCMT:a_map.obj
 0002:00000a1c       ??_C@_13A@?$AA?$AA?$AA?$AA@ 0040ea1c     LIBCMT:a_map.obj
 0002:00000a44       ??_C@_0BD@NJFP@GetLastActivePopup?$AA@ 0040ea44     LIBCMT:crtmbox.obj
 0002:00000a58       ??_C@_0BA@GILI@GetActiveWindow?$AA@ 0040ea58     LIBCMT:crtmbox.obj
 0002:00000a68       ??_C@_0M@PKCK@MessageBoxA?$AA@ 0040ea68     LIBCMT:crtmbox.obj
 0002:00000a74       ??_C@_0L@HKL@user32?4dll?$AA@ 0040ea74     LIBCMT:crtmbox.obj
 0002:00000a80       ??_C@_07CJME@H?3mm?3ss?$AA@ 0040ea80     LIBCMT:strftime.obj
 0002:00000a88       ??_C@_0BE@MHI@dddd?0?5MMMM?5dd?0?5yyyy?$AA@ 0040ea88     LIBCMT:strftime.obj
 0002:00000a9c       ??_C@_06HCAD@M?1d?1yy?$AA@ 0040ea9c     LIBCMT:strftime.obj
 0002:00000aa4       ??_C@_02DBLP@PM?$AA@       0040eaa4     LIBCMT:strftime.obj
 0002:00000aa8       ??_C@_02ENLM@AM?$AA@       0040eaa8     LIBCMT:strftime.obj
 0002:00000aac       ??_C@_08LIDF@December?$AA@ 0040eaac     LIBCMT:strftime.obj
 0002:00000ab8       ??_C@_08NJLI@November?$AA@ 0040eab8     LIBCMT:strftime.obj
 0002:00000ac4       ??_C@_07IAMM@October?$AA@  0040eac4     LIBCMT:strftime.obj
 0002:00000acc       ??_C@_09MKGD@September?$AA@ 0040eacc     LIBCMT:strftime.obj
 0002:00000ad8       ??_C@_06PADP@August?$AA@   0040ead8     LIBCMT:strftime.obj
 0002:00000ae0       ??_C@_04PIJO@July?$AA@     0040eae0     LIBCMT:strftime.obj
 0002:00000ae8       ??_C@_04ICFP@June?$AA@     0040eae8     LIBCMT:strftime.obj
 0002:00000af0       ??_C@_05JFGC@April?$AA@    0040eaf0     LIBCMT:strftime.obj
 0002:00000af8       ??_C@_05FGPD@March?$AA@    0040eaf8     LIBCMT:strftime.obj
 0002:00000b00       ??_C@_08PGBA@February?$AA@ 0040eb00     LIBCMT:strftime.obj
 0002:00000b0c       ??_C@_07BPKJ@January?$AA@  0040eb0c     LIBCMT:strftime.obj
 0002:00000b14       ??_C@_03PGJO@Dec?$AA@      0040eb14     LIBCMT:strftime.obj
 0002:00000b18       ??_C@_03PDLM@Nov?$AA@      0040eb18     LIBCMT:strftime.obj
 0002:00000b1c       ??_C@_03BLHK@Oct?$AA@      0040eb1c     LIBCMT:strftime.obj
 0002:00000b20       ??_C@_03DPFM@Sep?$AA@      0040eb20     LIBCMT:strftime.obj
 0002:00000b24       ??_C@_03CMCH@Aug?$AA@      0040eb24     LIBCMT:strftime.obj
 0002:00000b28       ??_C@_03OBKI@Jul?$AA@      0040eb28     LIBCMT:strftime.obj
 0002:00000b2c       ??_C@_03LEIG@Jun?$AA@      0040eb2c     LIBCMT:strftime.obj
 0002:00000b30       ??_C@_03MGHB@May?$AA@      0040eb30     LIBCMT:strftime.obj
 0002:00000b34       ??_C@_03MJJM@Apr?$AA@      0040eb34     LIBCMT:strftime.obj
 0002:00000b38       ??_C@_03GNHA@Mar?$AA@      0040eb38     LIBCMT:strftime.obj
 0002:00000b3c       ??_C@_03PICE@Feb?$AA@      0040eb3c     LIBCMT:strftime.obj
 0002:00000b40       ??_C@_03IEIF@Jan?$AA@      0040eb40     LIBCMT:strftime.obj
 0002:00000b44       ??_C@_08FAKH@Saturday?$AA@ 0040eb44     LIBCMT:strftime.obj
 0002:00000b50       ??_C@_06ONCK@Friday?$AA@   0040eb50     LIBCMT:strftime.obj
 0002:00000b58       ??_C@_08CCFO@Thursday?$AA@ 0040eb58     LIBCMT:strftime.obj
 0002:00000b64       ??_C@_09PBIN@Wednesday?$AA@ 0040eb64     LIBCMT:strftime.obj
 0002:00000b70       ??_C@_07BMBC@Tuesday?$AA@  0040eb70     LIBCMT:strftime.obj
 0002:00000b78       ??_C@_06CHLK@Monday?$AA@   0040eb78     LIBCMT:strftime.obj
 0002:00000b80       ??_C@_06OOEM@Sunday?$AA@   0040eb80     LIBCMT:strftime.obj
 0002:00000b88       ??_C@_03MPKK@Sat?$AA@      0040eb88     LIBCMT:strftime.obj
 0002:00000b8c       ??_C@_03FINJ@Fri?$AA@      0040eb8c     LIBCMT:strftime.obj
 0002:00000b90       ??_C@_03HIKC@Thu?$AA@      0040eb90     LIBCMT:strftime.obj
 0002:00000b94       ??_C@_03HECK@Wed?$AA@      0040eb94     LIBCMT:strftime.obj
 0002:00000b98       ??_C@_03ECCP@Tue?$AA@      0040eb98     LIBCMT:strftime.obj
 0002:00000b9c       ??_C@_03PIEP@Mon?$AA@      0040eb9c     LIBCMT:strftime.obj
 0002:00000ba0       ??_C@_03FHEP@Sun?$AA@      0040eba0     LIBCMT:strftime.obj
 0002:00000ba4       ___dnames                  0040eba4     LIBCMT:timeset.obj
 0002:00000bbc       ___mnames                  0040ebbc     LIBCMT:timeset.obj
 0002:00000eb8       __IMPORT_DESCRIPTOR_KERNEL32 0040eeb8     kernel32:KERNEL32.dll
 0002:00000ecc       __IMPORT_DESCRIPTOR_USER32 0040eecc     user32:USER32.dll
 0002:00000ee0       __IMPORT_DESCRIPTOR_COMCTL32 0040eee0     comctl32:COMCTL32.dll
 0002:00000ef4       __IMPORT_DESCRIPTOR_GDI32  0040eef4     gdi32:GDI32.dll
 0002:00000f08       __IMPORT_DESCRIPTOR_SHLWAPI 0040ef08     Shlwapi:SHLWAPI.dll
 0002:00000f1c       __NULL_IMPORT_DESCRIPTOR   0040ef1c     kernel32:KERNEL32.dll
 0003:00000000       ___xc_a                    00410000     LIBCMT:crt0init.obj
 0003:0000001c       ___xc_z                    0041001c     LIBCMT:crt0init.obj
 0003:00000020       ___xi_a                    00410020     LIBCMT:crt0init.obj
 0003:00000030       ___xi_z                    00410030     LIBCMT:crt0init.obj
 0003:00000034       ___xp_a                    00410034     LIBCMT:crt0init.obj
 0003:00000038       ___xp_z                    00410038     LIBCMT:crt0init.obj
 0003:0000003c       ___xt_a                    0041003c     LIBCMT:crt0init.obj
 0003:00000044       ___xt_z                    00410044     LIBCMT:crt0init.obj
 0003:00000050       ?_atltmpPchNil@WTL@@3PBDB  00410050     DlgVC6.obj
 0003:00000054       ?_atltmpDataNil@WTL@@3PAUCStringData@1@A 00410054     DlgVC6.obj
 0003:00000058       ?rgInitData@WTL@@3PAHA     00410058     DlgVC6.obj
 0003:00000068       ??_C@_0BD@HCBA@AfxFrameOrViewMtls?$AA@ 00410068     DlgVC6.obj
 0003:0000007c       ??_C@_0BA@NJK@AfxMDIFrameMtls?$AA@ 0041007c     DlgVC6.obj
 0003:0000008c       ??_C@_0BC@JFPC@AfxControlBarMtls?$AA@ 0041008c     DlgVC6.obj
 0003:000000a0       ??_C@_0BC@ELON@AfxOleControlMtls?$AA@ 004100a0     DlgVC6.obj
 0003:000000b4       ??_C@_0L@LBNJ@AfxWndMtls?$AA@ 004100b4     DlgVC6.obj
 0003:000000c0       ??_C@_04EDLP@Edit?$AA@     004100c0     DlgVC6.obj
 0003:000000c8       ??_C@_07IJJI@CDialog?$AA@  004100c8     StdAfx.obj
 0003:000000d0       ??_C@_04MBPC@CWnd?$AA@     004100d0     StdAfx.obj
 0003:000000d8       ??_C@_0L@MION@CCmdTarget?$AA@ 004100d8     StdAfx.obj
 0003:000000e4       ??_C@_07EFMO@CObject?$AA@  004100e4     StdAfx.obj
 0003:000000f0       ?GUID_ATLVer30@ATL@@3U_GUID@@A 004100f0     StdAfx.obj
 0003:00000100       ??_C@_04CLNG@?4INI?$AA@    00410100     StdAfx.obj
 0003:00000108       ??_C@_04DMK@?4HLP?$AA@     00410108     StdAfx.obj
 0003:00000110       ??_C@_04MCON@?4CHM?$AA@    00410110     StdAfx.obj
 0003:00000118       __NLG_Destination          00410118     LIBCMT:exsup.obj
 0003:00000130       __aexit_rtn                00410130     LIBCMT:wincrt0.obj
 0003:00000134       ___app_type                00410134     LIBCMT:wincrt0.obj
 0003:00000140       ___tlsindex                00410140     LIBCMT:tidtable.obj
 0003:00000144       ?__pInconsistency@@3P6AXXZA 00410144     LIBCMT:hooks.obj
 0003:00000148       __amblksiz                 00410148     LIBCMT:heapinit.obj
 0003:00000150       ___old_small_block_heap    00410150     LIBCMT:sbheap.obj
 0003:00002174       ___old_sbh_threshold       00412174     LIBCMT:sbheap.obj
 0003:00002178       __locktable                00412178     LIBCMT:mlock.obj
 0003:00002340       __XcptActTab               00412340     LIBCMT:winxfltr.obj
 0003:000023b8       __First_FPE_Indx           004123b8     LIBCMT:winxfltr.obj
 0003:000023bc       __Num_FPE                  004123bc     LIBCMT:winxfltr.obj
 0003:000023c0       __XcptActTabSize           004123c0     LIBCMT:winxfltr.obj
 0003:000023c4       __XcptActTabCount          004123c4     LIBCMT:winxfltr.obj
 0003:000023c8       ___badioinfo               004123c8     LIBCMT:ioinit.obj
 0003:000025e8       __pctype                   004125e8     LIBCMT:ctype.obj
 0003:000025ec       __pwctype                  004125ec     LIBCMT:ctype.obj
 0003:000025f0       __ctype                    004125f0     LIBCMT:ctype.obj
 0003:000027f4       ___mb_cur_max              004127f4     LIBCMT:nlsdata1.obj
 0003:000027f8       ___decimal_point           004127f8     LIBCMT:nlsdata1.obj
 0003:000027fc       ___decimal_point_length    004127fc     LIBCMT:nlsdata1.obj
 0003:00002910       ___lc_time_curr            00412910     LIBCMT:strftime.obj
 0003:00002918       ___lc_time_c               00412918     LIBCMT:strftime.obj
 0003:000029c8       ___lconv_static_decimal    004129c8     LIBCMT:lconv.obj
 0003:000029d0       ___lconv_c                 004129d0     LIBCMT:lconv.obj
 0003:00002a00       ___lconv                   00412a00     LIBCMT:lconv.obj
 0003:00002a10       __timezone                 00412a10     LIBCMT:timeset.obj
 0003:00002a14       __daylight                 00412a14     LIBCMT:timeset.obj
 0003:00002a18       __dstbias                  00412a18     LIBCMT:timeset.obj
 0003:00002a9c       __tzname                   00412a9c     LIBCMT:timeset.obj
 0003:00002ad0       __lpdays                   00412ad0     LIBCMT:days.obj
 0003:00002b04       __days                     00412b04     LIBCMT:days.obj
 0003:00002b38       ?_pModule@ATL@@3PAVCComModule@1@A 00412b38     DlgVC6.obj
 0003:00002b40       ?theApp@@3VCDlgVC6App@@A   00412b40     DlgVC6.obj
 0003:00002c7c       ?hHalftoneBrush@?1??HalftoneBrush@CAfx@@SAPAUHBRUSH__@@H@Z@4PAU3@A 00412c7c     DlgVC6.obj
 0003:00002c80       ?cwp@?1??GetHookOldCbtFilter@CWnd@@SAAAU_CreateWindowParam@2@XZ@4U32@A 00412c80     DlgVC6.obj
 0003:00002c90       ?m_pCWinApp@CWinApp@@2PAV1@A 00412c90     StdAfx.obj
 0003:00002c98       ?rectDefault@CFrameWnd@@2VCRect@WTL@@B 00412c98     StdAfx.obj
 0003:00002ca8       ?_AtlWinModule@@3VCComModule@ATL@@A 00412ca8     StdAfx.obj
 0003:00002d30       ?wndTopMost@CWMHnd@@2V1@B  00412d30     StdAfx.obj
 0003:00002d58       ?wndBottom@CWMHnd@@2V1@B   00412d58     StdAfx.obj
 0003:00002d80       ?wndTop@CWMHnd@@2V1@B      00412d80     StdAfx.obj
 0003:00002da8       ?wndNoTopMost@CWMHnd@@2V1@B 00412da8     StdAfx.obj
 0003:00002dd0       ??_C@_00A@?$AA@            00412dd0     StdAfx.obj
 0003:00002dd4       __aenvptr                  00412dd4     LIBCMT:wincrt0.obj
 0003:00002dd8       __wenvptr                  00412dd8     LIBCMT:wincrt0.obj
 0003:00002ddc       ___error_mode              00412ddc     LIBCMT:wincrt0.obj
 0003:00002de0       __umaskval                 00412de0     LIBCMT:crt0dat.obj
 0003:00002de4       __osver                    00412de4     LIBCMT:crt0dat.obj
 0003:00002de8       __winver                   00412de8     LIBCMT:crt0dat.obj
 0003:00002dec       __winmajor                 00412dec     LIBCMT:crt0dat.obj
 0003:00002df0       __winminor                 00412df0     LIBCMT:crt0dat.obj
 0003:00002df4       ___argc                    00412df4     LIBCMT:crt0dat.obj
 0003:00002df8       ___argv                    00412df8     LIBCMT:crt0dat.obj
 0003:00002dfc       ___wargv                   00412dfc     LIBCMT:crt0dat.obj
 0003:00002e00       __environ                  00412e00     LIBCMT:crt0dat.obj
 0003:00002e04       ___initenv                 00412e04     LIBCMT:crt0dat.obj
 0003:00002e08       __wenviron                 00412e08     LIBCMT:crt0dat.obj
 0003:00002e0c       ___winitenv                00412e0c     LIBCMT:crt0dat.obj
 0003:00002e10       __pgmptr                   00412e10     LIBCMT:crt0dat.obj
 0003:00002e14       __wpgmptr                  00412e14     LIBCMT:crt0dat.obj
 0003:00002e18       __exitflag                 00412e18     LIBCMT:crt0dat.obj
 0003:00002e1c       __C_Termination_Done       00412e1c     LIBCMT:crt0dat.obj
 0003:00002e20       __C_Exit_Done              00412e20     LIBCMT:crt0dat.obj
 0003:00002f94       __adbgmsg                  00412f94     LIBCMT:crt0msg.obj
 0003:00002f98       ?_pnhHeap@@3P6AHI@ZA       00412f98     LIBCMT:handler.obj
 0003:00002f9c       __newmode                  00412f9c     LIBCMT:_newmode.obj
 0003:00002fa4       ___lc_handle               00412fa4     LIBCMT:nlsdata2.obj
 0003:00002fbc       ___lc_codepage             00412fbc     LIBCMT:nlsdata2.obj
 0003:00002fc0       ___lc_collate_cp           00412fc0     LIBCMT:nlsdata2.obj
 0003:00002ff8       ___lc_time_intl            00412ff8     LIBCMT:inittime.obj
 0003:00003014       ___lc_id                   00413014     LIBCMT:nlsdata3.obj
 0003:00003064       ___lconv_static_null       00413064     LIBCMT:lconv.obj
 0003:00003138       ?m_lastSentMsg@?1??GetLastSentMsg@CCmdTarget@@SAAAPAUtagMSG@@XZ@4PAU3@A 00413138     <common>
 0003:0000313c       ?$S56@?1??GetCModuleState@CWinApp@@SAPAVCModuleState@@XZ@4EA 0041313c     <common>
 0003:00003140       ?cModuleState@?1??GetCModuleState@CWinApp@@SAPAVCModuleState@@XZ@4V3@A 00413140     <common>
 0003:00003164       ___setlc_active            00413164     <common>
 0003:00003168       ___unguarded_readlc_active 00413168     <common>
 0003:00003180       ___pioinfo                 00413180     <common>
 0003:00003280       __nhandle                  00413280     <common>
 0003:00003284       ___mbcodepage              00413284     <common>
 0003:00003290       ___mbulinfo                00413290     <common>
 0003:0000329c       ___ismbcodepage            0041329c     <common>
 0003:000032a0       __mbcasemap                004132a0     <common>
 0003:000033a0       __mbctype                  004133a0     <common>
 0003:000034a4       ___mblcid                  004134a4     <common>
 0003:000034a8       ___sbh_sizeHeaderList      004134a8     <common>
 0003:000034ac       ___sbh_indGroupDefer       004134ac     <common>
 0003:000034b0       ___sbh_pHeaderScan         004134b0     <common>
 0003:000034b4       ___sbh_pHeaderDefer        004134b4     <common>
 0003:000034b8       ___sbh_cntHeaderList       004134b8     <common>
 0003:000034bc       ___sbh_pHeaderList         004134bc     <common>
 0003:000034c0       ___sbh_threshold           004134c0     <common>
 0003:000034c4       __crtheap                  004134c4     <common>
 0003:000034c8       ___active_heap             004134c8     <common>
 0003:000034cc       ___env_initialized         004134cc     <common>
 0003:000034d0       ___mbctype_initialized     004134d0     <common>
 0003:000034d4       ___onexitend               004134d4     <common>
 0003:000034d8       ___onexitbegin             004134d8     <common>
 0003:000034dc       __FPinit                   004134dc     <common>
 0003:000034e0       __acmdln                   004134e0     <common>

 entry point at        0001:00007fb1

 Static symbols

 0001:000065e0       _$E62                      004075e0 f   StdAfx.obj
 0001:000065f0       _$E58                      004075f0 f   StdAfx.obj
 0001:00006620       _$E61                      00407620 f   StdAfx.obj
 0001:00006630       _$E59                      00407630 f   StdAfx.obj
 0001:00006850       _$E67                      00407850 f   StdAfx.obj
 0001:00006860       _$E64                      00407860 f   StdAfx.obj
 0001:00006890       _$E66                      00407890 f   StdAfx.obj
 0001:000068a0       _$E65                      004078a0 f   StdAfx.obj
 0001:00006ac0       _$E72                      00407ac0 f   StdAfx.obj
 0001:00006ad0       _$E69                      00407ad0 f   StdAfx.obj
 0001:00006b10       _$E71                      00407b10 f   StdAfx.obj
 0001:00006b20       _$E70                      00407b20 f   StdAfx.obj
 0001:00006d40       _$E77                      00407d40 f   StdAfx.obj
 0001:00006d50       _$E74                      00407d50 f   StdAfx.obj
 0001:00006d90       _$E76                      00407d90 f   StdAfx.obj
 0001:00006da0       _$E75                      00407da0 f   StdAfx.obj
 0001:00006fc0       _$E80                      00407fc0 f   StdAfx.obj
 0001:00006fd0       _$E79                      00407fd0 f   StdAfx.obj
 0001:00000210       _$E61                      00401210 f   DlgVC6.obj
 0001:00000220       _$E58                      00401220 f   DlgVC6.obj
 0001:00000230       _$E60                      00401230 f   DlgVC6.obj
 0001:00000240       _$E59                      00401240 f   DlgVC6.obj
 0001:0000c690       _siglookup                 0040d690 f   LIBCMT:winsig.obj
 0001:0000c351       _x_ismbbtype               0040d351 f   LIBCMT:ismbbyte.obj
 0001:0000c1cc       _strncnt                   0040d1cc f   LIBCMT:a_map.obj
 0001:0000bc4f       _strtoxl                   0040cc4f f   LIBCMT:strtol.obj
 0001:0000b6e0       LeadUp1                    0040c6e0 f   LIBCMT:memcpy.obj
 0001:0000b70c       LeadUp2                    0040c70c f   LIBCMT:memcpy.obj
 0001:0000b730       LeadUp3                    0040c730 f   LIBCMT:memcpy.obj
 0001:0000b7af       UnwindUp0                  0040c7af f   LIBCMT:memcpy.obj
 0001:0000b79c       UnwindUp1                  0040c79c f   LIBCMT:memcpy.obj
 0001:0000b794       UnwindUp2                  0040c794 f   LIBCMT:memcpy.obj
 0001:0000b78c       UnwindUp3                  0040c78c f   LIBCMT:memcpy.obj
 0001:0000b784       UnwindUp4                  0040c784 f   LIBCMT:memcpy.obj
 0001:0000b77c       UnwindUp5                  0040c77c f   LIBCMT:memcpy.obj
 0001:0000b774       UnwindUp6                  0040c774 f   LIBCMT:memcpy.obj
 0001:0000b76c       UnwindUp7                  0040c76c f   LIBCMT:memcpy.obj
 0001:0000b7c8       TrailUp0                   0040c7c8 f   LIBCMT:memcpy.obj
 0001:0000b7d0       TrailUp1                   0040c7d0 f   LIBCMT:memcpy.obj
 0001:0000b7dc       TrailUp2                   0040c7dc f   LIBCMT:memcpy.obj
 0001:0000b7f0       TrailUp3                   0040c7f0 f   LIBCMT:memcpy.obj
 0001:0000b868       LeadDown1                  0040c868 f   LIBCMT:memcpy.obj
 0001:0000b888       LeadDown2                  0040c888 f   LIBCMT:memcpy.obj
 0001:0000b8b0       LeadDown3                  0040c8b0 f   LIBCMT:memcpy.obj
 0001:0000b904       UnwindDown7                0040c904 f   LIBCMT:memcpy.obj
 0001:0000b90c       UnwindDown6                0040c90c f   LIBCMT:memcpy.obj
 0001:0000b914       UnwindDown5                0040c914 f   LIBCMT:memcpy.obj
 0001:0000b91c       UnwindDown4                0040c91c f   LIBCMT:memcpy.obj
 0001:0000b924       UnwindDown3                0040c924 f   LIBCMT:memcpy.obj
 0001:0000b92c       UnwindDown2                0040c92c f   LIBCMT:memcpy.obj
 0001:0000b934       UnwindDown1                0040c934 f   LIBCMT:memcpy.obj
 0001:0000b947       UnwindDown0                0040c947 f   LIBCMT:memcpy.obj
 0001:0000b960       TrailDown0                 0040c960 f   LIBCMT:memcpy.obj
 0001:0000b968       TrailDown1                 0040c968 f   LIBCMT:memcpy.obj
 0001:0000b978       TrailDown2                 0040c978 f   LIBCMT:memcpy.obj
 0001:0000b98c       TrailDown3                 0040c98c f   LIBCMT:memcpy.obj
 0001:0000b01e       _parse_cmdline             0040c01e f   LIBCMT:stdargv.obj
 0001:0000ae3a       _xcptlookup                0040be3a f   LIBCMT:winxfltr.obj
 0001:0000a9e8       _getSystemCP               0040b9e8 f   LIBCMT:mbctype.obj
 0001:0000aa32       _CPtoLCID                  0040ba32 f   LIBCMT:mbctype.obj
 0001:0000aa65       _setSBCS                   0040ba65 f   LIBCMT:mbctype.obj
 0001:0000aa8e       _setSBUpLow                0040ba8e f   LIBCMT:mbctype.obj
 0001:00008814       ?FindHandler@@YAXPAUEHExceptionRecord@@PAUEHRegistrationNode@@PAU_CONTEXT@@PAXPBU_s_FuncInfo@@EH1@Z 00409814 f   LIBCMT:frame.obj
 0001:000089c7       ?FindHandlerForForeignException@@YAXPAUEHExceptionRecord@@PAUEHRegistrationNode@@PAU_CONTEXT@@PAXPBU_s_FuncInfo@@HH1@Z 004099c7 f   LIBCMT:frame.obj
 0001:00008a71       ?TypeMatch@@YAHPBU_s_HandlerType@@PBU_s_CatchableType@@PBU_s_ThrowInfo@@@Z 00409a71 f   LIBCMT:frame.obj
 0001:00008b6c       ?FrameUnwindFilter@@YAHPAU_EXCEPTION_POINTERS@@@Z 00409b6c f   LIBCMT:frame.obj
 0001:00008b82       ?CatchIt@@YAXPAUEHExceptionRecord@@PAUEHRegistrationNode@@PAU_CONTEXT@@PAXPBU_s_FuncInfo@@PBU_s_HandlerType@@PBU_s_CatchableType@@PBU_s_TryBlockMapEntry@@H1E@Z 00409b82 f   LIBCMT:frame.obj
 0001:00008bfd       ?CallCatchBlock@@YAPAXPAUEHExceptionRecord@@PAUEHRegistrationNode@@PAU_CONTEXT@@PBU_s_FuncInfo@@PAXHK@Z 00409bfd f   LIBCMT:frame.obj
 0001:00008d18       ?ExFilterRethrow@@YAHPAU_EXCEPTION_POINTERS@@@Z 00409d18 f   LIBCMT:frame.obj
 0001:00008d42       ?BuildCatchObject@@YAXPAUEHExceptionRecord@@PAUEHRegistrationNode@@PBU_s_HandlerType@@PBU_s_CatchableType@@@Z 00409d42 f   LIBCMT:frame.obj
 0001:00008f6d       ?AdjustPointer@@YAPAXPAXABUPMD@@@Z 00409f6d f   LIBCMT:frame.obj
 0001:00008151       _doexit                    00409151 f   LIBCMT:crt0dat.obj
 0001:00008208       __initterm                 00409208 f   LIBCMT:crt0dat.obj
 0001:000080de       _fast_error_exit           004090de f   LIBCMT:wincrt0.obj
 0001:00007bd0       LeadUp1                    00408bd0 f   LIBCMT:memmove.obj
 0001:00007bfc       LeadUp2                    00408bfc f   LIBCMT:memmove.obj
 0001:00007c20       LeadUp3                    00408c20 f   LIBCMT:memmove.obj
 0001:00007c9f       UnwindUp0                  00408c9f f   LIBCMT:memmove.obj
 0001:00007c8c       UnwindUp1                  00408c8c f   LIBCMT:memmove.obj
 0001:00007c84       UnwindUp2                  00408c84 f   LIBCMT:memmove.obj
 0001:00007c7c       UnwindUp3                  00408c7c f   LIBCMT:memmove.obj
 0001:00007c74       UnwindUp4                  00408c74 f   LIBCMT:memmove.obj
 0001:00007c6c       UnwindUp5                  00408c6c f   LIBCMT:memmove.obj
 0001:00007c64       UnwindUp6                  00408c64 f   LIBCMT:memmove.obj
 0001:00007c5c       UnwindUp7                  00408c5c f   LIBCMT:memmove.obj
 0001:00007cb8       TrailUp0                   00408cb8 f   LIBCMT:memmove.obj
 0001:00007cc0       TrailUp1                   00408cc0 f   LIBCMT:memmove.obj
 0001:00007ccc       TrailUp2                   00408ccc f   LIBCMT:memmove.obj
 0001:00007ce0       TrailUp3                   00408ce0 f   LIBCMT:memmove.obj
 0001:00007d58       LeadDown1                  00408d58 f   LIBCMT:memmove.obj
 0001:00007d78       LeadDown2                  00408d78 f   LIBCMT:memmove.obj
 0001:00007da0       LeadDown3                  00408da0 f   LIBCMT:memmove.obj
 0001:00007df4       UnwindDown7                00408df4 f   LIBCMT:memmove.obj
 0001:00007dfc       UnwindDown6                00408dfc f   LIBCMT:memmove.obj
 0001:00007e04       UnwindDown5                00408e04 f   LIBCMT:memmove.obj
 0001:00007e0c       UnwindDown4                00408e0c f   LIBCMT:memmove.obj
 0001:00007e14       UnwindDown3                00408e14 f   LIBCMT:memmove.obj
 0001:00007e1c       UnwindDown2                00408e1c f   LIBCMT:memmove.obj
 0001:00007e24       UnwindDown1                00408e24 f   LIBCMT:memmove.obj
 0001:00007e37       UnwindDown0                00408e37 f   LIBCMT:memmove.obj
 0001:00007e50       TrailDown0                 00408e50 f   LIBCMT:memmove.obj
 0001:00007e58       TrailDown1                 00408e58 f   LIBCMT:memmove.obj
 0001:00007e68       TrailDown2                 00408e68 f   LIBCMT:memmove.obj
 0001:00007e7c       TrailDown3                 00408e7c f   LIBCMT:memmove.obj
 0001:0000795c       _gu_return                 0040895c f   LIBCMT:exsup.obj
 0001:00007964       __unwind_handler           00408964 f   LIBCMT:exsup.obj
 0001:00007778       ?CatchGuardHandler@@YA?AW4_EXCEPTION_DISPOSITION@@PAUEHExceptionRecord@@PAUCatchGuardRN@@PAX2@Z 00408778 f   LIBCMT:trnsctrl.obj
 0001:00007853       ?TranslatorGuardHandler@@YA?AW4_EXCEPTION_DISPOSITION@@PAUEHExceptionRecord@@PAUTranslatorGuardRN@@PAX2@Z 00408853 f   LIBCMT:trnsctrl.obj

 1031 bytes saved through ICF

