 propdlg

 Timestamp is 595b135f (Tue Jul 04 13:02:39 2017)

 Preferred load address is 0000000140000000

 Start         Length     Name                   Class
 0001:00000000 0000011cH .text$di                CODE
 0001:00000120 0003c618H .text$mn                CODE
 0001:0003c740 000015acH .text$x                 CODE
 0001:0003dcf0 00000108H .text$yd                CODE
 0002:00000000 00000b30H .idata$5                DATA
 0002:00000b30 00000008H .CRT$XCA                DATA
 0002:00000b38 00000008H .CRT$XCL                DATA
 0002:00000b40 00000038H .CRT$XCU                DATA
 0002:00000b78 00000008H .CRT$XCZ                DATA
 0002:00000b80 00000008H .CRT$XIA                DATA
 0002:00000b88 00000020H .CRT$XIC                DATA
 0002:00000ba8 00000008H .CRT$XIY                DATA
 0002:00000bb0 00000008H .CRT$XIZ                DATA
 0002:00000bb8 00000008H .CRT$XPA                DATA
 0002:00000bc0 00000010H .CRT$XPX                DATA
 0002:00000bd0 00000008H .CRT$XPXA               DATA
 0002:00000bd8 00000008H .CRT$XPZ                DATA
 0002:00000be0 00000008H .CRT$XTA                DATA
 0002:00000be8 00000008H .CRT$XTZ                DATA
 0002:00000bf0 0000a4a0H .rdata                  DATA
 0002:0000b090 000001ecH .rdata$r                DATA
 0002:0000b280 00000008H .rtc$IAA                DATA
 0002:0000b288 00000008H .rtc$IZZ                DATA
 0002:0000b290 00000008H .rtc$TAA                DATA
 0002:0000b298 00000008H .rtc$TZZ                DATA
 0002:0000b2a0 000060e8H .xdata                  DATA
 0002:00011388 00000274H .xdata$x                DATA
 0002:00011600 00000000H ATL$__a                 DATA
 0002:00011600 00000000H ATL$__z                 DATA
 0002:00011600 00000000H .edata                  DATA
 0002:00011600 000000c8H .idata$2                DATA
 0002:000116c8 00000014H .idata$3                DATA
 0002:000116e0 00000b30H .idata$4                DATA
 0002:00012210 000017c2H .idata$6                DATA
 0003:00000000 000017f0H .data                   DATA
 0003:000017f0 00000158H .data$r                 DATA
 0003:00001960 00002a78H .bss                    DATA
 0004:00000000 00003ca8H .pdata                  DATA
 0005:00000000 000016a8H .rsrc$01                DATA
 0005:000016b0 00007b70H .rsrc$02                DATA

  Address         Publics by Value              Rva+Base               Lib:Object

 0000:00000000       __guard_fids_count         0000000000000000     <absolute>
 0000:00000000       ___safe_se_handler_count   0000000000000000     <absolute>
 0000:00000000       __guard_flags              0000000000000000     <absolute>
 0000:00000000       __guard_fids_table         0000000000000000     <absolute>
 0000:00000000       ___safe_se_handler_table   0000000000000000     <absolute>
 0000:00000000       __ImageBase                0000000140000000     <linker-defined>
 0001:00000120       ??_GCPropertyPageMTL@@UEAAPEAXI@Z 0000000140001120 f i Colorpge.obj
 0001:00000120       ??_GCColorPage@@UEAAPEAXI@Z 0000000140001120 f i Colorpge.obj
 0001:00000120       ??_ECColorPage@@UEAAPEAXI@Z 0000000140001120 f i * CIL library *:* CIL module *
 0001:00000120       ??_GCStylePage@@UEAAPEAXI@Z 0000000140001120 f i Stylepge.obj
 0001:00000120       ??_ECPropertyPageMTL@@UEAAPEAXI@Z 0000000140001120 f i * CIL library *:* CIL module *
 0001:00000120       ??_ECStylePage@@UEAAPEAXI@Z 0000000140001120 f i * CIL library *:* CIL module *
 0001:00000150       ??1CStylePage@@UEAA@XZ     0000000140001150 f i Propsht.obj
 0001:00000150       ??1CColorPage@@UEAA@XZ     0000000140001150 f i Colorpge.obj
 0001:00000160       ?DoDataExchange@CColorPage@@MEAAXPEAVCDataExchange@@@Z 0000000140001160 f   Colorpge.obj
 0001:00000180       ?OnColorClicked@CColorPage@@IEAAXI@Z 0000000140001180 f   Colorpge.obj
 0001:00000180       ?OnStyleClicked@CStylePage@@IEAAXI@Z 0000000140001180 f   Stylepge.obj
 0001:00000370       ?_ProcessWindowMessage@CColorPage@@UEAAHPEAUHWND__@@I_K_JAEA_J@Z 0000000140001370 f i Colorpge.obj
 0001:000003b0       ?DDX_Radio@@YAXPEAVCDataExchange@@HAEAH@Z 00000001400013b0 f i Colorpge.obj
 0001:00000490       ??1CPropertyPageMTL@@UEAA@XZ 0000000140001490 f i Colorpge.obj
 0001:000005a0       ?OnCtlColor@CPropertySheetMTL@@QEAAPEAUHBRUSH__@@PEAVCDCMTL@@PEAVCWnd@@I@Z 00000001400015a0 f i Propsht.obj
 0001:000005a0       ?OnCtlColor@CPropertyPageMTL@@QEAAPEAUHBRUSH__@@PEAVCDCMTL@@PEAVCWnd@@I@Z 00000001400015a0 f i Colorpge.obj
 0001:00000660       ?_ProcessWindowMessage@CPropertyPageMTL@@UEAAHPEAUHWND__@@I_K_JAEA_J@Z 0000000140001660 f i Colorpge.obj
 0001:000007d0       ?PreTranslateMessage@CWnd@@UEAAHPEAUtagMSG@@@Z 00000001400017d0 f i Colorpge.obj
 0001:000007d0       ?PreTranslateMessage@CPropertyPageMTL@@UEAAHPEAUtagMSG@@@Z 00000001400017d0 f i Colorpge.obj
 0001:00000810       ?MapWizardResult@CPropertyPageMTL@@QEAA_J_J@Z 0000000140001810 f i Colorpge.obj
 0001:00000890       ?OnNotify@CPropertyPageMTL@@UEAAH_K_JPEA_J@Z 0000000140001890 f i Colorpge.obj
 0001:00000b00       ?GetSafeOwner_@CWnd@@SAPEAUHWND__@@PEAU2@PEAPEAU2@@Z 0000000140001b00 f i Colorpge.obj
 0001:00000c24       ??_9CDialog@@$BPA@AA       0000000140001c24 f i Colorpge.obj
 0001:00000c30       ??_9CDialog@@$BPI@AA       0000000140001c30 f i Colorpge.obj
 0001:00000c40       ?_ProcessWindowMessage@CCommonDialog@@UEAAHPEAUHWND__@@I_K_JAEA_J@Z 0000000140001c40 f i Propdlg.obj
 0001:00000c40       ?_ProcessWindowMessage@CDialog@@UEAAHPEAUHWND__@@I_K_JAEA_J@Z 0000000140001c40 f i Colorpge.obj
 0001:00000c40       ?_ProcessWindowMessage@CAboutDlg@@UEAAHPEAUHWND__@@I_K_JAEA_J@Z 0000000140001c40 f i Propdlg.obj
 0001:00000cb0       ?OnCmdMsg@CPropertySheetMTL@@UEAAHIHPEAXPEAUAFX_CMDHANDLERINFO@@@Z 0000000140001cb0 f i Propsht.obj
 0001:00000cb0       ?OnCmdMsg@CDialog@@UEAAHIHPEAXPEAUAFX_CMDHANDLERINFO@@@Z 0000000140001cb0 f i Colorpge.obj
 0001:00000da0       ??_GCShapePreviewWnd@@UEAAPEAXI@Z 0000000140001da0 f i Preview.obj
 0001:00000da0       ??_G_AFX_MOUSEANCHORWND@@UEAAPEAXI@Z 0000000140001da0 f i Stdafx.obj
 0001:00000da0       ??_ECDialog@@UEAAPEAXI@Z   0000000140001da0 f i * CIL library *:* CIL module *
 0001:00000da0       ??_ECAboutDlg@@UEAAPEAXI@Z 0000000140001da0 f i * CIL library *:* CIL module *
 0001:00000da0       ??_ECWnd@@UEAAPEAXI@Z      0000000140001da0 f i * CIL library *:* CIL module *
 0001:00000da0       ??_GCPrintingDialog@@UEAAPEAXI@Z 0000000140001da0 f i Shapesvw.obj
 0001:00000da0       ??_GCNewTypeDlg@@UEAAPEAXI@Z 0000000140001da0 f i Propdlg.obj
 0001:00000da0       ??_GCAboutDlg@@UEAAPEAXI@Z 0000000140001da0 f i Propdlg.obj
 0001:00000da0       ??_GCWnd@@UEAAPEAXI@Z      0000000140001da0 f i Colorpge.obj
 0001:00000da0       ??_E_AFX_MOUSEANCHORWND@@UEAAPEAXI@Z 0000000140001da0 f i * CIL library *:* CIL module *
 0001:00000da0       ??_ECShapePreviewWnd@@UEAAPEAXI@Z 0000000140001da0 f i * CIL library *:* CIL module *
 0001:00000da0       ??_ECPrintingDialog@@UEAAPEAXI@Z 0000000140001da0 f i * CIL library *:* CIL module *
 0001:00000da0       ??_ECNewTypeDlg@@UEAAPEAXI@Z 0000000140001da0 f i * CIL library *:* CIL module *
 0001:00000da0       ??_GCDialog@@UEAAPEAXI@Z   0000000140001da0 f i Colorpge.obj
 0001:00000e10       ?PreTranslateMessage@CDialog@@UEAAHPEAUtagMSG@@@Z 0000000140001e10 f i Colorpge.obj
 0001:00000f20       ?OnOK@CDialog@@UEAAXXZ     0000000140001f20 f i Colorpge.obj
 0001:00000fb0       ?OnCancel@CDialog@@UEAAXXZ 0000000140001fb0 f i Colorpge.obj
 0001:00000ff0       ?Create@CDialog@@UEAAHIPEAVCWnd@@@Z 0000000140001ff0 f i Colorpge.obj
 0001:00001000       ?CreateIndirect@CDialog@@UEAAHPEAXPEAVCWnd@@PEAUHINSTANCE__@@@Z 0000000140002000 f i Colorpge.obj
 0001:000010a0       ??1CCommonDialog@@UEAA@XZ  00000001400020a0 f i Propdlg.obj
 0001:000010a0       ??1CNewTypeDlg@@UEAA@XZ    00000001400020a0 f i Propdlg.obj
 0001:000010a0       ??1CShapePreviewWnd@@UEAA@XZ 00000001400020a0 f i Preview.obj
 0001:000010a0       ??1CWnd@@UEAA@XZ           00000001400020a0 f i Colorpge.obj
 0001:000010a0       ??1CAboutDlg@@UEAA@XZ      00000001400020a0 f i Propdlg.obj
 0001:000010a0       ??1CDialog@@UEAA@XZ        00000001400020a0 f i Colorpge.obj
 0001:000010a0       ??1CPrintingDialog@@UEAA@XZ 00000001400020a0 f i Shapesvw.obj
 0001:000010f0       ?classHandleFuncCDialog@CDialog@@SAPEAXPEAX0@Z 00000001400020f0 f i Colorpge.obj
 0001:00001190       ?CreateDlgIndirect@CWnd@@QEAAHPEBUDLGTEMPLATE@@PEAV1@PEAUHINSTANCE__@@@Z 0000000140002190 f i Colorpge.obj
 0001:00001270       ?CreateDlg@CWnd@@QEAAHPEB_WPEAV1@@Z 0000000140002270 f i Colorpge.obj
 0001:00001310       ?Create@CDialog@@UEAAHPEB_WPEAVCWnd@@@Z 0000000140002310 f i Colorpge.obj
 0001:00001380       ?IsIdleMessage@CWinApp@@SAHPEAUtagMSG@@@Z 0000000140002380 f i Colorpge.obj
 0001:000013b0       ?RunModalLoop@CWnd@@QEAAHK@Z 00000001400023b0 f i Colorpge.obj
 0001:00001570       ?DoModal@CDialog@@UEAA_JXZ 0000000140002570 f i Colorpge.obj
 0001:00001750       ?OnBarStyleChange@CControlBar@@UEAAXKK@Z 0000000140002750 f i Mainfrm.obj
 0001:00001750       ?OnShowMenuBar@CFrameWnd@@UEAAXXZ 0000000140002750 f i Mainfrm.obj
 0001:00001750       ?OnDocumentEvent@CDocument@@UEAAXW4DocumentEvent@1@@Z 0000000140002750 f i Shapedoc.obj
 0001:00001750       ?PostNcDestroy@CWMHnd@@UEAAXXZ 0000000140002750 f i Colorpge.obj
 0001:00001750       ?OnBeginPrinting@CShapesView@@MEAAXPEAVCDCMTL@@PEAUCPrintInfo@@@Z 0000000140002750 f i Shapesvw.obj
 0001:00001750       ?SetCheck@CTestCmdUI@@UEAAXH@Z 0000000140002750 f i Colorpge.obj
 0001:00001750       ?RegisterShellFileTypes@CDocManager@@UEAAXH@Z 0000000140002750 f i Propdlg.obj
 0001:00001750       ?OnEndPrinting@CView@@UEAAXPEAVCDCMTL@@PEAUCPrintInfo@@@Z 0000000140002750 f i Shapesvw.obj
 0001:00001750       ?OnFolderChange@CFileDialogMTL@@UEAAXXZ 0000000140002750 f i Propdlg.obj
 0001:00001750       ?DoDataExchange@CWMHnd@@UEAAXPEAVCDataExchange@@@Z 0000000140002750 f i Colorpge.obj
 0001:00001750       ?OnFinalMessage@?$CWindowImplBaseT@VCWindow@ATL@@V?$CWinTraits@$0FGAAAAAA@$0A@@2@@ATL@@UEAAXPEAUHWND__@@@Z 0000000140002750 f i Propdlg.obj
 0001:00001750       ?OnHideMenuBar@CFrameWnd@@UEAAXXZ 0000000140002750 f i Mainfrm.obj
 0001:00001750       ?DeleteContents@CDocument@@UEAAXXZ 0000000140002750 f i Shapedoc.obj
 0001:00001750       ?SetText@CTestCmdUI@@UEAAXPEB_W@Z 0000000140002750 f i Colorpge.obj
 0001:00001750       ?OnEndPrinting@CShapesView@@MEAAXPEAVCDCMTL@@PEAUCPrintInfo@@@Z 0000000140002750 f i Shapesvw.obj
 0001:00001750       ?SetRadio@CTestCmdUI@@UEAAXH@Z 0000000140002750 f i Colorpge.obj
 0001:00001750       ?OnActivateFrame@CView@@UEAAXIPEAVCFrameWnd@@@Z 0000000140002750 f i Shapesvw.obj
 0001:00001750       ?PreCloseFrame@CDocument@@UEAAXPEAVCFrameWnd@@@Z 0000000140002750 f i Shapedoc.obj
 0001:00001750       ?OnOK@CPropertyPageMTL@@UEAAXXZ 0000000140002750 f i Colorpge.obj
 0001:00001750       ?OnTypeChange@CFileDialogMTL@@UEAAXXZ 0000000140002750 f i Propdlg.obj
 0001:00001750       ?OnCancel@CPropertyPageMTL@@UEAAXXZ 0000000140002750 f i Colorpge.obj
 0001:00001750       ?DoDataExchange@CAboutDlg@@MEAAXPEAVCDataExchange@@@Z 0000000140002750 f i Propdlg.obj
 0001:00001750       ?SetText@CToolCmdUI@@UEAAXPEB_W@Z 0000000140002750 f i Mainfrm.obj
 0001:00001750       ?OnBeginPrinting@CView@@UEAAXPEAVCDCMTL@@PEAUCPrintInfo@@@Z 0000000140002750 f i Shapesvw.obj
 0001:00001750       ?OnFileNameChange@CFileDialogMTL@@UEAAXXZ 0000000140002750 f i Propdlg.obj
 0001:00001750       ?Serialize@CObject@@UEAAXAEAVCArchive@@@Z 0000000140002750 f i Colorpge.obj
 0001:00001750       ?OnLBSelChangedNotify@CFileDialogMTL@@UEAAXIII@Z 0000000140002750 f i Propdlg.obj
 0001:00001750       ?OnDraw@CView@@UEAAXPEAVCDCMTL@@@Z 0000000140002750 f i Shapesvw.obj
 0001:00001760       ?OnApply@CPropertyPageMTL@@UEAAHXZ 0000000140002760 f i Colorpge.obj
 0001:00001780       ?OnKillActive@CPropertyPageMTL@@UEAAHXZ 0000000140002780 f i Colorpge.obj
 0001:000017e0       ?InitInstance@CWinApp@@UEAAHXZ 00000001400027e0 f i Propdlg.obj
 0001:000017e0       ?OnPreparePrinting@CView@@UEAAHPEAUCPrintInfo@@@Z 00000001400027e0 f i Shapesvw.obj
 0001:000017e0       ?IsFrameWnd@CFrameWnd@@UEAAHXZ 00000001400027e0 f i Mainfrm.obj
 0001:000017e0       ?OnQueryCancel@CPropertyPageMTL@@UEAAHXZ 00000001400027e0 f i Colorpge.obj
 0001:000017f0       ?OnReset@CPropertyPageMTL@@UEAAXXZ 00000001400027f0 f i Colorpge.obj
 0001:00001800       ?OnSetActive@CPropertyPageMTL@@UEAAHXZ 0000000140002800 f i Colorpge.obj
 0001:00001870       ?OnScroll@CView@@UEAAHIIH@Z 0000000140002870 f i Shapesvw.obj
 0001:00001870       ?OnScrollBy@CView@@UEAAHVCSize@WTL@@H@Z 0000000140002870 f i Shapesvw.obj
 0001:00001870       ?OnFileNameOK@CFileDialogMTL@@UEAAHXZ 0000000140002870 f i Propdlg.obj
 0001:00001870       ?_ProcessWindowMessage@CCmdTarget@@UEAAHPEAUHWND__@@I_K_JAEA_J@Z 0000000140002870 f i Colorpge.obj
 0001:00001870       ?GetScrollBarCtrl@CWMHnd@@UEBAPEAVCScrollBarMTL@@H@Z 0000000140002870 f i Colorpge.obj
 0001:00001870       ?OnWizardBack@CPropertyPageMTL@@UEAA_JXZ 0000000140002870 f i Colorpge.obj
 0001:00001870       ?OnWizardNext@CPropertyPageMTL@@UEAA_JXZ 0000000140002870 f i Colorpge.obj
 0001:00001870       ?GetEventSinkMap@CCmdTarget@@UEBAPEBUAFX_EVENTSINKMAP@@XZ 0000000140002870 f i Colorpge.obj
 0001:00001870       ?OnShareViolation@CFileDialogMTL@@UEAAIPEB_W@Z 0000000140002870 f i Propdlg.obj
 0001:00001870       ?IsDockBar@CControlBar@@UEBAHXZ 0000000140002870 f i Mainfrm.obj
 0001:00001870       ?IsTabbedMDIChild@CMDIChildWnd@@UEAAHXZ 0000000140002870 f i Stdafx.obj
 0001:00001870       ?IsFrameWnd@CWMHnd@@UEAAHXZ 0000000140002870 f i Colorpge.obj
 0001:00001870       ?GetDefaultAccelerator@CDocument@@UEAAPEAUHACCEL__@@XZ 0000000140002870 f i Shapedoc.obj
 0001:00001870       ?_ProcessWindowMessage@CPrintDialogMTL@@UEAAHPEAUHWND__@@I_K_JAEA_J@Z 0000000140002870 f i Propdlg.obj
 0001:00001880       ?OnWizardFinish@CPropertyPageMTL@@UEAAHXZ 0000000140002880 f i Colorpge.obj
 0001:00001920       ?OnWizardFinishEx@CPropertyPageMTL@@UEAAPEAUHWND__@@XZ 0000000140002920 f i Colorpge.obj
 0001:00001940       ?GetParentSheet@CPropertyPageMTL@@UEAAPEAVCPropertySheetMTL@@XZ 0000000140002940 f i Colorpge.obj
 0001:00001980       ?AfxThrowMemoryException@@YAXXZ 0000000140002980 f i Colorpge.obj
 0001:00001a20       ?CenterWindow@CWindow@ATL@@QEAAHPEAUHWND__@@@Z 0000000140002a20 f i Colorpge.obj
 0001:00001c00       ?AfxCallWndProc@CWnd@@QEAA_JPEAV1@I_K_J@Z 0000000140002c00 f i Colorpge.obj
 0001:00001c90       ?SendMessageToDescendants@CWnd@@QEAAXPEAUHWND__@@I_K_JHH@Z 0000000140002c90 f i Colorpge.obj
 0001:00001da0       ?ExecuteDlgInit@CWnd@@QEAAHPEAX@Z 0000000140002da0 f i Colorpge.obj
 0001:00001eb0       ?ExecuteDlgInit@CWnd@@QEAAHPEB_W@Z 0000000140002eb0 f i Colorpge.obj
 0001:00001f50       ?OnInitDialog@CDialog@@UEAAHXZ 0000000140002f50 f i Colorpge.obj
 0001:00002000       ?AfxDlgProc@CWnd@@SA_JPEAUHWND__@@I_K_J@Z 0000000140003000 f i Colorpge.obj
 0001:000020a0       ?AfxPropPageCallback@CPropertyPageMTL@@SAIPEAUHWND__@@IPEAU_PROPSHEETPAGEW@@@Z 00000001400030a0 f i Colorpge.obj
 0001:00002120       ?AssignCopy@CString@WTL@@IEAAXHPEB_W@Z 0000000140003120 f i Colorpge.obj
 0001:000021d0       ?GetBuffer@CString@WTL@@QEAAPEA_WH@Z 00000001400031d0 f i Colorpge.obj
 0001:00002270       ?CopyBeforeWrite@CString@WTL@@IEAAXXZ 0000000140003270 f i Colorpge.obj
 0001:00002300       ?LoadStringW@CString@WTL@@QEAAHI@Z 0000000140003300 f i Colorpge.obj
 0001:00002540       ?CalcWindowRect@CWMHnd@@UEAAXPEAUtagRECT@@I@Z 0000000140003540 f i Colorpge.obj
 0001:000025b0       ?FromHandle@?$CHandleList@PEAXVCGdiObject@@PEAUHWND__@@@@QEAAPEAVCGdiObject@@QEAXPEAV2@QEAUHWND__@@Q6APEAXPEAX3@Z@Z 00000001400035b0 f i Preview.obj
 0001:000025b0       ?FromHandle@?$CHandleList@PEAUHDC__@@VCDCMTL@@PEAUHWND__@@@@QEAAPEAVCDCMTL@@QEAUHDC__@@PEAV2@QEAUHWND__@@Q6APEAXPEAX3@Z@Z 00000001400035b0 f i Shapesvw.obj
 0001:000025b0       ?FromHandle@?$CHandleList@PEAUHMENU__@@VCMenuMTL@@PEAUHWND__@@@@QEAAPEAVCMenuMTL@@QEAUHMENU__@@PEAV2@QEAUHWND__@@Q6APEAXPEAX3@Z@Z 00000001400035b0 f i Colorpge.obj
 0001:00002690       ?FromHandleMenu@CWinApp@@QEAAPEAVCMenuMTL@@PEAUHMENU__@@PEAV2@PEAUHWND__@@P6APEAXPEAX3@Z@Z 0000000140003690 f i Colorpge.obj
 0001:000026b0       ??_ECMenuMTL@@UEAAPEAXI@Z  00000001400036b0 f i * CIL library *:* CIL module *
 0001:000026b0       ??_GCMenuMTL@@UEAAPEAXI@Z  00000001400036b0 f i Colorpge.obj
 0001:00002720       ?RemoveHandle@?$CHandleList@PEAUHDC__@@VCDCMTL@@PEAUHWND__@@@@QEAAPEAUHDC__@@QEAU2@@Z 0000000140003720 f i Colorpge.obj
 0001:00002720       ?RemoveHandle@?$CHandleList@PEAXVCGdiObject@@PEAUHWND__@@@@QEAAPEAXQEAX@Z 0000000140003720 f i Preview.obj
 0001:00002720       ?RemoveHandle@?$CHandleList@PEAUHMENU__@@VCMenuMTL@@PEAUHWND__@@@@QEAAPEAUHMENU__@@QEAU2@@Z 0000000140003720 f i Colorpge.obj
 0001:000027a0       ?RemoveHandleMenu@CWinApp@@QEAAPEAUHMENU__@@PEAU2@@Z 00000001400037a0 f i Colorpge.obj
 0001:000027c0       ??1CMenuMTL@@UEAA@XZ       00000001400037c0 f i Colorpge.obj
 0001:00002810       ?classHandleFuncCMenuMTL@CMenuMTL@@SAPEAXPEAX0@Z 0000000140003810 f i Colorpge.obj
 0001:00002870       ?GetMenu@CWMHnd@@UEBAPEAVCMenuMTL@@XZ 0000000140003870 f i Colorpge.obj
 0001:000028b0       ?SetMenu@CWMHnd@@UEAAHPEAVCMenuMTL@@@Z 00000001400038b0 f i Colorpge.obj
 0001:000028d0       ?OnInitDialog@CWMHnd@@UEAAHXZ 00000001400038d0 f i Colorpge.obj
 0001:000028d0       ?OnCancel@CCommonDialog@@UEAAXXZ 00000001400038d0 f i Propdlg.obj
 0001:00002900       ?_AfxTopChildWindowFromPoint@CWnd@@SAPEAUHWND__@@PEAU2@UtagPOINT@@@Z 0000000140003900 f i Colorpge.obj
 0001:000029f0       ?OnToolHitTest@CWnd@@UEBA_JVCPoint@WTL@@PEAUtagTOOLINFOW@@@Z 00000001400039f0 f i Colorpge.obj
 0001:00002aa0       ?Create@CWnd@@UEAAHPEB_W0KAEBUtagRECT@@PEAV1@IPEAUCCreateContext@@@Z 0000000140003aa0 f i Colorpge.obj
 0001:00002b60       ?Init@CDynamicStdCallThunk@ATL@@QEAAH_KPEAX@Z 0000000140003b60 f i Colorpge.obj
 0001:00002bf0       ?GetParent@CWnd@@QEAAPEAV1@XZ 0000000140003bf0 f i Colorpge.obj
 0001:00002c30       ?EnableWindow@CWMHnd@@UEAAXH@Z 0000000140003c30 f i Colorpge.obj
 0001:00002c50       ?Enable@CCmdUI@@UEAAXH@Z   0000000140003c50 f i Colorpge.obj
 0001:00002d30       ?SetCheck@CCmdUI@@UEAAXH@Z 0000000140003d30 f i Colorpge.obj
 0001:00002dc0       ?SetRadio@CCmdUI@@UEAAXH@Z 0000000140003dc0 f i Colorpge.obj
 0001:00002e20       ?AfxSetWindowText@CAfx@@SAXPEAUHWND__@@PEB_W@Z 0000000140003e20 f i Colorpge.obj
 0001:00002ec0       ?SetText@CCmdUI@@UEAAXPEB_W@Z 0000000140003ec0 f i Colorpge.obj
 0001:00002f40       ?Enable@CTestCmdUI@@UEAAXH@Z 0000000140003f40 f i Colorpge.obj
 0001:00002f50       ?OnCommand@CWnd@@UEAAH_K_J@Z 0000000140003f50 f i Colorpge.obj
 0001:00003050       ?ReflectLastMsg@CWnd@@SAHPEAUHWND__@@PEA_J@Z 0000000140004050 f i Colorpge.obj
 0001:000030c0       ?OnNotify@CWnd@@UEAAH_K_JPEA_J@Z 00000001400040c0 f i Colorpge.obj
 0001:00003170       ?ReflectChildNotify@CWnd@@QEAAHI_K_JPEA_J@Z 0000000140004170 f i Colorpge.obj
 0001:000032b0       ?OnChildNotify@CWnd@@UEAAHI_K_JPEA_J@Z 00000001400042b0 f i Colorpge.obj
 0001:000032c0       ??_GCDCMTL@@UEAAPEAXI@Z    00000001400042c0 f i Colorpge.obj
 0001:000032c0       ??_ECDCMTL@@UEAAPEAXI@Z    00000001400042c0 f i * CIL library *:* CIL module *
 0001:00003330       ?SetAttribDC@CDCMTL@@UEAAXPEAUHDC__@@@Z 0000000140004330 f i Colorpge.obj
 0001:00003340       ?ReleaseAttribDC@CDCMTL@@UEAAXXZ 0000000140004340 f i Colorpge.obj
 0001:00003350       ?SaveDC@CDCMTL@@UEAAHXZ    0000000140004350 f i Colorpge.obj
 0001:000033a0       ?RestoreDC@CDCMTL@@UEAAHH@Z 00000001400043a0 f i Colorpge.obj
 0001:00003400       ?TextOutW@CDCMTL@@UEAAHHHPEB_WH@Z 0000000140004400 f i Colorpge.obj
 0001:00003410       ?RemoveHandleDC@CWinApp@@QEAAPEAUHDC__@@PEAU2@@Z 0000000140004410 f i Colorpge.obj
 0001:00003430       ??1CDCMTL@@UEAA@XZ         0000000140004430 f i Colorpge.obj
 0001:00003490       ?GetCurrentMessage@CCmdTarget@@UEBAPEBU_ATL_MSG@ATL@@XZ 0000000140004490 f i Colorpge.obj
 0001:000034a0       ?AfxUnsubclassWindow@CWnd@@QEAAPEAUHWND__@@XZ 00000001400044a0 f i Colorpge.obj
 0001:00003520       ?OnNcDestroy@CWnd@@QEAAXXZ 0000000140004520 f i Colorpge.obj
 0001:00003600       ?_ProcessWindowMessage@CWnd@@UEAAHPEAUHWND__@@I_K_JAEA_J@Z 0000000140004600 f i Colorpge.obj
 0001:000037f0       ?OnWndMsg@CWnd@@UEAAHI_K_JPEA_J@Z 00000001400047f0 f i Colorpge.obj
 0001:00003890       ?DefWindowProcW@CWnd@@UEAA_JI_K_J@Z 0000000140004890 f i Colorpge.obj
 0001:000038c0       ?WindowProc@CWnd@@UEAA_JI_K_J@Z 00000001400048c0 f i Colorpge.obj
 0001:00003930       ?AfxWindowProc@CWnd@@SA_JPEAUHWND__@@I_K_J@Z 0000000140004930 f i Colorpge.obj
 0001:000039a0       ?FromHandle@?$CHandleHashList@PEAUHWND__@@VCWMHnd@@PEAU1@$0BB@@@QEAAPEAVCWMHnd@@QEAUHWND__@@PEAV2@0Q6APEAXPEAX2@Z@Z 00000001400049a0 f i Colorpge.obj
 0001:00003ae0       ?FromHandleWnd@CWinApp@@QEAAPEAVCWMHnd@@PEAUHWND__@@PEAV2@0P6APEAXPEAX2@Z@Z 0000000140004ae0 f i Colorpge.obj
 0001:00003b00       ?AfxSubclassWindow@CWnd@@QEAAHPEAUHWND__@@PEAUtagCREATESTRUCTW@@@Z 0000000140004b00 f i Colorpge.obj
 0001:00003c00       ?CbtFilterHook@CWnd@@SA_JH_K_J@Z 0000000140004c00 f i Colorpge.obj
 0001:00003ca0       ?CreateEx@CWnd@@UEAAHKPEB_W0KHHHHPEAUHWND__@@PEAUHMENU__@@PEAX@Z 0000000140004ca0 f i Colorpge.obj
 0001:00003e40       ??0CString@WTL@@QEAA@XZ    0000000140004e40 f i Colorpge.obj
 0001:00003e50       ??1?$CList@PEAVCFrameWnd@@AEBQEAV1@@@QEAA@XZ 0000000140004e50 f i Propdlg.obj
 0001:00003e50       ??1?$CList@PEAUHWND__@@PEAU1@@@QEAA@XZ 0000000140004e50 f i Mainfrm.obj
 0001:00003e50       ??1?$CList@PEAXPEAX@@QEAA@XZ 0000000140004e50 f i Mainfrm.obj
 0001:00003e50       ??1?$CList@PEAUCRuntimeClass@@AEBQEAU1@@@QEAA@XZ 0000000140004e50 f i Colorpge.obj
 0001:00003e90       ??1CString@WTL@@QEAA@XZ    0000000140004e90 f i Colorpge.obj
 0001:00003e90       ??1CStringW@@QEAA@XZ       0000000140004e90 f i Propdlg.obj
 0001:00003ec0       ??1CModuleState@@QEAA@XZ   0000000140004ec0 f i Colorpge.obj
 0001:00003f50       ?_GetCModuleState@CWinApp@@SAPEAVCModuleState@@XZ 0000000140004f50 f i Colorpge.obj
 0001:00003fc0       ?AllocBuffer@CString@WTL@@IEAAHH@Z 0000000140004fc0 f i Colorpge.obj
 0001:00004050       ?ConcatCopy@CString@WTL@@IEAAHHPEB_WH0@Z 0000000140005050 f i Colorpge.obj
 0001:00004110       ?ConcatInPlace@CString@WTL@@IEAAXHPEB_W@Z 0000000140005110 f i Colorpge.obj
 0001:000041d0       ??YCString@WTL@@QEAAAEAV01@_W@Z 00000001400051d0 f i Colorpge.obj
 0001:00004280       ?_AfxRegisterClass@CAfx@@SAHPEAUtagWNDCLASSW@@@Z 0000000140005280 f i Colorpge.obj
 0001:00004310       ?_AfxEndDeferRegisterClass@CAfx@@SAHJ@Z 0000000140005310 f i Colorpge.obj
 0001:00004650       ?PreCreateWindow@CWnd@@UEAAHAEAUtagCREATESTRUCTW@@@Z 0000000140005650 f i Colorpge.obj
 0001:000046a0       ?ContinueModal@CWnd@@UEAAHXZ 00000001400056a0 f i Colorpge.obj
 0001:000046b0       ?EndModalLoop@CWnd@@UEAAXH@Z 00000001400056b0 f i Colorpge.obj
 0001:000046e0       ??1CWMHnd@@UEAA@XZ         00000001400056e0 f i Colorpge.obj
 0001:000046f0       ??1CWndProcThunk@ATL@@QEAA@XZ 00000001400056f0 f i Colorpge.obj
 0001:00004700       ?RemoveHandle@?$CHandleHashList@PEAUHWND__@@VCWMHnd@@PEAU1@$0BB@@@QEAAPEAUHWND__@@QEAU2@@Z 0000000140005700 f i Colorpge.obj
 0001:000047c0       ?RemoveOwner@?$CHandleHashList@PEAUHWND__@@VCWMHnd@@PEAU1@$0BB@@@QEAAHQEAUHWND__@@@Z 00000001400057c0 f i Colorpge.obj
 0001:00004880       ?RemoveOwner@?$CHandleList@PEAXVCGdiObject@@PEAUHWND__@@@@QEAAHQEAUHWND__@@@Z 0000000140005880 f i Colorpge.obj
 0001:00004880       ?RemoveOwner@?$CHandleList@PEAXXPEAUHWND__@@@@QEAAHQEAUHWND__@@@Z 0000000140005880 f i Colorpge.obj
 0001:00004880       ?RemoveOwner@?$CHandleList@PEAUHMENU__@@VCMenuMTL@@PEAUHWND__@@@@QEAAHQEAUHWND__@@@Z 0000000140005880 f i Colorpge.obj
 0001:00004880       ?RemoveOwner@?$CHandleList@PEAUHDC__@@VCDCMTL@@PEAUHWND__@@@@QEAAHQEAUHWND__@@@Z 0000000140005880 f i Colorpge.obj
 0001:00004910       ?RemoveHandleWnd@CWinApp@@QEAAPEAUHWND__@@PEAU2@@Z 0000000140005910 f i Colorpge.obj
 0001:000049b0       ?DestroyWindow@CWnd@@UEAAHXZ 00000001400059b0 f i Colorpge.obj
 0001:000049d0       ?CWndDestruct@CWnd@@QEAAXXZ 00000001400059d0 f i Colorpge.obj
 0001:00004a50       ?classHandleFuncCWnd@CWnd@@SAPEAXPEAX0@Z 0000000140005a50 f i Colorpge.obj
 0001:00004ad0       ?OnCmdMsg@CCmdTarget@@UEAAHIHPEAXPEAUAFX_CMDHANDLERINFO@@@Z 0000000140005ad0 f i Colorpge.obj
 0001:00004c10       ?AfxHelpEnabled@@YAHXZ     0000000140005c10 f i Colorpge.obj
 0001:00004cc0       ?CommonConstruct@CPropertyPageMTL@@QEAAXPEB_WI@Z 0000000140005cc0 f i Colorpge.obj
 0001:00004d70       ??0CPropertyPageMTL@@QEAA@IIK@Z 0000000140005d70 f i Colorpge.obj
 0001:00004e50       ?GetRuntimeClass@CMainFrame@@UEBAPEAUCRuntimeClass@@XZ 0000000140005e50 f   Mainfrm.obj
 0001:00004e60       ?_ProcessWindowMessage@CMainFrame@@UEAAHPEAUHWND__@@I_K_JAEA_J@Z 0000000140005e60 f i Mainfrm.obj
 0001:00004f90       ??0CMainFrame@@QEAA@XZ     0000000140005f90 f   Mainfrm.obj
 0001:00005020       ??_ECMainFrame@@UEAAPEAXI@Z 0000000140006020 f i * CIL library *:* CIL module *
 0001:00005020       ??_GCMainFrame@@UEAAPEAXI@Z 0000000140006020 f i Mainfrm.obj
 0001:00005050       ??1CMainFrame@@UEAA@XZ     0000000140006050 f   Mainfrm.obj
 0001:00005120       ?OnCreate@CMainFrame@@QEAAHPEAUtagCREATESTRUCTW@@@Z 0000000140006120 f   Mainfrm.obj
 0001:00005200       ?OnMiniFramePropertySheet@CMainFrame@@QEAAXXZ 0000000140006200 f   Mainfrm.obj
 0001:00005410       ?AllocElements@CStatusBar@@QEAAHHH@Z 0000000140006410 f i Mainfrm.obj
 0001:000054f0       ?SetIndicators@CStatusBar@@QEAAHPEBIH@Z 00000001400064f0 f i Mainfrm.obj
 0001:00005720       ?SetButtons@CToolBar@@QEAAHPEBIH@Z 0000000140006720 f i Mainfrm.obj
 0001:00005850       ?AfxLoadSysColorBitmap@@YAPEAUHBITMAP__@@PEAUHINSTANCE__@@PEAUHRSRC__@@H@Z 0000000140006850 f i Mainfrm.obj
 0001:00005ab0       ?AddReplaceBitmap@CToolBar@@QEAAHPEAUHBITMAP__@@@Z 0000000140006ab0 f i Mainfrm.obj
 0001:00005ba0       ?LoadBitmapW@CToolBar@@QEAAHPEB_W@Z 0000000140006ba0 f i Mainfrm.obj
 0001:00005c30       ?OnPaint@CToolBar@@QEAAXXZ 0000000140006c30 f i Mainfrm.obj
 0001:00005cc0       ?OnSetBitmapSize@CToolBar@@QEAA_J_K_J@Z 0000000140006cc0 f i Mainfrm.obj
 0001:00005cd0       ?OnSetSizeHelper@CToolBar@@QEAA_JAEAVCSize@WTL@@_J@Z 0000000140006cd0 f i Mainfrm.obj
 0001:00005e00       ?OnSetButtonSize@CToolBar@@QEAA_J_K_J@Z 0000000140006e00 f i Mainfrm.obj
 0001:00005e10       ?OnPreserveSizingPolicyHelper@CToolBar@@QEAA_J_K_J@Z 0000000140006e10 f i Mainfrm.obj
 0001:00005fe0       ?OnPreserveZeroBorderHelper@CToolBar@@QEAA_J_K_J@Z 0000000140006fe0 f i Mainfrm.obj
 0001:000060f0       ?_ProcessWindowMessage@CToolBar@@UEAAHPEAUHWND__@@I_K_JAEA_J@Z 00000001400070f0 f i Mainfrm.obj
 0001:000063d0       ??_ECToolBar@@UEAAPEAXI@Z  00000001400073d0 f i * CIL library *:* CIL module *
 0001:000063d0       ??_ECControlBar@@UEAAPEAXI@Z 00000001400073d0 f i * CIL library *:* CIL module *
 0001:000063d0       ??_GCStatusBar@@UEAAPEAXI@Z 00000001400073d0 f i Mainfrm.obj
 0001:000063d0       ??_GCToolBar@@UEAAPEAXI@Z  00000001400073d0 f i Mainfrm.obj
 0001:000063d0       ??_ECStatusBar@@UEAAPEAXI@Z 00000001400073d0 f i * CIL library *:* CIL module *
 0001:000063d0       ??_GCControlBar@@UEAAPEAXI@Z 00000001400073d0 f i Mainfrm.obj
 0001:00006450       ?OnToolHitTest@CToolBar@@UEBA_JVCPoint@WTL@@PEAUtagTOOLINFOW@@@Z 0000000140007450 f i Mainfrm.obj
 0001:00006580       ?OnBarStyleChange@CToolBar@@UEAAXKK@Z 0000000140007580 f i Mainfrm.obj
 0001:000065d0       ?Enable@CToolCmdUI@@UEAAXH@Z 00000001400075d0 f i Mainfrm.obj
 0001:00006650       ?SetButtonStyle@CToolBar@@QEAAXHI@Z 0000000140007650 f i Mainfrm.obj
 0001:000066d0       ?SetCheck@CToolCmdUI@@UEAAXH@Z 00000001400076d0 f i Mainfrm.obj
 0001:00006760       ?OnUpdateCmdUI@CToolBar@@UEAAXPEAVCFrameWnd@@H@Z 0000000140007760 f i Mainfrm.obj
 0001:000068f0       ?WrapToolBar@CToolBar@@QEAAHPEAU_TBBUTTON@@HH@Z 00000001400078f0 f i Mainfrm.obj
 0001:00006a10       ?SizeToolBar@CToolBar@@QEAAXPEAU_TBBUTTON@@HHH@Z 0000000140007a10 f i Mainfrm.obj
 0001:00006be0       ?CalcSize@CToolBar@@QEAA?AVCSize@WTL@@PEAU_TBBUTTON@@H@Z 0000000140007be0 f i Mainfrm.obj
 0001:00006d40       ?_SetButton@CToolBar@@QEAAXHPEAU_TBBUTTON@@@Z 0000000140007d40 f i Mainfrm.obj
 0001:00006f30       ?CalcDynamicLayout@CToolBar@@UEAA?AVCSize@WTL@@HK@Z 0000000140007f30 f i Mainfrm.obj
 0001:00006f90       ?CalcLayout@CToolBar@@QEAA?AVCSize@WTL@@KH@Z 0000000140007f90 f i Mainfrm.obj
 0001:00007620       ?CalcFixedLayout@CToolBar@@UEAA?AVCSize@WTL@@HH@Z 0000000140008620 f i Mainfrm.obj
 0001:00007660       ?Create@CToolBar@@UEAAHPEAVCWnd@@KI@Z 0000000140008660 f i Mainfrm.obj
 0001:000076b0       ?_AfxGetDropDownWidth@CToolBar@@SAHXZ 00000001400086b0 f i Mainfrm.obj
 0001:000077b0       ?SetSizes@CToolBar@@QEAAXUtagSIZE@@0@Z 00000001400087b0 f i Mainfrm.obj
 0001:00007850       ?CreateEx@CToolBar@@UEAAHPEAVCWnd@@KKVCRect@WTL@@I@Z 0000000140008850 f i Mainfrm.obj
 0001:00007990       ??0CToolBar@@QEAA@XZ       0000000140008990 f i Mainfrm.obj
 0001:00007a20       ??1CControlBar@@UEAA@XZ    0000000140008a20 f i Mainfrm.obj
 0001:00007a20       ??1CStatusBar@@UEAA@XZ     0000000140008a20 f i Mainfrm.obj
 0001:00007a80       ??0_AUX_DATA@@QEAA@XZ      0000000140008a80 f i Mainfrm.obj
 0001:00007b90       ?_GetAfxData@CAfx@@SAAEBU_AUX_DATA@@XZ 0000000140008b90 f i Mainfrm.obj
 0001:00007bc0       ??0CControlBar@@QEAA@XZ    0000000140008bc0 f i Mainfrm.obj
 0001:00007c70       ?OnGetText@CStatusBar@@QEAAHHPEA_W@Z 0000000140008c70 f i Mainfrm.obj
 0001:00007d00       ?OnNcCalcSize@CStatusBar@@QEAAXHPEAUtagNCCALCSIZE_PARAMS@@@Z 0000000140008d00 f i Mainfrm.obj
 0001:00007dc0       ??_GCClientDCMTL@@UEAAPEAXI@Z 0000000140008dc0 f i Mainfrm.obj
 0001:00007dc0       ??_ECClientDCMTL@@UEAAPEAXI@Z 0000000140008dc0 f i * CIL library *:* CIL module *
 0001:00007dc0       ??_ECWindowDCMTL@@UEAAPEAXI@Z 0000000140008dc0 f i * CIL library *:* CIL module *
 0001:00007dc0       ??_GCWindowDCMTL@@UEAAPEAXI@Z 0000000140008dc0 f i Mainfrm.obj
 0001:00007e40       ?DrawBorders@CControlBar@@QEAAXPEAVCDCMTL@@AEAVCRect@WTL@@@Z 0000000140008e40 f i Mainfrm.obj
 0001:00008250       ?FillSolidRect@?$CDCT@$00@WTL@@QEAAXHHHHK@Z 0000000140009250 f i Mainfrm.obj
 0001:000082e0       ?Draw3dRect@?$CDCT@$00@WTL@@QEAAXHHHHKK@Z 00000001400092e0 f i Mainfrm.obj
 0001:000084d0       ?DrawNonThemedGripper@CControlBar@@QEAAHPEAVCDCMTL@@AEBVCRect@WTL@@@Z 00000001400094d0 f i Mainfrm.obj
 0001:00008590       ?EraseNonClient@CControlBar@@QEAAXXZ 0000000140009590 f i Mainfrm.obj
 0001:000087b0       ?OnSetText@CStatusBar@@QEAAHPEB_W@Z 00000001400097b0 f i Mainfrm.obj
 0001:000088c0       ?OnSetMinHeight@CStatusBar@@QEAA_J_K_J@Z 00000001400098c0 f i Mainfrm.obj
 0001:00008900       ?_ProcessWindowMessage@CStatusBar@@UEAAHPEAUHWND__@@I_K_JAEA_J@Z 0000000140009900 f i Mainfrm.obj
 0001:00008b20       ?OnCreate@CControlBar@@QEAAHPEAUtagCREATESTRUCTW@@@Z 0000000140009b20 f i Mainfrm.obj
 0001:00008c20       ?OnDestroy@CControlBar@@QEAAXXZ 0000000140009c20 f i Mainfrm.obj
 0001:00008ca0       ?OnLButtonDown@CControlBar@@QEAAXIVCPoint@WTL@@@Z 0000000140009ca0 f i Mainfrm.obj
 0001:00008d20       ?ReDockControlBar@CDockBar@@QEAAXPEAVCControlBar@@PEBUtagRECT@@@Z 0000000140009d20 f i Mainfrm.obj
 0001:00009110       ?ReDockControlBar@CFrameWnd@@QEAAXPEAVCControlBar@@PEAVCDockBar@@PEBUtagRECT@@@Z 000000014000a110 f i Mainfrm.obj
 0001:00009240       ?ToggleDocking@CDockContext@@QEAAXXZ 000000014000a240 f i Mainfrm.obj
 0001:000093d0       ?OnTimer@CControlBar@@QEAAX_K@Z 000000014000a3d0 f i Mainfrm.obj
 0001:000095e0       ?RecalcDelayShow@CControlBar@@QEAAKPEAUAFX_SIZEPARENTPARAMS@@@Z 000000014000a5e0 f i Mainfrm.obj
 0001:000096b0       ?OnSizeParent@CControlBar@@QEAA_J_K_J@Z 000000014000a6b0 f i Mainfrm.obj
 0001:00009830       ?OnIdleUpdateCmdUI@CControlBar@@QEAA_J_K_J@Z 000000014000a830 f i Mainfrm.obj
 0001:00009970       ?OnInitialUpdate@CControlBar@@QEAAXXZ 000000014000a970 f i Mainfrm.obj
 0001:00009980       ?_ProcessWindowMessage@CControlBar@@UEAAHPEAUHWND__@@I_K_JAEA_J@Z 000000014000a980 f i Mainfrm.obj
 0001:00009b00       ?RemoveControlBar@CFrameWnd@@QEAAXPEAVCControlBar@@@Z 000000014000ab00 f i Mainfrm.obj
 0001:00009b80       ?CreateEx@CMiniFrameWnd@@UEAAHKPEB_W0KAEBUtagRECT@@PEAVCWnd@@I@Z 000000014000ab80 f i Mainfrm.obj
 0001:00009c90       ?Create@CDockBar@@QEAAHPEAVCWnd@@KI@Z 000000014000ac90 f i Mainfrm.obj
 0001:00009d60       ?Create@CMiniDockFrameWnd@@QEAAHPEAVCWnd@@K@Z 000000014000ad60 f i Mainfrm.obj
 0001:00009fe0       ?GetParentOwner@CWnd@@QEAAPEAV1@XZ 000000014000afe0 f i Mainfrm.obj
 0001:0000a070       ?Create@CToolTipCtrlMTL@@QEAAHPEAVCWnd@@K@Z 000000014000b070 f i Mainfrm.obj
 0001:0000a130       ??_ECToolTipCtrlMTL@@UEAAPEAXI@Z 000000014000b130 f i * CIL library *:* CIL module *
 0001:0000a130       ??_GCToolTipCtrlMTL@@UEAAPEAXI@Z 000000014000b130 f i Mainfrm.obj
 0001:0000a1c0       ?_AfxRelayToolTipMessage@CWnd@@SAXPEAVCToolTipCtrlMTL@@PEAUtagMSG@@@Z 000000014000b1c0 f i Mainfrm.obj
 0001:0000a270       ?FilterToolTipMessage@CWnd@@QEAAXPEAUtagMSG@@@Z 000000014000b270 f i Mainfrm.obj
 0001:0000a880       ?_FilterToolTipMessage@CWnd@@SAXPEAUtagMSG@@PEAV1@@Z 000000014000b880 f i Mainfrm.obj
 0001:0000a890       ?_EnableToolTips@CWnd@@QEAAHHI@Z 000000014000b890 f i Mainfrm.obj
 0001:0000a9e0       ?InsertAt@?$CArray@PEAXAEBQEAX@@QEAAX_JAEBQEAX0@Z 000000014000b9e0 f i Mainfrm.obj
 0001:0000aa70       ?Insert@CDockBar@@QEAAHPEAVCControlBar@@VCRect@WTL@@VCPoint@4@@Z 000000014000ba70 f i Mainfrm.obj
 0001:0000ade0       ?SetSize@?$CArray@PEAXAEBQEAX@@QEAAX_J0@Z 000000014000bde0 f i Mainfrm.obj
 0001:0000af30       ?DockControlBar@CDockBar@@QEAAXPEAVCControlBar@@PEBUtagRECT@@@Z 000000014000bf30 f i Mainfrm.obj
 0001:0000b280       ?FloatControlBar@CFrameWnd@@QEAAXPEAVCControlBar@@VCPoint@WTL@@K@Z 000000014000c280 f i Mainfrm.obj
 0001:0000b480       ?RemoveAt@?$CArray@PEAXAEBQEAX@@QEAAX_J0@Z 000000014000c480 f i Mainfrm.obj
 0001:0000b4c0       ?RemovePlaceHolder@CDockBar@@QEAAXPEAVCControlBar@@@Z 000000014000c4c0 f i Mainfrm.obj
 0001:0000b5a0       ?RemoveControlBar@CDockBar@@QEAAHPEAVCControlBar@@HH@Z 000000014000c5a0 f i Mainfrm.obj
 0001:0000b7f0       ?CControlBarDestruct@CControlBar@@QEAAXXZ 000000014000c7f0 f i Mainfrm.obj
 0001:0000b880       ?PostNcDestroy@CControlBar@@UEAAXXZ 000000014000c880 f i Mainfrm.obj
 0001:0000b8a0       ?PreTranslateMessage@CControlBar@@UEAAHPEAUtagMSG@@@Z 000000014000c8a0 f i Mainfrm.obj
 0001:0000bba0       ?WindowProc@CControlBar@@UEAA_JI_K_J@Z 000000014000cba0 f i Mainfrm.obj
 0001:0000bd10       ?PreCreateWindow@CControlBar@@UEAAHAEAUtagCREATESTRUCTW@@@Z 000000014000cd10 f i Mainfrm.obj
 0001:0000bdc0       ?PreCreateWindow@CStatusBar@@UEAAHAEAUtagCREATESTRUCTW@@@Z 000000014000cdc0 f i Mainfrm.obj
 0001:0000bdf0       ?OnBarStyleChange@CStatusBar@@UEAAXKK@Z 000000014000cdf0 f i Mainfrm.obj
 0001:0000be30       ?Enable@CStatusCmdUI@@UEAAXH@Z 000000014000ce30 f i Mainfrm.obj
 0001:0000be70       ??1?$CArray@PEAXAEBQEAX@@QEAA@XZ 000000014000ce70 f i Propsht.obj
 0001:0000be70       ??1?$CArray@HAEBH@@QEAA@XZ 000000014000ce70 f i Mainfrm.obj
 0001:0000beb0       ?SetSize@?$CArray@W4LoadArrayObjType@CArchive@@AEBW412@@@QEAAX_J0@Z 000000014000ceb0 f i Shapedoc.obj
 0001:0000beb0       ?SetSize@?$CArray@HAEBH@@QEAAX_J0@Z 000000014000ceb0 f i Mainfrm.obj
 0001:0000c000       ?UpdateAllPanes@CStatusBar@@QEAAXHH@Z 000000014000d000 f i Mainfrm.obj
 0001:0000c3b0       ?SetPaneStyle@CStatusBar@@QEAAXHI@Z 000000014000d3b0 f i Mainfrm.obj
 0001:0000c4c0       ?SetCheck@CStatusCmdUI@@UEAAXH@Z 000000014000d4c0 f i Mainfrm.obj
 0001:0000c4f0       ?SetPaneText@CStatusBar@@QEAAHHPEB_WH@Z 000000014000d4f0 f i Mainfrm.obj
 0001:0000c5e0       ?SetText@CStatusCmdUI@@UEAAXPEB_W@Z 000000014000d5e0 f i Mainfrm.obj
 0001:0000c600       ?UpdateDialogControls@CWnd@@QEAAXPEAVCCmdTarget@@H@Z 000000014000d600 f i Mainfrm.obj
 0001:0000c8a0       ?OnUpdateCmdUI@CStatusBar@@UEAAXPEAVCFrameWnd@@H@Z 000000014000d8a0 f i Mainfrm.obj
 0001:0000c9e0       ?CalcFixedLayout@CControlBar@@UEAA?AVCSize@WTL@@HH@Z 000000014000d9e0 f i Mainfrm.obj
 0001:0000ca20       ?CalcDynamicLayout@CControlBar@@UEAA?AVCSize@WTL@@HK@Z 000000014000da20 f i Mainfrm.obj
 0001:0000ca50       ??1CClientDCMTL@@UEAA@XZ   000000014000da50 f i Mainfrm.obj
 0001:0000cac0       ?CalcInsideRect@CControlBar@@QEBAXAEAVCRect@WTL@@H@Z 000000014000dac0 f i Mainfrm.obj
 0001:0000cb80       ?CalcFixedLayout@CStatusBar@@UEAA?AVCSize@WTL@@HH@Z 000000014000db80 f i Mainfrm.obj
 0001:0000cd30       ?ResetTimer@CControlBar@@QEAAX_KI@Z 000000014000dd30 f i Mainfrm.obj
 0001:0000cd90       ?SetStatusText@CControlBar@@UEAAH_J@Z 000000014000dd90 f i Mainfrm.obj
 0001:0000ced0       ?Create@CStatusBar@@UEAAHPEAVCWnd@@KI@Z 000000014000ded0 f i Mainfrm.obj
 0001:0000cef0       ?CreateEx@CStatusBar@@UEAAHPEAVCWnd@@KKI@Z 000000014000def0 f i Mainfrm.obj
 0001:0000cfe0       ??1CMDIFrameWnd@@UEAA@XZ   000000014000dfe0 f i Mainfrm.obj
 0001:0000cff0       ?AddFrameWnd@CFrameWnd@@QEAAXXZ 000000014000dff0 f i Mainfrm.obj
 0001:0000d070       ??0CFrameWnd@@QEAA@XZ      000000014000e070 f i Mainfrm.obj
 0001:0000d160       ?OnCmdMsg@CMDIFrameWnd@@UEAAHIHPEAXPEAUAFX_CMDHANDLERINFO@@@Z 000000014000e160 f i Mainfrm.obj
 0001:0000d240       ??_ECFrameWnd@@UEAAPEAXI@Z 000000014000e240 f i * CIL library *:* CIL module *
 0001:0000d240       ??_GCMDIFrameWnd@@UEAAPEAXI@Z 000000014000e240 f i Mainfrm.obj
 0001:0000d240       ??_ECMDIChildWnd@@UEAAPEAXI@Z 000000014000e240 f i * CIL library *:* CIL module *
 0001:0000d240       ??_GCFrameWnd@@UEAAPEAXI@Z 000000014000e240 f i Mainfrm.obj
 0001:0000d240       ??_ECMDIFrameWnd@@UEAAPEAXI@Z 000000014000e240 f i * CIL library *:* CIL module *
 0001:0000d240       ??_GCMDIChildWnd@@UEAAPEAXI@Z 000000014000e240 f i Stdafx.obj
 0001:0000d270       ?PreTranslateMessage@CMDIFrameWnd@@UEAAHPEAUtagMSG@@@Z 000000014000e270 f i Mainfrm.obj
 0001:0000d390       ?DefWindowProcW@CMDIFrameWnd@@UEAA_JI_K_J@Z 000000014000e390 f i Mainfrm.obj
 0001:0000d3c0       ?OnCommand@CMDIFrameWnd@@UEAAH_K_J@Z 000000014000e3c0 f i Mainfrm.obj
 0001:0000d4c0       ?PreCreateWindow@CMDIFrameWnd@@UEAAHAEAUtagCREATESTRUCTW@@@Z 000000014000e4c0 f i Mainfrm.obj
 0001:0000d4f0       ?OnCreateClient@CMDIFrameWnd@@UEAAHPEAUtagCREATESTRUCTW@@PEAUCCreateContext@@@Z 000000014000e4f0 f i Mainfrm.obj
 0001:0000d580       ?GetActiveFrame@CMDIFrameWnd@@UEAAPEAVCFrameWnd@@XZ 000000014000e580 f i Mainfrm.obj
 0001:0000d610       ?LoadFrame@CMDIFrameWnd@@UEAAHIKPEAVCWnd@@PEAUCCreateContext@@@Z 000000014000e610 f i Mainfrm.obj
 0001:0000d650       ?CreateClient@CMDIFrameWnd@@UEAAHPEAUtagCREATESTRUCTW@@PEAVCMenuMTL@@@Z 000000014000e650 f i Mainfrm.obj
 0001:0000d7b0       ?DelayUpdateFrameMenu@CMDIFrameWnd@@UEAAXPEAUHMENU__@@@Z 000000014000e7b0 f i Mainfrm.obj
 0001:0000d7d0       ?GetWindowMenuPopup@CMDIFrameWnd@@UEAAPEAUHMENU__@@PEAU2@@Z 000000014000e7d0 f i Mainfrm.obj
 0001:0000d890       ?OnIdleUpdateCmdUI@CMDIFrameWnd@@QEAAXXZ 000000014000e890 f i Mainfrm.obj
 0001:0000d8c0       ?AfxRegisterWndClass@CAfx@@SAPEB_WIPEAUHICON__@@PEAUHBRUSH__@@0@Z 000000014000e8c0 f i Mainfrm.obj
 0001:0000d9d0       ?GetIconWndClass@CFrameWnd@@QEAAPEB_WKI@Z 000000014000e9d0 f i Mainfrm.obj
 0001:0000da90       ?OnCmdMsg@CFrameWnd@@UEAAHIHPEAXPEAUAFX_CMDHANDLERINFO@@@Z 000000014000ea90 f i Mainfrm.obj
 0001:0000db40       ?PreTranslateMessage@CFrameWnd@@UEAAHPEAUtagMSG@@@Z 000000014000eb40 f i Mainfrm.obj
 0001:0000dbc0       ?PreCreateWindow@CFrameWnd@@UEAAHAEAUtagCREATESTRUCTW@@@Z 000000014000ebc0 f i Mainfrm.obj
 0001:0000dbc0       ?PreCreateWindow@CMDIChildWnd@@UEAAHAEAUtagCREATESTRUCTW@@@Z 000000014000ebc0 f i Stdafx.obj
 0001:0000dc10       ?AfxIsDescendant@CFrameWnd@@SAHPEAUHWND__@@0@Z 000000014000ec10 f i Mainfrm.obj
 0001:0000dcf0       ?ShowOwnedWindows@CFrameWnd@@QEAAXH@Z 000000014000ecf0 f i Mainfrm.obj
 0001:0000de10       ?OnSetPreviewMode@CFrameWnd@@UEAAXHPEAUCPrintPreviewState@@@Z 000000014000ee10 f i Mainfrm.obj
 0001:0000e240       ?GetActiveFrame@CFrameWnd@@UEAAPEAV1@XZ 000000014000f240 f i Mainfrm.obj
 0001:0000e250       ?GetDefaultAccelerator@CFrameWnd@@UEAAPEAUHACCEL__@@XZ 000000014000f250 f i Mainfrm.obj
 0001:0000e290       ?RemoveFrameWnd@CFrameWnd@@QEAAXXZ 000000014000f290 f i Mainfrm.obj
 0001:0000e320       ?CFrameWndDestruct@CFrameWnd@@QEAAXXZ 000000014000f320 f i Mainfrm.obj
 0001:0000e330       ??1CFrameWnd@@UEAA@XZ      000000014000f330 f i Mainfrm.obj
 0001:0000e3f0       ?PostNcDestroy@_AFX_MOUSEANCHORWND@@UEAAXXZ 000000014000f3f0 f i Stdafx.obj
 0001:0000e3f0       ?PostNcDestroy@CView@@UEAAXXZ 000000014000f3f0 f i Shapesvw.obj
 0001:0000e3f0       ?PostNcDestroy@CFrameWnd@@UEAAXXZ 000000014000f3f0 f i Mainfrm.obj
 0001:0000e3f0       ?PostNcDestroy@CModelessShapePropSheet@@UEAAXXZ 000000014000f3f0 f i Propsht2.obj
 0001:0000e410       ?Create@CFrameWnd@@UEAAHPEB_W0KAEBUtagRECT@@PEAVCWnd@@0KPEAUCCreateContext@@@Z 000000014000f410 f i Mainfrm.obj
 0001:0000e550       ?LoadFrame@CFrameWnd@@UEAAHIKPEAVCWnd@@PEAUCCreateContext@@@Z 000000014000f550 f i Mainfrm.obj
 0001:0000e890       ?IsTopParentActive@CWnd@@QEAAHXZ 000000014000f890 f i Mainfrm.obj
 0001:0000e920       ?OnWindowNew@CMDIFrameWnd@@QEAAXXZ 000000014000f920 f i Mainfrm.obj
 0001:0000eab0       ?OnUpdateMDIWindowCmd@CMDIFrameWnd@@QEAAXPEAVCCmdUI@@@Z 000000014000fab0 f i Mainfrm.obj
 0001:0000eb50       ?OnMDIWindowCmd@CMDIFrameWnd@@QEAAHI@Z 000000014000fb50 f i Mainfrm.obj
 0001:0000ebb0       ?CanCloseFrame@CDocument@@QEAAHPEAVCFrameWnd@@@Z 000000014000fbb0 f i Mainfrm.obj
 0001:0000ecb0       ?SaveAllModified@CDocManager@@QEAAHXZ 000000014000fcb0 f i Mainfrm.obj
 0001:0000ed40       ?CloseAllDocuments@CDocTemplate@@QEAAXH@Z 000000014000fd40 f i Mainfrm.obj
 0001:0000ee30       ?OnCloseDocument@CDocument@@QEAAXXZ 000000014000fe30 f i Mainfrm.obj
 0001:0000eee0       ?OnClose@CFrameWnd@@QEAAXXZ 000000014000fee0 f i Mainfrm.obj
 0001:0000f070       ?CreateView@CFrameWnd@@QEAAPEAVCWnd@@PEAUCCreateContext@@I@Z 0000000140010070 f i Mainfrm.obj
 0001:0000f180       ?OnCreateClient@CFrameWnd@@UEAAHPEAUtagCREATESTRUCTW@@PEAUCCreateContext@@@Z 0000000140010180 f i Mainfrm.obj
 0001:0000f1b0       ?OnCreateHelper@CFrameWnd@@QEAAHPEAUtagCREATESTRUCTW@@PEAUCCreateContext@@@Z 00000001400101b0 f i Mainfrm.obj
 0001:0000f250       ?DestroyWindow@CControlBar@@UEAAHXZ 0000000140010250 f i Mainfrm.obj
 0001:0000f2d0       ?DestroyDockBars@CFrameWnd@@QEAAXXZ 00000001400102d0 f i Mainfrm.obj
 0001:0000f520       ?OnDestroy@CFrameWnd@@QEAAXXZ 0000000140010520 f i Mainfrm.obj
 0001:0000f5b0       ?ActivateFrame@CFrameWnd@@UEAAXH@Z 00000001400105b0 f i Mainfrm.obj
 0001:0000f660       ?ShowAppMessageBox@CWinApp@@SAHPEAV1@PEB_WII@Z 0000000140010660 f i Mainfrm.obj
 0001:0000f720       ?AfxMessageBox@@YAHIII@Z   0000000140010720 f i Mainfrm.obj
 0001:0000f790       ?OnDropFiles@CFrameWnd@@QEAAXPEAUHDROP__@@@Z 0000000140010790 f i Mainfrm.obj
 0001:0000f850       ?GetOwner@CWnd@@QEAAPEAV1@XZ 0000000140010850 f i Mainfrm.obj
 0001:0000f890       ?GetTopLevelParent@CWnd@@QEAAPEAV1@XZ 0000000140010890 f i Mainfrm.obj
 0001:0000f990       ?OnIdle@CCmdUI@@QEAAHPEAVCCmdTarget@@H@Z 0000000140010990 f i Mainfrm.obj
 0001:0000fa50       ?OnInitMenuPopup@CFrameWnd@@QEAAXPEAVCMenuMTL@@IH@Z 0000000140010a50 f i Mainfrm.obj
 0001:0000fcf0       ?GetTopLevelFrame@CWnd@@QEAAPEAVCFrameWnd@@XZ 0000000140010cf0 f i Mainfrm.obj
 0001:0000fde0       ?SetMenuBarState@CFrameWnd@@QEAAHK@Z 0000000140010de0 f i Mainfrm.obj
 0001:0000fe40       ?OnMenuSelect@CFrameWnd@@QEAAXIIPEAUHMENU__@@@Z 0000000140010e40 f i Mainfrm.obj
 0001:00010010       ?OnSize@CFrameWnd@@QEAAXIHH@Z 0000000140011010 f i Mainfrm.obj
 0001:00010060       ?OnPopMessageString@CFrameWnd@@QEAA_J_K_J@Z 0000000140011060 f i Mainfrm.obj
 0001:00010080       ?GetDescendantWindow@CWnd@@QEAAPEAV1@PEAUHWND__@@HH@Z 0000000140011080 f i Mainfrm.obj
 0001:00010180       ?OnSetMessageString@CFrameWnd@@QEAA_J_K_J@Z 0000000140011180 f i Mainfrm.obj
 0001:000103d0       ?OnUpdateFrameMenu@CFrameWnd@@UEAAXPEAUHMENU__@@@Z 00000001400113d0 f i Mainfrm.obj
 0001:00010400       ?UpdateFrameTitleForDocument@CFrameWnd@@QEAAXPEB_W@Z 0000000140011400 f i Mainfrm.obj
 0001:00010a80       ?OnUpdateFrameTitle@CFrameWnd@@UEAAXH@Z 0000000140011a80 f i Mainfrm.obj
 0001:00010af0       ?OnIdleUpdateCmdUI@CFrameWnd@@QEAAXXZ 0000000140011af0 f i Mainfrm.obj
 0001:00010b90       ?OnUpdateControlBarMenu@CFrameWnd@@QEAAXPEAVCCmdUI@@@Z 0000000140011b90 f i Mainfrm.obj
 0001:00010be0       ?GetControlBar@CFrameWnd@@QEAAPEAVCControlBar@@I@Z 0000000140011be0 f i Mainfrm.obj
 0001:00010c50       ?GetParentFrame@CWnd@@QEAAPEAVCFrameWnd@@XZ 0000000140011c50 f i Mainfrm.obj
 0001:00010d10       ?IsVisible@CControlBar@@UEBAHXZ 0000000140011d10 f i Mainfrm.obj
 0001:00010d50       ?AfxRepositionWindow@CAfx@@SAXPEAUAFX_SIZEPARENTPARAMS@@PEAUHWND__@@PEBUtagRECT@@@Z 0000000140011d50 f i Mainfrm.obj
 0001:00010e50       ?RepositionBars@CWnd@@QEAAXIIIIPEAUtagRECT@@PEBU2@H@Z 0000000140011e50 f i Mainfrm.obj
 0001:00011030       ?RecalcLayout@CFrameWnd@@UEAAXH@Z 0000000140012030 f i Mainfrm.obj
 0001:00011160       ?ShowControlBar@CFrameWnd@@QEAAXPEAVCControlBar@@HH@Z 0000000140012160 f i Mainfrm.obj
 0001:00011370       ?OnBarCheck@CFrameWnd@@QEAAHI@Z 0000000140012370 f i Mainfrm.obj
 0001:000113c0       ?_AtlGetStringResourceImage@CAfx@@SAPEBUATLSTRINGRESOURCEIMAGE@ATL@@PEAUHINSTANCE__@@PEAUHRSRC__@@I@Z 00000001400123c0 f i Mainfrm.obj
 0001:00011460       ?AfxLoadString@CAfx@@SAHIPEA_WI@Z 0000000140012460 f i Mainfrm.obj
 0001:00011510       ?Empty@CString@WTL@@QEAAXXZ 0000000140012510 f i Mainfrm.obj
 0001:00011590       ?AfxExtractSubString@CAfx@@SAHAEAVCString@WTL@@PEB_WH_W@Z 0000000140012590 f i Mainfrm.obj
 0001:000116a0       ?OnToolTipText@CFrameWnd@@QEAAHIPEAUtagNMHDR@@PEA_J@Z 00000001400126a0 f i Mainfrm.obj
 0001:00011ac0       ?OnUpdateKeyIndicator@CFrameWnd@@QEAAXPEAVCCmdUI@@@Z 0000000140012ac0 f i Mainfrm.obj
 0001:00011b30       ?_ProcessWindowMessage@CFrameWnd@@UEAAHPEAUHWND__@@I_K_JAEA_J@Z 0000000140012b30 f i Mainfrm.obj
 0001:00012150       ?_ProcessWindowMessage@CMDIFrameWnd@@UEAAHPEAUHWND__@@I_K_JAEA_J@Z 0000000140013150 f i Mainfrm.obj
 0001:00012420       ?_ProcessWindowMessage@CShapePropSheetFrame@@UEAAHPEAUHWND__@@I_K_JAEA_J@Z 0000000140013420 f i Minifrm.obj
 0001:00012580       ??_GCShapePropSheetFrame@@UEAAPEAXI@Z 0000000140013580 f i Minifrm.obj
 0001:00012580       ??_ECShapePropSheetFrame@@UEAAPEAXI@Z 0000000140013580 f i * CIL library *:* CIL module *
 0001:00012580       ??_ECMiniFrameWnd@@UEAAPEAXI@Z 0000000140013580 f i * CIL library *:* CIL module *
 0001:00012580       ??_GCMiniFrameWnd@@UEAAPEAXI@Z 0000000140013580 f i Minifrm.obj
 0001:000125b0       ?OnCreate@CShapePropSheetFrame@@IEAAHPEAUtagCREATESTRUCTW@@@Z 00000001400135b0 f   Minifrm.obj
 0001:00012700       ??1CMiniFrameWnd@@UEAA@XZ  0000000140013700 f i Minifrm.obj
 0001:00012770       ?PreCreateWindow@CMiniFrameWnd@@UEAAHAEAUtagCREATESTRUCTW@@@Z 0000000140013770 f i Minifrm.obj
 0001:000127e0       ?Create@CMiniFrameWnd@@UEAAHPEB_W0KAEBUtagRECT@@PEAVCWnd@@I@Z 00000001400137e0 f i Minifrm.obj
 0001:00012820       ?OnGetMinMaxInfo@CMiniFrameWnd@@QEAAXPEAUtagMINMAXINFO@@@Z 0000000140013820 f i Minifrm.obj
 0001:000128b0       ?OnNcCreate@CMiniFrameWnd@@QEAAHPEAUtagCREATESTRUCTW@@@Z 00000001400138b0 f i Minifrm.obj
 0001:000129d0       ?OnNcHitTest@CMiniFrameWnd@@QEAA_JVCPoint@WTL@@@Z 00000001400139d0 f i Minifrm.obj
 0001:00012b40       ?HandleFloatingSysCommand@CWnd@@QEAAHI_J@Z 0000000140013b40 f i Minifrm.obj
 0001:00012c80       ?OnSysCommand@CMiniFrameWnd@@QEAAXI_J@Z 0000000140013c80 f i Minifrm.obj
 0001:00012d30       ?OnFloatStatus@CMiniFrameWnd@@QEAA_J_K_J@Z 0000000140013d30 f i Minifrm.obj
 0001:00012e70       ?OnQueryCenterWnd@CMiniFrameWnd@@QEAA_J_K_J@Z 0000000140013e70 f i Minifrm.obj
 0001:00012eb0       ?_ProcessWindowMessage@CMiniFrameWnd@@UEAAHPEAUHWND__@@I_K_JAEA_J@Z 0000000140013eb0 f i Minifrm.obj
 0001:00013040       ?_ProcessWindowMessage@CShapePreviewWnd@@UEAAHPEAUHWND__@@I_K_JAEA_J@Z 0000000140014040 f i Preview.obj
 0001:00013120       ?OnPaint@CShapePreviewWnd@@AEAAXXZ 0000000140014120 f   Preview.obj
 0001:00013270       ?OnEraseBkgnd@CShapePreviewWnd@@AEAAHPEAVCDCMTL@@@Z 0000000140014270 f   Preview.obj
 0001:00013350       ??_ECBrushMTL@@UEAAPEAXI@Z 0000000140014350 f i * CIL library *:* CIL module *
 0001:00013350       ??_GCBrushMTL@@UEAAPEAXI@Z 0000000140014350 f i Preview.obj
 0001:00013350       ??_GCRgnMTL@@UEAAPEAXI@Z   0000000140014350 f i Stdafx.obj
 0001:00013350       ??_GCPenMTL@@UEAAPEAXI@Z   0000000140014350 f i Shapeobj.obj
 0001:00013350       ??_ECBitmapMTL@@UEAAPEAXI@Z 0000000140014350 f i * CIL library *:* CIL module *
 0001:00013350       ??_GCBitmapMTL@@UEAAPEAXI@Z 0000000140014350 f i Stdafx.obj
 0001:00013350       ??_ECRgnMTL@@UEAAPEAXI@Z   0000000140014350 f i * CIL library *:* CIL module *
 0001:00013350       ??_ECPenMTL@@UEAAPEAXI@Z   0000000140014350 f i * CIL library *:* CIL module *
 0001:000133c0       ?RemoveHandleGdiobj@CWinApp@@QEAAPEAXPEAX@Z 00000001400143c0 f i Preview.obj
 0001:000133e0       ??1CRgnMTL@@UEAA@XZ        00000001400143e0 f i Stdafx.obj
 0001:000133e0       ??1CBrushMTL@@UEAA@XZ      00000001400143e0 f i Preview.obj
 0001:000133e0       ??1CPenMTL@@UEAA@XZ        00000001400143e0 f i Shapeobj.obj
 0001:00013430       ?classHandleFuncCBitmapMTL@CBitmapMTL@@SAPEAXPEAX0@Z 0000000140014430 f i Stdafx.obj
 0001:00013430       ?classHandleFuncCBrushMTL@CBrushMTL@@SAPEAXPEAX0@Z 0000000140014430 f i Preview.obj
 0001:00013490       ?FromHandleGdiobj@CWinApp@@QEAAPEAVCGdiObject@@PEAXPEAV2@PEAUHWND__@@P6APEAX00@Z@Z 0000000140014490 f i Preview.obj
 0001:000134b0       ??1CPaintDCMTL@@UEAA@XZ    00000001400144b0 f i Preview.obj
 0001:00013520       ??_GCPaintDCMTL@@UEAAPEAXI@Z 0000000140014520 f i Preview.obj
 0001:00013520       ??_ECPaintDCMTL@@UEAAPEAXI@Z 0000000140014520 f i * CIL library *:* CIL module *
 0001:000135a0       ?_ProcessWindowMessage@CPropDlgApp@@UEAAHPEAUHWND__@@I_K_JAEA_J@Z 00000001400145a0 f i Propdlg.obj
 0001:00013660       ?InitInstance@CPropDlgApp@@UEAAHXZ 0000000140014660 f   Propdlg.obj
 0001:000138c0       ?OnAppAbout@CPropDlgApp@@QEAAXXZ 00000001400148c0 f   Propdlg.obj
 0001:00013960       ??HWTL@@YA?AVCString@0@AEBV10@PEB_W@Z 0000000140014960 f i Propdlg.obj
 0001:000139e0       ?AfxDelRegTreeHelper@CAfx@@SAJPEAUHKEY__@@AEBVCString@WTL@@PEAVCAtlTransactionManager@ATL@@@Z 00000001400149e0 f i Propdlg.obj
 0001:00013c90       ?Unregister@CWinApp@@QEAAHXZ 0000000140014c90 f i Propdlg.obj
 0001:00013ed0       ?ProcessShellCommand@CWinApp@@QEAAHAEAVCCommandLineInfo@@@Z 0000000140014ed0 f i Propdlg.obj
 0001:00014080       ?ParseParam@CCommandLineInfo@@UEAAXPEB_WHH@Z 0000000140015080 f i Propdlg.obj
 0001:00014150       ?EnableShellOpen@CWinApp@@QEAAXXZ 0000000140015150 f i Propdlg.obj
 0001:000143e0       ?GetFirstDocTemplatePosition@CDocManager@@UEBAPEAU__POSITION@@XZ 00000001400153e0 f i Propdlg.obj
 0001:000143f0       ?GetNextDoc@CMultiDocTemplate@@UEBAPEAVCDocument@@AEAPEAU__POSITION@@@Z 00000001400153f0 f i Propdlg.obj
 0001:000143f0       ?GetNextDocTemplate@CDocManager@@UEBAPEAVCDocTemplate@@AEAPEAU__POSITION@@@Z 00000001400153f0 f i Propdlg.obj
 0001:00014400       ?AddDocTemplate@CWinApp@@QEAAXPEAVCDocTemplate@@@Z 0000000140015400 f i Propdlg.obj
 0001:000144c0       ??0CDocTemplate@@QEAA@IPEAUCRuntimeClass@@00@Z 00000001400154c0 f i Propdlg.obj
 0001:00014550       ??1CDocTemplate@@QEAA@XZ   0000000140015550 f i Propdlg.obj
 0001:00014580       ?AddDocument@CMultiDocTemplate@@UEAAXPEAVCDocument@@@Z 0000000140015580 f i Propdlg.obj
 0001:000145f0       ?GetFirstDocPosition@CMultiDocTemplate@@UEBAPEAU__POSITION@@XZ 00000001400155f0 f i Propdlg.obj
 0001:00014600       ?CreateNewDocument@CDocTemplate@@UEAAPEAVCDocument@@XZ 0000000140015600 f i Propdlg.obj
 0001:00014660       ?OnCmdMsg@CDocTemplate@@UEAAHIHPEAXPEAUAFX_CMDHANDLERINFO@@@Z 0000000140015660 f i Propdlg.obj
 0001:00014670       ?CreateNewFrame@CDocTemplate@@UEAAPEAVCFrameWnd@@PEAVCDocument@@PEAV2@@Z 0000000140015670 f i Propdlg.obj
 0001:00014720       ??1CWaitCursor@@QEAA@XZ    0000000140015720 f i Propdlg.obj
 0001:00014780       ?SetActiveView@CFrameWnd@@QEAAXPEAVCView@@H@Z 0000000140015780 f i Propdlg.obj
 0001:00014820       ?InitialUpdateFrame@CFrameWnd@@QEAAXPEAVCDocument@@H@Z 0000000140015820 f i Propdlg.obj
 0001:00014a80       ?InitialUpdateFrame@CDocTemplate@@UEAAXPEAVCFrameWnd@@PEAVCDocument@@H@Z 0000000140015a80 f i Propdlg.obj
 0001:00014aa0       ?OpenDocumentFile@CMultiDocTemplate@@UEAAPEAVCDocument@@PEB_WHH@Z 0000000140015aa0 f i Propdlg.obj
 0001:00014cb0       ?OpenDocumentFile@CMultiDocTemplate@@UEAAPEAVCDocument@@PEB_WH@Z 0000000140015cb0 f i Propdlg.obj
 0001:00014cc0       ?RemoveDocument@CMultiDocTemplate@@UEAAXPEAVCDocument@@@Z 0000000140015cc0 f i Propdlg.obj
 0001:00014d40       ??_ECMultiDocTemplate@@UEAAPEAXI@Z 0000000140015d40 f i * CIL library *:* CIL module *
 0001:00014d40       ??_GCMultiDocTemplate@@UEAAPEAXI@Z 0000000140015d40 f i Propdlg.obj
 0001:00014d70       ??1CMultiDocTemplate@@UEAA@XZ 0000000140015d70 f i Propdlg.obj
 0001:00014e10       ?UpdateFrameCounts@CDocument@@QEAAXXZ 0000000140015e10 f i Propdlg.obj
 0001:00014f60       ?SetDefaultTitle@CMultiDocTemplate@@UEAAXPEAVCDocument@@@Z 0000000140015f60 f i Propdlg.obj
 0001:00015190       ?LoadTemplate@CMultiDocTemplate@@UEAAXXZ 0000000140016190 f i Propdlg.obj
 0001:00015200       ??0CRecentFileList@@QEAA@IPEB_W0HH@Z 0000000140016200 f i Propdlg.obj
 0001:00015320       ??_ECRecentFileList@@UEAAPEAXI@Z 0000000140016320 f i * CIL library *:* CIL module *
 0001:00015320       ??_GCRecentFileList@@UEAAPEAXI@Z 0000000140016320 f i Propdlg.obj
 0001:00015350       ?Add@CRecentFileList@@UEAAXPEB_W@Z 0000000140016350 f i Propdlg.obj
 0001:00015560       ?GetProfileStringW@CWinApp@@QEAA?AVCString@WTL@@PEB_W00@Z 0000000140016560 f i Propdlg.obj
 0001:00015640       ?ReadList@CRecentFileList@@UEAAXXZ 0000000140016640 f i Propdlg.obj
 0001:00015820       ??1CRecentFileList@@UEAA@XZ 0000000140016820 f i Propdlg.obj
 0001:000158f0       ??1CCommandLineInfo@@QEAA@XZ 00000001400168f0 f i Propdlg.obj
 0001:000159b0       ??1CWinApp@@QEAA@XZ        00000001400169b0 f i Propdlg.obj
 0001:00015b60       ??1CWinThread@@QEAA@XZ     0000000140016b60 f i Propdlg.obj
 0001:00015b80       ??0CModuleThreadState@@QEAA@XZ 0000000140016b80 f i Propdlg.obj
 0001:00015c00       ??1CModuleThreadState@@QEAA@XZ 0000000140016c00 f i Propdlg.obj
 0001:00015c60       ?OnIdle@CWinApp@@UEAAHH@Z  0000000140016c60 f i Propdlg.obj
 0001:00016000       ?WriteList@CRecentFileList@@UEAAXXZ 0000000140017000 f i Propdlg.obj
 0001:000160e0       ?ExitInstance@CWinApp@@UEAAHXZ 00000001400170e0 f i Propdlg.obj
 0001:00016160       ?Run@CWinApp@@UEAAHXZ      0000000140017160 f i Propdlg.obj
 0001:00016240       ??1?$CHandleHashList@PEAUHWND__@@VCWMHnd@@PEAU1@$0BB@@@QEAA@XZ 0000000140017240 f i Propdlg.obj
 0001:00016250       ??0CWinApp@@QEAA@XZ        0000000140017250 f i Propdlg.obj
 0001:00016370       ?OnAppExit@CWinApp@@QEAAXXZ 0000000140017370 f i Propdlg.obj
 0001:00016390       ?GetMenuStringW@CMenuMTL@@QEBAHIAEAVCString@WTL@@I@Z 0000000140017390 f i Propdlg.obj
 0001:000164b0       ?AfxGetFileTitle@CAfx@@SAIPEB_WPEA_WI@Z 00000001400174b0 f i Propdlg.obj
 0001:00016550       ?_AfxAbbreviateName@CAfx@@SAXPEA_WHH@Z 0000000140017550 f i Propdlg.obj
 0001:00016690       ?GetDisplayName@CRecentFileList@@UEBAHAEAVCString@WTL@@HPEB_WHH@Z 0000000140017690 f i Propdlg.obj
 0001:000168a0       ??HWTL@@YA?AVCString@0@AEBV10@0@Z 00000001400178a0 f i Propdlg.obj
 0001:00016900       ?UpdateMenu@CRecentFileList@@UEAAXPEAVCCmdUI@@@Z 0000000140017900 f i Propdlg.obj
 0001:00016dd0       ?OnUpdateRecentFileMenu@CWinApp@@QEAAXPEAVCCmdUI@@@Z 0000000140017dd0 f i Propdlg.obj
 0001:00016e00       ?Remove@CRecentFileList@@UEAAXH@Z 0000000140017e00 f i Propdlg.obj
 0001:00016fe0       ?OnOpenRecentFile@CWinApp@@QEAAHI@Z 0000000140017fe0 f i Propdlg.obj
 0001:00017050       ?_ProcessWindowMessage@CWinApp@@UEAAHPEAUHWND__@@I_K_JAEA_J@Z 0000000140018050 f i Propdlg.obj
 0001:00017140       ?GetDriverName@CPrintDialogMTL@@QEBA?AVCString@WTL@@XZ 0000000140018140 f i Propdlg.obj
 0001:00017190       ?GetDeviceName@CPrintDialogMTL@@QEBA?AVCString@WTL@@XZ 0000000140018190 f i Propdlg.obj
 0001:000171e0       ?GetPortName@CPrintDialogMTL@@QEBA?AVCString@WTL@@XZ 00000001400181e0 f i Propdlg.obj
 0001:00017230       ?AtlWinModuleExtractCreateWndData@ATL@@YAPEAXPEAU_ATL_WIN_MODULE70@1@@Z 0000000140018230 f i Propdlg.obj
 0001:000172b0       ?HookProc@CCommonDialogImplBase@WTL@@SA_KPEAUHWND__@@I_K_J@Z 00000001400182b0 f i Propdlg.obj
 0001:00017390       ?_WindowProc@CCommonWnd@@UEAAHPEAUHWND__@@I_K_JAEA_J@Z 0000000140018390 f i Propdlg.obj
 0001:00017400       ??_GCPrintDialog@WTL@@UEAAPEAXI@Z 0000000140018400 f i Propdlg.obj
 0001:00017400       ??_ECPrintDialog@WTL@@UEAAPEAXI@Z 0000000140018400 f i * CIL library *:* CIL module *
 0001:00017440       ?OnPrintSetup@?$CPrintDialogImpl@VCPrintDialog@WTL@@@WTL@@QEAA_JGGPEAUHWND__@@AEAH@Z 0000000140018440 f i Propdlg.obj
 0001:00017540       ?ProcessWindowMessage@?$CPrintDialogImpl@VCPrintDialog@WTL@@@WTL@@UEAAHPEAUHWND__@@I_K_JAEA_JK@Z 0000000140018540 f i Propdlg.obj
 0001:00017590       ??_GCPrintDialogMTL@@UEAAPEAXI@Z 0000000140018590 f i Propdlg.obj
 0001:00017590       ??_ECPrintDialogMTL@@UEAAPEAXI@Z 0000000140018590 f i * CIL library *:* CIL module *
 0001:000175cc       ??_ECPrintDialogMTL@@W7EAAPEAXI@Z 00000001400185cc f i Propdlg.obj
 0001:000175e0       ?WindowProc@?$CWindowImplBaseT@VCWindow@ATL@@V?$CWinTraits@$0FGAAAAAA@$0A@@2@@ATL@@SA_JPEAUHWND__@@I_K_J@Z 00000001400185e0 f i Propdlg.obj
 0001:00017760       ?GetWindowProc@?$CWindowImplBaseT@VCWindow@ATL@@V?$CWinTraits@$0FGAAAAAA@$0A@@2@@ATL@@UEAAP6A_JPEAUHWND__@@I_K_J@ZXZ 0000000140018760 f i Propdlg.obj
 0001:00017770       ??1CPrintDialogMTL@@UEAA@XZ 0000000140018770 f i Propdlg.obj
 0001:00017780       ?UpdatePrinterSelection@CWinApp@@QEAAXH@Z 0000000140018780 f i Propdlg.obj
 0001:00017be0       ?AfxGlobalFree@@YAXPEAX@Z  0000000140018be0 f i Propdlg.obj
 0001:00017c30       ?AtlWinModuleTerm@ATL@@YAJPEAU_ATL_WIN_MODULE70@1@PEAUHINSTANCE__@@@Z 0000000140018c30 f i Propdlg.obj
 0001:00017d10       ?_AtlInitializeCriticalSectionEx@ATL@@YAHPEAU_RTL_CRITICAL_SECTION@@KK@Z 0000000140018d10 f i Propdlg.obj
 0001:00017d20       ??0CAtlWinModule@ATL@@QEAA@XZ 0000000140018d20 f i Propdlg.obj
 0001:00017dc0       ?DoModal@?$CPrintDialogImpl@VCPrintDialog@WTL@@@WTL@@QEAA_JPEAUHWND__@@@Z 0000000140018dc0 f i Propdlg.obj
 0001:00017e80       ?DoPrintDialog@CWinApp@@QEAA_JPEAVCPrintDialogMTL@@@Z 0000000140018e80 f i Propdlg.obj
 0001:00017ff0       ?OnFilePrintSetup@CWinApp@@QEAAXXZ 0000000140018ff0 f i Propdlg.obj
 0001:00018100       ?_AfxCommDlgProc@CCommonDialog@@SA_KPEAUHWND__@@I_K_J@Z 0000000140019100 f i Propdlg.obj
 0001:00018340       ??0CFileDialogMTL@@QEAA@HPEB_W0K0PEAVCWnd@@KH@Z 0000000140019340 f i Propdlg.obj
 0001:000185f0       ??_GCFileDialogMTL@@UEAAPEAXI@Z 00000001400195f0 f i Propdlg.obj
 0001:000185f0       ??_ECFileDialogMTL@@UEAAPEAXI@Z 00000001400195f0 f i * CIL library *:* CIL module *
 0001:00018620       ?OnNotify@CFileDialogMTL@@UEAAH_K_JPEA_J@Z 0000000140019620 f i Propdlg.obj
 0001:000187c0       ?OnOK@CCommonDialog@@UEAAXXZ 00000001400197c0 f i Propdlg.obj
 0001:00018840       ?OnInitDone@CFileDialogMTL@@UEAAXXZ 0000000140019840 f i Propdlg.obj
 0001:00018880       ??1CFileDialogMTL@@UEAA@XZ 0000000140019880 f i Propdlg.obj
 0001:00018940       ?Tokenize@CAfx@@SA?AVCString@WTL@@AEAV23@PEA_WAEAH@Z 0000000140019940 f i Propdlg.obj
 0001:00018a10       ?Tokenize@@YA?AVCString@WTL@@AEAV12@PEA_WAEAH@Z 0000000140019a10 f i Propdlg.obj
 0001:00018a30       ?AllocCopy@CString@WTL@@IEBAHAEAV12@HHH@Z 0000000140019a30 f i Propdlg.obj
 0001:00018ac0       ?Mid@CString@WTL@@QEBA?AV12@HH@Z 0000000140019ac0 f i Propdlg.obj
 0001:00018b40       ?Mid@CString@WTL@@QEBA?AV12@H@Z 0000000140019b40 f i Propdlg.obj
 0001:00018b70       ?_AfxAppendFilterSuffix@@YAXAEAVCString@WTL@@AEAUtagOFNW@@PEAVCDocTemplate@@PEAV12@@Z 0000000140019b70 f i Propdlg.obj
 0001:00018d90       ?ApplyOFNToShellDialog@CFileDialogMTL@@QEAAXXZ 0000000140019d90 f i Propdlg.obj
 0001:00019930       ??4CString@WTL@@QEAAAEAV01@AEBV01@@Z 000000014001a930 f i Propdlg.obj
 0001:000199c0       ?GetPathName@CFileDialogMTL@@QEAA?AVCString@WTL@@XZ 000000014001a9c0 f i Propdlg.obj
 0001:00019ee0       ?UpdateOFNFromShellDialog@CFileDialogMTL@@UEAAXXZ 000000014001aee0 f i Propdlg.obj
 0001:0001a830       ?DoModal@CFileDialogMTL@@UEAA_JXZ 000000014001b830 f i Propdlg.obj
 0001:0001a980       ?DoPromptFileName@CDocManager@@QEAAHAEAVCString@WTL@@IKHPEAVCDocTemplate@@@Z 000000014001b980 f i Propdlg.obj
 0001:0001aec0       ?_AfxFullPath2@CAfx@@SAHPEA_WPEB_WPEAVCFileException@@@Z 000000014001bec0 f i Propdlg.obj
 0001:0001b170       ?AfxStringFromCLSID@CAfx@@SA?AVCString@WTL@@AEBU_GUID@@@Z 000000014001c170 f i Propdlg.obj
 0001:0001b2c0       ?AfxStringFromCLSID@@YA?AVCString@WTL@@AEBU_GUID@@@Z 000000014001c2c0 f i Propdlg.obj
 0001:0001b2e0       ?AfxGetInProcServer@CAfx@@SAHPEB_WAEAVCString@WTL@@@Z 000000014001c2e0 f i Propdlg.obj
 0001:0001b440       ?GetClassObject@AFX_COM@@QEAAJAEBU_GUID@@0PEAPEAX@Z 000000014001c440 f i Propdlg.obj
 0001:0001b550       ??0CString@WTL@@QEAA@PEB_W@Z 000000014001c550 f i Propdlg.obj
 0001:0001b600       ?AfxResolveShortcut@@YAHPEAVCWMHnd@@PEB_WPEA_WH@Z 000000014001c600 f i Propdlg.obj
 0001:0001b7f0       ?AfxComparePath@CAfx@@SAHPEB_W0@Z 000000014001c7f0 f i Propdlg.obj
 0001:0001b920       ?MatchDocType@CDocTemplate@@UEAA?AW4Confidence@1@PEB_WAEAPEAVCDocument@@@Z 000000014001c920 f i Propdlg.obj
 0001:0001ba30       ?OpenDocumentFile@CDocManager@@QEAAPEAVCDocument@@PEB_WH@Z 000000014001ca30 f i Propdlg.obj
 0001:0001bc60       ?OpenDocumentFile@CWinApp@@UEAAPEAVCDocument@@PEB_W@Z 000000014001cc60 f i Propdlg.obj
 0001:0001bc70       ?OnFileOpen@CDocManager@@UEAAXXZ 000000014001cc70 f i Propdlg.obj
 0001:0001bcf0       ?OnFileOpen@CWinApp@@UEAAXXZ 000000014001ccf0 f i Propdlg.obj
 0001:0001bd00       ?_ProcessWindowMessage@CNewTypeDlg@@UEAAHPEAUHWND__@@I_K_JAEA_J@Z 000000014001cd00 f i Propdlg.obj
 0001:0001bd80       ?GetDocString@CDocTemplate@@UEBAHAEAVCString@WTL@@W4DocStringIndex@1@@Z 000000014001cd80 f i Propdlg.obj
 0001:0001bd90       ?OnInitDialog@CNewTypeDlg@@UEAAHXZ 000000014001cd90 f i Propdlg.obj
 0001:0001bfd0       ?OnOK@CNewTypeDlg@@UEAAXXZ 000000014001cfd0 f i Propdlg.obj
 0001:0001c080       ?WalkPreTranslateTree@CWnd@@SAHPEAUHWND__@@PEAUtagMSG@@@Z 000000014001d080 f i Propdlg.obj
 0001:0001c120       ?PreTranslateMessage@CWinApp@@UEAAHPEAUtagMSG@@@Z 000000014001d120 f i Propdlg.obj
 0001:0001c1e0       ?PumpMessage@CWinApp@@UEAAHXZ 000000014001d1e0 f i Propdlg.obj
 0001:0001c260       ?OnFileNew@CDocManager@@UEAAXXZ 000000014001d260 f i Propdlg.obj
 0001:0001c380       ?OnFileNew@CWinApp@@UEAAXXZ 000000014001d380 f i Propdlg.obj
 0001:0001c3a0       ?GetRuntimeClass@CModalShapePropSheet@@UEBAPEAUCRuntimeClass@@XZ 000000014001d3a0 f   Propsht.obj
 0001:0001c3b0       ?_ProcessWindowMessage@CModalShapePropSheet@@UEAAHPEAUHWND__@@I_K_JAEA_J@Z 000000014001d3b0 f i Propsht.obj
 0001:0001c410       ??0CModalShapePropSheet@@QEAA@PEAVCWnd@@@Z 000000014001d410 f   Propsht.obj
 0001:0001c510       ??_GCModalShapePropSheet@@UEAAPEAXI@Z 000000014001d510 f i Propsht.obj
 0001:0001c510       ??_ECModalShapePropSheet@@UEAAPEAXI@Z 000000014001d510 f i * CIL library *:* CIL module *
 0001:0001c540       ??1CModalShapePropSheet@@UEAA@XZ 000000014001d540 f i Propsht.obj
 0001:0001c5d0       ?OnInitDialog@CModalShapePropSheet@@UEAAHXZ 000000014001d5d0 f   Propsht.obj
 0001:0001c6c0       ?SetShapePropsFromSheet@CModelessShapePropSheet@@QEAAXPEAVCShape@@@Z 000000014001d6c0 f   Propsht2.obj
 0001:0001c6c0       ?SetShapePropsFromSheet@CModalShapePropSheet@@QEAAXPEAVCShape@@@Z 000000014001d6c0 f   Propsht.obj
 0001:0001c760       ?OnApplyNow@CModalShapePropSheet@@IEAAXXZ 000000014001d760 f   Propsht.obj
 0001:0001c880       ?AddPage@CPropertySheetMTL@@QEAAXPEAVCPropertyPageMTL@@@Z 000000014001d880 f i Propsht.obj
 0001:0001ca20       ??1CPropertySheetMTL@@UEAA@XZ 000000014001da20 f i Propsht.obj
 0001:0001cae0       ??_GCPropertySheetMTL@@UEAAPEAXI@Z 000000014001dae0 f i Propsht.obj
 0001:0001cae0       ??_ECPropertySheetMTL@@UEAAPEAXI@Z 000000014001dae0 f i * CIL library *:* CIL module *
 0001:0001cb10       ?PreTranslateMessage@CPropertySheetMTL@@UEAAHPEAUtagMSG@@@Z 000000014001db10 f i Propsht.obj
 0001:0001cc60       ?OnCommand@CPropertySheetMTL@@UEAAH_K_J@Z 000000014001dc60 f i Propsht.obj
 0001:0001cd10       ?AfxPropSheetCallback@CPropertySheetMTL@@SAHPEAUHWND__@@I_J@Z 000000014001dd10 f i Propsht.obj
 0001:0001cda0       ?Create@CPropertySheetMTL@@UEAAHPEAVCWnd@@KK@Z 000000014001dda0 f i Propsht.obj
 0001:0001cf20       ?AfxThrowResourceException@@YAXXZ 000000014001df20 f i Propsht.obj
 0001:0001cfc0       ?FontEnumProc@CPropertyPageMTL@@SAHPEBUtagLOGFONTW@@PEBUtagTEXTMETRICW@@K_J@Z 000000014001dfc0 f i Propsht.obj
 0001:0001cfd0       ?IsFontInstalled@CPropertyPageMTL@@SAHPEB_W@Z 000000014001dfd0 f i Propsht.obj
 0001:0001d070       ?AfxGetPropSheetFont@CPropertyPageMTL@@SAHAEAVCString@WTL@@AEAGH@Z 000000014001e070 f i Propsht.obj
 0001:0001d220       ?GetFont@CDialogTemplate@@SAHPEBUDLGTEMPLATE@@AEAVCString@WTL@@AEAG@Z 000000014001e220 f i Propsht.obj
 0001:0001d2e0       ?GetTemplateSize@CDialogTemplate@@QEAAIPEBUDLGTEMPLATE@@@Z 000000014001e2e0 f i Propsht.obj
 0001:0001d460       ?GetFontSizeField@CDialogTemplate@@SAPEAEPEBUDLGTEMPLATE@@@Z 000000014001e460 f i Propsht.obj
 0001:0001d4c0       ?SetFont@CDialogTemplate@@QEAAHPEB_WG@Z 000000014001e4c0 f i Propsht.obj
 0001:0001d630       ?_AfxChangePropPageFont@CPropertyPageMTL@@SAPEAUDLGTEMPLATE@@PEBU2@H@Z 000000014001e630 f i Propsht.obj
 0001:0001d8e0       ?PreProcessPageTemplate@CPropertyPageMTL@@QEAAXAEAU_PROPSHEETPAGEW@@H@Z 000000014001e8e0 f i Propsht.obj
 0001:0001d9b0       ?BuildPropPageArray@CPropertySheetMTL@@UEAAXXZ 000000014001e9b0 f i Propsht.obj
 0001:0001db10       ?ContinueModal@CPropertySheetMTL@@UEAAHXZ 000000014001eb10 f i Propsht.obj
 0001:0001db50       ?DoModal@CPropertySheetMTL@@UEAA_JXZ 000000014001eb50 f i Propsht.obj
 0001:0001dda0       ??0CPropertySheetMTL@@QEAA@IPEAVCWnd@@I@Z 000000014001eda0 f i Propsht.obj
 0001:0001de90       ?OnInitDialog@CPropertySheetMTL@@UEAAHXZ 000000014001ee90 f i Propsht.obj
 0001:0001e1f0       ?HandleInitDialog@CPropertySheetMTL@@QEAA_J_K_J@Z 000000014001f1f0 f i Propsht.obj
 0001:0001e210       ?OnKickIdle@CPropertySheetMTL@@QEAA_J_K_J@Z 000000014001f210 f i Propsht.obj
 0001:0001e2b0       ?OnSetDefID@CPropertySheetMTL@@QEAA_J_K_J@Z 000000014001f2b0 f i Propsht.obj
 0001:0001e3d0       ?_ProcessWindowMessage@CPropertySheetMTL@@UEAAHPEAUHWND__@@I_K_JAEA_J@Z 000000014001f3d0 f i Propsht.obj
 0001:0001e650       ?GetRuntimeClass@CModelessShapePropSheet@@UEBAPEAUCRuntimeClass@@XZ 000000014001f650 f   Propsht2.obj
 0001:0001e660       ?_ProcessWindowMessage@CModelessShapePropSheet@@UEAAHPEAUHWND__@@I_K_JAEA_J@Z 000000014001f660 f i Propsht2.obj
 0001:0001e670       ??0CModelessShapePropSheet@@QEAA@PEAVCWnd@@@Z 000000014001f670 f   Propsht2.obj
 0001:0001e730       ??_ECModelessShapePropSheet@@UEAAPEAXI@Z 000000014001f730 f i * CIL library *:* CIL module *
 0001:0001e730       ??_GCModelessShapePropSheet@@UEAAPEAXI@Z 000000014001f730 f i Propsht2.obj
 0001:0001e790       ?SetSheetPropsFromShape@CModelessShapePropSheet@@QEAAXPEAVCShape@@@Z 000000014001f790 f   Propsht2.obj
 0001:0001e8c0       ?CreateObject@CShapesDoc@@SAPEAVCObject@@XZ 000000014001f8c0 f   Shapedoc.obj
 0001:0001e940       ?GetRuntimeClass@CShapesDoc@@UEBAPEAUCRuntimeClass@@XZ 000000014001f940 f   Shapedoc.obj
 0001:0001e950       ?_ProcessWindowMessage@CShapesDoc@@UEAAHPEAUHWND__@@I_K_JAEA_J@Z 000000014001f950 f i Shapedoc.obj
 0001:0001e960       ??_GCShapesDoc@@UEAAPEAXI@Z 000000014001f960 f i Shapedoc.obj
 0001:0001e960       ??_ECShapesDoc@@UEAAPEAXI@Z 000000014001f960 f i * CIL library *:* CIL module *
 0001:0001e990       ??1CShapesDoc@@UEAA@XZ     000000014001f990 f   Shapedoc.obj
 0001:0001ea10       ?OnNewDocument@CShapesDoc@@MEAAHXZ 000000014001fa10 f   Shapedoc.obj
 0001:0001ea90       ?AddShape@CShapesDoc@@QEAAXPEAVCShape@@@Z 000000014001fa90 f   Shapedoc.obj
 0001:0001eb60       ?Serialize@CShapesDoc@@UEAAXAEAVCArchive@@@Z 000000014001fb60 f   Shapedoc.obj
 0001:0001eb70       ?Serialize@?$CTypedPtrList@V?$CList@PEAVCObject@@AEBQEAV1@@@PEAVCShape@@@@QEAAXAEAVCArchive@@@Z 000000014001fb70 f i Shapedoc.obj
 0001:0001ec50       ?OnOpenDocument@CDocument@@UEAAHPEB_W@Z 000000014001fc50 f i Shapedoc.obj
 0001:0001ef00       ?OnCmdMsg@CDocument@@UEAAHIHPEAXPEAUAFX_CMDHANDLERINFO@@@Z 000000014001ff00 f i Shapedoc.obj
 0001:0001ef80       ?Read@CArchive@@QEAAIPEAXI@Z 000000014001ff80 f i Shapedoc.obj
 0001:0001f0d0       ?Load@CRuntimeClass@@SAPEAU1@AEAVCArchive@@PEAI@Z 00000001400200d0 f i Shapedoc.obj
 0001:0001f1c0       ?ReadClass@CArchive@@QEAAPEAUCRuntimeClass@@PEBU2@PEAIPEAK@Z 00000001400201c0 f i Shapedoc.obj
 0001:0001f480       ?ReadObject@CArchive@@QEAAPEAVCObject@@PEBUCRuntimeClass@@@Z 0000000140020480 f i Shapedoc.obj
 0001:0001f650       ?FillBuffer@CArchive@@QEAAXI@Z 0000000140020650 f i Shapedoc.obj
 0001:0001f720       ?ReadCount@CArchive@@QEAA_KXZ 0000000140020720 f i Shapedoc.obj
 0001:0001f7d0       ?AfxThrowNotSupportedException@@YAXXZ 00000001400207d0 f i Shapedoc.obj
 0001:0001f870       ?EnsureSchemaMapExists@CArchive@@QEAAXPEAPEAV?$CArray@W4LoadArrayObjType@CArchive@@AEBW412@@@@Z 0000000140020870 f i Shapedoc.obj
 0001:0001f960       ?InsertAt@?$CArray@W4LoadArrayObjType@CArchive@@AEBW412@@@QEAAX_JAEBW4LoadArrayObjType@CArchive@@0@Z 0000000140020960 f i Shapedoc.obj
 0001:0001f9e0       ?MapObject@CArchive@@QEAAXPEBVCObject@@@Z 00000001400209e0 f i Shapedoc.obj
 0001:0001fb10       ?Write@CArchive@@QEAAXPEBXI@Z 0000000140020b10 f i Shapedoc.obj
 0001:0001fbd0       ?Store@CRuntimeClass@@QEBAXAEAVCArchive@@@Z 0000000140020bd0 f i Shapedoc.obj
 0001:0001fc70       ?WriteClass@CArchive@@QEAAXPEBUCRuntimeClass@@@Z 0000000140020c70 f i Shapedoc.obj
 0001:0001fd90       ?AfxThrowArchiveException@CArchive@@SAXHPEB_W@Z 0000000140020d90 f i Shapedoc.obj
 0001:0001fe20       ?FindData@?$CMapList@PEAXPEAXV?$CPair@PEAXPEAX@@$0A@@@QEAAAEAV?$CPair@PEAXPEAX@@QEAXH@Z 0000000140020e20 f i Shapedoc.obj
 0001:0001fee0       ?WriteObject@CArchive@@QEAAXPEBVCObject@@@Z 0000000140020ee0 f i Shapedoc.obj
 0001:00020000       ??6CArchive@@QEAAAEAV0@G@Z 0000000140021000 f i Shapedoc.obj
 0001:00020040       ??6CArchive@@QEAAAEAV0@K@Z 0000000140021040 f i Shapedoc.obj
 0001:00020080       ?WriteCount@CArchive@@QEAAX_K@Z 0000000140021080 f i Shapedoc.obj
 0001:00020170       ?UpdateAllViews@CDocument@@QEAAXPEAVCView@@_JPEAVCObject@@@Z 0000000140021170 f i Shapedoc.obj
 0001:000201d0       ?AfxFormatStrings@CAfx@@SAXAEAVCString@WTL@@PEB_WPEBQEB_WH@Z 00000001400211d0 f i Shapedoc.obj
 0001:00020360       ?SaveModified@CDocument@@UEAAHXZ 0000000140021360 f i Shapedoc.obj
 0001:000207b0       ?CDocumentDestruct@CDocument@@QEAAXXZ 00000001400217b0 f i Shapedoc.obj
 0001:00020830       ??1CDocument@@UEAA@XZ      0000000140021830 f i Shapedoc.obj
 0001:000208e0       ?DoFileSave@CDocument@@QEAAHXZ 00000001400218e0 f i Shapedoc.obj
 0001:00020930       ?OnFileSave@CDocument@@QEAAXXZ 0000000140021930 f i Shapedoc.obj
 0001:00020970       ?GetFile@CDocument@@QEAAPEAVCFile@@PEB_WIPEAVCFileException@@@Z 0000000140021970 f i Shapedoc.obj
 0001:00020a10       ??0CArchive@@QEAA@PEAVCFile@@IHPEAX@Z 0000000140021a10 f i Shapedoc.obj
 0001:00020af0       ??1CArchive@@QEAA@XZ       0000000140021af0 f i Shapedoc.obj
 0001:00020b20       ?Flush@CArchive@@QEAAXXZ   0000000140021b20 f i Shapedoc.obj
 0001:00020b90       ?Abort@CFile@@UEAAXXZ      0000000140021b90 f i Shapedoc.obj
 0001:00020bc0       ?AfxThrowInvalidArgException@@YAXXZ 0000000140021bc0 f i Shapedoc.obj
 0001:00020c60       ??0CTime@@QEAA@AEBU_FILETIME@@H@Z 0000000140021c60 f i Shapedoc.obj
 0001:00020d30       ?GetStatus@CFile@@QEBAHAEAUCFileStatus@@@Z 0000000140021d30 f i Shapedoc.obj
 0001:00020ec0       ?GetFilePath@CFile@@UEBA?AVCString@WTL@@XZ 0000000140021ec0 f i Shapedoc.obj
 0001:00020f80       ?GetLength@CFile@@UEBA_KXZ 0000000140021f80 f i Shapedoc.obj
 0001:00020fd0       ?Open@CFile@@UEAAHPEB_WIPEAVCFileException@@@Z 0000000140021fd0 f i Shapedoc.obj
 0001:00021200       ?Read@CFile@@UEAAIPEAXI@Z  0000000140022200 f i Shapedoc.obj
 0001:00021250       ?Write@CFile@@UEAAXPEBXI@Z 0000000140022250 f i Shapedoc.obj
 0001:00021340       ?Seek@CFile@@UEAA_K_JI@Z   0000000140022340 f i Shapedoc.obj
 0001:000213a0       ??0CFileException@@QEAA@HJPEB_W@Z 00000001400223a0 f i Shapedoc.obj
 0001:00021420       ?OsErrorToException@CFileException@@SAHJ@Z 0000000140022420 f i Shapedoc.obj
 0001:000215d0       ?ThrowOsError@CFileException@@SAXJPEB_W@Z 00000001400225d0 f i Shapedoc.obj
 0001:00021640       ?Close@CFile@@UEAAXXZ      0000000140022640 f i Shapedoc.obj
 0001:000216f0       ??_GCFile@@QEAAPEAXI@Z     00000001400226f0 f i Shapedoc.obj
 0001:00021760       ?ReleaseFile@CDocument@@UEAAXPEAVCFile@@H@Z 0000000140022760 f i Shapedoc.obj
 0001:000217a0       ?SetModifiedFlag@CDocument@@UEAAXH@Z 00000001400227a0 f i Shapedoc.obj
 0001:000217b0       ?OnSaveDocument@CDocument@@UEAAHPEB_W@Z 00000001400227b0 f i Shapedoc.obj
 0001:000219c0       ?GetFirstViewPosition@CDocument@@UEBAPEAU__POSITION@@XZ 00000001400229c0 f i Shapedoc.obj
 0001:000219d0       ?GetNextView@CDocument@@UEBAPEAVCView@@AEAPEAU__POSITION@@@Z 00000001400229d0 f i Shapedoc.obj
 0001:000219f0       ?SetTitle@CDocument@@UEAAXPEB_W@Z 00000001400229f0 f i Shapedoc.obj
 0001:00021a40       ?SetPathName@CDocument@@UEAAXPEB_WH@Z 0000000140022a40 f i Shapedoc.obj
 0001:00021ba0       ?DoSave@CDocument@@UEAAHPEB_WH@Z 0000000140022ba0 f i Shapedoc.obj
 0001:00022160       ?_ProcessWindowMessage@CDocument@@UEAAHPEAUHWND__@@I_K_JAEA_J@Z 0000000140023160 f i Shapedoc.obj
 0001:00022210       ?CreateObject@CShape@@SAPEAVCObject@@XZ 0000000140023210 f   Shapeobj.obj
 0001:00022250       ?GetRuntimeClass@CShape@@UEBAPEAUCRuntimeClass@@XZ 0000000140023250 f   Shapeobj.obj
 0001:00022260       ?Draw@CShape@@QEAAXPEAVCDCMTL@@H@Z 0000000140023260 f   Shapeobj.obj
 0001:000224d0       ?Serialize@CShape@@UEAAXAEAVCArchive@@@Z 00000001400234d0 f   Shapeobj.obj
 0001:000225f0       ?SelectObject@CDCMTL@@QEAAPEAVCPenMTL@@PEAV2@@Z 00000001400235f0 f i Shapeobj.obj
 0001:000225f0       ?SelectObject@CDCMTL@@QEAAPEAVCBrushMTL@@PEAV2@@Z 00000001400235f0 f i Shapeobj.obj
 0001:00022680       ??_GCGdiObject@@UEAAPEAXI@Z 0000000140023680 f i Shapeobj.obj
 0001:00022680       ??_ECGdiObject@@UEAAPEAXI@Z 0000000140023680 f i * CIL library *:* CIL module *
 0001:000226f0       ?classHandleFuncCGdiObject@CGdiObject@@SAPEAXPEAX0@Z 00000001400236f0 f i Shapeobj.obj
 0001:00022750       ?CreateObject@CShapesView@@SAPEAVCObject@@XZ 0000000140023750 f   Shapesvw.obj
 0001:000227b0       ?GetRuntimeClass@CShapesView@@UEBAPEAUCRuntimeClass@@XZ 00000001400237b0 f   Shapesvw.obj
 0001:000227c0       ?_ProcessWindowMessage@CShapesView@@UEAAHPEAUHWND__@@I_K_JAEA_J@Z 00000001400237c0 f i Shapesvw.obj
 0001:00022a60       ??_GCView@@UEAAPEAXI@Z     0000000140023a60 f i Shapesvw.obj
 0001:00022a60       ??_GCShapesView@@UEAAPEAXI@Z 0000000140023a60 f i Shapesvw.obj
 0001:00022a60       ??_ECShapesView@@UEAAPEAXI@Z 0000000140023a60 f i * CIL library *:* CIL module *
 0001:00022a60       ??_ECView@@UEAAPEAXI@Z     0000000140023a60 f i * CIL library *:* CIL module *
 0001:00022ae0       ?OnDraw@CShapesView@@UEAAXPEAVCDCMTL@@@Z 0000000140023ae0 f   Shapesvw.obj
 0001:00022bd0       ?OnPreparePrinting@CShapesView@@MEAAHPEAUCPrintInfo@@@Z 0000000140023bd0 f   Shapesvw.obj
 0001:00022be0       ?OnLButtonDown@CShapesView@@IEAAXIVCPoint@WTL@@@Z 0000000140023be0 f   Shapesvw.obj
 0001:00022e10       ?OnSimplePropertySheet@CShapesView@@IEAAXXZ 0000000140023e10 f   Shapesvw.obj
 0001:00022f50       ?OnPropertySheetWithPreview@CShapesView@@IEAAXXZ 0000000140023f50 f   Shapesvw.obj
 0001:00023010       ?OnUpdatePropertySheetWithPreview@CShapesView@@IEAAXPEAVCCmdUI@@@Z 0000000140024010 f   Shapesvw.obj
 0001:000230b0       ?OnChangeObjectProps@CShapesView@@IEAA_J_K_J@Z 00000001400240b0 f   Shapesvw.obj
 0001:000231a0       ?OnKeyDown@CShapesView@@IEAAXIII@Z 00000001400241a0 f   Shapesvw.obj
 0001:000232e0       ?DoPreparePrinting@CView@@QEAAHPEAUCPrintInfo@@@Z 00000001400242e0 f i Shapesvw.obj
 0001:00023480       ?_AfxPreviewCloseProc@CPrintPreviewState@@SAHPEAVCFrameWnd@@@Z 0000000140024480 f i Shapesvw.obj
 0001:000234d0       ??_GCDialogBar@@UEAAPEAXI@Z 00000001400244d0 f i Shapesvw.obj
 0001:000234d0       ??_ECDialogBar@@UEAAPEAXI@Z 00000001400244d0 f i * CIL library *:* CIL module *
 0001:00023500       ?OnUpdateCmdUI@CDialogBar@@UEAAXPEAVCFrameWnd@@H@Z 0000000140024500 f i Shapesvw.obj
 0001:00023510       ?CalcFixedLayout@CDialogBar@@UEAA?AVCSize@WTL@@HH@Z 0000000140024510 f i Shapesvw.obj
 0001:00023560       ?Create@CDialogBar@@UEAAHPEAVCWnd@@PEB_WII@Z 0000000140024560 f i Shapesvw.obj
 0001:00023720       ?Create@CDialogBar@@UEAAHPEAVCWnd@@III@Z 0000000140024720 f i Shapesvw.obj
 0001:00023730       ??1CDialogBar@@UEAA@XZ     0000000140024730 f i Shapesvw.obj
 0001:000237a0       ?AddView@CDocument@@QEAAXPEAVCView@@@Z 00000001400247a0 f i Shapesvw.obj
 0001:00023840       ?OnDestroy@CView@@QEAAXXZ  0000000140024840 f i Shapesvw.obj
 0001:000238d0       ?OnMouseActivate@CView@@QEAAHPEAVCWnd@@II@Z 00000001400248d0 f i Shapesvw.obj
 0001:000239a0       ?OnPaint@CView@@QEAAXXZ    00000001400249a0 f i Shapesvw.obj
 0001:00023a90       ?GetSafeHdc@CDCMTL@@QEBAPEAUHDC__@@XZ 0000000140024a90 f i Shapesvw.obj
 0001:00023aa0       ??_9CView@@$BBCA@AA        0000000140024aa0 f i Shapesvw.obj
 0001:00023ab0       ?_ProcessWindowMessage@CView@@UEAAHPEAUHWND__@@I_K_JAEA_J@Z 0000000140024ab0 f i Shapesvw.obj
 0001:00023cc0       ?OnCmdMsg@CView@@UEAAHIHPEAXPEAUAFX_CMDHANDLERINFO@@@Z 0000000140024cc0 f i Shapesvw.obj
 0001:00023d40       ?PreCreateWindow@CView@@UEAAHAEAUtagCREATESTRUCTW@@@Z 0000000140024d40 f i Shapesvw.obj
 0001:00023d90       ?OnInitialUpdate@CView@@UEAAXXZ 0000000140024d90 f i Shapesvw.obj
 0001:00023db0       ?OnUpdate@CView@@UEAAXPEAV1@_JPEAVCObject@@@Z 0000000140024db0 f i Shapesvw.obj
 0001:00023dd0       ?RemoveView@CDocument@@QEAAXPEAVCView@@@Z 0000000140024dd0 f i Shapesvw.obj
 0001:00023e80       ?CViewDestruct@CView@@QEAAXXZ 0000000140024e80 f i Shapesvw.obj
 0001:00023ea0       ??1CView@@UEAA@XZ          0000000140024ea0 f i Shapesvw.obj
 0001:00023f00       ??1CPreviewDC@@UEAA@XZ     0000000140024f00 f i Shapesvw.obj
 0001:00023f80       ??_ECPreviewDC@@UEAAPEAXI@Z 0000000140024f80 f i * CIL library *:* CIL module *
 0001:00023f80       ??_GCPreviewDC@@UEAAPEAXI@Z 0000000140024f80 f i Shapesvw.obj
 0001:00023fb0       ?SaveDC@CPreviewDC@@UEAAHXZ 0000000140024fb0 f i Shapesvw.obj
 0001:00024030       ?SelectStockObject@CPreviewDC@@QEAAPEAVCGdiObject@@H@Z 0000000140025030 f i Shapesvw.obj
 0001:000240b0       ?MirrorFont@CPreviewDC@@QEAAXXZ 00000001400250b0 f i Shapesvw.obj
 0001:000242b0       ?RestoreDC@CPreviewDC@@UEAAHH@Z 00000001400252b0 f i Shapesvw.obj
 0001:00024310       ??1?$CAlloc@_WAEB_W@@QEAA@XZ 0000000140025310 f i Shapesvw.obj
 0001:00024310       ??1?$CAlloc@HAEBH@@QEAA@XZ 0000000140025310 f i Shapesvw.obj
 0001:00024350       ?ComputeDeltas@CPreviewDC@@QEAA?AVCSize@WTL@@AEAHPEB_WAEAIHIPEAHHPEA_W30@Z 0000000140025350 f i Shapesvw.obj
[...]
 0004:00003810       $pdata$_ld12tof            000000014005b810     LIBCMT:intrncvt.obj
 0004:0000381c       $pdata$__strgtold12_l      000000014005b81c     LIBCMT:strgtold.obj
 0004:00003828       $pdata$_cfltcvt            000000014005b828     LIBCMT:cvt.obj
 0004:00003834       $pdata$_cfltcvt_l          000000014005b834     LIBCMT:cvt.obj
 0004:00003840       $pdata$_cftoa_l            000000014005b840     LIBCMT:cvt.obj
 0004:0000384c       $pdata$_cftoe2_l           000000014005b84c     LIBCMT:cvt.obj
 0004:00003858       $pdata$_cftoe_l            000000014005b858     LIBCMT:cvt.obj
 0004:00003864       $pdata$_cftof2_l           000000014005b864     LIBCMT:cvt.obj
 0004:00003870       $pdata$_cftof_l            000000014005b870     LIBCMT:cvt.obj
 0004:0000387c       $pdata$_cftog_l            000000014005b87c     LIBCMT:cvt.obj
 0004:00003888       $pdata$_cropzeros_l        000000014005b888     LIBCMT:cvt.obj
 0004:00003894       $pdata$_fassign_l          000000014005b894     LIBCMT:cvt.obj
 0004:000038a0       $pdata$_forcdecpt_l        000000014005b8a0     LIBCMT:cvt.obj
 0004:000038ac       $pdata$_strdup             000000014005b8ac     LIBCMT:strdup.obj
 0004:000038b8       $pdata$_mbschr_l           000000014005b8b8     LIBCMT:mbschr.obj
 0004:000038c4       $pdata$_strnicmp_l         000000014005b8c4     LIBCMT:strnicmp.obj
 0004:000038d0       $pdata$__mtold12           000000014005b8d0     LIBCMT:mantold.obj
 0004:000038dc       $pdata$isdigit             000000014005b8dc     LIBCMT:_ctype.obj
 0004:000038e8       $pdata$_tolower_l          000000014005b8e8     LIBCMT:tolower.obj
 0004:000038f4       $pdata$strrchr             000000014005b8f4     LIBCMT:strrchr.obj
 0004:00003900       $pdata$_fptostr            000000014005b900     LIBCMT:_fptostr.obj
 0004:0000390c       $pdata$__dtold             000000014005b90c     LIBCMT:cfout.obj
 0004:00003918       $pdata$_fltout2            000000014005b918     LIBCMT:cfout.obj
 0004:00003924       $pdata$strchr              000000014005b924     LIBCMT:strchr.obj
 0004:00003930       $pdata$$I10_OUTPUT         000000014005b930     LIBCMT:x10fout.obj
 0004:0000393c       $pdata$?_GetEstablisherFrame@@YAPEA_KPEA_KPEAU_xDISPATCHER_CONTEXT@@PEBU_s_FuncInfo@@0@Z 000000014005b93c     LIBCMT:trnsctrl.obj
 0004:00003948       $pdata$?_GetRangeOfTrysToCheck@@YAPEBU_s_TryBlockMapEntry@@PEA_KPEBU_s_FuncInfo@@HHPEAI2PEAU_xDISPATCHER_CONTEXT@@@Z 000000014005b948     LIBCMT:trnsctrl.obj
 0004:00003954       $pdata$?__FrameUnwindToEmptyState@@YAXPEA_KPEAU_xDISPATCHER_CONTEXT@@PEBU_s_FuncInfo@@@Z 000000014005b954     LIBCMT:trnsctrl.obj
 0004:00003960       $pdata$?__SehTransFilter@@YAHPEAU_EXCEPTION_POINTERS@@PEAUEHExceptionRecord@@PEA_KPEAU_CONTEXT@@PEAU_xDISPATCHER_CONTEXT@@PEBU_s_FuncInfo@@PEAH@Z 000000014005b960     LIBCMT:trnsctrl.obj
 0004:0000396c       $pdata$_CallSETranslator   000000014005b96c     LIBCMT:trnsctrl.obj
 0004:00003978       $pdata$_CreateFrameInfo    000000014005b978     LIBCMT:trnsctrl.obj
 0004:00003984       $pdata$_FindAndUnlinkFrame 000000014005b984     LIBCMT:trnsctrl.obj
 0004:00003990       $pdata$_GetImageBase       000000014005b990     LIBCMT:trnsctrl.obj
 0004:0000399c       $pdata$_GetThrowImageBase  000000014005b99c     LIBCMT:trnsctrl.obj
 0004:000039a8       $pdata$_IsExceptionObjectToBeDestroyed 000000014005b9a8     LIBCMT:trnsctrl.obj
 0004:000039b4       $pdata$_SetImageBase       000000014005b9b4     LIBCMT:trnsctrl.obj
 0004:000039c0       $pdata$_SetThrowImageBase  000000014005b9c0     LIBCMT:trnsctrl.obj
 0004:000039cc       $pdata$_UnwindNestedFrames 000000014005b9cc     LIBCMT:trnsctrl.obj
 0004:000039d8       $pdata$__CxxFrameHandler3  000000014005b9d8     LIBCMT:trnsctrl.obj
 0004:000039e4       $pdata$__DestructExceptionObject 000000014005b9e4     LIBCMT:frame.obj
 0004:000039f0       $pdata$??0bad_exception@std@@QEAA@AEBV01@@Z 000000014005b9f0     LIBCMT:frame.obj
 0004:000039fc       $pdata$??_Gbad_exception@std@@UEAAPEAXI@Z 000000014005b9fc     LIBCMT:frame.obj
 0004:00003a08       $pdata$?CatchIt@@YAXPEAUEHExceptionRecord@@PEA_KPEAU_CONTEXT@@PEAU_xDISPATCHER_CONTEXT@@PEBU_s_FuncInfo@@PEBU_s_HandlerType@@PEBU_s_CatchableType@@PEBU_s_TryBlockMapEntry@@H1EE@Z 000000014005ba08     LIBCMT:frame.obj
 0004:00003a14       $pdata$?FindHandler@@YAXPEAUEHExceptionRecord@@PEA_KPEAU_CONTEXT@@PEAU_xDISPATCHER_CONTEXT@@PEBU_s_FuncInfo@@EH1@Z 000000014005ba14     LIBCMT:frame.obj
 0004:00003a20       $pdata$?FindHandlerForForeignException@@YAXPEAUEHExceptionRecord@@PEA_KPEAU_CONTEXT@@PEAU_xDISPATCHER_CONTEXT@@PEBU_s_FuncInfo@@HH1@Z 000000014005ba20     LIBCMT:frame.obj
 0004:00003a2c       $pdata$?IsInExceptionSpec@@YAEPEAUEHExceptionRecord@@PEBU_s_ESTypeList@@@Z 000000014005ba2c     LIBCMT:frame.obj
 0004:00003a38       $pdata$__BuildCatchObject  000000014005ba38     LIBCMT:frame.obj
 0004:00003a44       $pdata$__BuildCatchObjectHelper 000000014005ba44     LIBCMT:frame.obj
 0004:00003a50       $pdata$__CxxCallCatchBlock 000000014005ba50     LIBCMT:frame.obj
 0004:00003a5c       $pdata$__FrameUnwindFilter 000000014005ba5c     LIBCMT:frame.obj
 0004:00003a68       $pdata$__FrameUnwindToState 000000014005ba68     LIBCMT:frame.obj
 0004:00003a74       $pdata$__InternalCxxFrameHandler 000000014005ba74     LIBCMT:frame.obj
 0004:00003a80       $pdata$__TypeMatch         000000014005ba80     LIBCMT:frame.obj
 0004:00003a8c       $pdata$?__GetCurrentState@@YAHPEA_KPEAU_xDISPATCHER_CONTEXT@@PEBU_s_FuncInfo@@@Z 000000014005ba8c     LIBCMT:ehstate.obj
 0004:00003a98       $pdata$?__GetUnwindTryBlock@@YAHPEA_KPEAU_xDISPATCHER_CONTEXT@@PEBU_s_FuncInfo@@@Z 000000014005ba98     LIBCMT:ehstate.obj
 0004:00003aa4       $pdata$?__SetUnwindTryBlock@@YAXPEA_KPEAU_xDISPATCHER_CONTEXT@@PEBU_s_FuncInfo@@H@Z 000000014005baa4     LIBCMT:ehstate.obj
 0004:00003ab0       $pdata$?__StateFromIp@@YAHPEBU_s_FuncInfo@@PEAU_xDISPATCHER_CONTEXT@@_J@Z 000000014005bab0     LIBCMT:ehstate.obj
 0004:00003ac8       $pdata$?catch$0@?0??AllocBuffer@CString@WTL@@IEAAHH@Z@4HA 000000014005bac8     Colorpge.obj
 0004:00003ad4       $pdata$?dtor$0@?0???HWTL@@YA?AVCString@0@AEBV10@0@Z@4HA 000000014005bad4     Propdlg.obj
 0004:00003ad4       $pdata$?dtor$0@?0???HWTL@@YA?AVCString@0@AEBV10@PEB_W@Z@4HA 000000014005bad4     Propdlg.obj
 0004:00003ae0       $pdata$?dtor$1@?0??UpdatePrinterSelection@CWinApp@@QEAAXH@Z@4HA 000000014005bae0     Propdlg.obj
 0004:00003aec       $pdata$?dtor$2@?0??UpdatePrinterSelection@CWinApp@@QEAAXH@Z@4HA 000000014005baec     Propdlg.obj
 0004:00003af8       $pdata$?dtor$0@?0??Mid@CString@WTL@@QEBA?AV12@HH@Z@4HA 000000014005baf8     Propdlg.obj
 0004:00003b04       $pdata$?catch$0@?0??OnOpenDocument@CDocument@@UEAAHPEB_W@Z@4HA 000000014005bb04     Shapedoc.obj
 0004:00003b10       $pdata$?catch$0@?0??ReadObject@CArchive@@QEAAPEAVCObject@@PEBUCRuntimeClass@@@Z@4HA 000000014005bb10     Shapedoc.obj
 0004:00003b1c       $pdata$?catch$0@?0??EnsureSchemaMapExists@CArchive@@QEAAXPEAPEAV?$CArray@W4LoadArrayObjType@CArchive@@AEBW412@@@@Z@4HA 000000014005bb1c     Shapedoc.obj
 0004:00003b28       $pdata$?catch$0@?0??OnFilePrintPreview@CView@@QEAAXXZ@4HA 000000014005bb28     Shapesvw.obj
 0004:00003b34       $pdata$__tmainCRTStartup$filt$0 000000014005bb34     LIBCMT:wwincrt0.obj
 0004:00003b40       $pdata$_onexit$fin$0       000000014005bb40     LIBCMT:onexit.obj
 0004:00003b4c       $pdata$?fin$0@?0???_M@YAXPEAX_KHP6AX0@Z@Z@4HA 000000014005bb4c     LIBCMT:ehvecdtr.obj
 0004:00003b58       $pdata$?filt$0@?0??__ArrayUnwind@@YAXPEAX_KHP6AX0@Z@Z@4HA 000000014005bb58     LIBCMT:ehvecdtr.obj
 0004:00003b64       $pdata$?fin$0@?0???_L@YAXPEAX_KHP6AX0@Z2@Z@4HA 000000014005bb64     LIBCMT:ehvecctr.obj
 0004:00003b70       $pdata$doexit$fin$0        000000014005bb70     LIBCMT:crt0dat.obj
 0004:00003b7c       $pdata$_initptd$fin$1      000000014005bb7c     LIBCMT:tidtable.obj
 0004:00003b7c       $pdata$_freefls$fin$1      000000014005bb7c     LIBCMT:tidtable.obj
 0004:00003b88       $pdata$_freefls$fin$0      000000014005bb88     LIBCMT:tidtable.obj
 0004:00003b88       $pdata$_initptd$fin$0      000000014005bb88     LIBCMT:tidtable.obj
 0004:00003b94       $pdata$_ioinit$fin$0       000000014005bb94     LIBCMT:ioinit.obj
 0004:00003ba0       $pdata$?fin$0@?0??_Type_info_dtor@type_info@@CAXPEAV1@@Z@4HA 000000014005bba0     LIBCMT:typname.obj
 0004:00003bac       $pdata$_mtinitlocknum$fin$0 000000014005bbac     LIBCMT:mlock.obj
 0004:00003bb8       $pdata$_IsNonwritableInCurrentImage$filt$0 000000014005bbb8     LIBCMT:pesect.obj
 0004:00003bc4       $pdata$raise$fin$0         000000014005bbc4     LIBCMT:winsig.obj
 0004:00003bd0       $pdata$_setmbcp$fin$0      000000014005bbd0     LIBCMT:mbctype.obj
 0004:00003bd0       $pdata$__updatetmbcinfo$fin$0 000000014005bbd0     LIBCMT:mbctype.obj
 0004:00003bdc       $pdata$__tzset$fin$0       000000014005bbdc     LIBCMT:tzset.obj
 0004:00003bdc       $pdata$_isindst$fin$0      000000014005bbdc     LIBCMT:tzset.obj
 0004:00003be8       $pdata$_tzset_nolock$fin$0 000000014005bbe8     LIBCMT:tzset.obj
 0004:00003bf4       $pdata$__updatetlocinfo$fin$0 000000014005bbf4     LIBCMT:localref.obj
 0004:00003bf4       $pdata$_locterm$fin$0      000000014005bbf4     LIBCMT:localref.obj
 0004:00003c00       $pdata$flsall$fin$0        000000014005bc00     LIBCMT:fflush.obj
 0004:00003c0c       $pdata$flsall$fin$1        000000014005bc0c     LIBCMT:fflush.obj
 0004:00003c18       $pdata$_fcloseall$fin$0    000000014005bc18     LIBCMT:closeall.obj
 0004:00003c24       $pdata$_close$fin$0        000000014005bc24     LIBCMT:commit.obj
 0004:00003c24       $pdata$_commit$fin$0       000000014005bc24     LIBCMT:commit.obj
 0004:00003c30       $pdata$_write$fin$0        000000014005bc30     LIBCMT:write.obj
 0004:00003c3c       $pdata$fclose$fin$0        000000014005bc3c     LIBCMT:fclose.obj
 0004:00003c48       $pdata$__lock_fhandle$fin$0 000000014005bc48     LIBCMT:osfinfo.obj
 0004:00003c54       $pdata$_CallSETranslator$filt$0 000000014005bc54     LIBCMT:trnsctrl.obj
 0004:00003c60       $pdata$__CxxCallCatchBlock$filt$0 000000014005bc60     LIBCMT:frame.obj
 0004:00003c6c       $pdata$__CxxCallCatchBlock$fin$1 000000014005bc6c     LIBCMT:frame.obj
 0004:00003c78       $pdata$__DestructExceptionObject$filt$0 000000014005bc78     LIBCMT:frame.obj
 0004:00003c84       $pdata$__FrameUnwindToState$filt$0 000000014005bc84     LIBCMT:frame.obj
 0004:00003c90       $pdata$__FrameUnwindToState$fin$1 000000014005bc90     LIBCMT:frame.obj
 0004:00003c9c       $pdata$??__F_AtlWinModule@ATL@@YAXXZ 000000014005bc9c     Propdlg.obj
 0005:000016b0       $R000000                   000000014005d6b0     Propdlg.res
 0005:00001998       $R0002E8                   000000014005d998     Propdlg.res
 0005:00001ac0       $R000410                   000000014005dac0     Propdlg.res
 0005:00001ae8       $R000438                   000000014005dae8     Propdlg.res
 0005:00001dd0       $R000720                   000000014005ddd0     Propdlg.res
 0005:00001de8       $R000738                   000000014005dde8     Propdlg.res
 0005:00002288       $R000BD8                   000000014005e288     Propdlg.res
 0005:000023c8       $R000D18                   000000014005e3c8     Propdlg.res
 0005:00002768       $R0010B8                   000000014005e768     Propdlg.res
 0005:000027d8       $R001128                   000000014005e7d8     Propdlg.res
 0005:00002910       $R001260                   000000014005e910     Propdlg.res
 0005:000029e8       $R001338                   000000014005e9e8     Propdlg.res
 0005:00002ac0       $R001410                   000000014005eac0     Propdlg.res
 0005:00002d98       $R0016E8                   000000014005ed98     Propdlg.res
 0005:00002ed0       $R001820                   000000014005eed0     Propdlg.res
 0005:00002f88       $R0018D8                   000000014005ef88     Propdlg.res
 0005:00002fb0       $R001900                   000000014005efb0     Propdlg.res
 0005:000030e8       $R001A38                   000000014005f0e8     Propdlg.res
 0005:000031a0       $R001AF0                   000000014005f1a0     Propdlg.res
 0005:000031c8       $R001B18                   000000014005f1c8     Propdlg.res
 0005:00003300       $R001C50                   000000014005f300     Propdlg.res
 0005:000033b8       $R001D08                   000000014005f3b8     Propdlg.res
 0005:000033e0       $R001D30                   000000014005f3e0     Propdlg.res
 0005:00003518       $R001E68                   000000014005f518     Propdlg.res
 0005:000035d0       $R001F20                   000000014005f5d0     Propdlg.res
 0005:000035f8       $R001F48                   000000014005f5f8     Propdlg.res
 0005:00003730       $R002080                   000000014005f730     Propdlg.res
 0005:000037e8       $R002138                   000000014005f7e8     Propdlg.res
 0005:00003810       $R002160                   000000014005f810     Propdlg.res
 0005:00003a10       $R002360                   000000014005fa10     Propdlg.res
 0005:00003ac8       $R002418                   000000014005fac8     Propdlg.res
 0005:00003af0       $R002440                   000000014005faf0     Propdlg.res
 0005:00003cf0       $R002640                   000000014005fcf0     Propdlg.res
 0005:00003da8       $R0026F8                   000000014005fda8     Propdlg.res
 0005:00003dd0       $R002720                   000000014005fdd0     Propdlg.res
 0005:00003fd0       $R002920                   000000014005ffd0     Propdlg.res
 0005:00004088       $R0029D8                   0000000140060088     Propdlg.res
 0005:000040b0       $R002A00                   00000001400600b0     Propdlg.res
 0005:000042b0       $R002C00                   00000001400602b0     Propdlg.res
 0005:00004368       $R002CB8                   0000000140060368     Propdlg.res
 0005:00004390       $R002CE0                   0000000140060390     Propdlg.res
 0005:000044c8       $R002E18                   00000001400604c8     Propdlg.res
 0005:00004580       $R002ED0                   0000000140060580     Propdlg.res
 0005:000045a8       $R002EF8                   00000001400605a8     Propdlg.res
 0005:000046e0       $R003030                   00000001400606e0     Propdlg.res
 0005:00004798       $R0030E8                   0000000140060798     Propdlg.res
 0005:000047c0       $R003110                   00000001400607c0     Propdlg.res
 0005:000048f8       $R003248                   00000001400608f8     Propdlg.res
 0005:00004910       $R003260                   0000000140060910     Propdlg.res
 0005:00004a48       $R003398                   0000000140060a48     Propdlg.res
 0005:00004a60       $R0033B0                   0000000140060a60     Propdlg.res
 0005:00004b98       $R0034E8                   0000000140060b98     Propdlg.res
 0005:00004bb0       $R003500                   0000000140060bb0     Propdlg.res
 0005:00004ce8       $R003638                   0000000140060ce8     Propdlg.res
 0005:00004d00       $R003650                   0000000140060d00     Propdlg.res
 0005:00004e38       $R003788                   0000000140060e38     Propdlg.res
 0005:00004e50       $R0037A0                   0000000140060e50     Propdlg.res
 0005:00004f88       $R0038D8                   0000000140060f88     Propdlg.res
 0005:00004fa0       $R0038F0                   0000000140060fa0     Propdlg.res
 0005:000050d8       $R003A28                   00000001400610d8     Propdlg.res
 0005:000050f0       $R003A40                   00000001400610f0     Propdlg.res
 0005:00005228       $R003B78                   0000000140061228     Propdlg.res
 0005:00005240       $R003B90                   0000000140061240     Propdlg.res
 0005:00005378       $R003CC8                   0000000140061378     Propdlg.res
 0005:00005390       $R003CE0                   0000000140061390     Propdlg.res
 0005:000054c8       $R003E18                   00000001400614c8     Propdlg.res
 0005:000054e0       $R003E30                   00000001400614e0     Propdlg.res
 0005:00005618       $R003F68                   0000000140061618     Propdlg.res
 0005:00005630       $R003F80                   0000000140061630     Propdlg.res
 0005:00005768       $R0040B8                   0000000140061768     Propdlg.res
 0005:00005780       $R0040D0                   0000000140061780     Propdlg.res
 0005:000058b8       $R004208                   00000001400618b8     Propdlg.res
 0005:000058d0       $R004220                   00000001400618d0     Propdlg.res
 0005:00005a08       $R004358                   0000000140061a08     Propdlg.res
 0005:00005a20       $R004370                   0000000140061a20     Propdlg.res
 0005:00005b08       $R004458                   0000000140061b08     Propdlg.res
 0005:00005b40       $R004490                   0000000140061b40     Propdlg.res
 0005:00005bf8       $R004548                   0000000140061bf8     Propdlg.res
 0005:00005d40       $R004690                   0000000140061d40     Propdlg.res
 0005:00005e78       $R0047C8                   0000000140061e78     Propdlg.res
 0005:00005f30       $R004880                   0000000140061f30     Propdlg.res
 0005:00005f58       $R0048A8                   0000000140061f58     Propdlg.res
 0005:00006100       $R004A50                   0000000140062100     Propdlg.res
 0005:00006260       $R004BB0                   0000000140062260     Propdlg.res
 0005:00006278       $R004BC8                   0000000140062278     Propdlg.res
 0005:00006380       $R004CD0                   0000000140062380     Propdlg.res
 0005:000063c8       $R004D18                   00000001400623c8     Propdlg.res
 0005:00006410       $R004D60                   0000000140062410     Propdlg.res
 0005:00006618       $R004F68                   0000000140062618     Propdlg.res
 0005:00006668       $R004FB8                   0000000140062668     Propdlg.res
 0005:00006758       $R0050A8                   0000000140062758     Propdlg.res
 0005:00006808       $R005158                   0000000140062808     Propdlg.res
 0005:000068b8       $R005208                   00000001400628b8     Propdlg.res
 0005:00006aa8       $R0053F8                   0000000140062aa8     Propdlg.res
 0005:00006d40       $R005690                   0000000140062d40     Propdlg.res
 0005:00006dc8       $R005718                   0000000140062dc8     Propdlg.res
 0005:00006fc0       $R005910                   0000000140062fc0     Propdlg.res
 0005:00007070       $R0059C0                   0000000140063070     Propdlg.res
 0005:00007278       $R005BC8                   0000000140063278     Propdlg.res
 0005:000072c0       $R005C10                   00000001400632c0     Propdlg.res
 0005:00007348       $R005C98                   0000000140063348     Propdlg.res
 0005:00007378       $R005CC8                   0000000140063378     Propdlg.res
 0005:00007500       $R005E50                   0000000140063500     Propdlg.res
 0005:000079e8       $R006338                   00000001400639e8     Propdlg.res
 0005:00007b88       $R0064D8                   0000000140063b88     Propdlg.res
 0005:00007e68       $R0067B8                   0000000140063e68     Propdlg.res
 0005:000080d0       $R006A20                   00000001400640d0     Propdlg.res
 0005:00008120       $R006A70                   0000000140064120     Propdlg.res
 0005:000085c8       $R006F18                   00000001400645c8     Propdlg.res
 0005:000087f0       $R007140                   00000001400647f0     Propdlg.res
 0005:000088d0       $R007220                   00000001400648d0     Propdlg.res
 0005:00008900       $R007250                   0000000140064900     Propdlg.res
 0005:00008990       $R0072E0                   0000000140064990     Propdlg.res
 0005:00008ed0       $R007820                   0000000140064ed0     Propdlg.res
 0005:00008ff8       $R007948                   0000000140064ff8     Propdlg.res
