 propdlg

 Timestamp is 590d7346 (Sat May 06 15:55:02 2017)

 Preferred load address is 0000000140000000

 Start         Length     Name                   Class
 0001:00000000 000000fcH .text$di                CODE
 0001:00000100 0003cdc8H .text$mn                CODE
 0001:0003ced0 0000154cH .text$x                 CODE
 0001:0003e420 00000244H .text$yd                CODE
 0002:00000000 00000b30H .idata$5                DATA
 0002:00000b30 00000008H .CRT$XCA                DATA
 0002:00000b38 00000008H .CRT$XCL                DATA
 0002:00000b40 00000038H .CRT$XCU                DATA
 0002:00000b78 00000008H .CRT$XCZ                DATA
 0002:00000b80 00000008H .CRT$XIA                DATA
 0002:00000b88 00000020H .CRT$XIC                DATA
 0002:00000ba8 00000008H .CRT$XIY                DATA
 0002:00000bb0 00000008H .CRT$XIZ                DATA
 0002:00000bb8 00000008H .CRT$XPA                DATA
 0002:00000bc0 00000010H .CRT$XPX                DATA
 0002:00000bd0 00000008H .CRT$XPXA               DATA
 0002:00000bd8 00000008H .CRT$XPZ                DATA
 0002:00000be0 00000008H .CRT$XTA                DATA
 0002:00000be8 00000008H .CRT$XTZ                DATA
 0002:00000bf0 0000a9e0H .rdata                  DATA
 0002:0000b5d0 000032bcH .rdata$r                DATA
 0002:0000e890 00000008H .rtc$IAA                DATA
 0002:0000e898 00000008H .rtc$IZZ                DATA
 0002:0000e8a0 00000008H .rtc$TAA                DATA
 0002:0000e8a8 00000008H .rtc$TZZ                DATA
 0002:0000e8b0 000069a8H .xdata                  DATA
 0002:00015258 000002ccH .xdata$x                DATA
 0002:00015528 00000000H ATL$__a                 DATA
 0002:00015528 00000000H ATL$__z                 DATA
 0002:00015528 00000000H .edata                  DATA
 0002:00015528 000000c8H .idata$2                DATA
 0002:000155f0 00000014H .idata$3                DATA
 0002:00015608 00000b30H .idata$4                DATA
 0002:00016138 000017c2H .idata$6                DATA
 0003:00000000 000018d0H .data                   DATA
 0003:000018d0 000010b0H .data$r                 DATA
 0003:00002980 00002a98H .bss                    DATA
 0004:00000000 000042fcH .pdata                  DATA
 0005:00000000 000016a8H .rsrc$01                DATA
 0005:000016b0 00007b70H .rsrc$02                DATA

  Address         Publics by Value              Rva+Base               Lib:Object

 0000:00000000       __guard_fids_count         0000000000000000     <absolute>
 0000:00000000       ___safe_se_handler_count   0000000000000000     <absolute>
 0000:00000000       __guard_flags              0000000000000000     <absolute>
 0000:00000000       __guard_fids_table         0000000000000000     <absolute>
 0000:00000000       ___safe_se_handler_table   0000000000000000     <absolute>
 0000:00000000       __ImageBase                0000000140000000     <linker-defined>
 0001:00000100       ??_GCPropertyPageMTL@@UEAAPEAXI@Z 0000000140001100 f i Colorpge.obj
 0001:00000100       ??_GCColorPage@@UEAAPEAXI@Z 0000000140001100 f i Colorpge.obj
 0001:00000100       ??_ECColorPage@@UEAAPEAXI@Z 0000000140001100 f i * CIL library *:* CIL module *
 0001:00000100       ??_ECPropertyPageMTL@@UEAAPEAXI@Z 0000000140001100 f i * CIL library *:* CIL module *
 0001:00000100       ??_GCStylePage@@UEAAPEAXI@Z 0000000140001100 f i Stylepge.obj
 0001:00000100       ??_ECStylePage@@UEAAPEAXI@Z 0000000140001100 f i * CIL library *:* CIL module *
 0001:00000130       ??1CColorPage@@UEAA@XZ     0000000140001130 f i Colorpge.obj
 0001:00000130       ??1CStylePage@@UEAA@XZ     0000000140001130 f i Propsht.obj
 0001:00000140       ?DoDataExchange@CColorPage@@MEAAXPEAVCDataExchange@@@Z 0000000140001140 f   Colorpge.obj
 0001:00000160       ?OnStyleClicked@CStylePage@@IEAAXI@Z 0000000140001160 f   Stylepge.obj
 0001:00000160       ?OnColorClicked@CColorPage@@IEAAXI@Z 0000000140001160 f   Colorpge.obj
 0001:00000300       ?_ProcessWindowMessage@CColorPage@@UEAAHPEAUHWND__@@I_K_JAEA_J@Z 0000000140001300 f i Colorpge.obj
 0001:00000360       ?DDX_Radio@@YAXPEAVCDataExchange@@HAEAH@Z 0000000140001360 f i Colorpge.obj
 0001:00000450       ??1CPropertyPageMTL@@UEAA@XZ 0000000140001450 f i Colorpge.obj
 0001:00000530       ?OnCtlColor@CPropertyPageMTL@@QEAAPEAUHBRUSH__@@PEAVCDCMTL@@PEAVCWnd@@I@Z 0000000140001530 f i Colorpge.obj
 0001:00000530       ?OnCtlColor@CPropertySheetMTL@@QEAAPEAUHBRUSH__@@PEAVCDCMTL@@PEAVCWnd@@I@Z 0000000140001530 f i Propsht.obj
 0001:000005f0       ?_ProcessWindowMessage@CPropertyPageMTL@@UEAAHPEAUHWND__@@I_K_JAEA_J@Z 00000001400015f0 f i Colorpge.obj
 0001:00000710       ?PreTranslateMessage@CPropertyPageMTL@@UEAAHPEAUtagMSG@@@Z 0000000140001710 f i Colorpge.obj
 0001:00000710       ?PreTranslateMessage@CWnd@@UEAAHPEAUtagMSG@@@Z 0000000140001710 f i Colorpge.obj
 0001:00000750       ?MapWizardResult@CPropertyPageMTL@@QEAA_J_J@Z 0000000140001750 f i Colorpge.obj
 0001:000007d0       ?OnNotify@CPropertyPageMTL@@UEAAH_K_JPEA_J@Z 00000001400017d0 f i Colorpge.obj
 0001:00000a40       ?GetSafeOwner_@CWnd@@SAPEAUHWND__@@PEAU2@PEAPEAU2@@Z 0000000140001a40 f i Colorpge.obj
 0001:00000b44       ??_9CDialog@@$BOI@AA       0000000140001b44 f i Colorpge.obj
 0001:00000b50       ??_9CDialog@@$BPA@AA       0000000140001b50 f i Colorpge.obj
 0001:00000b60       ?_ProcessWindowMessage@CDialog@@UEAAHPEAUHWND__@@I_K_JAEA_J@Z 0000000140001b60 f i Colorpge.obj
 0001:00000c10       ?OnCmdMsg@CPropertySheetMTL@@UEAAHIHPEAXPEAUAFX_CMDHANDLERINFO@@@Z 0000000140001c10 f i Propsht.obj
 0001:00000c10       ?OnCmdMsg@CDialog@@UEAAHIHPEAXPEAUAFX_CMDHANDLERINFO@@@Z 0000000140001c10 f i Colorpge.obj
 0001:00000cd0       ??_GCAboutDlg@@UEAAPEAXI@Z 0000000140001cd0 f i Propdlg.obj
 0001:00000cd0       ??_ECDialog@@UEAAPEAXI@Z   0000000140001cd0 f i * CIL library *:* CIL module *
 0001:00000cd0       ??_ECAboutDlg@@UEAAPEAXI@Z 0000000140001cd0 f i * CIL library *:* CIL module *
 0001:00000cd0       ??_GCPrintingDialog@@UEAAPEAXI@Z 0000000140001cd0 f i Shapesvw.obj
 0001:00000cd0       ??_GCShapePreviewWnd@@UEAAPEAXI@Z 0000000140001cd0 f i Preview.obj
 0001:00000cd0       ??_ECNewTypeDlg@@UEAAPEAXI@Z 0000000140001cd0 f i * CIL library *:* CIL module *
 0001:00000cd0       ??_ECWnd@@UEAAPEAXI@Z      0000000140001cd0 f i * CIL library *:* CIL module *
 0001:00000cd0       ??_ECPrintingDialog@@UEAAPEAXI@Z 0000000140001cd0 f i * CIL library *:* CIL module *
 0001:00000cd0       ??_ECShapePreviewWnd@@UEAAPEAXI@Z 0000000140001cd0 f i * CIL library *:* CIL module *
 0001:00000cd0       ??_GCDialog@@UEAAPEAXI@Z   0000000140001cd0 f i Colorpge.obj
 0001:00000cd0       ??_GCWnd@@UEAAPEAXI@Z      0000000140001cd0 f i Colorpge.obj
 0001:00000cd0       ??_GCNewTypeDlg@@UEAAPEAXI@Z 0000000140001cd0 f i Propdlg.obj
 0001:00000d00       ?PreTranslateMessage@CDialog@@UEAAHPEAUtagMSG@@@Z 0000000140001d00 f i Colorpge.obj
 0001:00000e10       ?OnOK@CDialog@@UEAAXXZ     0000000140001e10 f i Colorpge.obj
 0001:00000ea0       ?OnCancel@CDialog@@UEAAXXZ 0000000140001ea0 f i Colorpge.obj
 0001:00000ee0       ?Create@CDialog@@UEAAHIPEAVCWnd@@@Z 0000000140001ee0 f i Colorpge.obj
 0001:00000ef0       ?CreateIndirect@CDialog@@UEAAHPEAXPEAVCWnd@@PEAUHINSTANCE__@@@Z 0000000140001ef0 f i Colorpge.obj
 0001:00000f70       ??1CCommonDialog@@UEAA@XZ  0000000140001f70 f i Propdlg.obj
 0001:00000f70       ??1CDialog@@UEAA@XZ        0000000140001f70 f i Colorpge.obj
 0001:00000f70       ??1CNewTypeDlg@@UEAA@XZ    0000000140001f70 f i Propdlg.obj
 0001:00000f70       ??1CPrintingDialog@@UEAA@XZ 0000000140001f70 f i Shapesvw.obj
 0001:00000f70       ??1CAboutDlg@@UEAA@XZ      0000000140001f70 f i Propdlg.obj
 0001:00000f70       ??1CShapePreviewWnd@@UEAA@XZ 0000000140001f70 f i Preview.obj
 0001:00000f80       ?classHandleFuncCDialog@CDialog@@SAPEAXPEAX0@Z 0000000140001f80 f i Colorpge.obj
 0001:00001020       ?CreateDlgIndirect@CWnd@@QEAAHPEBUDLGTEMPLATE@@PEAV1@PEAUHINSTANCE__@@@Z 0000000140002020 f i Colorpge.obj
 0001:000010d0       ?CreateDlg@CWnd@@QEAAHPEB_WPEAV1@@Z 00000001400020d0 f i Colorpge.obj
 0001:00001170       ?Create@CDialog@@UEAAHPEB_WPEAVCWnd@@@Z 0000000140002170 f i Colorpge.obj
 0001:000011c0       ?IsIdleMessage@CWinApp@@SAHPEAUtagMSG@@@Z 00000001400021c0 f i Colorpge.obj
 0001:000011f0       ?RunModalLoop@CWnd@@QEAAHK@Z 00000001400021f0 f i Colorpge.obj
 0001:000013b0       ?DoModal@CDialog@@UEAA_JXZ 00000001400023b0 f i Colorpge.obj
 0001:00001730       ?OnEndPrinting@CView@@UEAAXPEAVCDCMTL@@PEAUCPrintInfo@@@Z 0000000140002730 f i Shapesvw.obj
 0001:00001730       ?OnCancel@CPropertyPageMTL@@UEAAXXZ 0000000140002730 f i Colorpge.obj
 0001:00001730       ?OnBarStyleChange@CControlBar@@UEAAXKK@Z 0000000140002730 f i Mainfrm.obj
 0001:00001730       ?DoDataExchange@CAboutDlg@@MEAAXPEAVCDataExchange@@@Z 0000000140002730 f i Propdlg.obj
 0001:00001730       ?Serialize@CObject@@UEAAXAEAVCArchive@@@Z 0000000140002730 f i Colorpge.obj
 0001:00001730       ?OnTypeChange@CFileDialogMTL@@UEAAXXZ 0000000140002730 f i Propdlg.obj
 0001:00001730       ?OnBeginPrinting@CView@@UEAAXPEAVCDCMTL@@PEAUCPrintInfo@@@Z 0000000140002730 f i Shapesvw.obj
 0001:00001730       ?OnDraw@CView@@UEAAXPEAVCDCMTL@@@Z 0000000140002730 f i Shapesvw.obj
 0001:00001730       ?DeleteContents@CDocument@@UEAAXXZ 0000000140002730 f i Shapedoc.obj
 0001:00001730       ?OnFinalMessage@?$CWindowImplBaseT@VCWindow@ATL@@V?$CWinTraits@$0FGAAAAAA@$0A@@2@@ATL@@UEAAXPEAUHWND__@@@Z 0000000140002730 f i Propdlg.obj
 0001:00001730       ?OnLBSelChangedNotify@CFileDialogMTL@@UEAAXIII@Z 0000000140002730 f i Propdlg.obj
 0001:00001730       ?PreCloseFrame@CDocument@@UEAAXPEAVCFrameWnd@@@Z 0000000140002730 f i Shapedoc.obj
 0001:00001730       ?OnBeginPrinting@CShapesView@@MEAAXPEAVCDCMTL@@PEAUCPrintInfo@@@Z 0000000140002730 f i Shapesvw.obj
 0001:00001730       ?OnEndPrinting@CShapesView@@MEAAXPEAVCDCMTL@@PEAUCPrintInfo@@@Z 0000000140002730 f i Shapesvw.obj
 0001:00001730       ?OnFileNameChange@CFileDialogMTL@@UEAAXXZ 0000000140002730 f i Propdlg.obj
 0001:00001730       ?OnDocumentEvent@CDocument@@UEAAXW4DocumentEvent@1@@Z 0000000140002730 f i Shapedoc.obj
 0001:00001730       ?SetText@CTestCmdUI@@UEAAXPEB_W@Z 0000000140002730 f i Colorpge.obj
 0001:00001730       ?DoDataExchange@CWMHnd@@UEAAXPEAVCDataExchange@@@Z 0000000140002730 f i Colorpge.obj
 0001:00001730       ?OnShowMenuBar@CFrameWnd@@UEAAXXZ 0000000140002730 f i Mainfrm.obj
 0001:00001730       ?SetRadio@CTestCmdUI@@UEAAXH@Z 0000000140002730 f i Colorpge.obj
 0001:00001730       ?OnHideMenuBar@CFrameWnd@@UEAAXXZ 0000000140002730 f i Mainfrm.obj
 0001:00001730       ?SetText@CToolCmdUI@@UEAAXPEB_W@Z 0000000140002730 f i Mainfrm.obj
 0001:00001730       ?RegisterShellFileTypes@CDocManager@@UEAAXH@Z 0000000140002730 f i Propdlg.obj
 0001:00001730       ?OnFolderChange@CFileDialogMTL@@UEAAXXZ 0000000140002730 f i Propdlg.obj
 0001:00001730       ?OnOK@CPropertyPageMTL@@UEAAXXZ 0000000140002730 f i Colorpge.obj
 0001:00001730       ?OnActivateFrame@CView@@UEAAXIPEAVCFrameWnd@@@Z 0000000140002730 f i Shapesvw.obj
 0001:00001730       ?PostNcDestroy@CWMHnd@@UEAAXXZ 0000000140002730 f i Colorpge.obj
 0001:00001730       ?SetCheck@CTestCmdUI@@UEAAXH@Z 0000000140002730 f i Colorpge.obj
 0001:00001740       ?OnApply@CPropertyPageMTL@@UEAAHXZ 0000000140002740 f i Colorpge.obj
 0001:00001760       ?OnKillActive@CPropertyPageMTL@@UEAAHXZ 0000000140002760 f i Colorpge.obj
 0001:000017c0       ?InitInstance@CWinApp@@UEAAHXZ 00000001400027c0 f i Propdlg.obj
 0001:000017c0       ?IsFrameWnd@CFrameWnd@@UEAAHXZ 00000001400027c0 f i Mainfrm.obj
 0001:000017c0       ?OnPreparePrinting@CView@@UEAAHPEAUCPrintInfo@@@Z 00000001400027c0 f i Shapesvw.obj
 0001:000017c0       ?OnQueryCancel@CPropertyPageMTL@@UEAAHXZ 00000001400027c0 f i Colorpge.obj
 0001:000017d0       ?OnReset@CPropertyPageMTL@@UEAAXXZ 00000001400027d0 f i Colorpge.obj
 0001:000017e0       ?OnSetActive@CPropertyPageMTL@@UEAAHXZ 00000001400027e0 f i Colorpge.obj
 0001:00001850       ?_ProcessWindowMessage@CPrintDialogMTL@@UEAAHPEAUHWND__@@I_K_JAEA_J@Z 0000000140002850 f i Propdlg.obj
 0001:00001850       ?IsTabbedMDIChild@CMDIChildWnd@@UEAAHXZ 0000000140002850 f i Stdafx.obj
 0001:00001850       ?IsDockBar@CControlBar@@UEBAHXZ 0000000140002850 f i Mainfrm.obj
 0001:00001850       ?GetDefaultAccelerator@CDocument@@UEAAPEAUHACCEL__@@XZ 0000000140002850 f i Shapedoc.obj
 0001:00001850       ?OnScroll@CView@@UEAAHIIH@Z 0000000140002850 f i Shapesvw.obj
 0001:00001850       ?IsFrameWnd@CWMHnd@@UEAAHXZ 0000000140002850 f i Colorpge.obj
 0001:00001850       ?OnShareViolation@CFileDialogMTL@@UEAAIPEB_W@Z 0000000140002850 f i Propdlg.obj
 0001:00001850       ?OnWizardNext@CPropertyPageMTL@@UEAA_JXZ 0000000140002850 f i Colorpge.obj
 0001:00001850       ?GetScrollBarCtrl@CWMHnd@@UEBAPEAVCScrollBarMTL@@H@Z 0000000140002850 f i Colorpge.obj
 0001:00001850       ?PreTranslateMessage@CWMHnd@@UEAAHPEAUtagMSG@@@Z 0000000140002850 f i Colorpge.obj
 0001:00001850       ?OnFileNameOK@CFileDialogMTL@@UEAAHXZ 0000000140002850 f i Propdlg.obj
 0001:00001850       ?OnWizardBack@CPropertyPageMTL@@UEAA_JXZ 0000000140002850 f i Colorpge.obj
 0001:00001850       ?OnScrollBy@CView@@UEAAHVCSize@WTL@@H@Z 0000000140002850 f i Shapesvw.obj
 0001:00001850       ?_ProcessWindowMessage@CCmdTarget@@UEAAHPEAUHWND__@@I_K_JAEA_J@Z 0000000140002850 f i Colorpge.obj
 0001:00001860       ?OnWizardFinish@CPropertyPageMTL@@UEAAHXZ 0000000140002860 f i Colorpge.obj
 0001:00001900       ?OnWizardFinishEx@CPropertyPageMTL@@UEAAPEAUHWND__@@XZ 0000000140002900 f i Colorpge.obj
 0001:00001920       ?GetParentSheet@CPropertyPageMTL@@UEAAPEAVCPropertySheetMTL@@XZ 0000000140002920 f i Colorpge.obj
 0001:00001ac0       ?AfxThrowMemoryException@@YAXXZ 0000000140002ac0 f i Colorpge.obj
 0001:00001b60       ?CenterWindow@CWindow@ATL@@QEAAHPEAUHWND__@@@Z 0000000140002b60 f i Colorpge.obj
 0001:00001d40       ?SendMessageToDescendants@CWnd@@QEAAXPEAUHWND__@@I_K_JHH@Z 0000000140002d40 f i Colorpge.obj
 0001:00001f20       ?ExecuteDlgInit@CWnd@@QEAAHPEAX@Z 0000000140002f20 f i Colorpge.obj
 0001:00002030       ?ExecuteDlgInit@CWnd@@QEAAHPEB_W@Z 0000000140003030 f i Colorpge.obj
 0001:000020d0       ?OnInitDialog@CDialog@@UEAAHXZ 00000001400030d0 f i Colorpge.obj
 0001:00002180       ?AfxDlgProc@CWnd@@SA_JPEAUHWND__@@I_K_J@Z 0000000140003180 f i Colorpge.obj
 0001:00002200       ?AfxPropPageCallback@CPropertyPageMTL@@SAIPEAUHWND__@@IPEAU_PROPSHEETPAGEW@@@Z 0000000140003200 f i Colorpge.obj
 0001:00002250       ?AssignCopy@CString@WTL@@IEAAXHPEB_W@Z 0000000140003250 f i Colorpge.obj
 0001:00002330       ?GetBuffer@CString@WTL@@QEAAPEA_WH@Z 0000000140003330 f i Colorpge.obj
 0001:00002410       ?CopyBeforeWrite@CString@WTL@@IEAAXXZ 0000000140003410 f i Colorpge.obj
 0001:000024d0       ?LoadStringW@CString@WTL@@QEAAHI@Z 00000001400034d0 f i Colorpge.obj
 0001:00002610       ?WindowProc@CWnd@@UEAA_JI_K_J@Z 0000000140003610 f i Colorpge.obj
 0001:00002680       ?_AfxTopChildWindowFromPoint@CWnd@@SAPEAUHWND__@@PEAU2@UtagPOINT@@@Z 0000000140003680 f i Colorpge.obj
 0001:00002770       ?OnToolHitTest@CWnd@@UEBA_JVCPoint@WTL@@PEAUtagTOOLINFOW@@@Z 0000000140003770 f i Colorpge.obj
 0001:00002820       ?FromHandlePermanent@CWnd@@SAPEAV1@PEAUHWND__@@@Z 0000000140003820 f i Colorpge.obj
 0001:00002890       ?GetParent@CWnd@@QEAAPEAV1@XZ 0000000140003890 f i Colorpge.obj
 0001:00002a10       ?Enable@CCmdUI@@UEAAXH@Z   0000000140003a10 f i Colorpge.obj
 0001:00002ac0       ?SetCheck@CCmdUI@@UEAAXH@Z 0000000140003ac0 f i Colorpge.obj
 0001:00002b50       ?SetRadio@CCmdUI@@UEAAXH@Z 0000000140003b50 f i Colorpge.obj
 0001:00002bb0       ?AfxSetWindowText@CAfx@@SAXPEAUHWND__@@PEB_W@Z 0000000140003bb0 f i Colorpge.obj
 0001:00002c50       ?SetText@CCmdUI@@UEAAXPEB_W@Z 0000000140003c50 f i Colorpge.obj
 0001:00002cd0       ?Enable@CTestCmdUI@@UEAAXH@Z 0000000140003cd0 f i Colorpge.obj
 0001:00002ce0       ?OnCommand@CWnd@@UEAAH_K_J@Z 0000000140003ce0 f i Colorpge.obj
 0001:00002e10       ??_GCDCMTL@@UEAAPEAXI@Z    0000000140003e10 f i Colorpge.obj
 0001:00002e10       ??_ECDCMTL@@UEAAPEAXI@Z    0000000140003e10 f i * CIL library *:* CIL module *
 0001:00002e90       ?SetAttribDC@CDCMTL@@UEAAXPEAUHDC__@@@Z 0000000140003e90 f i Colorpge.obj
 0001:00002ea0       ?ReleaseAttribDC@CDCMTL@@UEAAXXZ 0000000140003ea0 f i Colorpge.obj
 0001:00002eb0       ?SaveDC@CDCMTL@@UEAAHXZ    0000000140003eb0 f i Colorpge.obj
 0001:00002f00       ?RestoreDC@CDCMTL@@UEAAHH@Z 0000000140003f00 f i Colorpge.obj
 0001:00002f60       ?TextOutW@CDCMTL@@UEAAHHHPEB_WH@Z 0000000140003f60 f i Colorpge.obj
 0001:00002f70       ??1?$CDCT@$00@WTL@@QEAA@XZ 0000000140003f70 f i Colorpge.obj
 0001:00002f90       ?RemoveHandle@?$CHandleList@PEAUHDC__@@VCDCMTL@@PEAUHWND__@@@@QEAAPEAUHDC__@@QEAU2@@Z 0000000140003f90 f i Colorpge.obj
 0001:00002f90       ?RemoveHandle@?$CHandleList@PEAXVCGdiObject@@PEAUHWND__@@@@QEAAPEAXQEAX@Z 0000000140003f90 f i Preview.obj
 0001:00002f90       ?RemoveHandle@?$CHandleList@PEAUHMENU__@@VCMenuMTL@@PEAUHWND__@@@@QEAAPEAUHMENU__@@QEAU2@@Z 0000000140003f90 f i Colorpge.obj
 0001:00003010       ??1CDCMTL@@UEAA@XZ         0000000140004010 f i Colorpge.obj
 0001:00003080       ?UnsubclassWindow@CWMHnd@@QEAAPEAUHWND__@@XZ 0000000140004080 f i Colorpge.obj
 0001:00003100       ?OnNcDestroy@CWnd@@QEAAXXZ 0000000140004100 f i Colorpge.obj
 0001:000031e0       ?_ProcessWindowMessage@CWnd@@UEAAHPEAUHWND__@@I_K_JAEA_J@Z 00000001400041e0 f i Colorpge.obj
 0001:00003500       ?OnWndMsg@CWnd@@UEAAHI_K_JPEA_J@Z 0000000140004500 f i Colorpge.obj
 0001:000035a0       ?ReflectChildNotify@CWnd@@QEAAHI_K_JPEA_J@Z 00000001400045a0 f i Colorpge.obj
 0001:000036e0       ?OnChildNotify@CWnd@@UEAAHI_K_JPEA_J@Z 00000001400046e0 f i Colorpge.obj
 0001:000036f0       ?OnNotify@CWnd@@UEAAH_K_JPEA_J@Z 00000001400046f0 f i Colorpge.obj
 0001:000037d0       ?Create@CWnd@@UEAAHPEB_W0KAEBUtagRECT@@PEAV1@IPEAUCCreateContext@@@Z 00000001400047d0 f i Colorpge.obj
 0001:00003890       ?AtlWinModuleExtractCreateWndData@ATL@@YAPEAXPEAU_ATL_WIN_MODULE70@1@@Z 0000000140004890 f i Colorpge.obj
 0001:00003910       ?AtlWinModuleTerm@ATL@@YAJPEAU_ATL_WIN_MODULE70@1@PEAUHINSTANCE__@@@Z 0000000140004910 f i Colorpge.obj
 0001:000039f0       ?_AtlInitializeCriticalSectionEx@ATL@@YAHPEAU_RTL_CRITICAL_SECTION@@KK@Z 00000001400049f0 f i Colorpge.obj
 0001:00003a00       ??0CAtlWinModule@ATL@@QEAA@XZ 0000000140004a00 f i Colorpge.obj
 0001:00003aa0       ?Init@CDynamicStdCallThunk@ATL@@QEAAH_KPEAX@Z 0000000140004aa0 f i Colorpge.obj
 0001:00003b30       ?AfxWindowProc@CWMHnd@@SA_JPEAUHWND__@@I_K_J@Z 0000000140004b30 f i Colorpge.obj
 0001:00003b90       ?FromHandle@?$CHandleHashList@PEAUHWND__@@VCWMHnd@@PEAU1@$0BB@@@QEAAPEAVCWMHnd@@QEAUHWND__@@PEAV2@0Q6APEAXPEAX2@Z@Z 0000000140004b90 f i Colorpge.obj
 0001:00003cd0       ??_GCWMHnd@@UEAAPEAXI@Z    0000000140004cd0 f i Colorpge.obj
 0001:00003cd0       ??_ECWMHnd@@UEAAPEAXI@Z    0000000140004cd0 f i * CIL library *:* CIL module *
 0001:00003d50       ?classHandleFuncCWMHnd@CWMHnd@@SAPEAXPEAX0@Z 0000000140004d50 f i Colorpge.obj
 0001:00003dd0       ?SubclassWindow@CWMHnd@@QEAAHPEAUHWND__@@PEAUtagCREATESTRUCTW@@@Z 0000000140004dd0 f i Colorpge.obj
 0001:00003ed0       ?CbtFilterHook@CWnd@@SA_JH_K_J@Z 0000000140004ed0 f i Colorpge.obj
 0001:00003f70       ?HookWindowCreate@CWnd@@SAHPEAV1@G@Z 0000000140004f70 f i Colorpge.obj
 0001:00004020       ?CreateEx@CWnd@@UEAAHKPEB_W0KHHHHPEAUHWND__@@PEAUHMENU__@@PEAX@Z 0000000140005020 f i Colorpge.obj
 0001:000041a0       ??0CString@WTL@@QEAA@XZ    00000001400051a0 f i Colorpge.obj
 0001:000041b0       ??1?$CList@PEAVCFrameWnd@@AEBQEAV1@@@QEAA@XZ 00000001400051b0 f i Propdlg.obj
 0001:000041b0       ??1?$CList@PEAXPEAX@@QEAA@XZ 00000001400051b0 f i Mainfrm.obj
 0001:000041b0       ??1?$CList@PEAUCRuntimeClass@@AEBQEAU1@@@QEAA@XZ 00000001400051b0 f i Colorpge.obj
 0001:000041b0       ??1?$CList@PEAUHWND__@@PEAU1@@@QEAA@XZ 00000001400051b0 f i Mainfrm.obj
 0001:000041e0       ??1CString@WTL@@QEAA@XZ    00000001400051e0 f i Colorpge.obj
 0001:000041e0       ??1CStringW@@QEAA@XZ       00000001400051e0 f i Propdlg.obj
 0001:00004210       ??1CModuleState@@QEAA@XZ   0000000140005210 f i Colorpge.obj
 0001:00004290       ?AfxGetModuleState@@YAPEAVCModuleState@@XZ 0000000140005290 f i Colorpge.obj
 0001:00004300       ?AllocBuffer@CString@WTL@@IEAAHH@Z 0000000140005300 f i Colorpge.obj
 0001:00004390       ?ConcatCopy@CString@WTL@@IEAAHHPEB_WH0@Z 0000000140005390 f i Colorpge.obj
 0001:00004450       ?AtlThrowImpl@ATL@@YAXJ@Z  0000000140005450 f i Colorpge.obj
 0001:00004470       ?memcpy_x@SecureHelper@WTL@@YAXPEAX_KPEBX1@Z 0000000140005470 f i Colorpge.obj
 0001:000044c0       ?ConcatInPlace@CString@WTL@@IEAAXHPEB_W@Z 00000001400054c0 f i Colorpge.obj
 0001:000045c0       ?AfxEndDeferRegisterClass@CAfx@@SAHJ@Z 00000001400055c0 f i Colorpge.obj
 0001:00004b60       ?PreCreateWindow@CWnd@@UEAAHAEAUtagCREATESTRUCTW@@@Z 0000000140005b60 f i Colorpge.obj
 0001:00004bb0       ?ContinueModal@CWnd@@UEAAHXZ 0000000140005bb0 f i Colorpge.obj
 0001:00004bc0       ?EndModalLoop@CWnd@@UEAAXH@Z 0000000140005bc0 f i Colorpge.obj
 0001:00004bf0       ?WindowProc@CWMHnd@@UEAA_JI_K_J@Z 0000000140005bf0 f i Colorpge.obj
 0001:00004c00       ?CalcWindowRect@CWMHnd@@UEAAXPEAUtagRECT@@I@Z 0000000140005c00 f i Colorpge.obj
 0001:00004c70       ?EnableWindow@CWMHnd@@UEAAXH@Z 0000000140005c70 f i Colorpge.obj
 0001:00004c90       ?FromHandle@?$CHandleList@PEAUHMENU__@@VCMenuMTL@@PEAUHWND__@@@@QEAAPEAVCMenuMTL@@QEAUHMENU__@@PEAV2@QEAUHWND__@@Q6APEAXPEAX3@Z@Z 0000000140005c90 f i Colorpge.obj
 0001:00004d70       ??_ECMenuMTL@@UEAAPEAXI@Z  0000000140005d70 f i * CIL library *:* CIL module *
 0001:00004d70       ??_GCMenuMTL@@UEAAPEAXI@Z  0000000140005d70 f i Colorpge.obj
 0001:00004e00       ??1?$CMenuT@$00@WTL@@QEAA@XZ 0000000140005e00 f i Colorpge.obj
 0001:00004e30       ??1CMenuMTL@@UEAA@XZ       0000000140005e30 f i Colorpge.obj
 0001:00004ea0       ?classHandleFuncCMenuMTL@CMenuMTL@@SAPEAXPEAX0@Z 0000000140005ea0 f i Colorpge.obj
 0001:00004f00       ?GetMenu@CWMHnd@@UEBAPEAVCMenuMTL@@XZ 0000000140005f00 f i Colorpge.obj
 0001:00004f40       ?SetMenu@CWMHnd@@UEAAHPEAVCMenuMTL@@@Z 0000000140005f40 f i Colorpge.obj
 0001:00004f60       ?GetCurrentMessage@CCmdTarget@@UEBAPEBU_ATL_MSG@ATL@@XZ 0000000140005f60 f i Colorpge.obj
 0001:00004f70       ?DefWindowProcW@CWMHnd@@UEAA_JI_K_J@Z 0000000140005f70 f i Colorpge.obj
 0001:00004fa0       ?OnInitDialog@CWMHnd@@UEAAHXZ 0000000140005fa0 f i Colorpge.obj
 0001:00004fa0       ?OnCancel@CCommonDialog@@UEAAXXZ 0000000140005fa0 f i Propdlg.obj
 0001:00004fd0       ??1CWndProcThunk@ATL@@QEAA@XZ 0000000140005fd0 f i Colorpge.obj
 0001:00004fe0       ?RemoveHandle@?$CHandleHashList@PEAUHWND__@@VCWMHnd@@PEAU1@$0BB@@@QEAAPEAUHWND__@@QEAU2@@Z 0000000140005fe0 f i Colorpge.obj
 0001:000050a0       ?RemoveOwner@?$CHandleHashList@PEAUHWND__@@VCWMHnd@@PEAU1@$0BB@@@QEAAHQEAUHWND__@@@Z 00000001400060a0 f i Colorpge.obj
 0001:00005160       ?RemoveOwner@?$CHandleList@PEAUHMENU__@@VCMenuMTL@@PEAUHWND__@@@@QEAAHQEAUHWND__@@@Z 0000000140006160 f i Colorpge.obj
 0001:00005160       ?RemoveOwner@?$CHandleList@PEAXVCGdiObject@@PEAUHWND__@@@@QEAAHQEAUHWND__@@@Z 0000000140006160 f i Colorpge.obj
 0001:00005160       ?RemoveOwner@?$CHandleList@PEAUHDC__@@VCDCMTL@@PEAUHWND__@@@@QEAAHQEAUHWND__@@@Z 0000000140006160 f i Colorpge.obj
 0001:00005160       ?RemoveOwner@?$CHandleList@PEAXXPEAUHWND__@@@@QEAAHQEAUHWND__@@@Z 0000000140006160 f i Colorpge.obj
 0001:000051f0       ?RemoveHandleWnd@CModuleThreadState@@QEAAPEAUHWND__@@PEAU2@@Z 00000001400061f0 f i Colorpge.obj
 0001:00005290       ?DestroyWindow@CWnd@@UEAAHXZ 0000000140006290 f i Colorpge.obj
 0001:00005290       ?DestroyWindow@CWMHnd@@UEAAHXZ 0000000140006290 f i Colorpge.obj
 0001:000052b0       ??1CWnd@@UEAA@XZ           00000001400062b0 f i Colorpge.obj
 0001:00005380       ?classHandleFuncCWnd@CWnd@@SAPEAXPEAX0@Z 0000000140006380 f i Colorpge.obj
 0001:00005410       ?GetActiveWindow@CWnd@@SAPEAV1@XZ 0000000140006410 f i Colorpge.obj
 0001:00005590       ?OnCmdMsg@CCmdTarget@@UEAAHIHPEAXPEAUAFX_CMDHANDLERINFO@@@Z 0000000140006590 f i Colorpge.obj
 0001:000056e0       ?AfxHelpEnabled@@YAHXZ     00000001400066e0 f i Colorpge.obj
 0001:00005770       ?CommonConstruct@CPropertyPageMTL@@QEAAXPEB_WI@Z 0000000140006770 f i Colorpge.obj
 0001:00005820       ??0CPropertyPageMTL@@QEAA@IIK@Z 0000000140006820 f i Colorpge.obj
 0001:00005900       ?GetRuntimeClass@CMainFrame@@UEBAPEAUCRuntimeClass@@XZ 0000000140006900 f   Mainfrm.obj
 0001:00005910       ?_ProcessWindowMessage@CMainFrame@@UEAAHPEAUHWND__@@I_K_JAEA_J@Z 0000000140006910 f i Mainfrm.obj
 0001:00005a50       ??0CMainFrame@@QEAA@XZ     0000000140006a50 f   Mainfrm.obj
 0001:00005ad0       ??_ECMainFrame@@UEAAPEAXI@Z 0000000140006ad0 f i * CIL library *:* CIL module *
 0001:00005ad0       ??_GCMainFrame@@UEAAPEAXI@Z 0000000140006ad0 f i Mainfrm.obj
 0001:00005b40       ?OnCreate@CMainFrame@@QEAAHPEAUtagCREATESTRUCTW@@@Z 0000000140006b40 f   Mainfrm.obj
 0001:00005c20       ?OnMiniFramePropertySheet@CMainFrame@@QEAAXXZ 0000000140006c20 f   Mainfrm.obj
 0001:00005de0       ?AllocElements@CStatusBar@@QEAAHHH@Z 0000000140006de0 f i Mainfrm.obj
 0001:00005ec0       ?SetIndicators@CStatusBar@@QEAAHPEBIH@Z 0000000140006ec0 f i Mainfrm.obj
 0001:00006110       ?SetButtons@CToolBar@@QEAAHPEBIH@Z 0000000140007110 f i Mainfrm.obj
 0001:00006240       ?AfxLoadSysColorBitmap@@YAPEAUHBITMAP__@@PEAUHINSTANCE__@@PEAUHRSRC__@@H@Z 0000000140007240 f i Mainfrm.obj
 0001:000064f0       ?AddReplaceBitmap@CToolBar@@QEAAHPEAUHBITMAP__@@@Z 00000001400074f0 f i Mainfrm.obj
 0001:000065e0       ?LoadBitmapW@CToolBar@@QEAAHPEB_W@Z 00000001400075e0 f i Mainfrm.obj
 0001:00006670       ?OnPaint@CToolBar@@QEAAXXZ 0000000140007670 f i Mainfrm.obj
 0001:00006700       ?OnSetBitmapSize@CToolBar@@QEAA_J_K_J@Z 0000000140007700 f i Mainfrm.obj
 0001:00006710       ?OnSetSizeHelper@CToolBar@@QEAA_JAEAVCSize@WTL@@_J@Z 0000000140007710 f i Mainfrm.obj
 0001:00006840       ?OnSetButtonSize@CToolBar@@QEAA_J_K_J@Z 0000000140007840 f i Mainfrm.obj
 0001:00006850       ?OnPreserveSizingPolicyHelper@CToolBar@@QEAA_J_K_J@Z 0000000140007850 f i Mainfrm.obj
 0001:00006a20       ?OnPreserveZeroBorderHelper@CToolBar@@QEAA_J_K_J@Z 0000000140007a20 f i Mainfrm.obj
 0001:00006b30       ?_ProcessWindowMessage@CToolBar@@UEAAHPEAUHWND__@@I_K_JAEA_J@Z 0000000140007b30 f i Mainfrm.obj
 0001:00006e10       ??_ECControlBar@@UEAAPEAXI@Z 0000000140007e10 f i * CIL library *:* CIL module *
 0001:00006e10       ??_ECToolBar@@UEAAPEAXI@Z  0000000140007e10 f i * CIL library *:* CIL module *
 0001:00006e10       ??_ECStatusBar@@UEAAPEAXI@Z 0000000140007e10 f i * CIL library *:* CIL module *
 0001:00006e10       ??_GCToolBar@@UEAAPEAXI@Z  0000000140007e10 f i Mainfrm.obj
 0001:00006e10       ??_GCStatusBar@@UEAAPEAXI@Z 0000000140007e10 f i Mainfrm.obj
 0001:00006e10       ??_GCControlBar@@UEAAPEAXI@Z 0000000140007e10 f i Mainfrm.obj
 0001:00006e40       ?OnToolHitTest@CToolBar@@UEBA_JVCPoint@WTL@@PEAUtagTOOLINFOW@@@Z 0000000140007e40 f i Mainfrm.obj
 0001:00006f70       ?OnBarStyleChange@CToolBar@@UEAAXKK@Z 0000000140007f70 f i Mainfrm.obj
 0001:00006fc0       ?Enable@CToolCmdUI@@UEAAXH@Z 0000000140007fc0 f i Mainfrm.obj
 0001:00007040       ?SetButtonStyle@CToolBar@@QEAAXHI@Z 0000000140008040 f i Mainfrm.obj
 0001:000070c0       ?SetCheck@CToolCmdUI@@UEAAXH@Z 00000001400080c0 f i Mainfrm.obj
 0001:00007150       ?OnUpdateCmdUI@CToolBar@@UEAAXPEAVCFrameWnd@@H@Z 0000000140008150 f i Mainfrm.obj
 0001:000072e0       ?WrapToolBar@CToolBar@@QEAAHPEAU_TBBUTTON@@HH@Z 00000001400082e0 f i Mainfrm.obj
 0001:00007400       ?SizeToolBar@CToolBar@@QEAAXPEAU_TBBUTTON@@HHH@Z 0000000140008400 f i Mainfrm.obj
 0001:000075d0       ?CalcSize@CToolBar@@QEAA?AVCSize@WTL@@PEAU_TBBUTTON@@H@Z 00000001400085d0 f i Mainfrm.obj
 0001:00007730       ?_SetButton@CToolBar@@QEAAXHPEAU_TBBUTTON@@@Z 0000000140008730 f i Mainfrm.obj
 0001:00007920       ?CalcDynamicLayout@CToolBar@@UEAA?AVCSize@WTL@@HK@Z 0000000140008920 f i Mainfrm.obj
 0001:00007980       ?CalcLayout@CToolBar@@QEAA?AVCSize@WTL@@KH@Z 0000000140008980 f i Mainfrm.obj
 0001:00007fe0       ?CalcFixedLayout@CToolBar@@UEAA?AVCSize@WTL@@HH@Z 0000000140008fe0 f i Mainfrm.obj
 0001:00008020       ?Create@CToolBar@@UEAAHPEAVCWnd@@KI@Z 0000000140009020 f i Mainfrm.obj
 0001:00008070       ?_AfxGetDropDownWidth@CToolBar@@SAHXZ 0000000140009070 f i Mainfrm.obj
 0001:00008170       ?SetSizes@CToolBar@@QEAAXUtagSIZE@@0@Z 0000000140009170 f i Mainfrm.obj
 0001:00008210       ?CreateEx@CToolBar@@UEAAHPEAVCWnd@@KKVCRect@WTL@@I@Z 0000000140009210 f i Mainfrm.obj
 0001:00008350       ??0CToolBar@@QEAA@XZ       0000000140009350 f i Mainfrm.obj
 0001:000083e0       ??1CStatusBar@@UEAA@XZ     00000001400093e0 f i Mainfrm.obj
 0001:000083f0       ??0_AUX_DATA@@QEAA@XZ      00000001400093f0 f i Mainfrm.obj
 0001:00008500       ??0CControlBar@@QEAA@XZ    0000000140009500 f i Mainfrm.obj
 0001:000085c0       ?OnGetText@CStatusBar@@QEAAHHPEA_W@Z 00000001400095c0 f i Mainfrm.obj
 0001:00008650       ?OnNcCalcSize@CStatusBar@@QEAAXHPEAUtagNCCALCSIZE_PARAMS@@@Z 0000000140009650 f i Mainfrm.obj
 0001:00008710       ??_GCWindowDCMTL@@UEAAPEAXI@Z 0000000140009710 f i Mainfrm.obj
 0001:00008710       ??_ECWindowDCMTL@@UEAAPEAXI@Z 0000000140009710 f i * CIL library *:* CIL module *
 0001:00008740       ??1CWindowDCMTL@@UEAA@XZ   0000000140009740 f i Mainfrm.obj
 0001:000087c0       ?DrawBorders@CControlBar@@QEAAXPEAVCDCMTL@@AEAVCRect@WTL@@@Z 00000001400097c0 f i Mainfrm.obj
 0001:00008bd0       ?FillSolidRect@?$CDCT@$00@WTL@@QEAAXHHHHK@Z 0000000140009bd0 f i Mainfrm.obj
 0001:00008c60       ?Draw3dRect@?$CDCT@$00@WTL@@QEAAXHHHHKK@Z 0000000140009c60 f i Mainfrm.obj
 0001:00008e50       ?DrawNonThemedGripper@CControlBar@@QEAAHPEAVCDCMTL@@AEBVCRect@WTL@@@Z 0000000140009e50 f i Mainfrm.obj
 0001:00008f10       ?EraseNonClient@CControlBar@@QEAAXXZ 0000000140009f10 f i Mainfrm.obj
 0001:00009150       ?OnSetText@CStatusBar@@QEAAHPEB_W@Z 000000014000a150 f i Mainfrm.obj
 0001:00009260       ?OnSetMinHeight@CStatusBar@@QEAA_J_K_J@Z 000000014000a260 f i Mainfrm.obj
 0001:000092a0       ?_ProcessWindowMessage@CStatusBar@@UEAAHPEAUHWND__@@I_K_JAEA_J@Z 000000014000a2a0 f i Mainfrm.obj
 0001:000094c0       ?OnCreate@CControlBar@@QEAAHPEAUtagCREATESTRUCTW@@@Z 000000014000a4c0 f i Mainfrm.obj
 0001:000095a0       ?OnDestroy@CControlBar@@QEAAXXZ 000000014000a5a0 f i Mainfrm.obj
 0001:00009620       ?OnLButtonDown@CControlBar@@QEAAXIVCPoint@WTL@@@Z 000000014000a620 f i Mainfrm.obj
 0001:000096a0       ?ReDockControlBar@CDockBar@@QEAAXPEAVCControlBar@@PEBUtagRECT@@@Z 000000014000a6a0 f i Mainfrm.obj
 0001:00009a80       ?ReDockControlBar@CFrameWnd@@QEAAXPEAVCControlBar@@PEAVCDockBar@@PEBUtagRECT@@@Z 000000014000aa80 f i Mainfrm.obj
 0001:00009bb0       ?ToggleDocking@CDockContext@@QEAAXXZ 000000014000abb0 f i Mainfrm.obj
 0001:00009d20       ?OnTimer@CControlBar@@QEAAX_K@Z 000000014000ad20 f i Mainfrm.obj
 0001:00009f20       ?RecalcDelayShow@CControlBar@@QEAAKPEAUAFX_SIZEPARENTPARAMS@@@Z 000000014000af20 f i Mainfrm.obj
 0001:00009ff0       ?OnSizeParent@CControlBar@@QEAA_J_K_J@Z 000000014000aff0 f i Mainfrm.obj
 0001:0000a170       ?OnIdleUpdateCmdUI@CControlBar@@QEAA_J_K_J@Z 000000014000b170 f i Mainfrm.obj
 0001:0000a280       ?OnInitialUpdate@CControlBar@@QEAAXXZ 000000014000b280 f i Mainfrm.obj
 0001:0000a290       ?_ProcessWindowMessage@CControlBar@@UEAAHPEAUHWND__@@I_K_JAEA_J@Z 000000014000b290 f i Mainfrm.obj
 0001:0000a410       ?WindowProc@CControlBar@@UEAA_JI_K_J@Z 000000014000b410 f i Mainfrm.obj
 0001:0000a560       ?RemoveControlBar@CFrameWnd@@QEAAXPEAVCControlBar@@@Z 000000014000b560 f i Mainfrm.obj
 0001:0000a5e0       ?GetCapture@CWnd@@SAPEAV1@XZ 000000014000b5e0 f i Mainfrm.obj
 0001:0000a760       ?CreateEx@CMiniFrameWnd@@UEAAHKPEB_W0KAEBUtagRECT@@PEAVCWnd@@I@Z 000000014000b760 f i Mainfrm.obj
 0001:0000a870       ?Create@CDockBar@@QEAAHPEAVCWnd@@KI@Z 000000014000b870 f i Mainfrm.obj
 0001:0000a940       ?Create@CMiniDockFrameWnd@@QEAAHPEAVCWnd@@K@Z 000000014000b940 f i Mainfrm.obj
 0001:0000aba0       ?GetDlgItem@CWnd@@QEAAPEAV1@H@Z 000000014000bba0 f i Mainfrm.obj
 0001:0000ad20       ?GetParentOwner@CWnd@@QEAAPEAV1@XZ 000000014000bd20 f i Mainfrm.obj
 0001:0000af00       ?Create@CToolTipCtrlMTL@@QEAAHPEAVCWnd@@K@Z 000000014000bf00 f i Mainfrm.obj
 0001:0000afa0       ??_ECToolTipCtrlMTL@@UEAAPEAXI@Z 000000014000bfa0 f i * CIL library *:* CIL module *
 0001:0000afa0       ??_GCToolTipCtrlMTL@@UEAAPEAXI@Z 000000014000bfa0 f i Mainfrm.obj
 0001:0000aff0       ?_AfxRelayToolTipMessage@CWnd@@SAXPEAVCToolTipCtrlMTL@@PEAUtagMSG@@@Z 000000014000bff0 f i Mainfrm.obj
 0001:0000b0a0       ?CancelToolTips@CWnd@@QEAAXH@Z 000000014000c0a0 f i Mainfrm.obj
 0001:0000b120       ?FilterToolTipMessage@CWnd@@QEAAXPEAUtagMSG@@@Z 000000014000c120 f i Mainfrm.obj
 0001:0000b8e0       ?_FilterToolTipMessage@CWnd@@SAXPEAUtagMSG@@PEAV1@@Z 000000014000c8e0 f i Mainfrm.obj
 0001:0000b8f0       ?_EnableToolTips@CWnd@@QEAAHHI@Z 000000014000c8f0 f i Mainfrm.obj
 0001:0000ba40       ?InsertAt@?$CArray@PEAXAEBQEAX@@QEAAX_JAEBQEAX0@Z 000000014000ca40 f i Mainfrm.obj
 0001:0000bad0       ?Insert@CDockBar@@QEAAHPEAVCControlBar@@VCRect@WTL@@VCPoint@4@@Z 000000014000cad0 f i Mainfrm.obj
 0001:0000be40       ?SetSize@?$CArray@PEAXAEBQEAX@@QEAAX_J0@Z 000000014000ce40 f i Mainfrm.obj
 0001:0000bf90       ?SetParent@CWnd@@QEAAPEAV1@PEAV1@@Z 000000014000cf90 f i Mainfrm.obj
 0001:0000c120       ?DockControlBar@CDockBar@@QEAAXPEAVCControlBar@@PEBUtagRECT@@@Z 000000014000d120 f i Mainfrm.obj
 0001:0000c450       ?FloatControlBar@CFrameWnd@@QEAAXPEAVCControlBar@@VCPoint@WTL@@K@Z 000000014000d450 f i Mainfrm.obj
 0001:0000c630       ?RemoveAt@?$CArray@PEAXAEBQEAX@@QEAAX_J0@Z 000000014000d630 f i Mainfrm.obj
 0001:0000c670       ?RemovePlaceHolder@CDockBar@@QEAAXPEAVCControlBar@@@Z 000000014000d670 f i Mainfrm.obj
 0001:0000c750       ?RemoveControlBar@CDockBar@@QEAAHPEAVCControlBar@@HH@Z 000000014000d750 f i Mainfrm.obj
 0001:0000c990       ??1CControlBar@@UEAA@XZ    000000014000d990 f i Mainfrm.obj
 0001:0000ca40       ?PostNcDestroy@CControlBar@@UEAAXXZ 000000014000da40 f i Mainfrm.obj
 0001:0000ca60       ?PreTranslateMessage@CControlBar@@UEAAHPEAUtagMSG@@@Z 000000014000da60 f i Mainfrm.obj
 0001:0000cd40       ?PreCreateWindow@CControlBar@@UEAAHAEAUtagCREATESTRUCTW@@@Z 000000014000dd40 f i Mainfrm.obj
 0001:0000cdf0       ?PreCreateWindow@CStatusBar@@UEAAHAEAUtagCREATESTRUCTW@@@Z 000000014000ddf0 f i Mainfrm.obj
 0001:0000ce20       ?OnBarStyleChange@CStatusBar@@UEAAXKK@Z 000000014000de20 f i Mainfrm.obj
 0001:0000ce60       ?Enable@CStatusCmdUI@@UEAAXH@Z 000000014000de60 f i Mainfrm.obj
 0001:0000cea0       ??1?$CArray@PEAXAEBQEAX@@QEAA@XZ 000000014000dea0 f i Propsht.obj
 0001:0000cea0       ??1?$CArray@HAEBH@@QEAA@XZ 000000014000dea0 f i Mainfrm.obj
 0001:0000cee0       ?SetSize@?$CArray@HAEBH@@QEAAX_J0@Z 000000014000dee0 f i Mainfrm.obj
 0001:0000cee0       ?SetSize@?$CArray@W4LoadArrayObjType@CArchive@@AEBW412@@@QEAAX_J0@Z 000000014000dee0 f i Shapedoc.obj
 0001:0000d030       ?UpdateAllPanes@CStatusBar@@QEAAXHH@Z 000000014000e030 f i Mainfrm.obj
 0001:0000d3e0       ?SetPaneStyle@CStatusBar@@QEAAXHI@Z 000000014000e3e0 f i Mainfrm.obj
 0001:0000d4f0       ?SetCheck@CStatusCmdUI@@UEAAXH@Z 000000014000e4f0 f i Mainfrm.obj
 0001:0000d520       ?SetPaneText@CStatusBar@@QEAAHHPEB_WH@Z 000000014000e520 f i Mainfrm.obj
 0001:0000d610       ?SetText@CStatusCmdUI@@UEAAXPEB_W@Z 000000014000e610 f i Mainfrm.obj
 0001:0000d630       ?UpdateDialogControls@CWnd@@QEAAXPEAVCCmdTarget@@H@Z 000000014000e630 f i Mainfrm.obj
 0001:0000d930       ?OnUpdateCmdUI@CStatusBar@@UEAAXPEAVCFrameWnd@@H@Z 000000014000e930 f i Mainfrm.obj
 0001:0000da70       ?CalcFixedLayout@CControlBar@@UEAA?AVCSize@WTL@@HH@Z 000000014000ea70 f i Mainfrm.obj
 0001:0000dab0       ?CalcDynamicLayout@CControlBar@@UEAA?AVCSize@WTL@@HK@Z 000000014000eab0 f i Mainfrm.obj
 0001:0000dae0       ??_ECClientDCMTL@@UEAAPEAXI@Z 000000014000eae0 f i * CIL library *:* CIL module *
 0001:0000dae0       ??_GCClientDCMTL@@UEAAPEAXI@Z 000000014000eae0 f i Mainfrm.obj
 0001:0000db10       ??1CClientDCMTL@@UEAA@XZ   000000014000eb10 f i Mainfrm.obj
 0001:0000db90       ?CalcInsideRect@CControlBar@@QEBAXAEAVCRect@WTL@@H@Z 000000014000eb90 f i Mainfrm.obj
 0001:0000dc50       ?CalcFixedLayout@CStatusBar@@UEAA?AVCSize@WTL@@HH@Z 000000014000ec50 f i Mainfrm.obj
 0001:0000de60       ?ResetTimer@CControlBar@@QEAAX_KI@Z 000000014000ee60 f i Mainfrm.obj
 0001:0000dec0       ?SetStatusText@CControlBar@@UEAAH_J@Z 000000014000eec0 f i Mainfrm.obj
 0001:0000dfe0       ?Create@CStatusBar@@UEAAHPEAVCWnd@@KI@Z 000000014000efe0 f i Mainfrm.obj
 0001:0000e000       ?CreateEx@CStatusBar@@UEAAHPEAVCWnd@@KKI@Z 000000014000f000 f i Mainfrm.obj
 0001:0000e0f0       ??1CMDIFrameWnd@@UEAA@XZ   000000014000f0f0 f i Mainfrm.obj
 0001:0000e100       ?AddFrameWnd@CFrameWnd@@QEAAXXZ 000000014000f100 f i Mainfrm.obj
 0001:0000e190       ??0CFrameWnd@@QEAA@XZ      000000014000f190 f i Mainfrm.obj
 0001:0000e280       ?OnCmdMsg@CMDIFrameWnd@@UEAAHIHPEAXPEAUAFX_CMDHANDLERINFO@@@Z 000000014000f280 f i Mainfrm.obj
 0001:0000e310       ??_ECMDIChildWnd@@UEAAPEAXI@Z 000000014000f310 f i * CIL library *:* CIL module *
 0001:0000e310       ??_GCMDIFrameWnd@@UEAAPEAXI@Z 000000014000f310 f i Mainfrm.obj
 0001:0000e310       ??_GCMDIChildWnd@@UEAAPEAXI@Z 000000014000f310 f i Stdafx.obj
 0001:0000e310       ??_ECFrameWnd@@UEAAPEAXI@Z 000000014000f310 f i * CIL library *:* CIL module *
 0001:0000e310       ??_ECMDIFrameWnd@@UEAAPEAXI@Z 000000014000f310 f i * CIL library *:* CIL module *
 0001:0000e310       ??_GCFrameWnd@@UEAAPEAXI@Z 000000014000f310 f i Mainfrm.obj
 0001:0000e340       ?PreTranslateMessage@CMDIFrameWnd@@UEAAHPEAUtagMSG@@@Z 000000014000f340 f i Mainfrm.obj
 0001:0000e400       ?DefWindowProcW@CMDIFrameWnd@@UEAA_JI_K_J@Z 000000014000f400 f i Mainfrm.obj
 0001:0000e430       ?OnCommand@CMDIFrameWnd@@UEAAH_K_J@Z 000000014000f430 f i Mainfrm.obj
 0001:0000e4d0       ?PreCreateWindow@CMDIFrameWnd@@UEAAHAEAUtagCREATESTRUCTW@@@Z 000000014000f4d0 f i Mainfrm.obj
 0001:0000e500       ?OnCreateClient@CMDIFrameWnd@@UEAAHPEAUtagCREATESTRUCTW@@PEAUCCreateContext@@@Z 000000014000f500 f i Mainfrm.obj
 0001:0000e590       ?GetActiveFrame@CMDIFrameWnd@@UEAAPEAVCFrameWnd@@XZ 000000014000f590 f i Mainfrm.obj
 0001:0000e5b0       ?LoadFrame@CMDIFrameWnd@@UEAAHIKPEAVCWnd@@PEAUCCreateContext@@@Z 000000014000f5b0 f i Mainfrm.obj
 0001:0000e5f0       ?CreateClient@CMDIFrameWnd@@UEAAHPEAUtagCREATESTRUCTW@@PEAVCMenuMTL@@@Z 000000014000f5f0 f i Mainfrm.obj
 0001:0000e730       ?DelayUpdateFrameMenu@CMDIFrameWnd@@UEAAXPEAUHMENU__@@@Z 000000014000f730 f i Mainfrm.obj
 0001:0000e750       ?GetWindowMenuPopup@CMDIFrameWnd@@UEAAPEAUHMENU__@@PEAU2@@Z 000000014000f750 f i Mainfrm.obj
 0001:0000e810       ?OnIdleUpdateCmdUI@CMDIFrameWnd@@QEAAXXZ 000000014000f810 f i Mainfrm.obj
 0001:0000e840       ?AfxRegisterWndClass@CAfx@@SAPEB_WIPEAUHICON__@@PEAUHBRUSH__@@0@Z 000000014000f840 f i Mainfrm.obj
 0001:0000e9d0       ?GetIconWndClass@CFrameWnd@@QEAAPEB_WKI@Z 000000014000f9d0 f i Mainfrm.obj
 0001:0000ea90       ?OnCmdMsg@CFrameWnd@@UEAAHIHPEAXPEAUAFX_CMDHANDLERINFO@@@Z 000000014000fa90 f i Mainfrm.obj
 0001:0000eb40       ?PreTranslateMessage@CFrameWnd@@UEAAHPEAUtagMSG@@@Z 000000014000fb40 f i Mainfrm.obj
 0001:0000ebc0       ?PreCreateWindow@CFrameWnd@@UEAAHAEAUtagCREATESTRUCTW@@@Z 000000014000fbc0 f i Mainfrm.obj
 0001:0000ebc0       ?PreCreateWindow@CMDIChildWnd@@UEAAHAEAUtagCREATESTRUCTW@@@Z 000000014000fbc0 f i Stdafx.obj
 0001:0000ec10       ?AfxIsDescendant@CFrameWnd@@SAHPEAUHWND__@@0@Z 000000014000fc10 f i Mainfrm.obj
 0001:0000ed10       ?ShowOwnedWindows@CFrameWnd@@QEAAXH@Z 000000014000fd10 f i Mainfrm.obj
 0001:0000ef50       ?OnSetPreviewMode@CFrameWnd@@UEAAXHPEAUCPrintPreviewState@@@Z 000000014000ff50 f i Mainfrm.obj
 0001:0000f210       ?GetActiveFrame@CFrameWnd@@UEAAPEAV1@XZ 0000000140010210 f i Mainfrm.obj
 0001:0000f220       ?GetDefaultAccelerator@CFrameWnd@@UEAAPEAUHACCEL__@@XZ 0000000140010220 f i Mainfrm.obj
 0001:0000f260       ?RemoveFrameWnd@CFrameWnd@@QEAAXXZ 0000000140010260 f i Mainfrm.obj
 0001:0000f2f0       ??1CFrameWnd@@UEAA@XZ      00000001400102f0 f i Mainfrm.obj
 0001:0000f380       ?PostNcDestroy@_AFX_MOUSEANCHORWND@@UEAAXXZ 0000000140010380 f i Stdafx.obj
 0001:0000f380       ?PostNcDestroy@CView@@UEAAXXZ 0000000140010380 f i Shapesvw.obj
 0001:0000f380       ?PostNcDestroy@CFrameWnd@@UEAAXXZ 0000000140010380 f i Mainfrm.obj
 0001:0000f380       ?PostNcDestroy@CModelessShapePropSheet@@UEAAXXZ 0000000140010380 f i Propsht2.obj
 0001:0000f3a0       ?Create@CFrameWnd@@UEAAHPEB_W0KAEBUtagRECT@@PEAVCWnd@@0KPEAUCCreateContext@@@Z 00000001400103a0 f i Mainfrm.obj
 0001:0000f4e0       ?LoadFrame@CFrameWnd@@UEAAHIKPEAVCWnd@@PEAUCCreateContext@@@Z 00000001400104e0 f i Mainfrm.obj
 0001:0000f6c0       ?GetForegroundWindow@CWnd@@SAPEAV1@XZ 00000001400106c0 f i Mainfrm.obj
 0001:0000f840       ?GetLastActivePopup@CWnd@@QEAAPEAV1@XZ 0000000140010840 f i Mainfrm.obj
 0001:0000f9c0       ?OnWindowNew@CMDIFrameWnd@@QEAAXXZ 00000001400109c0 f i Mainfrm.obj
 0001:0000fa80       ?MDIGetActive@CMDIFrameWnd@@QEBAPEAVCMDIChildWnd@@PEAH@Z 0000000140010a80 f i Mainfrm.obj
 0001:0000fc60       ?OnUpdateMDIWindowCmd@CMDIFrameWnd@@QEAAXPEAVCCmdUI@@@Z 0000000140010c60 f i Mainfrm.obj
 0001:0000fca0       ?OnMDIWindowCmd@CMDIFrameWnd@@QEAAHI@Z 0000000140010ca0 f i Mainfrm.obj
 0001:0000fd00       ?CanCloseFrame@CDocument@@QEAAHPEAVCFrameWnd@@@Z 0000000140010d00 f i Mainfrm.obj
 0001:0000fdb0       ?SaveAllModified@CDocManager@@QEAAHXZ 0000000140010db0 f i Mainfrm.obj
 0001:0000fe40       ?CloseAllDocuments@CDocTemplate@@QEAAXH@Z 0000000140010e40 f i Mainfrm.obj
 0001:0000ff50       ??1CDocument@@QEAA@XZ      0000000140010f50 f i Mainfrm.obj
 0001:00010040       ?OnCloseDocument@CDocument@@QEAAXXZ 0000000140011040 f i Mainfrm.obj
 0001:00010120       ?OnClose@CFrameWnd@@QEAAXXZ 0000000140011120 f i Mainfrm.obj
 0001:000102f0       ?CreateView@CFrameWnd@@QEAAPEAVCWnd@@PEAUCCreateContext@@I@Z 00000001400112f0 f i Mainfrm.obj
 0001:00010400       ?OnCreateClient@CFrameWnd@@UEAAHPEAUtagCREATESTRUCTW@@PEAUCCreateContext@@@Z 0000000140011400 f i Mainfrm.obj
 0001:00010430       ?OnCreateHelper@CFrameWnd@@QEAAHPEAUtagCREATESTRUCTW@@PEAUCCreateContext@@@Z 0000000140011430 f i Mainfrm.obj
 0001:000104d0       ?EnsureParentFrame@CWnd@@QEAAPEAVCFrameWnd@@XZ 00000001400114d0 f i Mainfrm.obj
 0001:000104d0       ?GetParentFrame@CWnd@@QEAAPEAVCFrameWnd@@XZ 00000001400114d0 f i Mainfrm.obj
 0001:00010530       ?DestroyWindow@CControlBar@@UEAAHXZ 0000000140011530 f i Mainfrm.obj
 0001:000105a0       ?DestroyDockBars@CFrameWnd@@QEAAXXZ 00000001400115a0 f i Mainfrm.obj
 0001:000108e0       ?OnDestroy@CFrameWnd@@QEAAXXZ 00000001400118e0 f i Mainfrm.obj
 0001:00010970       ?SetActiveWindow@CWnd@@QEAAPEAV1@XZ 0000000140011970 f i Mainfrm.obj
 0001:00010af0       ?ActivateFrame@CFrameWnd@@UEAAXH@Z 0000000140011af0 f i Mainfrm.obj
 0001:00010ba0       ?ShowAppMessageBox@CWinApp@@SAHPEAV1@PEB_WII@Z 0000000140011ba0 f i Mainfrm.obj
 0001:00010cf0       ?AfxMessageBox@@YAHIII@Z   0000000140011cf0 f i Mainfrm.obj
 0001:00010d60       ?OnDropFiles@CFrameWnd@@QEAAXPEAUHDROP__@@@Z 0000000140011d60 f i Mainfrm.obj
 0001:00010df0       ?GetOwner@CWnd@@QEAAPEAV1@XZ 0000000140011df0 f i Mainfrm.obj
 0001:00010f80       ?GetTopLevelParent@CWnd@@QEAAPEAV1@XZ 0000000140011f80 f i Mainfrm.obj
 0001:000111c0       ?OnIdle@CCmdUI@@QEAAHPEAVCCmdTarget@@H@Z 00000001400121c0 f i Mainfrm.obj
 0001:00011280       ?OnInitMenuPopup@CFrameWnd@@QEAAXPEAVCMenuMTL@@IH@Z 0000000140012280 f i Mainfrm.obj
 0001:00011510       ?GetTopLevelFrame@CWnd@@QEAAPEAVCFrameWnd@@XZ 0000000140012510 f i Mainfrm.obj
 0001:000115e0       ?SetMenuBarState@CFrameWnd@@QEAAHK@Z 00000001400125e0 f i Mainfrm.obj
 0001:00011640       ?OnMenuSelect@CFrameWnd@@QEAAXIIPEAUHMENU__@@@Z 0000000140012640 f i Mainfrm.obj
 0001:000117f0       ?OnSize@CFrameWnd@@QEAAXIHH@Z 00000001400127f0 f i Mainfrm.obj
 0001:00011840       ?OnPopMessageString@CFrameWnd@@QEAA_J_K_J@Z 0000000140012840 f i Mainfrm.obj
 0001:00011860       ?GetDescendantWindow@CWnd@@QEAAPEAV1@PEAUHWND__@@HH@Z 0000000140012860 f i Mainfrm.obj
 0001:00011a90       ?OnSetMessageString@CFrameWnd@@QEAA_J_K_J@Z 0000000140012a90 f i Mainfrm.obj
 0001:00011c10       ?OnUpdateFrameMenu@CFrameWnd@@UEAAXPEAUHMENU__@@@Z 0000000140012c10 f i Mainfrm.obj
 0001:00011c40       ?UpdateFrameTitleForDocument@CFrameWnd@@QEAAXPEB_W@Z 0000000140012c40 f i Mainfrm.obj
 0001:000120f0       ?OnUpdateFrameTitle@CFrameWnd@@UEAAXH@Z 00000001400130f0 f i Mainfrm.obj
 0001:000121c0       ?OnIdleUpdateCmdUI@CFrameWnd@@QEAAXXZ 00000001400131c0 f i Mainfrm.obj
 0001:00012260       ?OnUpdateControlBarMenu@CFrameWnd@@QEAAXPEAVCCmdUI@@@Z 0000000140013260 f i Mainfrm.obj
 0001:000122b0       ?GetControlBar@CFrameWnd@@QEAAPEAVCControlBar@@I@Z 00000001400132b0 f i Mainfrm.obj
 0001:00012320       ?GetDockingFrame@CControlBar@@QEAAPEAVCFrameWnd@@XZ 0000000140013320 f i Mainfrm.obj
 0001:00012390       ?IsVisible@CControlBar@@UEBAHXZ 0000000140013390 f i Mainfrm.obj
 0001:000123d0       ?AfxRepositionWindow@CAfx@@SAXPEAUAFX_SIZEPARENTPARAMS@@PEAUHWND__@@PEBUtagRECT@@@Z 00000001400133d0 f i Mainfrm.obj
 0001:000124d0       ?RepositionBars@CWnd@@QEAAXIIIIPEAUtagRECT@@PEBU2@H@Z 00000001400134d0 f i Mainfrm.obj
 0001:000127f0       ?RecalcLayout@CFrameWnd@@UEAAXH@Z 00000001400137f0 f i Mainfrm.obj
 0001:00012920       ?ShowControlBar@CFrameWnd@@QEAAXPEAVCControlBar@@HH@Z 0000000140013920 f i Mainfrm.obj
 0001:00012b60       ?OnBarCheck@CFrameWnd@@QEAAHI@Z 0000000140013b60 f i Mainfrm.obj
 0001:00012bb0       ?_AtlGetStringResourceImage@CAfx@@SAPEBUATLSTRINGRESOURCEIMAGE@ATL@@PEAUHINSTANCE__@@PEAUHRSRC__@@I@Z 0000000140013bb0 f i Mainfrm.obj
 0001:00012c50       ?AfxLoadString@CAfx@@SAHIPEA_WI@Z 0000000140013c50 f i Mainfrm.obj
 0001:00012d00       ?Empty@CString@WTL@@QEAAXXZ 0000000140013d00 f i Mainfrm.obj
 0001:00012d80       ?AfxExtractSubString@CAfx@@SAHAEAVCString@WTL@@PEB_WH_W@Z 0000000140013d80 f i Mainfrm.obj
 0001:00012e90       ?OnToolTipText@CFrameWnd@@QEAAHIPEAUtagNMHDR@@PEA_J@Z 0000000140013e90 f i Mainfrm.obj
 0001:00013170       ?OnUpdateKeyIndicator@CFrameWnd@@QEAAXPEAVCCmdUI@@@Z 0000000140014170 f i Mainfrm.obj
 0001:000131e0       ?_ProcessWindowMessage@CFrameWnd@@UEAAHPEAUHWND__@@I_K_JAEA_J@Z 00000001400141e0 f i Mainfrm.obj
 0001:00013a00       ?_ProcessWindowMessage@CMDIFrameWnd@@UEAAHPEAUHWND__@@I_K_JAEA_J@Z 0000000140014a00 f i Mainfrm.obj
 0001:00013d50       ?_ProcessWindowMessage@CShapePropSheetFrame@@UEAAHPEAUHWND__@@I_K_JAEA_J@Z 0000000140014d50 f i Minifrm.obj
 0001:00014130       ??_GCMiniFrameWnd@@UEAAPEAXI@Z 0000000140015130 f i Minifrm.obj
 0001:00014130       ??_ECShapePropSheetFrame@@UEAAPEAXI@Z 0000000140015130 f i * CIL library *:* CIL module *
 0001:00014130       ??_ECMiniFrameWnd@@UEAAPEAXI@Z 0000000140015130 f i * CIL library *:* CIL module *
 0001:00014130       ??_GCShapePropSheetFrame@@UEAAPEAXI@Z 0000000140015130 f i Minifrm.obj
 0001:00014160       ?OnCreate@CShapePropSheetFrame@@IEAAHPEAUtagCREATESTRUCTW@@@Z 0000000140015160 f   Minifrm.obj
 0001:000142b0       ??1CMiniFrameWnd@@UEAA@XZ  00000001400152b0 f i Minifrm.obj
 0001:00014320       ?PreCreateWindow@CMiniFrameWnd@@UEAAHAEAUtagCREATESTRUCTW@@@Z 0000000140015320 f i Minifrm.obj
 0001:00014390       ?Create@CMiniFrameWnd@@UEAAHPEB_W0KAEBUtagRECT@@PEAVCWnd@@I@Z 0000000140015390 f i Minifrm.obj
 0001:000143d0       ?OnNcCreate@CMiniFrameWnd@@QEAAHPEAUtagCREATESTRUCTW@@@Z 00000001400153d0 f i Minifrm.obj
 0001:000144b0       ?OnNcHitTest@CMiniFrameWnd@@QEAA_JVCPoint@WTL@@@Z 00000001400154b0 f i Minifrm.obj
 0001:00014620       ?OnGetMinMaxInfo@CMiniFrameWnd@@QEAAXPEAUtagMINMAXINFO@@@Z 0000000140015620 f i Minifrm.obj
 0001:000146b0       ?HandleFloatingSysCommand@CWnd@@QEAAHI_J@Z 00000001400156b0 f i Minifrm.obj
 0001:000147c0       ?OnSysCommand@CMiniFrameWnd@@QEAAXI_J@Z 00000001400157c0 f i Minifrm.obj
 0001:00014870       ?OnFloatStatus@CMiniFrameWnd@@QEAA_J_K_J@Z 0000000140015870 f i Minifrm.obj
 0001:000149b0       ?OnQueryCenterWnd@CMiniFrameWnd@@QEAA_J_K_J@Z 00000001400159b0 f i Minifrm.obj
 0001:000149f0       ?_ProcessWindowMessage@CMiniFrameWnd@@UEAAHPEAUHWND__@@I_K_JAEA_J@Z 00000001400159f0 f i Minifrm.obj
 0001:00014b80       ?_ProcessWindowMessage@CShapePreviewWnd@@UEAAHPEAUHWND__@@I_K_JAEA_J@Z 0000000140015b80 f i Preview.obj
 0001:00014c70       ?OnPaint@CShapePreviewWnd@@AEAAXXZ 0000000140015c70 f   Preview.obj
 0001:00014db0       ?OnEraseBkgnd@CShapePreviewWnd@@AEAAHPEAVCDCMTL@@@Z 0000000140015db0 f   Preview.obj
 0001:00014f10       ??_GCBrushMTL@@UEAAPEAXI@Z 0000000140015f10 f i Preview.obj
 0001:00014f10       ??_GCBitmapMTL@@UEAAPEAXI@Z 0000000140015f10 f i Stdafx.obj
 0001:00014f10       ??_GCPenMTL@@UEAAPEAXI@Z   0000000140015f10 f i Shapeobj.obj
 0001:00014f10       ??_ECBrushMTL@@UEAAPEAXI@Z 0000000140015f10 f i * CIL library *:* CIL module *
 0001:00014f10       ??_ECRgnMTL@@UEAAPEAXI@Z   0000000140015f10 f i * CIL library *:* CIL module *
 0001:00014f10       ??_GCRgnMTL@@UEAAPEAXI@Z   0000000140015f10 f i Stdafx.obj
 0001:00014f10       ??_ECPenMTL@@UEAAPEAXI@Z   0000000140015f10 f i * CIL library *:* CIL module *
 0001:00014f10       ??_ECBitmapMTL@@UEAAPEAXI@Z 0000000140015f10 f i * CIL library *:* CIL module *
 0001:00014fa0       ??1?$CPenT@$00@WTL@@QEAA@XZ 0000000140015fa0 f i Shapeobj.obj
 0001:00014fa0       ??1?$CBitmapT@$00@WTL@@QEAA@XZ 0000000140015fa0 f i Stdafx.obj
 0001:00014fa0       ??1?$CRgnT@$00@WTL@@QEAA@XZ 0000000140015fa0 f i Stdafx.obj
 0001:00014fa0       ??1?$CBrushT@$00@WTL@@QEAA@XZ 0000000140015fa0 f i Preview.obj
 0001:00014fd0       ??1CRgnMTL@@UEAA@XZ        0000000140015fd0 f i Stdafx.obj
 0001:00014fd0       ??1CBrushMTL@@UEAA@XZ      0000000140015fd0 f i Preview.obj
 0001:00014fd0       ??1CPenMTL@@UEAA@XZ        0000000140015fd0 f i Shapeobj.obj
 0001:00015040       ?classHandleFuncCBrushMTL@CBrushMTL@@SAPEAXPEAX0@Z 0000000140016040 f i Preview.obj
 0001:000150a0       ?FromHandle@?$CHandleList@PEAXVCGdiObject@@PEAUHWND__@@@@QEAAPEAVCGdiObject@@QEAXPEAV2@QEAUHWND__@@Q6APEAXPEAX3@Z@Z 00000001400160a0 f i Preview.obj
 0001:00015180       ??1CPaintDCMTL@@UEAA@XZ    0000000140016180 f i Preview.obj
 0001:00015200       ??_GCPaintDCMTL@@UEAAPEAXI@Z 0000000140016200 f i Preview.obj
 0001:00015200       ??_ECPaintDCMTL@@UEAAPEAXI@Z 0000000140016200 f i * CIL library *:* CIL module *
 0001:00015230       ?_ProcessWindowMessage@CPropDlgApp@@UEAAHPEAUHWND__@@I_K_JAEA_J@Z 0000000140016230 f i Propdlg.obj
 0001:00015350       ?InitInstance@CPropDlgApp@@UEAAHXZ 0000000140016350 f   Propdlg.obj
 0001:000155b0       ?_ProcessWindowMessage@CAboutDlg@@UEAAHPEAUHWND__@@I_K_JAEA_J@Z 00000001400165b0 f i Propdlg.obj
 0001:000155b0       ?_ProcessWindowMessage@CCommonDialog@@UEAAHPEAUHWND__@@I_K_JAEA_J@Z 00000001400165b0 f i Propdlg.obj
 0001:000155c0       ?OnAppAbout@CPropDlgApp@@QEAAXXZ 00000001400165c0 f   Propdlg.obj
 0001:00015640       ??HWTL@@YA?AVCString@0@AEBV10@PEB_W@Z 0000000140016640 f i Propdlg.obj
 0001:000156c0       ?AfxDelRegTreeHelper@CAfx@@SAJPEAUHKEY__@@AEBVCString@WTL@@PEAVCAtlTransactionManager@ATL@@@Z 00000001400166c0 f i Propdlg.obj
 0001:00015920       ?Unregister@CWinApp@@QEAAHXZ 0000000140016920 f i Propdlg.obj
 0001:00015b90       ?ProcessShellCommand@CWinApp@@QEAAHAEAVCCommandLineInfo@@@Z 0000000140016b90 f i Propdlg.obj
 0001:00015d40       ?ParseParam@CCommandLineInfo@@UEAAXPEB_WHH@Z 0000000140016d40 f i Propdlg.obj
 0001:00015e10       ?EnableShellOpen@CWinApp@@QEAAXXZ 0000000140016e10 f i Propdlg.obj
 0001:00015f60       ?GetFirstDocTemplatePosition@CDocManager@@UEBAPEAU__POSITION@@XZ 0000000140016f60 f i Propdlg.obj
 0001:00015f70       ?GetNextDoc@CMultiDocTemplate@@UEBAPEAVCDocument@@AEAPEAU__POSITION@@@Z 0000000140016f70 f i Propdlg.obj
 0001:00015f70       ?GetNextDocTemplate@CDocManager@@UEBAPEAVCDocTemplate@@AEAPEAU__POSITION@@@Z 0000000140016f70 f i Propdlg.obj
 0001:00015f80       ?AddDocTemplate@CWinApp@@QEAAXPEAVCDocTemplate@@@Z 0000000140016f80 f i Propdlg.obj
 0001:00016040       ??0CDocTemplate@@QEAA@IPEAUCRuntimeClass@@00@Z 0000000140017040 f i Propdlg.obj
 0001:000160d0       ??1CDocTemplate@@QEAA@XZ   00000001400170d0 f i Propdlg.obj
 0001:00016100       ?AddDocument@CMultiDocTemplate@@UEAAXPEAVCDocument@@@Z 0000000140017100 f i Propdlg.obj
 0001:00016170       ?GetFirstDocPosition@CMultiDocTemplate@@UEBAPEAU__POSITION@@XZ 0000000140017170 f i Propdlg.obj
 0001:00016180       ?CreateNewDocument@CDocTemplate@@UEAAPEAVCDocument@@XZ 0000000140017180 f i Propdlg.obj
 0001:000161e0       ?OnCmdMsg@CDocTemplate@@UEAAHIHPEAXPEAUAFX_CMDHANDLERINFO@@@Z 00000001400171e0 f i Propdlg.obj
 0001:000161f0       ?CreateNewFrame@CDocTemplate@@UEAAPEAVCFrameWnd@@PEAVCDocument@@PEAV2@@Z 00000001400171f0 f i Propdlg.obj
 0001:000162a0       ??1CWaitCursor@@QEAA@XZ    00000001400172a0 f i Propdlg.obj
 0001:00016300       ?SetActiveView@CFrameWnd@@QEAAXPEAVCView@@H@Z 0000000140017300 f i Propdlg.obj
 0001:000163a0       ?InitialUpdateFrame@CFrameWnd@@QEAAXPEAVCDocument@@H@Z 00000001400173a0 f i Propdlg.obj
 0001:00016530       ?InitialUpdateFrame@CDocTemplate@@UEAAXPEAVCFrameWnd@@PEAVCDocument@@H@Z 0000000140017530 f i Propdlg.obj
 0001:00016550       ?OpenDocumentFile@CMultiDocTemplate@@UEAAPEAVCDocument@@PEB_WHH@Z 0000000140017550 f i Propdlg.obj
 0001:00016760       ?OpenDocumentFile@CMultiDocTemplate@@UEAAPEAVCDocument@@PEB_WH@Z 0000000140017760 f i Propdlg.obj
 0001:00016770       ?RemoveDocument@CMultiDocTemplate@@UEAAXPEAVCDocument@@@Z 0000000140017770 f i Propdlg.obj
 0001:000167f0       ??_ECMultiDocTemplate@@UEAAPEAXI@Z 00000001400177f0 f i * CIL library *:* CIL module *
 0001:000167f0       ??_GCMultiDocTemplate@@UEAAPEAXI@Z 00000001400177f0 f i Propdlg.obj
 0001:00016820       ??1CMultiDocTemplate@@UEAA@XZ 0000000140017820 f i Propdlg.obj
 0001:000168b0       ?UpdateFrameCounts@CDocument@@QEAAXXZ 00000001400178b0 f i Propdlg.obj
 0001:00016a70       ?SetDefaultTitle@CMultiDocTemplate@@UEAAXPEAVCDocument@@@Z 0000000140017a70 f i Propdlg.obj
 0001:00016d10       ?LoadTemplate@CMultiDocTemplate@@UEAAXXZ 0000000140017d10 f i Propdlg.obj
 0001:00016d80       ??0CRecentFileList@@QEAA@IPEB_W0HH@Z 0000000140017d80 f i Propdlg.obj
 0001:00016ea0       ??_ECRecentFileList@@UEAAPEAXI@Z 0000000140017ea0 f i * CIL library *:* CIL module *
 0001:00016ea0       ??_GCRecentFileList@@UEAAPEAXI@Z 0000000140017ea0 f i Propdlg.obj
 0001:00016ed0       ?Add@CRecentFileList@@UEAAXPEB_W@Z 0000000140017ed0 f i Propdlg.obj
 0001:000170a0       ?GetProfileStringW@CWinApp@@QEAA?AVCString@WTL@@PEB_W00@Z 00000001400180a0 f i Propdlg.obj
 0001:00017110       ?ReadList@CRecentFileList@@UEAAXXZ 0000000140018110 f i Propdlg.obj
 0001:00017270       ??1CRecentFileList@@UEAA@XZ 0000000140018270 f i Propdlg.obj
 0001:00017340       ??1CCommandLineInfo@@QEAA@XZ 0000000140018340 f i Propdlg.obj
 0001:00017400       ??1CWinApp@@QEAA@XZ        0000000140018400 f i Propdlg.obj
 0001:00017570       ??1CWinThread@@QEAA@XZ     0000000140018570 f i Propdlg.obj
 0001:00017590       ??0CModuleThreadState@@QEAA@XZ 0000000140018590 f i Propdlg.obj
 0001:00017680       ??1CModuleThreadState@@QEAA@XZ 0000000140018680 f i Propdlg.obj
 0001:000176d0       ?OnIdle@CWinApp@@UEAAHH@Z  00000001400186d0 f i Propdlg.obj
 0001:000178a0       ?WriteList@CRecentFileList@@UEAAXXZ 00000001400188a0 f i Propdlg.obj
 0001:00017980       ?ExitInstance@CWinApp@@UEAAHXZ 0000000140018980 f i Propdlg.obj
 0001:00017a00       ?Run@CWinApp@@UEAAHXZ      0000000140018a00 f i Propdlg.obj
 0001:00017ae0       ??0CWinApp@@QEAA@XZ        0000000140018ae0 f i Propdlg.obj
 0001:00017bb0       ?OnAppExit@CWinApp@@QEAAXXZ 0000000140018bb0 f i Propdlg.obj
 0001:00017bd0       ?GetMenuStringW@CMenuMTL@@QEBAHIAEAVCString@WTL@@I@Z 0000000140018bd0 f i Propdlg.obj
 0001:00017cf0       ?AfxGetFileTitle@CAfx@@SAIPEB_WPEA_WI@Z 0000000140018cf0 f i Propdlg.obj
 0001:00017d90       ?_AfxAbbreviateName@CAfx@@SAXPEA_WHH@Z 0000000140018d90 f i Propdlg.obj
 0001:00017ed0       ?GetDisplayName@CRecentFileList@@UEBAHAEAVCString@WTL@@HPEB_WHH@Z 0000000140018ed0 f i Propdlg.obj
 0001:000180e0       ??HWTL@@YA?AVCString@0@AEBV10@0@Z 00000001400190e0 f i Propdlg.obj
 0001:00018140       ?UpdateMenu@CRecentFileList@@UEAAXPEAVCCmdUI@@@Z 0000000140019140 f i Propdlg.obj
 0001:00018620       ?OnUpdateRecentFileMenu@CWinApp@@QEAAXPEAVCCmdUI@@@Z 0000000140019620 f i Propdlg.obj
 0001:00018650       ?Remove@CRecentFileList@@UEAAXH@Z 0000000140019650 f i Propdlg.obj
 0001:000187a0       ?OnOpenRecentFile@CWinApp@@QEAAHI@Z 00000001400197a0 f i Propdlg.obj
 0001:00018810       ?_ProcessWindowMessage@CWinApp@@UEAAHPEAUHWND__@@I_K_JAEA_J@Z 0000000140019810 f i Propdlg.obj
 0001:00018910       ?GetDriverName@CPrintDialogMTL@@QEBA?AVCString@WTL@@XZ 0000000140019910 f i Propdlg.obj
 0001:00018960       ?GetDeviceName@CPrintDialogMTL@@QEBA?AVCString@WTL@@XZ 0000000140019960 f i Propdlg.obj
 0001:000189b0       ?GetPortName@CPrintDialogMTL@@QEBA?AVCString@WTL@@XZ 00000001400199b0 f i Propdlg.obj
 0001:00018a00       ?HookProc@CCommonDialogImplBase@WTL@@SA_KPEAUHWND__@@I_K_J@Z 0000000140019a00 f i Propdlg.obj
 0001:00018ae0       ?_WindowProc@CCommonWnd@@UEAAHPEAUHWND__@@I_K_JAEA_J@Z 0000000140019ae0 f i Propdlg.obj
 0001:00018b50       ??_GCPrintDialog@WTL@@UEAAPEAXI@Z 0000000140019b50 f i Propdlg.obj
 0001:00018b50       ??_ECPrintDialog@WTL@@UEAAPEAXI@Z 0000000140019b50 f i * CIL library *:* CIL module *
 0001:00018b90       ?OnPrintSetup@?$CPrintDialogImpl@VCPrintDialog@WTL@@@WTL@@QEAA_JGGPEAUHWND__@@AEAH@Z 0000000140019b90 f i Propdlg.obj
 0001:00018c90       ?ProcessWindowMessage@?$CPrintDialogImpl@VCPrintDialog@WTL@@@WTL@@UEAAHPEAUHWND__@@I_K_JAEA_JK@Z 0000000140019c90 f i Propdlg.obj
 0001:00018ce0       ??_ECPrintDialogMTL@@UEAAPEAXI@Z 0000000140019ce0 f i * CIL library *:* CIL module *
 0001:00018ce0       ??_GCPrintDialogMTL@@UEAAPEAXI@Z 0000000140019ce0 f i Propdlg.obj
 0001:00018d1c       ??_ECPrintDialogMTL@@W7EAAPEAXI@Z 0000000140019d1c f i Propdlg.obj
 0001:00018d30       ?WindowProc@?$CWindowImplBaseT@VCWindow@ATL@@V?$CWinTraits@$0FGAAAAAA@$0A@@2@@ATL@@SA_JPEAUHWND__@@I_K_J@Z 0000000140019d30 f i Propdlg.obj
 0001:00018eb0       ?GetWindowProc@?$CWindowImplBaseT@VCWindow@ATL@@V?$CWinTraits@$0FGAAAAAA@$0A@@2@@ATL@@UEAAP6A_JPEAUHWND__@@I_K_J@ZXZ 0000000140019eb0 f i Propdlg.obj
 0001:00018ec0       ??1CPrintDialogMTL@@UEAA@XZ 0000000140019ec0 f i Propdlg.obj
 0001:00018ed0       ?UpdatePrinterSelection@CWinApp@@QEAAXH@Z 0000000140019ed0 f i Propdlg.obj
 0001:00019330       ?AfxGlobalFree@@YAXPEAX@Z  000000014001a330 f i Propdlg.obj
 0001:00019380       ?DoModal@?$CPrintDialogImpl@VCPrintDialog@WTL@@@WTL@@QEAA_JPEAUHWND__@@@Z 000000014001a380 f i Propdlg.obj
 0001:00019440       ?DoPrintDialog@CWinApp@@QEAA_JPEAVCPrintDialogMTL@@@Z 000000014001a440 f i Propdlg.obj
 0001:000195b0       ?OnFilePrintSetup@CWinApp@@QEAAXXZ 000000014001a5b0 f i Propdlg.obj
 0001:000196c0       ?_AfxCommDlgProc@CCommonDialog@@SA_KPEAUHWND__@@I_K_J@Z 000000014001a6c0 f i Propdlg.obj
 0001:00019a10       ??0CFileDialogMTL@@QEAA@HPEB_W0K0PEAVCWnd@@KH@Z 000000014001aa10 f i Propdlg.obj
 0001:00019cc0       ??_ECFileDialogMTL@@UEAAPEAXI@Z 000000014001acc0 f i * CIL library *:* CIL module *
 0001:00019cc0       ??_GCFileDialogMTL@@UEAAPEAXI@Z 000000014001acc0 f i Propdlg.obj
 0001:00019cf0       ?OnNotify@CFileDialogMTL@@UEAAH_K_JPEA_J@Z 000000014001acf0 f i Propdlg.obj
 0001:00019e90       ?OnOK@CCommonDialog@@UEAAXXZ 000000014001ae90 f i Propdlg.obj
 0001:00019f10       ?OnInitDone@CFileDialogMTL@@UEAAXXZ 000000014001af10 f i Propdlg.obj
 0001:00019f30       ??1CFileDialogMTL@@UEAA@XZ 000000014001af30 f i Propdlg.obj
 0001:00019fc0       ?Tokenize@CAfx@@SA?AVCString@WTL@@AEAV23@PEA_WAEAH@Z 000000014001afc0 f i Propdlg.obj
 0001:0001a090       ?Tokenize@@YA?AVCString@WTL@@AEAV12@PEA_WAEAH@Z 000000014001b090 f i Propdlg.obj
 0001:0001a0b0       ?AllocCopy@CString@WTL@@IEBAHAEAV12@HHH@Z 000000014001b0b0 f i Propdlg.obj
 0001:0001a170       ?Mid@CString@WTL@@QEBA?AV12@HH@Z 000000014001b170 f i Propdlg.obj
 0001:0001a1f0       ?Mid@CString@WTL@@QEBA?AV12@H@Z 000000014001b1f0 f i Propdlg.obj
 0001:0001a220       ?_AfxAppendFilterSuffix@@YAXAEAVCString@WTL@@AEAUtagOFNW@@PEAVCDocTemplate@@PEAV12@@Z 000000014001b220 f i Propdlg.obj
 0001:0001a460       ?ApplyOFNToShellDialog@CFileDialogMTL@@QEAAXXZ 000000014001b460 f i Propdlg.obj
 0001:0001abc0       ??4CString@WTL@@QEAAAEAV01@AEBV01@@Z 000000014001bbc0 f i Propdlg.obj
 0001:0001ac50       ?GetPathName@CFileDialogMTL@@QEAA?AVCString@WTL@@XZ 000000014001bc50 f i Propdlg.obj
 0001:0001af30       ?UpdateOFNFromShellDialog@CFileDialogMTL@@UEAAXXZ 000000014001bf30 f i Propdlg.obj
 0001:0001b4f0       ?DoModal@CFileDialogMTL@@UEAA_JXZ 000000014001c4f0 f i Propdlg.obj
 0001:0001b6d0       ?DoPromptFileName@CDocManager@@QEAAHAEAVCString@WTL@@IKHPEAVCDocTemplate@@@Z 000000014001c6d0 f i Propdlg.obj
 0001:0001bc30       ?_AfxFullPath2@CAfx@@SAHPEA_WPEB_WPEAVCFileException@@@Z 000000014001cc30 f i Propdlg.obj
 0001:0001be00       ?AfxStringFromCLSID@CAfx@@SA?AVCString@WTL@@AEBU_GUID@@@Z 000000014001ce00 f i Propdlg.obj
 0001:0001bef0       ?AfxStringFromCLSID@@YA?AVCString@WTL@@AEBU_GUID@@@Z 000000014001cef0 f i Propdlg.obj
 0001:0001bf10       ?AfxGetInProcServer@CAfx@@SAHPEB_WAEAVCString@WTL@@@Z 000000014001cf10 f i Propdlg.obj
 0001:0001c070       ?GetClassObject@AFX_COM@@QEAAJAEBU_GUID@@0PEAPEAX@Z 000000014001d070 f i Propdlg.obj
 0001:0001c180       ??0CString@WTL@@QEAA@PEB_W@Z 000000014001d180 f i Propdlg.obj
 0001:0001c240       ?AfxResolveShortcut@@YAHPEAVCWMHnd@@PEB_WPEA_WH@Z 000000014001d240 f i Propdlg.obj
 0001:0001c430       ?AfxComparePath@CAfx@@SAHPEB_W0@Z 000000014001d430 f i Propdlg.obj
 0001:0001c560       ?MatchDocType@CDocTemplate@@UEAA?AW4Confidence@1@PEB_WAEAPEAVCDocument@@@Z 000000014001d560 f i Propdlg.obj
 0001:0001c670       ?OpenDocumentFile@CDocManager@@QEAAPEAVCDocument@@PEB_WH@Z 000000014001d670 f i Propdlg.obj
 0001:0001c880       ?OpenDocumentFile@CWinApp@@UEAAPEAVCDocument@@PEB_W@Z 000000014001d880 f i Propdlg.obj
 0001:0001c890       ?OnFileOpen@CDocManager@@UEAAXXZ 000000014001d890 f i Propdlg.obj
 0001:0001c910       ?OnFileOpen@CWinApp@@UEAAXXZ 000000014001d910 f i Propdlg.obj
 0001:0001c920       ?_ProcessWindowMessage@CNewTypeDlg@@UEAAHPEAUHWND__@@I_K_JAEA_J@Z 000000014001d920 f i Propdlg.obj
 0001:0001c970       ?GetDocString@CDocTemplate@@UEBAHAEAVCString@WTL@@W4DocStringIndex@1@@Z 000000014001d970 f i Propdlg.obj
 0001:0001c980       ?OnInitDialog@CNewTypeDlg@@UEAAHXZ 000000014001d980 f i Propdlg.obj
 0001:0001cba0       ?OnOK@CNewTypeDlg@@UEAAXXZ 000000014001dba0 f i Propdlg.obj
 0001:0001cc20       ?WalkPreTranslateTree@CWnd@@SAHPEAUHWND__@@PEAUtagMSG@@@Z 000000014001dc20 f i Propdlg.obj
 0001:0001cd00       ?PreTranslateMessage@CWinApp@@UEAAHPEAUtagMSG@@@Z 000000014001dd00 f i Propdlg.obj
 0001:0001cdc0       ?PumpMessage@CWinApp@@UEAAHXZ 000000014001ddc0 f i Propdlg.obj
 0001:0001ce40       ?OnFileNew@CDocManager@@UEAAXXZ 000000014001de40 f i Propdlg.obj
 0001:0001cf10       ?OnFileNew@CWinApp@@UEAAXXZ 000000014001df10 f i Propdlg.obj
 0001:0001cf30       ?GetRuntimeClass@CModalShapePropSheet@@UEBAPEAUCRuntimeClass@@XZ 000000014001df30 f   Propsht.obj
 0001:0001cf40       ?_ProcessWindowMessage@CModalShapePropSheet@@UEAAHPEAUHWND__@@I_K_JAEA_J@Z 000000014001df40 f i Propsht.obj
 0001:0001cfa0       ??0CModalShapePropSheet@@QEAA@PEAVCWnd@@@Z 000000014001dfa0 f   Propsht.obj
 0001:0001d0a0       ??_ECModalShapePropSheet@@UEAAPEAXI@Z 000000014001e0a0 f i * CIL library *:* CIL module *
 0001:0001d0a0       ??_GCModalShapePropSheet@@UEAAPEAXI@Z 000000014001e0a0 f i Propsht.obj
 0001:0001d110       ?OnInitDialog@CModalShapePropSheet@@UEAAHXZ 000000014001e110 f   Propsht.obj
 0001:0001d200       ?SetShapePropsFromSheet@CModelessShapePropSheet@@QEAAXPEAVCShape@@@Z 000000014001e200 f   Propsht2.obj
 0001:0001d200       ?SetShapePropsFromSheet@CModalShapePropSheet@@QEAAXPEAVCShape@@@Z 000000014001e200 f   Propsht.obj
 0001:0001d2a0       ?OnApplyNow@CModalShapePropSheet@@IEAAXXZ 000000014001e2a0 f   Propsht.obj
 0001:0001d3a0       ?AddPage@CPropertySheetMTL@@QEAAXPEAVCPropertyPageMTL@@@Z 000000014001e3a0 f i Propsht.obj
 0001:0001d540       ??1CPropertySheetMTL@@UEAA@XZ 000000014001e540 f i Propsht.obj
 0001:0001d5e0       ??_ECPropertySheetMTL@@UEAAPEAXI@Z 000000014001e5e0 f i * CIL library *:* CIL module *
 0001:0001d5e0       ??_GCPropertySheetMTL@@UEAAPEAXI@Z 000000014001e5e0 f i Propsht.obj
 0001:0001d610       ?PreTranslateMessage@CPropertySheetMTL@@UEAAHPEAUtagMSG@@@Z 000000014001e610 f i Propsht.obj
 0001:0001d760       ?OnCommand@CPropertySheetMTL@@UEAAH_K_J@Z 000000014001e760 f i Propsht.obj
 0001:0001d810       ?AfxPropSheetCallback@CPropertySheetMTL@@SAHPEAUHWND__@@I_J@Z 000000014001e810 f i Propsht.obj
 0001:0001d8a0       ?Create@CPropertySheetMTL@@UEAAHPEAVCWnd@@KK@Z 000000014001e8a0 f i Propsht.obj
 0001:0001da00       ?AfxThrowResourceException@@YAXXZ 000000014001ea00 f i Propsht.obj
 0001:0001daa0       ?FontEnumProc@CPropertyPageMTL@@SAHPEBUtagLOGFONTW@@PEBUtagTEXTMETRICW@@K_J@Z 000000014001eaa0 f i Propsht.obj
 0001:0001dab0       ?IsFontInstalled@CPropertyPageMTL@@SAHPEB_W@Z 000000014001eab0 f i Propsht.obj
 0001:0001db50       ?AfxGetPropSheetFont@CPropertyPageMTL@@SAHAEAVCString@WTL@@AEAGH@Z 000000014001eb50 f i Propsht.obj
 0001:0001dd00       ?GetFont@CDialogTemplate@@SAHPEBUDLGTEMPLATE@@AEAVCString@WTL@@AEAG@Z 000000014001ed00 f i Propsht.obj
 0001:0001ddc0       ?GetTemplateSize@CDialogTemplate@@QEAAIPEBUDLGTEMPLATE@@@Z 000000014001edc0 f i Propsht.obj
 0001:0001df40       ?GetFontSizeField@CDialogTemplate@@SAPEAEPEBUDLGTEMPLATE@@@Z 000000014001ef40 f i Propsht.obj
 0001:0001dfa0       ?SetFont@CDialogTemplate@@QEAAHPEB_WG@Z 000000014001efa0 f i Propsht.obj
 0001:0001e110       ?_AfxChangePropPageFont@CPropertyPageMTL@@SAPEAUDLGTEMPLATE@@PEBU2@H@Z 000000014001f110 f i Propsht.obj
 0001:0001e360       ?PreProcessPageTemplate@CPropertyPageMTL@@QEAAXAEAU_PROPSHEETPAGEW@@H@Z 000000014001f360 f i Propsht.obj
 0001:0001e430       ?BuildPropPageArray@CPropertySheetMTL@@UEAAXXZ 000000014001f430 f i Propsht.obj
 0001:0001e590       ?ContinueModal@CPropertySheetMTL@@UEAAHXZ 000000014001f590 f i Propsht.obj
 0001:0001e5d0       ?DoModal@CPropertySheetMTL@@UEAA_JXZ 000000014001f5d0 f i Propsht.obj
 0001:0001e7f0       ??0CPropertySheetMTL@@QEAA@IPEAVCWnd@@I@Z 000000014001f7f0 f i Propsht.obj
 0001:0001e8e0       ?OnInitDialog@CPropertySheetMTL@@UEAAHXZ 000000014001f8e0 f i Propsht.obj
 0001:0001ec40       ?HandleInitDialog@CPropertySheetMTL@@QEAA_J_K_J@Z 000000014001fc40 f i Propsht.obj
 0001:0001ec60       ?GetActivePage@CPropertySheetMTL@@QEBAPEAVCPropertyPageMTL@@XZ 000000014001fc60 f i Propsht.obj
 0001:0001ee30       ?OnKickIdle@CPropertySheetMTL@@QEAA_J_K_J@Z 000000014001fe30 f i Propsht.obj
 0001:0001ee80       ?OnSetDefID@CPropertySheetMTL@@QEAA_J_K_J@Z 000000014001fe80 f i Propsht.obj
 0001:0001efa0       ?_ProcessWindowMessage@CPropertySheetMTL@@UEAAHPEAUHWND__@@I_K_JAEA_J@Z 000000014001ffa0 f i Propsht.obj
 0001:0001f250       ?GetRuntimeClass@CModelessShapePropSheet@@UEBAPEAUCRuntimeClass@@XZ 0000000140020250 f   Propsht2.obj
 0001:0001f260       ?_ProcessWindowMessage@CModelessShapePropSheet@@UEAAHPEAUHWND__@@I_K_JAEA_J@Z 0000000140020260 f i Propsht2.obj
 0001:0001f270       ??0CModelessShapePropSheet@@QEAA@PEAVCWnd@@@Z 0000000140020270 f   Propsht2.obj
 0001:0001f330       ??_ECModelessShapePropSheet@@UEAAPEAXI@Z 0000000140020330 f i * CIL library *:* CIL module *
 0001:0001f330       ??_GCModelessShapePropSheet@@UEAAPEAXI@Z 0000000140020330 f i Propsht2.obj
 0001:0001f390       ?SetSheetPropsFromShape@CModelessShapePropSheet@@QEAAXPEAVCShape@@@Z 0000000140020390 f   Propsht2.obj
 0001:0001f480       ?CreateObject@CShapesDoc@@SAPEAVCObject@@XZ 0000000140020480 f   Shapedoc.obj
 0001:0001f500       ?GetRuntimeClass@CShapesDoc@@UEBAPEAUCRuntimeClass@@XZ 0000000140020500 f   Shapedoc.obj
 0001:0001f510       ?_ProcessWindowMessage@CShapesDoc@@UEAAHPEAUHWND__@@I_K_JAEA_J@Z 0000000140020510 f i Shapedoc.obj
 0001:0001f520       ??_ECShapesDoc@@UEAAPEAXI@Z 0000000140020520 f i * CIL library *:* CIL module *
 0001:0001f520       ??_GCShapesDoc@@UEAAPEAXI@Z 0000000140020520 f i Shapedoc.obj
 0001:0001f5b0       ?OnNewDocument@CShapesDoc@@MEAAHXZ 00000001400205b0 f   Shapedoc.obj
 0001:0001f630       ?AddShape@CShapesDoc@@QEAAXPEAVCShape@@@Z 0000000140020630 f   Shapedoc.obj
 0001:0001f700       ?Serialize@CShapesDoc@@UEAAXAEAVCArchive@@@Z 0000000140020700 f   Shapedoc.obj
 0001:0001f710       ?Serialize@?$CTypedPtrList@VCObList@@PEAVCShape@@@@QEAAXAEAVCArchive@@@Z 0000000140020710 f i Shapedoc.obj
 0001:0001f800       ?OnOpenDocument@CDocument@@UEAAHPEB_W@Z 0000000140020800 f i Shapedoc.obj
 0001:0001faa0       ?OnCmdMsg@CDocument@@UEAAHIHPEAXPEAUAFX_CMDHANDLERINFO@@@Z 0000000140020aa0 f i Shapedoc.obj
 0001:0001fb20       ?Read@CArchive@@QEAAIPEAXI@Z 0000000140020b20 f i Shapedoc.obj
 0001:0001fc70       ?Load@CRuntimeClass@@SAPEAU1@AEAVCArchive@@PEAI@Z 0000000140020c70 f i Shapedoc.obj
 0001:0001fd60       ?ReadClass@CArchive@@QEAAPEAUCRuntimeClass@@PEBU2@PEAIPEAK@Z 0000000140020d60 f i Shapedoc.obj
 0001:00020020       ?ReadObject@CArchive@@QEAAPEAVCObject@@PEBUCRuntimeClass@@@Z 0000000140021020 f i Shapedoc.obj
 0001:000201f0       ?FillBuffer@CArchive@@QEAAXI@Z 00000001400211f0 f i Shapedoc.obj
 0001:000202c0       ?ReadCount@CArchive@@QEAA_KXZ 00000001400212c0 f i Shapedoc.obj
 0001:00020370       ?AfxThrowNotSupportedException@@YAXXZ 0000000140021370 f i Shapedoc.obj
 0001:00020410       ?EnsureSchemaMapExists@CArchive@@QEAAXPEAPEAV?$CArray@W4LoadArrayObjType@CArchive@@AEBW412@@@@Z 0000000140021410 f i Shapedoc.obj
 0001:00020500       ?InsertAt@?$CArray@W4LoadArrayObjType@CArchive@@AEBW412@@@QEAAX_JAEBW4LoadArrayObjType@CArchive@@0@Z 0000000140021500 f i Shapedoc.obj
 0001:00020580       ?MapObject@CArchive@@QEAAXPEBVCObject@@@Z 0000000140021580 f i Shapedoc.obj
 0001:000206b0       ?Write@CArchive@@QEAAXPEBXI@Z 00000001400216b0 f i Shapedoc.obj
 0001:00020770       ?Store@CRuntimeClass@@QEBAXAEAVCArchive@@@Z 0000000140021770 f i Shapedoc.obj
 0001:00020810       ?WriteClass@CArchive@@QEAAXPEBUCRuntimeClass@@@Z 0000000140021810 f i Shapedoc.obj
 0001:00020930       ?AfxThrowArchiveException@CArchive@@SAXHPEB_W@Z 0000000140021930 f i Shapedoc.obj
 0001:000209c0       ?FindData@?$CMapList@PEAXPEAXV?$CPair@PEAXPEAX@@$0A@@@QEAAAEAV?$CPair@PEAXPEAX@@QEAXH@Z 00000001400219c0 f i Shapedoc.obj
 0001:00020a90       ?WriteObject@CArchive@@QEAAXPEBVCObject@@@Z 0000000140021a90 f i Shapedoc.obj
 0001:00020bb0       ??6CArchive@@QEAAAEAV0@G@Z 0000000140021bb0 f i Shapedoc.obj
 0001:00020bf0       ??6CArchive@@QEAAAEAV0@K@Z 0000000140021bf0 f i Shapedoc.obj
 0001:00020c30       ?WriteCount@CArchive@@QEAAX_K@Z 0000000140021c30 f i Shapedoc.obj
 0001:00020d20       ?UpdateAllViews@CDocument@@QEAAXPEAVCView@@_JPEAVCObject@@@Z 0000000140021d20 f i Shapedoc.obj
 0001:00020d80       ?AfxFormatStrings@CAfx@@SAXAEAVCString@WTL@@PEB_WPEBQEB_WH@Z 0000000140021d80 f i Shapedoc.obj
 0001:00020f10       ?SaveModified@CDocument@@UEAAHXZ 0000000140021f10 f i Shapedoc.obj
 0001:000211c0       ?DoFileSave@CDocument@@QEAAHXZ 00000001400221c0 f i Shapedoc.obj
 0001:00021210       ?OnFileSave@CDocument@@QEAAXXZ 0000000140022210 f i Shapedoc.obj
 0001:00021250       ?GetFile@CDocument@@QEAAPEAVCFile@@PEB_WIPEAVCFileException@@@Z 0000000140022250 f i Shapedoc.obj
 0001:000212f0       ??0CArchive@@QEAA@PEAVCFile@@IHPEAX@Z 00000001400222f0 f i Shapedoc.obj
 0001:000213d0       ??1CArchive@@QEAA@XZ       00000001400223d0 f i Shapedoc.obj
 0001:00021400       ?Flush@CArchive@@QEAAXXZ   0000000140022400 f i Shapedoc.obj
 0001:00021470       ?Abort@CFile@@UEAAXXZ      0000000140022470 f i Shapedoc.obj
 0001:000214a0       ?AfxThrowInvalidArgException@@YAXXZ 00000001400224a0 f i Shapedoc.obj
 0001:00021540       ??0CTime@@QEAA@AEBU_FILETIME@@H@Z 0000000140022540 f i Shapedoc.obj
 0001:00021610       ?GetStatus@CFile@@QEBAHAEAUCFileStatus@@@Z 0000000140022610 f i Shapedoc.obj
 0001:000217a0       ?GetFilePath@CFile@@UEBA?AVCString@WTL@@XZ 00000001400227a0 f i Shapedoc.obj
 0001:000217f0       ?GetLength@CFile@@UEBA_KXZ 00000001400227f0 f i Shapedoc.obj
 0001:00021840       ?Open@CFile@@UEAAHPEB_WIPEAVCFileException@@@Z 0000000140022840 f i Shapedoc.obj
 0001:00021a00       ?Read@CFile@@UEAAIPEAXI@Z  0000000140022a00 f i Shapedoc.obj
 0001:00021a50       ?Write@CFile@@UEAAXPEBXI@Z 0000000140022a50 f i Shapedoc.obj
 0001:00021b40       ?Seek@CFile@@UEAA_K_JI@Z   0000000140022b40 f i Shapedoc.obj
 0001:00021ba0       ??0CFileException@@QEAA@HJPEB_W@Z 0000000140022ba0 f i Shapedoc.obj
 0001:00021c20       ?OsErrorToException@CFileException@@SAHJ@Z 0000000140022c20 f i Shapedoc.obj
 0001:00021dd0       ?ThrowOsError@CFileException@@SAXJPEB_W@Z 0000000140022dd0 f i Shapedoc.obj
 0001:00021e40       ?Close@CFile@@UEAAXXZ      0000000140022e40 f i Shapedoc.obj
 0001:00021ef0       ??_GCFile@@QEAAPEAXI@Z     0000000140022ef0 f i Shapedoc.obj
 0001:00021f60       ?ReleaseFile@CDocument@@UEAAXPEAVCFile@@H@Z 0000000140022f60 f i Shapedoc.obj
 0001:00021fa0       ?SetModifiedFlag@CDocument@@UEAAXH@Z 0000000140022fa0 f i Shapedoc.obj
 0001:00021fb0       ?OnSaveDocument@CDocument@@UEAAHPEB_W@Z 0000000140022fb0 f i Shapedoc.obj
 0001:000221b0       ?GetFirstViewPosition@CDocument@@UEBAPEAU__POSITION@@XZ 00000001400231b0 f i Shapedoc.obj
 0001:000221c0       ?GetNextView@CDocument@@UEBAPEAVCView@@AEAPEAU__POSITION@@@Z 00000001400231c0 f i Shapedoc.obj
 0001:000221e0       ?SetTitle@CDocument@@UEAAXPEB_W@Z 00000001400231e0 f i Shapedoc.obj
 0001:00022230       ?SetPathName@CDocument@@UEAAXPEB_WH@Z 0000000140023230 f i Shapedoc.obj
 0001:00022300       ?DoSave@CDocument@@UEAAHPEB_WH@Z 0000000140023300 f i Shapedoc.obj
 0001:00022660       ?_ProcessWindowMessage@CDocument@@UEAAHPEAUHWND__@@I_K_JAEA_J@Z 0000000140023660 f i Shapedoc.obj
 0001:00022770       ?CreateObject@CShape@@SAPEAVCObject@@XZ 0000000140023770 f   Shapeobj.obj
 0001:000227b0       ?GetRuntimeClass@CShape@@UEBAPEAUCRuntimeClass@@XZ 00000001400237b0 f   Shapeobj.obj
 0001:000227c0       ?Draw@CShape@@QEAAXPEAVCDCMTL@@H@Z 00000001400237c0 f   Shapeobj.obj
 0001:000229f0       ?Serialize@CShape@@UEAAXAEAVCArchive@@@Z 00000001400239f0 f   Shapeobj.obj
 0001:00022b10       ?SelectObject@CDCMTL@@QEAAPEAVCBrushMTL@@PEAV2@@Z 0000000140023b10 f i Shapeobj.obj
 0001:00022b10       ?SelectObject@CDCMTL@@QEAAPEAVCPenMTL@@PEAV2@@Z 0000000140023b10 f i Shapeobj.obj
 0001:00022c60       ??_GCGdiObject@@UEAAPEAXI@Z 0000000140023c60 f i Shapeobj.obj
 0001:00022c60       ??_ECGdiObject@@UEAAPEAXI@Z 0000000140023c60 f i * CIL library *:* CIL module *
 0001:00022ce0       ??1CGdiobj@@QEAA@XZ        0000000140023ce0 f i Shapeobj.obj
 0001:00022d00       ?classHandleFuncCGdiObject@CGdiObject@@SAPEAXPEAX0@Z 0000000140023d00 f i Shapeobj.obj
 0001:00022d60       ?AfxClassInit@@YAXPEAUCRuntimeClass@@@Z 0000000140023d60 f i Shapeobj.obj
 0001:00022de0       ?CreateObject@CShapesView@@SAPEAVCObject@@XZ 0000000140023de0 f   Shapesvw.obj
 0001:00022e40       ?GetRuntimeClass@CShapesView@@UEBAPEAUCRuntimeClass@@XZ 0000000140023e40 f   Shapesvw.obj
 0001:00022e50       ?_ProcessWindowMessage@CShapesView@@UEAAHPEAUHWND__@@I_K_JAEA_J@Z 0000000140023e50 f i Shapesvw.obj
 0001:00023170       ??_GCShapesView@@UEAAPEAXI@Z 0000000140024170 f i Shapesvw.obj
 0001:00023170       ??_GCView@@UEAAPEAXI@Z     0000000140024170 f i Shapesvw.obj
 0001:00023170       ??_ECShapesView@@UEAAPEAXI@Z 0000000140024170 f i * CIL library *:* CIL module *
 0001:00023170       ??_ECView@@UEAAPEAXI@Z     0000000140024170 f i * CIL library *:* CIL module *
 0001:000231d0       ?OnDraw@CShapesView@@UEAAXPEAVCDCMTL@@@Z 00000001400241d0 f   Shapesvw.obj
 0001:000232c0       ?OnPreparePrinting@CShapesView@@MEAAHPEAUCPrintInfo@@@Z 00000001400242c0 f   Shapesvw.obj
 0001:000232d0       ?OnLButtonDown@CShapesView@@IEAAXIVCPoint@WTL@@@Z 00000001400242d0 f   Shapesvw.obj
 0001:000234f0       ?OnSimplePropertySheet@CShapesView@@IEAAXXZ 00000001400244f0 f   Shapesvw.obj
 0001:00023680       ?OnPropertySheetWithPreview@CShapesView@@IEAAXXZ 0000000140024680 f   Shapesvw.obj
 0001:00023740       ?OnUpdatePropertySheetWithPreview@CShapesView@@IEAAXPEAVCCmdUI@@@Z 0000000140024740 f   Shapesvw.obj
 0001:000237c0       ?OnChangeObjectProps@CShapesView@@IEAA_J_K_J@Z 00000001400247c0 f   Shapesvw.obj
 0001:00023940       ?DoPreparePrinting@CView@@QEAAHPEAUCPrintInfo@@@Z 0000000140024940 f i Shapesvw.obj
 0001:00023ae0       ?_AfxPreviewCloseProc@CPrintPreviewState@@SAHPEAVCFrameWnd@@@Z 0000000140024ae0 f i Shapesvw.obj
 0001:00023b00       ??_GCDialogBar@@UEAAPEAXI@Z 0000000140024b00 f i Shapesvw.obj
 0001:00023b00       ??_ECDialogBar@@UEAAPEAXI@Z 0000000140024b00 f i * CIL library *:* CIL module *
 0001:00023b50       ?OnUpdateCmdUI@CDialogBar@@UEAAXPEAVCFrameWnd@@H@Z 0000000140024b50 f i Shapesvw.obj
 0001:00023b60       ?CalcFixedLayout@CDialogBar@@UEAA?AVCSize@WTL@@HH@Z 0000000140024b60 f i Shapesvw.obj
 0001:00023bb0       ?Create@CDialogBar@@UEAAHPEAVCWnd@@PEB_WII@Z 0000000140024bb0 f i Shapesvw.obj
 0001:00023d70       ?Create@CDialogBar@@UEAAHPEAVCWnd@@III@Z 0000000140024d70 f i Shapesvw.obj
 0001:00023d80       ?AddView@CDocument@@QEAAXPEAVCView@@@Z 0000000140024d80 f i Shapesvw.obj
 0001:00023e20       ?OnDestroy@CView@@QEAAXXZ  0000000140024e20 f i Shapesvw.obj
 0001:00023ed0       ?OnMouseActivate@CView@@QEAAHPEAVCWnd@@II@Z 0000000140024ed0 f i Shapesvw.obj
 0001:00023fa0       ?OnPaint@CView@@QEAAXXZ    0000000140024fa0 f i Shapesvw.obj
 0001:000240b0       ?GetSafeHdc@CDCMTL@@QEBAPEAUHDC__@@XZ 00000001400250b0 f i Shapesvw.obj
 0001:000240c0       ??_9CView@@$BBBI@AA        00000001400250c0 f i Shapesvw.obj
 0001:000240d0       ?_ProcessWindowMessage@CView@@UEAAHPEAUHWND__@@I_K_JAEA_J@Z 00000001400250d0 f i Shapesvw.obj
 0001:000242c0       ?OnCmdMsg@CView@@UEAAHIHPEAXPEAUAFX_CMDHANDLERINFO@@@Z 00000001400252c0 f i Shapesvw.obj
 0001:00024340       ?PreCreateWindow@CView@@UEAAHAEAUtagCREATESTRUCTW@@@Z 0000000140025340 f i Shapesvw.obj
 0001:00024390       ?OnInitialUpdate@CView@@UEAAXXZ 0000000140025390 f i Shapesvw.obj
 0001:000243b0       ?OnUpdate@CView@@UEAAXPEAV1@_JPEAVCObject@@@Z 00000001400253b0 f i Shapesvw.obj
 0001:000243d0       ?RemoveView@CDocument@@QEAAXPEAVCView@@@Z 00000001400253d0 f i Shapesvw.obj
 0001:00024480       ??1CView@@UEAA@XZ          0000000140025480 f i Shapesvw.obj
 0001:000244c0       ??1CPreviewDC@@UEAA@XZ     00000001400254c0 f i Shapesvw.obj
 0001:00024550       ??_GCPreviewDC@@UEAAPEAXI@Z 0000000140025550 f i Shapesvw.obj
 0001:00024550       ??_ECPreviewDC@@UEAAPEAXI@Z 0000000140025550 f i * CIL library *:* CIL module *
 0001:00024580       ?SaveDC@CPreviewDC@@UEAAHXZ 0000000140025580 f i Shapesvw.obj
 0001:00024600       ?SelectStockObject@CPreviewDC@@QEAAPEAVCGdiObject@@H@Z 0000000140025600 f i Shapesvw.obj
 0001:00024740       ?MirrorFont@CPreviewDC@@QEAAXXZ 0000000140025740 f i Shapesvw.obj
 0001:00024940       ?RestoreDC@CPreviewDC@@UEAAHH@Z 0000000140025940 f i Shapesvw.obj
 0001:000249a0       ??1?$CAlloc@HAEBH@@QEAA@XZ 00000001400259a0 f i Shapesvw.obj
 0001:000249a0       ??1?$CAlloc@_WAEB_W@@QEAA@XZ 00000001400259a0 f i Shapesvw.obj
 0001:000249e0       ?ComputeDeltas@CPreviewDC@@QEAA?AVCSize@WTL@@AEAHPEB_WAEAIHIPEAHHPEA_W30@Z 00000001400259e0 f i Shapesvw.obj
 0001:00024ca0       ?ExtTextOutW@CPreviewDC@@QEAAHHHIPEBUtagRECT@@PEB_WIPEAH@Z 0000000140025ca0 f i Shapesvw.obj
 0001:00024e50       ?TextOutW@CPreviewDC@@UEAAHHHPEB_WH@Z 0000000140025e50 f i Shapesvw.obj
[...]
 0004:00003e64       $pdata$_cftoa_l            0000000140061e64     LIBCMT:cvt.obj
 0004:00003e70       $pdata$_cftoe2_l           0000000140061e70     LIBCMT:cvt.obj
 0004:00003e7c       $pdata$_cftoe_l            0000000140061e7c     LIBCMT:cvt.obj
 0004:00003e88       $pdata$_cftof2_l           0000000140061e88     LIBCMT:cvt.obj
 0004:00003e94       $pdata$_cftof_l            0000000140061e94     LIBCMT:cvt.obj
 0004:00003ea0       $pdata$_cftog_l            0000000140061ea0     LIBCMT:cvt.obj
 0004:00003eac       $pdata$_cropzeros_l        0000000140061eac     LIBCMT:cvt.obj
 0004:00003eb8       $pdata$_fassign_l          0000000140061eb8     LIBCMT:cvt.obj
 0004:00003ec4       $pdata$_forcdecpt_l        0000000140061ec4     LIBCMT:cvt.obj
 0004:00003ed0       $pdata$_strdup             0000000140061ed0     LIBCMT:strdup.obj
 0004:00003edc       $pdata$_mbschr_l           0000000140061edc     LIBCMT:mbschr.obj
 0004:00003ee8       $pdata$_strnicmp_l         0000000140061ee8     LIBCMT:strnicmp.obj
 0004:00003ef4       $pdata$__mtold12           0000000140061ef4     LIBCMT:mantold.obj
 0004:00003f00       $pdata$isdigit             0000000140061f00     LIBCMT:_ctype.obj
 0004:00003f0c       $pdata$_tolower_l          0000000140061f0c     LIBCMT:tolower.obj
 0004:00003f18       $pdata$strrchr             0000000140061f18     LIBCMT:strrchr.obj
 0004:00003f24       $pdata$_fptostr            0000000140061f24     LIBCMT:_fptostr.obj
 0004:00003f30       $pdata$__dtold             0000000140061f30     LIBCMT:cfout.obj
 0004:00003f3c       $pdata$_fltout2            0000000140061f3c     LIBCMT:cfout.obj
 0004:00003f48       $pdata$strchr              0000000140061f48     LIBCMT:strchr.obj
 0004:00003f54       $pdata$$I10_OUTPUT         0000000140061f54     LIBCMT:x10fout.obj
 0004:00003f60       $pdata$?_GetEstablisherFrame@@YAPEA_KPEA_KPEAU_xDISPATCHER_CONTEXT@@PEBU_s_FuncInfo@@0@Z 0000000140061f60     LIBCMT:trnsctrl.obj
 0004:00003f6c       $pdata$?_GetRangeOfTrysToCheck@@YAPEBU_s_TryBlockMapEntry@@PEA_KPEBU_s_FuncInfo@@HHPEAI2PEAU_xDISPATCHER_CONTEXT@@@Z 0000000140061f6c     LIBCMT:trnsctrl.obj
 0004:00003f78       $pdata$?__FrameUnwindToEmptyState@@YAXPEA_KPEAU_xDISPATCHER_CONTEXT@@PEBU_s_FuncInfo@@@Z 0000000140061f78     LIBCMT:trnsctrl.obj
 0004:00003f84       $pdata$?__SehTransFilter@@YAHPEAU_EXCEPTION_POINTERS@@PEAUEHExceptionRecord@@PEA_KPEAU_CONTEXT@@PEAU_xDISPATCHER_CONTEXT@@PEBU_s_FuncInfo@@PEAH@Z 0000000140061f84     LIBCMT:trnsctrl.obj
 0004:00003f90       $pdata$_CallSETranslator   0000000140061f90     LIBCMT:trnsctrl.obj
 0004:00003f9c       $pdata$_CreateFrameInfo    0000000140061f9c     LIBCMT:trnsctrl.obj
 0004:00003fa8       $pdata$_FindAndUnlinkFrame 0000000140061fa8     LIBCMT:trnsctrl.obj
 0004:00003fb4       $pdata$_GetImageBase       0000000140061fb4     LIBCMT:trnsctrl.obj
 0004:00003fc0       $pdata$_GetThrowImageBase  0000000140061fc0     LIBCMT:trnsctrl.obj
 0004:00003fcc       $pdata$_IsExceptionObjectToBeDestroyed 0000000140061fcc     LIBCMT:trnsctrl.obj
 0004:00003fd8       $pdata$_SetImageBase       0000000140061fd8     LIBCMT:trnsctrl.obj
 0004:00003fe4       $pdata$_SetThrowImageBase  0000000140061fe4     LIBCMT:trnsctrl.obj
 0004:00003ff0       $pdata$_UnwindNestedFrames 0000000140061ff0     LIBCMT:trnsctrl.obj
 0004:00003ffc       $pdata$__CxxFrameHandler3  0000000140061ffc     LIBCMT:trnsctrl.obj
 0004:00004008       $pdata$__DestructExceptionObject 0000000140062008     LIBCMT:frame.obj
 0004:00004014       $pdata$??0bad_exception@std@@QEAA@AEBV01@@Z 0000000140062014     LIBCMT:frame.obj
 0004:00004020       $pdata$??_Gbad_exception@std@@UEAAPEAXI@Z 0000000140062020     LIBCMT:frame.obj
 0004:0000402c       $pdata$?CatchIt@@YAXPEAUEHExceptionRecord@@PEA_KPEAU_CONTEXT@@PEAU_xDISPATCHER_CONTEXT@@PEBU_s_FuncInfo@@PEBU_s_HandlerType@@PEBU_s_CatchableType@@PEBU_s_TryBlockMapEntry@@H1EE@Z 000000014006202c     LIBCMT:frame.obj
 0004:00004038       $pdata$?FindHandler@@YAXPEAUEHExceptionRecord@@PEA_KPEAU_CONTEXT@@PEAU_xDISPATCHER_CONTEXT@@PEBU_s_FuncInfo@@EH1@Z 0000000140062038     LIBCMT:frame.obj
 0004:00004044       $pdata$?FindHandlerForForeignException@@YAXPEAUEHExceptionRecord@@PEA_KPEAU_CONTEXT@@PEAU_xDISPATCHER_CONTEXT@@PEBU_s_FuncInfo@@HH1@Z 0000000140062044     LIBCMT:frame.obj
 0004:00004050       $pdata$?IsInExceptionSpec@@YAEPEAUEHExceptionRecord@@PEBU_s_ESTypeList@@@Z 0000000140062050     LIBCMT:frame.obj
 0004:0000405c       $pdata$__BuildCatchObject  000000014006205c     LIBCMT:frame.obj
 0004:00004068       $pdata$__BuildCatchObjectHelper 0000000140062068     LIBCMT:frame.obj
 0004:00004074       $pdata$__CxxCallCatchBlock 0000000140062074     LIBCMT:frame.obj
 0004:00004080       $pdata$__FrameUnwindFilter 0000000140062080     LIBCMT:frame.obj
 0004:0000408c       $pdata$__FrameUnwindToState 000000014006208c     LIBCMT:frame.obj
 0004:00004098       $pdata$__InternalCxxFrameHandler 0000000140062098     LIBCMT:frame.obj
 0004:000040a4       $pdata$__TypeMatch         00000001400620a4     LIBCMT:frame.obj
 0004:000040b0       $pdata$?__GetCurrentState@@YAHPEA_KPEAU_xDISPATCHER_CONTEXT@@PEBU_s_FuncInfo@@@Z 00000001400620b0     LIBCMT:ehstate.obj
 0004:000040bc       $pdata$?__GetUnwindTryBlock@@YAHPEA_KPEAU_xDISPATCHER_CONTEXT@@PEBU_s_FuncInfo@@@Z 00000001400620bc     LIBCMT:ehstate.obj
 0004:000040c8       $pdata$?__SetUnwindTryBlock@@YAXPEA_KPEAU_xDISPATCHER_CONTEXT@@PEBU_s_FuncInfo@@H@Z 00000001400620c8     LIBCMT:ehstate.obj
 0004:000040d4       $pdata$?__StateFromIp@@YAHPEBU_s_FuncInfo@@PEAU_xDISPATCHER_CONTEXT@@_J@Z 00000001400620d4     LIBCMT:ehstate.obj
 0004:000040ec       $pdata$?catch$0@?0??AllocBuffer@CString@WTL@@IEAAHH@Z@4HA 00000001400620ec     Colorpge.obj
 0004:000040f8       $pdata$?dtor$0@?0???HWTL@@YA?AVCString@0@AEBV10@PEB_W@Z@4HA 00000001400620f8     Propdlg.obj
 0004:000040f8       $pdata$?dtor$0@?0???HWTL@@YA?AVCString@0@AEBV10@0@Z@4HA 00000001400620f8     Propdlg.obj
 0004:00004104       $pdata$?dtor$1@?0??UpdatePrinterSelection@CWinApp@@QEAAXH@Z@4HA 0000000140062104     Propdlg.obj
 0004:00004110       $pdata$?dtor$2@?0??UpdatePrinterSelection@CWinApp@@QEAAXH@Z@4HA 0000000140062110     Propdlg.obj
 0004:0000411c       $pdata$?dtor$0@?0??Mid@CString@WTL@@QEBA?AV12@HH@Z@4HA 000000014006211c     Propdlg.obj
 0004:00004128       $pdata$?catch$0@?0??OnOpenDocument@CDocument@@UEAAHPEB_W@Z@4HA 0000000140062128     Shapedoc.obj
 0004:00004134       $pdata$?catch$0@?0??ReadObject@CArchive@@QEAAPEAVCObject@@PEBUCRuntimeClass@@@Z@4HA 0000000140062134     Shapedoc.obj
 0004:00004140       $pdata$?catch$0@?0??EnsureSchemaMapExists@CArchive@@QEAAXPEAPEAV?$CArray@W4LoadArrayObjType@CArchive@@AEBW412@@@@Z@4HA 0000000140062140     Shapedoc.obj
 0004:0000414c       $pdata$?catch$0@?0??OnFilePrintPreview@CView@@QEAAXXZ@4HA 000000014006214c     Shapesvw.obj
 0004:00004158       $pdata$__tmainCRTStartup$filt$0 0000000140062158     LIBCMT:wwincrt0.obj
 0004:00004164       $pdata$_onexit$fin$0       0000000140062164     LIBCMT:onexit.obj
 0004:00004170       $pdata$?fin$0@?0???_M@YAXPEAX_KHP6AX0@Z@Z@4HA 0000000140062170     LIBCMT:ehvecdtr.obj
 0004:0000417c       $pdata$?filt$0@?0??__ArrayUnwind@@YAXPEAX_KHP6AX0@Z@Z@4HA 000000014006217c     LIBCMT:ehvecdtr.obj
 0004:00004188       $pdata$?fin$0@?0???_L@YAXPEAX_KHP6AX0@Z2@Z@4HA 0000000140062188     LIBCMT:ehvecctr.obj
 0004:00004194       $pdata$doexit$fin$0        0000000140062194     LIBCMT:crt0dat.obj
 0004:000041a0       $pdata$_initptd$fin$1      00000001400621a0     LIBCMT:tidtable.obj
 0004:000041a0       $pdata$_freefls$fin$1      00000001400621a0     LIBCMT:tidtable.obj
 0004:000041ac       $pdata$_initptd$fin$0      00000001400621ac     LIBCMT:tidtable.obj
 0004:000041ac       $pdata$_freefls$fin$0      00000001400621ac     LIBCMT:tidtable.obj
 0004:000041b8       $pdata$_ioinit$fin$0       00000001400621b8     LIBCMT:ioinit.obj
 0004:000041c4       $pdata$?fin$0@?0??_Type_info_dtor@type_info@@CAXPEAV1@@Z@4HA 00000001400621c4     LIBCMT:typname.obj
 0004:000041d0       $pdata$_mtinitlocknum$fin$0 00000001400621d0     LIBCMT:mlock.obj
 0004:000041dc       $pdata$_IsNonwritableInCurrentImage$filt$0 00000001400621dc     LIBCMT:pesect.obj
 0004:000041e8       $pdata$raise$fin$0         00000001400621e8     LIBCMT:winsig.obj
 0004:000041f4       $pdata$_setmbcp$fin$0      00000001400621f4     LIBCMT:mbctype.obj
 0004:000041f4       $pdata$__updatetmbcinfo$fin$0 00000001400621f4     LIBCMT:mbctype.obj
 0004:00004200       $pdata$_isindst$fin$0      0000000140062200     LIBCMT:tzset.obj
 0004:00004200       $pdata$__tzset$fin$0       0000000140062200     LIBCMT:tzset.obj
 0004:0000420c       $pdata$_tzset_nolock$fin$0 000000014006220c     LIBCMT:tzset.obj
 0004:00004218       $pdata$flsall$fin$0        0000000140062218     LIBCMT:fflush.obj
 0004:00004224       $pdata$flsall$fin$1        0000000140062224     LIBCMT:fflush.obj
 0004:00004230       $pdata$_fcloseall$fin$0    0000000140062230     LIBCMT:closeall.obj
 0004:0000423c       $pdata$_write$fin$0        000000014006223c     LIBCMT:write.obj
 0004:00004248       $pdata$_locterm$fin$0      0000000140062248     LIBCMT:wsetloca.obj
 0004:00004248       $pdata$__updatetlocinfo$fin$0 0000000140062248     LIBCMT:wsetloca.obj
 0004:00004254       $pdata$fclose$fin$0        0000000140062254     LIBCMT:fclose.obj
 0004:00004260       $pdata$__lock_fhandle$fin$0 0000000140062260     LIBCMT:osfinfo.obj
 0004:0000426c       $pdata$_close$fin$0        000000014006226c     LIBCMT:close.obj
 0004:0000426c       $pdata$_commit$fin$0       000000014006226c     LIBCMT:close.obj
 0004:00004278       $pdata$_CallSETranslator$filt$0 0000000140062278     LIBCMT:trnsctrl.obj
 0004:00004284       $pdata$__CxxCallCatchBlock$filt$0 0000000140062284     LIBCMT:frame.obj
 0004:00004290       $pdata$__CxxCallCatchBlock$fin$1 0000000140062290     LIBCMT:frame.obj
 0004:0000429c       $pdata$__DestructExceptionObject$filt$0 000000014006229c     LIBCMT:frame.obj
 0004:000042a8       $pdata$__FrameUnwindToState$filt$0 00000001400622a8     LIBCMT:frame.obj
 0004:000042b4       $pdata$__FrameUnwindToState$fin$1 00000001400622b4     LIBCMT:frame.obj
 0004:000042c0       $pdata$??__F_AtlWinModule@ATL@@YAXXZ 00000001400622c0     Colorpge.obj
 0004:000042cc       $pdata$??__F?wndTop@CWMHnd@@2V1@B@@YAXXZ 00000001400622cc     Stdafx.obj
 0004:000042d8       $pdata$??__F?wndBottom@CWMHnd@@2V1@B@@YAXXZ 00000001400622d8     Stdafx.obj
 0004:000042e4       $pdata$??__F?wndTopMost@CWMHnd@@2V1@B@@YAXXZ 00000001400622e4     Stdafx.obj
 0004:000042f0       $pdata$??__F?wndNoTopMost@CWMHnd@@2V1@B@@YAXXZ 00000001400622f0     Stdafx.obj
 0005:000016b0       $R000000                   00000001400646b0     Propdlg.res
 0005:00001998       $R0002E8                   0000000140064998     Propdlg.res
 0005:00001ac0       $R000410                   0000000140064ac0     Propdlg.res
 0005:00001ae8       $R000438                   0000000140064ae8     Propdlg.res
 0005:00001dd0       $R000720                   0000000140064dd0     Propdlg.res
 0005:00001de8       $R000738                   0000000140064de8     Propdlg.res
 0005:00002288       $R000BD8                   0000000140065288     Propdlg.res
 0005:000023c8       $R000D18                   00000001400653c8     Propdlg.res
 0005:00002768       $R0010B8                   0000000140065768     Propdlg.res
 0005:000027d8       $R001128                   00000001400657d8     Propdlg.res
 0005:00002910       $R001260                   0000000140065910     Propdlg.res
 0005:000029e8       $R001338                   00000001400659e8     Propdlg.res
 0005:00002ac0       $R001410                   0000000140065ac0     Propdlg.res
 0005:00002d98       $R0016E8                   0000000140065d98     Propdlg.res
 0005:00002ed0       $R001820                   0000000140065ed0     Propdlg.res
 0005:00002f88       $R0018D8                   0000000140065f88     Propdlg.res
 0005:00002fb0       $R001900                   0000000140065fb0     Propdlg.res
 0005:000030e8       $R001A38                   00000001400660e8     Propdlg.res
 0005:000031a0       $R001AF0                   00000001400661a0     Propdlg.res
 0005:000031c8       $R001B18                   00000001400661c8     Propdlg.res
 0005:00003300       $R001C50                   0000000140066300     Propdlg.res
 0005:000033b8       $R001D08                   00000001400663b8     Propdlg.res
 0005:000033e0       $R001D30                   00000001400663e0     Propdlg.res
 0005:00003518       $R001E68                   0000000140066518     Propdlg.res
 0005:000035d0       $R001F20                   00000001400665d0     Propdlg.res
 0005:000035f8       $R001F48                   00000001400665f8     Propdlg.res
 0005:00003730       $R002080                   0000000140066730     Propdlg.res
 0005:000037e8       $R002138                   00000001400667e8     Propdlg.res
 0005:00003810       $R002160                   0000000140066810     Propdlg.res
 0005:00003a10       $R002360                   0000000140066a10     Propdlg.res
 0005:00003ac8       $R002418                   0000000140066ac8     Propdlg.res
 0005:00003af0       $R002440                   0000000140066af0     Propdlg.res
 0005:00003cf0       $R002640                   0000000140066cf0     Propdlg.res
 0005:00003da8       $R0026F8                   0000000140066da8     Propdlg.res
 0005:00003dd0       $R002720                   0000000140066dd0     Propdlg.res
 0005:00003fd0       $R002920                   0000000140066fd0     Propdlg.res
 0005:00004088       $R0029D8                   0000000140067088     Propdlg.res
 0005:000040b0       $R002A00                   00000001400670b0     Propdlg.res
 0005:000042b0       $R002C00                   00000001400672b0     Propdlg.res
 0005:00004368       $R002CB8                   0000000140067368     Propdlg.res
 0005:00004390       $R002CE0                   0000000140067390     Propdlg.res
 0005:000044c8       $R002E18                   00000001400674c8     Propdlg.res
 0005:00004580       $R002ED0                   0000000140067580     Propdlg.res
 0005:000045a8       $R002EF8                   00000001400675a8     Propdlg.res
 0005:000046e0       $R003030                   00000001400676e0     Propdlg.res
 0005:00004798       $R0030E8                   0000000140067798     Propdlg.res
 0005:000047c0       $R003110                   00000001400677c0     Propdlg.res
 0005:000048f8       $R003248                   00000001400678f8     Propdlg.res
 0005:00004910       $R003260                   0000000140067910     Propdlg.res
 0005:00004a48       $R003398                   0000000140067a48     Propdlg.res
 0005:00004a60       $R0033B0                   0000000140067a60     Propdlg.res
 0005:00004b98       $R0034E8                   0000000140067b98     Propdlg.res
 0005:00004bb0       $R003500                   0000000140067bb0     Propdlg.res
 0005:00004ce8       $R003638                   0000000140067ce8     Propdlg.res
 0005:00004d00       $R003650                   0000000140067d00     Propdlg.res
 0005:00004e38       $R003788                   0000000140067e38     Propdlg.res
 0005:00004e50       $R0037A0                   0000000140067e50     Propdlg.res
 0005:00004f88       $R0038D8                   0000000140067f88     Propdlg.res
 0005:00004fa0       $R0038F0                   0000000140067fa0     Propdlg.res
 0005:000050d8       $R003A28                   00000001400680d8     Propdlg.res
 0005:000050f0       $R003A40                   00000001400680f0     Propdlg.res
 0005:00005228       $R003B78                   0000000140068228     Propdlg.res
 0005:00005240       $R003B90                   0000000140068240     Propdlg.res
 0005:00005378       $R003CC8                   0000000140068378     Propdlg.res
 0005:00005390       $R003CE0                   0000000140068390     Propdlg.res
 0005:000054c8       $R003E18                   00000001400684c8     Propdlg.res
 0005:000054e0       $R003E30                   00000001400684e0     Propdlg.res
 0005:00005618       $R003F68                   0000000140068618     Propdlg.res
 0005:00005630       $R003F80                   0000000140068630     Propdlg.res
 0005:00005768       $R0040B8                   0000000140068768     Propdlg.res
 0005:00005780       $R0040D0                   0000000140068780     Propdlg.res
 0005:000058b8       $R004208                   00000001400688b8     Propdlg.res
 0005:000058d0       $R004220                   00000001400688d0     Propdlg.res
 0005:00005a08       $R004358                   0000000140068a08     Propdlg.res
 0005:00005a20       $R004370                   0000000140068a20     Propdlg.res
 0005:00005b08       $R004458                   0000000140068b08     Propdlg.res
 0005:00005b40       $R004490                   0000000140068b40     Propdlg.res
 0005:00005bf8       $R004548                   0000000140068bf8     Propdlg.res
 0005:00005d40       $R004690                   0000000140068d40     Propdlg.res
 0005:00005e78       $R0047C8                   0000000140068e78     Propdlg.res
 0005:00005f30       $R004880                   0000000140068f30     Propdlg.res
 0005:00005f58       $R0048A8                   0000000140068f58     Propdlg.res
 0005:00006100       $R004A50                   0000000140069100     Propdlg.res
 0005:00006260       $R004BB0                   0000000140069260     Propdlg.res
 0005:00006278       $R004BC8                   0000000140069278     Propdlg.res
 0005:00006380       $R004CD0                   0000000140069380     Propdlg.res
 0005:000063c8       $R004D18                   00000001400693c8     Propdlg.res
 0005:00006410       $R004D60                   0000000140069410     Propdlg.res
 0005:00006618       $R004F68                   0000000140069618     Propdlg.res
 0005:00006668       $R004FB8                   0000000140069668     Propdlg.res
 0005:00006758       $R0050A8                   0000000140069758     Propdlg.res
 0005:00006808       $R005158                   0000000140069808     Propdlg.res
 0005:000068b8       $R005208                   00000001400698b8     Propdlg.res
 0005:00006aa8       $R0053F8                   0000000140069aa8     Propdlg.res
 0005:00006d40       $R005690                   0000000140069d40     Propdlg.res
 0005:00006dc8       $R005718                   0000000140069dc8     Propdlg.res
 0005:00006fc0       $R005910                   0000000140069fc0     Propdlg.res
 0005:00007070       $R0059C0                   000000014006a070     Propdlg.res
 0005:00007278       $R005BC8                   000000014006a278     Propdlg.res
 0005:000072c0       $R005C10                   000000014006a2c0     Propdlg.res
 0005:00007348       $R005C98                   000000014006a348     Propdlg.res
 0005:00007378       $R005CC8                   000000014006a378     Propdlg.res
 0005:00007500       $R005E50                   000000014006a500     Propdlg.res
 0005:000079e8       $R006338                   000000014006a9e8     Propdlg.res
 0005:00007b88       $R0064D8                   000000014006ab88     Propdlg.res
 0005:00007e68       $R0067B8                   000000014006ae68     Propdlg.res
 0005:000080d0       $R006A20                   000000014006b0d0     Propdlg.res
 0005:00008120       $R006A70                   000000014006b120     Propdlg.res
 0005:000085c8       $R006F18                   000000014006b5c8     Propdlg.res
 0005:000087f0       $R007140                   000000014006b7f0     Propdlg.res
 0005:000088d0       $R007220                   000000014006b8d0     Propdlg.res
 0005:00008900       $R007250                   000000014006b900     Propdlg.res
 0005:00008990       $R0072E0                   000000014006b990     Propdlg.res
 0005:00008ed0       $R007820                   000000014006bed0     Propdlg.res
 0005:00008ff8       $R007948                   000000014006bff8     Propdlg.res
