 propdlg

 Timestamp is 5947405d (Mon Jun 19 12:09:17 2017)

 Preferred load address is 0000000140000000

 Start         Length     Name                   Class
 0001:00000000 0000011cH .text$di                CODE
 0001:00000120 0003c718H .text$mn                CODE
 0001:0003c840 000015acH .text$x                 CODE
 0001:0003ddf0 00000108H .text$yd                CODE
 0002:00000000 00000b30H .idata$5                DATA
 0002:00000b30 00000008H .CRT$XCA                DATA
 0002:00000b38 00000008H .CRT$XCL                DATA
 0002:00000b40 00000038H .CRT$XCU                DATA
 0002:00000b78 00000008H .CRT$XCZ                DATA
 0002:00000b80 00000008H .CRT$XIA                DATA
 0002:00000b88 00000020H .CRT$XIC                DATA
 0002:00000ba8 00000008H .CRT$XIY                DATA
 0002:00000bb0 00000008H .CRT$XIZ                DATA
 0002:00000bb8 00000008H .CRT$XPA                DATA
 0002:00000bc0 00000010H .CRT$XPX                DATA
 0002:00000bd0 00000008H .CRT$XPXA               DATA
 0002:00000bd8 00000008H .CRT$XPZ                DATA
 0002:00000be0 00000008H .CRT$XTA                DATA
 0002:00000be8 00000008H .CRT$XTZ                DATA
 0002:00000bf0 0000a4a0H .rdata                  DATA
 0002:0000b090 000001ecH .rdata$r                DATA
 0002:0000b280 00000008H .rtc$IAA                DATA
 0002:0000b288 00000008H .rtc$IZZ                DATA
 0002:0000b290 00000008H .rtc$TAA                DATA
 0002:0000b298 00000008H .rtc$TZZ                DATA
 0002:0000b2a0 00006058H .xdata                  DATA
 0002:000112f8 00000274H .xdata$x                DATA
 0002:00011570 00000000H ATL$__a                 DATA
 0002:00011570 00000000H ATL$__z                 DATA
 0002:00011570 00000000H .edata                  DATA
 0002:00011570 000000c8H .idata$2                DATA
 0002:00011638 00000014H .idata$3                DATA
 0002:00011650 00000b30H .idata$4                DATA
 0002:00012180 000017c2H .idata$6                DATA
 0003:00000000 000017f0H .data                   DATA
 0003:000017f0 00000158H .data$r                 DATA
 0003:00001960 00002a98H .bss                    DATA
 0004:00000000 00003c48H .pdata                  DATA
 0005:00000000 000016a8H .rsrc$01                DATA
 0005:000016b0 00007b70H .rsrc$02                DATA

  Address         Publics by Value              Rva+Base               Lib:Object

 0000:00000000       __guard_fids_count         0000000000000000     <absolute>
 0000:00000000       ___safe_se_handler_count   0000000000000000     <absolute>
 0000:00000000       __guard_flags              0000000000000000     <absolute>
 0000:00000000       __guard_fids_table         0000000000000000     <absolute>
 0000:00000000       ___safe_se_handler_table   0000000000000000     <absolute>
 0000:00000000       __ImageBase                0000000140000000     <linker-defined>
 0001:00000120       ??_ECColorPage@@UEAAPEAXI@Z 0000000140001120 f i * CIL library *:* CIL module *
 0001:00000120       ??_ECPropertyPageMTL@@UEAAPEAXI@Z 0000000140001120 f i * CIL library *:* CIL module *
 0001:00000120       ??_GCPropertyPageMTL@@UEAAPEAXI@Z 0000000140001120 f i Colorpge.obj
 0001:00000120       ??_GCColorPage@@UEAAPEAXI@Z 0000000140001120 f i Colorpge.obj
 0001:00000120       ??_ECStylePage@@UEAAPEAXI@Z 0000000140001120 f i * CIL library *:* CIL module *
 0001:00000120       ??_GCStylePage@@UEAAPEAXI@Z 0000000140001120 f i Stylepge.obj
 0001:00000150       ??1CColorPage@@UEAA@XZ     0000000140001150 f i Colorpge.obj
 0001:00000150       ??1CStylePage@@UEAA@XZ     0000000140001150 f i Propsht.obj
 0001:00000160       ?DoDataExchange@CColorPage@@MEAAXPEAVCDataExchange@@@Z 0000000140001160 f   Colorpge.obj
 0001:00000180       ?OnStyleClicked@CStylePage@@IEAAXI@Z 0000000140001180 f   Stylepge.obj
 0001:00000180       ?OnColorClicked@CColorPage@@IEAAXI@Z 0000000140001180 f   Colorpge.obj
 0001:00000370       ?_ProcessWindowMessage@CColorPage@@UEAAHPEAUHWND__@@I_K_JAEA_J@Z 0000000140001370 f i Colorpge.obj
 0001:000003b0       ?DDX_Radio@@YAXPEAVCDataExchange@@HAEAH@Z 00000001400013b0 f i Colorpge.obj
 0001:00000490       ??1CPropertyPageMTL@@UEAA@XZ 0000000140001490 f i Colorpge.obj
 0001:000005a0       ?OnCtlColor@CPropertySheetMTL@@QEAAPEAUHBRUSH__@@PEAVCDCMTL@@PEAVCWnd@@I@Z 00000001400015a0 f i Propsht.obj
 0001:000005a0       ?OnCtlColor@CPropertyPageMTL@@QEAAPEAUHBRUSH__@@PEAVCDCMTL@@PEAVCWnd@@I@Z 00000001400015a0 f i Colorpge.obj
 0001:00000660       ?_ProcessWindowMessage@CPropertyPageMTL@@UEAAHPEAUHWND__@@I_K_JAEA_J@Z 0000000140001660 f i Colorpge.obj
 0001:000007d0       ?PreTranslateMessage@CPropertyPageMTL@@UEAAHPEAUtagMSG@@@Z 00000001400017d0 f i Colorpge.obj
 0001:000007d0       ?PreTranslateMessage@CWnd@@UEAAHPEAUtagMSG@@@Z 00000001400017d0 f i Colorpge.obj
 0001:00000810       ?MapWizardResult@CPropertyPageMTL@@QEAA_J_J@Z 0000000140001810 f i Colorpge.obj
 0001:00000890       ?OnNotify@CPropertyPageMTL@@UEAAH_K_JPEA_J@Z 0000000140001890 f i Colorpge.obj
 0001:00000b00       ?GetSafeOwner_@CWnd@@SAPEAUHWND__@@PEAU2@PEAPEAU2@@Z 0000000140001b00 f i Colorpge.obj
 0001:00000c24       ??_9CDialog@@$BPA@AA       0000000140001c24 f i Colorpge.obj
 0001:00000c30       ??_9CDialog@@$BPI@AA       0000000140001c30 f i Colorpge.obj
 0001:00000c40       ?_ProcessWindowMessage@CDialog@@UEAAHPEAUHWND__@@I_K_JAEA_J@Z 0000000140001c40 f i Colorpge.obj
 0001:00000c40       ?_ProcessWindowMessage@CAboutDlg@@UEAAHPEAUHWND__@@I_K_JAEA_J@Z 0000000140001c40 f i Propdlg.obj
 0001:00000c40       ?_ProcessWindowMessage@CCommonDialog@@UEAAHPEAUHWND__@@I_K_JAEA_J@Z 0000000140001c40 f i Propdlg.obj
 0001:00000cb0       ?OnCmdMsg@CDialog@@UEAAHIHPEAXPEAUAFX_CMDHANDLERINFO@@@Z 0000000140001cb0 f i Colorpge.obj
 0001:00000cb0       ?OnCmdMsg@CPropertySheetMTL@@UEAAHIHPEAXPEAUAFX_CMDHANDLERINFO@@@Z 0000000140001cb0 f i Propsht.obj
 0001:00000da0       ??_GCDialog@@UEAAPEAXI@Z   0000000140001da0 f i Colorpge.obj
 0001:00000da0       ??_GCPrintingDialog@@UEAAPEAXI@Z 0000000140001da0 f i Shapesvw.obj
 0001:00000da0       ??_ECShapePreviewWnd@@UEAAPEAXI@Z 0000000140001da0 f i * CIL library *:* CIL module *
 0001:00000da0       ??_GCShapePreviewWnd@@UEAAPEAXI@Z 0000000140001da0 f i Preview.obj
 0001:00000da0       ??_ECWnd@@UEAAPEAXI@Z      0000000140001da0 f i * CIL library *:* CIL module *
 0001:00000da0       ??_ECPrintingDialog@@UEAAPEAXI@Z 0000000140001da0 f i * CIL library *:* CIL module *
 0001:00000da0       ??_GCNewTypeDlg@@UEAAPEAXI@Z 0000000140001da0 f i Propdlg.obj
 0001:00000da0       ??_ECNewTypeDlg@@UEAAPEAXI@Z 0000000140001da0 f i * CIL library *:* CIL module *
 0001:00000da0       ??_E_AFX_MOUSEANCHORWND@@UEAAPEAXI@Z 0000000140001da0 f i * CIL library *:* CIL module *
 0001:00000da0       ??_GCAboutDlg@@UEAAPEAXI@Z 0000000140001da0 f i Propdlg.obj
 0001:00000da0       ??_GCWnd@@UEAAPEAXI@Z      0000000140001da0 f i Colorpge.obj
 0001:00000da0       ??_G_AFX_MOUSEANCHORWND@@UEAAPEAXI@Z 0000000140001da0 f i Stdafx.obj
 0001:00000da0       ??_ECDialog@@UEAAPEAXI@Z   0000000140001da0 f i * CIL library *:* CIL module *
 0001:00000da0       ??_ECAboutDlg@@UEAAPEAXI@Z 0000000140001da0 f i * CIL library *:* CIL module *
 0001:00000e10       ?PreTranslateMessage@CDialog@@UEAAHPEAUtagMSG@@@Z 0000000140001e10 f i Colorpge.obj
 0001:00000f20       ?OnOK@CDialog@@UEAAXXZ     0000000140001f20 f i Colorpge.obj
 0001:00000fb0       ?OnCancel@CDialog@@UEAAXXZ 0000000140001fb0 f i Colorpge.obj
 0001:00000ff0       ?Create@CDialog@@UEAAHIPEAVCWnd@@@Z 0000000140001ff0 f i Colorpge.obj
 0001:00001000       ?CreateIndirect@CDialog@@UEAAHPEAXPEAVCWnd@@PEAUHINSTANCE__@@@Z 0000000140002000 f i Colorpge.obj
 0001:000010a0       ??1CCommonDialog@@UEAA@XZ  00000001400020a0 f i Propdlg.obj
 0001:000010a0       ??1CWnd@@UEAA@XZ           00000001400020a0 f i Colorpge.obj
 0001:000010a0       ??1CPrintingDialog@@UEAA@XZ 00000001400020a0 f i Shapesvw.obj
 0001:000010a0       ??1CAboutDlg@@UEAA@XZ      00000001400020a0 f i Propdlg.obj
 0001:000010a0       ??1CShapePreviewWnd@@UEAA@XZ 00000001400020a0 f i Preview.obj
 0001:000010a0       ??1CDialog@@UEAA@XZ        00000001400020a0 f i Colorpge.obj
 0001:000010a0       ??1CNewTypeDlg@@UEAA@XZ    00000001400020a0 f i Propdlg.obj
 0001:000010f0       ?classHandleFuncCDialog@CDialog@@SAPEAXPEAX0@Z 00000001400020f0 f i Colorpge.obj
 0001:00001190       ?CreateDlgIndirect@CWnd@@QEAAHPEBUDLGTEMPLATE@@PEAV1@PEAUHINSTANCE__@@@Z 0000000140002190 f i Colorpge.obj
 0001:00001240       ?CreateDlg@CWnd@@QEAAHPEB_WPEAV1@@Z 0000000140002240 f i Colorpge.obj
 0001:000012e0       ?Create@CDialog@@UEAAHPEB_WPEAVCWnd@@@Z 00000001400022e0 f i Colorpge.obj
 0001:00001350       ?IsIdleMessage@CWinApp@@SAHPEAUtagMSG@@@Z 0000000140002350 f i Colorpge.obj
 0001:00001380       ?RunModalLoop@CWnd@@QEAAHK@Z 0000000140002380 f i Colorpge.obj
 0001:00001540       ?DoModal@CDialog@@UEAA_JXZ 0000000140002540 f i Colorpge.obj
 0001:00001720       ?OnOK@CPropertyPageMTL@@UEAAXXZ 0000000140002720 f i Colorpge.obj
 0001:00001720       ?OnEndPrinting@CShapesView@@MEAAXPEAVCDCMTL@@PEAUCPrintInfo@@@Z 0000000140002720 f i Shapesvw.obj
 0001:00001720       ?Serialize@CObject@@UEAAXAEAVCArchive@@@Z 0000000140002720 f i Colorpge.obj
 0001:00001720       ?PostNcDestroy@CWMHnd@@UEAAXXZ 0000000140002720 f i Colorpge.obj
 0001:00001720       ?OnDocumentEvent@CDocument@@UEAAXW4DocumentEvent@1@@Z 0000000140002720 f i Shapedoc.obj
 0001:00001720       ?RegisterShellFileTypes@CDocManager@@UEAAXH@Z 0000000140002720 f i Propdlg.obj
 0001:00001720       ?SetCheck@CTestCmdUI@@UEAAXH@Z 0000000140002720 f i Colorpge.obj
 0001:00001720       ?PreCloseFrame@CDocument@@UEAAXPEAVCFrameWnd@@@Z 0000000140002720 f i Shapedoc.obj
 0001:00001720       ?DeleteContents@CDocument@@UEAAXXZ 0000000140002720 f i Shapedoc.obj
 0001:00001720       ?OnFileNameChange@CFileDialogMTL@@UEAAXXZ 0000000140002720 f i Propdlg.obj
 0001:00001720       ?OnActivateFrame@CView@@UEAAXIPEAVCFrameWnd@@@Z 0000000140002720 f i Shapesvw.obj
 0001:00001720       ?OnFolderChange@CFileDialogMTL@@UEAAXXZ 0000000140002720 f i Propdlg.obj
 0001:00001720       ?SetText@CTestCmdUI@@UEAAXPEB_W@Z 0000000140002720 f i Colorpge.obj
 0001:00001720       ?SetRadio@CTestCmdUI@@UEAAXH@Z 0000000140002720 f i Colorpge.obj
 0001:00001720       ?DoDataExchange@CWMHnd@@UEAAXPEAVCDataExchange@@@Z 0000000140002720 f i Colorpge.obj
 0001:00001720       ?OnFinalMessage@?$CWindowImplBaseT@VCWindow@ATL@@V?$CWinTraits@$0FGAAAAAA@$0A@@2@@ATL@@UEAAXPEAUHWND__@@@Z 0000000140002720 f i Propdlg.obj
 0001:00001720       ?OnBeginPrinting@CView@@UEAAXPEAVCDCMTL@@PEAUCPrintInfo@@@Z 0000000140002720 f i Shapesvw.obj
 0001:00001720       ?OnShowMenuBar@CFrameWnd@@UEAAXXZ 0000000140002720 f i Mainfrm.obj
 0001:00001720       ?OnEndPrinting@CView@@UEAAXPEAVCDCMTL@@PEAUCPrintInfo@@@Z 0000000140002720 f i Shapesvw.obj
 0001:00001720       ?OnTypeChange@CFileDialogMTL@@UEAAXXZ 0000000140002720 f i Propdlg.obj
 0001:00001720       ?DoDataExchange@CAboutDlg@@MEAAXPEAVCDataExchange@@@Z 0000000140002720 f i Propdlg.obj
 0001:00001720       ?OnCancel@CPropertyPageMTL@@UEAAXXZ 0000000140002720 f i Colorpge.obj
 0001:00001720       ?OnBeginPrinting@CShapesView@@MEAAXPEAVCDCMTL@@PEAUCPrintInfo@@@Z 0000000140002720 f i Shapesvw.obj
 0001:00001720       ?OnHideMenuBar@CFrameWnd@@UEAAXXZ 0000000140002720 f i Mainfrm.obj
 0001:00001720       ?SetText@CToolCmdUI@@UEAAXPEB_W@Z 0000000140002720 f i Mainfrm.obj
 0001:00001720       ?OnDraw@CView@@UEAAXPEAVCDCMTL@@@Z 0000000140002720 f i Shapesvw.obj
 0001:00001720       ?OnBarStyleChange@CControlBar@@UEAAXKK@Z 0000000140002720 f i Mainfrm.obj
 0001:00001720       ?OnLBSelChangedNotify@CFileDialogMTL@@UEAAXIII@Z 0000000140002720 f i Propdlg.obj
 0001:00001730       ?OnApply@CPropertyPageMTL@@UEAAHXZ 0000000140002730 f i Colorpge.obj
 0001:00001750       ?OnKillActive@CPropertyPageMTL@@UEAAHXZ 0000000140002750 f i Colorpge.obj
 0001:000017b0       ?OnQueryCancel@CPropertyPageMTL@@UEAAHXZ 00000001400027b0 f i Colorpge.obj
 0001:000017b0       ?InitInstance@CWinApp@@UEAAHXZ 00000001400027b0 f i Propdlg.obj
 0001:000017b0       ?IsFrameWnd@CFrameWnd@@UEAAHXZ 00000001400027b0 f i Mainfrm.obj
 0001:000017b0       ?OnPreparePrinting@CView@@UEAAHPEAUCPrintInfo@@@Z 00000001400027b0 f i Shapesvw.obj
 0001:000017c0       ?OnReset@CPropertyPageMTL@@UEAAXXZ 00000001400027c0 f i Colorpge.obj
 0001:000017d0       ?OnSetActive@CPropertyPageMTL@@UEAAHXZ 00000001400027d0 f i Colorpge.obj
 0001:00001840       ?GetDefaultAccelerator@CDocument@@UEAAPEAUHACCEL__@@XZ 0000000140002840 f i Shapedoc.obj
 0001:00001840       ?_ProcessWindowMessage@CPrintDialogMTL@@UEAAHPEAUHWND__@@I_K_JAEA_J@Z 0000000140002840 f i Propdlg.obj
 0001:00001840       ?OnScrollBy@CView@@UEAAHVCSize@WTL@@H@Z 0000000140002840 f i Shapesvw.obj
 0001:00001840       ?OnScroll@CView@@UEAAHIIH@Z 0000000140002840 f i Shapesvw.obj
 0001:00001840       ?OnWizardBack@CPropertyPageMTL@@UEAA_JXZ 0000000140002840 f i Colorpge.obj
 0001:00001840       ?OnShareViolation@CFileDialogMTL@@UEAAIPEB_W@Z 0000000140002840 f i Propdlg.obj
 0001:00001840       ?_ProcessWindowMessage@CCmdTarget@@UEAAHPEAUHWND__@@I_K_JAEA_J@Z 0000000140002840 f i Colorpge.obj
 0001:00001840       ?GetScrollBarCtrl@CWMHnd@@UEBAPEAVCScrollBarMTL@@H@Z 0000000140002840 f i Colorpge.obj
 0001:00001840       ?OnFileNameOK@CFileDialogMTL@@UEAAHXZ 0000000140002840 f i Propdlg.obj
 0001:00001840       ?IsDockBar@CControlBar@@UEBAHXZ 0000000140002840 f i Mainfrm.obj
 0001:00001840       ?IsFrameWnd@CWMHnd@@UEAAHXZ 0000000140002840 f i Colorpge.obj
 0001:00001840       ?OnWizardNext@CPropertyPageMTL@@UEAA_JXZ 0000000140002840 f i Colorpge.obj
 0001:00001840       ?IsTabbedMDIChild@CMDIChildWnd@@UEAAHXZ 0000000140002840 f i Stdafx.obj
 0001:00001840       ?GetEventSinkMap@CCmdTarget@@UEBAPEBUAFX_EVENTSINKMAP@@XZ 0000000140002840 f i Colorpge.obj
 0001:00001850       ?OnWizardFinish@CPropertyPageMTL@@UEAAHXZ 0000000140002850 f i Colorpge.obj
 0001:000018f0       ?OnWizardFinishEx@CPropertyPageMTL@@UEAAPEAUHWND__@@XZ 00000001400028f0 f i Colorpge.obj
 0001:00001910       ?GetParentSheet@CPropertyPageMTL@@UEAAPEAVCPropertySheetMTL@@XZ 0000000140002910 f i Colorpge.obj
 0001:00001950       ?AfxThrowMemoryException@@YAXXZ 0000000140002950 f i Colorpge.obj
 0001:000019f0       ?CenterWindow@CWindow@ATL@@QEAAHPEAUHWND__@@@Z 00000001400029f0 f i Colorpge.obj
 0001:00001bd0       ?AfxCallWndProc@CWnd@@QEAA_JPEAV1@I_K_J@Z 0000000140002bd0 f i Colorpge.obj
 0001:00001c60       ?SendMessageToDescendants@CWnd@@QEAAXPEAUHWND__@@I_K_JHH@Z 0000000140002c60 f i Colorpge.obj
 0001:00001d70       ?ExecuteDlgInit@CWnd@@QEAAHPEAX@Z 0000000140002d70 f i Colorpge.obj
 0001:00001e80       ?ExecuteDlgInit@CWnd@@QEAAHPEB_W@Z 0000000140002e80 f i Colorpge.obj
 0001:00001f20       ?OnInitDialog@CDialog@@UEAAHXZ 0000000140002f20 f i Colorpge.obj
 0001:00001fd0       ?AfxDlgProc@CWnd@@SA_JPEAUHWND__@@I_K_J@Z 0000000140002fd0 f i Colorpge.obj
 0001:00002070       ?AfxPropPageCallback@CPropertyPageMTL@@SAIPEAUHWND__@@IPEAU_PROPSHEETPAGEW@@@Z 0000000140003070 f i Colorpge.obj
 0001:000020c0       ?AssignCopy@CString@WTL@@IEAAXHPEB_W@Z 00000001400030c0 f i Colorpge.obj
 0001:00002170       ?GetBuffer@CString@WTL@@QEAAPEA_WH@Z 0000000140003170 f i Colorpge.obj
 0001:00002210       ?CopyBeforeWrite@CString@WTL@@IEAAXXZ 0000000140003210 f i Colorpge.obj
 0001:000022a0       ?LoadStringW@CString@WTL@@QEAAHI@Z 00000001400032a0 f i Colorpge.obj
 0001:000024e0       ?CalcWindowRect@CWMHnd@@UEAAXPEAUtagRECT@@I@Z 00000001400034e0 f i Colorpge.obj
 0001:00002550       ?FromHandle@?$CHandleList@PEAUHMENU__@@VCMenuMTL@@PEAUHWND__@@@@QEAAPEAVCMenuMTL@@QEAUHMENU__@@PEAV2@QEAUHWND__@@Q6APEAXPEAX3@Z@Z 0000000140003550 f i Colorpge.obj
 0001:00002550       ?FromHandle@?$CHandleList@PEAXVCGdiObject@@PEAUHWND__@@@@QEAAPEAVCGdiObject@@QEAXPEAV2@QEAUHWND__@@Q6APEAXPEAX3@Z@Z 0000000140003550 f i Preview.obj
 0001:00002550       ?FromHandle@?$CHandleList@PEAUHDC__@@VCDCMTL@@PEAUHWND__@@@@QEAAPEAVCDCMTL@@QEAUHDC__@@PEAV2@QEAUHWND__@@Q6APEAXPEAX3@Z@Z 0000000140003550 f i Shapesvw.obj
 0001:00002630       ?FromHandleMenu@CWinApp@@QEAAPEAVCMenuMTL@@PEAUHMENU__@@PEAV2@PEAUHWND__@@P6APEAXPEAX3@Z@Z 0000000140003630 f i Colorpge.obj
 0001:00002650       ??_GCMenuMTL@@UEAAPEAXI@Z  0000000140003650 f i Colorpge.obj
 0001:00002650       ??_ECMenuMTL@@UEAAPEAXI@Z  0000000140003650 f i * CIL library *:* CIL module *
 0001:000026c0       ?RemoveHandle@?$CHandleList@PEAUHMENU__@@VCMenuMTL@@PEAUHWND__@@@@QEAAPEAUHMENU__@@QEAU2@@Z 00000001400036c0 f i Colorpge.obj
 0001:000026c0       ?RemoveHandle@?$CHandleList@PEAXVCGdiObject@@PEAUHWND__@@@@QEAAPEAXQEAX@Z 00000001400036c0 f i Preview.obj
 0001:000026c0       ?RemoveHandle@?$CHandleList@PEAUHDC__@@VCDCMTL@@PEAUHWND__@@@@QEAAPEAUHDC__@@QEAU2@@Z 00000001400036c0 f i Colorpge.obj
 0001:00002740       ?RemoveHandleMenu@CWinApp@@QEAAPEAUHMENU__@@PEAU2@@Z 0000000140003740 f i Colorpge.obj
 0001:00002760       ??1CMenuMTL@@UEAA@XZ       0000000140003760 f i Colorpge.obj
 0001:000027b0       ?classHandleFuncCMenuMTL@CMenuMTL@@SAPEAXPEAX0@Z 00000001400037b0 f i Colorpge.obj
 0001:00002810       ?GetMenu@CWMHnd@@UEBAPEAVCMenuMTL@@XZ 0000000140003810 f i Colorpge.obj
 0001:00002850       ?SetMenu@CWMHnd@@UEAAHPEAVCMenuMTL@@@Z 0000000140003850 f i Colorpge.obj
 0001:00002870       ?OnCancel@CCommonDialog@@UEAAXXZ 0000000140003870 f i Propdlg.obj
 0001:00002870       ?OnInitDialog@CWMHnd@@UEAAHXZ 0000000140003870 f i Colorpge.obj
 0001:000028a0       ?_AfxTopChildWindowFromPoint@CWnd@@SAPEAUHWND__@@PEAU2@UtagPOINT@@@Z 00000001400038a0 f i Colorpge.obj
 0001:00002990       ?OnToolHitTest@CWnd@@UEBA_JVCPoint@WTL@@PEAUtagTOOLINFOW@@@Z 0000000140003990 f i Colorpge.obj
 0001:00002a40       ?Create@CWnd@@UEAAHPEB_W0KAEBUtagRECT@@PEAV1@IPEAUCCreateContext@@@Z 0000000140003a40 f i Colorpge.obj
 0001:00002b00       ?AtlWinModuleExtractCreateWndData@ATL@@YAPEAXPEAU_ATL_WIN_MODULE70@1@@Z 0000000140003b00 f i Colorpge.obj
 0001:00002b80       ?AtlWinModuleTerm@ATL@@YAJPEAU_ATL_WIN_MODULE70@1@PEAUHINSTANCE__@@@Z 0000000140003b80 f i Colorpge.obj
 0001:00002c60       ?_AtlInitializeCriticalSectionEx@ATL@@YAHPEAU_RTL_CRITICAL_SECTION@@KK@Z 0000000140003c60 f i Colorpge.obj
 0001:00002c70       ??0CAtlWinModule@ATL@@QEAA@XZ 0000000140003c70 f i Colorpge.obj
 0001:00002d10       ?Init@CDynamicStdCallThunk@ATL@@QEAAH_KPEAX@Z 0000000140003d10 f i Colorpge.obj
 0001:00002da0       ?GetParent@CWnd@@QEAAPEAV1@XZ 0000000140003da0 f i Colorpge.obj
 0001:00002de0       ?EnableWindow@CWMHnd@@UEAAXH@Z 0000000140003de0 f i Colorpge.obj
 0001:00002e00       ?Enable@CCmdUI@@UEAAXH@Z   0000000140003e00 f i Colorpge.obj
 0001:00002ee0       ?SetCheck@CCmdUI@@UEAAXH@Z 0000000140003ee0 f i Colorpge.obj
 0001:00002f70       ?SetRadio@CCmdUI@@UEAAXH@Z 0000000140003f70 f i Colorpge.obj
 0001:00002fd0       ?AfxSetWindowText@CAfx@@SAXPEAUHWND__@@PEB_W@Z 0000000140003fd0 f i Colorpge.obj
 0001:00003070       ?SetText@CCmdUI@@UEAAXPEB_W@Z 0000000140004070 f i Colorpge.obj
 0001:000030f0       ?Enable@CTestCmdUI@@UEAAXH@Z 00000001400040f0 f i Colorpge.obj
 0001:00003100       ?OnCommand@CWnd@@UEAAH_K_J@Z 0000000140004100 f i Colorpge.obj
 0001:00003200       ?ReflectLastMsg@CWnd@@SAHPEAUHWND__@@PEA_J@Z 0000000140004200 f i Colorpge.obj
 0001:00003270       ?OnNotify@CWnd@@UEAAH_K_JPEA_J@Z 0000000140004270 f i Colorpge.obj
 0001:00003320       ?ReflectChildNotify@CWnd@@QEAAHI_K_JPEA_J@Z 0000000140004320 f i Colorpge.obj
 0001:00003460       ?OnChildNotify@CWnd@@UEAAHI_K_JPEA_J@Z 0000000140004460 f i Colorpge.obj
 0001:00003470       ??_ECDCMTL@@UEAAPEAXI@Z    0000000140004470 f i * CIL library *:* CIL module *
 0001:00003470       ??_GCDCMTL@@UEAAPEAXI@Z    0000000140004470 f i Colorpge.obj
 0001:000034e0       ?SetAttribDC@CDCMTL@@UEAAXPEAUHDC__@@@Z 00000001400044e0 f i Colorpge.obj
 0001:000034f0       ?ReleaseAttribDC@CDCMTL@@UEAAXXZ 00000001400044f0 f i Colorpge.obj
 0001:00003500       ?SaveDC@CDCMTL@@UEAAHXZ    0000000140004500 f i Colorpge.obj
 0001:00003550       ?RestoreDC@CDCMTL@@UEAAHH@Z 0000000140004550 f i Colorpge.obj
 0001:000035b0       ?TextOutW@CDCMTL@@UEAAHHHPEB_WH@Z 00000001400045b0 f i Colorpge.obj
 0001:000035c0       ?RemoveHandleDC@CWinApp@@QEAAPEAUHDC__@@PEAU2@@Z 00000001400045c0 f i Colorpge.obj
 0001:000035e0       ??1CDCMTL@@UEAA@XZ         00000001400045e0 f i Colorpge.obj
 0001:00003640       ?GetCurrentMessage@CCmdTarget@@UEBAPEBU_ATL_MSG@ATL@@XZ 0000000140004640 f i Colorpge.obj
 0001:00003650       ?AfxUnsubclassWindow@CWnd@@QEAAPEAUHWND__@@XZ 0000000140004650 f i Colorpge.obj
 0001:000036d0       ?OnNcDestroy@CWnd@@QEAAXXZ 00000001400046d0 f i Colorpge.obj
 0001:000037b0       ?_ProcessWindowMessage@CWnd@@UEAAHPEAUHWND__@@I_K_JAEA_J@Z 00000001400047b0 f i Colorpge.obj
 0001:000039a0       ?OnWndMsg@CWnd@@UEAAHI_K_JPEA_J@Z 00000001400049a0 f i Colorpge.obj
 0001:00003a40       ?DefWindowProcW@CWnd@@UEAA_JI_K_J@Z 0000000140004a40 f i Colorpge.obj
 0001:00003a70       ?WindowProc@CWnd@@UEAA_JI_K_J@Z 0000000140004a70 f i Colorpge.obj
 0001:00003ae0       ?AfxWindowProc@CWnd@@SA_JPEAUHWND__@@I_K_J@Z 0000000140004ae0 f i Colorpge.obj
 0001:00003b50       ?FromHandle@?$CHandleHashList@PEAUHWND__@@VCWMHnd@@PEAU1@$0BB@@@QEAAPEAVCWMHnd@@QEAUHWND__@@PEAV2@0Q6APEAXPEAX2@Z@Z 0000000140004b50 f i Colorpge.obj
 0001:00003c90       ?FromHandleWnd@CWinApp@@QEAAPEAVCWMHnd@@PEAUHWND__@@PEAV2@0P6APEAXPEAX2@Z@Z 0000000140004c90 f i Colorpge.obj
 0001:00003cb0       ?AfxSubclassWindow@CWnd@@QEAAHPEAUHWND__@@PEAUtagCREATESTRUCTW@@@Z 0000000140004cb0 f i Colorpge.obj
 0001:00003db0       ?CbtFilterHook@CWnd@@SA_JH_K_J@Z 0000000140004db0 f i Colorpge.obj
 0001:00003e50       ?HookWindowCreate@CWnd@@SAHPEAV1@G@Z 0000000140004e50 f i Colorpge.obj
 0001:00003f00       ?CreateEx@CWnd@@UEAAHKPEB_W0KHHHHPEAUHWND__@@PEAUHMENU__@@PEAX@Z 0000000140004f00 f i Colorpge.obj
 0001:00004080       ??0CString@WTL@@QEAA@XZ    0000000140005080 f i Colorpge.obj
 0001:00004090       ??1?$CList@PEAUCRuntimeClass@@AEBQEAU1@@@QEAA@XZ 0000000140005090 f i Colorpge.obj
 0001:00004090       ??1?$CList@PEAXPEAX@@QEAA@XZ 0000000140005090 f i Mainfrm.obj
 0001:00004090       ??1?$CList@PEAVCFrameWnd@@AEBQEAV1@@@QEAA@XZ 0000000140005090 f i Propdlg.obj
 0001:00004090       ??1?$CList@PEAUHWND__@@PEAU1@@@QEAA@XZ 0000000140005090 f i Mainfrm.obj
 0001:000040d0       ??1CString@WTL@@QEAA@XZ    00000001400050d0 f i Colorpge.obj
 0001:000040d0       ??1CStringW@@QEAA@XZ       00000001400050d0 f i Propdlg.obj
 0001:00004100       ??1CModuleState@@QEAA@XZ   0000000140005100 f i Colorpge.obj
 0001:00004190       ?_GetCModuleState@CWinApp@@SAPEAVCModuleState@@XZ 0000000140005190 f i Colorpge.obj
 0001:00004200       ?AllocBuffer@CString@WTL@@IEAAHH@Z 0000000140005200 f i Colorpge.obj
 0001:00004290       ?ConcatCopy@CString@WTL@@IEAAHHPEB_WH0@Z 0000000140005290 f i Colorpge.obj
 0001:00004350       ?ConcatInPlace@CString@WTL@@IEAAXHPEB_W@Z 0000000140005350 f i Colorpge.obj
 0001:00004410       ??YCString@WTL@@QEAAAEAV01@_W@Z 0000000140005410 f i Colorpge.obj
 0001:000044c0       ?AfxEndDeferRegisterClass@CAfx@@SAHJ@Z 00000001400054c0 f i Colorpge.obj
 0001:00004a00       ?PreCreateWindow@CWnd@@UEAAHAEAUtagCREATESTRUCTW@@@Z 0000000140005a00 f i Colorpge.obj
 0001:00004a50       ?ContinueModal@CWnd@@UEAAHXZ 0000000140005a50 f i Colorpge.obj
 0001:00004a60       ?EndModalLoop@CWnd@@UEAAXH@Z 0000000140005a60 f i Colorpge.obj
 0001:00004a90       ??1CWMHnd@@UEAA@XZ         0000000140005a90 f i Colorpge.obj
 0001:00004aa0       ??1CWndProcThunk@ATL@@QEAA@XZ 0000000140005aa0 f i Colorpge.obj
 0001:00004ab0       ?RemoveHandle@?$CHandleHashList@PEAUHWND__@@VCWMHnd@@PEAU1@$0BB@@@QEAAPEAUHWND__@@QEAU2@@Z 0000000140005ab0 f i Colorpge.obj
 0001:00004b70       ?RemoveOwner@?$CHandleHashList@PEAUHWND__@@VCWMHnd@@PEAU1@$0BB@@@QEAAHQEAUHWND__@@@Z 0000000140005b70 f i Colorpge.obj
 0001:00004c30       ?RemoveOwner@?$CHandleList@PEAXVCGdiObject@@PEAUHWND__@@@@QEAAHQEAUHWND__@@@Z 0000000140005c30 f i Colorpge.obj
 0001:00004c30       ?RemoveOwner@?$CHandleList@PEAUHDC__@@VCDCMTL@@PEAUHWND__@@@@QEAAHQEAUHWND__@@@Z 0000000140005c30 f i Colorpge.obj
 0001:00004c30       ?RemoveOwner@?$CHandleList@PEAUHMENU__@@VCMenuMTL@@PEAUHWND__@@@@QEAAHQEAUHWND__@@@Z 0000000140005c30 f i Colorpge.obj
 0001:00004c30       ?RemoveOwner@?$CHandleList@PEAXXPEAUHWND__@@@@QEAAHQEAUHWND__@@@Z 0000000140005c30 f i Colorpge.obj
 0001:00004cc0       ?RemoveHandleWnd@CWinApp@@QEAAPEAUHWND__@@PEAU2@@Z 0000000140005cc0 f i Colorpge.obj
 0001:00004d60       ?DestroyWindow@CWnd@@UEAAHXZ 0000000140005d60 f i Colorpge.obj
 0001:00004d80       ?CWndDestruct@CWnd@@QEAAXXZ 0000000140005d80 f i Colorpge.obj
 0001:00004e00       ?classHandleFuncCWnd@CWnd@@SAPEAXPEAX0@Z 0000000140005e00 f i Colorpge.obj
 0001:00004e80       ?OnCmdMsg@CCmdTarget@@UEAAHIHPEAXPEAUAFX_CMDHANDLERINFO@@@Z 0000000140005e80 f i Colorpge.obj
 0001:00004fc0       ?AfxHelpEnabled@@YAHXZ     0000000140005fc0 f i Colorpge.obj
 0001:00005070       ?CommonConstruct@CPropertyPageMTL@@QEAAXPEB_WI@Z 0000000140006070 f i Colorpge.obj
 0001:00005120       ??0CPropertyPageMTL@@QEAA@IIK@Z 0000000140006120 f i Colorpge.obj
 0001:00005200       ?GetRuntimeClass@CMainFrame@@UEBAPEAUCRuntimeClass@@XZ 0000000140006200 f   Mainfrm.obj
 0001:00005210       ?_ProcessWindowMessage@CMainFrame@@UEAAHPEAUHWND__@@I_K_JAEA_J@Z 0000000140006210 f i Mainfrm.obj
 0001:00005340       ??0CMainFrame@@QEAA@XZ     0000000140006340 f   Mainfrm.obj
 0001:000053d0       ??_GCMainFrame@@UEAAPEAXI@Z 00000001400063d0 f i Mainfrm.obj
 0001:000053d0       ??_ECMainFrame@@UEAAPEAXI@Z 00000001400063d0 f i * CIL library *:* CIL module *
 0001:00005400       ??1CMainFrame@@UEAA@XZ     0000000140006400 f   Mainfrm.obj
 0001:000054d0       ?OnCreate@CMainFrame@@QEAAHPEAUtagCREATESTRUCTW@@@Z 00000001400064d0 f   Mainfrm.obj
 0001:000055b0       ?OnMiniFramePropertySheet@CMainFrame@@QEAAXXZ 00000001400065b0 f   Mainfrm.obj
 0001:000057d0       ?AllocElements@CStatusBar@@QEAAHHH@Z 00000001400067d0 f i Mainfrm.obj
 0001:000058b0       ?SetIndicators@CStatusBar@@QEAAHPEBIH@Z 00000001400068b0 f i Mainfrm.obj
 0001:00005ae0       ?SetButtons@CToolBar@@QEAAHPEBIH@Z 0000000140006ae0 f i Mainfrm.obj
 0001:00005c10       ?AfxLoadSysColorBitmap@@YAPEAUHBITMAP__@@PEAUHINSTANCE__@@PEAUHRSRC__@@H@Z 0000000140006c10 f i Mainfrm.obj
 0001:00005e70       ?AddReplaceBitmap@CToolBar@@QEAAHPEAUHBITMAP__@@@Z 0000000140006e70 f i Mainfrm.obj
 0001:00005f60       ?LoadBitmapW@CToolBar@@QEAAHPEB_W@Z 0000000140006f60 f i Mainfrm.obj
 0001:00005ff0       ?OnPaint@CToolBar@@QEAAXXZ 0000000140006ff0 f i Mainfrm.obj
 0001:00006080       ?OnSetBitmapSize@CToolBar@@QEAA_J_K_J@Z 0000000140007080 f i Mainfrm.obj
 0001:00006090       ?OnSetSizeHelper@CToolBar@@QEAA_JAEAVCSize@WTL@@_J@Z 0000000140007090 f i Mainfrm.obj
 0001:000061c0       ?OnSetButtonSize@CToolBar@@QEAA_J_K_J@Z 00000001400071c0 f i Mainfrm.obj
 0001:000061d0       ?OnPreserveSizingPolicyHelper@CToolBar@@QEAA_J_K_J@Z 00000001400071d0 f i Mainfrm.obj
 0001:000063a0       ?OnPreserveZeroBorderHelper@CToolBar@@QEAA_J_K_J@Z 00000001400073a0 f i Mainfrm.obj
 0001:000064b0       ?_ProcessWindowMessage@CToolBar@@UEAAHPEAUHWND__@@I_K_JAEA_J@Z 00000001400074b0 f i Mainfrm.obj
 0001:00006790       ??_GCStatusBar@@UEAAPEAXI@Z 0000000140007790 f i Mainfrm.obj
 0001:00006790       ??_ECControlBar@@UEAAPEAXI@Z 0000000140007790 f i * CIL library *:* CIL module *
 0001:00006790       ??_ECStatusBar@@UEAAPEAXI@Z 0000000140007790 f i * CIL library *:* CIL module *
 0001:00006790       ??_GCToolBar@@UEAAPEAXI@Z  0000000140007790 f i Mainfrm.obj
 0001:00006790       ??_GCControlBar@@UEAAPEAXI@Z 0000000140007790 f i Mainfrm.obj
 0001:00006790       ??_ECToolBar@@UEAAPEAXI@Z  0000000140007790 f i * CIL library *:* CIL module *
 0001:00006810       ?OnToolHitTest@CToolBar@@UEBA_JVCPoint@WTL@@PEAUtagTOOLINFOW@@@Z 0000000140007810 f i Mainfrm.obj
 0001:00006940       ?OnBarStyleChange@CToolBar@@UEAAXKK@Z 0000000140007940 f i Mainfrm.obj
 0001:00006990       ?Enable@CToolCmdUI@@UEAAXH@Z 0000000140007990 f i Mainfrm.obj
 0001:00006a10       ?SetButtonStyle@CToolBar@@QEAAXHI@Z 0000000140007a10 f i Mainfrm.obj
 0001:00006a90       ?SetCheck@CToolCmdUI@@UEAAXH@Z 0000000140007a90 f i Mainfrm.obj
 0001:00006b20       ?OnUpdateCmdUI@CToolBar@@UEAAXPEAVCFrameWnd@@H@Z 0000000140007b20 f i Mainfrm.obj
 0001:00006cb0       ?WrapToolBar@CToolBar@@QEAAHPEAU_TBBUTTON@@HH@Z 0000000140007cb0 f i Mainfrm.obj
 0001:00006dd0       ?SizeToolBar@CToolBar@@QEAAXPEAU_TBBUTTON@@HHH@Z 0000000140007dd0 f i Mainfrm.obj
 0001:00006fa0       ?CalcSize@CToolBar@@QEAA?AVCSize@WTL@@PEAU_TBBUTTON@@H@Z 0000000140007fa0 f i Mainfrm.obj
 0001:00007100       ?_SetButton@CToolBar@@QEAAXHPEAU_TBBUTTON@@@Z 0000000140008100 f i Mainfrm.obj
 0001:000072f0       ?CalcDynamicLayout@CToolBar@@UEAA?AVCSize@WTL@@HK@Z 00000001400082f0 f i Mainfrm.obj
 0001:00007350       ?CalcLayout@CToolBar@@QEAA?AVCSize@WTL@@KH@Z 0000000140008350 f i Mainfrm.obj
 0001:000079e0       ?CalcFixedLayout@CToolBar@@UEAA?AVCSize@WTL@@HH@Z 00000001400089e0 f i Mainfrm.obj
 0001:00007a20       ?Create@CToolBar@@UEAAHPEAVCWnd@@KI@Z 0000000140008a20 f i Mainfrm.obj
 0001:00007a70       ?_AfxGetDropDownWidth@CToolBar@@SAHXZ 0000000140008a70 f i Mainfrm.obj
 0001:00007b70       ?SetSizes@CToolBar@@QEAAXUtagSIZE@@0@Z 0000000140008b70 f i Mainfrm.obj
 0001:00007c10       ?CreateEx@CToolBar@@UEAAHPEAVCWnd@@KKVCRect@WTL@@I@Z 0000000140008c10 f i Mainfrm.obj
 0001:00007d50       ??0CToolBar@@QEAA@XZ       0000000140008d50 f i Mainfrm.obj
 0001:00007de0       ??1CControlBar@@UEAA@XZ    0000000140008de0 f i Mainfrm.obj
 0001:00007de0       ??1CStatusBar@@UEAA@XZ     0000000140008de0 f i Mainfrm.obj
 0001:00007e40       ??0_AUX_DATA@@QEAA@XZ      0000000140008e40 f i Mainfrm.obj
 0001:00007f50       ?_GetAfxData@CAfx@@SAAEBU_AUX_DATA@@XZ 0000000140008f50 f i Mainfrm.obj
 0001:00007f80       ??0CControlBar@@QEAA@XZ    0000000140008f80 f i Mainfrm.obj
 0001:00008030       ?OnGetText@CStatusBar@@QEAAHHPEA_W@Z 0000000140009030 f i Mainfrm.obj
 0001:000080c0       ?OnNcCalcSize@CStatusBar@@QEAAXHPEAUtagNCCALCSIZE_PARAMS@@@Z 00000001400090c0 f i Mainfrm.obj
 0001:00008180       ??_ECClientDCMTL@@UEAAPEAXI@Z 0000000140009180 f i * CIL library *:* CIL module *
 0001:00008180       ??_ECWindowDCMTL@@UEAAPEAXI@Z 0000000140009180 f i * CIL library *:* CIL module *
 0001:00008180       ??_GCClientDCMTL@@UEAAPEAXI@Z 0000000140009180 f i Mainfrm.obj
 0001:00008180       ??_GCWindowDCMTL@@UEAAPEAXI@Z 0000000140009180 f i Mainfrm.obj
 0001:00008200       ?DrawBorders@CControlBar@@QEAAXPEAVCDCMTL@@AEAVCRect@WTL@@@Z 0000000140009200 f i Mainfrm.obj
 0001:00008610       ?FillSolidRect@?$CDCT@$00@WTL@@QEAAXHHHHK@Z 0000000140009610 f i Mainfrm.obj
 0001:000086a0       ?Draw3dRect@?$CDCT@$00@WTL@@QEAAXHHHHKK@Z 00000001400096a0 f i Mainfrm.obj
 0001:00008890       ?DrawNonThemedGripper@CControlBar@@QEAAHPEAVCDCMTL@@AEBVCRect@WTL@@@Z 0000000140009890 f i Mainfrm.obj
 0001:00008950       ?EraseNonClient@CControlBar@@QEAAXXZ 0000000140009950 f i Mainfrm.obj
 0001:00008b70       ?OnSetText@CStatusBar@@QEAAHPEB_W@Z 0000000140009b70 f i Mainfrm.obj
 0001:00008c80       ?OnSetMinHeight@CStatusBar@@QEAA_J_K_J@Z 0000000140009c80 f i Mainfrm.obj
 0001:00008cc0       ?_ProcessWindowMessage@CStatusBar@@UEAAHPEAUHWND__@@I_K_JAEA_J@Z 0000000140009cc0 f i Mainfrm.obj
 0001:00008ee0       ?OnCreate@CControlBar@@QEAAHPEAUtagCREATESTRUCTW@@@Z 0000000140009ee0 f i Mainfrm.obj
 0001:00008fe0       ?OnDestroy@CControlBar@@QEAAXXZ 0000000140009fe0 f i Mainfrm.obj
 0001:00009060       ?OnLButtonDown@CControlBar@@QEAAXIVCPoint@WTL@@@Z 000000014000a060 f i Mainfrm.obj
 0001:000090e0       ?ReDockControlBar@CDockBar@@QEAAXPEAVCControlBar@@PEBUtagRECT@@@Z 000000014000a0e0 f i Mainfrm.obj
 0001:000094d0       ?ReDockControlBar@CFrameWnd@@QEAAXPEAVCControlBar@@PEAVCDockBar@@PEBUtagRECT@@@Z 000000014000a4d0 f i Mainfrm.obj
 0001:00009600       ?ToggleDocking@CDockContext@@QEAAXXZ 000000014000a600 f i Mainfrm.obj
 0001:00009790       ?OnTimer@CControlBar@@QEAAX_K@Z 000000014000a790 f i Mainfrm.obj
 0001:000099a0       ?RecalcDelayShow@CControlBar@@QEAAKPEAUAFX_SIZEPARENTPARAMS@@@Z 000000014000a9a0 f i Mainfrm.obj
 0001:00009a70       ?OnSizeParent@CControlBar@@QEAA_J_K_J@Z 000000014000aa70 f i Mainfrm.obj
 0001:00009bf0       ?OnIdleUpdateCmdUI@CControlBar@@QEAA_J_K_J@Z 000000014000abf0 f i Mainfrm.obj
 0001:00009d30       ?OnInitialUpdate@CControlBar@@QEAAXXZ 000000014000ad30 f i Mainfrm.obj
 0001:00009d40       ?_ProcessWindowMessage@CControlBar@@UEAAHPEAUHWND__@@I_K_JAEA_J@Z 000000014000ad40 f i Mainfrm.obj
 0001:00009ec0       ?RemoveControlBar@CFrameWnd@@QEAAXPEAVCControlBar@@@Z 000000014000aec0 f i Mainfrm.obj
 0001:00009f40       ?CreateEx@CMiniFrameWnd@@UEAAHKPEB_W0KAEBUtagRECT@@PEAVCWnd@@I@Z 000000014000af40 f i Mainfrm.obj
 0001:0000a050       ?Create@CDockBar@@QEAAHPEAVCWnd@@KI@Z 000000014000b050 f i Mainfrm.obj
 0001:0000a120       ?Create@CMiniDockFrameWnd@@QEAAHPEAVCWnd@@K@Z 000000014000b120 f i Mainfrm.obj
 0001:0000a3a0       ?GetParentOwner@CWnd@@QEAAPEAV1@XZ 000000014000b3a0 f i Mainfrm.obj
 0001:0000a430       ?Create@CToolTipCtrlMTL@@QEAAHPEAVCWnd@@K@Z 000000014000b430 f i Mainfrm.obj
 0001:0000a4f0       ??_GCToolTipCtrlMTL@@UEAAPEAXI@Z 000000014000b4f0 f i Mainfrm.obj
 0001:0000a4f0       ??_ECToolTipCtrlMTL@@UEAAPEAXI@Z 000000014000b4f0 f i * CIL library *:* CIL module *
 0001:0000a580       ?_AfxRelayToolTipMessage@CWnd@@SAXPEAVCToolTipCtrlMTL@@PEAUtagMSG@@@Z 000000014000b580 f i Mainfrm.obj
 0001:0000a630       ?FilterToolTipMessage@CWnd@@QEAAXPEAUtagMSG@@@Z 000000014000b630 f i Mainfrm.obj
 0001:0000ac40       ?_FilterToolTipMessage@CWnd@@SAXPEAUtagMSG@@PEAV1@@Z 000000014000bc40 f i Mainfrm.obj
 0001:0000ac50       ?_EnableToolTips@CWnd@@QEAAHHI@Z 000000014000bc50 f i Mainfrm.obj
 0001:0000ada0       ?InsertAt@?$CArray@PEAXAEBQEAX@@QEAAX_JAEBQEAX0@Z 000000014000bda0 f i Mainfrm.obj
 0001:0000ae30       ?Insert@CDockBar@@QEAAHPEAVCControlBar@@VCRect@WTL@@VCPoint@4@@Z 000000014000be30 f i Mainfrm.obj
 0001:0000b1a0       ?SetSize@?$CArray@PEAXAEBQEAX@@QEAAX_J0@Z 000000014000c1a0 f i Mainfrm.obj
 0001:0000b2f0       ?DockControlBar@CDockBar@@QEAAXPEAVCControlBar@@PEBUtagRECT@@@Z 000000014000c2f0 f i Mainfrm.obj
 0001:0000b640       ?FloatControlBar@CFrameWnd@@QEAAXPEAVCControlBar@@VCPoint@WTL@@K@Z 000000014000c640 f i Mainfrm.obj
 0001:0000b840       ?RemoveAt@?$CArray@PEAXAEBQEAX@@QEAAX_J0@Z 000000014000c840 f i Mainfrm.obj
 0001:0000b880       ?RemovePlaceHolder@CDockBar@@QEAAXPEAVCControlBar@@@Z 000000014000c880 f i Mainfrm.obj
 0001:0000b960       ?RemoveControlBar@CDockBar@@QEAAHPEAVCControlBar@@HH@Z 000000014000c960 f i Mainfrm.obj
 0001:0000bbb0       ?CControlBarDestruct@CControlBar@@QEAAXXZ 000000014000cbb0 f i Mainfrm.obj
 0001:0000bc40       ?PostNcDestroy@CControlBar@@UEAAXXZ 000000014000cc40 f i Mainfrm.obj
 0001:0000bc60       ?PreTranslateMessage@CControlBar@@UEAAHPEAUtagMSG@@@Z 000000014000cc60 f i Mainfrm.obj
 0001:0000bf60       ?WindowProc@CControlBar@@UEAA_JI_K_J@Z 000000014000cf60 f i Mainfrm.obj
 0001:0000c0e0       ?PreCreateWindow@CControlBar@@UEAAHAEAUtagCREATESTRUCTW@@@Z 000000014000d0e0 f i Mainfrm.obj
 0001:0000c190       ?PreCreateWindow@CStatusBar@@UEAAHAEAUtagCREATESTRUCTW@@@Z 000000014000d190 f i Mainfrm.obj
 0001:0000c1c0       ?OnBarStyleChange@CStatusBar@@UEAAXKK@Z 000000014000d1c0 f i Mainfrm.obj
 0001:0000c200       ?Enable@CStatusCmdUI@@UEAAXH@Z 000000014000d200 f i Mainfrm.obj
 0001:0000c240       ??1?$CArray@HAEBH@@QEAA@XZ 000000014000d240 f i Mainfrm.obj
 0001:0000c240       ??1?$CArray@PEAXAEBQEAX@@QEAA@XZ 000000014000d240 f i Propsht.obj
 0001:0000c280       ?SetSize@?$CArray@W4LoadArrayObjType@CArchive@@AEBW412@@@QEAAX_J0@Z 000000014000d280 f i Shapedoc.obj
 0001:0000c280       ?SetSize@?$CArray@HAEBH@@QEAAX_J0@Z 000000014000d280 f i Mainfrm.obj
 0001:0000c3d0       ?UpdateAllPanes@CStatusBar@@QEAAXHH@Z 000000014000d3d0 f i Mainfrm.obj
 0001:0000c780       ?SetPaneStyle@CStatusBar@@QEAAXHI@Z 000000014000d780 f i Mainfrm.obj
 0001:0000c890       ?SetCheck@CStatusCmdUI@@UEAAXH@Z 000000014000d890 f i Mainfrm.obj
 0001:0000c8c0       ?SetPaneText@CStatusBar@@QEAAHHPEB_WH@Z 000000014000d8c0 f i Mainfrm.obj
 0001:0000c9b0       ?SetText@CStatusCmdUI@@UEAAXPEB_W@Z 000000014000d9b0 f i Mainfrm.obj
 0001:0000c9d0       ?UpdateDialogControls@CWnd@@QEAAXPEAVCCmdTarget@@H@Z 000000014000d9d0 f i Mainfrm.obj
 0001:0000cc70       ?OnUpdateCmdUI@CStatusBar@@UEAAXPEAVCFrameWnd@@H@Z 000000014000dc70 f i Mainfrm.obj
 0001:0000cdb0       ?CalcFixedLayout@CControlBar@@UEAA?AVCSize@WTL@@HH@Z 000000014000ddb0 f i Mainfrm.obj
 0001:0000cdf0       ?CalcDynamicLayout@CControlBar@@UEAA?AVCSize@WTL@@HK@Z 000000014000ddf0 f i Mainfrm.obj
 0001:0000ce20       ??1CClientDCMTL@@UEAA@XZ   000000014000de20 f i Mainfrm.obj
 0001:0000ce90       ?CalcInsideRect@CControlBar@@QEBAXAEAVCRect@WTL@@H@Z 000000014000de90 f i Mainfrm.obj
 0001:0000cf50       ?CalcFixedLayout@CStatusBar@@UEAA?AVCSize@WTL@@HH@Z 000000014000df50 f i Mainfrm.obj
 0001:0000d100       ?ResetTimer@CControlBar@@QEAAX_KI@Z 000000014000e100 f i Mainfrm.obj
 0001:0000d160       ?SetStatusText@CControlBar@@UEAAH_J@Z 000000014000e160 f i Mainfrm.obj
 0001:0000d2a0       ?Create@CStatusBar@@UEAAHPEAVCWnd@@KI@Z 000000014000e2a0 f i Mainfrm.obj
 0001:0000d2c0       ?CreateEx@CStatusBar@@UEAAHPEAVCWnd@@KKI@Z 000000014000e2c0 f i Mainfrm.obj
 0001:0000d3b0       ??1CMDIFrameWnd@@UEAA@XZ   000000014000e3b0 f i Mainfrm.obj
 0001:0000d3c0       ?AddFrameWnd@CFrameWnd@@QEAAXXZ 000000014000e3c0 f i Mainfrm.obj
 0001:0000d440       ??0CFrameWnd@@QEAA@XZ      000000014000e440 f i Mainfrm.obj
 0001:0000d530       ?OnCmdMsg@CMDIFrameWnd@@UEAAHIHPEAXPEAUAFX_CMDHANDLERINFO@@@Z 000000014000e530 f i Mainfrm.obj
 0001:0000d610       ??_GCFrameWnd@@UEAAPEAXI@Z 000000014000e610 f i Mainfrm.obj
 0001:0000d610       ??_GCMDIFrameWnd@@UEAAPEAXI@Z 000000014000e610 f i Mainfrm.obj
 0001:0000d610       ??_ECMDIFrameWnd@@UEAAPEAXI@Z 000000014000e610 f i * CIL library *:* CIL module *
 0001:0000d610       ??_GCMDIChildWnd@@UEAAPEAXI@Z 000000014000e610 f i Stdafx.obj
 0001:0000d610       ??_ECFrameWnd@@UEAAPEAXI@Z 000000014000e610 f i * CIL library *:* CIL module *
 0001:0000d610       ??_ECMDIChildWnd@@UEAAPEAXI@Z 000000014000e610 f i * CIL library *:* CIL module *
 0001:0000d640       ?PreTranslateMessage@CMDIFrameWnd@@UEAAHPEAUtagMSG@@@Z 000000014000e640 f i Mainfrm.obj
 0001:0000d760       ?DefWindowProcW@CMDIFrameWnd@@UEAA_JI_K_J@Z 000000014000e760 f i Mainfrm.obj
 0001:0000d790       ?OnCommand@CMDIFrameWnd@@UEAAH_K_J@Z 000000014000e790 f i Mainfrm.obj
 0001:0000d890       ?PreCreateWindow@CMDIFrameWnd@@UEAAHAEAUtagCREATESTRUCTW@@@Z 000000014000e890 f i Mainfrm.obj
 0001:0000d8c0       ?OnCreateClient@CMDIFrameWnd@@UEAAHPEAUtagCREATESTRUCTW@@PEAUCCreateContext@@@Z 000000014000e8c0 f i Mainfrm.obj
 0001:0000d950       ?GetActiveFrame@CMDIFrameWnd@@UEAAPEAVCFrameWnd@@XZ 000000014000e950 f i Mainfrm.obj
 0001:0000d9e0       ?LoadFrame@CMDIFrameWnd@@UEAAHIKPEAVCWnd@@PEAUCCreateContext@@@Z 000000014000e9e0 f i Mainfrm.obj
 0001:0000da20       ?CreateClient@CMDIFrameWnd@@UEAAHPEAUtagCREATESTRUCTW@@PEAVCMenuMTL@@@Z 000000014000ea20 f i Mainfrm.obj
 0001:0000db60       ?DelayUpdateFrameMenu@CMDIFrameWnd@@UEAAXPEAUHMENU__@@@Z 000000014000eb60 f i Mainfrm.obj
 0001:0000db80       ?GetWindowMenuPopup@CMDIFrameWnd@@UEAAPEAUHMENU__@@PEAU2@@Z 000000014000eb80 f i Mainfrm.obj
 0001:0000dc40       ?OnIdleUpdateCmdUI@CMDIFrameWnd@@QEAAXXZ 000000014000ec40 f i Mainfrm.obj
 0001:0000dc70       ?AfxRegisterWndClass@CAfx@@SAPEB_WIPEAUHICON__@@PEAUHBRUSH__@@0@Z 000000014000ec70 f i Mainfrm.obj
 0001:0000ddf0       ?GetIconWndClass@CFrameWnd@@QEAAPEB_WKI@Z 000000014000edf0 f i Mainfrm.obj
 0001:0000deb0       ?OnCmdMsg@CFrameWnd@@UEAAHIHPEAXPEAUAFX_CMDHANDLERINFO@@@Z 000000014000eeb0 f i Mainfrm.obj
 0001:0000df60       ?PreTranslateMessage@CFrameWnd@@UEAAHPEAUtagMSG@@@Z 000000014000ef60 f i Mainfrm.obj
 0001:0000dfe0       ?PreCreateWindow@CFrameWnd@@UEAAHAEAUtagCREATESTRUCTW@@@Z 000000014000efe0 f i Mainfrm.obj
 0001:0000dfe0       ?PreCreateWindow@CMDIChildWnd@@UEAAHAEAUtagCREATESTRUCTW@@@Z 000000014000efe0 f i Stdafx.obj
 0001:0000e030       ?AfxIsDescendant@CFrameWnd@@SAHPEAUHWND__@@0@Z 000000014000f030 f i Mainfrm.obj
 0001:0000e110       ?ShowOwnedWindows@CFrameWnd@@QEAAXH@Z 000000014000f110 f i Mainfrm.obj
 0001:0000e230       ?OnSetPreviewMode@CFrameWnd@@UEAAXHPEAUCPrintPreviewState@@@Z 000000014000f230 f i Mainfrm.obj
 0001:0000e660       ?GetActiveFrame@CFrameWnd@@UEAAPEAV1@XZ 000000014000f660 f i Mainfrm.obj
 0001:0000e670       ?GetDefaultAccelerator@CFrameWnd@@UEAAPEAUHACCEL__@@XZ 000000014000f670 f i Mainfrm.obj
 0001:0000e6b0       ?RemoveFrameWnd@CFrameWnd@@QEAAXXZ 000000014000f6b0 f i Mainfrm.obj
 0001:0000e740       ?CFrameWndDestruct@CFrameWnd@@QEAAXXZ 000000014000f740 f i Mainfrm.obj
 0001:0000e750       ??1CFrameWnd@@UEAA@XZ      000000014000f750 f i Mainfrm.obj
 0001:0000e810       ?PostNcDestroy@_AFX_MOUSEANCHORWND@@UEAAXXZ 000000014000f810 f i Stdafx.obj
 0001:0000e810       ?PostNcDestroy@CModelessShapePropSheet@@UEAAXXZ 000000014000f810 f i Propsht2.obj
 0001:0000e810       ?PostNcDestroy@CView@@UEAAXXZ 000000014000f810 f i Shapesvw.obj
 0001:0000e810       ?PostNcDestroy@CFrameWnd@@UEAAXXZ 000000014000f810 f i Mainfrm.obj
 0001:0000e830       ?Create@CFrameWnd@@UEAAHPEB_W0KAEBUtagRECT@@PEAVCWnd@@0KPEAUCCreateContext@@@Z 000000014000f830 f i Mainfrm.obj
 0001:0000e970       ?LoadFrame@CFrameWnd@@UEAAHIKPEAVCWnd@@PEAUCCreateContext@@@Z 000000014000f970 f i Mainfrm.obj
 0001:0000ecb0       ?IsTopParentActive@CWnd@@QEAAHXZ 000000014000fcb0 f i Mainfrm.obj
 0001:0000ed40       ?OnWindowNew@CMDIFrameWnd@@QEAAXXZ 000000014000fd40 f i Mainfrm.obj
 0001:0000eee0       ?OnUpdateMDIWindowCmd@CMDIFrameWnd@@QEAAXPEAVCCmdUI@@@Z 000000014000fee0 f i Mainfrm.obj
 0001:0000ef80       ?OnMDIWindowCmd@CMDIFrameWnd@@QEAAHI@Z 000000014000ff80 f i Mainfrm.obj
 0001:0000efe0       ?CanCloseFrame@CDocument@@QEAAHPEAVCFrameWnd@@@Z 000000014000ffe0 f i Mainfrm.obj
 0001:0000f0e0       ?SaveAllModified@CDocManager@@QEAAHXZ 00000001400100e0 f i Mainfrm.obj
 0001:0000f170       ?CloseAllDocuments@CDocTemplate@@QEAAXH@Z 0000000140010170 f i Mainfrm.obj
 0001:0000f260       ?OnCloseDocument@CDocument@@QEAAXXZ 0000000140010260 f i Mainfrm.obj
 0001:0000f310       ?OnClose@CFrameWnd@@QEAAXXZ 0000000140010310 f i Mainfrm.obj
 0001:0000f4a0       ?CreateView@CFrameWnd@@QEAAPEAVCWnd@@PEAUCCreateContext@@I@Z 00000001400104a0 f i Mainfrm.obj
 0001:0000f5b0       ?OnCreateClient@CFrameWnd@@UEAAHPEAUtagCREATESTRUCTW@@PEAUCCreateContext@@@Z 00000001400105b0 f i Mainfrm.obj
 0001:0000f5e0       ?OnCreateHelper@CFrameWnd@@QEAAHPEAUtagCREATESTRUCTW@@PEAUCCreateContext@@@Z 00000001400105e0 f i Mainfrm.obj
 0001:0000f680       ?DestroyWindow@CControlBar@@UEAAHXZ 0000000140010680 f i Mainfrm.obj
 0001:0000f700       ?DestroyDockBars@CFrameWnd@@QEAAXXZ 0000000140010700 f i Mainfrm.obj
 0001:0000f950       ?OnDestroy@CFrameWnd@@QEAAXXZ 0000000140010950 f i Mainfrm.obj
 0001:0000f9e0       ?ActivateFrame@CFrameWnd@@UEAAXH@Z 00000001400109e0 f i Mainfrm.obj
 0001:0000fa90       ?ShowAppMessageBox@CWinApp@@SAHPEAV1@PEB_WII@Z 0000000140010a90 f i Mainfrm.obj
 0001:0000fb50       ?AfxMessageBox@@YAHIII@Z   0000000140010b50 f i Mainfrm.obj
 0001:0000fbc0       ?OnDropFiles@CFrameWnd@@QEAAXPEAUHDROP__@@@Z 0000000140010bc0 f i Mainfrm.obj
 0001:0000fc80       ?GetOwner@CWnd@@QEAAPEAV1@XZ 0000000140010c80 f i Mainfrm.obj
 0001:0000fcc0       ?GetTopLevelParent@CWnd@@QEAAPEAV1@XZ 0000000140010cc0 f i Mainfrm.obj
 0001:0000fdc0       ?OnIdle@CCmdUI@@QEAAHPEAVCCmdTarget@@H@Z 0000000140010dc0 f i Mainfrm.obj
 0001:0000fe80       ?OnInitMenuPopup@CFrameWnd@@QEAAXPEAVCMenuMTL@@IH@Z 0000000140010e80 f i Mainfrm.obj
 0001:00010120       ?GetTopLevelFrame@CWnd@@QEAAPEAVCFrameWnd@@XZ 0000000140011120 f i Mainfrm.obj
 0001:00010210       ?SetMenuBarState@CFrameWnd@@QEAAHK@Z 0000000140011210 f i Mainfrm.obj
 0001:00010270       ?OnMenuSelect@CFrameWnd@@QEAAXIIPEAUHMENU__@@@Z 0000000140011270 f i Mainfrm.obj
 0001:00010440       ?OnSize@CFrameWnd@@QEAAXIHH@Z 0000000140011440 f i Mainfrm.obj
 0001:00010490       ?OnPopMessageString@CFrameWnd@@QEAA_J_K_J@Z 0000000140011490 f i Mainfrm.obj
 0001:000104b0       ?GetDescendantWindow@CWnd@@QEAAPEAV1@PEAUHWND__@@HH@Z 00000001400114b0 f i Mainfrm.obj
 0001:000105b0       ?OnSetMessageString@CFrameWnd@@QEAA_J_K_J@Z 00000001400115b0 f i Mainfrm.obj
 0001:00010800       ?OnUpdateFrameMenu@CFrameWnd@@UEAAXPEAUHMENU__@@@Z 0000000140011800 f i Mainfrm.obj
 0001:00010830       ?UpdateFrameTitleForDocument@CFrameWnd@@QEAAXPEB_W@Z 0000000140011830 f i Mainfrm.obj
 0001:00010eb0       ?OnUpdateFrameTitle@CFrameWnd@@UEAAXH@Z 0000000140011eb0 f i Mainfrm.obj
 0001:00010f20       ?OnIdleUpdateCmdUI@CFrameWnd@@QEAAXXZ 0000000140011f20 f i Mainfrm.obj
 0001:00010fc0       ?OnUpdateControlBarMenu@CFrameWnd@@QEAAXPEAVCCmdUI@@@Z 0000000140011fc0 f i Mainfrm.obj
 0001:00011010       ?GetControlBar@CFrameWnd@@QEAAPEAVCControlBar@@I@Z 0000000140012010 f i Mainfrm.obj
 0001:00011080       ?GetParentFrame@CWnd@@QEAAPEAVCFrameWnd@@XZ 0000000140012080 f i Mainfrm.obj
 0001:00011140       ?IsVisible@CControlBar@@UEBAHXZ 0000000140012140 f i Mainfrm.obj
 0001:00011180       ?AfxRepositionWindow@CAfx@@SAXPEAUAFX_SIZEPARENTPARAMS@@PEAUHWND__@@PEBUtagRECT@@@Z 0000000140012180 f i Mainfrm.obj
 0001:00011280       ?RepositionBars@CWnd@@QEAAXIIIIPEAUtagRECT@@PEBU2@H@Z 0000000140012280 f i Mainfrm.obj
 0001:00011460       ?RecalcLayout@CFrameWnd@@UEAAXH@Z 0000000140012460 f i Mainfrm.obj
 0001:00011590       ?ShowControlBar@CFrameWnd@@QEAAXPEAVCControlBar@@HH@Z 0000000140012590 f i Mainfrm.obj
 0001:000117a0       ?OnBarCheck@CFrameWnd@@QEAAHI@Z 00000001400127a0 f i Mainfrm.obj
 0001:000117f0       ?_AtlGetStringResourceImage@CAfx@@SAPEBUATLSTRINGRESOURCEIMAGE@ATL@@PEAUHINSTANCE__@@PEAUHRSRC__@@I@Z 00000001400127f0 f i Mainfrm.obj
 0001:00011890       ?AfxLoadString@CAfx@@SAHIPEA_WI@Z 0000000140012890 f i Mainfrm.obj
 0001:00011940       ?Empty@CString@WTL@@QEAAXXZ 0000000140012940 f i Mainfrm.obj
 0001:000119c0       ?AfxExtractSubString@CAfx@@SAHAEAVCString@WTL@@PEB_WH_W@Z 00000001400129c0 f i Mainfrm.obj
 0001:00011ad0       ?OnToolTipText@CFrameWnd@@QEAAHIPEAUtagNMHDR@@PEA_J@Z 0000000140012ad0 f i Mainfrm.obj
 0001:00011ef0       ?OnUpdateKeyIndicator@CFrameWnd@@QEAAXPEAVCCmdUI@@@Z 0000000140012ef0 f i Mainfrm.obj
 0001:00011f60       ?_ProcessWindowMessage@CFrameWnd@@UEAAHPEAUHWND__@@I_K_JAEA_J@Z 0000000140012f60 f i Mainfrm.obj
 0001:00012580       ?_ProcessWindowMessage@CMDIFrameWnd@@UEAAHPEAUHWND__@@I_K_JAEA_J@Z 0000000140013580 f i Mainfrm.obj
 0001:00012850       ?_ProcessWindowMessage@CShapePropSheetFrame@@UEAAHPEAUHWND__@@I_K_JAEA_J@Z 0000000140013850 f i Minifrm.obj
 0001:000129b0       ??_GCMiniFrameWnd@@UEAAPEAXI@Z 00000001400139b0 f i Minifrm.obj
 0001:000129b0       ??_ECMiniFrameWnd@@UEAAPEAXI@Z 00000001400139b0 f i * CIL library *:* CIL module *
 0001:000129b0       ??_ECShapePropSheetFrame@@UEAAPEAXI@Z 00000001400139b0 f i * CIL library *:* CIL module *
 0001:000129b0       ??_GCShapePropSheetFrame@@UEAAPEAXI@Z 00000001400139b0 f i Minifrm.obj
 0001:000129e0       ?OnCreate@CShapePropSheetFrame@@IEAAHPEAUtagCREATESTRUCTW@@@Z 00000001400139e0 f   Minifrm.obj
 0001:00012b30       ??1CMiniFrameWnd@@UEAA@XZ  0000000140013b30 f i Minifrm.obj
 0001:00012ba0       ?PreCreateWindow@CMiniFrameWnd@@UEAAHAEAUtagCREATESTRUCTW@@@Z 0000000140013ba0 f i Minifrm.obj
 0001:00012c10       ?Create@CMiniFrameWnd@@UEAAHPEB_W0KAEBUtagRECT@@PEAVCWnd@@I@Z 0000000140013c10 f i Minifrm.obj
 0001:00012c50       ?OnGetMinMaxInfo@CMiniFrameWnd@@QEAAXPEAUtagMINMAXINFO@@@Z 0000000140013c50 f i Minifrm.obj
 0001:00012ce0       ?OnNcCreate@CMiniFrameWnd@@QEAAHPEAUtagCREATESTRUCTW@@@Z 0000000140013ce0 f i Minifrm.obj
 0001:00012e00       ?OnNcHitTest@CMiniFrameWnd@@QEAA_JVCPoint@WTL@@@Z 0000000140013e00 f i Minifrm.obj
 0001:00012f70       ?HandleFloatingSysCommand@CWnd@@QEAAHI_J@Z 0000000140013f70 f i Minifrm.obj
 0001:000130b0       ?OnSysCommand@CMiniFrameWnd@@QEAAXI_J@Z 00000001400140b0 f i Minifrm.obj
 0001:00013160       ?OnFloatStatus@CMiniFrameWnd@@QEAA_J_K_J@Z 0000000140014160 f i Minifrm.obj
 0001:000132a0       ?OnQueryCenterWnd@CMiniFrameWnd@@QEAA_J_K_J@Z 00000001400142a0 f i Minifrm.obj
 0001:000132e0       ?_ProcessWindowMessage@CMiniFrameWnd@@UEAAHPEAUHWND__@@I_K_JAEA_J@Z 00000001400142e0 f i Minifrm.obj
 0001:00013470       ?_ProcessWindowMessage@CShapePreviewWnd@@UEAAHPEAUHWND__@@I_K_JAEA_J@Z 0000000140014470 f i Preview.obj
 0001:00013550       ?OnPaint@CShapePreviewWnd@@AEAAXXZ 0000000140014550 f   Preview.obj
 0001:000136a0       ?OnEraseBkgnd@CShapePreviewWnd@@AEAAHPEAVCDCMTL@@@Z 00000001400146a0 f   Preview.obj
 0001:00013780       ??_GCBitmapMTL@@UEAAPEAXI@Z 0000000140014780 f i Stdafx.obj
 0001:00013780       ??_ECBrushMTL@@UEAAPEAXI@Z 0000000140014780 f i * CIL library *:* CIL module *
 0001:00013780       ??_ECRgnMTL@@UEAAPEAXI@Z   0000000140014780 f i * CIL library *:* CIL module *
 0001:00013780       ??_ECPenMTL@@UEAAPEAXI@Z   0000000140014780 f i * CIL library *:* CIL module *
 0001:00013780       ??_GCRgnMTL@@UEAAPEAXI@Z   0000000140014780 f i Stdafx.obj
 0001:00013780       ??_GCPenMTL@@UEAAPEAXI@Z   0000000140014780 f i Shapeobj.obj
 0001:00013780       ??_ECBitmapMTL@@UEAAPEAXI@Z 0000000140014780 f i * CIL library *:* CIL module *
 0001:00013780       ??_GCBrushMTL@@UEAAPEAXI@Z 0000000140014780 f i Preview.obj
 0001:000137f0       ?RemoveHandleGdiobj@CWinApp@@QEAAPEAXPEAX@Z 00000001400147f0 f i Preview.obj
 0001:00013810       ??1CPenMTL@@UEAA@XZ        0000000140014810 f i Shapeobj.obj
 0001:00013810       ??1CBrushMTL@@UEAA@XZ      0000000140014810 f i Preview.obj
 0001:00013810       ??1CRgnMTL@@UEAA@XZ        0000000140014810 f i Stdafx.obj
 0001:00013860       ?classHandleFuncCBrushMTL@CBrushMTL@@SAPEAXPEAX0@Z 0000000140014860 f i Preview.obj
 0001:00013860       ?classHandleFuncCBitmapMTL@CBitmapMTL@@SAPEAXPEAX0@Z 0000000140014860 f i Stdafx.obj
 0001:000138c0       ?FromHandleGdiobj@CWinApp@@QEAAPEAVCGdiObject@@PEAXPEAV2@PEAUHWND__@@P6APEAX00@Z@Z 00000001400148c0 f i Preview.obj
 0001:000138e0       ??1CPaintDCMTL@@UEAA@XZ    00000001400148e0 f i Preview.obj
 0001:00013950       ??_ECPaintDCMTL@@UEAAPEAXI@Z 0000000140014950 f i * CIL library *:* CIL module *
 0001:00013950       ??_GCPaintDCMTL@@UEAAPEAXI@Z 0000000140014950 f i Preview.obj
 0001:000139d0       ?_ProcessWindowMessage@CPropDlgApp@@UEAAHPEAUHWND__@@I_K_JAEA_J@Z 00000001400149d0 f i Propdlg.obj
 0001:00013a90       ?InitInstance@CPropDlgApp@@UEAAHXZ 0000000140014a90 f   Propdlg.obj
 0001:00013cf0       ?OnAppAbout@CPropDlgApp@@QEAAXXZ 0000000140014cf0 f   Propdlg.obj
 0001:00013d90       ??HWTL@@YA?AVCString@0@AEBV10@PEB_W@Z 0000000140014d90 f i Propdlg.obj
 0001:00013e10       ?AfxDelRegTreeHelper@CAfx@@SAJPEAUHKEY__@@AEBVCString@WTL@@PEAVCAtlTransactionManager@ATL@@@Z 0000000140014e10 f i Propdlg.obj
 0001:000140c0       ?Unregister@CWinApp@@QEAAHXZ 00000001400150c0 f i Propdlg.obj
 0001:00014300       ?ProcessShellCommand@CWinApp@@QEAAHAEAVCCommandLineInfo@@@Z 0000000140015300 f i Propdlg.obj
 0001:000144b0       ?ParseParam@CCommandLineInfo@@UEAAXPEB_WHH@Z 00000001400154b0 f i Propdlg.obj
 0001:00014580       ?EnableShellOpen@CWinApp@@QEAAXXZ 0000000140015580 f i Propdlg.obj
 0001:00014810       ?GetFirstDocTemplatePosition@CDocManager@@UEBAPEAU__POSITION@@XZ 0000000140015810 f i Propdlg.obj
 0001:00014820       ?GetNextDocTemplate@CDocManager@@UEBAPEAVCDocTemplate@@AEAPEAU__POSITION@@@Z 0000000140015820 f i Propdlg.obj
 0001:00014820       ?GetNextDoc@CMultiDocTemplate@@UEBAPEAVCDocument@@AEAPEAU__POSITION@@@Z 0000000140015820 f i Propdlg.obj
 0001:00014830       ?AddDocTemplate@CWinApp@@QEAAXPEAVCDocTemplate@@@Z 0000000140015830 f i Propdlg.obj
 0001:000148f0       ??0CDocTemplate@@QEAA@IPEAUCRuntimeClass@@00@Z 00000001400158f0 f i Propdlg.obj
 0001:00014980       ??1CDocTemplate@@QEAA@XZ   0000000140015980 f i Propdlg.obj
 0001:000149b0       ?AddDocument@CMultiDocTemplate@@UEAAXPEAVCDocument@@@Z 00000001400159b0 f i Propdlg.obj
 0001:00014a20       ?GetFirstDocPosition@CMultiDocTemplate@@UEBAPEAU__POSITION@@XZ 0000000140015a20 f i Propdlg.obj
 0001:00014a30       ?CreateNewDocument@CDocTemplate@@UEAAPEAVCDocument@@XZ 0000000140015a30 f i Propdlg.obj
 0001:00014a90       ?OnCmdMsg@CDocTemplate@@UEAAHIHPEAXPEAUAFX_CMDHANDLERINFO@@@Z 0000000140015a90 f i Propdlg.obj
 0001:00014aa0       ?CreateNewFrame@CDocTemplate@@UEAAPEAVCFrameWnd@@PEAVCDocument@@PEAV2@@Z 0000000140015aa0 f i Propdlg.obj
 0001:00014b50       ??1CWaitCursor@@QEAA@XZ    0000000140015b50 f i Propdlg.obj
 0001:00014bb0       ?SetActiveView@CFrameWnd@@QEAAXPEAVCView@@H@Z 0000000140015bb0 f i Propdlg.obj
 0001:00014c50       ?InitialUpdateFrame@CFrameWnd@@QEAAXPEAVCDocument@@H@Z 0000000140015c50 f i Propdlg.obj
 0001:00014eb0       ?InitialUpdateFrame@CDocTemplate@@UEAAXPEAVCFrameWnd@@PEAVCDocument@@H@Z 0000000140015eb0 f i Propdlg.obj
 0001:00014ed0       ?OpenDocumentFile@CMultiDocTemplate@@UEAAPEAVCDocument@@PEB_WHH@Z 0000000140015ed0 f i Propdlg.obj
 0001:000150e0       ?OpenDocumentFile@CMultiDocTemplate@@UEAAPEAVCDocument@@PEB_WH@Z 00000001400160e0 f i Propdlg.obj
 0001:000150f0       ?RemoveDocument@CMultiDocTemplate@@UEAAXPEAVCDocument@@@Z 00000001400160f0 f i Propdlg.obj
 0001:00015170       ??_GCMultiDocTemplate@@UEAAPEAXI@Z 0000000140016170 f i Propdlg.obj
 0001:00015170       ??_ECMultiDocTemplate@@UEAAPEAXI@Z 0000000140016170 f i * CIL library *:* CIL module *
 0001:000151a0       ??1CMultiDocTemplate@@UEAA@XZ 00000001400161a0 f i Propdlg.obj
 0001:00015240       ?UpdateFrameCounts@CDocument@@QEAAXXZ 0000000140016240 f i Propdlg.obj
 0001:00015390       ?SetDefaultTitle@CMultiDocTemplate@@UEAAXPEAVCDocument@@@Z 0000000140016390 f i Propdlg.obj
 0001:000155c0       ?LoadTemplate@CMultiDocTemplate@@UEAAXXZ 00000001400165c0 f i Propdlg.obj
 0001:00015630       ??0CRecentFileList@@QEAA@IPEB_W0HH@Z 0000000140016630 f i Propdlg.obj
 0001:00015750       ??_GCRecentFileList@@UEAAPEAXI@Z 0000000140016750 f i Propdlg.obj
 0001:00015750       ??_ECRecentFileList@@UEAAPEAXI@Z 0000000140016750 f i * CIL library *:* CIL module *
 0001:00015780       ?Add@CRecentFileList@@UEAAXPEB_W@Z 0000000140016780 f i Propdlg.obj
 0001:00015990       ?GetProfileStringW@CWinApp@@QEAA?AVCString@WTL@@PEB_W00@Z 0000000140016990 f i Propdlg.obj
 0001:00015a70       ?ReadList@CRecentFileList@@UEAAXXZ 0000000140016a70 f i Propdlg.obj
 0001:00015c50       ??1CRecentFileList@@UEAA@XZ 0000000140016c50 f i Propdlg.obj
 0001:00015d20       ??1CCommandLineInfo@@QEAA@XZ 0000000140016d20 f i Propdlg.obj
 0001:00015de0       ??1CWinApp@@QEAA@XZ        0000000140016de0 f i Propdlg.obj
 0001:00015f90       ??1CWinThread@@QEAA@XZ     0000000140016f90 f i Propdlg.obj
 0001:00015fb0       ??0CModuleThreadState@@QEAA@XZ 0000000140016fb0 f i Propdlg.obj
 0001:00016030       ??1CModuleThreadState@@QEAA@XZ 0000000140017030 f i Propdlg.obj
 0001:00016090       ?OnIdle@CWinApp@@UEAAHH@Z  0000000140017090 f i Propdlg.obj
 0001:00016430       ?WriteList@CRecentFileList@@UEAAXXZ 0000000140017430 f i Propdlg.obj
 0001:00016510       ?ExitInstance@CWinApp@@UEAAHXZ 0000000140017510 f i Propdlg.obj
 0001:00016590       ?Run@CWinApp@@UEAAHXZ      0000000140017590 f i Propdlg.obj
 0001:00016670       ??1?$CHandleHashList@PEAUHWND__@@VCWMHnd@@PEAU1@$0BB@@@QEAA@XZ 0000000140017670 f i Propdlg.obj
 0001:00016680       ??0CWinApp@@QEAA@XZ        0000000140017680 f i Propdlg.obj
 0001:000167a0       ?OnAppExit@CWinApp@@QEAAXXZ 00000001400177a0 f i Propdlg.obj
 0001:000167c0       ?GetMenuStringW@CMenuMTL@@QEBAHIAEAVCString@WTL@@I@Z 00000001400177c0 f i Propdlg.obj
 0001:000168e0       ?AfxGetFileTitle@CAfx@@SAIPEB_WPEA_WI@Z 00000001400178e0 f i Propdlg.obj
 0001:00016980       ?_AfxAbbreviateName@CAfx@@SAXPEA_WHH@Z 0000000140017980 f i Propdlg.obj
 0001:00016ac0       ?GetDisplayName@CRecentFileList@@UEBAHAEAVCString@WTL@@HPEB_WHH@Z 0000000140017ac0 f i Propdlg.obj
 0001:00016cd0       ??HWTL@@YA?AVCString@0@AEBV10@0@Z 0000000140017cd0 f i Propdlg.obj
 0001:00016d30       ?UpdateMenu@CRecentFileList@@UEAAXPEAVCCmdUI@@@Z 0000000140017d30 f i Propdlg.obj
 0001:00017200       ?OnUpdateRecentFileMenu@CWinApp@@QEAAXPEAVCCmdUI@@@Z 0000000140018200 f i Propdlg.obj
 0001:00017230       ?Remove@CRecentFileList@@UEAAXH@Z 0000000140018230 f i Propdlg.obj
 0001:00017410       ?OnOpenRecentFile@CWinApp@@QEAAHI@Z 0000000140018410 f i Propdlg.obj
 0001:00017480       ?_ProcessWindowMessage@CWinApp@@UEAAHPEAUHWND__@@I_K_JAEA_J@Z 0000000140018480 f i Propdlg.obj
 0001:00017570       ?GetDriverName@CPrintDialogMTL@@QEBA?AVCString@WTL@@XZ 0000000140018570 f i Propdlg.obj
 0001:000175c0       ?GetDeviceName@CPrintDialogMTL@@QEBA?AVCString@WTL@@XZ 00000001400185c0 f i Propdlg.obj
 0001:00017610       ?GetPortName@CPrintDialogMTL@@QEBA?AVCString@WTL@@XZ 0000000140018610 f i Propdlg.obj
 0001:00017660       ?HookProc@CCommonDialogImplBase@WTL@@SA_KPEAUHWND__@@I_K_J@Z 0000000140018660 f i Propdlg.obj
 0001:00017740       ?_WindowProc@CCommonWnd@@UEAAHPEAUHWND__@@I_K_JAEA_J@Z 0000000140018740 f i Propdlg.obj
 0001:000177b0       ??_ECPrintDialog@WTL@@UEAAPEAXI@Z 00000001400187b0 f i * CIL library *:* CIL module *
 0001:000177b0       ??_GCPrintDialog@WTL@@UEAAPEAXI@Z 00000001400187b0 f i Propdlg.obj
 0001:000177f0       ?OnPrintSetup@?$CPrintDialogImpl@VCPrintDialog@WTL@@@WTL@@QEAA_JGGPEAUHWND__@@AEAH@Z 00000001400187f0 f i Propdlg.obj
 0001:000178f0       ?ProcessWindowMessage@?$CPrintDialogImpl@VCPrintDialog@WTL@@@WTL@@UEAAHPEAUHWND__@@I_K_JAEA_JK@Z 00000001400188f0 f i Propdlg.obj
 0001:00017940       ??_ECPrintDialogMTL@@UEAAPEAXI@Z 0000000140018940 f i * CIL library *:* CIL module *
 0001:00017940       ??_GCPrintDialogMTL@@UEAAPEAXI@Z 0000000140018940 f i Propdlg.obj
 0001:0001797c       ??_ECPrintDialogMTL@@W7EAAPEAXI@Z 000000014001897c f i Propdlg.obj
 0001:00017990       ?WindowProc@?$CWindowImplBaseT@VCWindow@ATL@@V?$CWinTraits@$0FGAAAAAA@$0A@@2@@ATL@@SA_JPEAUHWND__@@I_K_J@Z 0000000140018990 f i Propdlg.obj
 0001:00017b10       ?GetWindowProc@?$CWindowImplBaseT@VCWindow@ATL@@V?$CWinTraits@$0FGAAAAAA@$0A@@2@@ATL@@UEAAP6A_JPEAUHWND__@@I_K_J@ZXZ 0000000140018b10 f i Propdlg.obj
 0001:00017b20       ??1CPrintDialogMTL@@UEAA@XZ 0000000140018b20 f i Propdlg.obj
 0001:00017b30       ?UpdatePrinterSelection@CWinApp@@QEAAXH@Z 0000000140018b30 f i Propdlg.obj
 0001:00017f90       ?AfxGlobalFree@@YAXPEAX@Z  0000000140018f90 f i Propdlg.obj
 0001:00017fe0       ?DoModal@?$CPrintDialogImpl@VCPrintDialog@WTL@@@WTL@@QEAA_JPEAUHWND__@@@Z 0000000140018fe0 f i Propdlg.obj
 0001:000180a0       ?DoPrintDialog@CWinApp@@QEAA_JPEAVCPrintDialogMTL@@@Z 00000001400190a0 f i Propdlg.obj
 0001:00018210       ?OnFilePrintSetup@CWinApp@@QEAAXXZ 0000000140019210 f i Propdlg.obj
 0001:00018320       ?_AfxCommDlgProc@CCommonDialog@@SA_KPEAUHWND__@@I_K_J@Z 0000000140019320 f i Propdlg.obj
 0001:00018560       ??0CFileDialogMTL@@QEAA@HPEB_W0K0PEAVCWnd@@KH@Z 0000000140019560 f i Propdlg.obj
 0001:00018810       ??_ECFileDialogMTL@@UEAAPEAXI@Z 0000000140019810 f i * CIL library *:* CIL module *
 0001:00018810       ??_GCFileDialogMTL@@UEAAPEAXI@Z 0000000140019810 f i Propdlg.obj
 0001:00018840       ?OnNotify@CFileDialogMTL@@UEAAH_K_JPEA_J@Z 0000000140019840 f i Propdlg.obj
 0001:000189e0       ?OnOK@CCommonDialog@@UEAAXXZ 00000001400199e0 f i Propdlg.obj
 0001:00018a60       ?OnInitDone@CFileDialogMTL@@UEAAXXZ 0000000140019a60 f i Propdlg.obj
 0001:00018aa0       ??1CFileDialogMTL@@UEAA@XZ 0000000140019aa0 f i Propdlg.obj
 0001:00018b60       ?Tokenize@CAfx@@SA?AVCString@WTL@@AEAV23@PEA_WAEAH@Z 0000000140019b60 f i Propdlg.obj
 0001:00018c30       ?Tokenize@@YA?AVCString@WTL@@AEAV12@PEA_WAEAH@Z 0000000140019c30 f i Propdlg.obj
 0001:00018c50       ?AllocCopy@CString@WTL@@IEBAHAEAV12@HHH@Z 0000000140019c50 f i Propdlg.obj
 0001:00018ce0       ?Mid@CString@WTL@@QEBA?AV12@HH@Z 0000000140019ce0 f i Propdlg.obj
 0001:00018d60       ?Mid@CString@WTL@@QEBA?AV12@H@Z 0000000140019d60 f i Propdlg.obj
 0001:00018d90       ?_AfxAppendFilterSuffix@@YAXAEAVCString@WTL@@AEAUtagOFNW@@PEAVCDocTemplate@@PEAV12@@Z 0000000140019d90 f i Propdlg.obj
 0001:00018fb0       ?ApplyOFNToShellDialog@CFileDialogMTL@@QEAAXXZ 0000000140019fb0 f i Propdlg.obj
 0001:00019b50       ??4CString@WTL@@QEAAAEAV01@AEBV01@@Z 000000014001ab50 f i Propdlg.obj
 0001:00019be0       ?GetPathName@CFileDialogMTL@@QEAA?AVCString@WTL@@XZ 000000014001abe0 f i Propdlg.obj
 0001:0001a100       ?UpdateOFNFromShellDialog@CFileDialogMTL@@UEAAXXZ 000000014001b100 f i Propdlg.obj
 0001:0001aa50       ?DoModal@CFileDialogMTL@@UEAA_JXZ 000000014001ba50 f i Propdlg.obj
 0001:0001aba0       ?DoPromptFileName@CDocManager@@QEAAHAEAVCString@WTL@@IKHPEAVCDocTemplate@@@Z 000000014001bba0 f i Propdlg.obj
 0001:0001b0e0       ?_AfxFullPath2@CAfx@@SAHPEA_WPEB_WPEAVCFileException@@@Z 000000014001c0e0 f i Propdlg.obj
 0001:0001b390       ?AfxStringFromCLSID@CAfx@@SA?AVCString@WTL@@AEBU_GUID@@@Z 000000014001c390 f i Propdlg.obj
 0001:0001b4e0       ?AfxStringFromCLSID@@YA?AVCString@WTL@@AEBU_GUID@@@Z 000000014001c4e0 f i Propdlg.obj
 0001:0001b500       ?AfxGetInProcServer@CAfx@@SAHPEB_WAEAVCString@WTL@@@Z 000000014001c500 f i Propdlg.obj
 0001:0001b660       ?GetClassObject@AFX_COM@@QEAAJAEBU_GUID@@0PEAPEAX@Z 000000014001c660 f i Propdlg.obj
 0001:0001b770       ??0CString@WTL@@QEAA@PEB_W@Z 000000014001c770 f i Propdlg.obj
 0001:0001b820       ?AfxResolveShortcut@@YAHPEAVCWMHnd@@PEB_WPEA_WH@Z 000000014001c820 f i Propdlg.obj
 0001:0001ba10       ?AfxComparePath@CAfx@@SAHPEB_W0@Z 000000014001ca10 f i Propdlg.obj
 0001:0001bb40       ?MatchDocType@CDocTemplate@@UEAA?AW4Confidence@1@PEB_WAEAPEAVCDocument@@@Z 000000014001cb40 f i Propdlg.obj
 0001:0001bc50       ?OpenDocumentFile@CDocManager@@QEAAPEAVCDocument@@PEB_WH@Z 000000014001cc50 f i Propdlg.obj
 0001:0001be80       ?OpenDocumentFile@CWinApp@@UEAAPEAVCDocument@@PEB_W@Z 000000014001ce80 f i Propdlg.obj
 0001:0001be90       ?OnFileOpen@CDocManager@@UEAAXXZ 000000014001ce90 f i Propdlg.obj
 0001:0001bf10       ?OnFileOpen@CWinApp@@UEAAXXZ 000000014001cf10 f i Propdlg.obj
 0001:0001bf20       ?_ProcessWindowMessage@CNewTypeDlg@@UEAAHPEAUHWND__@@I_K_JAEA_J@Z 000000014001cf20 f i Propdlg.obj
 0001:0001bfa0       ?GetDocString@CDocTemplate@@UEBAHAEAVCString@WTL@@W4DocStringIndex@1@@Z 000000014001cfa0 f i Propdlg.obj
 0001:0001bfb0       ?OnInitDialog@CNewTypeDlg@@UEAAHXZ 000000014001cfb0 f i Propdlg.obj
 0001:0001c1f0       ?OnOK@CNewTypeDlg@@UEAAXXZ 000000014001d1f0 f i Propdlg.obj
 0001:0001c2a0       ?WalkPreTranslateTree@CWnd@@SAHPEAUHWND__@@PEAUtagMSG@@@Z 000000014001d2a0 f i Propdlg.obj
 0001:0001c340       ?PreTranslateMessage@CWinApp@@UEAAHPEAUtagMSG@@@Z 000000014001d340 f i Propdlg.obj
 0001:0001c400       ?PumpMessage@CWinApp@@UEAAHXZ 000000014001d400 f i Propdlg.obj
 0001:0001c480       ?OnFileNew@CDocManager@@UEAAXXZ 000000014001d480 f i Propdlg.obj
 0001:0001c5a0       ?OnFileNew@CWinApp@@UEAAXXZ 000000014001d5a0 f i Propdlg.obj
 0001:0001c5c0       ?GetRuntimeClass@CModalShapePropSheet@@UEBAPEAUCRuntimeClass@@XZ 000000014001d5c0 f   Propsht.obj
 0001:0001c5d0       ?_ProcessWindowMessage@CModalShapePropSheet@@UEAAHPEAUHWND__@@I_K_JAEA_J@Z 000000014001d5d0 f i Propsht.obj
 0001:0001c630       ??0CModalShapePropSheet@@QEAA@PEAVCWnd@@@Z 000000014001d630 f   Propsht.obj
 0001:0001c730       ??_ECModalShapePropSheet@@UEAAPEAXI@Z 000000014001d730 f i * CIL library *:* CIL module *
 0001:0001c730       ??_GCModalShapePropSheet@@UEAAPEAXI@Z 000000014001d730 f i Propsht.obj
 0001:0001c760       ??1CModalShapePropSheet@@UEAA@XZ 000000014001d760 f i Propsht.obj
 0001:0001c7f0       ?OnInitDialog@CModalShapePropSheet@@UEAAHXZ 000000014001d7f0 f   Propsht.obj
 0001:0001c8e0       ?SetShapePropsFromSheet@CModalShapePropSheet@@QEAAXPEAVCShape@@@Z 000000014001d8e0 f   Propsht.obj
 0001:0001c8e0       ?SetShapePropsFromSheet@CModelessShapePropSheet@@QEAAXPEAVCShape@@@Z 000000014001d8e0 f   Propsht2.obj
 0001:0001c980       ?OnApplyNow@CModalShapePropSheet@@IEAAXXZ 000000014001d980 f   Propsht.obj
 0001:0001caa0       ?AddPage@CPropertySheetMTL@@QEAAXPEAVCPropertyPageMTL@@@Z 000000014001daa0 f i Propsht.obj
 0001:0001cc40       ??1CPropertySheetMTL@@UEAA@XZ 000000014001dc40 f i Propsht.obj
 0001:0001cd00       ??_ECPropertySheetMTL@@UEAAPEAXI@Z 000000014001dd00 f i * CIL library *:* CIL module *
 0001:0001cd00       ??_GCPropertySheetMTL@@UEAAPEAXI@Z 000000014001dd00 f i Propsht.obj
 0001:0001cd30       ?PreTranslateMessage@CPropertySheetMTL@@UEAAHPEAUtagMSG@@@Z 000000014001dd30 f i Propsht.obj
 0001:0001ce80       ?OnCommand@CPropertySheetMTL@@UEAAH_K_J@Z 000000014001de80 f i Propsht.obj
 0001:0001cf30       ?AfxPropSheetCallback@CPropertySheetMTL@@SAHPEAUHWND__@@I_J@Z 000000014001df30 f i Propsht.obj
 0001:0001cfc0       ?Create@CPropertySheetMTL@@UEAAHPEAVCWnd@@KK@Z 000000014001dfc0 f i Propsht.obj
 0001:0001d120       ?AfxThrowResourceException@@YAXXZ 000000014001e120 f i Propsht.obj
 0001:0001d1c0       ?FontEnumProc@CPropertyPageMTL@@SAHPEBUtagLOGFONTW@@PEBUtagTEXTMETRICW@@K_J@Z 000000014001e1c0 f i Propsht.obj
 0001:0001d1d0       ?IsFontInstalled@CPropertyPageMTL@@SAHPEB_W@Z 000000014001e1d0 f i Propsht.obj
 0001:0001d270       ?AfxGetPropSheetFont@CPropertyPageMTL@@SAHAEAVCString@WTL@@AEAGH@Z 000000014001e270 f i Propsht.obj
 0001:0001d420       ?GetFont@CDialogTemplate@@SAHPEBUDLGTEMPLATE@@AEAVCString@WTL@@AEAG@Z 000000014001e420 f i Propsht.obj
 0001:0001d4e0       ?GetTemplateSize@CDialogTemplate@@QEAAIPEBUDLGTEMPLATE@@@Z 000000014001e4e0 f i Propsht.obj
 0001:0001d660       ?GetFontSizeField@CDialogTemplate@@SAPEAEPEBUDLGTEMPLATE@@@Z 000000014001e660 f i Propsht.obj
 0001:0001d6c0       ?SetFont@CDialogTemplate@@QEAAHPEB_WG@Z 000000014001e6c0 f i Propsht.obj
 0001:0001d830       ?_AfxChangePropPageFont@CPropertyPageMTL@@SAPEAUDLGTEMPLATE@@PEBU2@H@Z 000000014001e830 f i Propsht.obj
 0001:0001dae0       ?PreProcessPageTemplate@CPropertyPageMTL@@QEAAXAEAU_PROPSHEETPAGEW@@H@Z 000000014001eae0 f i Propsht.obj
 0001:0001dbb0       ?BuildPropPageArray@CPropertySheetMTL@@UEAAXXZ 000000014001ebb0 f i Propsht.obj
 0001:0001dd10       ?ContinueModal@CPropertySheetMTL@@UEAAHXZ 000000014001ed10 f i Propsht.obj
 0001:0001dd50       ?DoModal@CPropertySheetMTL@@UEAA_JXZ 000000014001ed50 f i Propsht.obj
 0001:0001df70       ??0CPropertySheetMTL@@QEAA@IPEAVCWnd@@I@Z 000000014001ef70 f i Propsht.obj
 0001:0001e060       ?OnInitDialog@CPropertySheetMTL@@UEAAHXZ 000000014001f060 f i Propsht.obj
 0001:0001e3c0       ?HandleInitDialog@CPropertySheetMTL@@QEAA_J_K_J@Z 000000014001f3c0 f i Propsht.obj
 0001:0001e3e0       ?OnKickIdle@CPropertySheetMTL@@QEAA_J_K_J@Z 000000014001f3e0 f i Propsht.obj
 0001:0001e480       ?OnSetDefID@CPropertySheetMTL@@QEAA_J_K_J@Z 000000014001f480 f i Propsht.obj
 0001:0001e5a0       ?_ProcessWindowMessage@CPropertySheetMTL@@UEAAHPEAUHWND__@@I_K_JAEA_J@Z 000000014001f5a0 f i Propsht.obj
 0001:0001e820       ?GetRuntimeClass@CModelessShapePropSheet@@UEBAPEAUCRuntimeClass@@XZ 000000014001f820 f   Propsht2.obj
 0001:0001e830       ?_ProcessWindowMessage@CModelessShapePropSheet@@UEAAHPEAUHWND__@@I_K_JAEA_J@Z 000000014001f830 f i Propsht2.obj
 0001:0001e840       ??0CModelessShapePropSheet@@QEAA@PEAVCWnd@@@Z 000000014001f840 f   Propsht2.obj
 0001:0001e900       ??_ECModelessShapePropSheet@@UEAAPEAXI@Z 000000014001f900 f i * CIL library *:* CIL module *
 0001:0001e900       ??_GCModelessShapePropSheet@@UEAAPEAXI@Z 000000014001f900 f i Propsht2.obj
 0001:0001e960       ?SetSheetPropsFromShape@CModelessShapePropSheet@@QEAAXPEAVCShape@@@Z 000000014001f960 f   Propsht2.obj
 0001:0001ea90       ?CreateObject@CShapesDoc@@SAPEAVCObject@@XZ 000000014001fa90 f   Shapedoc.obj
 0001:0001eb10       ?GetRuntimeClass@CShapesDoc@@UEBAPEAUCRuntimeClass@@XZ 000000014001fb10 f   Shapedoc.obj
 0001:0001eb20       ?_ProcessWindowMessage@CShapesDoc@@UEAAHPEAUHWND__@@I_K_JAEA_J@Z 000000014001fb20 f i Shapedoc.obj
 0001:0001eb30       ??_GCShapesDoc@@UEAAPEAXI@Z 000000014001fb30 f i Shapedoc.obj
 0001:0001eb30       ??_ECShapesDoc@@UEAAPEAXI@Z 000000014001fb30 f i * CIL library *:* CIL module *
 0001:0001eb60       ??1CShapesDoc@@UEAA@XZ     000000014001fb60 f   Shapedoc.obj
 0001:0001ebe0       ?OnNewDocument@CShapesDoc@@MEAAHXZ 000000014001fbe0 f   Shapedoc.obj
 0001:0001ec60       ?AddShape@CShapesDoc@@QEAAXPEAVCShape@@@Z 000000014001fc60 f   Shapedoc.obj
 0001:0001ed30       ?Serialize@CShapesDoc@@UEAAXAEAVCArchive@@@Z 000000014001fd30 f   Shapedoc.obj
 0001:0001ed40       ?Serialize@?$CTypedPtrList@V?$CList@PEAVCObject@@AEBQEAV1@@@PEAVCShape@@@@QEAAXAEAVCArchive@@@Z 000000014001fd40 f i Shapedoc.obj
 0001:0001ee20       ?OnOpenDocument@CDocument@@UEAAHPEB_W@Z 000000014001fe20 f i Shapedoc.obj
 0001:0001f0d0       ?OnCmdMsg@CDocument@@UEAAHIHPEAXPEAUAFX_CMDHANDLERINFO@@@Z 00000001400200d0 f i Shapedoc.obj
 0001:0001f150       ?Read@CArchive@@QEAAIPEAXI@Z 0000000140020150 f i Shapedoc.obj
 0001:0001f2a0       ?Load@CRuntimeClass@@SAPEAU1@AEAVCArchive@@PEAI@Z 00000001400202a0 f i Shapedoc.obj
 0001:0001f390       ?ReadClass@CArchive@@QEAAPEAUCRuntimeClass@@PEBU2@PEAIPEAK@Z 0000000140020390 f i Shapedoc.obj
 0001:0001f650       ?ReadObject@CArchive@@QEAAPEAVCObject@@PEBUCRuntimeClass@@@Z 0000000140020650 f i Shapedoc.obj
 0001:0001f820       ?FillBuffer@CArchive@@QEAAXI@Z 0000000140020820 f i Shapedoc.obj
 0001:0001f8f0       ?ReadCount@CArchive@@QEAA_KXZ 00000001400208f0 f i Shapedoc.obj
 0001:0001f9a0       ?AfxThrowNotSupportedException@@YAXXZ 00000001400209a0 f i Shapedoc.obj
 0001:0001fa40       ?EnsureSchemaMapExists@CArchive@@QEAAXPEAPEAV?$CArray@W4LoadArrayObjType@CArchive@@AEBW412@@@@Z 0000000140020a40 f i Shapedoc.obj
 0001:0001fb30       ?InsertAt@?$CArray@W4LoadArrayObjType@CArchive@@AEBW412@@@QEAAX_JAEBW4LoadArrayObjType@CArchive@@0@Z 0000000140020b30 f i Shapedoc.obj
 0001:0001fbb0       ?MapObject@CArchive@@QEAAXPEBVCObject@@@Z 0000000140020bb0 f i Shapedoc.obj
 0001:0001fce0       ?Write@CArchive@@QEAAXPEBXI@Z 0000000140020ce0 f i Shapedoc.obj
 0001:0001fda0       ?Store@CRuntimeClass@@QEBAXAEAVCArchive@@@Z 0000000140020da0 f i Shapedoc.obj
 0001:0001fe40       ?WriteClass@CArchive@@QEAAXPEBUCRuntimeClass@@@Z 0000000140020e40 f i Shapedoc.obj
 0001:0001ff60       ?AfxThrowArchiveException@CArchive@@SAXHPEB_W@Z 0000000140020f60 f i Shapedoc.obj
 0001:0001fff0       ?FindData@?$CMapList@PEAXPEAXV?$CPair@PEAXPEAX@@$0A@@@QEAAAEAV?$CPair@PEAXPEAX@@QEAXH@Z 0000000140020ff0 f i Shapedoc.obj
 0001:000200b0       ?WriteObject@CArchive@@QEAAXPEBVCObject@@@Z 00000001400210b0 f i Shapedoc.obj
 0001:000201d0       ??6CArchive@@QEAAAEAV0@G@Z 00000001400211d0 f i Shapedoc.obj
 0001:00020210       ??6CArchive@@QEAAAEAV0@K@Z 0000000140021210 f i Shapedoc.obj
 0001:00020250       ?WriteCount@CArchive@@QEAAX_K@Z 0000000140021250 f i Shapedoc.obj
 0001:00020340       ?UpdateAllViews@CDocument@@QEAAXPEAVCView@@_JPEAVCObject@@@Z 0000000140021340 f i Shapedoc.obj
 0001:000203a0       ?AfxFormatStrings@CAfx@@SAXAEAVCString@WTL@@PEB_WPEBQEB_WH@Z 00000001400213a0 f i Shapedoc.obj
 0001:00020530       ?SaveModified@CDocument@@UEAAHXZ 0000000140021530 f i Shapedoc.obj
 0001:00020980       ?CDocumentDestruct@CDocument@@QEAAXXZ 0000000140021980 f i Shapedoc.obj
 0001:00020a00       ??1CDocument@@UEAA@XZ      0000000140021a00 f i Shapedoc.obj
 0001:00020ab0       ?DoFileSave@CDocument@@QEAAHXZ 0000000140021ab0 f i Shapedoc.obj
 0001:00020b00       ?OnFileSave@CDocument@@QEAAXXZ 0000000140021b00 f i Shapedoc.obj
 0001:00020b40       ?GetFile@CDocument@@QEAAPEAVCFile@@PEB_WIPEAVCFileException@@@Z 0000000140021b40 f i Shapedoc.obj
 0001:00020be0       ??0CArchive@@QEAA@PEAVCFile@@IHPEAX@Z 0000000140021be0 f i Shapedoc.obj
 0001:00020cc0       ??1CArchive@@QEAA@XZ       0000000140021cc0 f i Shapedoc.obj
 0001:00020cf0       ?Flush@CArchive@@QEAAXXZ   0000000140021cf0 f i Shapedoc.obj
 0001:00020d60       ?Abort@CFile@@UEAAXXZ      0000000140021d60 f i Shapedoc.obj
 0001:00020d90       ?AfxThrowInvalidArgException@@YAXXZ 0000000140021d90 f i Shapedoc.obj
 0001:00020e30       ??0CTime@@QEAA@AEBU_FILETIME@@H@Z 0000000140021e30 f i Shapedoc.obj
 0001:00020f00       ?GetStatus@CFile@@QEBAHAEAUCFileStatus@@@Z 0000000140021f00 f i Shapedoc.obj
 0001:00021090       ?GetFilePath@CFile@@UEBA?AVCString@WTL@@XZ 0000000140022090 f i Shapedoc.obj
 0001:00021150       ?GetLength@CFile@@UEBA_KXZ 0000000140022150 f i Shapedoc.obj
 0001:000211a0       ?Open@CFile@@UEAAHPEB_WIPEAVCFileException@@@Z 00000001400221a0 f i Shapedoc.obj
 0001:000213d0       ?Read@CFile@@UEAAIPEAXI@Z  00000001400223d0 f i Shapedoc.obj
 0001:00021420       ?Write@CFile@@UEAAXPEBXI@Z 0000000140022420 f i Shapedoc.obj
 0001:00021510       ?Seek@CFile@@UEAA_K_JI@Z   0000000140022510 f i Shapedoc.obj
 0001:00021570       ??0CFileException@@QEAA@HJPEB_W@Z 0000000140022570 f i Shapedoc.obj
 0001:000215f0       ?OsErrorToException@CFileException@@SAHJ@Z 00000001400225f0 f i Shapedoc.obj
 0001:000217a0       ?ThrowOsError@CFileException@@SAXJPEB_W@Z 00000001400227a0 f i Shapedoc.obj
 0001:00021810       ?Close@CFile@@UEAAXXZ      0000000140022810 f i Shapedoc.obj
 0001:000218c0       ??_GCFile@@QEAAPEAXI@Z     00000001400228c0 f i Shapedoc.obj
 0001:00021930       ?ReleaseFile@CDocument@@UEAAXPEAVCFile@@H@Z 0000000140022930 f i Shapedoc.obj
 0001:00021970       ?SetModifiedFlag@CDocument@@UEAAXH@Z 0000000140022970 f i Shapedoc.obj
 0001:00021980       ?OnSaveDocument@CDocument@@UEAAHPEB_W@Z 0000000140022980 f i Shapedoc.obj
 0001:00021b90       ?GetFirstViewPosition@CDocument@@UEBAPEAU__POSITION@@XZ 0000000140022b90 f i Shapedoc.obj
 0001:00021ba0       ?GetNextView@CDocument@@UEBAPEAVCView@@AEAPEAU__POSITION@@@Z 0000000140022ba0 f i Shapedoc.obj
 0001:00021bc0       ?SetTitle@CDocument@@UEAAXPEB_W@Z 0000000140022bc0 f i Shapedoc.obj
 0001:00021c10       ?SetPathName@CDocument@@UEAAXPEB_WH@Z 0000000140022c10 f i Shapedoc.obj
 0001:00021d70       ?DoSave@CDocument@@UEAAHPEB_WH@Z 0000000140022d70 f i Shapedoc.obj
 0001:00022330       ?_ProcessWindowMessage@CDocument@@UEAAHPEAUHWND__@@I_K_JAEA_J@Z 0000000140023330 f i Shapedoc.obj
 0001:000223e0       ?CreateObject@CShape@@SAPEAVCObject@@XZ 00000001400233e0 f   Shapeobj.obj
 0001:00022420       ?GetRuntimeClass@CShape@@UEBAPEAUCRuntimeClass@@XZ 0000000140023420 f   Shapeobj.obj
 0001:00022430       ?Draw@CShape@@QEAAXPEAVCDCMTL@@H@Z 0000000140023430 f   Shapeobj.obj
 0001:000226a0       ?Serialize@CShape@@UEAAXAEAVCArchive@@@Z 00000001400236a0 f   Shapeobj.obj
 0001:000227c0       ?SelectObject@CDCMTL@@QEAAPEAVCBrushMTL@@PEAV2@@Z 00000001400237c0 f i Shapeobj.obj
 0001:000227c0       ?SelectObject@CDCMTL@@QEAAPEAVCPenMTL@@PEAV2@@Z 00000001400237c0 f i Shapeobj.obj
 0001:00022850       ??_GCGdiObject@@UEAAPEAXI@Z 0000000140023850 f i Shapeobj.obj
 0001:00022850       ??_ECGdiObject@@UEAAPEAXI@Z 0000000140023850 f i * CIL library *:* CIL module *
 0001:000228c0       ?classHandleFuncCGdiObject@CGdiObject@@SAPEAXPEAX0@Z 00000001400238c0 f i Shapeobj.obj
 0001:00022920       ?CreateObject@CShapesView@@SAPEAVCObject@@XZ 0000000140023920 f   Shapesvw.obj
 0001:00022980       ?GetRuntimeClass@CShapesView@@UEBAPEAUCRuntimeClass@@XZ 0000000140023980 f   Shapesvw.obj
 0001:00022990       ?_ProcessWindowMessage@CShapesView@@UEAAHPEAUHWND__@@I_K_JAEA_J@Z 0000000140023990 f i Shapesvw.obj
 0001:00022c30       ??_ECView@@UEAAPEAXI@Z     0000000140023c30 f i * CIL library *:* CIL module *
 0001:00022c30       ??_GCView@@UEAAPEAXI@Z     0000000140023c30 f i Shapesvw.obj
 0001:00022c30       ??_GCShapesView@@UEAAPEAXI@Z 0000000140023c30 f i Shapesvw.obj
 0001:00022c30       ??_ECShapesView@@UEAAPEAXI@Z 0000000140023c30 f i * CIL library *:* CIL module *
 0001:00022cb0       ?OnDraw@CShapesView@@UEAAXPEAVCDCMTL@@@Z 0000000140023cb0 f   Shapesvw.obj
 0001:00022da0       ?OnPreparePrinting@CShapesView@@MEAAHPEAUCPrintInfo@@@Z 0000000140023da0 f   Shapesvw.obj
 0001:00022db0       ?OnLButtonDown@CShapesView@@IEAAXIVCPoint@WTL@@@Z 0000000140023db0 f   Shapesvw.obj
 0001:00022fe0       ?OnSimplePropertySheet@CShapesView@@IEAAXXZ 0000000140023fe0 f   Shapesvw.obj
 0001:00023120       ?OnPropertySheetWithPreview@CShapesView@@IEAAXXZ 0000000140024120 f   Shapesvw.obj
 0001:000231e0       ?OnUpdatePropertySheetWithPreview@CShapesView@@IEAAXPEAVCCmdUI@@@Z 00000001400241e0 f   Shapesvw.obj
 0001:00023280       ?OnChangeObjectProps@CShapesView@@IEAA_J_K_J@Z 0000000140024280 f   Shapesvw.obj
 0001:00023370       ?OnKeyDown@CShapesView@@IEAAXIII@Z 0000000140024370 f   Shapesvw.obj
 0001:000234b0       ?DoPreparePrinting@CView@@QEAAHPEAUCPrintInfo@@@Z 00000001400244b0 f i Shapesvw.obj
 0001:00023650       ?_AfxPreviewCloseProc@CPrintPreviewState@@SAHPEAVCFrameWnd@@@Z 0000000140024650 f i Shapesvw.obj
 0001:000236a0       ??_ECDialogBar@@UEAAPEAXI@Z 00000001400246a0 f i * CIL library *:* CIL module *
 0001:000236a0       ??_GCDialogBar@@UEAAPEAXI@Z 00000001400246a0 f i Shapesvw.obj
 0001:000236d0       ?OnUpdateCmdUI@CDialogBar@@UEAAXPEAVCFrameWnd@@H@Z 00000001400246d0 f i Shapesvw.obj
 0001:000236e0       ?CalcFixedLayout@CDialogBar@@UEAA?AVCSize@WTL@@HH@Z 00000001400246e0 f i Shapesvw.obj
 0001:00023730       ?Create@CDialogBar@@UEAAHPEAVCWnd@@PEB_WII@Z 0000000140024730 f i Shapesvw.obj
 0001:000238f0       ?Create@CDialogBar@@UEAAHPEAVCWnd@@III@Z 00000001400248f0 f i Shapesvw.obj
 0001:00023900       ??1CDialogBar@@UEAA@XZ     0000000140024900 f i Shapesvw.obj
 0001:00023970       ?AddView@CDocument@@QEAAXPEAVCView@@@Z 0000000140024970 f i Shapesvw.obj
 0001:00023a10       ?OnDestroy@CView@@QEAAXXZ  0000000140024a10 f i Shapesvw.obj
 0001:00023aa0       ?OnMouseActivate@CView@@QEAAHPEAVCWnd@@II@Z 0000000140024aa0 f i Shapesvw.obj
 0001:00023b70       ?OnPaint@CView@@QEAAXXZ    0000000140024b70 f i Shapesvw.obj
 0001:00023c60       ?GetSafeHdc@CDCMTL@@QEBAPEAUHDC__@@XZ 0000000140024c60 f i Shapesvw.obj
 0001:00023c70       ??_9CView@@$BBCA@AA        0000000140024c70 f i Shapesvw.obj
 0001:00023c80       ?_ProcessWindowMessage@CView@@UEAAHPEAUHWND__@@I_K_JAEA_J@Z 0000000140024c80 f i Shapesvw.obj
 0001:00023e90       ?OnCmdMsg@CView@@UEAAHIHPEAXPEAUAFX_CMDHANDLERINFO@@@Z 0000000140024e90 f i Shapesvw.obj
 0001:00023f10       ?PreCreateWindow@CView@@UEAAHAEAUtagCREATESTRUCTW@@@Z 0000000140024f10 f i Shapesvw.obj
 0001:00023f60       ?OnInitialUpdate@CView@@UEAAXXZ 0000000140024f60 f i Shapesvw.obj
 0001:00023f80       ?OnUpdate@CView@@UEAAXPEAV1@_JPEAVCObject@@@Z 0000000140024f80 f i Shapesvw.obj
 0001:00023fa0       ?RemoveView@CDocument@@QEAAXPEAVCView@@@Z 0000000140024fa0 f i Shapesvw.obj
 0001:00024050       ?CViewDestruct@CView@@QEAAXXZ 0000000140025050 f i Shapesvw.obj
 0001:00024070       ??1CView@@UEAA@XZ          0000000140025070 f i Shapesvw.obj
 0001:000240d0       ??1CPreviewDC@@UEAA@XZ     00000001400250d0 f i Shapesvw.obj
 0001:00024150       ??_ECPreviewDC@@UEAAPEAXI@Z 0000000140025150 f i * CIL library *:* CIL module *
 0001:00024150       ??_GCPreviewDC@@UEAAPEAXI@Z 0000000140025150 f i Shapesvw.obj
 0001:00024180       ?SaveDC@CPreviewDC@@UEAAHXZ 0000000140025180 f i Shapesvw.obj
 0001:00024200       ?SelectStockObject@CPreviewDC@@QEAAPEAVCGdiObject@@H@Z 0000000140025200 f i Shapesvw.obj
 0001:00024280       ?MirrorFont@CPreviewDC@@QEAAXXZ 0000000140025280 f i Shapesvw.obj
 0001:00024480       ?RestoreDC@CPreviewDC@@UEAAHH@Z 0000000140025480 f i Shapesvw.obj
 0001:000244e0       ??1?$CAlloc@HAEBH@@QEAA@XZ 00000001400254e0 f i Shapesvw.obj
 0001:000244e0       ??1?$CAlloc@_WAEB_W@@QEAA@XZ 00000001400254e0 f i Shapesvw.obj
 0001:00024520       ?ComputeDeltas@CPreviewDC@@QEAA?AVCSize@WTL@@AEAHPEB_WAEAIHIPEAHHPEA_W30@Z 0000000140025520 f i Shapesvw.obj
[...]
 0004:000037b0       $pdata$_ld12tof            000000014005b7b0     LIBCMT:intrncvt.obj
 0004:000037bc       $pdata$__strgtold12_l      000000014005b7bc     LIBCMT:strgtold.obj
 0004:000037c8       $pdata$_cfltcvt            000000014005b7c8     LIBCMT:cvt.obj
 0004:000037d4       $pdata$_cfltcvt_l          000000014005b7d4     LIBCMT:cvt.obj
 0004:000037e0       $pdata$_cftoa_l            000000014005b7e0     LIBCMT:cvt.obj
 0004:000037ec       $pdata$_cftoe2_l           000000014005b7ec     LIBCMT:cvt.obj
 0004:000037f8       $pdata$_cftoe_l            000000014005b7f8     LIBCMT:cvt.obj
 0004:00003804       $pdata$_cftof2_l           000000014005b804     LIBCMT:cvt.obj
 0004:00003810       $pdata$_cftof_l            000000014005b810     LIBCMT:cvt.obj
 0004:0000381c       $pdata$_cftog_l            000000014005b81c     LIBCMT:cvt.obj
 0004:00003828       $pdata$_cropzeros_l        000000014005b828     LIBCMT:cvt.obj
 0004:00003834       $pdata$_fassign_l          000000014005b834     LIBCMT:cvt.obj
 0004:00003840       $pdata$_forcdecpt_l        000000014005b840     LIBCMT:cvt.obj
 0004:0000384c       $pdata$_strdup             000000014005b84c     LIBCMT:strdup.obj
 0004:00003858       $pdata$_mbschr_l           000000014005b858     LIBCMT:mbschr.obj
 0004:00003864       $pdata$_strnicmp_l         000000014005b864     LIBCMT:strnicmp.obj
 0004:00003870       $pdata$__mtold12           000000014005b870     LIBCMT:mantold.obj
 0004:0000387c       $pdata$isdigit             000000014005b87c     LIBCMT:_ctype.obj
 0004:00003888       $pdata$_tolower_l          000000014005b888     LIBCMT:tolower.obj
 0004:00003894       $pdata$strrchr             000000014005b894     LIBCMT:strrchr.obj
 0004:000038a0       $pdata$_fptostr            000000014005b8a0     LIBCMT:_fptostr.obj
 0004:000038ac       $pdata$__dtold             000000014005b8ac     LIBCMT:cfout.obj
 0004:000038b8       $pdata$_fltout2            000000014005b8b8     LIBCMT:cfout.obj
 0004:000038c4       $pdata$strchr              000000014005b8c4     LIBCMT:strchr.obj
 0004:000038d0       $pdata$$I10_OUTPUT         000000014005b8d0     LIBCMT:x10fout.obj
 0004:000038dc       $pdata$?_GetEstablisherFrame@@YAPEA_KPEA_KPEAU_xDISPATCHER_CONTEXT@@PEBU_s_FuncInfo@@0@Z 000000014005b8dc     LIBCMT:trnsctrl.obj
 0004:000038e8       $pdata$?_GetRangeOfTrysToCheck@@YAPEBU_s_TryBlockMapEntry@@PEA_KPEBU_s_FuncInfo@@HHPEAI2PEAU_xDISPATCHER_CONTEXT@@@Z 000000014005b8e8     LIBCMT:trnsctrl.obj
 0004:000038f4       $pdata$?__FrameUnwindToEmptyState@@YAXPEA_KPEAU_xDISPATCHER_CONTEXT@@PEBU_s_FuncInfo@@@Z 000000014005b8f4     LIBCMT:trnsctrl.obj
 0004:00003900       $pdata$?__SehTransFilter@@YAHPEAU_EXCEPTION_POINTERS@@PEAUEHExceptionRecord@@PEA_KPEAU_CONTEXT@@PEAU_xDISPATCHER_CONTEXT@@PEBU_s_FuncInfo@@PEAH@Z 000000014005b900     LIBCMT:trnsctrl.obj
 0004:0000390c       $pdata$_CallSETranslator   000000014005b90c     LIBCMT:trnsctrl.obj
 0004:00003918       $pdata$_CreateFrameInfo    000000014005b918     LIBCMT:trnsctrl.obj
 0004:00003924       $pdata$_FindAndUnlinkFrame 000000014005b924     LIBCMT:trnsctrl.obj
 0004:00003930       $pdata$_GetImageBase       000000014005b930     LIBCMT:trnsctrl.obj
 0004:0000393c       $pdata$_GetThrowImageBase  000000014005b93c     LIBCMT:trnsctrl.obj
 0004:00003948       $pdata$_IsExceptionObjectToBeDestroyed 000000014005b948     LIBCMT:trnsctrl.obj
 0004:00003954       $pdata$_SetImageBase       000000014005b954     LIBCMT:trnsctrl.obj
 0004:00003960       $pdata$_SetThrowImageBase  000000014005b960     LIBCMT:trnsctrl.obj
 0004:0000396c       $pdata$_UnwindNestedFrames 000000014005b96c     LIBCMT:trnsctrl.obj
 0004:00003978       $pdata$__CxxFrameHandler3  000000014005b978     LIBCMT:trnsctrl.obj
 0004:00003984       $pdata$__DestructExceptionObject 000000014005b984     LIBCMT:frame.obj
 0004:00003990       $pdata$??0bad_exception@std@@QEAA@AEBV01@@Z 000000014005b990     LIBCMT:frame.obj
 0004:0000399c       $pdata$??_Gbad_exception@std@@UEAAPEAXI@Z 000000014005b99c     LIBCMT:frame.obj
 0004:000039a8       $pdata$?CatchIt@@YAXPEAUEHExceptionRecord@@PEA_KPEAU_CONTEXT@@PEAU_xDISPATCHER_CONTEXT@@PEBU_s_FuncInfo@@PEBU_s_HandlerType@@PEBU_s_CatchableType@@PEBU_s_TryBlockMapEntry@@H1EE@Z 000000014005b9a8     LIBCMT:frame.obj
 0004:000039b4       $pdata$?FindHandler@@YAXPEAUEHExceptionRecord@@PEA_KPEAU_CONTEXT@@PEAU_xDISPATCHER_CONTEXT@@PEBU_s_FuncInfo@@EH1@Z 000000014005b9b4     LIBCMT:frame.obj
 0004:000039c0       $pdata$?FindHandlerForForeignException@@YAXPEAUEHExceptionRecord@@PEA_KPEAU_CONTEXT@@PEAU_xDISPATCHER_CONTEXT@@PEBU_s_FuncInfo@@HH1@Z 000000014005b9c0     LIBCMT:frame.obj
 0004:000039cc       $pdata$?IsInExceptionSpec@@YAEPEAUEHExceptionRecord@@PEBU_s_ESTypeList@@@Z 000000014005b9cc     LIBCMT:frame.obj
 0004:000039d8       $pdata$__BuildCatchObject  000000014005b9d8     LIBCMT:frame.obj
 0004:000039e4       $pdata$__BuildCatchObjectHelper 000000014005b9e4     LIBCMT:frame.obj
 0004:000039f0       $pdata$__CxxCallCatchBlock 000000014005b9f0     LIBCMT:frame.obj
 0004:000039fc       $pdata$__FrameUnwindFilter 000000014005b9fc     LIBCMT:frame.obj
 0004:00003a08       $pdata$__FrameUnwindToState 000000014005ba08     LIBCMT:frame.obj
 0004:00003a14       $pdata$__InternalCxxFrameHandler 000000014005ba14     LIBCMT:frame.obj
 0004:00003a20       $pdata$__TypeMatch         000000014005ba20     LIBCMT:frame.obj
 0004:00003a2c       $pdata$?__GetCurrentState@@YAHPEA_KPEAU_xDISPATCHER_CONTEXT@@PEBU_s_FuncInfo@@@Z 000000014005ba2c     LIBCMT:ehstate.obj
 0004:00003a38       $pdata$?__GetUnwindTryBlock@@YAHPEA_KPEAU_xDISPATCHER_CONTEXT@@PEBU_s_FuncInfo@@@Z 000000014005ba38     LIBCMT:ehstate.obj
 0004:00003a44       $pdata$?__SetUnwindTryBlock@@YAXPEA_KPEAU_xDISPATCHER_CONTEXT@@PEBU_s_FuncInfo@@H@Z 000000014005ba44     LIBCMT:ehstate.obj
 0004:00003a50       $pdata$?__StateFromIp@@YAHPEBU_s_FuncInfo@@PEAU_xDISPATCHER_CONTEXT@@_J@Z 000000014005ba50     LIBCMT:ehstate.obj
 0004:00003a68       $pdata$?catch$0@?0??AllocBuffer@CString@WTL@@IEAAHH@Z@4HA 000000014005ba68     Colorpge.obj
 0004:00003a74       $pdata$?dtor$0@?0???HWTL@@YA?AVCString@0@AEBV10@PEB_W@Z@4HA 000000014005ba74     Propdlg.obj
 0004:00003a74       $pdata$?dtor$0@?0???HWTL@@YA?AVCString@0@AEBV10@0@Z@4HA 000000014005ba74     Propdlg.obj
 0004:00003a80       $pdata$?dtor$1@?0??UpdatePrinterSelection@CWinApp@@QEAAXH@Z@4HA 000000014005ba80     Propdlg.obj
 0004:00003a8c       $pdata$?dtor$2@?0??UpdatePrinterSelection@CWinApp@@QEAAXH@Z@4HA 000000014005ba8c     Propdlg.obj
 0004:00003a98       $pdata$?dtor$0@?0??Mid@CString@WTL@@QEBA?AV12@HH@Z@4HA 000000014005ba98     Propdlg.obj
 0004:00003aa4       $pdata$?catch$0@?0??OnOpenDocument@CDocument@@UEAAHPEB_W@Z@4HA 000000014005baa4     Shapedoc.obj
 0004:00003ab0       $pdata$?catch$0@?0??ReadObject@CArchive@@QEAAPEAVCObject@@PEBUCRuntimeClass@@@Z@4HA 000000014005bab0     Shapedoc.obj
 0004:00003abc       $pdata$?catch$0@?0??EnsureSchemaMapExists@CArchive@@QEAAXPEAPEAV?$CArray@W4LoadArrayObjType@CArchive@@AEBW412@@@@Z@4HA 000000014005babc     Shapedoc.obj
 0004:00003ac8       $pdata$?catch$0@?0??OnFilePrintPreview@CView@@QEAAXXZ@4HA 000000014005bac8     Shapesvw.obj
 0004:00003ad4       $pdata$__tmainCRTStartup$filt$0 000000014005bad4     LIBCMT:wwincrt0.obj
 0004:00003ae0       $pdata$_onexit$fin$0       000000014005bae0     LIBCMT:onexit.obj
 0004:00003aec       $pdata$?fin$0@?0???_M@YAXPEAX_KHP6AX0@Z@Z@4HA 000000014005baec     LIBCMT:ehvecdtr.obj
 0004:00003af8       $pdata$?filt$0@?0??__ArrayUnwind@@YAXPEAX_KHP6AX0@Z@Z@4HA 000000014005baf8     LIBCMT:ehvecdtr.obj
 0004:00003b04       $pdata$?fin$0@?0???_L@YAXPEAX_KHP6AX0@Z2@Z@4HA 000000014005bb04     LIBCMT:ehvecctr.obj
 0004:00003b10       $pdata$doexit$fin$0        000000014005bb10     LIBCMT:crt0dat.obj
 0004:00003b1c       $pdata$_freefls$fin$1      000000014005bb1c     LIBCMT:tidtable.obj
 0004:00003b1c       $pdata$_initptd$fin$1      000000014005bb1c     LIBCMT:tidtable.obj
 0004:00003b28       $pdata$_initptd$fin$0      000000014005bb28     LIBCMT:tidtable.obj
 0004:00003b28       $pdata$_freefls$fin$0      000000014005bb28     LIBCMT:tidtable.obj
 0004:00003b34       $pdata$_ioinit$fin$0       000000014005bb34     LIBCMT:ioinit.obj
 0004:00003b40       $pdata$?fin$0@?0??_Type_info_dtor@type_info@@CAXPEAV1@@Z@4HA 000000014005bb40     LIBCMT:typname.obj
 0004:00003b4c       $pdata$_mtinitlocknum$fin$0 000000014005bb4c     LIBCMT:mlock.obj
 0004:00003b58       $pdata$_IsNonwritableInCurrentImage$filt$0 000000014005bb58     LIBCMT:pesect.obj
 0004:00003b64       $pdata$raise$fin$0         000000014005bb64     LIBCMT:winsig.obj
 0004:00003b70       $pdata$_setmbcp$fin$0      000000014005bb70     LIBCMT:mbctype.obj
 0004:00003b70       $pdata$__updatetmbcinfo$fin$0 000000014005bb70     LIBCMT:mbctype.obj
 0004:00003b7c       $pdata$_isindst$fin$0      000000014005bb7c     LIBCMT:tzset.obj
 0004:00003b7c       $pdata$__tzset$fin$0       000000014005bb7c     LIBCMT:tzset.obj
 0004:00003b88       $pdata$_tzset_nolock$fin$0 000000014005bb88     LIBCMT:tzset.obj
 0004:00003b94       $pdata$flsall$fin$0        000000014005bb94     LIBCMT:fflush.obj
 0004:00003ba0       $pdata$flsall$fin$1        000000014005bba0     LIBCMT:fflush.obj
 0004:00003bac       $pdata$_fcloseall$fin$0    000000014005bbac     LIBCMT:closeall.obj
 0004:00003bb8       $pdata$_write$fin$0        000000014005bbb8     LIBCMT:write.obj
 0004:00003bc4       $pdata$_locterm$fin$0      000000014005bbc4     LIBCMT:wsetloca.obj
 0004:00003bc4       $pdata$__updatetlocinfo$fin$0 000000014005bbc4     LIBCMT:wsetloca.obj
 0004:00003bd0       $pdata$fclose$fin$0        000000014005bbd0     LIBCMT:fclose.obj
 0004:00003bdc       $pdata$__lock_fhandle$fin$0 000000014005bbdc     LIBCMT:osfinfo.obj
 0004:00003be8       $pdata$_close$fin$0        000000014005bbe8     LIBCMT:close.obj
 0004:00003be8       $pdata$_commit$fin$0       000000014005bbe8     LIBCMT:close.obj
 0004:00003bf4       $pdata$_CallSETranslator$filt$0 000000014005bbf4     LIBCMT:trnsctrl.obj
 0004:00003c00       $pdata$__CxxCallCatchBlock$filt$0 000000014005bc00     LIBCMT:frame.obj
 0004:00003c0c       $pdata$__CxxCallCatchBlock$fin$1 000000014005bc0c     LIBCMT:frame.obj
 0004:00003c18       $pdata$__DestructExceptionObject$filt$0 000000014005bc18     LIBCMT:frame.obj
 0004:00003c24       $pdata$__FrameUnwindToState$filt$0 000000014005bc24     LIBCMT:frame.obj
 0004:00003c30       $pdata$__FrameUnwindToState$fin$1 000000014005bc30     LIBCMT:frame.obj
 0004:00003c3c       $pdata$??__F_AtlWinModule@ATL@@YAXXZ 000000014005bc3c     Colorpge.obj
 0005:000016b0       $R000000                   000000014005d6b0     Propdlg.res
 0005:00001998       $R0002E8                   000000014005d998     Propdlg.res
 0005:00001ac0       $R000410                   000000014005dac0     Propdlg.res
 0005:00001ae8       $R000438                   000000014005dae8     Propdlg.res
 0005:00001dd0       $R000720                   000000014005ddd0     Propdlg.res
 0005:00001de8       $R000738                   000000014005dde8     Propdlg.res
 0005:00002288       $R000BD8                   000000014005e288     Propdlg.res
 0005:000023c8       $R000D18                   000000014005e3c8     Propdlg.res
 0005:00002768       $R0010B8                   000000014005e768     Propdlg.res
 0005:000027d8       $R001128                   000000014005e7d8     Propdlg.res
 0005:00002910       $R001260                   000000014005e910     Propdlg.res
 0005:000029e8       $R001338                   000000014005e9e8     Propdlg.res
 0005:00002ac0       $R001410                   000000014005eac0     Propdlg.res
 0005:00002d98       $R0016E8                   000000014005ed98     Propdlg.res
 0005:00002ed0       $R001820                   000000014005eed0     Propdlg.res
 0005:00002f88       $R0018D8                   000000014005ef88     Propdlg.res
 0005:00002fb0       $R001900                   000000014005efb0     Propdlg.res
 0005:000030e8       $R001A38                   000000014005f0e8     Propdlg.res
 0005:000031a0       $R001AF0                   000000014005f1a0     Propdlg.res
 0005:000031c8       $R001B18                   000000014005f1c8     Propdlg.res
 0005:00003300       $R001C50                   000000014005f300     Propdlg.res
 0005:000033b8       $R001D08                   000000014005f3b8     Propdlg.res
 0005:000033e0       $R001D30                   000000014005f3e0     Propdlg.res
 0005:00003518       $R001E68                   000000014005f518     Propdlg.res
 0005:000035d0       $R001F20                   000000014005f5d0     Propdlg.res
 0005:000035f8       $R001F48                   000000014005f5f8     Propdlg.res
 0005:00003730       $R002080                   000000014005f730     Propdlg.res
 0005:000037e8       $R002138                   000000014005f7e8     Propdlg.res
 0005:00003810       $R002160                   000000014005f810     Propdlg.res
 0005:00003a10       $R002360                   000000014005fa10     Propdlg.res
 0005:00003ac8       $R002418                   000000014005fac8     Propdlg.res
 0005:00003af0       $R002440                   000000014005faf0     Propdlg.res
 0005:00003cf0       $R002640                   000000014005fcf0     Propdlg.res
 0005:00003da8       $R0026F8                   000000014005fda8     Propdlg.res
 0005:00003dd0       $R002720                   000000014005fdd0     Propdlg.res
 0005:00003fd0       $R002920                   000000014005ffd0     Propdlg.res
 0005:00004088       $R0029D8                   0000000140060088     Propdlg.res
 0005:000040b0       $R002A00                   00000001400600b0     Propdlg.res
 0005:000042b0       $R002C00                   00000001400602b0     Propdlg.res
 0005:00004368       $R002CB8                   0000000140060368     Propdlg.res
 0005:00004390       $R002CE0                   0000000140060390     Propdlg.res
 0005:000044c8       $R002E18                   00000001400604c8     Propdlg.res
 0005:00004580       $R002ED0                   0000000140060580     Propdlg.res
 0005:000045a8       $R002EF8                   00000001400605a8     Propdlg.res
 0005:000046e0       $R003030                   00000001400606e0     Propdlg.res
 0005:00004798       $R0030E8                   0000000140060798     Propdlg.res
 0005:000047c0       $R003110                   00000001400607c0     Propdlg.res
 0005:000048f8       $R003248                   00000001400608f8     Propdlg.res
 0005:00004910       $R003260                   0000000140060910     Propdlg.res
 0005:00004a48       $R003398                   0000000140060a48     Propdlg.res
 0005:00004a60       $R0033B0                   0000000140060a60     Propdlg.res
 0005:00004b98       $R0034E8                   0000000140060b98     Propdlg.res
 0005:00004bb0       $R003500                   0000000140060bb0     Propdlg.res
 0005:00004ce8       $R003638                   0000000140060ce8     Propdlg.res
 0005:00004d00       $R003650                   0000000140060d00     Propdlg.res
 0005:00004e38       $R003788                   0000000140060e38     Propdlg.res
 0005:00004e50       $R0037A0                   0000000140060e50     Propdlg.res
 0005:00004f88       $R0038D8                   0000000140060f88     Propdlg.res
 0005:00004fa0       $R0038F0                   0000000140060fa0     Propdlg.res
 0005:000050d8       $R003A28                   00000001400610d8     Propdlg.res
 0005:000050f0       $R003A40                   00000001400610f0     Propdlg.res
 0005:00005228       $R003B78                   0000000140061228     Propdlg.res
 0005:00005240       $R003B90                   0000000140061240     Propdlg.res
 0005:00005378       $R003CC8                   0000000140061378     Propdlg.res
 0005:00005390       $R003CE0                   0000000140061390     Propdlg.res
 0005:000054c8       $R003E18                   00000001400614c8     Propdlg.res
 0005:000054e0       $R003E30                   00000001400614e0     Propdlg.res
 0005:00005618       $R003F68                   0000000140061618     Propdlg.res
 0005:00005630       $R003F80                   0000000140061630     Propdlg.res
 0005:00005768       $R0040B8                   0000000140061768     Propdlg.res
 0005:00005780       $R0040D0                   0000000140061780     Propdlg.res
 0005:000058b8       $R004208                   00000001400618b8     Propdlg.res
 0005:000058d0       $R004220                   00000001400618d0     Propdlg.res
 0005:00005a08       $R004358                   0000000140061a08     Propdlg.res
 0005:00005a20       $R004370                   0000000140061a20     Propdlg.res
 0005:00005b08       $R004458                   0000000140061b08     Propdlg.res
 0005:00005b40       $R004490                   0000000140061b40     Propdlg.res
 0005:00005bf8       $R004548                   0000000140061bf8     Propdlg.res
 0005:00005d40       $R004690                   0000000140061d40     Propdlg.res
 0005:00005e78       $R0047C8                   0000000140061e78     Propdlg.res
 0005:00005f30       $R004880                   0000000140061f30     Propdlg.res
 0005:00005f58       $R0048A8                   0000000140061f58     Propdlg.res
 0005:00006100       $R004A50                   0000000140062100     Propdlg.res
 0005:00006260       $R004BB0                   0000000140062260     Propdlg.res
 0005:00006278       $R004BC8                   0000000140062278     Propdlg.res
 0005:00006380       $R004CD0                   0000000140062380     Propdlg.res
 0005:000063c8       $R004D18                   00000001400623c8     Propdlg.res
 0005:00006410       $R004D60                   0000000140062410     Propdlg.res
 0005:00006618       $R004F68                   0000000140062618     Propdlg.res
 0005:00006668       $R004FB8                   0000000140062668     Propdlg.res
 0005:00006758       $R0050A8                   0000000140062758     Propdlg.res
 0005:00006808       $R005158                   0000000140062808     Propdlg.res
 0005:000068b8       $R005208                   00000001400628b8     Propdlg.res
 0005:00006aa8       $R0053F8                   0000000140062aa8     Propdlg.res
 0005:00006d40       $R005690                   0000000140062d40     Propdlg.res
 0005:00006dc8       $R005718                   0000000140062dc8     Propdlg.res
 0005:00006fc0       $R005910                   0000000140062fc0     Propdlg.res
 0005:00007070       $R0059C0                   0000000140063070     Propdlg.res
 0005:00007278       $R005BC8                   0000000140063278     Propdlg.res
 0005:000072c0       $R005C10                   00000001400632c0     Propdlg.res
 0005:00007348       $R005C98                   0000000140063348     Propdlg.res
 0005:00007378       $R005CC8                   0000000140063378     Propdlg.res
 0005:00007500       $R005E50                   0000000140063500     Propdlg.res
 0005:000079e8       $R006338                   00000001400639e8     Propdlg.res
 0005:00007b88       $R0064D8                   0000000140063b88     Propdlg.res
 0005:00007e68       $R0067B8                   0000000140063e68     Propdlg.res
 0005:000080d0       $R006A20                   00000001400640d0     Propdlg.res
 0005:00008120       $R006A70                   0000000140064120     Propdlg.res
 0005:000085c8       $R006F18                   00000001400645c8     Propdlg.res
 0005:000087f0       $R007140                   00000001400647f0     Propdlg.res
 0005:000088d0       $R007220                   00000001400648d0     Propdlg.res
 0005:00008900       $R007250                   0000000140064900     Propdlg.res
 0005:00008990       $R0072E0                   0000000140064990     Propdlg.res
 0005:00008ed0       $R007820                   0000000140064ed0     Propdlg.res
 0005:00008ff8       $R007948                   0000000140064ff8     Propdlg.res
