 propdlg

 Timestamp is 591fe3b6 (Sat May 20 15:35:34 2017)

 Preferred load address is 0000000140000000

 Start         Length     Name                   Class
 0001:00000000 000000fcH .text$di                CODE
 0001:00000100 0003cd38H .text$mn                CODE
 0001:0003ce40 0000154cH .text$x                 CODE
 0001:0003e390 00000244H .text$yd                CODE
 0002:00000000 00000b30H .idata$5                DATA
 0002:00000b30 00000008H .CRT$XCA                DATA
 0002:00000b38 00000008H .CRT$XCL                DATA
 0002:00000b40 00000038H .CRT$XCU                DATA
 0002:00000b78 00000008H .CRT$XCZ                DATA
 0002:00000b80 00000008H .CRT$XIA                DATA
 0002:00000b88 00000020H .CRT$XIC                DATA
 0002:00000ba8 00000008H .CRT$XIY                DATA
 0002:00000bb0 00000008H .CRT$XIZ                DATA
 0002:00000bb8 00000008H .CRT$XPA                DATA
 0002:00000bc0 00000010H .CRT$XPX                DATA
 0002:00000bd0 00000008H .CRT$XPXA               DATA
 0002:00000bd8 00000008H .CRT$XPZ                DATA
 0002:00000be0 00000008H .CRT$XTA                DATA
 0002:00000be8 00000008H .CRT$XTZ                DATA
 0002:00000bf0 0000aa00H .rdata                  DATA
 0002:0000b5f0 000032acH .rdata$r                DATA
 0002:0000e8a0 00000008H .rtc$IAA                DATA
 0002:0000e8a8 00000008H .rtc$IZZ                DATA
 0002:0000e8b0 00000008H .rtc$TAA                DATA
 0002:0000e8b8 00000008H .rtc$TZZ                DATA
 0002:0000e8c0 000069a0H .xdata                  DATA
 0002:00015260 000002ccH .xdata$x                DATA
 0002:00015530 00000000H ATL$__a                 DATA
 0002:00015530 00000000H ATL$__z                 DATA
 0002:00015530 00000000H .edata                  DATA
 0002:00015530 000000c8H .idata$2                DATA
 0002:000155f8 00000014H .idata$3                DATA
 0002:00015610 00000b30H .idata$4                DATA
 0002:00016140 000017c2H .idata$6                DATA
 0003:00000000 000018d0H .data                   DATA
 0003:000018d0 000010a8H .data$r                 DATA
 0003:00002980 00002a78H .bss                    DATA
 0004:00000000 000042f0H .pdata                  DATA
 0005:00000000 000016a8H .rsrc$01                DATA
 0005:000016b0 00007b70H .rsrc$02                DATA

  Address         Publics by Value              Rva+Base               Lib:Object

 0000:00000000       __guard_fids_count         0000000000000000     <absolute>
 0000:00000000       ___safe_se_handler_count   0000000000000000     <absolute>
 0000:00000000       __guard_flags              0000000000000000     <absolute>
 0000:00000000       __guard_fids_table         0000000000000000     <absolute>
 0000:00000000       ___safe_se_handler_table   0000000000000000     <absolute>
 0000:00000000       __ImageBase                0000000140000000     <linker-defined>
 0001:00000100       ??_ECColorPage@@UEAAPEAXI@Z 0000000140001100 f i * CIL library *:* CIL module *
 0001:00000100       ??_GCStylePage@@UEAAPEAXI@Z 0000000140001100 f i Stylepge.obj
 0001:00000100       ??_GCColorPage@@UEAAPEAXI@Z 0000000140001100 f i Colorpge.obj
 0001:00000100       ??_GCPropertyPageMTL@@UEAAPEAXI@Z 0000000140001100 f i Colorpge.obj
 0001:00000100       ??_ECPropertyPageMTL@@UEAAPEAXI@Z 0000000140001100 f i * CIL library *:* CIL module *
 0001:00000100       ??_ECStylePage@@UEAAPEAXI@Z 0000000140001100 f i * CIL library *:* CIL module *
 0001:00000130       ??1CColorPage@@UEAA@XZ     0000000140001130 f i Colorpge.obj
 0001:00000130       ??1CStylePage@@UEAA@XZ     0000000140001130 f i Propsht.obj
 0001:00000140       ?DoDataExchange@CColorPage@@MEAAXPEAVCDataExchange@@@Z 0000000140001140 f   Colorpge.obj
 0001:00000160       ?OnColorClicked@CColorPage@@IEAAXI@Z 0000000140001160 f   Colorpge.obj
 0001:00000160       ?OnStyleClicked@CStylePage@@IEAAXI@Z 0000000140001160 f   Stylepge.obj
 0001:00000300       ?_ProcessWindowMessage@CColorPage@@UEAAHPEAUHWND__@@I_K_JAEA_J@Z 0000000140001300 f i Colorpge.obj
 0001:00000360       ?DDX_Radio@@YAXPEAVCDataExchange@@HAEAH@Z 0000000140001360 f i Colorpge.obj
 0001:00000440       ??1CPropertyPageMTL@@UEAA@XZ 0000000140001440 f i Colorpge.obj
 0001:00000520       ?OnCtlColor@CPropertySheetMTL@@QEAAPEAUHBRUSH__@@PEAVCDCMTL@@PEAVCWnd@@I@Z 0000000140001520 f i Propsht.obj
 0001:00000520       ?OnCtlColor@CPropertyPageMTL@@QEAAPEAUHBRUSH__@@PEAVCDCMTL@@PEAVCWnd@@I@Z 0000000140001520 f i Colorpge.obj
 0001:000005e0       ?_ProcessWindowMessage@CPropertyPageMTL@@UEAAHPEAUHWND__@@I_K_JAEA_J@Z 00000001400015e0 f i Colorpge.obj
 0001:00000700       ?PreTranslateMessage@CPropertyPageMTL@@UEAAHPEAUtagMSG@@@Z 0000000140001700 f i Colorpge.obj
 0001:00000700       ?PreTranslateMessage@CWnd@@UEAAHPEAUtagMSG@@@Z 0000000140001700 f i Colorpge.obj
 0001:00000740       ?MapWizardResult@CPropertyPageMTL@@QEAA_J_J@Z 0000000140001740 f i Colorpge.obj
 0001:000007c0       ?OnNotify@CPropertyPageMTL@@UEAAH_K_JPEA_J@Z 00000001400017c0 f i Colorpge.obj
 0001:00000a30       ?GetSafeOwner_@CWnd@@SAPEAUHWND__@@PEAU2@PEAPEAU2@@Z 0000000140001a30 f i Colorpge.obj
 0001:00000b34       ??_9CDialog@@$BOI@AA       0000000140001b34 f i Colorpge.obj
 0001:00000b40       ??_9CDialog@@$BPA@AA       0000000140001b40 f i Colorpge.obj
 0001:00000b50       ?_ProcessWindowMessage@CDialog@@UEAAHPEAUHWND__@@I_K_JAEA_J@Z 0000000140001b50 f i Colorpge.obj
 0001:00000c00       ?OnCmdMsg@CPropertySheetMTL@@UEAAHIHPEAXPEAUAFX_CMDHANDLERINFO@@@Z 0000000140001c00 f i Propsht.obj
 0001:00000c00       ?OnCmdMsg@CDialog@@UEAAHIHPEAXPEAUAFX_CMDHANDLERINFO@@@Z 0000000140001c00 f i Colorpge.obj
 0001:00000cc0       ??_ECPrintingDialog@@UEAAPEAXI@Z 0000000140001cc0 f i * CIL library *:* CIL module *
 0001:00000cc0       ??_GCShapePreviewWnd@@UEAAPEAXI@Z 0000000140001cc0 f i Preview.obj
 0001:00000cc0       ??_ECShapePreviewWnd@@UEAAPEAXI@Z 0000000140001cc0 f i * CIL library *:* CIL module *
 0001:00000cc0       ??_ECWnd@@UEAAPEAXI@Z      0000000140001cc0 f i * CIL library *:* CIL module *
 0001:00000cc0       ??_GCPrintingDialog@@UEAAPEAXI@Z 0000000140001cc0 f i Shapesvw.obj
 0001:00000cc0       ??_GCDialog@@UEAAPEAXI@Z   0000000140001cc0 f i Colorpge.obj
 0001:00000cc0       ??_ECDialog@@UEAAPEAXI@Z   0000000140001cc0 f i * CIL library *:* CIL module *
 0001:00000cc0       ??_ECNewTypeDlg@@UEAAPEAXI@Z 0000000140001cc0 f i * CIL library *:* CIL module *
 0001:00000cc0       ??_GCAboutDlg@@UEAAPEAXI@Z 0000000140001cc0 f i Propdlg.obj
 0001:00000cc0       ??_GCNewTypeDlg@@UEAAPEAXI@Z 0000000140001cc0 f i Propdlg.obj
 0001:00000cc0       ??_ECAboutDlg@@UEAAPEAXI@Z 0000000140001cc0 f i * CIL library *:* CIL module *
 0001:00000cc0       ??_GCWnd@@UEAAPEAXI@Z      0000000140001cc0 f i Colorpge.obj
 0001:00000cf0       ?PreTranslateMessage@CDialog@@UEAAHPEAUtagMSG@@@Z 0000000140001cf0 f i Colorpge.obj
 0001:00000e00       ?OnOK@CDialog@@UEAAXXZ     0000000140001e00 f i Colorpge.obj
 0001:00000e90       ?OnCancel@CDialog@@UEAAXXZ 0000000140001e90 f i Colorpge.obj
 0001:00000ed0       ?Create@CDialog@@UEAAHIPEAVCWnd@@@Z 0000000140001ed0 f i Colorpge.obj
 0001:00000ee0       ?CreateIndirect@CDialog@@UEAAHPEAXPEAVCWnd@@PEAUHINSTANCE__@@@Z 0000000140001ee0 f i Colorpge.obj
 0001:00000f60       ??1CShapePreviewWnd@@UEAA@XZ 0000000140001f60 f i Preview.obj
 0001:00000f60       ??1CPrintingDialog@@UEAA@XZ 0000000140001f60 f i Shapesvw.obj
 0001:00000f60       ??1CCommonDialog@@UEAA@XZ  0000000140001f60 f i Propdlg.obj
 0001:00000f60       ??1CNewTypeDlg@@UEAA@XZ    0000000140001f60 f i Propdlg.obj
 0001:00000f60       ??1CDialog@@UEAA@XZ        0000000140001f60 f i Colorpge.obj
 0001:00000f60       ??1CAboutDlg@@UEAA@XZ      0000000140001f60 f i Propdlg.obj
 0001:00000f70       ?classHandleFuncCDialog@CDialog@@SAPEAXPEAX0@Z 0000000140001f70 f i Colorpge.obj
 0001:00001010       ?CreateDlgIndirect@CWnd@@QEAAHPEBUDLGTEMPLATE@@PEAV1@PEAUHINSTANCE__@@@Z 0000000140002010 f i Colorpge.obj
 0001:000010c0       ?CreateDlg@CWnd@@QEAAHPEB_WPEAV1@@Z 00000001400020c0 f i Colorpge.obj
 0001:00001160       ?Create@CDialog@@UEAAHPEB_WPEAVCWnd@@@Z 0000000140002160 f i Colorpge.obj
 0001:000011b0       ?IsIdleMessage@CWinApp@@SAHPEAUtagMSG@@@Z 00000001400021b0 f i Colorpge.obj
 0001:000011e0       ?RunModalLoop@CWnd@@QEAAHK@Z 00000001400021e0 f i Colorpge.obj
 0001:000013a0       ?DoModal@CDialog@@UEAA_JXZ 00000001400023a0 f i Colorpge.obj
 0001:00001720       ?OnLBSelChangedNotify@CFileDialogMTL@@UEAAXIII@Z 0000000140002720 f i Propdlg.obj
 0001:00001720       ?OnDraw@CView@@UEAAXPEAVCDCMTL@@@Z 0000000140002720 f i Shapesvw.obj
 0001:00001720       ?PostNcDestroy@CWMHnd@@UEAAXXZ 0000000140002720 f i Colorpge.obj
 0001:00001720       ?SetText@CToolCmdUI@@UEAAXPEB_W@Z 0000000140002720 f i Mainfrm.obj
 0001:00001720       ?OnFinalMessage@?$CWindowImplBaseT@VCWindow@ATL@@V?$CWinTraits@$0FGAAAAAA@$0A@@2@@ATL@@UEAAXPEAUHWND__@@@Z 0000000140002720 f i Propdlg.obj
 0001:00001720       ?Serialize@CObject@@UEAAXAEAVCArchive@@@Z 0000000140002720 f i Colorpge.obj
 0001:00001720       ?OnOK@CPropertyPageMTL@@UEAAXXZ 0000000140002720 f i Colorpge.obj
 0001:00001720       ?DoDataExchange@CAboutDlg@@MEAAXPEAVCDataExchange@@@Z 0000000140002720 f i Propdlg.obj
 0001:00001720       ?OnShowMenuBar@CFrameWnd@@UEAAXXZ 0000000140002720 f i Mainfrm.obj
 0001:00001720       ?OnFileNameChange@CFileDialogMTL@@UEAAXXZ 0000000140002720 f i Propdlg.obj
 0001:00001720       ?OnEndPrinting@CView@@UEAAXPEAVCDCMTL@@PEAUCPrintInfo@@@Z 0000000140002720 f i Shapesvw.obj
 0001:00001720       ?OnBeginPrinting@CView@@UEAAXPEAVCDCMTL@@PEAUCPrintInfo@@@Z 0000000140002720 f i Shapesvw.obj
 0001:00001720       ?OnDocumentEvent@CDocument@@UEAAXW4DocumentEvent@1@@Z 0000000140002720 f i Shapedoc.obj
 0001:00001720       ?PreCloseFrame@CDocument@@UEAAXPEAVCFrameWnd@@@Z 0000000140002720 f i Shapedoc.obj
 0001:00001720       ?OnBeginPrinting@CShapesView@@MEAAXPEAVCDCMTL@@PEAUCPrintInfo@@@Z 0000000140002720 f i Shapesvw.obj
 0001:00001720       ?OnEndPrinting@CShapesView@@MEAAXPEAVCDCMTL@@PEAUCPrintInfo@@@Z 0000000140002720 f i Shapesvw.obj
 0001:00001720       ?OnFolderChange@CFileDialogMTL@@UEAAXXZ 0000000140002720 f i Propdlg.obj
 0001:00001720       ?DoDataExchange@CWMHnd@@UEAAXPEAVCDataExchange@@@Z 0000000140002720 f i Colorpge.obj
 0001:00001720       ?OnTypeChange@CFileDialogMTL@@UEAAXXZ 0000000140002720 f i Propdlg.obj
 0001:00001720       ?OnCancel@CPropertyPageMTL@@UEAAXXZ 0000000140002720 f i Colorpge.obj
 0001:00001720       ?RegisterShellFileTypes@CDocManager@@UEAAXH@Z 0000000140002720 f i Propdlg.obj
 0001:00001720       ?SetText@CTestCmdUI@@UEAAXPEB_W@Z 0000000140002720 f i Colorpge.obj
 0001:00001720       ?OnHideMenuBar@CFrameWnd@@UEAAXXZ 0000000140002720 f i Mainfrm.obj
 0001:00001720       ?OnActivateFrame@CView@@UEAAXIPEAVCFrameWnd@@@Z 0000000140002720 f i Shapesvw.obj
 0001:00001720       ?OnBarStyleChange@CControlBar@@UEAAXKK@Z 0000000140002720 f i Mainfrm.obj
 0001:00001720       ?DeleteContents@CDocument@@UEAAXXZ 0000000140002720 f i Shapedoc.obj
 0001:00001720       ?SetCheck@CTestCmdUI@@UEAAXH@Z 0000000140002720 f i Colorpge.obj
 0001:00001720       ?SetRadio@CTestCmdUI@@UEAAXH@Z 0000000140002720 f i Colorpge.obj
 0001:00001730       ?OnApply@CPropertyPageMTL@@UEAAHXZ 0000000140002730 f i Colorpge.obj
 0001:00001750       ?OnKillActive@CPropertyPageMTL@@UEAAHXZ 0000000140002750 f i Colorpge.obj
 0001:000017b0       ?IsFrameWnd@CFrameWnd@@UEAAHXZ 00000001400027b0 f i Mainfrm.obj
 0001:000017b0       ?InitInstance@CWinApp@@UEAAHXZ 00000001400027b0 f i Propdlg.obj
 0001:000017b0       ?OnQueryCancel@CPropertyPageMTL@@UEAAHXZ 00000001400027b0 f i Colorpge.obj
 0001:000017b0       ?OnPreparePrinting@CView@@UEAAHPEAUCPrintInfo@@@Z 00000001400027b0 f i Shapesvw.obj
 0001:000017c0       ?OnReset@CPropertyPageMTL@@UEAAXXZ 00000001400027c0 f i Colorpge.obj
 0001:000017d0       ?OnSetActive@CPropertyPageMTL@@UEAAHXZ 00000001400027d0 f i Colorpge.obj
 0001:00001840       ?IsTabbedMDIChild@CMDIChildWnd@@UEAAHXZ 0000000140002840 f i Stdafx.obj
 0001:00001840       ?GetScrollBarCtrl@CWMHnd@@UEBAPEAVCScrollBarMTL@@H@Z 0000000140002840 f i Colorpge.obj
 0001:00001840       ?OnScroll@CView@@UEAAHIIH@Z 0000000140002840 f i Shapesvw.obj
 0001:00001840       ?OnFileNameOK@CFileDialogMTL@@UEAAHXZ 0000000140002840 f i Propdlg.obj
 0001:00001840       ?OnShareViolation@CFileDialogMTL@@UEAAIPEB_W@Z 0000000140002840 f i Propdlg.obj
 0001:00001840       ?GetDefaultAccelerator@CDocument@@UEAAPEAUHACCEL__@@XZ 0000000140002840 f i Shapedoc.obj
 0001:00001840       ?_ProcessWindowMessage@CPrintDialogMTL@@UEAAHPEAUHWND__@@I_K_JAEA_J@Z 0000000140002840 f i Propdlg.obj
 0001:00001840       ?IsDockBar@CControlBar@@UEBAHXZ 0000000140002840 f i Mainfrm.obj
 0001:00001840       ?OnScrollBy@CView@@UEAAHVCSize@WTL@@H@Z 0000000140002840 f i Shapesvw.obj
 0001:00001840       ?OnWizardNext@CPropertyPageMTL@@UEAA_JXZ 0000000140002840 f i Colorpge.obj
 0001:00001840       ?_ProcessWindowMessage@CCmdTarget@@UEAAHPEAUHWND__@@I_K_JAEA_J@Z 0000000140002840 f i Colorpge.obj
 0001:00001840       ?OnWizardBack@CPropertyPageMTL@@UEAA_JXZ 0000000140002840 f i Colorpge.obj
 0001:00001840       ?IsFrameWnd@CWMHnd@@UEAAHXZ 0000000140002840 f i Colorpge.obj
 0001:00001840       ?PreTranslateMessage@CWMHnd@@UEAAHPEAUtagMSG@@@Z 0000000140002840 f i Colorpge.obj
 0001:00001850       ?OnWizardFinish@CPropertyPageMTL@@UEAAHXZ 0000000140002850 f i Colorpge.obj
 0001:000018f0       ?OnWizardFinishEx@CPropertyPageMTL@@UEAAPEAUHWND__@@XZ 00000001400028f0 f i Colorpge.obj
 0001:00001910       ?GetParentSheet@CPropertyPageMTL@@UEAAPEAVCPropertySheetMTL@@XZ 0000000140002910 f i Colorpge.obj
 0001:00001ab0       ?AfxThrowMemoryException@@YAXXZ 0000000140002ab0 f i Colorpge.obj
 0001:00001b50       ?CenterWindow@CWindow@ATL@@QEAAHPEAUHWND__@@@Z 0000000140002b50 f i Colorpge.obj
 0001:00001d30       ?SendMessageToDescendants@CWnd@@QEAAXPEAUHWND__@@I_K_JHH@Z 0000000140002d30 f i Colorpge.obj
 0001:00001f10       ?ExecuteDlgInit@CWnd@@QEAAHPEAX@Z 0000000140002f10 f i Colorpge.obj
 0001:00002020       ?ExecuteDlgInit@CWnd@@QEAAHPEB_W@Z 0000000140003020 f i Colorpge.obj
 0001:000020c0       ?OnInitDialog@CDialog@@UEAAHXZ 00000001400030c0 f i Colorpge.obj
 0001:00002170       ?AfxDlgProc@CWnd@@SA_JPEAUHWND__@@I_K_J@Z 0000000140003170 f i Colorpge.obj
 0001:000021f0       ?AfxPropPageCallback@CPropertyPageMTL@@SAIPEAUHWND__@@IPEAU_PROPSHEETPAGEW@@@Z 00000001400031f0 f i Colorpge.obj
 0001:00002240       ?AssignCopy@CString@WTL@@IEAAXHPEB_W@Z 0000000140003240 f i Colorpge.obj
 0001:00002320       ?GetBuffer@CString@WTL@@QEAAPEA_WH@Z 0000000140003320 f i Colorpge.obj
 0001:00002400       ?CopyBeforeWrite@CString@WTL@@IEAAXXZ 0000000140003400 f i Colorpge.obj
 0001:000024c0       ?LoadStringW@CString@WTL@@QEAAHI@Z 00000001400034c0 f i Colorpge.obj
 0001:00002600       ?WindowProc@CWnd@@UEAA_JI_K_J@Z 0000000140003600 f i Colorpge.obj
 0001:00002670       ?_AfxTopChildWindowFromPoint@CWnd@@SAPEAUHWND__@@PEAU2@UtagPOINT@@@Z 0000000140003670 f i Colorpge.obj
 0001:00002760       ?OnToolHitTest@CWnd@@UEBA_JVCPoint@WTL@@PEAUtagTOOLINFOW@@@Z 0000000140003760 f i Colorpge.obj
 0001:00002810       ?FromHandlePermanent@CWnd@@SAPEAV1@PEAUHWND__@@@Z 0000000140003810 f i Colorpge.obj
 0001:00002880       ?GetParent@CWnd@@QEAAPEAV1@XZ 0000000140003880 f i Colorpge.obj
 0001:00002a00       ?Enable@CCmdUI@@UEAAXH@Z   0000000140003a00 f i Colorpge.obj
 0001:00002ab0       ?SetCheck@CCmdUI@@UEAAXH@Z 0000000140003ab0 f i Colorpge.obj
 0001:00002b40       ?SetRadio@CCmdUI@@UEAAXH@Z 0000000140003b40 f i Colorpge.obj
 0001:00002ba0       ?AfxSetWindowText@CAfx@@SAXPEAUHWND__@@PEB_W@Z 0000000140003ba0 f i Colorpge.obj
 0001:00002c40       ?SetText@CCmdUI@@UEAAXPEB_W@Z 0000000140003c40 f i Colorpge.obj
 0001:00002cc0       ?Enable@CTestCmdUI@@UEAAXH@Z 0000000140003cc0 f i Colorpge.obj
 0001:00002cd0       ?OnCommand@CWnd@@UEAAH_K_J@Z 0000000140003cd0 f i Colorpge.obj
 0001:00002e00       ??_ECDCMTL@@UEAAPEAXI@Z    0000000140003e00 f i * CIL library *:* CIL module *
 0001:00002e00       ??_GCDCMTL@@UEAAPEAXI@Z    0000000140003e00 f i Colorpge.obj
 0001:00002e80       ?SetAttribDC@CDCMTL@@UEAAXPEAUHDC__@@@Z 0000000140003e80 f i Colorpge.obj
 0001:00002e90       ?ReleaseAttribDC@CDCMTL@@UEAAXXZ 0000000140003e90 f i Colorpge.obj
 0001:00002ea0       ?SaveDC@CDCMTL@@UEAAHXZ    0000000140003ea0 f i Colorpge.obj
 0001:00002ef0       ?RestoreDC@CDCMTL@@UEAAHH@Z 0000000140003ef0 f i Colorpge.obj
 0001:00002f50       ?TextOutW@CDCMTL@@UEAAHHHPEB_WH@Z 0000000140003f50 f i Colorpge.obj
 0001:00002f60       ??1?$CDCT@$00@WTL@@QEAA@XZ 0000000140003f60 f i Colorpge.obj
 0001:00002f80       ?RemoveHandle@?$CHandleList@PEAUHMENU__@@VCMenuMTL@@PEAUHWND__@@@@QEAAPEAUHMENU__@@QEAU2@@Z 0000000140003f80 f i Colorpge.obj
 0001:00002f80       ?RemoveHandle@?$CHandleList@PEAXVCGdiObject@@PEAUHWND__@@@@QEAAPEAXQEAX@Z 0000000140003f80 f i Preview.obj
 0001:00002f80       ?RemoveHandle@?$CHandleList@PEAUHDC__@@VCDCMTL@@PEAUHWND__@@@@QEAAPEAUHDC__@@QEAU2@@Z 0000000140003f80 f i Colorpge.obj
 0001:00003000       ??1CDCMTL@@UEAA@XZ         0000000140004000 f i Colorpge.obj
 0001:00003070       ?UnsubclassWindow@CWMHnd@@QEAAPEAUHWND__@@XZ 0000000140004070 f i Colorpge.obj
 0001:000030f0       ?OnNcDestroy@CWnd@@QEAAXXZ 00000001400040f0 f i Colorpge.obj
 0001:000031d0       ?_ProcessWindowMessage@CWnd@@UEAAHPEAUHWND__@@I_K_JAEA_J@Z 00000001400041d0 f i Colorpge.obj
 0001:000034f0       ?OnWndMsg@CWnd@@UEAAHI_K_JPEA_J@Z 00000001400044f0 f i Colorpge.obj
 0001:00003590       ?ReflectChildNotify@CWnd@@QEAAHI_K_JPEA_J@Z 0000000140004590 f i Colorpge.obj
 0001:000036d0       ?OnChildNotify@CWnd@@UEAAHI_K_JPEA_J@Z 00000001400046d0 f i Colorpge.obj
 0001:000036e0       ?OnNotify@CWnd@@UEAAH_K_JPEA_J@Z 00000001400046e0 f i Colorpge.obj
 0001:000037c0       ?Create@CWnd@@UEAAHPEB_W0KAEBUtagRECT@@PEAV1@IPEAUCCreateContext@@@Z 00000001400047c0 f i Colorpge.obj
 0001:00003880       ?AtlWinModuleExtractCreateWndData@ATL@@YAPEAXPEAU_ATL_WIN_MODULE70@1@@Z 0000000140004880 f i Colorpge.obj
 0001:00003900       ?AtlWinModuleTerm@ATL@@YAJPEAU_ATL_WIN_MODULE70@1@PEAUHINSTANCE__@@@Z 0000000140004900 f i Colorpge.obj
 0001:000039e0       ?_AtlInitializeCriticalSectionEx@ATL@@YAHPEAU_RTL_CRITICAL_SECTION@@KK@Z 00000001400049e0 f i Colorpge.obj
 0001:000039f0       ??0CAtlWinModule@ATL@@QEAA@XZ 00000001400049f0 f i Colorpge.obj
 0001:00003a90       ?Init@CDynamicStdCallThunk@ATL@@QEAAH_KPEAX@Z 0000000140004a90 f i Colorpge.obj
 0001:00003b20       ?AfxWindowProc@CWMHnd@@SA_JPEAUHWND__@@I_K_J@Z 0000000140004b20 f i Colorpge.obj
 0001:00003b80       ?FromHandle@?$CHandleHashList@PEAUHWND__@@VCWMHnd@@PEAU1@$0BB@@@QEAAPEAVCWMHnd@@QEAUHWND__@@PEAV2@0Q6APEAXPEAX2@Z@Z 0000000140004b80 f i Colorpge.obj
 0001:00003cc0       ??_GCWMHnd@@UEAAPEAXI@Z    0000000140004cc0 f i Colorpge.obj
 0001:00003cc0       ??_ECWMHnd@@UEAAPEAXI@Z    0000000140004cc0 f i * CIL library *:* CIL module *
 0001:00003d40       ?classHandleFuncCWMHnd@CWMHnd@@SAPEAXPEAX0@Z 0000000140004d40 f i Colorpge.obj
 0001:00003dc0       ?SubclassWindow@CWMHnd@@QEAAHPEAUHWND__@@PEAUtagCREATESTRUCTW@@@Z 0000000140004dc0 f i Colorpge.obj
 0001:00003ec0       ?CbtFilterHook@CWnd@@SA_JH_K_J@Z 0000000140004ec0 f i Colorpge.obj
 0001:00003f60       ?HookWindowCreate@CWnd@@SAHPEAV1@G@Z 0000000140004f60 f i Colorpge.obj
 0001:00004010       ?CreateEx@CWnd@@UEAAHKPEB_W0KHHHHPEAUHWND__@@PEAUHMENU__@@PEAX@Z 0000000140005010 f i Colorpge.obj
 0001:00004190       ??0CString@WTL@@QEAA@XZ    0000000140005190 f i Colorpge.obj
 0001:000041a0       ??1?$CList@PEAUHWND__@@PEAU1@@@QEAA@XZ 00000001400051a0 f i Mainfrm.obj
 0001:000041a0       ??1?$CList@PEAXPEAX@@QEAA@XZ 00000001400051a0 f i Mainfrm.obj
 0001:000041a0       ??1?$CList@PEAVCFrameWnd@@AEBQEAV1@@@QEAA@XZ 00000001400051a0 f i Propdlg.obj
 0001:000041a0       ??1?$CList@PEAUCRuntimeClass@@AEBQEAU1@@@QEAA@XZ 00000001400051a0 f i Colorpge.obj
 0001:000041d0       ??1CStringW@@QEAA@XZ       00000001400051d0 f i Propdlg.obj
 0001:000041d0       ??1CString@WTL@@QEAA@XZ    00000001400051d0 f i Colorpge.obj
 0001:00004200       ??1CModuleState@@QEAA@XZ   0000000140005200 f i Colorpge.obj
 0001:00004280       ?AfxGetModuleState@@YAPEAVCModuleState@@XZ 0000000140005280 f i Colorpge.obj
 0001:000042f0       ?AllocBuffer@CString@WTL@@IEAAHH@Z 00000001400052f0 f i Colorpge.obj
 0001:00004380       ?ConcatCopy@CString@WTL@@IEAAHHPEB_WH0@Z 0000000140005380 f i Colorpge.obj
 0001:00004440       ?AtlThrowImpl@ATL@@YAXJ@Z  0000000140005440 f i Colorpge.obj
 0001:00004460       ?memcpy_x@SecureHelper@WTL@@YAXPEAX_KPEBX1@Z 0000000140005460 f i Colorpge.obj
 0001:000044b0       ?ConcatInPlace@CString@WTL@@IEAAXHPEB_W@Z 00000001400054b0 f i Colorpge.obj
 0001:000045b0       ?AfxEndDeferRegisterClass@CAfx@@SAHJ@Z 00000001400055b0 f i Colorpge.obj
 0001:00004b50       ?PreCreateWindow@CWnd@@UEAAHAEAUtagCREATESTRUCTW@@@Z 0000000140005b50 f i Colorpge.obj
 0001:00004ba0       ?ContinueModal@CWnd@@UEAAHXZ 0000000140005ba0 f i Colorpge.obj
 0001:00004bb0       ?EndModalLoop@CWnd@@UEAAXH@Z 0000000140005bb0 f i Colorpge.obj
 0001:00004be0       ?WindowProc@CWMHnd@@UEAA_JI_K_J@Z 0000000140005be0 f i Colorpge.obj
 0001:00004bf0       ?CalcWindowRect@CWMHnd@@UEAAXPEAUtagRECT@@I@Z 0000000140005bf0 f i Colorpge.obj
 0001:00004c60       ?EnableWindow@CWMHnd@@UEAAXH@Z 0000000140005c60 f i Colorpge.obj
 0001:00004c80       ?FromHandle@?$CHandleList@PEAUHMENU__@@VCMenuMTL@@PEAUHWND__@@@@QEAAPEAVCMenuMTL@@QEAUHMENU__@@PEAV2@QEAUHWND__@@Q6APEAXPEAX3@Z@Z 0000000140005c80 f i Colorpge.obj
 0001:00004d60       ??_ECMenuMTL@@UEAAPEAXI@Z  0000000140005d60 f i * CIL library *:* CIL module *
 0001:00004d60       ??_GCMenuMTL@@UEAAPEAXI@Z  0000000140005d60 f i Colorpge.obj
 0001:00004df0       ??1?$CMenuT@$00@WTL@@QEAA@XZ 0000000140005df0 f i Colorpge.obj
 0001:00004e20       ??1CMenuMTL@@UEAA@XZ       0000000140005e20 f i Colorpge.obj
 0001:00004e90       ?classHandleFuncCMenuMTL@CMenuMTL@@SAPEAXPEAX0@Z 0000000140005e90 f i Colorpge.obj
 0001:00004ef0       ?GetMenu@CWMHnd@@UEBAPEAVCMenuMTL@@XZ 0000000140005ef0 f i Colorpge.obj
 0001:00004f30       ?SetMenu@CWMHnd@@UEAAHPEAVCMenuMTL@@@Z 0000000140005f30 f i Colorpge.obj
 0001:00004f50       ?GetCurrentMessage@CCmdTarget@@UEBAPEBU_ATL_MSG@ATL@@XZ 0000000140005f50 f i Colorpge.obj
 0001:00004f60       ?DefWindowProcW@CWMHnd@@UEAA_JI_K_J@Z 0000000140005f60 f i Colorpge.obj
 0001:00004f90       ?OnCancel@CCommonDialog@@UEAAXXZ 0000000140005f90 f i Propdlg.obj
 0001:00004f90       ?OnInitDialog@CWMHnd@@UEAAHXZ 0000000140005f90 f i Colorpge.obj
 0001:00004fc0       ??1CWndProcThunk@ATL@@QEAA@XZ 0000000140005fc0 f i Colorpge.obj
 0001:00004fd0       ?RemoveHandle@?$CHandleHashList@PEAUHWND__@@VCWMHnd@@PEAU1@$0BB@@@QEAAPEAUHWND__@@QEAU2@@Z 0000000140005fd0 f i Colorpge.obj
 0001:00005090       ?RemoveOwner@?$CHandleHashList@PEAUHWND__@@VCWMHnd@@PEAU1@$0BB@@@QEAAHQEAUHWND__@@@Z 0000000140006090 f i Colorpge.obj
 0001:00005150       ?RemoveOwner@?$CHandleList@PEAXVCGdiObject@@PEAUHWND__@@@@QEAAHQEAUHWND__@@@Z 0000000140006150 f i Colorpge.obj
 0001:00005150       ?RemoveOwner@?$CHandleList@PEAUHMENU__@@VCMenuMTL@@PEAUHWND__@@@@QEAAHQEAUHWND__@@@Z 0000000140006150 f i Colorpge.obj
 0001:00005150       ?RemoveOwner@?$CHandleList@PEAXXPEAUHWND__@@@@QEAAHQEAUHWND__@@@Z 0000000140006150 f i Colorpge.obj
 0001:00005150       ?RemoveOwner@?$CHandleList@PEAUHDC__@@VCDCMTL@@PEAUHWND__@@@@QEAAHQEAUHWND__@@@Z 0000000140006150 f i Colorpge.obj
 0001:000051e0       ?RemoveHandleWnd@CModuleThreadState@@QEAAPEAUHWND__@@PEAU2@@Z 00000001400061e0 f i Colorpge.obj
 0001:00005280       ?DestroyWindow@CWnd@@UEAAHXZ 0000000140006280 f i Colorpge.obj
 0001:00005280       ?DestroyWindow@CWMHnd@@UEAAHXZ 0000000140006280 f i Colorpge.obj
 0001:000052a0       ??1CWnd@@UEAA@XZ           00000001400062a0 f i Colorpge.obj
 0001:00005370       ?classHandleFuncCWnd@CWnd@@SAPEAXPEAX0@Z 0000000140006370 f i Colorpge.obj
 0001:00005400       ?GetActiveWindow@CWnd@@SAPEAV1@XZ 0000000140006400 f i Colorpge.obj
 0001:00005580       ?OnCmdMsg@CCmdTarget@@UEAAHIHPEAXPEAUAFX_CMDHANDLERINFO@@@Z 0000000140006580 f i Colorpge.obj
 0001:000056c0       ?AfxHelpEnabled@@YAHXZ     00000001400066c0 f i Colorpge.obj
 0001:00005750       ?CommonConstruct@CPropertyPageMTL@@QEAAXPEB_WI@Z 0000000140006750 f i Colorpge.obj
 0001:00005800       ??0CPropertyPageMTL@@QEAA@IIK@Z 0000000140006800 f i Colorpge.obj
 0001:000058e0       ?GetRuntimeClass@CMainFrame@@UEBAPEAUCRuntimeClass@@XZ 00000001400068e0 f   Mainfrm.obj
 0001:000058f0       ?_ProcessWindowMessage@CMainFrame@@UEAAHPEAUHWND__@@I_K_JAEA_J@Z 00000001400068f0 f i Mainfrm.obj
 0001:00005a30       ??0CMainFrame@@QEAA@XZ     0000000140006a30 f   Mainfrm.obj
 0001:00005ab0       ??_GCMainFrame@@UEAAPEAXI@Z 0000000140006ab0 f i Mainfrm.obj
 0001:00005ab0       ??_ECMainFrame@@UEAAPEAXI@Z 0000000140006ab0 f i * CIL library *:* CIL module *
 0001:00005b20       ?OnCreate@CMainFrame@@QEAAHPEAUtagCREATESTRUCTW@@@Z 0000000140006b20 f   Mainfrm.obj
 0001:00005c00       ?OnMiniFramePropertySheet@CMainFrame@@QEAAXXZ 0000000140006c00 f   Mainfrm.obj
 0001:00005dc0       ?AllocElements@CStatusBar@@QEAAHHH@Z 0000000140006dc0 f i Mainfrm.obj
 0001:00005ea0       ?SetIndicators@CStatusBar@@QEAAHPEBIH@Z 0000000140006ea0 f i Mainfrm.obj
 0001:000060f0       ?SetButtons@CToolBar@@QEAAHPEBIH@Z 00000001400070f0 f i Mainfrm.obj
 0001:00006220       ?AfxLoadSysColorBitmap@@YAPEAUHBITMAP__@@PEAUHINSTANCE__@@PEAUHRSRC__@@H@Z 0000000140007220 f i Mainfrm.obj
 0001:00006480       ?AddReplaceBitmap@CToolBar@@QEAAHPEAUHBITMAP__@@@Z 0000000140007480 f i Mainfrm.obj
 0001:00006570       ?LoadBitmapW@CToolBar@@QEAAHPEB_W@Z 0000000140007570 f i Mainfrm.obj
 0001:00006600       ?OnPaint@CToolBar@@QEAAXXZ 0000000140007600 f i Mainfrm.obj
 0001:00006690       ?OnSetBitmapSize@CToolBar@@QEAA_J_K_J@Z 0000000140007690 f i Mainfrm.obj
 0001:000066a0       ?OnSetSizeHelper@CToolBar@@QEAA_JAEAVCSize@WTL@@_J@Z 00000001400076a0 f i Mainfrm.obj
 0001:000067d0       ?OnSetButtonSize@CToolBar@@QEAA_J_K_J@Z 00000001400077d0 f i Mainfrm.obj
 0001:000067e0       ?OnPreserveSizingPolicyHelper@CToolBar@@QEAA_J_K_J@Z 00000001400077e0 f i Mainfrm.obj
 0001:000069b0       ?OnPreserveZeroBorderHelper@CToolBar@@QEAA_J_K_J@Z 00000001400079b0 f i Mainfrm.obj
 0001:00006ac0       ?_ProcessWindowMessage@CToolBar@@UEAAHPEAUHWND__@@I_K_JAEA_J@Z 0000000140007ac0 f i Mainfrm.obj
 0001:00006da0       ??_ECControlBar@@UEAAPEAXI@Z 0000000140007da0 f i * CIL library *:* CIL module *
 0001:00006da0       ??_GCControlBar@@UEAAPEAXI@Z 0000000140007da0 f i Mainfrm.obj
 0001:00006da0       ??_ECStatusBar@@UEAAPEAXI@Z 0000000140007da0 f i * CIL library *:* CIL module *
 0001:00006da0       ??_ECToolBar@@UEAAPEAXI@Z  0000000140007da0 f i * CIL library *:* CIL module *
 0001:00006da0       ??_GCToolBar@@UEAAPEAXI@Z  0000000140007da0 f i Mainfrm.obj
 0001:00006da0       ??_GCStatusBar@@UEAAPEAXI@Z 0000000140007da0 f i Mainfrm.obj
 0001:00006dd0       ?OnToolHitTest@CToolBar@@UEBA_JVCPoint@WTL@@PEAUtagTOOLINFOW@@@Z 0000000140007dd0 f i Mainfrm.obj
 0001:00006f00       ?OnBarStyleChange@CToolBar@@UEAAXKK@Z 0000000140007f00 f i Mainfrm.obj
 0001:00006f50       ?Enable@CToolCmdUI@@UEAAXH@Z 0000000140007f50 f i Mainfrm.obj
 0001:00006fd0       ?SetButtonStyle@CToolBar@@QEAAXHI@Z 0000000140007fd0 f i Mainfrm.obj
 0001:00007050       ?SetCheck@CToolCmdUI@@UEAAXH@Z 0000000140008050 f i Mainfrm.obj
 0001:000070e0       ?OnUpdateCmdUI@CToolBar@@UEAAXPEAVCFrameWnd@@H@Z 00000001400080e0 f i Mainfrm.obj
 0001:00007270       ?WrapToolBar@CToolBar@@QEAAHPEAU_TBBUTTON@@HH@Z 0000000140008270 f i Mainfrm.obj
 0001:00007390       ?SizeToolBar@CToolBar@@QEAAXPEAU_TBBUTTON@@HHH@Z 0000000140008390 f i Mainfrm.obj
 0001:00007560       ?CalcSize@CToolBar@@QEAA?AVCSize@WTL@@PEAU_TBBUTTON@@H@Z 0000000140008560 f i Mainfrm.obj
 0001:000076c0       ?_SetButton@CToolBar@@QEAAXHPEAU_TBBUTTON@@@Z 00000001400086c0 f i Mainfrm.obj
 0001:000078b0       ?CalcDynamicLayout@CToolBar@@UEAA?AVCSize@WTL@@HK@Z 00000001400088b0 f i Mainfrm.obj
 0001:00007910       ?CalcLayout@CToolBar@@QEAA?AVCSize@WTL@@KH@Z 0000000140008910 f i Mainfrm.obj
 0001:00007f70       ?CalcFixedLayout@CToolBar@@UEAA?AVCSize@WTL@@HH@Z 0000000140008f70 f i Mainfrm.obj
 0001:00007fb0       ?Create@CToolBar@@UEAAHPEAVCWnd@@KI@Z 0000000140008fb0 f i Mainfrm.obj
 0001:00008000       ?_AfxGetDropDownWidth@CToolBar@@SAHXZ 0000000140009000 f i Mainfrm.obj
 0001:00008100       ?SetSizes@CToolBar@@QEAAXUtagSIZE@@0@Z 0000000140009100 f i Mainfrm.obj
 0001:000081a0       ?CreateEx@CToolBar@@UEAAHPEAVCWnd@@KKVCRect@WTL@@I@Z 00000001400091a0 f i Mainfrm.obj
 0001:000082e0       ??0CToolBar@@QEAA@XZ       00000001400092e0 f i Mainfrm.obj
 0001:00008370       ??1CStatusBar@@UEAA@XZ     0000000140009370 f i Mainfrm.obj
 0001:00008380       ??0_AUX_DATA@@QEAA@XZ      0000000140009380 f i Mainfrm.obj
 0001:00008490       ??0CControlBar@@QEAA@XZ    0000000140009490 f i Mainfrm.obj
 0001:00008550       ?OnGetText@CStatusBar@@QEAAHHPEA_W@Z 0000000140009550 f i Mainfrm.obj
 0001:000085e0       ?OnNcCalcSize@CStatusBar@@QEAAXHPEAUtagNCCALCSIZE_PARAMS@@@Z 00000001400095e0 f i Mainfrm.obj
 0001:000086a0       ??_ECWindowDCMTL@@UEAAPEAXI@Z 00000001400096a0 f i * CIL library *:* CIL module *
 0001:000086a0       ??_GCWindowDCMTL@@UEAAPEAXI@Z 00000001400096a0 f i Mainfrm.obj
 0001:000086d0       ??1CWindowDCMTL@@UEAA@XZ   00000001400096d0 f i Mainfrm.obj
 0001:00008750       ?DrawBorders@CControlBar@@QEAAXPEAVCDCMTL@@AEAVCRect@WTL@@@Z 0000000140009750 f i Mainfrm.obj
 0001:00008b60       ?FillSolidRect@?$CDCT@$00@WTL@@QEAAXHHHHK@Z 0000000140009b60 f i Mainfrm.obj
 0001:00008bf0       ?Draw3dRect@?$CDCT@$00@WTL@@QEAAXHHHHKK@Z 0000000140009bf0 f i Mainfrm.obj
 0001:00008de0       ?DrawNonThemedGripper@CControlBar@@QEAAHPEAVCDCMTL@@AEBVCRect@WTL@@@Z 0000000140009de0 f i Mainfrm.obj
 0001:00008ea0       ?EraseNonClient@CControlBar@@QEAAXXZ 0000000140009ea0 f i Mainfrm.obj
 0001:000090e0       ?OnSetText@CStatusBar@@QEAAHPEB_W@Z 000000014000a0e0 f i Mainfrm.obj
 0001:000091f0       ?OnSetMinHeight@CStatusBar@@QEAA_J_K_J@Z 000000014000a1f0 f i Mainfrm.obj
 0001:00009230       ?_ProcessWindowMessage@CStatusBar@@UEAAHPEAUHWND__@@I_K_JAEA_J@Z 000000014000a230 f i Mainfrm.obj
 0001:00009450       ?OnCreate@CControlBar@@QEAAHPEAUtagCREATESTRUCTW@@@Z 000000014000a450 f i Mainfrm.obj
 0001:00009530       ?OnDestroy@CControlBar@@QEAAXXZ 000000014000a530 f i Mainfrm.obj
 0001:000095b0       ?OnLButtonDown@CControlBar@@QEAAXIVCPoint@WTL@@@Z 000000014000a5b0 f i Mainfrm.obj
 0001:00009630       ?ReDockControlBar@CDockBar@@QEAAXPEAVCControlBar@@PEBUtagRECT@@@Z 000000014000a630 f i Mainfrm.obj
 0001:00009a10       ?ReDockControlBar@CFrameWnd@@QEAAXPEAVCControlBar@@PEAVCDockBar@@PEBUtagRECT@@@Z 000000014000aa10 f i Mainfrm.obj
 0001:00009b40       ?ToggleDocking@CDockContext@@QEAAXXZ 000000014000ab40 f i Mainfrm.obj
 0001:00009cb0       ?OnTimer@CControlBar@@QEAAX_K@Z 000000014000acb0 f i Mainfrm.obj
 0001:00009eb0       ?RecalcDelayShow@CControlBar@@QEAAKPEAUAFX_SIZEPARENTPARAMS@@@Z 000000014000aeb0 f i Mainfrm.obj
 0001:00009f80       ?OnSizeParent@CControlBar@@QEAA_J_K_J@Z 000000014000af80 f i Mainfrm.obj
 0001:0000a100       ?OnIdleUpdateCmdUI@CControlBar@@QEAA_J_K_J@Z 000000014000b100 f i Mainfrm.obj
 0001:0000a210       ?OnInitialUpdate@CControlBar@@QEAAXXZ 000000014000b210 f i Mainfrm.obj
 0001:0000a220       ?_ProcessWindowMessage@CControlBar@@UEAAHPEAUHWND__@@I_K_JAEA_J@Z 000000014000b220 f i Mainfrm.obj
 0001:0000a3a0       ?WindowProc@CControlBar@@UEAA_JI_K_J@Z 000000014000b3a0 f i Mainfrm.obj
 0001:0000a4f0       ?RemoveControlBar@CFrameWnd@@QEAAXPEAVCControlBar@@@Z 000000014000b4f0 f i Mainfrm.obj
 0001:0000a570       ?GetCapture@CWnd@@SAPEAV1@XZ 000000014000b570 f i Mainfrm.obj
 0001:0000a6f0       ?CreateEx@CMiniFrameWnd@@UEAAHKPEB_W0KAEBUtagRECT@@PEAVCWnd@@I@Z 000000014000b6f0 f i Mainfrm.obj
 0001:0000a800       ?Create@CDockBar@@QEAAHPEAVCWnd@@KI@Z 000000014000b800 f i Mainfrm.obj
 0001:0000a8d0       ?Create@CMiniDockFrameWnd@@QEAAHPEAVCWnd@@K@Z 000000014000b8d0 f i Mainfrm.obj
 0001:0000ab30       ?GetDlgItem@CWnd@@QEAAPEAV1@H@Z 000000014000bb30 f i Mainfrm.obj
 0001:0000acb0       ?GetParentOwner@CWnd@@QEAAPEAV1@XZ 000000014000bcb0 f i Mainfrm.obj
 0001:0000ae90       ?Create@CToolTipCtrlMTL@@QEAAHPEAVCWnd@@K@Z 000000014000be90 f i Mainfrm.obj
 0001:0000af50       ??_ECToolTipCtrlMTL@@UEAAPEAXI@Z 000000014000bf50 f i * CIL library *:* CIL module *
 0001:0000af50       ??_GCToolTipCtrlMTL@@UEAAPEAXI@Z 000000014000bf50 f i Mainfrm.obj
 0001:0000afa0       ?_AfxRelayToolTipMessage@CWnd@@SAXPEAVCToolTipCtrlMTL@@PEAUtagMSG@@@Z 000000014000bfa0 f i Mainfrm.obj
 0001:0000b050       ?CancelToolTips@CWnd@@QEAAXH@Z 000000014000c050 f i Mainfrm.obj
 0001:0000b0d0       ?FilterToolTipMessage@CWnd@@QEAAXPEAUtagMSG@@@Z 000000014000c0d0 f i Mainfrm.obj
 0001:0000b890       ?_FilterToolTipMessage@CWnd@@SAXPEAUtagMSG@@PEAV1@@Z 000000014000c890 f i Mainfrm.obj
 0001:0000b8a0       ?_EnableToolTips@CWnd@@QEAAHHI@Z 000000014000c8a0 f i Mainfrm.obj
 0001:0000b9f0       ?InsertAt@?$CArray@PEAXAEBQEAX@@QEAAX_JAEBQEAX0@Z 000000014000c9f0 f i Mainfrm.obj
 0001:0000ba80       ?Insert@CDockBar@@QEAAHPEAVCControlBar@@VCRect@WTL@@VCPoint@4@@Z 000000014000ca80 f i Mainfrm.obj
 0001:0000bdf0       ?SetSize@?$CArray@PEAXAEBQEAX@@QEAAX_J0@Z 000000014000cdf0 f i Mainfrm.obj
 0001:0000bf40       ?SetParent@CWnd@@QEAAPEAV1@PEAV1@@Z 000000014000cf40 f i Mainfrm.obj
 0001:0000c0d0       ?DockControlBar@CDockBar@@QEAAXPEAVCControlBar@@PEBUtagRECT@@@Z 000000014000d0d0 f i Mainfrm.obj
 0001:0000c400       ?FloatControlBar@CFrameWnd@@QEAAXPEAVCControlBar@@VCPoint@WTL@@K@Z 000000014000d400 f i Mainfrm.obj
 0001:0000c5e0       ?RemoveAt@?$CArray@PEAXAEBQEAX@@QEAAX_J0@Z 000000014000d5e0 f i Mainfrm.obj
 0001:0000c620       ?RemovePlaceHolder@CDockBar@@QEAAXPEAVCControlBar@@@Z 000000014000d620 f i Mainfrm.obj
 0001:0000c700       ?RemoveControlBar@CDockBar@@QEAAHPEAVCControlBar@@HH@Z 000000014000d700 f i Mainfrm.obj
 0001:0000c940       ??1CControlBar@@UEAA@XZ    000000014000d940 f i Mainfrm.obj
 0001:0000c9f0       ?PostNcDestroy@CControlBar@@UEAAXXZ 000000014000d9f0 f i Mainfrm.obj
 0001:0000ca10       ?PreTranslateMessage@CControlBar@@UEAAHPEAUtagMSG@@@Z 000000014000da10 f i Mainfrm.obj
 0001:0000ccf0       ?PreCreateWindow@CControlBar@@UEAAHAEAUtagCREATESTRUCTW@@@Z 000000014000dcf0 f i Mainfrm.obj
 0001:0000cda0       ?PreCreateWindow@CStatusBar@@UEAAHAEAUtagCREATESTRUCTW@@@Z 000000014000dda0 f i Mainfrm.obj
 0001:0000cdd0       ?OnBarStyleChange@CStatusBar@@UEAAXKK@Z 000000014000ddd0 f i Mainfrm.obj
 0001:0000ce10       ?Enable@CStatusCmdUI@@UEAAXH@Z 000000014000de10 f i Mainfrm.obj
 0001:0000ce50       ??1?$CArray@HAEBH@@QEAA@XZ 000000014000de50 f i Mainfrm.obj
 0001:0000ce50       ??1?$CArray@PEAXAEBQEAX@@QEAA@XZ 000000014000de50 f i Propsht.obj
 0001:0000ce90       ?SetSize@?$CArray@W4LoadArrayObjType@CArchive@@AEBW412@@@QEAAX_J0@Z 000000014000de90 f i Shapedoc.obj
 0001:0000ce90       ?SetSize@?$CArray@HAEBH@@QEAAX_J0@Z 000000014000de90 f i Mainfrm.obj
 0001:0000cfe0       ?UpdateAllPanes@CStatusBar@@QEAAXHH@Z 000000014000dfe0 f i Mainfrm.obj
 0001:0000d390       ?SetPaneStyle@CStatusBar@@QEAAXHI@Z 000000014000e390 f i Mainfrm.obj
 0001:0000d4a0       ?SetCheck@CStatusCmdUI@@UEAAXH@Z 000000014000e4a0 f i Mainfrm.obj
 0001:0000d4d0       ?SetPaneText@CStatusBar@@QEAAHHPEB_WH@Z 000000014000e4d0 f i Mainfrm.obj
 0001:0000d5c0       ?SetText@CStatusCmdUI@@UEAAXPEB_W@Z 000000014000e5c0 f i Mainfrm.obj
 0001:0000d5e0       ?UpdateDialogControls@CWnd@@QEAAXPEAVCCmdTarget@@H@Z 000000014000e5e0 f i Mainfrm.obj
 0001:0000d8e0       ?OnUpdateCmdUI@CStatusBar@@UEAAXPEAVCFrameWnd@@H@Z 000000014000e8e0 f i Mainfrm.obj
 0001:0000da20       ?CalcFixedLayout@CControlBar@@UEAA?AVCSize@WTL@@HH@Z 000000014000ea20 f i Mainfrm.obj
 0001:0000da60       ?CalcDynamicLayout@CControlBar@@UEAA?AVCSize@WTL@@HK@Z 000000014000ea60 f i Mainfrm.obj
 0001:0000da90       ??_GCClientDCMTL@@UEAAPEAXI@Z 000000014000ea90 f i Mainfrm.obj
 0001:0000da90       ??_ECClientDCMTL@@UEAAPEAXI@Z 000000014000ea90 f i * CIL library *:* CIL module *
 0001:0000dac0       ??1CClientDCMTL@@UEAA@XZ   000000014000eac0 f i Mainfrm.obj
 0001:0000db40       ?CalcInsideRect@CControlBar@@QEBAXAEAVCRect@WTL@@H@Z 000000014000eb40 f i Mainfrm.obj
 0001:0000dc00       ?CalcFixedLayout@CStatusBar@@UEAA?AVCSize@WTL@@HH@Z 000000014000ec00 f i Mainfrm.obj
 0001:0000de10       ?ResetTimer@CControlBar@@QEAAX_KI@Z 000000014000ee10 f i Mainfrm.obj
 0001:0000de70       ?SetStatusText@CControlBar@@UEAAH_J@Z 000000014000ee70 f i Mainfrm.obj
 0001:0000df90       ?Create@CStatusBar@@UEAAHPEAVCWnd@@KI@Z 000000014000ef90 f i Mainfrm.obj
 0001:0000dfb0       ?CreateEx@CStatusBar@@UEAAHPEAVCWnd@@KKI@Z 000000014000efb0 f i Mainfrm.obj
 0001:0000e0a0       ??1CMDIFrameWnd@@UEAA@XZ   000000014000f0a0 f i Mainfrm.obj
 0001:0000e0b0       ?AddFrameWnd@CFrameWnd@@QEAAXXZ 000000014000f0b0 f i Mainfrm.obj
 0001:0000e140       ??0CFrameWnd@@QEAA@XZ      000000014000f140 f i Mainfrm.obj
 0001:0000e230       ?OnCmdMsg@CMDIFrameWnd@@UEAAHIHPEAXPEAUAFX_CMDHANDLERINFO@@@Z 000000014000f230 f i Mainfrm.obj
 0001:0000e2c0       ??_GCMDIFrameWnd@@UEAAPEAXI@Z 000000014000f2c0 f i Mainfrm.obj
 0001:0000e2c0       ??_ECFrameWnd@@UEAAPEAXI@Z 000000014000f2c0 f i * CIL library *:* CIL module *
 0001:0000e2c0       ??_ECMDIFrameWnd@@UEAAPEAXI@Z 000000014000f2c0 f i * CIL library *:* CIL module *
 0001:0000e2c0       ??_GCFrameWnd@@UEAAPEAXI@Z 000000014000f2c0 f i Mainfrm.obj
 0001:0000e2c0       ??_GCMDIChildWnd@@UEAAPEAXI@Z 000000014000f2c0 f i Stdafx.obj
 0001:0000e2c0       ??_ECMDIChildWnd@@UEAAPEAXI@Z 000000014000f2c0 f i * CIL library *:* CIL module *
 0001:0000e2f0       ?PreTranslateMessage@CMDIFrameWnd@@UEAAHPEAUtagMSG@@@Z 000000014000f2f0 f i Mainfrm.obj
 0001:0000e3b0       ?DefWindowProcW@CMDIFrameWnd@@UEAA_JI_K_J@Z 000000014000f3b0 f i Mainfrm.obj
 0001:0000e3e0       ?OnCommand@CMDIFrameWnd@@UEAAH_K_J@Z 000000014000f3e0 f i Mainfrm.obj
 0001:0000e480       ?PreCreateWindow@CMDIFrameWnd@@UEAAHAEAUtagCREATESTRUCTW@@@Z 000000014000f480 f i Mainfrm.obj
 0001:0000e4b0       ?OnCreateClient@CMDIFrameWnd@@UEAAHPEAUtagCREATESTRUCTW@@PEAUCCreateContext@@@Z 000000014000f4b0 f i Mainfrm.obj
 0001:0000e540       ?GetActiveFrame@CMDIFrameWnd@@UEAAPEAVCFrameWnd@@XZ 000000014000f540 f i Mainfrm.obj
 0001:0000e560       ?LoadFrame@CMDIFrameWnd@@UEAAHIKPEAVCWnd@@PEAUCCreateContext@@@Z 000000014000f560 f i Mainfrm.obj
 0001:0000e5a0       ?CreateClient@CMDIFrameWnd@@UEAAHPEAUtagCREATESTRUCTW@@PEAVCMenuMTL@@@Z 000000014000f5a0 f i Mainfrm.obj
 0001:0000e6e0       ?DelayUpdateFrameMenu@CMDIFrameWnd@@UEAAXPEAUHMENU__@@@Z 000000014000f6e0 f i Mainfrm.obj
 0001:0000e700       ?GetWindowMenuPopup@CMDIFrameWnd@@UEAAPEAUHMENU__@@PEAU2@@Z 000000014000f700 f i Mainfrm.obj
 0001:0000e7c0       ?OnIdleUpdateCmdUI@CMDIFrameWnd@@QEAAXXZ 000000014000f7c0 f i Mainfrm.obj
 0001:0000e7f0       ?AfxRegisterWndClass@CAfx@@SAPEB_WIPEAUHICON__@@PEAUHBRUSH__@@0@Z 000000014000f7f0 f i Mainfrm.obj
 0001:0000e980       ?GetIconWndClass@CFrameWnd@@QEAAPEB_WKI@Z 000000014000f980 f i Mainfrm.obj
 0001:0000ea40       ?OnCmdMsg@CFrameWnd@@UEAAHIHPEAXPEAUAFX_CMDHANDLERINFO@@@Z 000000014000fa40 f i Mainfrm.obj
 0001:0000eaf0       ?PreTranslateMessage@CFrameWnd@@UEAAHPEAUtagMSG@@@Z 000000014000faf0 f i Mainfrm.obj
 0001:0000eb70       ?PreCreateWindow@CFrameWnd@@UEAAHAEAUtagCREATESTRUCTW@@@Z 000000014000fb70 f i Mainfrm.obj
 0001:0000eb70       ?PreCreateWindow@CMDIChildWnd@@UEAAHAEAUtagCREATESTRUCTW@@@Z 000000014000fb70 f i Stdafx.obj
 0001:0000ebc0       ?AfxIsDescendant@CFrameWnd@@SAHPEAUHWND__@@0@Z 000000014000fbc0 f i Mainfrm.obj
 0001:0000ecc0       ?ShowOwnedWindows@CFrameWnd@@QEAAXH@Z 000000014000fcc0 f i Mainfrm.obj
 0001:0000ef00       ?OnSetPreviewMode@CFrameWnd@@UEAAXHPEAUCPrintPreviewState@@@Z 000000014000ff00 f i Mainfrm.obj
 0001:0000f1c0       ?GetActiveFrame@CFrameWnd@@UEAAPEAV1@XZ 00000001400101c0 f i Mainfrm.obj
 0001:0000f1d0       ?GetDefaultAccelerator@CFrameWnd@@UEAAPEAUHACCEL__@@XZ 00000001400101d0 f i Mainfrm.obj
 0001:0000f210       ?RemoveFrameWnd@CFrameWnd@@QEAAXXZ 0000000140010210 f i Mainfrm.obj
 0001:0000f2a0       ??1CFrameWnd@@UEAA@XZ      00000001400102a0 f i Mainfrm.obj
 0001:0000f330       ?PostNcDestroy@CFrameWnd@@UEAAXXZ 0000000140010330 f i Mainfrm.obj
 0001:0000f330       ?PostNcDestroy@CModelessShapePropSheet@@UEAAXXZ 0000000140010330 f i Propsht2.obj
 0001:0000f330       ?PostNcDestroy@_AFX_MOUSEANCHORWND@@UEAAXXZ 0000000140010330 f i Stdafx.obj
 0001:0000f330       ?PostNcDestroy@CView@@UEAAXXZ 0000000140010330 f i Shapesvw.obj
 0001:0000f350       ?Create@CFrameWnd@@UEAAHPEB_W0KAEBUtagRECT@@PEAVCWnd@@0KPEAUCCreateContext@@@Z 0000000140010350 f i Mainfrm.obj
 0001:0000f490       ?LoadFrame@CFrameWnd@@UEAAHIKPEAVCWnd@@PEAUCCreateContext@@@Z 0000000140010490 f i Mainfrm.obj
 0001:0000f670       ?GetForegroundWindow@CWnd@@SAPEAV1@XZ 0000000140010670 f i Mainfrm.obj
 0001:0000f7f0       ?GetLastActivePopup@CWnd@@QEAAPEAV1@XZ 00000001400107f0 f i Mainfrm.obj
 0001:0000f970       ?OnWindowNew@CMDIFrameWnd@@QEAAXXZ 0000000140010970 f i Mainfrm.obj
 0001:0000fa30       ?MDIGetActive@CMDIFrameWnd@@QEBAPEAVCMDIChildWnd@@PEAH@Z 0000000140010a30 f i Mainfrm.obj
 0001:0000fc10       ?OnUpdateMDIWindowCmd@CMDIFrameWnd@@QEAAXPEAVCCmdUI@@@Z 0000000140010c10 f i Mainfrm.obj
 0001:0000fc50       ?OnMDIWindowCmd@CMDIFrameWnd@@QEAAHI@Z 0000000140010c50 f i Mainfrm.obj
 0001:0000fcb0       ?CanCloseFrame@CDocument@@QEAAHPEAVCFrameWnd@@@Z 0000000140010cb0 f i Mainfrm.obj
 0001:0000fd60       ?SaveAllModified@CDocManager@@QEAAHXZ 0000000140010d60 f i Mainfrm.obj
 0001:0000fdf0       ?CloseAllDocuments@CDocTemplate@@QEAAXH@Z 0000000140010df0 f i Mainfrm.obj
 0001:0000ff00       ??1CDocument@@QEAA@XZ      0000000140010f00 f i Mainfrm.obj
 0001:0000fff0       ?OnCloseDocument@CDocument@@QEAAXXZ 0000000140010ff0 f i Mainfrm.obj
 0001:000100d0       ?OnClose@CFrameWnd@@QEAAXXZ 00000001400110d0 f i Mainfrm.obj
 0001:000102a0       ?CreateView@CFrameWnd@@QEAAPEAVCWnd@@PEAUCCreateContext@@I@Z 00000001400112a0 f i Mainfrm.obj
 0001:000103b0       ?OnCreateClient@CFrameWnd@@UEAAHPEAUtagCREATESTRUCTW@@PEAUCCreateContext@@@Z 00000001400113b0 f i Mainfrm.obj
 0001:000103e0       ?OnCreateHelper@CFrameWnd@@QEAAHPEAUtagCREATESTRUCTW@@PEAUCCreateContext@@@Z 00000001400113e0 f i Mainfrm.obj
 0001:00010480       ?EnsureParentFrame@CWnd@@QEAAPEAVCFrameWnd@@XZ 0000000140011480 f i Mainfrm.obj
 0001:00010480       ?GetParentFrame@CWnd@@QEAAPEAVCFrameWnd@@XZ 0000000140011480 f i Mainfrm.obj
 0001:000104e0       ?DestroyWindow@CControlBar@@UEAAHXZ 00000001400114e0 f i Mainfrm.obj
 0001:00010550       ?DestroyDockBars@CFrameWnd@@QEAAXXZ 0000000140011550 f i Mainfrm.obj
 0001:00010890       ?OnDestroy@CFrameWnd@@QEAAXXZ 0000000140011890 f i Mainfrm.obj
 0001:00010920       ?SetActiveWindow@CWnd@@QEAAPEAV1@XZ 0000000140011920 f i Mainfrm.obj
 0001:00010aa0       ?ActivateFrame@CFrameWnd@@UEAAXH@Z 0000000140011aa0 f i Mainfrm.obj
 0001:00010b50       ?ShowAppMessageBox@CWinApp@@SAHPEAV1@PEB_WII@Z 0000000140011b50 f i Mainfrm.obj
 0001:00010ca0       ?AfxMessageBox@@YAHIII@Z   0000000140011ca0 f i Mainfrm.obj
 0001:00010d10       ?OnDropFiles@CFrameWnd@@QEAAXPEAUHDROP__@@@Z 0000000140011d10 f i Mainfrm.obj
 0001:00010da0       ?GetOwner@CWnd@@QEAAPEAV1@XZ 0000000140011da0 f i Mainfrm.obj
 0001:00010f30       ?GetTopLevelParent@CWnd@@QEAAPEAV1@XZ 0000000140011f30 f i Mainfrm.obj
 0001:00011170       ?OnIdle@CCmdUI@@QEAAHPEAVCCmdTarget@@H@Z 0000000140012170 f i Mainfrm.obj
 0001:00011230       ?OnInitMenuPopup@CFrameWnd@@QEAAXPEAVCMenuMTL@@IH@Z 0000000140012230 f i Mainfrm.obj
 0001:000114c0       ?GetTopLevelFrame@CWnd@@QEAAPEAVCFrameWnd@@XZ 00000001400124c0 f i Mainfrm.obj
 0001:00011590       ?SetMenuBarState@CFrameWnd@@QEAAHK@Z 0000000140012590 f i Mainfrm.obj
 0001:000115f0       ?OnMenuSelect@CFrameWnd@@QEAAXIIPEAUHMENU__@@@Z 00000001400125f0 f i Mainfrm.obj
 0001:000117a0       ?OnSize@CFrameWnd@@QEAAXIHH@Z 00000001400127a0 f i Mainfrm.obj
 0001:000117f0       ?OnPopMessageString@CFrameWnd@@QEAA_J_K_J@Z 00000001400127f0 f i Mainfrm.obj
 0001:00011810       ?GetDescendantWindow@CWnd@@QEAAPEAV1@PEAUHWND__@@HH@Z 0000000140012810 f i Mainfrm.obj
 0001:00011a40       ?OnSetMessageString@CFrameWnd@@QEAA_J_K_J@Z 0000000140012a40 f i Mainfrm.obj
 0001:00011bc0       ?OnUpdateFrameMenu@CFrameWnd@@UEAAXPEAUHMENU__@@@Z 0000000140012bc0 f i Mainfrm.obj
 0001:00011bf0       ?UpdateFrameTitleForDocument@CFrameWnd@@QEAAXPEB_W@Z 0000000140012bf0 f i Mainfrm.obj
 0001:000120a0       ?OnUpdateFrameTitle@CFrameWnd@@UEAAXH@Z 00000001400130a0 f i Mainfrm.obj
 0001:00012170       ?OnIdleUpdateCmdUI@CFrameWnd@@QEAAXXZ 0000000140013170 f i Mainfrm.obj
 0001:00012210       ?OnUpdateControlBarMenu@CFrameWnd@@QEAAXPEAVCCmdUI@@@Z 0000000140013210 f i Mainfrm.obj
 0001:00012260       ?GetControlBar@CFrameWnd@@QEAAPEAVCControlBar@@I@Z 0000000140013260 f i Mainfrm.obj
 0001:000122d0       ?GetDockingFrame@CControlBar@@QEAAPEAVCFrameWnd@@XZ 00000001400132d0 f i Mainfrm.obj
 0001:00012340       ?IsVisible@CControlBar@@UEBAHXZ 0000000140013340 f i Mainfrm.obj
 0001:00012380       ?AfxRepositionWindow@CAfx@@SAXPEAUAFX_SIZEPARENTPARAMS@@PEAUHWND__@@PEBUtagRECT@@@Z 0000000140013380 f i Mainfrm.obj
 0001:00012480       ?RepositionBars@CWnd@@QEAAXIIIIPEAUtagRECT@@PEBU2@H@Z 0000000140013480 f i Mainfrm.obj
 0001:000127a0       ?RecalcLayout@CFrameWnd@@UEAAXH@Z 00000001400137a0 f i Mainfrm.obj
 0001:000128d0       ?ShowControlBar@CFrameWnd@@QEAAXPEAVCControlBar@@HH@Z 00000001400138d0 f i Mainfrm.obj
 0001:00012b10       ?OnBarCheck@CFrameWnd@@QEAAHI@Z 0000000140013b10 f i Mainfrm.obj
 0001:00012b60       ?_AtlGetStringResourceImage@CAfx@@SAPEBUATLSTRINGRESOURCEIMAGE@ATL@@PEAUHINSTANCE__@@PEAUHRSRC__@@I@Z 0000000140013b60 f i Mainfrm.obj
 0001:00012c00       ?AfxLoadString@CAfx@@SAHIPEA_WI@Z 0000000140013c00 f i Mainfrm.obj
 0001:00012cb0       ?Empty@CString@WTL@@QEAAXXZ 0000000140013cb0 f i Mainfrm.obj
 0001:00012d30       ?AfxExtractSubString@CAfx@@SAHAEAVCString@WTL@@PEB_WH_W@Z 0000000140013d30 f i Mainfrm.obj
 0001:00012e40       ?OnToolTipText@CFrameWnd@@QEAAHIPEAUtagNMHDR@@PEA_J@Z 0000000140013e40 f i Mainfrm.obj
 0001:00013120       ?OnUpdateKeyIndicator@CFrameWnd@@QEAAXPEAVCCmdUI@@@Z 0000000140014120 f i Mainfrm.obj
 0001:00013190       ?_ProcessWindowMessage@CFrameWnd@@UEAAHPEAUHWND__@@I_K_JAEA_J@Z 0000000140014190 f i Mainfrm.obj
 0001:000139b0       ?_ProcessWindowMessage@CMDIFrameWnd@@UEAAHPEAUHWND__@@I_K_JAEA_J@Z 00000001400149b0 f i Mainfrm.obj
 0001:00013d00       ?_ProcessWindowMessage@CShapePropSheetFrame@@UEAAHPEAUHWND__@@I_K_JAEA_J@Z 0000000140014d00 f i Minifrm.obj
 0001:000140e0       ??_ECMiniFrameWnd@@UEAAPEAXI@Z 00000001400150e0 f i * CIL library *:* CIL module *
 0001:000140e0       ??_ECShapePropSheetFrame@@UEAAPEAXI@Z 00000001400150e0 f i * CIL library *:* CIL module *
 0001:000140e0       ??_GCShapePropSheetFrame@@UEAAPEAXI@Z 00000001400150e0 f i Minifrm.obj
 0001:000140e0       ??_GCMiniFrameWnd@@UEAAPEAXI@Z 00000001400150e0 f i Minifrm.obj
 0001:00014110       ?OnCreate@CShapePropSheetFrame@@IEAAHPEAUtagCREATESTRUCTW@@@Z 0000000140015110 f   Minifrm.obj
 0001:00014260       ??1CMiniFrameWnd@@UEAA@XZ  0000000140015260 f i Minifrm.obj
 0001:000142d0       ?PreCreateWindow@CMiniFrameWnd@@UEAAHAEAUtagCREATESTRUCTW@@@Z 00000001400152d0 f i Minifrm.obj
 0001:00014340       ?Create@CMiniFrameWnd@@UEAAHPEB_W0KAEBUtagRECT@@PEAVCWnd@@I@Z 0000000140015340 f i Minifrm.obj
 0001:00014380       ?OnGetMinMaxInfo@CMiniFrameWnd@@QEAAXPEAUtagMINMAXINFO@@@Z 0000000140015380 f i Minifrm.obj
 0001:00014410       ?OnNcCreate@CMiniFrameWnd@@QEAAHPEAUtagCREATESTRUCTW@@@Z 0000000140015410 f i Minifrm.obj
 0001:000144f0       ?OnNcHitTest@CMiniFrameWnd@@QEAA_JVCPoint@WTL@@@Z 00000001400154f0 f i Minifrm.obj
 0001:00014660       ?HandleFloatingSysCommand@CWnd@@QEAAHI_J@Z 0000000140015660 f i Minifrm.obj
 0001:00014770       ?OnSysCommand@CMiniFrameWnd@@QEAAXI_J@Z 0000000140015770 f i Minifrm.obj
 0001:00014820       ?OnFloatStatus@CMiniFrameWnd@@QEAA_J_K_J@Z 0000000140015820 f i Minifrm.obj
 0001:00014960       ?OnQueryCenterWnd@CMiniFrameWnd@@QEAA_J_K_J@Z 0000000140015960 f i Minifrm.obj
 0001:000149a0       ?_ProcessWindowMessage@CMiniFrameWnd@@UEAAHPEAUHWND__@@I_K_JAEA_J@Z 00000001400159a0 f i Minifrm.obj
 0001:00014b30       ?_ProcessWindowMessage@CShapePreviewWnd@@UEAAHPEAUHWND__@@I_K_JAEA_J@Z 0000000140015b30 f i Preview.obj
 0001:00014c20       ?OnPaint@CShapePreviewWnd@@AEAAXXZ 0000000140015c20 f   Preview.obj
 0001:00014d60       ?OnEraseBkgnd@CShapePreviewWnd@@AEAAHPEAVCDCMTL@@@Z 0000000140015d60 f   Preview.obj
 0001:00014ec0       ??_GCRgnMTL@@UEAAPEAXI@Z   0000000140015ec0 f i Stdafx.obj
 0001:00014ec0       ??_GCBitmapMTL@@UEAAPEAXI@Z 0000000140015ec0 f i Stdafx.obj
 0001:00014ec0       ??_ECRgnMTL@@UEAAPEAXI@Z   0000000140015ec0 f i * CIL library *:* CIL module *
 0001:00014ec0       ??_ECBitmapMTL@@UEAAPEAXI@Z 0000000140015ec0 f i * CIL library *:* CIL module *
 0001:00014ec0       ??_GCBrushMTL@@UEAAPEAXI@Z 0000000140015ec0 f i Preview.obj
 0001:00014ec0       ??_GCPenMTL@@UEAAPEAXI@Z   0000000140015ec0 f i Shapeobj.obj
 0001:00014ec0       ??_ECPenMTL@@UEAAPEAXI@Z   0000000140015ec0 f i * CIL library *:* CIL module *
 0001:00014ec0       ??_ECBrushMTL@@UEAAPEAXI@Z 0000000140015ec0 f i * CIL library *:* CIL module *
 0001:00014f50       ??1?$CPenT@$00@WTL@@QEAA@XZ 0000000140015f50 f i Shapeobj.obj
 0001:00014f50       ??1?$CBitmapT@$00@WTL@@QEAA@XZ 0000000140015f50 f i Stdafx.obj
 0001:00014f50       ??1?$CRgnT@$00@WTL@@QEAA@XZ 0000000140015f50 f i Stdafx.obj
 0001:00014f50       ??1?$CBrushT@$00@WTL@@QEAA@XZ 0000000140015f50 f i Preview.obj
 0001:00014f80       ??1CPenMTL@@UEAA@XZ        0000000140015f80 f i Shapeobj.obj
 0001:00014f80       ??1CBrushMTL@@UEAA@XZ      0000000140015f80 f i Preview.obj
 0001:00014f80       ??1CRgnMTL@@UEAA@XZ        0000000140015f80 f i Stdafx.obj
 0001:00014ff0       ?classHandleFuncCBrushMTL@CBrushMTL@@SAPEAXPEAX0@Z 0000000140015ff0 f i Preview.obj
 0001:00015050       ?FromHandle@?$CHandleList@PEAXVCGdiObject@@PEAUHWND__@@@@QEAAPEAVCGdiObject@@QEAXPEAV2@QEAUHWND__@@Q6APEAXPEAX3@Z@Z 0000000140016050 f i Preview.obj
 0001:00015130       ??1CPaintDCMTL@@UEAA@XZ    0000000140016130 f i Preview.obj
 0001:000151b0       ??_GCPaintDCMTL@@UEAAPEAXI@Z 00000001400161b0 f i Preview.obj
 0001:000151b0       ??_ECPaintDCMTL@@UEAAPEAXI@Z 00000001400161b0 f i * CIL library *:* CIL module *
 0001:000151e0       ?_ProcessWindowMessage@CPropDlgApp@@UEAAHPEAUHWND__@@I_K_JAEA_J@Z 00000001400161e0 f i Propdlg.obj
 0001:00015300       ?InitInstance@CPropDlgApp@@UEAAHXZ 0000000140016300 f   Propdlg.obj
 0001:00015560       ?_ProcessWindowMessage@CAboutDlg@@UEAAHPEAUHWND__@@I_K_JAEA_J@Z 0000000140016560 f i Propdlg.obj
 0001:00015560       ?_ProcessWindowMessage@CCommonDialog@@UEAAHPEAUHWND__@@I_K_JAEA_J@Z 0000000140016560 f i Propdlg.obj
 0001:00015570       ?OnAppAbout@CPropDlgApp@@QEAAXXZ 0000000140016570 f   Propdlg.obj
 0001:000155f0       ??HWTL@@YA?AVCString@0@AEBV10@PEB_W@Z 00000001400165f0 f i Propdlg.obj
 0001:00015670       ?AfxDelRegTreeHelper@CAfx@@SAJPEAUHKEY__@@AEBVCString@WTL@@PEAVCAtlTransactionManager@ATL@@@Z 0000000140016670 f i Propdlg.obj
 0001:000158d0       ?Unregister@CWinApp@@QEAAHXZ 00000001400168d0 f i Propdlg.obj
 0001:00015b40       ?ProcessShellCommand@CWinApp@@QEAAHAEAVCCommandLineInfo@@@Z 0000000140016b40 f i Propdlg.obj
 0001:00015cf0       ?ParseParam@CCommandLineInfo@@UEAAXPEB_WHH@Z 0000000140016cf0 f i Propdlg.obj
 0001:00015dc0       ?EnableShellOpen@CWinApp@@QEAAXXZ 0000000140016dc0 f i Propdlg.obj
 0001:00015f10       ?GetFirstDocTemplatePosition@CDocManager@@UEBAPEAU__POSITION@@XZ 0000000140016f10 f i Propdlg.obj
 0001:00015f20       ?GetNextDoc@CMultiDocTemplate@@UEBAPEAVCDocument@@AEAPEAU__POSITION@@@Z 0000000140016f20 f i Propdlg.obj
 0001:00015f20       ?GetNextDocTemplate@CDocManager@@UEBAPEAVCDocTemplate@@AEAPEAU__POSITION@@@Z 0000000140016f20 f i Propdlg.obj
 0001:00015f30       ?AddDocTemplate@CWinApp@@QEAAXPEAVCDocTemplate@@@Z 0000000140016f30 f i Propdlg.obj
 0001:00015ff0       ??0CDocTemplate@@QEAA@IPEAUCRuntimeClass@@00@Z 0000000140016ff0 f i Propdlg.obj
 0001:00016080       ??1CDocTemplate@@QEAA@XZ   0000000140017080 f i Propdlg.obj
 0001:000160b0       ?AddDocument@CMultiDocTemplate@@UEAAXPEAVCDocument@@@Z 00000001400170b0 f i Propdlg.obj
 0001:00016120       ?GetFirstDocPosition@CMultiDocTemplate@@UEBAPEAU__POSITION@@XZ 0000000140017120 f i Propdlg.obj
 0001:00016130       ?CreateNewDocument@CDocTemplate@@UEAAPEAVCDocument@@XZ 0000000140017130 f i Propdlg.obj
 0001:00016190       ?OnCmdMsg@CDocTemplate@@UEAAHIHPEAXPEAUAFX_CMDHANDLERINFO@@@Z 0000000140017190 f i Propdlg.obj
 0001:000161a0       ?CreateNewFrame@CDocTemplate@@UEAAPEAVCFrameWnd@@PEAVCDocument@@PEAV2@@Z 00000001400171a0 f i Propdlg.obj
 0001:00016250       ??1CWaitCursor@@QEAA@XZ    0000000140017250 f i Propdlg.obj
 0001:000162b0       ?SetActiveView@CFrameWnd@@QEAAXPEAVCView@@H@Z 00000001400172b0 f i Propdlg.obj
 0001:00016350       ?InitialUpdateFrame@CFrameWnd@@QEAAXPEAVCDocument@@H@Z 0000000140017350 f i Propdlg.obj
 0001:000164e0       ?InitialUpdateFrame@CDocTemplate@@UEAAXPEAVCFrameWnd@@PEAVCDocument@@H@Z 00000001400174e0 f i Propdlg.obj
 0001:00016500       ?OpenDocumentFile@CMultiDocTemplate@@UEAAPEAVCDocument@@PEB_WHH@Z 0000000140017500 f i Propdlg.obj
 0001:00016710       ?OpenDocumentFile@CMultiDocTemplate@@UEAAPEAVCDocument@@PEB_WH@Z 0000000140017710 f i Propdlg.obj
 0001:00016720       ?RemoveDocument@CMultiDocTemplate@@UEAAXPEAVCDocument@@@Z 0000000140017720 f i Propdlg.obj
 0001:000167a0       ??_ECMultiDocTemplate@@UEAAPEAXI@Z 00000001400177a0 f i * CIL library *:* CIL module *
 0001:000167a0       ??_GCMultiDocTemplate@@UEAAPEAXI@Z 00000001400177a0 f i Propdlg.obj
 0001:000167d0       ??1CMultiDocTemplate@@UEAA@XZ 00000001400177d0 f i Propdlg.obj
 0001:00016860       ?UpdateFrameCounts@CDocument@@QEAAXXZ 0000000140017860 f i Propdlg.obj
 0001:00016a20       ?SetDefaultTitle@CMultiDocTemplate@@UEAAXPEAVCDocument@@@Z 0000000140017a20 f i Propdlg.obj
 0001:00016cc0       ?LoadTemplate@CMultiDocTemplate@@UEAAXXZ 0000000140017cc0 f i Propdlg.obj
 0001:00016d30       ??0CRecentFileList@@QEAA@IPEB_W0HH@Z 0000000140017d30 f i Propdlg.obj
 0001:00016e50       ??_ECRecentFileList@@UEAAPEAXI@Z 0000000140017e50 f i * CIL library *:* CIL module *
 0001:00016e50       ??_GCRecentFileList@@UEAAPEAXI@Z 0000000140017e50 f i Propdlg.obj
 0001:00016e80       ?Add@CRecentFileList@@UEAAXPEB_W@Z 0000000140017e80 f i Propdlg.obj
 0001:00017050       ?GetProfileStringW@CWinApp@@QEAA?AVCString@WTL@@PEB_W00@Z 0000000140018050 f i Propdlg.obj
 0001:000170c0       ?ReadList@CRecentFileList@@UEAAXXZ 00000001400180c0 f i Propdlg.obj
 0001:00017220       ??1CRecentFileList@@UEAA@XZ 0000000140018220 f i Propdlg.obj
 0001:000172f0       ??1CCommandLineInfo@@QEAA@XZ 00000001400182f0 f i Propdlg.obj
 0001:000173b0       ??1CWinApp@@QEAA@XZ        00000001400183b0 f i Propdlg.obj
 0001:00017520       ??1CWinThread@@QEAA@XZ     0000000140018520 f i Propdlg.obj
 0001:00017540       ??0CModuleThreadState@@QEAA@XZ 0000000140018540 f i Propdlg.obj
 0001:00017630       ??1CModuleThreadState@@QEAA@XZ 0000000140018630 f i Propdlg.obj
 0001:00017680       ?OnIdle@CWinApp@@UEAAHH@Z  0000000140018680 f i Propdlg.obj
 0001:00017850       ?WriteList@CRecentFileList@@UEAAXXZ 0000000140018850 f i Propdlg.obj
 0001:00017930       ?ExitInstance@CWinApp@@UEAAHXZ 0000000140018930 f i Propdlg.obj
 0001:000179b0       ?Run@CWinApp@@UEAAHXZ      00000001400189b0 f i Propdlg.obj
 0001:00017a90       ??0CWinApp@@QEAA@XZ        0000000140018a90 f i Propdlg.obj
 0001:00017b60       ?OnAppExit@CWinApp@@QEAAXXZ 0000000140018b60 f i Propdlg.obj
 0001:00017b80       ?GetMenuStringW@CMenuMTL@@QEBAHIAEAVCString@WTL@@I@Z 0000000140018b80 f i Propdlg.obj
 0001:00017ca0       ?AfxGetFileTitle@CAfx@@SAIPEB_WPEA_WI@Z 0000000140018ca0 f i Propdlg.obj
 0001:00017d40       ?_AfxAbbreviateName@CAfx@@SAXPEA_WHH@Z 0000000140018d40 f i Propdlg.obj
 0001:00017e80       ?GetDisplayName@CRecentFileList@@UEBAHAEAVCString@WTL@@HPEB_WHH@Z 0000000140018e80 f i Propdlg.obj
 0001:00018090       ??HWTL@@YA?AVCString@0@AEBV10@0@Z 0000000140019090 f i Propdlg.obj
 0001:000180f0       ?UpdateMenu@CRecentFileList@@UEAAXPEAVCCmdUI@@@Z 00000001400190f0 f i Propdlg.obj
 0001:000185d0       ?OnUpdateRecentFileMenu@CWinApp@@QEAAXPEAVCCmdUI@@@Z 00000001400195d0 f i Propdlg.obj
 0001:00018600       ?Remove@CRecentFileList@@UEAAXH@Z 0000000140019600 f i Propdlg.obj
 0001:00018750       ?OnOpenRecentFile@CWinApp@@QEAAHI@Z 0000000140019750 f i Propdlg.obj
 0001:000187c0       ?_ProcessWindowMessage@CWinApp@@UEAAHPEAUHWND__@@I_K_JAEA_J@Z 00000001400197c0 f i Propdlg.obj
 0001:000188c0       ?GetDriverName@CPrintDialogMTL@@QEBA?AVCString@WTL@@XZ 00000001400198c0 f i Propdlg.obj
 0001:00018910       ?GetDeviceName@CPrintDialogMTL@@QEBA?AVCString@WTL@@XZ 0000000140019910 f i Propdlg.obj
 0001:00018960       ?GetPortName@CPrintDialogMTL@@QEBA?AVCString@WTL@@XZ 0000000140019960 f i Propdlg.obj
 0001:000189b0       ?HookProc@CCommonDialogImplBase@WTL@@SA_KPEAUHWND__@@I_K_J@Z 00000001400199b0 f i Propdlg.obj
 0001:00018a90       ?_WindowProc@CCommonWnd@@UEAAHPEAUHWND__@@I_K_JAEA_J@Z 0000000140019a90 f i Propdlg.obj
 0001:00018b00       ??_GCPrintDialog@WTL@@UEAAPEAXI@Z 0000000140019b00 f i Propdlg.obj
 0001:00018b00       ??_ECPrintDialog@WTL@@UEAAPEAXI@Z 0000000140019b00 f i * CIL library *:* CIL module *
 0001:00018b40       ?OnPrintSetup@?$CPrintDialogImpl@VCPrintDialog@WTL@@@WTL@@QEAA_JGGPEAUHWND__@@AEAH@Z 0000000140019b40 f i Propdlg.obj
 0001:00018c40       ?ProcessWindowMessage@?$CPrintDialogImpl@VCPrintDialog@WTL@@@WTL@@UEAAHPEAUHWND__@@I_K_JAEA_JK@Z 0000000140019c40 f i Propdlg.obj
 0001:00018c90       ??_GCPrintDialogMTL@@UEAAPEAXI@Z 0000000140019c90 f i Propdlg.obj
 0001:00018c90       ??_ECPrintDialogMTL@@UEAAPEAXI@Z 0000000140019c90 f i * CIL library *:* CIL module *
 0001:00018ccc       ??_ECPrintDialogMTL@@W7EAAPEAXI@Z 0000000140019ccc f i Propdlg.obj
 0001:00018ce0       ?WindowProc@?$CWindowImplBaseT@VCWindow@ATL@@V?$CWinTraits@$0FGAAAAAA@$0A@@2@@ATL@@SA_JPEAUHWND__@@I_K_J@Z 0000000140019ce0 f i Propdlg.obj
 0001:00018e60       ?GetWindowProc@?$CWindowImplBaseT@VCWindow@ATL@@V?$CWinTraits@$0FGAAAAAA@$0A@@2@@ATL@@UEAAP6A_JPEAUHWND__@@I_K_J@ZXZ 0000000140019e60 f i Propdlg.obj
 0001:00018e70       ??1CPrintDialogMTL@@UEAA@XZ 0000000140019e70 f i Propdlg.obj
 0001:00018e80       ?UpdatePrinterSelection@CWinApp@@QEAAXH@Z 0000000140019e80 f i Propdlg.obj
 0001:000192e0       ?AfxGlobalFree@@YAXPEAX@Z  000000014001a2e0 f i Propdlg.obj
 0001:00019330       ?DoModal@?$CPrintDialogImpl@VCPrintDialog@WTL@@@WTL@@QEAA_JPEAUHWND__@@@Z 000000014001a330 f i Propdlg.obj
 0001:000193f0       ?DoPrintDialog@CWinApp@@QEAA_JPEAVCPrintDialogMTL@@@Z 000000014001a3f0 f i Propdlg.obj
 0001:00019560       ?OnFilePrintSetup@CWinApp@@QEAAXXZ 000000014001a560 f i Propdlg.obj
 0001:00019670       ?_AfxCommDlgProc@CCommonDialog@@SA_KPEAUHWND__@@I_K_J@Z 000000014001a670 f i Propdlg.obj
 0001:000199c0       ??0CFileDialogMTL@@QEAA@HPEB_W0K0PEAVCWnd@@KH@Z 000000014001a9c0 f i Propdlg.obj
 0001:00019c70       ??_GCFileDialogMTL@@UEAAPEAXI@Z 000000014001ac70 f i Propdlg.obj
 0001:00019c70       ??_ECFileDialogMTL@@UEAAPEAXI@Z 000000014001ac70 f i * CIL library *:* CIL module *
 0001:00019ca0       ?OnNotify@CFileDialogMTL@@UEAAH_K_JPEA_J@Z 000000014001aca0 f i Propdlg.obj
 0001:00019e40       ?OnOK@CCommonDialog@@UEAAXXZ 000000014001ae40 f i Propdlg.obj
 0001:00019ec0       ?OnInitDone@CFileDialogMTL@@UEAAXXZ 000000014001aec0 f i Propdlg.obj
 0001:00019ee0       ??1CFileDialogMTL@@UEAA@XZ 000000014001aee0 f i Propdlg.obj
 0001:00019f70       ?Tokenize@CAfx@@SA?AVCString@WTL@@AEAV23@PEA_WAEAH@Z 000000014001af70 f i Propdlg.obj
 0001:0001a040       ?Tokenize@@YA?AVCString@WTL@@AEAV12@PEA_WAEAH@Z 000000014001b040 f i Propdlg.obj
 0001:0001a060       ?AllocCopy@CString@WTL@@IEBAHAEAV12@HHH@Z 000000014001b060 f i Propdlg.obj
 0001:0001a120       ?Mid@CString@WTL@@QEBA?AV12@HH@Z 000000014001b120 f i Propdlg.obj
 0001:0001a1a0       ?Mid@CString@WTL@@QEBA?AV12@H@Z 000000014001b1a0 f i Propdlg.obj
 0001:0001a1d0       ?_AfxAppendFilterSuffix@@YAXAEAVCString@WTL@@AEAUtagOFNW@@PEAVCDocTemplate@@PEAV12@@Z 000000014001b1d0 f i Propdlg.obj
 0001:0001a410       ?ApplyOFNToShellDialog@CFileDialogMTL@@QEAAXXZ 000000014001b410 f i Propdlg.obj
 0001:0001ab70       ??4CString@WTL@@QEAAAEAV01@AEBV01@@Z 000000014001bb70 f i Propdlg.obj
 0001:0001ac00       ?GetPathName@CFileDialogMTL@@QEAA?AVCString@WTL@@XZ 000000014001bc00 f i Propdlg.obj
 0001:0001aee0       ?UpdateOFNFromShellDialog@CFileDialogMTL@@UEAAXXZ 000000014001bee0 f i Propdlg.obj
 0001:0001b4a0       ?DoModal@CFileDialogMTL@@UEAA_JXZ 000000014001c4a0 f i Propdlg.obj
 0001:0001b680       ?DoPromptFileName@CDocManager@@QEAAHAEAVCString@WTL@@IKHPEAVCDocTemplate@@@Z 000000014001c680 f i Propdlg.obj
 0001:0001bbe0       ?_AfxFullPath2@CAfx@@SAHPEA_WPEB_WPEAVCFileException@@@Z 000000014001cbe0 f i Propdlg.obj
 0001:0001bdb0       ?AfxStringFromCLSID@CAfx@@SA?AVCString@WTL@@AEBU_GUID@@@Z 000000014001cdb0 f i Propdlg.obj
 0001:0001bea0       ?AfxStringFromCLSID@@YA?AVCString@WTL@@AEBU_GUID@@@Z 000000014001cea0 f i Propdlg.obj
 0001:0001bec0       ?AfxGetInProcServer@CAfx@@SAHPEB_WAEAVCString@WTL@@@Z 000000014001cec0 f i Propdlg.obj
 0001:0001c020       ?GetClassObject@AFX_COM@@QEAAJAEBU_GUID@@0PEAPEAX@Z 000000014001d020 f i Propdlg.obj
 0001:0001c130       ??0CString@WTL@@QEAA@PEB_W@Z 000000014001d130 f i Propdlg.obj
 0001:0001c1f0       ?AfxResolveShortcut@@YAHPEAVCWMHnd@@PEB_WPEA_WH@Z 000000014001d1f0 f i Propdlg.obj
 0001:0001c3e0       ?AfxComparePath@CAfx@@SAHPEB_W0@Z 000000014001d3e0 f i Propdlg.obj
 0001:0001c510       ?MatchDocType@CDocTemplate@@UEAA?AW4Confidence@1@PEB_WAEAPEAVCDocument@@@Z 000000014001d510 f i Propdlg.obj
 0001:0001c620       ?OpenDocumentFile@CDocManager@@QEAAPEAVCDocument@@PEB_WH@Z 000000014001d620 f i Propdlg.obj
 0001:0001c830       ?OpenDocumentFile@CWinApp@@UEAAPEAVCDocument@@PEB_W@Z 000000014001d830 f i Propdlg.obj
 0001:0001c840       ?OnFileOpen@CDocManager@@UEAAXXZ 000000014001d840 f i Propdlg.obj
 0001:0001c8c0       ?OnFileOpen@CWinApp@@UEAAXXZ 000000014001d8c0 f i Propdlg.obj
 0001:0001c8d0       ?_ProcessWindowMessage@CNewTypeDlg@@UEAAHPEAUHWND__@@I_K_JAEA_J@Z 000000014001d8d0 f i Propdlg.obj
 0001:0001c920       ?GetDocString@CDocTemplate@@UEBAHAEAVCString@WTL@@W4DocStringIndex@1@@Z 000000014001d920 f i Propdlg.obj
 0001:0001c930       ?OnInitDialog@CNewTypeDlg@@UEAAHXZ 000000014001d930 f i Propdlg.obj
 0001:0001cb50       ?OnOK@CNewTypeDlg@@UEAAXXZ 000000014001db50 f i Propdlg.obj
 0001:0001cbd0       ?WalkPreTranslateTree@CWnd@@SAHPEAUHWND__@@PEAUtagMSG@@@Z 000000014001dbd0 f i Propdlg.obj
 0001:0001ccb0       ?PreTranslateMessage@CWinApp@@UEAAHPEAUtagMSG@@@Z 000000014001dcb0 f i Propdlg.obj
 0001:0001cd70       ?PumpMessage@CWinApp@@UEAAHXZ 000000014001dd70 f i Propdlg.obj
 0001:0001cdf0       ?OnFileNew@CDocManager@@UEAAXXZ 000000014001ddf0 f i Propdlg.obj
 0001:0001cec0       ?OnFileNew@CWinApp@@UEAAXXZ 000000014001dec0 f i Propdlg.obj
 0001:0001cee0       ?GetRuntimeClass@CModalShapePropSheet@@UEBAPEAUCRuntimeClass@@XZ 000000014001dee0 f   Propsht.obj
 0001:0001cef0       ?_ProcessWindowMessage@CModalShapePropSheet@@UEAAHPEAUHWND__@@I_K_JAEA_J@Z 000000014001def0 f i Propsht.obj
 0001:0001cf50       ??0CModalShapePropSheet@@QEAA@PEAVCWnd@@@Z 000000014001df50 f   Propsht.obj
 0001:0001d050       ??_GCModalShapePropSheet@@UEAAPEAXI@Z 000000014001e050 f i Propsht.obj
 0001:0001d050       ??_ECModalShapePropSheet@@UEAAPEAXI@Z 000000014001e050 f i * CIL library *:* CIL module *
 0001:0001d0c0       ?OnInitDialog@CModalShapePropSheet@@UEAAHXZ 000000014001e0c0 f   Propsht.obj
 0001:0001d1b0       ?SetShapePropsFromSheet@CModelessShapePropSheet@@QEAAXPEAVCShape@@@Z 000000014001e1b0 f   Propsht2.obj
 0001:0001d1b0       ?SetShapePropsFromSheet@CModalShapePropSheet@@QEAAXPEAVCShape@@@Z 000000014001e1b0 f   Propsht.obj
 0001:0001d250       ?OnApplyNow@CModalShapePropSheet@@IEAAXXZ 000000014001e250 f   Propsht.obj
 0001:0001d350       ?AddPage@CPropertySheetMTL@@QEAAXPEAVCPropertyPageMTL@@@Z 000000014001e350 f i Propsht.obj
 0001:0001d4f0       ??1CPropertySheetMTL@@UEAA@XZ 000000014001e4f0 f i Propsht.obj
 0001:0001d590       ??_ECPropertySheetMTL@@UEAAPEAXI@Z 000000014001e590 f i * CIL library *:* CIL module *
 0001:0001d590       ??_GCPropertySheetMTL@@UEAAPEAXI@Z 000000014001e590 f i Propsht.obj
 0001:0001d5c0       ?PreTranslateMessage@CPropertySheetMTL@@UEAAHPEAUtagMSG@@@Z 000000014001e5c0 f i Propsht.obj
 0001:0001d710       ?OnCommand@CPropertySheetMTL@@UEAAH_K_J@Z 000000014001e710 f i Propsht.obj
 0001:0001d7c0       ?AfxPropSheetCallback@CPropertySheetMTL@@SAHPEAUHWND__@@I_J@Z 000000014001e7c0 f i Propsht.obj
 0001:0001d850       ?Create@CPropertySheetMTL@@UEAAHPEAVCWnd@@KK@Z 000000014001e850 f i Propsht.obj
 0001:0001d9b0       ?AfxThrowResourceException@@YAXXZ 000000014001e9b0 f i Propsht.obj
 0001:0001da50       ?FontEnumProc@CPropertyPageMTL@@SAHPEBUtagLOGFONTW@@PEBUtagTEXTMETRICW@@K_J@Z 000000014001ea50 f i Propsht.obj
 0001:0001da60       ?IsFontInstalled@CPropertyPageMTL@@SAHPEB_W@Z 000000014001ea60 f i Propsht.obj
 0001:0001db00       ?AfxGetPropSheetFont@CPropertyPageMTL@@SAHAEAVCString@WTL@@AEAGH@Z 000000014001eb00 f i Propsht.obj
 0001:0001dcb0       ?GetFont@CDialogTemplate@@SAHPEBUDLGTEMPLATE@@AEAVCString@WTL@@AEAG@Z 000000014001ecb0 f i Propsht.obj
 0001:0001dd70       ?GetTemplateSize@CDialogTemplate@@QEAAIPEBUDLGTEMPLATE@@@Z 000000014001ed70 f i Propsht.obj
 0001:0001def0       ?GetFontSizeField@CDialogTemplate@@SAPEAEPEBUDLGTEMPLATE@@@Z 000000014001eef0 f i Propsht.obj
 0001:0001df50       ?SetFont@CDialogTemplate@@QEAAHPEB_WG@Z 000000014001ef50 f i Propsht.obj
 0001:0001e0c0       ?_AfxChangePropPageFont@CPropertyPageMTL@@SAPEAUDLGTEMPLATE@@PEBU2@H@Z 000000014001f0c0 f i Propsht.obj
 0001:0001e310       ?PreProcessPageTemplate@CPropertyPageMTL@@QEAAXAEAU_PROPSHEETPAGEW@@H@Z 000000014001f310 f i Propsht.obj
 0001:0001e3e0       ?BuildPropPageArray@CPropertySheetMTL@@UEAAXXZ 000000014001f3e0 f i Propsht.obj
 0001:0001e540       ?ContinueModal@CPropertySheetMTL@@UEAAHXZ 000000014001f540 f i Propsht.obj
 0001:0001e580       ?DoModal@CPropertySheetMTL@@UEAA_JXZ 000000014001f580 f i Propsht.obj
 0001:0001e7a0       ??0CPropertySheetMTL@@QEAA@IPEAVCWnd@@I@Z 000000014001f7a0 f i Propsht.obj
 0001:0001e890       ?OnInitDialog@CPropertySheetMTL@@UEAAHXZ 000000014001f890 f i Propsht.obj
 0001:0001ebf0       ?HandleInitDialog@CPropertySheetMTL@@QEAA_J_K_J@Z 000000014001fbf0 f i Propsht.obj
 0001:0001ec10       ?GetActivePage@CPropertySheetMTL@@QEBAPEAVCPropertyPageMTL@@XZ 000000014001fc10 f i Propsht.obj
 0001:0001ede0       ?OnKickIdle@CPropertySheetMTL@@QEAA_J_K_J@Z 000000014001fde0 f i Propsht.obj
 0001:0001ee30       ?OnSetDefID@CPropertySheetMTL@@QEAA_J_K_J@Z 000000014001fe30 f i Propsht.obj
 0001:0001ef50       ?_ProcessWindowMessage@CPropertySheetMTL@@UEAAHPEAUHWND__@@I_K_JAEA_J@Z 000000014001ff50 f i Propsht.obj
 0001:0001f200       ?GetRuntimeClass@CModelessShapePropSheet@@UEBAPEAUCRuntimeClass@@XZ 0000000140020200 f   Propsht2.obj
 0001:0001f210       ?_ProcessWindowMessage@CModelessShapePropSheet@@UEAAHPEAUHWND__@@I_K_JAEA_J@Z 0000000140020210 f i Propsht2.obj
 0001:0001f220       ??0CModelessShapePropSheet@@QEAA@PEAVCWnd@@@Z 0000000140020220 f   Propsht2.obj
 0001:0001f2e0       ??_GCModelessShapePropSheet@@UEAAPEAXI@Z 00000001400202e0 f i Propsht2.obj
 0001:0001f2e0       ??_ECModelessShapePropSheet@@UEAAPEAXI@Z 00000001400202e0 f i * CIL library *:* CIL module *
 0001:0001f340       ?SetSheetPropsFromShape@CModelessShapePropSheet@@QEAAXPEAVCShape@@@Z 0000000140020340 f   Propsht2.obj
 0001:0001f430       ?CreateObject@CShapesDoc@@SAPEAVCObject@@XZ 0000000140020430 f   Shapedoc.obj
 0001:0001f4b0       ?GetRuntimeClass@CShapesDoc@@UEBAPEAUCRuntimeClass@@XZ 00000001400204b0 f   Shapedoc.obj
 0001:0001f4c0       ?_ProcessWindowMessage@CShapesDoc@@UEAAHPEAUHWND__@@I_K_JAEA_J@Z 00000001400204c0 f i Shapedoc.obj
 0001:0001f4d0       ??_GCShapesDoc@@UEAAPEAXI@Z 00000001400204d0 f i Shapedoc.obj
 0001:0001f4d0       ??_ECShapesDoc@@UEAAPEAXI@Z 00000001400204d0 f i * CIL library *:* CIL module *
 0001:0001f560       ?OnNewDocument@CShapesDoc@@MEAAHXZ 0000000140020560 f   Shapedoc.obj
 0001:0001f5e0       ?AddShape@CShapesDoc@@QEAAXPEAVCShape@@@Z 00000001400205e0 f   Shapedoc.obj
 0001:0001f6b0       ?Serialize@CShapesDoc@@UEAAXAEAVCArchive@@@Z 00000001400206b0 f   Shapedoc.obj
 0001:0001f6c0       ?Serialize@?$CTypedPtrList@V?$CList@PEAVCObject@@AEBQEAV1@@@PEAVCShape@@@@QEAAXAEAVCArchive@@@Z 00000001400206c0 f i Shapedoc.obj
 0001:0001f7b0       ?OnOpenDocument@CDocument@@UEAAHPEB_W@Z 00000001400207b0 f i Shapedoc.obj
 0001:0001fa50       ?OnCmdMsg@CDocument@@UEAAHIHPEAXPEAUAFX_CMDHANDLERINFO@@@Z 0000000140020a50 f i Shapedoc.obj
 0001:0001fad0       ?Read@CArchive@@QEAAIPEAXI@Z 0000000140020ad0 f i Shapedoc.obj
 0001:0001fc20       ?Load@CRuntimeClass@@SAPEAU1@AEAVCArchive@@PEAI@Z 0000000140020c20 f i Shapedoc.obj
 0001:0001fd10       ?ReadClass@CArchive@@QEAAPEAUCRuntimeClass@@PEBU2@PEAIPEAK@Z 0000000140020d10 f i Shapedoc.obj
 0001:0001ffd0       ?ReadObject@CArchive@@QEAAPEAVCObject@@PEBUCRuntimeClass@@@Z 0000000140020fd0 f i Shapedoc.obj
 0001:000201a0       ?FillBuffer@CArchive@@QEAAXI@Z 00000001400211a0 f i Shapedoc.obj
 0001:00020270       ?ReadCount@CArchive@@QEAA_KXZ 0000000140021270 f i Shapedoc.obj
 0001:00020320       ?AfxThrowNotSupportedException@@YAXXZ 0000000140021320 f i Shapedoc.obj
 0001:000203c0       ?EnsureSchemaMapExists@CArchive@@QEAAXPEAPEAV?$CArray@W4LoadArrayObjType@CArchive@@AEBW412@@@@Z 00000001400213c0 f i Shapedoc.obj
 0001:000204b0       ?InsertAt@?$CArray@W4LoadArrayObjType@CArchive@@AEBW412@@@QEAAX_JAEBW4LoadArrayObjType@CArchive@@0@Z 00000001400214b0 f i Shapedoc.obj
 0001:00020530       ?MapObject@CArchive@@QEAAXPEBVCObject@@@Z 0000000140021530 f i Shapedoc.obj
 0001:00020660       ?Write@CArchive@@QEAAXPEBXI@Z 0000000140021660 f i Shapedoc.obj
 0001:00020720       ?Store@CRuntimeClass@@QEBAXAEAVCArchive@@@Z 0000000140021720 f i Shapedoc.obj
 0001:000207c0       ?WriteClass@CArchive@@QEAAXPEBUCRuntimeClass@@@Z 00000001400217c0 f i Shapedoc.obj
 0001:000208e0       ?AfxThrowArchiveException@CArchive@@SAXHPEB_W@Z 00000001400218e0 f i Shapedoc.obj
 0001:00020970       ?FindData@?$CMapList@PEAXPEAXV?$CPair@PEAXPEAX@@$0A@@@QEAAAEAV?$CPair@PEAXPEAX@@QEAXH@Z 0000000140021970 f i Shapedoc.obj
 0001:00020a40       ?WriteObject@CArchive@@QEAAXPEBVCObject@@@Z 0000000140021a40 f i Shapedoc.obj
 0001:00020b60       ??6CArchive@@QEAAAEAV0@G@Z 0000000140021b60 f i Shapedoc.obj
 0001:00020ba0       ??6CArchive@@QEAAAEAV0@K@Z 0000000140021ba0 f i Shapedoc.obj
 0001:00020be0       ?WriteCount@CArchive@@QEAAX_K@Z 0000000140021be0 f i Shapedoc.obj
 0001:00020cd0       ?UpdateAllViews@CDocument@@QEAAXPEAVCView@@_JPEAVCObject@@@Z 0000000140021cd0 f i Shapedoc.obj
 0001:00020d30       ?AfxFormatStrings@CAfx@@SAXAEAVCString@WTL@@PEB_WPEBQEB_WH@Z 0000000140021d30 f i Shapedoc.obj
 0001:00020ec0       ?SaveModified@CDocument@@UEAAHXZ 0000000140021ec0 f i Shapedoc.obj
 0001:00021170       ?DoFileSave@CDocument@@QEAAHXZ 0000000140022170 f i Shapedoc.obj
 0001:000211c0       ?OnFileSave@CDocument@@QEAAXXZ 00000001400221c0 f i Shapedoc.obj
 0001:00021200       ?GetFile@CDocument@@QEAAPEAVCFile@@PEB_WIPEAVCFileException@@@Z 0000000140022200 f i Shapedoc.obj
 0001:000212a0       ??0CArchive@@QEAA@PEAVCFile@@IHPEAX@Z 00000001400222a0 f i Shapedoc.obj
 0001:00021380       ??1CArchive@@QEAA@XZ       0000000140022380 f i Shapedoc.obj
 0001:000213b0       ?Flush@CArchive@@QEAAXXZ   00000001400223b0 f i Shapedoc.obj
 0001:00021420       ?Abort@CFile@@UEAAXXZ      0000000140022420 f i Shapedoc.obj
 0001:00021450       ?AfxThrowInvalidArgException@@YAXXZ 0000000140022450 f i Shapedoc.obj
 0001:000214f0       ??0CTime@@QEAA@AEBU_FILETIME@@H@Z 00000001400224f0 f i Shapedoc.obj
 0001:000215c0       ?GetStatus@CFile@@QEBAHAEAUCFileStatus@@@Z 00000001400225c0 f i Shapedoc.obj
 0001:00021750       ?GetFilePath@CFile@@UEBA?AVCString@WTL@@XZ 0000000140022750 f i Shapedoc.obj
 0001:000217a0       ?GetLength@CFile@@UEBA_KXZ 00000001400227a0 f i Shapedoc.obj
 0001:000217f0       ?Open@CFile@@UEAAHPEB_WIPEAVCFileException@@@Z 00000001400227f0 f i Shapedoc.obj
 0001:000219b0       ?Read@CFile@@UEAAIPEAXI@Z  00000001400229b0 f i Shapedoc.obj
 0001:00021a00       ?Write@CFile@@UEAAXPEBXI@Z 0000000140022a00 f i Shapedoc.obj
 0001:00021af0       ?Seek@CFile@@UEAA_K_JI@Z   0000000140022af0 f i Shapedoc.obj
 0001:00021b50       ??0CFileException@@QEAA@HJPEB_W@Z 0000000140022b50 f i Shapedoc.obj
 0001:00021bd0       ?OsErrorToException@CFileException@@SAHJ@Z 0000000140022bd0 f i Shapedoc.obj
 0001:00021d80       ?ThrowOsError@CFileException@@SAXJPEB_W@Z 0000000140022d80 f i Shapedoc.obj
 0001:00021df0       ?Close@CFile@@UEAAXXZ      0000000140022df0 f i Shapedoc.obj
 0001:00021ea0       ??_GCFile@@QEAAPEAXI@Z     0000000140022ea0 f i Shapedoc.obj
 0001:00021f10       ?ReleaseFile@CDocument@@UEAAXPEAVCFile@@H@Z 0000000140022f10 f i Shapedoc.obj
 0001:00021f50       ?SetModifiedFlag@CDocument@@UEAAXH@Z 0000000140022f50 f i Shapedoc.obj
 0001:00021f60       ?OnSaveDocument@CDocument@@UEAAHPEB_W@Z 0000000140022f60 f i Shapedoc.obj
 0001:00022160       ?GetFirstViewPosition@CDocument@@UEBAPEAU__POSITION@@XZ 0000000140023160 f i Shapedoc.obj
 0001:00022170       ?GetNextView@CDocument@@UEBAPEAVCView@@AEAPEAU__POSITION@@@Z 0000000140023170 f i Shapedoc.obj
 0001:00022190       ?SetTitle@CDocument@@UEAAXPEB_W@Z 0000000140023190 f i Shapedoc.obj
 0001:000221e0       ?SetPathName@CDocument@@UEAAXPEB_WH@Z 00000001400231e0 f i Shapedoc.obj
 0001:000222b0       ?DoSave@CDocument@@UEAAHPEB_WH@Z 00000001400232b0 f i Shapedoc.obj
 0001:00022610       ?_ProcessWindowMessage@CDocument@@UEAAHPEAUHWND__@@I_K_JAEA_J@Z 0000000140023610 f i Shapedoc.obj
 0001:00022720       ?CreateObject@CShape@@SAPEAVCObject@@XZ 0000000140023720 f   Shapeobj.obj
 0001:00022760       ?GetRuntimeClass@CShape@@UEBAPEAUCRuntimeClass@@XZ 0000000140023760 f   Shapeobj.obj
 0001:00022770       ?Draw@CShape@@QEAAXPEAVCDCMTL@@H@Z 0000000140023770 f   Shapeobj.obj
 0001:000229a0       ?Serialize@CShape@@UEAAXAEAVCArchive@@@Z 00000001400239a0 f   Shapeobj.obj
 0001:00022ac0       ?SelectObject@CDCMTL@@QEAAPEAVCPenMTL@@PEAV2@@Z 0000000140023ac0 f i Shapeobj.obj
 0001:00022ac0       ?SelectObject@CDCMTL@@QEAAPEAVCBrushMTL@@PEAV2@@Z 0000000140023ac0 f i Shapeobj.obj
 0001:00022c10       ??_GCGdiObject@@UEAAPEAXI@Z 0000000140023c10 f i Shapeobj.obj
 0001:00022c10       ??_ECGdiObject@@UEAAPEAXI@Z 0000000140023c10 f i * CIL library *:* CIL module *
 0001:00022c90       ??1CGdiobj@@QEAA@XZ        0000000140023c90 f i Shapeobj.obj
 0001:00022cb0       ?classHandleFuncCGdiObject@CGdiObject@@SAPEAXPEAX0@Z 0000000140023cb0 f i Shapeobj.obj
 0001:00022d10       ?AfxClassInit@@YAXPEAUCRuntimeClass@@@Z 0000000140023d10 f i Shapeobj.obj
 0001:00022d90       ?CreateObject@CShapesView@@SAPEAVCObject@@XZ 0000000140023d90 f   Shapesvw.obj
 0001:00022df0       ?GetRuntimeClass@CShapesView@@UEBAPEAUCRuntimeClass@@XZ 0000000140023df0 f   Shapesvw.obj
 0001:00022e00       ?_ProcessWindowMessage@CShapesView@@UEAAHPEAUHWND__@@I_K_JAEA_J@Z 0000000140023e00 f i Shapesvw.obj
 0001:00023120       ??_ECView@@UEAAPEAXI@Z     0000000140024120 f i * CIL library *:* CIL module *
 0001:00023120       ??_GCView@@UEAAPEAXI@Z     0000000140024120 f i Shapesvw.obj
 0001:00023120       ??_GCShapesView@@UEAAPEAXI@Z 0000000140024120 f i Shapesvw.obj
 0001:00023120       ??_ECShapesView@@UEAAPEAXI@Z 0000000140024120 f i * CIL library *:* CIL module *
 0001:00023180       ?OnDraw@CShapesView@@UEAAXPEAVCDCMTL@@@Z 0000000140024180 f   Shapesvw.obj
 0001:00023270       ?OnPreparePrinting@CShapesView@@MEAAHPEAUCPrintInfo@@@Z 0000000140024270 f   Shapesvw.obj
 0001:00023280       ?OnLButtonDown@CShapesView@@IEAAXIVCPoint@WTL@@@Z 0000000140024280 f   Shapesvw.obj
 0001:000234a0       ?OnSimplePropertySheet@CShapesView@@IEAAXXZ 00000001400244a0 f   Shapesvw.obj
 0001:00023630       ?OnPropertySheetWithPreview@CShapesView@@IEAAXXZ 0000000140024630 f   Shapesvw.obj
 0001:000236f0       ?OnUpdatePropertySheetWithPreview@CShapesView@@IEAAXPEAVCCmdUI@@@Z 00000001400246f0 f   Shapesvw.obj
 0001:00023770       ?OnChangeObjectProps@CShapesView@@IEAA_J_K_J@Z 0000000140024770 f   Shapesvw.obj
 0001:000238f0       ?DoPreparePrinting@CView@@QEAAHPEAUCPrintInfo@@@Z 00000001400248f0 f i Shapesvw.obj
 0001:00023a90       ?_AfxPreviewCloseProc@CPrintPreviewState@@SAHPEAVCFrameWnd@@@Z 0000000140024a90 f i Shapesvw.obj
 0001:00023ab0       ??_ECDialogBar@@UEAAPEAXI@Z 0000000140024ab0 f i * CIL library *:* CIL module *
 0001:00023ab0       ??_GCDialogBar@@UEAAPEAXI@Z 0000000140024ab0 f i Shapesvw.obj
 0001:00023b00       ?OnUpdateCmdUI@CDialogBar@@UEAAXPEAVCFrameWnd@@H@Z 0000000140024b00 f i Shapesvw.obj
 0001:00023b10       ?CalcFixedLayout@CDialogBar@@UEAA?AVCSize@WTL@@HH@Z 0000000140024b10 f i Shapesvw.obj
 0001:00023b60       ?Create@CDialogBar@@UEAAHPEAVCWnd@@PEB_WII@Z 0000000140024b60 f i Shapesvw.obj
 0001:00023d20       ?Create@CDialogBar@@UEAAHPEAVCWnd@@III@Z 0000000140024d20 f i Shapesvw.obj
 0001:00023d30       ?AddView@CDocument@@QEAAXPEAVCView@@@Z 0000000140024d30 f i Shapesvw.obj
 0001:00023dd0       ?OnDestroy@CView@@QEAAXXZ  0000000140024dd0 f i Shapesvw.obj
 0001:00023e80       ?OnMouseActivate@CView@@QEAAHPEAVCWnd@@II@Z 0000000140024e80 f i Shapesvw.obj
 0001:00023f50       ?OnPaint@CView@@QEAAXXZ    0000000140024f50 f i Shapesvw.obj
 0001:00024060       ?GetSafeHdc@CDCMTL@@QEBAPEAUHDC__@@XZ 0000000140025060 f i Shapesvw.obj
 0001:00024070       ??_9CView@@$BBBI@AA        0000000140025070 f i Shapesvw.obj
 0001:00024080       ?_ProcessWindowMessage@CView@@UEAAHPEAUHWND__@@I_K_JAEA_J@Z 0000000140025080 f i Shapesvw.obj
 0001:00024270       ?OnCmdMsg@CView@@UEAAHIHPEAXPEAUAFX_CMDHANDLERINFO@@@Z 0000000140025270 f i Shapesvw.obj
 0001:000242f0       ?PreCreateWindow@CView@@UEAAHAEAUtagCREATESTRUCTW@@@Z 00000001400252f0 f i Shapesvw.obj
 0001:00024340       ?OnInitialUpdate@CView@@UEAAXXZ 0000000140025340 f i Shapesvw.obj
 0001:00024360       ?OnUpdate@CView@@UEAAXPEAV1@_JPEAVCObject@@@Z 0000000140025360 f i Shapesvw.obj
 0001:00024380       ?RemoveView@CDocument@@QEAAXPEAVCView@@@Z 0000000140025380 f i Shapesvw.obj
 0001:00024430       ??1CView@@UEAA@XZ          0000000140025430 f i Shapesvw.obj
 0001:00024470       ??1CPreviewDC@@UEAA@XZ     0000000140025470 f i Shapesvw.obj
 0001:00024500       ??_GCPreviewDC@@UEAAPEAXI@Z 0000000140025500 f i Shapesvw.obj
 0001:00024500       ??_ECPreviewDC@@UEAAPEAXI@Z 0000000140025500 f i * CIL library *:* CIL module *
 0001:00024530       ?SaveDC@CPreviewDC@@UEAAHXZ 0000000140025530 f i Shapesvw.obj
 0001:000245b0       ?SelectStockObject@CPreviewDC@@QEAAPEAVCGdiObject@@H@Z 00000001400255b0 f i Shapesvw.obj
 0001:000246f0       ?MirrorFont@CPreviewDC@@QEAAXXZ 00000001400256f0 f i Shapesvw.obj
 0001:000248f0       ?RestoreDC@CPreviewDC@@UEAAHH@Z 00000001400258f0 f i Shapesvw.obj
 0001:00024950       ??1?$CAlloc@HAEBH@@QEAA@XZ 0000000140025950 f i Shapesvw.obj
 0001:00024950       ??1?$CAlloc@_WAEB_W@@QEAA@XZ 0000000140025950 f i Shapesvw.obj
 0001:00024990       ?ComputeDeltas@CPreviewDC@@QEAA?AVCSize@WTL@@AEAHPEB_WAEAIHIPEAHHPEA_W30@Z 0000000140025990 f i Shapesvw.obj
 0001:00024c50       ?ExtTextOutW@CPreviewDC@@QEAAHHHIPEBUtagRECT@@PEB_WIPEAH@Z 0000000140025c50 f i Shapesvw.obj
 0001:00024e00       ?TextOutW@CPreviewDC@@UEAAHHHPEB_WH@Z 0000000140025e00 f i Shapesvw.obj
[...]
 0004:00003e58       $pdata$_cftoa_l            0000000140061e58     LIBCMT:cvt.obj
 0004:00003e64       $pdata$_cftoe2_l           0000000140061e64     LIBCMT:cvt.obj
 0004:00003e70       $pdata$_cftoe_l            0000000140061e70     LIBCMT:cvt.obj
 0004:00003e7c       $pdata$_cftof2_l           0000000140061e7c     LIBCMT:cvt.obj
 0004:00003e88       $pdata$_cftof_l            0000000140061e88     LIBCMT:cvt.obj
 0004:00003e94       $pdata$_cftog_l            0000000140061e94     LIBCMT:cvt.obj
 0004:00003ea0       $pdata$_cropzeros_l        0000000140061ea0     LIBCMT:cvt.obj
 0004:00003eac       $pdata$_fassign_l          0000000140061eac     LIBCMT:cvt.obj
 0004:00003eb8       $pdata$_forcdecpt_l        0000000140061eb8     LIBCMT:cvt.obj
 0004:00003ec4       $pdata$_strdup             0000000140061ec4     LIBCMT:strdup.obj
 0004:00003ed0       $pdata$_mbschr_l           0000000140061ed0     LIBCMT:mbschr.obj
 0004:00003edc       $pdata$_strnicmp_l         0000000140061edc     LIBCMT:strnicmp.obj
 0004:00003ee8       $pdata$__mtold12           0000000140061ee8     LIBCMT:mantold.obj
 0004:00003ef4       $pdata$isdigit             0000000140061ef4     LIBCMT:_ctype.obj
 0004:00003f00       $pdata$_tolower_l          0000000140061f00     LIBCMT:tolower.obj
 0004:00003f0c       $pdata$strrchr             0000000140061f0c     LIBCMT:strrchr.obj
 0004:00003f18       $pdata$_fptostr            0000000140061f18     LIBCMT:_fptostr.obj
 0004:00003f24       $pdata$__dtold             0000000140061f24     LIBCMT:cfout.obj
 0004:00003f30       $pdata$_fltout2            0000000140061f30     LIBCMT:cfout.obj
 0004:00003f3c       $pdata$strchr              0000000140061f3c     LIBCMT:strchr.obj
 0004:00003f48       $pdata$$I10_OUTPUT         0000000140061f48     LIBCMT:x10fout.obj
 0004:00003f54       $pdata$?_GetEstablisherFrame@@YAPEA_KPEA_KPEAU_xDISPATCHER_CONTEXT@@PEBU_s_FuncInfo@@0@Z 0000000140061f54     LIBCMT:trnsctrl.obj
 0004:00003f60       $pdata$?_GetRangeOfTrysToCheck@@YAPEBU_s_TryBlockMapEntry@@PEA_KPEBU_s_FuncInfo@@HHPEAI2PEAU_xDISPATCHER_CONTEXT@@@Z 0000000140061f60     LIBCMT:trnsctrl.obj
 0004:00003f6c       $pdata$?__FrameUnwindToEmptyState@@YAXPEA_KPEAU_xDISPATCHER_CONTEXT@@PEBU_s_FuncInfo@@@Z 0000000140061f6c     LIBCMT:trnsctrl.obj
 0004:00003f78       $pdata$?__SehTransFilter@@YAHPEAU_EXCEPTION_POINTERS@@PEAUEHExceptionRecord@@PEA_KPEAU_CONTEXT@@PEAU_xDISPATCHER_CONTEXT@@PEBU_s_FuncInfo@@PEAH@Z 0000000140061f78     LIBCMT:trnsctrl.obj
 0004:00003f84       $pdata$_CallSETranslator   0000000140061f84     LIBCMT:trnsctrl.obj
 0004:00003f90       $pdata$_CreateFrameInfo    0000000140061f90     LIBCMT:trnsctrl.obj
 0004:00003f9c       $pdata$_FindAndUnlinkFrame 0000000140061f9c     LIBCMT:trnsctrl.obj
 0004:00003fa8       $pdata$_GetImageBase       0000000140061fa8     LIBCMT:trnsctrl.obj
 0004:00003fb4       $pdata$_GetThrowImageBase  0000000140061fb4     LIBCMT:trnsctrl.obj
 0004:00003fc0       $pdata$_IsExceptionObjectToBeDestroyed 0000000140061fc0     LIBCMT:trnsctrl.obj
 0004:00003fcc       $pdata$_SetImageBase       0000000140061fcc     LIBCMT:trnsctrl.obj
 0004:00003fd8       $pdata$_SetThrowImageBase  0000000140061fd8     LIBCMT:trnsctrl.obj
 0004:00003fe4       $pdata$_UnwindNestedFrames 0000000140061fe4     LIBCMT:trnsctrl.obj
 0004:00003ff0       $pdata$__CxxFrameHandler3  0000000140061ff0     LIBCMT:trnsctrl.obj
 0004:00003ffc       $pdata$__DestructExceptionObject 0000000140061ffc     LIBCMT:frame.obj
 0004:00004008       $pdata$??0bad_exception@std@@QEAA@AEBV01@@Z 0000000140062008     LIBCMT:frame.obj
 0004:00004014       $pdata$??_Gbad_exception@std@@UEAAPEAXI@Z 0000000140062014     LIBCMT:frame.obj
 0004:00004020       $pdata$?CatchIt@@YAXPEAUEHExceptionRecord@@PEA_KPEAU_CONTEXT@@PEAU_xDISPATCHER_CONTEXT@@PEBU_s_FuncInfo@@PEBU_s_HandlerType@@PEBU_s_CatchableType@@PEBU_s_TryBlockMapEntry@@H1EE@Z 0000000140062020     LIBCMT:frame.obj
 0004:0000402c       $pdata$?FindHandler@@YAXPEAUEHExceptionRecord@@PEA_KPEAU_CONTEXT@@PEAU_xDISPATCHER_CONTEXT@@PEBU_s_FuncInfo@@EH1@Z 000000014006202c     LIBCMT:frame.obj
 0004:00004038       $pdata$?FindHandlerForForeignException@@YAXPEAUEHExceptionRecord@@PEA_KPEAU_CONTEXT@@PEAU_xDISPATCHER_CONTEXT@@PEBU_s_FuncInfo@@HH1@Z 0000000140062038     LIBCMT:frame.obj
 0004:00004044       $pdata$?IsInExceptionSpec@@YAEPEAUEHExceptionRecord@@PEBU_s_ESTypeList@@@Z 0000000140062044     LIBCMT:frame.obj
 0004:00004050       $pdata$__BuildCatchObject  0000000140062050     LIBCMT:frame.obj
 0004:0000405c       $pdata$__BuildCatchObjectHelper 000000014006205c     LIBCMT:frame.obj
 0004:00004068       $pdata$__CxxCallCatchBlock 0000000140062068     LIBCMT:frame.obj
 0004:00004074       $pdata$__FrameUnwindFilter 0000000140062074     LIBCMT:frame.obj
 0004:00004080       $pdata$__FrameUnwindToState 0000000140062080     LIBCMT:frame.obj
 0004:0000408c       $pdata$__InternalCxxFrameHandler 000000014006208c     LIBCMT:frame.obj
 0004:00004098       $pdata$__TypeMatch         0000000140062098     LIBCMT:frame.obj
 0004:000040a4       $pdata$?__GetCurrentState@@YAHPEA_KPEAU_xDISPATCHER_CONTEXT@@PEBU_s_FuncInfo@@@Z 00000001400620a4     LIBCMT:ehstate.obj
 0004:000040b0       $pdata$?__GetUnwindTryBlock@@YAHPEA_KPEAU_xDISPATCHER_CONTEXT@@PEBU_s_FuncInfo@@@Z 00000001400620b0     LIBCMT:ehstate.obj
 0004:000040bc       $pdata$?__SetUnwindTryBlock@@YAXPEA_KPEAU_xDISPATCHER_CONTEXT@@PEBU_s_FuncInfo@@H@Z 00000001400620bc     LIBCMT:ehstate.obj
 0004:000040c8       $pdata$?__StateFromIp@@YAHPEBU_s_FuncInfo@@PEAU_xDISPATCHER_CONTEXT@@_J@Z 00000001400620c8     LIBCMT:ehstate.obj
 0004:000040e0       $pdata$?catch$0@?0??AllocBuffer@CString@WTL@@IEAAHH@Z@4HA 00000001400620e0     Colorpge.obj
 0004:000040ec       $pdata$?dtor$0@?0???HWTL@@YA?AVCString@0@AEBV10@PEB_W@Z@4HA 00000001400620ec     Propdlg.obj
 0004:000040ec       $pdata$?dtor$0@?0???HWTL@@YA?AVCString@0@AEBV10@0@Z@4HA 00000001400620ec     Propdlg.obj
 0004:000040f8       $pdata$?dtor$1@?0??UpdatePrinterSelection@CWinApp@@QEAAXH@Z@4HA 00000001400620f8     Propdlg.obj
 0004:00004104       $pdata$?dtor$2@?0??UpdatePrinterSelection@CWinApp@@QEAAXH@Z@4HA 0000000140062104     Propdlg.obj
 0004:00004110       $pdata$?dtor$0@?0??Mid@CString@WTL@@QEBA?AV12@HH@Z@4HA 0000000140062110     Propdlg.obj
 0004:0000411c       $pdata$?catch$0@?0??OnOpenDocument@CDocument@@UEAAHPEB_W@Z@4HA 000000014006211c     Shapedoc.obj
 0004:00004128       $pdata$?catch$0@?0??ReadObject@CArchive@@QEAAPEAVCObject@@PEBUCRuntimeClass@@@Z@4HA 0000000140062128     Shapedoc.obj
 0004:00004134       $pdata$?catch$0@?0??EnsureSchemaMapExists@CArchive@@QEAAXPEAPEAV?$CArray@W4LoadArrayObjType@CArchive@@AEBW412@@@@Z@4HA 0000000140062134     Shapedoc.obj
 0004:00004140       $pdata$?catch$0@?0??OnFilePrintPreview@CView@@QEAAXXZ@4HA 0000000140062140     Shapesvw.obj
 0004:0000414c       $pdata$__tmainCRTStartup$filt$0 000000014006214c     LIBCMT:wwincrt0.obj
 0004:00004158       $pdata$_onexit$fin$0       0000000140062158     LIBCMT:onexit.obj
 0004:00004164       $pdata$?fin$0@?0???_M@YAXPEAX_KHP6AX0@Z@Z@4HA 0000000140062164     LIBCMT:ehvecdtr.obj
 0004:00004170       $pdata$?filt$0@?0??__ArrayUnwind@@YAXPEAX_KHP6AX0@Z@Z@4HA 0000000140062170     LIBCMT:ehvecdtr.obj
 0004:0000417c       $pdata$?fin$0@?0???_L@YAXPEAX_KHP6AX0@Z2@Z@4HA 000000014006217c     LIBCMT:ehvecctr.obj
 0004:00004188       $pdata$doexit$fin$0        0000000140062188     LIBCMT:crt0dat.obj
 0004:00004194       $pdata$_freefls$fin$1      0000000140062194     LIBCMT:tidtable.obj
 0004:00004194       $pdata$_initptd$fin$1      0000000140062194     LIBCMT:tidtable.obj
 0004:000041a0       $pdata$_freefls$fin$0      00000001400621a0     LIBCMT:tidtable.obj
 0004:000041a0       $pdata$_initptd$fin$0      00000001400621a0     LIBCMT:tidtable.obj
 0004:000041ac       $pdata$_ioinit$fin$0       00000001400621ac     LIBCMT:ioinit.obj
 0004:000041b8       $pdata$?fin$0@?0??_Type_info_dtor@type_info@@CAXPEAV1@@Z@4HA 00000001400621b8     LIBCMT:typname.obj
 0004:000041c4       $pdata$_mtinitlocknum$fin$0 00000001400621c4     LIBCMT:mlock.obj
 0004:000041d0       $pdata$_IsNonwritableInCurrentImage$filt$0 00000001400621d0     LIBCMT:pesect.obj
 0004:000041dc       $pdata$raise$fin$0         00000001400621dc     LIBCMT:winsig.obj
 0004:000041e8       $pdata$_setmbcp$fin$0      00000001400621e8     LIBCMT:mbctype.obj
 0004:000041e8       $pdata$__updatetmbcinfo$fin$0 00000001400621e8     LIBCMT:mbctype.obj
 0004:000041f4       $pdata$_isindst$fin$0      00000001400621f4     LIBCMT:tzset.obj
 0004:000041f4       $pdata$__tzset$fin$0       00000001400621f4     LIBCMT:tzset.obj
 0004:00004200       $pdata$_tzset_nolock$fin$0 0000000140062200     LIBCMT:tzset.obj
 0004:0000420c       $pdata$__updatetlocinfo$fin$0 000000014006220c     LIBCMT:localref.obj
 0004:0000420c       $pdata$_locterm$fin$0      000000014006220c     LIBCMT:localref.obj
 0004:00004218       $pdata$flsall$fin$0        0000000140062218     LIBCMT:fflush.obj
 0004:00004224       $pdata$flsall$fin$1        0000000140062224     LIBCMT:fflush.obj
 0004:00004230       $pdata$_fcloseall$fin$0    0000000140062230     LIBCMT:closeall.obj
 0004:0000423c       $pdata$_commit$fin$0       000000014006223c     LIBCMT:commit.obj
 0004:0000423c       $pdata$_close$fin$0        000000014006223c     LIBCMT:commit.obj
 0004:00004248       $pdata$_write$fin$0        0000000140062248     LIBCMT:write.obj
 0004:00004254       $pdata$fclose$fin$0        0000000140062254     LIBCMT:fclose.obj
 0004:00004260       $pdata$__lock_fhandle$fin$0 0000000140062260     LIBCMT:osfinfo.obj
 0004:0000426c       $pdata$_CallSETranslator$filt$0 000000014006226c     LIBCMT:trnsctrl.obj
 0004:00004278       $pdata$__CxxCallCatchBlock$filt$0 0000000140062278     LIBCMT:frame.obj
 0004:00004284       $pdata$__CxxCallCatchBlock$fin$1 0000000140062284     LIBCMT:frame.obj
 0004:00004290       $pdata$__DestructExceptionObject$filt$0 0000000140062290     LIBCMT:frame.obj
 0004:0000429c       $pdata$__FrameUnwindToState$filt$0 000000014006229c     LIBCMT:frame.obj
 0004:000042a8       $pdata$__FrameUnwindToState$fin$1 00000001400622a8     LIBCMT:frame.obj
 0004:000042b4       $pdata$??__F_AtlWinModule@ATL@@YAXXZ 00000001400622b4     Colorpge.obj
 0004:000042c0       $pdata$??__F?wndTop@CWMHnd@@2V1@B@@YAXXZ 00000001400622c0     Stdafx.obj
 0004:000042cc       $pdata$??__F?wndBottom@CWMHnd@@2V1@B@@YAXXZ 00000001400622cc     Stdafx.obj
 0004:000042d8       $pdata$??__F?wndTopMost@CWMHnd@@2V1@B@@YAXXZ 00000001400622d8     Stdafx.obj
 0004:000042e4       $pdata$??__F?wndNoTopMost@CWMHnd@@2V1@B@@YAXXZ 00000001400622e4     Stdafx.obj
 0005:000016b0       $R000000                   00000001400646b0     Propdlg.res
 0005:00001998       $R0002E8                   0000000140064998     Propdlg.res
 0005:00001ac0       $R000410                   0000000140064ac0     Propdlg.res
 0005:00001ae8       $R000438                   0000000140064ae8     Propdlg.res
 0005:00001dd0       $R000720                   0000000140064dd0     Propdlg.res
 0005:00001de8       $R000738                   0000000140064de8     Propdlg.res
 0005:00002288       $R000BD8                   0000000140065288     Propdlg.res
 0005:000023c8       $R000D18                   00000001400653c8     Propdlg.res
 0005:00002768       $R0010B8                   0000000140065768     Propdlg.res
 0005:000027d8       $R001128                   00000001400657d8     Propdlg.res
 0005:00002910       $R001260                   0000000140065910     Propdlg.res
 0005:000029e8       $R001338                   00000001400659e8     Propdlg.res
 0005:00002ac0       $R001410                   0000000140065ac0     Propdlg.res
 0005:00002d98       $R0016E8                   0000000140065d98     Propdlg.res
 0005:00002ed0       $R001820                   0000000140065ed0     Propdlg.res
 0005:00002f88       $R0018D8                   0000000140065f88     Propdlg.res
 0005:00002fb0       $R001900                   0000000140065fb0     Propdlg.res
 0005:000030e8       $R001A38                   00000001400660e8     Propdlg.res
 0005:000031a0       $R001AF0                   00000001400661a0     Propdlg.res
 0005:000031c8       $R001B18                   00000001400661c8     Propdlg.res
 0005:00003300       $R001C50                   0000000140066300     Propdlg.res
 0005:000033b8       $R001D08                   00000001400663b8     Propdlg.res
 0005:000033e0       $R001D30                   00000001400663e0     Propdlg.res
 0005:00003518       $R001E68                   0000000140066518     Propdlg.res
 0005:000035d0       $R001F20                   00000001400665d0     Propdlg.res
 0005:000035f8       $R001F48                   00000001400665f8     Propdlg.res
 0005:00003730       $R002080                   0000000140066730     Propdlg.res
 0005:000037e8       $R002138                   00000001400667e8     Propdlg.res
 0005:00003810       $R002160                   0000000140066810     Propdlg.res
 0005:00003a10       $R002360                   0000000140066a10     Propdlg.res
 0005:00003ac8       $R002418                   0000000140066ac8     Propdlg.res
 0005:00003af0       $R002440                   0000000140066af0     Propdlg.res
 0005:00003cf0       $R002640                   0000000140066cf0     Propdlg.res
 0005:00003da8       $R0026F8                   0000000140066da8     Propdlg.res
 0005:00003dd0       $R002720                   0000000140066dd0     Propdlg.res
 0005:00003fd0       $R002920                   0000000140066fd0     Propdlg.res
 0005:00004088       $R0029D8                   0000000140067088     Propdlg.res
 0005:000040b0       $R002A00                   00000001400670b0     Propdlg.res
 0005:000042b0       $R002C00                   00000001400672b0     Propdlg.res
 0005:00004368       $R002CB8                   0000000140067368     Propdlg.res
 0005:00004390       $R002CE0                   0000000140067390     Propdlg.res
 0005:000044c8       $R002E18                   00000001400674c8     Propdlg.res
 0005:00004580       $R002ED0                   0000000140067580     Propdlg.res
 0005:000045a8       $R002EF8                   00000001400675a8     Propdlg.res
 0005:000046e0       $R003030                   00000001400676e0     Propdlg.res
 0005:00004798       $R0030E8                   0000000140067798     Propdlg.res
 0005:000047c0       $R003110                   00000001400677c0     Propdlg.res
 0005:000048f8       $R003248                   00000001400678f8     Propdlg.res
 0005:00004910       $R003260                   0000000140067910     Propdlg.res
 0005:00004a48       $R003398                   0000000140067a48     Propdlg.res
 0005:00004a60       $R0033B0                   0000000140067a60     Propdlg.res
 0005:00004b98       $R0034E8                   0000000140067b98     Propdlg.res
 0005:00004bb0       $R003500                   0000000140067bb0     Propdlg.res
 0005:00004ce8       $R003638                   0000000140067ce8     Propdlg.res
 0005:00004d00       $R003650                   0000000140067d00     Propdlg.res
 0005:00004e38       $R003788                   0000000140067e38     Propdlg.res
 0005:00004e50       $R0037A0                   0000000140067e50     Propdlg.res
 0005:00004f88       $R0038D8                   0000000140067f88     Propdlg.res
 0005:00004fa0       $R0038F0                   0000000140067fa0     Propdlg.res
 0005:000050d8       $R003A28                   00000001400680d8     Propdlg.res
 0005:000050f0       $R003A40                   00000001400680f0     Propdlg.res
 0005:00005228       $R003B78                   0000000140068228     Propdlg.res
 0005:00005240       $R003B90                   0000000140068240     Propdlg.res
 0005:00005378       $R003CC8                   0000000140068378     Propdlg.res
 0005:00005390       $R003CE0                   0000000140068390     Propdlg.res
 0005:000054c8       $R003E18                   00000001400684c8     Propdlg.res
 0005:000054e0       $R003E30                   00000001400684e0     Propdlg.res
 0005:00005618       $R003F68                   0000000140068618     Propdlg.res
 0005:00005630       $R003F80                   0000000140068630     Propdlg.res
 0005:00005768       $R0040B8                   0000000140068768     Propdlg.res
 0005:00005780       $R0040D0                   0000000140068780     Propdlg.res
 0005:000058b8       $R004208                   00000001400688b8     Propdlg.res
 0005:000058d0       $R004220                   00000001400688d0     Propdlg.res
 0005:00005a08       $R004358                   0000000140068a08     Propdlg.res
 0005:00005a20       $R004370                   0000000140068a20     Propdlg.res
 0005:00005b08       $R004458                   0000000140068b08     Propdlg.res
 0005:00005b40       $R004490                   0000000140068b40     Propdlg.res
 0005:00005bf8       $R004548                   0000000140068bf8     Propdlg.res
 0005:00005d40       $R004690                   0000000140068d40     Propdlg.res
 0005:00005e78       $R0047C8                   0000000140068e78     Propdlg.res
 0005:00005f30       $R004880                   0000000140068f30     Propdlg.res
 0005:00005f58       $R0048A8                   0000000140068f58     Propdlg.res
 0005:00006100       $R004A50                   0000000140069100     Propdlg.res
 0005:00006260       $R004BB0                   0000000140069260     Propdlg.res
 0005:00006278       $R004BC8                   0000000140069278     Propdlg.res
 0005:00006380       $R004CD0                   0000000140069380     Propdlg.res
 0005:000063c8       $R004D18                   00000001400693c8     Propdlg.res
 0005:00006410       $R004D60                   0000000140069410     Propdlg.res
 0005:00006618       $R004F68                   0000000140069618     Propdlg.res
 0005:00006668       $R004FB8                   0000000140069668     Propdlg.res
 0005:00006758       $R0050A8                   0000000140069758     Propdlg.res
 0005:00006808       $R005158                   0000000140069808     Propdlg.res
 0005:000068b8       $R005208                   00000001400698b8     Propdlg.res
 0005:00006aa8       $R0053F8                   0000000140069aa8     Propdlg.res
 0005:00006d40       $R005690                   0000000140069d40     Propdlg.res
 0005:00006dc8       $R005718                   0000000140069dc8     Propdlg.res
 0005:00006fc0       $R005910                   0000000140069fc0     Propdlg.res
 0005:00007070       $R0059C0                   000000014006a070     Propdlg.res
 0005:00007278       $R005BC8                   000000014006a278     Propdlg.res
 0005:000072c0       $R005C10                   000000014006a2c0     Propdlg.res
 0005:00007348       $R005C98                   000000014006a348     Propdlg.res
 0005:00007378       $R005CC8                   000000014006a378     Propdlg.res
 0005:00007500       $R005E50                   000000014006a500     Propdlg.res
 0005:000079e8       $R006338                   000000014006a9e8     Propdlg.res
 0005:00007b88       $R0064D8                   000000014006ab88     Propdlg.res
 0005:00007e68       $R0067B8                   000000014006ae68     Propdlg.res
 0005:000080d0       $R006A20                   000000014006b0d0     Propdlg.res
 0005:00008120       $R006A70                   000000014006b120     Propdlg.res
 0005:000085c8       $R006F18                   000000014006b5c8     Propdlg.res
 0005:000087f0       $R007140                   000000014006b7f0     Propdlg.res
 0005:000088d0       $R007220                   000000014006b8d0     Propdlg.res
 0005:00008900       $R007250                   000000014006b900     Propdlg.res
 0005:00008990       $R0072E0                   000000014006b990     Propdlg.res
 0005:00008ed0       $R007820                   000000014006bed0     Propdlg.res
 0005:00008ff8       $R007948                   000000014006bff8     Propdlg.res
