 SdiVC6

 Timestamp is 590ad0b7 (Thu May 04 15:56:55 2017)

 Preferred load address is 0000000140000000

 Start         Length     Name                   Class
 0001:00000000 000000ecH .text$di                CODE
 0001:000000f0 0002f6b8H .text$mn                CODE
 0001:0002f7b0 00000efeH .text$x                 CODE
 0001:000306b0 00000234H .text$yd                CODE
 0002:00000000 00000938H .idata$5                DATA
 0002:00000938 00000008H .CRT$XCA                DATA
 0002:00000940 00000008H .CRT$XCL                DATA
 0002:00000948 00000030H .CRT$XCU                DATA
 0002:00000978 00000008H .CRT$XCZ                DATA
 0002:00000980 00000008H .CRT$XIA                DATA
 0002:00000988 00000020H .CRT$XIC                DATA
 0002:000009a8 00000008H .CRT$XIY                DATA
 0002:000009b0 00000008H .CRT$XIZ                DATA
 0002:000009b8 00000008H .CRT$XPA                DATA
 0002:000009c0 00000010H .CRT$XPX                DATA
 0002:000009d0 00000008H .CRT$XPXA               DATA
 0002:000009d8 00000008H .CRT$XPZ                DATA
 0002:000009e0 00000008H .CRT$XTA                DATA
 0002:000009e8 00000008H .CRT$XTZ                DATA
 0002:000009f0 00008b50H .rdata                  DATA
 0002:00009540 0000206cH .rdata$r                DATA
 0002:0000b5b0 00000008H .rtc$IAA                DATA
 0002:0000b5b8 00000008H .rtc$IZZ                DATA
 0002:0000b5c0 00000008H .rtc$TAA                DATA
 0002:0000b5c8 00000008H .rtc$TZZ                DATA
 0002:0000b5d0 00004a88H .xdata                  DATA
 0002:00010058 0000025cH .xdata$x                DATA
 0002:000102b8 00000000H ATL$__a                 DATA
 0002:000102b8 00000000H ATL$__z                 DATA
 0002:000102b8 00000000H .edata                  DATA
 0002:000102b8 000000b4H .idata$2                DATA
 0002:0001036c 00000014H .idata$3                DATA
 0002:00010380 00000938H .idata$4                DATA
 0002:00010cb8 000013bcH .idata$6                DATA
 0003:00000000 00001890H .data                   DATA
 0003:00001890 00000ac8H .data$r                 DATA
 0003:00002360 00002910H .bss                    DATA
 0004:00000000 000032c4H .pdata                  DATA
 0005:00000000 00000ee0H .rsrc$01                DATA
 0005:00000ee0 00004620H .rsrc$02                DATA

  Address         Publics by Value              Rva+Base               Lib:Object

 0000:00000000       ___safe_se_handler_table   0000000000000000     <absolute>
 0000:00000000       __guard_fids_count         0000000000000000     <absolute>
 0000:00000000       __guard_fids_table         0000000000000000     <absolute>
 0000:00000000       __guard_flags              0000000000000000     <absolute>
 0000:00000000       ___safe_se_handler_count   0000000000000000     <absolute>
 0000:00000000       __ImageBase                0000000140000000     <linker-defined>
 0001:000000f0       ?CreateObject@CMainFrame@@SAPEAVCObject@@XZ 00000001400010f0 f   MainFrm.obj
 0001:00000180       ?GetRuntimeClass@CMainFrame@@UEBAPEAUCRuntimeClass@@XZ 0000000140001180 f   MainFrm.obj
 0001:00000190       ?_ProcessWindowMessage@CMainFrame@@UEAAHPEAUHWND__@@I_K_JAEA_J@Z 0000000140001190 f i MainFrm.obj
 0001:000001d0       ??_GCMainFrame@@UEAAPEAXI@Z 00000001400011d0 f i MainFrm.obj
 0001:000001d0       ??_ECMainFrame@@UEAAPEAXI@Z 00000001400011d0 f i * CIL library *:* CIL module *
 0001:00000240       ?OnCreate@CMainFrame@@IEAAHPEAUtagCREATESTRUCTA@@@Z 0000000140001240 f   MainFrm.obj
 0001:000003b0       ?PreCreateWindow@CFrameWnd@@UEAAHAEAUtagCREATESTRUCTA@@@Z 00000001400013b0 f   MainFrm.obj
 0001:000003b0       ?PreCreateWindow@CMainFrame@@UEAAHAEAUtagCREATESTRUCTA@@@Z 00000001400013b0 f   MainFrm.obj
 0001:00000400       ?OnSizeParent@CDockBar@@QEAA_J_K_J@Z 0000000140001400 f i MainFrm.obj
 0001:00000490       ?_ProcessWindowMessage@CDockBar@@UEAAHPEAUHWND__@@I_K_JAEA_J@Z 0000000140001490 f i MainFrm.obj
 0001:000005b0       ??_ECDockBar@@UEAAPEAXI@Z  00000001400015b0 f i * CIL library *:* CIL module *
 0001:000005b0       ??_GCDockBar@@UEAAPEAXI@Z  00000001400015b0 f i MainFrm.obj
 0001:000005e0       ??1CDockBar@@UEAA@XZ       00000001400015e0 f i MainFrm.obj
 0001:00000690       ?OnEndPrinting@CView@@UEAAXPEAVCDCMTL@@PEAUCPrintInfo@@@Z 0000000140001690 f i SdiVC6View.obj
 0001:00000690       ?PostNcDestroy@CWMHnd@@UEAAXXZ 0000000140001690 f i MainFrm.obj
 0001:00000690       ?OnActivateFrame@CView@@UEAAXIPEAVCFrameWnd@@@Z 0000000140001690 f i SdiVC6View.obj
 0001:00000690       ?SetText@CToolCmdUI@@UEAAXPEBD@Z 0000000140001690 f i MainFrm.obj
 0001:00000690       ?OnShowMenuBar@CFrameWnd@@UEAAXXZ 0000000140001690 f i MainFrm.obj
 0001:00000690       ?SetCheck@CTestCmdUI@@UEAAXH@Z 0000000140001690 f i MainFrm.obj
 0001:00000690       ?DoDataExchange@CWMHnd@@UEAAXPEAVCDataExchange@@@Z 0000000140001690 f i MainFrm.obj
 0001:00000690       ?OnHideMenuBar@CFrameWnd@@UEAAXXZ 0000000140001690 f i MainFrm.obj
 0001:00000690       ?OnDraw@CSdiVC6View@@UEAAXPEAVCDCMTL@@@Z 0000000140001690 f i SdiVC6View.obj
 0001:00000690       ?Serialize@CSdiVC6Doc@@UEAAXAEAVCArchive@@@Z 0000000140001690 f i SdiVC6Doc.obj
 0001:00000690       ?OnBarStyleChange@CControlBar@@UEAAXKK@Z 0000000140001690 f i MainFrm.obj
 0001:00000690       ?RegisterShellFileTypes@CDocManager@@UEAAXH@Z 0000000140001690 f i SdiVC6.obj
 0001:00000690       ?SetText@CTestCmdUI@@UEAAXPEBD@Z 0000000140001690 f i MainFrm.obj
 0001:00000690       ?OnLBSelChangedNotify@CFileDialogMTL@@UEAAXIII@Z 0000000140001690 f i SdiVC6.obj
 0001:00000690       ?OnTypeChange@CFileDialogMTL@@UEAAXXZ 0000000140001690 f i SdiVC6.obj
 0001:00000690       ?OnDraw@CView@@UEAAXPEAVCDCMTL@@@Z 0000000140001690 f i SdiVC6View.obj
 0001:00000690       ?OnBeginPrinting@CView@@UEAAXPEAVCDCMTL@@PEAUCPrintInfo@@@Z 0000000140001690 f i SdiVC6View.obj
 0001:00000690       ?OnFolderChange@CFileDialogMTL@@UEAAXXZ 0000000140001690 f i SdiVC6.obj
 0001:00000690       ?PreCloseFrame@CDocument@@UEAAXPEAVCFrameWnd@@@Z 0000000140001690 f i SdiVC6Doc.obj
 0001:00000690       ?Serialize@CObject@@UEAAXAEAVCArchive@@@Z 0000000140001690 f i MainFrm.obj
 0001:00000690       ?DeleteContents@CDocument@@UEAAXXZ 0000000140001690 f i SdiVC6Doc.obj
 0001:00000690       ?DoDataExchange@CAboutDlg@@MEAAXPEAVCDataExchange@@@Z 0000000140001690 f i SdiVC6.obj
 0001:00000690       ?OnFileNameChange@CFileDialogMTL@@UEAAXXZ 0000000140001690 f i SdiVC6.obj
 0001:00000690       ?OnDocumentEvent@CDocument@@UEAAXW4DocumentEvent@1@@Z 0000000140001690 f i SdiVC6Doc.obj
 0001:00000690       ?OnUpdateCmdUI@CDockBar@@UEAAXPEAVCFrameWnd@@H@Z 0000000140001690 f i MainFrm.obj
 0001:00000690       ?SetRadio@CTestCmdUI@@UEAAXH@Z 0000000140001690 f i MainFrm.obj
 0001:000006a0       ?CalcFixedLayout@CDockBar@@UEAA?AVCSize@WTL@@HH@Z 00000001400016a0 f i MainFrm.obj
 0001:00000d70       ??1?$CArray@HAEBH@@QEAA@XZ 0000000140001d70 f i MainFrm.obj
 0001:00000d70       ??1?$CArray@PEAXAEBQEAX@@QEAA@XZ 0000000140001d70 f i MainFrm.obj
 0001:00000db0       ??0CDockBar@@QEAA@H@Z      0000000140001db0 f i MainFrm.obj
 0001:00000e60       ?EnableDocking@CFrameWnd@@QEAAXK@Z 0000000140001e60 f i MainFrm.obj
 0001:00000f30       ??0CDockContext@@QEAA@PEAVCControlBar@@@Z 0000000140001f30 f i MainFrm.obj
 0001:00001020       ?AllocElements@CStatusBar@@QEAAHHH@Z 0000000140002020 f i MainFrm.obj
 0001:00001100       ?SetIndicators@CStatusBar@@QEAAHPEBIH@Z 0000000140002100 f i MainFrm.obj
 0001:00001350       ?SetButtons@CToolBar@@QEAAHPEBIH@Z 0000000140002350 f i MainFrm.obj
 0001:000014d0       ?AfxLoadSysColorBitmap@@YAPEAUHBITMAP__@@PEAUHINSTANCE__@@PEAUHRSRC__@@H@Z 00000001400024d0 f i MainFrm.obj
 0001:00001780       ?AddReplaceBitmap@CToolBar@@QEAAHPEAUHBITMAP__@@@Z 0000000140002780 f i MainFrm.obj
 0001:00001870       ?LoadBitmapA@CToolBar@@QEAAHPEBD@Z 0000000140002870 f i MainFrm.obj
 0001:00001900       ?LoadToolBar@CToolBar@@QEAAHPEBD@Z 0000000140002900 f i MainFrm.obj
 0001:00001a60       ?OnPaint@CToolBar@@QEAAXXZ 0000000140002a60 f i MainFrm.obj
 0001:00001af0       ?OnSetBitmapSize@CToolBar@@QEAA_J_K_J@Z 0000000140002af0 f i MainFrm.obj
 0001:00001b00       ?OnSetSizeHelper@CToolBar@@QEAA_JAEAVCSize@WTL@@_J@Z 0000000140002b00 f i MainFrm.obj
 0001:00001c30       ?OnSetButtonSize@CToolBar@@QEAA_J_K_J@Z 0000000140002c30 f i MainFrm.obj
 0001:00001c40       ?OnPreserveSizingPolicyHelper@CToolBar@@QEAA_J_K_J@Z 0000000140002c40 f i MainFrm.obj
 0001:00001e10       ?OnPreserveZeroBorderHelper@CToolBar@@QEAA_J_K_J@Z 0000000140002e10 f i MainFrm.obj
 0001:00001f20       ?_ProcessWindowMessage@CToolBar@@UEAAHPEAUHWND__@@I_K_JAEA_J@Z 0000000140002f20 f i MainFrm.obj
 0001:00002200       ??_ECToolBar@@UEAAPEAXI@Z  0000000140003200 f i * CIL library *:* CIL module *
 0001:00002200       ??_ECStatusBar@@UEAAPEAXI@Z 0000000140003200 f i * CIL library *:* CIL module *
 0001:00002200       ??_GCToolBar@@UEAAPEAXI@Z  0000000140003200 f i MainFrm.obj
 0001:00002200       ??_GCControlBar@@UEAAPEAXI@Z 0000000140003200 f i MainFrm.obj
 0001:00002200       ??_ECControlBar@@UEAAPEAXI@Z 0000000140003200 f i * CIL library *:* CIL module *
 0001:00002200       ??_GCStatusBar@@UEAAPEAXI@Z 0000000140003200 f i MainFrm.obj
 0001:00002230       ?OnToolHitTest@CToolBar@@UEBA_JVCPoint@WTL@@PEAUtagTOOLINFOA@@@Z 0000000140003230 f i MainFrm.obj
 0001:00002360       ?OnBarStyleChange@CToolBar@@UEAAXKK@Z 0000000140003360 f i MainFrm.obj
 0001:000023b0       ?Enable@CToolCmdUI@@UEAAXH@Z 00000001400033b0 f i MainFrm.obj
 0001:00002430       ?SetButtonStyle@CToolBar@@QEAAXHI@Z 0000000140003430 f i MainFrm.obj
 0001:000024b0       ?SetCheck@CToolCmdUI@@UEAAXH@Z 00000001400034b0 f i MainFrm.obj
 0001:00002540       ?OnUpdateCmdUI@CToolBar@@UEAAXPEAVCFrameWnd@@H@Z 0000000140003540 f i MainFrm.obj
 0001:000026d0       ?WrapToolBar@CToolBar@@QEAAHPEAU_TBBUTTON@@HH@Z 00000001400036d0 f i MainFrm.obj
 0001:000027f0       ?SizeToolBar@CToolBar@@QEAAXPEAU_TBBUTTON@@HHH@Z 00000001400037f0 f i MainFrm.obj
 0001:000029c0       ?CalcSize@CToolBar@@QEAA?AVCSize@WTL@@PEAU_TBBUTTON@@H@Z 00000001400039c0 f i MainFrm.obj
 0001:00002b20       ?_SetButton@CToolBar@@QEAAXHPEAU_TBBUTTON@@@Z 0000000140003b20 f i MainFrm.obj
 0001:00002d10       ?CalcDynamicLayout@CToolBar@@UEAA?AVCSize@WTL@@HK@Z 0000000140003d10 f i MainFrm.obj
 0001:00002d70       ?CalcLayout@CToolBar@@QEAA?AVCSize@WTL@@KH@Z 0000000140003d70 f i MainFrm.obj
 0001:000033d0       ?CalcFixedLayout@CToolBar@@UEAA?AVCSize@WTL@@HH@Z 00000001400043d0 f i MainFrm.obj
 0001:00003410       ?Create@CToolBar@@UEAAHPEAVCWnd@@KI@Z 0000000140004410 f i MainFrm.obj
 0001:00003460       ?_AfxGetDropDownWidth@CToolBar@@SAHXZ 0000000140004460 f i MainFrm.obj
 0001:00003560       ?SetSizes@CToolBar@@QEAAXUtagSIZE@@0@Z 0000000140004560 f i MainFrm.obj
 0001:00003600       ?CreateEx@CToolBar@@UEAAHPEAVCWnd@@KKVCRect@WTL@@I@Z 0000000140004600 f i MainFrm.obj
 0001:00003740       ??0CToolBar@@QEAA@XZ       0000000140004740 f i MainFrm.obj
 0001:000037d0       ??1CStatusBar@@UEAA@XZ     00000001400047d0 f i MainFrm.obj
 0001:000037e0       ??0_AUX_DATA@@QEAA@XZ      00000001400047e0 f i MainFrm.obj
 0001:000038f0       ??0CControlBar@@QEAA@XZ    00000001400048f0 f i MainFrm.obj
 0001:000039b0       ?OnGetText@CStatusBar@@QEAAHHPEAD@Z 00000001400049b0 f i MainFrm.obj
 0001:00003a40       ?OnNcCalcSize@CStatusBar@@QEAAXHPEAUtagNCCALCSIZE_PARAMS@@@Z 0000000140004a40 f i MainFrm.obj
 0001:00003b00       ??_GCWindowDCMTL@@UEAAPEAXI@Z 0000000140004b00 f i MainFrm.obj
 0001:00003b00       ??_ECWindowDCMTL@@UEAAPEAXI@Z 0000000140004b00 f i * CIL library *:* CIL module *
 0001:00003b30       ??1CWindowDCMTL@@UEAA@XZ   0000000140004b30 f i MainFrm.obj
 0001:00003bb0       ?DrawBorders@CControlBar@@QEAAXPEAVCDCMTL@@AEAVCRect@WTL@@@Z 0000000140004bb0 f i MainFrm.obj
 0001:00003fc0       ?FillSolidRect@?$CDCT@$00@WTL@@QEAAXHHHHK@Z 0000000140004fc0 f i MainFrm.obj
 0001:00004050       ?Draw3dRect@?$CDCT@$00@WTL@@QEAAXHHHHKK@Z 0000000140005050 f i MainFrm.obj
 0001:00004240       ?DrawNonThemedGripper@CControlBar@@QEAAHPEAVCDCMTL@@AEBVCRect@WTL@@@Z 0000000140005240 f i MainFrm.obj
 0001:00004300       ?EraseNonClient@CControlBar@@QEAAXXZ 0000000140005300 f i MainFrm.obj
 0001:00004540       ?OnSetText@CStatusBar@@QEAAHPEBD@Z 0000000140005540 f i MainFrm.obj
 0001:00004640       ?OnSetMinHeight@CStatusBar@@QEAA_J_K_J@Z 0000000140005640 f i MainFrm.obj
 0001:00004680       ?_ProcessWindowMessage@CStatusBar@@UEAAHPEAUHWND__@@I_K_JAEA_J@Z 0000000140005680 f i MainFrm.obj
 0001:000048a0       ?OnCreate@CControlBar@@QEAAHPEAUtagCREATESTRUCTA@@@Z 00000001400058a0 f i MainFrm.obj
 0001:00004980       ?OnDestroy@CControlBar@@QEAAXXZ 0000000140005980 f i MainFrm.obj
 0001:00004a00       ?OnLButtonDown@CControlBar@@QEAAXIVCPoint@WTL@@@Z 0000000140005a00 f i MainFrm.obj
 0001:00004a80       ?ReDockControlBar@CDockBar@@QEAAXPEAVCControlBar@@PEBUtagRECT@@@Z 0000000140005a80 f i MainFrm.obj
 0001:00004e50       ?ReDockControlBar@CFrameWnd@@QEAAXPEAVCControlBar@@PEAVCDockBar@@PEBUtagRECT@@@Z 0000000140005e50 f i MainFrm.obj
 0001:00004f80       ?ToggleDocking@CDockContext@@QEAAXXZ 0000000140005f80 f i MainFrm.obj
 0001:000050f0       ?OnTimer@CControlBar@@QEAAX_K@Z 00000001400060f0 f i MainFrm.obj
 0001:000052f0       ?RecalcDelayShow@CControlBar@@QEAAKPEAUAFX_SIZEPARENTPARAMS@@@Z 00000001400062f0 f i MainFrm.obj
 0001:000053c0       ?OnSizeParent@CControlBar@@QEAA_J_K_J@Z 00000001400063c0 f i MainFrm.obj
 0001:00005540       ?OnIdleUpdateCmdUI@CControlBar@@QEAA_J_K_J@Z 0000000140006540 f i MainFrm.obj
 0001:00005650       ?OnInitialUpdate@CControlBar@@QEAAXXZ 0000000140006650 f i MainFrm.obj
 0001:00005660       ?_ProcessWindowMessage@CControlBar@@UEAAHPEAUHWND__@@I_K_JAEA_J@Z 0000000140006660 f i MainFrm.obj
 0001:000057e0       ?WindowProc@CControlBar@@UEAA_JI_K_J@Z 00000001400067e0 f i MainFrm.obj
 0001:00005930       ?RemoveControlBar@CFrameWnd@@QEAAXPEAVCControlBar@@@Z 0000000140006930 f i MainFrm.obj
 0001:000059b0       ??_GCDockContext@@UEAAPEAXI@Z 00000001400069b0 f i MainFrm.obj
 0001:000059b0       ??_ECDockContext@@UEAAPEAXI@Z 00000001400069b0 f i * CIL library *:* CIL module *
 0001:00005a10       ?StartDrag@CDockContext@@UEAAXVCPoint@WTL@@@Z 0000000140006a10 f i MainFrm.obj
 0001:00005ef0       ?FromHandle@?$CHandleList@PEAUHDC__@@VCDCMTL@@PEAUHWND__@@@@QEAAPEAVCDCMTL@@QEAUHDC__@@PEAV2@QEAUHWND__@@Q6APEAXPEAX3@Z@Z 0000000140006ef0 f i MainFrm.obj
 0001:00005fd0       ??_ECDCMTL@@UEAAPEAXI@Z    0000000140006fd0 f i * CIL library *:* CIL module *
 0001:00005fd0       ??_GCDCMTL@@UEAAPEAXI@Z    0000000140006fd0 f i MainFrm.obj
 0001:00006050       ?classHandleFuncCDCMTL@CDCMTL@@SAPEAXPEAX0@Z 0000000140007050 f i MainFrm.obj
 0001:000060d0       ?InitLoop@CDockContext@@QEAAXXZ 00000001400070d0 f i MainFrm.obj
 0001:000061f0       ?SetCapture@CWnd@@QEAAPEAV1@XZ 00000001400071f0 f i MainFrm.obj
 0001:00006370       ?GetCapture@CWnd@@SAPEAV1@XZ 0000000140007370 f i MainFrm.obj
 0001:000064f0       ?DockControlBar@CFrameWnd@@QEAAXPEAVCControlBar@@PEAVCDockBar@@PEBUtagRECT@@@Z 00000001400074f0 f i MainFrm.obj
 0001:000065c0       ?EndDrag@CDockContext@@QEAAXXZ 00000001400075c0 f i MainFrm.obj
 0001:00006750       ?CreateEx@CMiniFrameWnd@@UEAAHKPEBD0KAEBUtagRECT@@PEAVCWnd@@I@Z 0000000140007750 f i MainFrm.obj
 0001:00006860       ?Create@CDockBar@@QEAAHPEAVCWnd@@KI@Z 0000000140007860 f i MainFrm.obj
 0001:00006930       ?Create@CMiniDockFrameWnd@@QEAAHPEAVCWnd@@K@Z 0000000140007930 f i MainFrm.obj
 0001:00006b90       ?GetDlgItem@CWnd@@QEAAPEAV1@H@Z 0000000140007b90 f i MainFrm.obj
 0001:00006d10       ?GetParentOwner@CWnd@@QEAAPEAV1@XZ 0000000140007d10 f i MainFrm.obj
 0001:00006ef0       ?Create@CToolTipCtrlMTL@@QEAAHPEAVCWnd@@K@Z 0000000140007ef0 f i MainFrm.obj
 0001:00006f90       ??_GCToolTipCtrlMTL@@UEAAPEAXI@Z 0000000140007f90 f i MainFrm.obj
 0001:00006f90       ??_ECToolTipCtrlMTL@@UEAAPEAXI@Z 0000000140007f90 f i * CIL library *:* CIL module *
 0001:00006fe0       ?GetForegroundWindow@CWnd@@SAPEAV1@XZ 0000000140007fe0 f i MainFrm.obj
 0001:00007160       ?GetLastActivePopup@CWnd@@QEAAPEAV1@XZ 0000000140008160 f i MainFrm.obj
 0001:000072e0       ?_AfxRelayToolTipMessage@CWnd@@SAXPEAVCToolTipCtrlMTL@@PEAUtagMSG@@@Z 00000001400082e0 f i MainFrm.obj
 0001:00007390       ?CancelToolTips@CWnd@@QEAAXH@Z 0000000140008390 f i MainFrm.obj
 0001:00007410       ?FilterToolTipMessage@CWnd@@QEAAXPEAUtagMSG@@@Z 0000000140008410 f i MainFrm.obj
 0001:00007bd0       ?_FilterToolTipMessage@CWnd@@SAXPEAUtagMSG@@PEAV1@@Z 0000000140008bd0 f i MainFrm.obj
 0001:00007be0       ?_EnableToolTips@CWnd@@QEAAHHI@Z 0000000140008be0 f i MainFrm.obj
 0001:00007d30       ?ScreenToClient@CWMHnd@@QEBAXPEAUtagRECT@@@Z 0000000140008d30 f i MainFrm.obj
 0001:00007d90       ?InsertAt@?$CArray@PEAXAEBQEAX@@QEAAX_JAEBQEAX0@Z 0000000140008d90 f i MainFrm.obj
 0001:00007e20       ?Insert@CDockBar@@QEAAHPEAVCControlBar@@VCRect@WTL@@VCPoint@4@@Z 0000000140008e20 f i MainFrm.obj
 0001:00008190       ?SetSize@?$CArray@PEAXAEBQEAX@@QEAAX_J0@Z 0000000140009190 f i MainFrm.obj
 0001:000082e0       ?SetParent@CWnd@@QEAAPEAV1@PEAV1@@Z 00000001400092e0 f i MainFrm.obj
 0001:00008470       ?DockControlBar@CDockBar@@QEAAXPEAVCControlBar@@PEBUtagRECT@@@Z 0000000140009470 f i MainFrm.obj
 0001:00008890       ?FloatControlBar@CFrameWnd@@QEAAXPEAVCControlBar@@VCPoint@WTL@@K@Z 0000000140009890 f i MainFrm.obj
 0001:00008a70       ?Move@CDockContext@@QEAAXVCPoint@WTL@@@Z 0000000140009a70 f i MainFrm.obj
 0001:00008b30       ?Stretch@CDockContext@@QEAAXVCPoint@WTL@@@Z 0000000140009b30 f i MainFrm.obj
 0001:00008cf0       ?IsDockBar@CDockBar@@UEBAHXZ 0000000140009cf0 f i MainFrm.obj
 0001:00008cf0       ?OnPreparePrinting@CView@@UEAAHPEAUCPrintInfo@@@Z 0000000140009cf0 f i SdiVC6View.obj
 0001:00008cf0       ?InitInstance@CWinApp@@UEAAHXZ 0000000140009cf0 f i SdiVC6.obj
 0001:00008cf0       ?IsFrameWnd@CFrameWnd@@UEAAHXZ 0000000140009cf0 f i MainFrm.obj
 0001:00008d00       ?CanDock@CFrameWnd@@QEAAKVCRect@WTL@@KPEAPEAVCDockBar@@@Z 0000000140009d00 f i MainFrm.obj
 0001:00008e10       ?CanDock@CDockContext@@QEAAKXZ 0000000140009e10 f i MainFrm.obj
 0001:00009130       ?OnKey@CDockContext@@QEAAXHH@Z 000000014000a130 f i MainFrm.obj
 0001:000091f0       ??_GCRgnMTL@@UEAAPEAXI@Z   000000014000a1f0 f i MainFrm.obj
 0001:000091f0       ??_GCBrushMTL@@UEAAPEAXI@Z 000000014000a1f0 f i MainFrm.obj
 0001:000091f0       ??_ECBrushMTL@@UEAAPEAXI@Z 000000014000a1f0 f i * CIL library *:* CIL module *
 0001:000091f0       ??_ECRgnMTL@@UEAAPEAXI@Z   000000014000a1f0 f i * CIL library *:* CIL module *
 0001:00009280       ??1?$CRgnT@$00@WTL@@QEAA@XZ 000000014000a280 f i MainFrm.obj
 0001:00009280       ??1?$CBrushT@$00@WTL@@QEAA@XZ 000000014000a280 f i MainFrm.obj
 0001:000092b0       ?classHandleFuncCBrushMTL@CBrushMTL@@SAPEAXPEAX0@Z 000000014000a2b0 f i MainFrm.obj
 0001:00009310       ?GetHalftoneBrush@CDCMTL@@SAPEAVCBrushMTL@@XZ 000000014000a310 f i MainFrm.obj
 0001:000093c0       ??1CRgnMTL@@UEAA@XZ        000000014000a3c0 f i MainFrm.obj
 0001:00009430       ?FromHandle@?$CHandleList@PEAXVCGdiObject@@PEAUHWND__@@@@QEAAPEAVCGdiObject@@QEAXPEAV2@QEAUHWND__@@Q6APEAXPEAX3@Z@Z 000000014000a430 f i MainFrm.obj
 0001:00009500       ??_GCGdiObject@@UEAAPEAXI@Z 000000014000a500 f i MainFrm.obj
 0001:00009500       ??_ECGdiObject@@UEAAPEAXI@Z 000000014000a500 f i * CIL library *:* CIL module *
 0001:00009580       ??1CGdiobj@@QEAA@XZ        000000014000a580 f i MainFrm.obj
 0001:000095a0       ?RemoveHandle@?$CHandleList@PEAUHMENU__@@VCMenuMTL@@PEAUHWND__@@@@QEAAPEAUHMENU__@@QEAU2@@Z 000000014000a5a0 f i MainFrm.obj
 0001:000095a0       ?RemoveHandle@?$CHandleList@PEAXVCGdiObject@@PEAUHWND__@@@@QEAAPEAXQEAX@Z 000000014000a5a0 f i MainFrm.obj
 0001:000095a0       ?RemoveHandle@?$CHandleList@PEAUHDC__@@VCDCMTL@@PEAUHWND__@@@@QEAAPEAUHDC__@@QEAU2@@Z 000000014000a5a0 f i MainFrm.obj
 0001:00009620       ?classHandleFuncCGdiObject@CGdiObject@@SAPEAXPEAX0@Z 000000014000a620 f i MainFrm.obj
 0001:00009680       ?SelectObject@CDCMTL@@QEAAPEAVCBrushMTL@@PEAV2@@Z 000000014000a680 f i MainFrm.obj
 0001:00009710       ?DrawDragRect@CDCMTL@@QEAAXPEBUtagRECT@@UtagSIZE@@01PEAVCBrushMTL@@2@Z 000000014000a710 f i MainFrm.obj
 0001:00009b60       ?DrawFocusRect@CDockContext@@QEAAXH@Z 000000014000ab60 f i MainFrm.obj
 0001:00009cf0       ?GetDesktopWindow@CWnd@@SAPEAV1@XZ 000000014000acf0 f i MainFrm.obj
 0001:00009e70       ?CancelLoop@CDockContext@@QEAAXXZ 000000014000ae70 f i MainFrm.obj
 0001:00009ef0       ?Track@CDockContext@@QEAAHXZ 000000014000aef0 f i MainFrm.obj
 0001:0000a080       ?StartResize@CDockContext@@UEAAXHVCPoint@WTL@@@Z 000000014000b080 f i MainFrm.obj
 0001:0000a230       ?RemoveAt@?$CArray@PEAXAEBQEAX@@QEAAX_J0@Z 000000014000b230 f i MainFrm.obj
 0001:0000a270       ?RemovePlaceHolder@CDockBar@@QEAAXPEAVCControlBar@@@Z 000000014000b270 f i MainFrm.obj
 0001:0000a350       ?RemoveControlBar@CDockBar@@QEAAHPEAVCControlBar@@HH@Z 000000014000b350 f i MainFrm.obj
 0001:0000a590       ??1CControlBar@@UEAA@XZ    000000014000b590 f i MainFrm.obj
 0001:0000a640       ?PostNcDestroy@CControlBar@@UEAAXXZ 000000014000b640 f i MainFrm.obj
 0001:0000a660       ?PreTranslateMessage@CControlBar@@UEAAHPEAUtagMSG@@@Z 000000014000b660 f i MainFrm.obj
 0001:0000a940       ?PreCreateWindow@CControlBar@@UEAAHAEAUtagCREATESTRUCTA@@@Z 000000014000b940 f i MainFrm.obj
 0001:0000a9f0       ?PreCreateWindow@CStatusBar@@UEAAHAEAUtagCREATESTRUCTA@@@Z 000000014000b9f0 f i MainFrm.obj
 0001:0000aa20       ?OnBarStyleChange@CStatusBar@@UEAAXKK@Z 000000014000ba20 f i MainFrm.obj
 0001:0000aa60       ?Enable@CStatusCmdUI@@UEAAXH@Z 000000014000ba60 f i MainFrm.obj
 0001:0000aaa0       ?SetSize@?$CArray@HAEBH@@QEAAX_J0@Z 000000014000baa0 f i MainFrm.obj
 0001:0000abf0       ?UpdateAllPanes@CStatusBar@@QEAAXHH@Z 000000014000bbf0 f i MainFrm.obj
 0001:0000af90       ?SetPaneStyle@CStatusBar@@QEAAXHI@Z 000000014000bf90 f i MainFrm.obj
 0001:0000b0a0       ?SetCheck@CStatusCmdUI@@UEAAXH@Z 000000014000c0a0 f i MainFrm.obj
 0001:0000b0d0       ?SetPaneText@CStatusBar@@QEAAHHPEBDH@Z 000000014000c0d0 f i MainFrm.obj
 0001:0000b1b0       ?SetText@CStatusCmdUI@@UEAAXPEBD@Z 000000014000c1b0 f i MainFrm.obj
 0001:0000b1d0       ?UpdateDialogControls@CWnd@@QEAAXPEAVCCmdTarget@@H@Z 000000014000c1d0 f i MainFrm.obj
 0001:0000b4d0       ?OnUpdateCmdUI@CStatusBar@@UEAAXPEAVCFrameWnd@@H@Z 000000014000c4d0 f i MainFrm.obj
 0001:0000b610       ?CalcFixedLayout@CControlBar@@UEAA?AVCSize@WTL@@HH@Z 000000014000c610 f i MainFrm.obj
 0001:0000b650       ?CalcDynamicLayout@CControlBar@@UEAA?AVCSize@WTL@@HK@Z 000000014000c650 f i MainFrm.obj
 0001:0000b680       ??_ECClientDCMTL@@UEAAPEAXI@Z 000000014000c680 f i * CIL library *:* CIL module *
 0001:0000b680       ??_GCClientDCMTL@@UEAAPEAXI@Z 000000014000c680 f i MainFrm.obj
 0001:0000b6b0       ??1CClientDCMTL@@UEAA@XZ   000000014000c6b0 f i MainFrm.obj
 0001:0000b730       ?CalcInsideRect@CControlBar@@QEBAXAEAVCRect@WTL@@H@Z 000000014000c730 f i MainFrm.obj
 0001:0000b7f0       ?CalcFixedLayout@CStatusBar@@UEAA?AVCSize@WTL@@HH@Z 000000014000c7f0 f i MainFrm.obj
 0001:0000ba00       ?ResetTimer@CControlBar@@QEAAX_KI@Z 000000014000ca00 f i MainFrm.obj
 0001:0000ba60       ?SetStatusText@CControlBar@@UEAAH_J@Z 000000014000ca60 f i MainFrm.obj
 0001:0000bb80       ?Create@CStatusBar@@UEAAHPEAVCWnd@@KI@Z 000000014000cb80 f i MainFrm.obj
 0001:0000bba0       ?CreateEx@CStatusBar@@UEAAHPEAVCWnd@@KKI@Z 000000014000cba0 f i MainFrm.obj
 0001:0000bc90       ?OnCmdMsg@CFrameWnd@@UEAAHIHPEAXPEAUAFX_CMDHANDLERINFO@@@Z 000000014000cc90 f i MainFrm.obj
 0001:0000bd40       ??_ECFrameWnd@@UEAAPEAXI@Z 000000014000cd40 f i * CIL library *:* CIL module *
 0001:0000bd40       ??_GCFrameWnd@@UEAAPEAXI@Z 000000014000cd40 f i MainFrm.obj
 0001:0000bd70       ?PreTranslateMessage@CFrameWnd@@UEAAHPEAUtagMSG@@@Z 000000014000cd70 f i MainFrm.obj
 0001:0000bdf0       ?AfxIsDescendant@CFrameWnd@@SAHPEAUHWND__@@0@Z 000000014000cdf0 f i MainFrm.obj
 0001:0000bef0       ?ShowOwnedWindows@CFrameWnd@@QEAAXH@Z 000000014000cef0 f i MainFrm.obj
 0001:0000c130       ?OnSetPreviewMode@CFrameWnd@@UEAAXHPEAUCPrintPreviewState@@@Z 000000014000d130 f i MainFrm.obj
 0001:0000c3f0       ?GetActiveFrame@CFrameWnd@@UEAAPEAV1@XZ 000000014000d3f0 f i MainFrm.obj
 0001:0000c400       ?GetDefaultAccelerator@CFrameWnd@@UEAAPEAUHACCEL__@@XZ 000000014000d400 f i MainFrm.obj
 0001:0000c440       ?AfxRegisterWndClass@CAfx@@SAPEBDIPEAUHICON__@@PEAUHBRUSH__@@0@Z 000000014000d440 f i MainFrm.obj
 0001:0000c5d0       ?GetIconWndClass@CFrameWnd@@QEAAPEBDKI@Z 000000014000d5d0 f i MainFrm.obj
 0001:0000c690       ?RemoveFrameWnd@CFrameWnd@@QEAAXXZ 000000014000d690 f i MainFrm.obj
 0001:0000c710       ??1CFrameWnd@@UEAA@XZ      000000014000d710 f i MainFrm.obj
 0001:0000c7a0       ?PostNcDestroy@CView@@UEAAXXZ 000000014000d7a0 f i SdiVC6View.obj
 0001:0000c7a0       ?PostNcDestroy@CFrameWnd@@UEAAXXZ 000000014000d7a0 f i MainFrm.obj
 0001:0000c7c0       ?Create@CFrameWnd@@UEAAHPEBD0KAEBUtagRECT@@PEAVCWnd@@0KPEAUCCreateContext@@@Z 000000014000d7c0 f i MainFrm.obj
 0001:0000c900       ?LoadFrame@CFrameWnd@@UEAAHIKPEAVCWnd@@PEAUCCreateContext@@@Z 000000014000d900 f i MainFrm.obj
 0001:0000cae0       ?AddFrameWnd@CFrameWnd@@QEAAXXZ 000000014000dae0 f i MainFrm.obj
 0001:0000cb70       ??0CFrameWnd@@QEAA@XZ      000000014000db70 f i MainFrm.obj
 0001:0000cc60       ?CanCloseFrame@CDocument@@QEAAHPEAVCFrameWnd@@@Z 000000014000dc60 f i MainFrm.obj
 0001:0000cd10       ?SendMessageToDescendants@CWnd@@QEAAXPEAUHWND__@@I_K_JHH@Z 000000014000dd10 f i MainFrm.obj
 0001:0000cef0       ?SaveAllModified@CDocManager@@QEAAHXZ 000000014000def0 f i MainFrm.obj
 0001:0000cf80       ?CloseAllDocuments@CDocTemplate@@QEAAXH@Z 000000014000df80 f i MainFrm.obj
 0001:0000d090       ??1?$CList@PEAUHWND__@@PEAU1@@@QEAA@XZ 000000014000e090 f i MainFrm.obj
 0001:0000d090       ??1?$CList@PEAXPEAX@@QEAA@XZ 000000014000e090 f i MainFrm.obj
 0001:0000d090       ??1?$CList@PEAUCRuntimeClass@@AEBQEAU1@@@QEAA@XZ 000000014000e090 f i MainFrm.obj
 0001:0000d090       ??1?$CList@PEAVCFrameWnd@@AEBQEAV1@@@QEAA@XZ 000000014000e090 f i SdiVC6.obj
 0001:0000d0c0       ??1CDocument@@QEAA@XZ      000000014000e0c0 f i MainFrm.obj
 0001:0000d1b0       ?OnCloseDocument@CDocument@@QEAAXXZ 000000014000e1b0 f i MainFrm.obj
 0001:0000d290       ?OnClose@CFrameWnd@@QEAAXXZ 000000014000e290 f i MainFrm.obj
 0001:0000d460       ?CreateView@CFrameWnd@@QEAAPEAVCWnd@@PEAUCCreateContext@@I@Z 000000014000e460 f i MainFrm.obj
 0001:0000d570       ?OnCreateClient@CFrameWnd@@UEAAHPEAUtagCREATESTRUCTA@@PEAUCCreateContext@@@Z 000000014000e570 f i MainFrm.obj
 0001:0000d5a0       ?OnCreateHelper@CFrameWnd@@QEAAHPEAUtagCREATESTRUCTA@@PEAUCCreateContext@@@Z 000000014000e5a0 f i MainFrm.obj
 0001:0000d640       ?DestroyWindow@CControlBar@@UEAAHXZ 000000014000e640 f i MainFrm.obj
 0001:0000d6b0       ?DestroyDockBars@CFrameWnd@@QEAAXXZ 000000014000e6b0 f i MainFrm.obj
 0001:0000d9f0       ?OnDestroy@CFrameWnd@@QEAAXXZ 000000014000e9f0 f i MainFrm.obj
 0001:0000da80       ?SetActiveWindow@CWnd@@QEAAPEAV1@XZ 000000014000ea80 f i MainFrm.obj
 0001:0000dc00       ?ActivateFrame@CFrameWnd@@UEAAXH@Z 000000014000ec00 f i MainFrm.obj
 0001:0000dcb0       ?LoadStringA@CString@WTL@@QEAAHI@Z 000000014000ecb0 f i MainFrm.obj
 0001:0000ddf0       ?OnDropFiles@CFrameWnd@@QEAAXPEAUHDROP__@@@Z 000000014000edf0 f i MainFrm.obj
 0001:0000de80       ?GetOwner@CWnd@@QEAAPEAV1@XZ 000000014000ee80 f i MainFrm.obj
 0001:0000e010       ?GetTopLevelParent@CWnd@@QEAAPEAV1@XZ 000000014000f010 f i MainFrm.obj
 0001:0000e250       ?OnIdle@CCmdUI@@QEAAHPEAVCCmdTarget@@H@Z 000000014000f250 f i MainFrm.obj
 0001:0000e310       ?OnInitMenuPopup@CFrameWnd@@QEAAXPEAVCMenuMTL@@IH@Z 000000014000f310 f i MainFrm.obj
 0001:0000e5a0       ?GetTopLevelFrame@CWnd@@QEAAPEAVCFrameWnd@@XZ 000000014000f5a0 f i MainFrm.obj
 0001:0000e670       ?SetMenuBarState@CFrameWnd@@QEAAHK@Z 000000014000f670 f i MainFrm.obj
 0001:0000e6d0       ?OnMenuSelect@CFrameWnd@@QEAAXIIPEAUHMENU__@@@Z 000000014000f6d0 f i MainFrm.obj
 0001:0000e880       ?OnSize@CFrameWnd@@QEAAXIHH@Z 000000014000f880 f i MainFrm.obj
 0001:0000e8d0       ?OnPopMessageString@CFrameWnd@@QEAA_J_K_J@Z 000000014000f8d0 f i MainFrm.obj
 0001:0000e8f0       ?GetDescendantWindow@CWnd@@QEAAPEAV1@PEAUHWND__@@HH@Z 000000014000f8f0 f i MainFrm.obj
 0001:0000eb20       ?OnSetMessageString@CFrameWnd@@QEAA_J_K_J@Z 000000014000fb20 f i MainFrm.obj
 0001:0000eca0       ?OnUpdateFrameMenu@CFrameWnd@@UEAAXPEAUHMENU__@@@Z 000000014000fca0 f i MainFrm.obj
 0001:0000ecd0       ?UpdateFrameTitleForDocument@CFrameWnd@@QEAAXPEBD@Z 000000014000fcd0 f i MainFrm.obj
 0001:0000f2f0       ?OnUpdateFrameTitle@CFrameWnd@@UEAAXH@Z 00000001400102f0 f i MainFrm.obj
 0001:0000f360       ?OnIdleUpdateCmdUI@CFrameWnd@@QEAAXXZ 0000000140010360 f i MainFrm.obj
 0001:0000f400       ?OnUpdateControlBarMenu@CFrameWnd@@QEAAXPEAVCCmdUI@@@Z 0000000140010400 f i MainFrm.obj
 0001:0000f450       ?GetControlBar@CFrameWnd@@QEAAPEAVCControlBar@@I@Z 0000000140010450 f i MainFrm.obj
 0001:0000f4c0       ?GetParentFrame@CWnd@@QEAAPEAVCFrameWnd@@XZ 00000001400104c0 f i MainFrm.obj
 0001:0000f520       ?GetDockingFrame@CControlBar@@QEAAPEAVCFrameWnd@@XZ 0000000140010520 f i MainFrm.obj
 0001:0000f590       ?_ProcessWindowMessage@CCmdTarget@@UEAAHPEAUHWND__@@I_K_JAEA_J@Z 0000000140010590 f i MainFrm.obj
 0001:0000f590       ?GetScrollBarCtrl@CWMHnd@@UEBAPEAVCScrollBarMTL@@H@Z 0000000140010590 f i MainFrm.obj
 0001:0000f590       ?GetDefaultAccelerator@CDocument@@UEAAPEAUHACCEL__@@XZ 0000000140010590 f i SdiVC6Doc.obj
 0001:0000f590       ?PreTranslateMessage@CWMHnd@@UEAAHPEAUtagMSG@@@Z 0000000140010590 f i MainFrm.obj
 0001:0000f590       ?IsFrameWnd@CWMHnd@@UEAAHXZ 0000000140010590 f i MainFrm.obj
 0001:0000f590       ?OnShareViolation@CFileDialogMTL@@UEAAIPEBD@Z 0000000140010590 f i SdiVC6.obj
 0001:0000f590       ?OnScroll@CView@@UEAAHIIH@Z 0000000140010590 f i SdiVC6View.obj
 0001:0000f590       ?OnScrollBy@CView@@UEAAHVCSize@WTL@@H@Z 0000000140010590 f i SdiVC6View.obj
 0001:0000f590       ?OnFileNameOK@CFileDialogMTL@@UEAAHXZ 0000000140010590 f i SdiVC6.obj
 0001:0000f590       ?IsDockBar@CControlBar@@UEBAHXZ 0000000140010590 f i MainFrm.obj
 0001:0000f5a0       ?IsVisible@CControlBar@@UEBAHXZ 00000001400105a0 f i MainFrm.obj
 0001:0000f5e0       ?GetDockedVisibleCount@CDockBar@@UEBAHXZ 00000001400105e0 f i MainFrm.obj
 0001:0000f660       ?AfxRepositionWindow@CAfx@@SAXPEAUAFX_SIZEPARENTPARAMS@@PEAUHWND__@@PEBUtagRECT@@@Z 0000000140010660 f i MainFrm.obj
 0001:0000f760       ?RepositionBars@CWnd@@QEAAXIIIIPEAUtagRECT@@PEBU2@H@Z 0000000140010760 f i MainFrm.obj
 0001:0000fa80       ?RecalcLayout@CFrameWnd@@UEAAXH@Z 0000000140010a80 f i MainFrm.obj
 0001:0000fbb0       ?ShowControlBar@CFrameWnd@@QEAAXPEAVCControlBar@@HH@Z 0000000140010bb0 f i MainFrm.obj
 0001:0000fdf0       ?OnBarCheck@CFrameWnd@@QEAAHI@Z 0000000140010df0 f i MainFrm.obj
 0001:0000fe40       ?_AtlGetStringResourceImage@CAfx@@SAPEBUATLSTRINGRESOURCEIMAGE@ATL@@PEAUHINSTANCE__@@PEAUHRSRC__@@I@Z 0000000140010e40 f i MainFrm.obj
 0001:0000fee0       ?AfxLoadString@CAfx@@SAHIPEADI@Z 0000000140010ee0 f i MainFrm.obj
 0001:0000ff90       ?AssignCopy@CString@WTL@@IEAAXHPEBD@Z 0000000140010f90 f i MainFrm.obj
 0001:00010070       ?Empty@CString@WTL@@QEAAXXZ 0000000140011070 f i MainFrm.obj
 0001:000100f0       ?GetBuffer@CString@WTL@@QEAAPEADH@Z 00000001400110f0 f i MainFrm.obj
 0001:000101c0       ?CopyBeforeWrite@CString@WTL@@IEAAXXZ 00000001400111c0 f i MainFrm.obj
 0001:00010270       ?AfxExtractSubString@CAfx@@SAHAEAVCString@WTL@@PEBDHD@Z 0000000140011270 f i MainFrm.obj
 0001:00010370       ?OnToolTipText@CFrameWnd@@QEAAHIPEAUtagNMHDR@@PEA_J@Z 0000000140011370 f i MainFrm.obj
 0001:00010640       ?OnUpdateKeyIndicator@CFrameWnd@@QEAAXPEAVCCmdUI@@@Z 0000000140011640 f i MainFrm.obj
 0001:000106b0       ?SetAttribDC@CDCMTL@@UEAAXPEAUHDC__@@@Z 00000001400116b0 f i MainFrm.obj
 0001:000106c0       ?ReleaseAttribDC@CDCMTL@@UEAAXXZ 00000001400116c0 f i MainFrm.obj
 0001:000106d0       ?SaveDC@CDCMTL@@UEAAHXZ    00000001400116d0 f i MainFrm.obj
 0001:00010720       ?RestoreDC@CDCMTL@@UEAAHH@Z 0000000140011720 f i MainFrm.obj
 0001:00010780       ?TextOutA@CDCMTL@@UEAAHHHPEBDH@Z 0000000140011780 f i MainFrm.obj
 0001:00010790       ??1?$CDCT@$00@WTL@@QEAA@XZ 0000000140011790 f i MainFrm.obj
 0001:000107b0       ??1CDCMTL@@UEAA@XZ         00000001400117b0 f i MainFrm.obj
 0001:00010820       ??_ECWnd@@UEAAPEAXI@Z      0000000140011820 f i * CIL library *:* CIL module *
 0001:00010820       ??_GCWnd@@UEAAPEAXI@Z      0000000140011820 f i MainFrm.obj
 0001:00010820       ??_GCDialog@@UEAAPEAXI@Z   0000000140011820 f i SdiVC6.obj
 0001:00010820       ??_ECAboutDlg@@UEAAPEAXI@Z 0000000140011820 f i * CIL library *:* CIL module *
 0001:00010820       ??_ECDialog@@UEAAPEAXI@Z   0000000140011820 f i * CIL library *:* CIL module *
 0001:00010820       ??_GCAboutDlg@@UEAAPEAXI@Z 0000000140011820 f i SdiVC6.obj
 0001:00010850       ?WindowProc@CWnd@@UEAA_JI_K_J@Z 0000000140011850 f i MainFrm.obj
 0001:000108c0       ?PreTranslateMessage@CWnd@@UEAAHPEAUtagMSG@@@Z 00000001400118c0 f i MainFrm.obj
 0001:00010900       ?_AfxTopChildWindowFromPoint@CWnd@@SAPEAUHWND__@@PEAU2@UtagPOINT@@@Z 0000000140011900 f i MainFrm.obj
 0001:000109f0       ?OnToolHitTest@CWnd@@UEBA_JVCPoint@WTL@@PEAUtagTOOLINFOA@@@Z 00000001400119f0 f i MainFrm.obj
 0001:00010aa0       ?FromHandlePermanent@CWnd@@SAPEAV1@PEAUHWND__@@@Z 0000000140011aa0 f i MainFrm.obj
 0001:00010b10       ?GetParent@CWnd@@QEAAPEAV1@XZ 0000000140011b10 f i MainFrm.obj
 0001:00010c90       ?Enable@CCmdUI@@UEAAXH@Z   0000000140011c90 f i MainFrm.obj
 0001:00010d40       ?SetCheck@CCmdUI@@UEAAXH@Z 0000000140011d40 f i MainFrm.obj
 0001:00010dd0       ?SetRadio@CCmdUI@@UEAAXH@Z 0000000140011dd0 f i MainFrm.obj
 0001:00010e30       ?AfxSetWindowText@CAfx@@SAXPEAUHWND__@@PEBD@Z 0000000140011e30 f i MainFrm.obj
 0001:00010ec0       ?SetText@CCmdUI@@UEAAXPEBD@Z 0000000140011ec0 f i MainFrm.obj
 0001:00010f40       ?Enable@CTestCmdUI@@UEAAXH@Z 0000000140011f40 f i MainFrm.obj
 0001:00010f50       ?OnCommand@CWnd@@UEAAH_K_J@Z 0000000140011f50 f i MainFrm.obj
 0001:00011080       ?OnWndMsg@CWnd@@UEAAHI_K_JPEA_J@Z 0000000140012080 f i MainFrm.obj
 0001:00011120       ?ReflectChildNotify@CWnd@@QEAAHI_K_JPEA_J@Z 0000000140012120 f i MainFrm.obj
 0001:00011260       ?OnChildNotify@CWnd@@UEAAHI_K_JPEA_J@Z 0000000140012260 f i MainFrm.obj
 0001:00011270       ?OnNotify@CWnd@@UEAAH_K_JPEA_J@Z 0000000140012270 f i MainFrm.obj
 0001:00011350       ?Create@CWnd@@UEAAHPEBD0KAEBUtagRECT@@PEAV1@IPEAUCCreateContext@@@Z 0000000140012350 f i MainFrm.obj
 0001:00011410       ?AtlWinModuleExtractCreateWndData@ATL@@YAPEAXPEAU_ATL_WIN_MODULE70@1@@Z 0000000140012410 f i MainFrm.obj
 0001:00011490       ?AtlWinModuleTerm@ATL@@YAJPEAU_ATL_WIN_MODULE70@1@PEAUHINSTANCE__@@@Z 0000000140012490 f i MainFrm.obj
 0001:00011570       ?_AtlInitializeCriticalSectionEx@ATL@@YAHPEAU_RTL_CRITICAL_SECTION@@KK@Z 0000000140012570 f i MainFrm.obj
 0001:00011580       ??0CAtlWinModule@ATL@@QEAA@XZ 0000000140012580 f i MainFrm.obj
 0001:00011620       ?Init@CDynamicStdCallThunk@ATL@@QEAAH_KPEAX@Z 0000000140012620 f i MainFrm.obj
 0001:000116b0       ?AfxWindowProc@CWMHnd@@SA_JPEAUHWND__@@I_K_J@Z 00000001400126b0 f i MainFrm.obj
 0001:00011710       ?FromHandle@?$CHandleHashList@PEAUHWND__@@VCWMHnd@@PEAU1@$0BB@@@QEAAPEAVCWMHnd@@QEAUHWND__@@PEAV2@0Q6APEAXPEAX2@Z@Z 0000000140012710 f i MainFrm.obj
 0001:00011850       ??_GCWMHnd@@UEAAPEAXI@Z    0000000140012850 f i MainFrm.obj
 0001:00011850       ??_ECWMHnd@@UEAAPEAXI@Z    0000000140012850 f i * CIL library *:* CIL module *
 0001:000118d0       ?classHandleFuncCWMHnd@CWMHnd@@SAPEAXPEAX0@Z 00000001400128d0 f i MainFrm.obj
 0001:00011950       ?SubclassWindow@CWMHnd@@QEAAHPEAUHWND__@@PEAUtagCREATESTRUCTA@@@Z 0000000140012950 f i MainFrm.obj
 0001:00011a00       ?CbtFilterHook@CWnd@@SA_JH_K_J@Z 0000000140012a00 f i MainFrm.obj
 0001:00011aa0       ?HookWindowCreate@CWnd@@SAHPEAV1@G@Z 0000000140012aa0 f i MainFrm.obj
 0001:00011b50       ?CreateEx@CWnd@@UEAAHKPEBD0KHHHHPEAUHWND__@@PEAUHMENU__@@PEAX@Z 0000000140012b50 f i MainFrm.obj
 0001:00011cd0       ??0CString@WTL@@QEAA@XZ    0000000140012cd0 f i MainFrm.obj
 0001:00011ce0       ??1CStringW@@QEAA@XZ       0000000140012ce0 f i SdiVC6.obj
 0001:00011ce0       ??1CString@WTL@@QEAA@XZ    0000000140012ce0 f i MainFrm.obj
 0001:00011d10       ??1CModuleState@@QEAA@XZ   0000000140012d10 f i MainFrm.obj
 0001:00011d90       ?AfxGetModuleState@@YAPEAVCModuleState@@XZ 0000000140012d90 f i MainFrm.obj
 0001:00011e00       ?AllocBuffer@CString@WTL@@IEAAHH@Z 0000000140012e00 f i MainFrm.obj
 0001:00011e90       ?ConcatCopy@CString@WTL@@IEAAHHPEBDH0@Z 0000000140012e90 f i MainFrm.obj
 0001:00011f40       ?AtlThrowImpl@ATL@@YAXJ@Z  0000000140012f40 f i MainFrm.obj
 0001:00011f60       ?memcpy_x@SecureHelper@WTL@@YAXPEAX_KPEBX1@Z 0000000140012f60 f i MainFrm.obj
 0001:00011fb0       ?ConcatInPlace@CString@WTL@@IEAAXHPEBD@Z 0000000140012fb0 f i MainFrm.obj
 0001:000120a0       ?AfxEndDeferRegisterClass@CAfx@@SAHJ@Z 00000001400130a0 f i MainFrm.obj
 0001:00012630       ?PreCreateWindow@CWnd@@UEAAHAEAUtagCREATESTRUCTA@@@Z 0000000140013630 f i MainFrm.obj
 0001:00012680       ?ContinueModal@CWnd@@UEAAHXZ 0000000140013680 f i MainFrm.obj
 0001:00012690       ?EndModalLoop@CWnd@@UEAAXH@Z 0000000140013690 f i MainFrm.obj
 0001:000126c0       ?OnCmdMsg@CCmdTarget@@UEAAHIHPEAXPEAUAFX_CMDHANDLERINFO@@@Z 00000001400136c0 f i MainFrm.obj
 0001:00012810       ?WindowProc@CWMHnd@@UEAA_JI_K_J@Z 0000000140013810 f i MainFrm.obj
 0001:00012820       ?CalcWindowRect@CWMHnd@@UEAAXPEAUtagRECT@@I@Z 0000000140013820 f i MainFrm.obj
 0001:00012890       ?EnableWindow@CWMHnd@@UEAAXH@Z 0000000140013890 f i MainFrm.obj
 0001:000128b0       ?FromHandle@?$CHandleList@PEAUHMENU__@@VCMenuMTL@@PEAUHWND__@@@@QEAAPEAVCMenuMTL@@QEAUHMENU__@@PEAV2@QEAUHWND__@@Q6APEAXPEAX3@Z@Z 00000001400138b0 f i MainFrm.obj
 0001:00012990       ??_ECMenuMTL@@UEAAPEAXI@Z  0000000140013990 f i * CIL library *:* CIL module *
 0001:00012990       ??_GCMenuMTL@@UEAAPEAXI@Z  0000000140013990 f i MainFrm.obj
 0001:00012a20       ??1?$CMenuT@$00@WTL@@QEAA@XZ 0000000140013a20 f i MainFrm.obj
 0001:00012a50       ??1CMenuMTL@@UEAA@XZ       0000000140013a50 f i MainFrm.obj
 0001:00012ac0       ?classHandleFuncCMenuMTL@CMenuMTL@@SAPEAXPEAX0@Z 0000000140013ac0 f i MainFrm.obj
 0001:00012b20       ?GetMenu@CWMHnd@@UEBAPEAVCMenuMTL@@XZ 0000000140013b20 f i MainFrm.obj
 0001:00012b60       ?SetMenu@CWMHnd@@UEAAHPEAVCMenuMTL@@@Z 0000000140013b60 f i MainFrm.obj
 0001:00012b80       ?GetCurrentMessage@CCmdTarget@@UEBAPEBU_ATL_MSG@ATL@@XZ 0000000140013b80 f i MainFrm.obj
 0001:00012b90       ?DefWindowProcA@CWMHnd@@UEAA_JI_K_J@Z 0000000140013b90 f i MainFrm.obj
 0001:00012bc0       ?OnCancel@CCommonDialog@@UEAAXXZ 0000000140013bc0 f i SdiVC6.obj
 0001:00012bc0       ?OnInitDialog@CWMHnd@@UEAAHXZ 0000000140013bc0 f i MainFrm.obj
 0001:00012bf0       ??1CWndProcThunk@ATL@@QEAA@XZ 0000000140013bf0 f i MainFrm.obj
 0001:00012c00       ?DestroyWindow@CWnd@@UEAAHXZ 0000000140013c00 f i MainFrm.obj
 0001:00012c00       ?DestroyWindow@CWMHnd@@UEAAHXZ 0000000140013c00 f i MainFrm.obj
 0001:00012c20       ??1CWnd@@UEAA@XZ           0000000140013c20 f i MainFrm.obj
 0001:00012cf0       ?classHandleFuncCWnd@CWnd@@SAPEAXPEAX0@Z 0000000140013cf0 f i MainFrm.obj
 0001:00012d80       ?RemoveHandle@?$CHandleHashList@PEAUHWND__@@VCWMHnd@@PEAU1@$0BB@@@QEAAPEAUHWND__@@QEAU2@@Z 0000000140013d80 f i MainFrm.obj
 0001:00012e40       ?RemoveOwner@?$CHandleHashList@PEAUHWND__@@VCWMHnd@@PEAU1@$0BB@@@QEAAHQEAUHWND__@@@Z 0000000140013e40 f i MainFrm.obj
 0001:00012f00       ?RemoveOwner@?$CHandleList@PEAUHMENU__@@VCMenuMTL@@PEAUHWND__@@@@QEAAHQEAUHWND__@@@Z 0000000140013f00 f i MainFrm.obj
 0001:00012f00       ?RemoveOwner@?$CHandleList@PEAXXPEAUHWND__@@@@QEAAHQEAUHWND__@@@Z 0000000140013f00 f i MainFrm.obj
 0001:00012f00       ?RemoveOwner@?$CHandleList@PEAXVCGdiObject@@PEAUHWND__@@@@QEAAHQEAUHWND__@@@Z 0000000140013f00 f i MainFrm.obj
 0001:00012f00       ?RemoveOwner@?$CHandleList@PEAUHDC__@@VCDCMTL@@PEAUHWND__@@@@QEAAHQEAUHWND__@@@Z 0000000140013f00 f i MainFrm.obj
 0001:00012f90       ?RemoveHandleWnd@CModuleThreadState@@QEAAPEAUHWND__@@PEAU2@@Z 0000000140013f90 f i MainFrm.obj
 0001:00013030       ?UnsubclassWindow@CWMHnd@@QEAAPEAUHWND__@@XZ 0000000140014030 f i MainFrm.obj
 0001:000130b0       ?OnNcDestroy@CWnd@@QEAAXXZ 00000001400140b0 f i MainFrm.obj
 0001:00013190       ?_ProcessWindowMessage@CWnd@@UEAAHPEAUHWND__@@I_K_JAEA_J@Z 0000000140014190 f i MainFrm.obj
 0001:000134b0       ?_ProcessWindowMessage@CFrameWnd@@UEAAHPEAUHWND__@@I_K_JAEA_J@Z 00000001400144b0 f i MainFrm.obj
 0001:00013d10       ?_ProcessWindowMessage@CSdiVC6App@@UEAAHPEAUHWND__@@I_K_JAEA_J@Z 0000000140014d10 f i SdiVC6.obj
 0001:00013df0       ?InitInstance@CSdiVC6App@@UEAAHXZ 0000000140014df0 f   SdiVC6.obj
 0001:00013fa0       ??1CAboutDlg@@UEAA@XZ      0000000140014fa0 f i SdiVC6.obj
 0001:00013fa0       ??1CCommonDialog@@UEAA@XZ  0000000140014fa0 f i SdiVC6.obj
 0001:00013fb0       ?_ProcessWindowMessage@CCommonDialog@@UEAAHPEAUHWND__@@I_K_JAEA_J@Z 0000000140014fb0 f i SdiVC6.obj
 0001:00013fb0       ?_ProcessWindowMessage@CAboutDlg@@UEAAHPEAUHWND__@@I_K_JAEA_J@Z 0000000140014fb0 f i SdiVC6.obj
 0001:00013fc0       ?OnAppAbout@CSdiVC6App@@QEAAXXZ 0000000140014fc0 f   SdiVC6.obj
 0001:00014040       ??HWTL@@YA?AVCString@0@AEBV10@PEBD@Z 0000000140015040 f i SdiVC6.obj
 0001:000140c0       ?AfxDelRegTreeHelper@CAfx@@SAJPEAUHKEY__@@AEBVCString@WTL@@PEAVCAtlTransactionManager@ATL@@@Z 00000001400150c0 f i SdiVC6.obj
 0001:00014320       ?Unregister@CWinApp@@QEAAHXZ 0000000140015320 f i SdiVC6.obj
 0001:00014580       ?ProcessShellCommand@CWinApp@@QEAAHAEAVCCommandLineInfo@@@Z 0000000140015580 f i SdiVC6.obj
 0001:00014730       ?ParseParam@CCommandLineInfo@@UEAAXPEBDHH@Z 0000000140015730 f i SdiVC6.obj
 0001:00014800       ?GetFirstDocTemplatePosition@CDocManager@@UEBAPEAU__POSITION@@XZ 0000000140015800 f i SdiVC6.obj
 0001:00014810       ?GetNextDocTemplate@CDocManager@@UEBAPEAVCDocTemplate@@AEAPEAU__POSITION@@@Z 0000000140015810 f i SdiVC6.obj
 0001:00014820       ?AddDocTemplate@CWinApp@@QEAAXPEAVCDocTemplate@@@Z 0000000140015820 f i SdiVC6.obj
 0001:000148e0       ??0CDocTemplate@@QEAA@IPEAUCRuntimeClass@@00@Z 00000001400158e0 f i SdiVC6.obj
 0001:00014970       ?AddDocument@CSingleDocTemplate@@UEAAXPEAVCDocument@@@Z 0000000140015970 f i SdiVC6.obj
 0001:00014980       ?GetFirstDocPosition@CSingleDocTemplate@@UEBAPEAU__POSITION@@XZ 0000000140015980 f i SdiVC6.obj
 0001:00014990       ?GetNextDoc@CSingleDocTemplate@@UEBAPEAVCDocument@@AEAPEAU__POSITION@@@Z 0000000140015990 f i SdiVC6.obj
 0001:000149b0       ?LoadTemplate@CDocTemplate@@UEAAXXZ 00000001400159b0 f i SdiVC6.obj
 0001:000149d0       ?CreateNewDocument@CDocTemplate@@UEAAPEAVCDocument@@XZ 00000001400159d0 f i SdiVC6.obj
 0001:00014a30       ?OnCmdMsg@CDocTemplate@@UEAAHIHPEAXPEAUAFX_CMDHANDLERINFO@@@Z 0000000140015a30 f i SdiVC6.obj
 0001:00014a40       ?CreateNewFrame@CDocTemplate@@UEAAPEAVCFrameWnd@@PEAVCDocument@@PEAV2@@Z 0000000140015a40 f i SdiVC6.obj
 0001:00014af0       ??1CWaitCursor@@QEAA@XZ    0000000140015af0 f i SdiVC6.obj
 0001:00014b50       ?SetActiveView@CFrameWnd@@QEAAXPEAVCView@@H@Z 0000000140015b50 f i SdiVC6.obj
 0001:00014bf0       ?InitialUpdateFrame@CFrameWnd@@QEAAXPEAVCDocument@@H@Z 0000000140015bf0 f i SdiVC6.obj
 0001:00014d80       ?InitialUpdateFrame@CDocTemplate@@UEAAXPEAVCFrameWnd@@PEAVCDocument@@H@Z 0000000140015d80 f i SdiVC6.obj
 0001:00014da0       ?OpenDocumentFile@CSingleDocTemplate@@UEAAPEAVCDocument@@PEBDHH@Z 0000000140015da0 f i SdiVC6.obj
 0001:00015060       ?OpenDocumentFile@CSingleDocTemplate@@UEAAPEAVCDocument@@PEBDH@Z 0000000140016060 f i SdiVC6.obj
 0001:00015070       ?RemoveDocument@CSingleDocTemplate@@UEAAXPEAVCDocument@@@Z 0000000140016070 f i SdiVC6.obj
 0001:00015080       ??_ECSingleDocTemplate@@UEAAPEAXI@Z 0000000140016080 f i * CIL library *:* CIL module *
 0001:00015080       ??_GCSingleDocTemplate@@UEAAPEAXI@Z 0000000140016080 f i SdiVC6.obj
 0001:000150e0       ?UpdateFrameCounts@CDocument@@QEAAXXZ 00000001400160e0 f i SdiVC6.obj
 0001:000152a0       ?SetDefaultTitle@CSingleDocTemplate@@UEAAXPEAVCDocument@@@Z 00000001400162a0 f i SdiVC6.obj
 0001:00015330       ??0CRecentFileList@@QEAA@IPEBD0HH@Z 0000000140016330 f i SdiVC6.obj
 0001:00015450       ??_GCRecentFileList@@UEAAPEAXI@Z 0000000140016450 f i SdiVC6.obj
 0001:00015450       ??_ECRecentFileList@@UEAAPEAXI@Z 0000000140016450 f i * CIL library *:* CIL module *
 0001:00015480       ?Add@CRecentFileList@@UEAAXPEBD@Z 0000000140016480 f i SdiVC6.obj
 0001:000156f0       ?GetProfileStringA@CWinApp@@QEAA?AVCString@WTL@@PEBD00@Z 00000001400166f0 f i SdiVC6.obj
 0001:00015760       ?ReadList@CRecentFileList@@UEAAXXZ 0000000140016760 f i SdiVC6.obj
 0001:000158b0       ??1CRecentFileList@@UEAA@XZ 00000001400168b0 f i SdiVC6.obj
 0001:00015980       ??1CCommandLineInfo@@QEAA@XZ 0000000140016980 f i SdiVC6.obj
 0001:00015a40       ??1CWinApp@@QEAA@XZ        0000000140016a40 f i SdiVC6.obj
 0001:00015bb0       ??1CWinThread@@QEAA@XZ     0000000140016bb0 f i SdiVC6.obj
 0001:00015bd0       ??0CModuleThreadState@@QEAA@XZ 0000000140016bd0 f i SdiVC6.obj
 0001:00015cc0       ??1CModuleThreadState@@QEAA@XZ 0000000140016cc0 f i SdiVC6.obj
 0001:00015d10       ?OnIdle@CWinApp@@UEAAHH@Z  0000000140016d10 f i SdiVC6.obj
 0001:00015ee0       ?WriteList@CRecentFileList@@UEAAXXZ 0000000140016ee0 f i SdiVC6.obj
 0001:00015fb0       ?ExitInstance@CWinApp@@UEAAHXZ 0000000140016fb0 f i SdiVC6.obj
 0001:00015ff0       ?Run@CWinApp@@UEAAHXZ      0000000140016ff0 f i SdiVC6.obj
 0001:000160d0       ??0CWinApp@@QEAA@XZ        00000001400170d0 f i SdiVC6.obj
 0001:00016190       ?OnAppExit@CWinApp@@QEAAXXZ 0000000140017190 f i SdiVC6.obj
 0001:000161b0       ?GetMenuStringA@CMenuMTL@@QEBAHIAEAVCString@WTL@@I@Z 00000001400171b0 f i SdiVC6.obj
 0001:000162d0       ?AfxGetFileTitle@CAfx@@SAIPEBDPEADI@Z 00000001400172d0 f i SdiVC6.obj
 0001:00016370       ?_AfxAbbreviateName@CAfx@@SAXPEADHH@Z 0000000140017370 f i SdiVC6.obj
 0001:000164d0       ?GetDisplayName@CRecentFileList@@UEBAHAEAVCString@WTL@@HPEBDHH@Z 00000001400174d0 f i SdiVC6.obj
 0001:000166d0       ??HWTL@@YA?AVCString@0@AEBV10@0@Z 00000001400176d0 f i SdiVC6.obj
 0001:00016730       ?UpdateMenu@CRecentFileList@@UEAAXPEAVCCmdUI@@@Z 0000000140017730 f i SdiVC6.obj
 0001:00016c10       ?OnUpdateRecentFileMenu@CWinApp@@QEAAXPEAVCCmdUI@@@Z 0000000140017c10 f i SdiVC6.obj
 0001:00016c40       ?Remove@CRecentFileList@@UEAAXH@Z 0000000140017c40 f i SdiVC6.obj
 0001:00016d90       ?OnOpenRecentFile@CWinApp@@QEAAHI@Z 0000000140017d90 f i SdiVC6.obj
 0001:00016e00       ?_ProcessWindowMessage@CWinApp@@UEAAHPEAUHWND__@@I_K_JAEA_J@Z 0000000140017e00 f i SdiVC6.obj
 0001:00016f00       ?OnOK@CDialog@@UEAAXXZ     0000000140017f00 f i SdiVC6.obj
 0001:00016f90       ?OnCancel@CDialog@@UEAAXXZ 0000000140017f90 f i SdiVC6.obj
 0001:00016fd0       ?WalkPreTranslateTree@CWnd@@SAHPEAUHWND__@@PEAUtagMSG@@@Z 0000000140017fd0 f i SdiVC6.obj
 0001:000170b0       ?PreTranslateMessage@CWinApp@@UEAAHPEAUtagMSG@@@Z 00000001400180b0 f i SdiVC6.obj
 0001:00017170       ?PumpMessage@CWinApp@@UEAAHXZ 0000000140018170 f i SdiVC6.obj
 0001:000171f0       ?IsIdleMessage@CWinApp@@SAHPEAUtagMSG@@@Z 00000001400181f0 f i SdiVC6.obj
 0001:00017220       ?RunModalLoop@CWnd@@QEAAHK@Z 0000000140018220 f i SdiVC6.obj
 0001:000173e0       ?DoModal@CDialog@@UEAA_JXZ 00000001400183e0 f i SdiVC6.obj
 0001:00017760       ?classHandleFuncCDialog@CDialog@@SAPEAXPEAX0@Z 0000000140018760 f i SdiVC6.obj
 0001:00017800       ?_AfxCommDlgProc@CCommonDialog@@SA_KPEAUHWND__@@I_K_J@Z 0000000140018800 f i SdiVC6.obj
 0001:00017b50       ??0CFileDialogMTL@@QEAA@HPEBD0K0PEAVCWnd@@KH@Z 0000000140018b50 f i SdiVC6.obj
 0001:00017d5c       ??_9CDialog@@$BOI@AA       0000000140018d5c f i SdiVC6.obj
 0001:00017d68       ??_9CDialog@@$BPA@AA       0000000140018d68 f i SdiVC6.obj
 0001:00017d80       ?_ProcessWindowMessage@CDialog@@UEAAHPEAUHWND__@@I_K_JAEA_J@Z 0000000140018d80 f i SdiVC6.obj
 0001:00017e30       ?OnCmdMsg@CDialog@@UEAAHIHPEAXPEAUAFX_CMDHANDLERINFO@@@Z 0000000140018e30 f i SdiVC6.obj
 0001:00017ef0       ??_GCFileDialogMTL@@UEAAPEAXI@Z 0000000140018ef0 f i SdiVC6.obj
 0001:00017ef0       ??_ECFileDialogMTL@@UEAAPEAXI@Z 0000000140018ef0 f i * CIL library *:* CIL module *
 0001:00017f20       ?PreTranslateMessage@CDialog@@UEAAHPEAUtagMSG@@@Z 0000000140018f20 f i SdiVC6.obj
 0001:00018030       ?OnNotify@CFileDialogMTL@@UEAAH_K_JPEA_J@Z 0000000140019030 f i SdiVC6.obj
 0001:000181d0       ?OnOK@CCommonDialog@@UEAAXXZ 00000001400191d0 f i SdiVC6.obj
 0001:00018250       ?CreateDlg@CWnd@@QEAAHPEBDPEAV1@@Z 0000000140019250 f i SdiVC6.obj
 0001:000182f0       ?Create@CDialog@@UEAAHPEBDPEAVCWnd@@@Z 00000001400192f0 f i SdiVC6.obj
 0001:00018340       ?Create@CDialog@@UEAAHIPEAVCWnd@@@Z 0000000140019340 f i SdiVC6.obj
 0001:00018350       ?ExecuteDlgInit@CWnd@@QEAAHPEAX@Z 0000000140019350 f i SdiVC6.obj
 0001:00018460       ?ExecuteDlgInit@CWnd@@QEAAHPEBD@Z 0000000140019460 f i SdiVC6.obj
 0001:00018500       ?OnInitDialog@CDialog@@UEAAHXZ 0000000140019500 f i SdiVC6.obj
 0001:000185b0       ?AfxDlgProc@CWnd@@SA_JPEAUHWND__@@I_K_J@Z 00000001400195b0 f i SdiVC6.obj
 0001:00018630       ?CreateDlgIndirect@CWnd@@QEAAHPEBUDLGTEMPLATE@@PEAV1@PEAUHINSTANCE__@@@Z 0000000140019630 f i SdiVC6.obj
 0001:000186e0       ?CreateIndirect@CDialog@@UEAAHPEAXPEAVCWnd@@PEAUHINSTANCE__@@@Z 00000001400196e0 f i SdiVC6.obj
 0001:00018760       ?CenterWindow@CWindow@ATL@@QEAAHPEAUHWND__@@@Z 0000000140019760 f i SdiVC6.obj
 0001:00018940       ?OnInitDone@CFileDialogMTL@@UEAAXXZ 0000000140019940 f i SdiVC6.obj
 0001:00018960       ??1CFileDialogMTL@@UEAA@XZ 0000000140019960 f i SdiVC6.obj
 0001:000189f0       ?Tokenize@CAfx@@SA?AVCString@WTL@@AEAV23@PEADAEAH@Z 00000001400199f0 f i SdiVC6.obj
 0001:00018ac0       ?Tokenize@@YA?AVCString@WTL@@AEAV12@PEADAEAH@Z 0000000140019ac0 f i SdiVC6.obj
 0001:00018ae0       ?AllocCopy@CString@WTL@@IEBAHAEAV12@HHH@Z 0000000140019ae0 f i SdiVC6.obj
 0001:00018ba0       ?Mid@CString@WTL@@QEBA?AV12@HH@Z 0000000140019ba0 f i SdiVC6.obj
 0001:00018c20       ?Mid@CString@WTL@@QEBA?AV12@H@Z 0000000140019c20 f i SdiVC6.obj
 0001:00018c50       ?_AfxAppendFilterSuffix@@YAXAEAVCString@WTL@@AEAUtagOFNA@@PEAVCDocTemplate@@PEAV12@@Z 0000000140019c50 f i SdiVC6.obj
 0001:00018e80       ?AfxThrowMemoryException@@YAXXZ 0000000140019e80 f i SdiVC6.obj
 0001:00018f20       ??0CStringW@@QEAA@PEBD@Z   0000000140019f20 f i SdiVC6.obj
 0001:00019010       ??4CStringW@@QEAAAEAVCString@WTL@@PEBD@Z 000000014001a010 f i SdiVC6.obj
 0001:00019120       ?ApplyOFNToShellDialog@CFileDialogMTL@@QEAAXXZ 000000014001a120 f i SdiVC6.obj
 0001:000197d0       ??4CString@WTL@@QEAAAEAV01@AEBV01@@Z 000000014001a7d0 f i SdiVC6.obj
 0001:00019860       ??0CString@WTL@@QEAA@PEB_W@Z 000000014001a860 f i SdiVC6.obj
 0001:00019940       ??4CString@WTL@@QEAAAEAV01@PEB_W@Z 000000014001a940 f i SdiVC6.obj
 0001:00019a40       ?GetPathName@CFileDialogMTL@@QEAA?AVCString@WTL@@XZ 000000014001aa40 f i SdiVC6.obj
 0001:00019d10       ?UpdateOFNFromShellDialog@CFileDialogMTL@@UEAAXXZ 000000014001ad10 f i SdiVC6.obj
 0001:0001a3f0       ?DoModal@CFileDialogMTL@@UEAA_JXZ 000000014001b3f0 f i SdiVC6.obj
 0001:0001a5d0       ?DoPromptFileName@CDocManager@@QEAAHAEAVCString@WTL@@IKHPEAVCDocTemplate@@@Z 000000014001b5d0 f i SdiVC6.obj
 0001:0001abe0       ?_AfxFullPath2@CAfx@@SAHPEADPEBDPEAVCFileException@@@Z 000000014001bbe0 f i SdiVC6.obj
 0001:0001adb0       ?AfxStringFromCLSID@CAfx@@SA?AVCString@WTL@@AEBU_GUID@@@Z 000000014001bdb0 f i SdiVC6.obj
 0001:0001aea0       ?AfxStringFromCLSID@@YA?AVCString@WTL@@AEBU_GUID@@@Z 000000014001bea0 f i SdiVC6.obj
 0001:0001aec0       ?AfxGetInProcServer@CAfx@@SAHPEBDAEAVCString@WTL@@@Z 000000014001bec0 f i SdiVC6.obj
 0001:0001b000       ?GetClassObject@AFX_COM@@QEAAJAEBU_GUID@@0PEAPEAX@Z 000000014001c000 f i SdiVC6.obj
 0001:0001b110       ??0CString@WTL@@QEAA@PEBD@Z 000000014001c110 f i SdiVC6.obj
 0001:0001b1d0       ?AfxResolveShortcut@@YAHPEAVCWMHnd@@PEBDPEADH@Z 000000014001c1d0 f i SdiVC6.obj
 0001:0001b3c0       ?GetDocString@CDocTemplate@@UEBAHAEAVCString@WTL@@W4DocStringIndex@1@@Z 000000014001c3c0 f i SdiVC6.obj
 0001:0001b3d0       ?AfxComparePath@CAfx@@SAHPEBD0@Z 000000014001c3d0 f i SdiVC6.obj
 0001:0001b510       ?MatchDocType@CDocTemplate@@UEAA?AW4Confidence@1@PEBDAEAPEAVCDocument@@@Z 000000014001c510 f i SdiVC6.obj
 0001:0001b620       ?GetActiveWindow@CWnd@@SAPEAV1@XZ 000000014001c620 f i SdiVC6.obj
 0001:0001b7a0       ?ShowAppMessageBox@CWinApp@@SAHPEAV1@PEBDII@Z 000000014001c7a0 f i SdiVC6.obj
 0001:0001b900       ?AfxMessageBox@@YAHIII@Z   000000014001c900 f i SdiVC6.obj
 0001:0001b970       ?OpenDocumentFile@CDocManager@@QEAAPEAVCDocument@@PEBDH@Z 000000014001c970 f i SdiVC6.obj
 0001:0001bb70       ?OpenDocumentFile@CWinApp@@UEAAPEAVCDocument@@PEBD@Z 000000014001cb70 f i SdiVC6.obj
 0001:0001bb80       ?OnFileOpen@CDocManager@@UEAAXXZ 000000014001cb80 f i SdiVC6.obj
 0001:0001bc00       ?OnFileOpen@CWinApp@@UEAAXXZ 000000014001cc00 f i SdiVC6.obj
 0001:0001bc10       ?OnFileNew@CDocManager@@UEAAXXZ 000000014001cc10 f i SdiVC6.obj
 0001:0001bc30       ?OnFileNew@CWinApp@@UEAAXXZ 000000014001cc30 f i SdiVC6.obj
 0001:0001bc50       ?CreateObject@CSdiVC6Doc@@SAPEAVCObject@@XZ 000000014001cc50 f   SdiVC6Doc.obj
 0001:0001bcc0       ?GetRuntimeClass@CSdiVC6Doc@@UEBAPEAUCRuntimeClass@@XZ 000000014001ccc0 f   SdiVC6Doc.obj
 0001:0001bcd0       ?_ProcessWindowMessage@CSdiVC6Doc@@UEAAHPEAUHWND__@@I_K_JAEA_J@Z 000000014001ccd0 f i SdiVC6Doc.obj
 0001:0001bce0       ??_GCSdiVC6Doc@@UEAAPEAXI@Z 000000014001cce0 f i SdiVC6Doc.obj
 0001:0001bce0       ??_ECSdiVC6Doc@@UEAAPEAXI@Z 000000014001cce0 f i * CIL library *:* CIL module *
 0001:0001bd20       ?OnNewDocument@CSdiVC6Doc@@UEAAHXZ 000000014001cd20 f   SdiVC6Doc.obj
 0001:0001bd60       ?OnOpenDocument@CDocument@@UEAAHPEBD@Z 000000014001cd60 f i SdiVC6Doc.obj
 0001:0001c000       ?OnCmdMsg@CDocument@@UEAAHIHPEAXPEAUAFX_CMDHANDLERINFO@@@Z 000000014001d000 f i SdiVC6Doc.obj
 0001:0001c080       ?AfxFormatStrings@CAfx@@SAXAEAVCString@WTL@@PEBDPEBQEBDH@Z 000000014001d080 f i SdiVC6Doc.obj
 0001:0001c210       ?SaveModified@CDocument@@UEAAHXZ 000000014001d210 f i SdiVC6Doc.obj
 0001:0001c5f0       ?DoFileSave@CDocument@@QEAAHXZ 000000014001d5f0 f i SdiVC6Doc.obj
 0001:0001c640       ?OnFileSave@CDocument@@QEAAXXZ 000000014001d640 f i SdiVC6Doc.obj
 0001:0001c680       ?GetFile@CDocument@@QEAAPEAVCFile@@PEBDIPEAVCFileException@@@Z 000000014001d680 f i SdiVC6Doc.obj
 0001:0001c720       ??0CArchive@@QEAA@PEAVCFile@@IHPEAX@Z 000000014001d720 f i SdiVC6Doc.obj
 0001:0001c800       ??1CArchive@@QEAA@XZ       000000014001d800 f i SdiVC6Doc.obj
 0001:0001c830       ?Abort@CFile@@UEAAXXZ      000000014001d830 f i SdiVC6Doc.obj
 0001:0001c860       ?AfxThrowInvalidArgException@@YAXXZ 000000014001d860 f i SdiVC6Doc.obj
 0001:0001c900       ??0CTime@@QEAA@AEBU_FILETIME@@H@Z 000000014001d900 f i SdiVC6Doc.obj
 0001:0001c9d0       ?GetStatus@CFile@@QEBAHAEAUCFileStatus@@@Z 000000014001d9d0 f i SdiVC6Doc.obj
 0001:0001cb60       ?GetFilePath@CFile@@UEBA?AVCString@WTL@@XZ 000000014001db60 f i SdiVC6Doc.obj
 0001:0001cbb0       ?GetLength@CFile@@UEBA_KXZ 000000014001dbb0 f i SdiVC6Doc.obj
 0001:0001cc00       ?Open@CFile@@UEAAHPEBDIPEAVCFileException@@@Z 000000014001dc00 f i SdiVC6Doc.obj
 0001:0001cdc0       ?Read@CFile@@UEAAIPEAXI@Z  000000014001ddc0 f i SdiVC6Doc.obj
 0001:0001ce10       ?Write@CFile@@UEAAXPEBXI@Z 000000014001de10 f i SdiVC6Doc.obj
 0001:0001cf00       ?Seek@CFile@@UEAA_K_JI@Z   000000014001df00 f i SdiVC6Doc.obj
 0001:0001cf60       ??0CFileException@@QEAA@HJPEBD@Z 000000014001df60 f i SdiVC6Doc.obj
 0001:0001cfe0       ?OsErrorToException@CFileException@@SAHJ@Z 000000014001dfe0 f i SdiVC6Doc.obj
 0001:0001d190       ?ThrowOsError@CFileException@@SAXJPEBD@Z 000000014001e190 f i SdiVC6Doc.obj
 0001:0001d200       ?Close@CFile@@UEAAXXZ      000000014001e200 f i SdiVC6Doc.obj
 0001:0001d2b0       ??_GCFile@@QEAAPEAXI@Z     000000014001e2b0 f i SdiVC6Doc.obj
 0001:0001d320       ?ReleaseFile@CDocument@@UEAAXPEAVCFile@@H@Z 000000014001e320 f i SdiVC6Doc.obj
 0001:0001d360       ?SetModifiedFlag@CDocument@@UEAAXH@Z 000000014001e360 f i SdiVC6Doc.obj
 0001:0001d370       ?OnSaveDocument@CDocument@@UEAAHPEBD@Z 000000014001e370 f i SdiVC6Doc.obj
 0001:0001d570       ?GetFirstViewPosition@CDocument@@UEBAPEAU__POSITION@@XZ 000000014001e570 f i SdiVC6Doc.obj
 0001:0001d580       ?GetNextView@CDocument@@UEBAPEAVCView@@AEAPEAU__POSITION@@@Z 000000014001e580 f i SdiVC6Doc.obj
 0001:0001d5a0       ?SetTitle@CDocument@@UEAAXPEBD@Z 000000014001e5a0 f i SdiVC6Doc.obj
 0001:0001d5f0       ?SetPathName@CDocument@@UEAAXPEBDH@Z 000000014001e5f0 f i SdiVC6Doc.obj
 0001:0001d6c0       ?DoSave@CDocument@@UEAAHPEBDH@Z 000000014001e6c0 f i SdiVC6Doc.obj
 0001:0001dc40       ?_ProcessWindowMessage@CDocument@@UEAAHPEAUHWND__@@I_K_JAEA_J@Z 000000014001ec40 f i SdiVC6Doc.obj
 0001:0001dd50       ?CreateObject@CSdiVC6View@@SAPEAVCObject@@XZ 000000014001ed50 f   SdiVC6View.obj
 0001:0001dda0       ?GetRuntimeClass@CSdiVC6View@@UEBAPEAUCRuntimeClass@@XZ 000000014001eda0 f   SdiVC6View.obj
 0001:0001ddb0       ?_ProcessWindowMessage@CSdiVC6View@@UEAAHPEAUHWND__@@I_K_JAEA_J@Z 000000014001edb0 f i SdiVC6View.obj
 0001:0001ddc0       ??_ECView@@UEAAPEAXI@Z     000000014001edc0 f i * CIL library *:* CIL module *
 0001:0001ddc0       ??_GCSdiVC6View@@UEAAPEAXI@Z 000000014001edc0 f i SdiVC6View.obj
 0001:0001ddc0       ??_ECSdiVC6View@@UEAAPEAXI@Z 000000014001edc0 f i * CIL library *:* CIL module *
 0001:0001ddc0       ??_GCView@@UEAAPEAXI@Z     000000014001edc0 f i SdiVC6View.obj
 0001:0001de20       ?PreCreateWindow@CSdiVC6View@@UEAAHAEAUtagCREATESTRUCTA@@@Z 000000014001ee20 f   SdiVC6View.obj
 0001:0001de20       ?PreCreateWindow@CView@@UEAAHAEAUtagCREATESTRUCTA@@@Z 000000014001ee20 f   SdiVC6View.obj
 0001:0001de70       ?OnCmdMsg@CView@@UEAAHIHPEAXPEAUAFX_CMDHANDLERINFO@@@Z 000000014001ee70 f i SdiVC6View.obj
 0001:0001def0       ?RemoveView@CDocument@@QEAAXPEAVCView@@@Z 000000014001eef0 f i SdiVC6View.obj
 0001:0001dfa0       ?OnEndPrintPreview@CView@@UEAAXPEAVCDCMTL@@PEAUCPrintInfo@@UtagPOINT@@PEAVCPreviewView@@@Z 000000014001efa0 f i SdiVC6View.obj
 0001:0001e180       ?OnInitialUpdate@CView@@UEAAXXZ 000000014001f180 f i SdiVC6View.obj
 0001:0001e1a0       ?OnPrint@CView@@UEAAXPEAVCDCMTL@@PEAUCPrintInfo@@@Z 000000014001f1a0 f i SdiVC6View.obj
 0001:0001e1b0       ?OnUpdate@CView@@UEAAXPEAV1@_JPEAVCObject@@@Z 000000014001f1b0 f i SdiVC6View.obj
 0001:0001e1d0       ?AddView@CDocument@@QEAAXPEAVCView@@@Z 000000014001f1d0 f i SdiVC6View.obj
 0001:0001e270       ?OnDestroy@CView@@QEAAXXZ  000000014001f270 f i SdiVC6View.obj
 0001:0001e320       ?OnActivateView@CView@@UEAAXHPEAV1@0@Z 000000014001f320 f i SdiVC6View.obj
 0001:0001e360       ?OnMouseActivate@CView@@QEAAHPEAVCWnd@@II@Z 000000014001f360 f i SdiVC6View.obj
 0001:0001e430       ??_GCPaintDCMTL@@UEAAPEAXI@Z 000000014001f430 f i SdiVC6View.obj
 0001:0001e430       ??_ECPaintDCMTL@@UEAAPEAXI@Z 000000014001f430 f i * CIL library *:* CIL module *
 0001:0001e460       ??1CPaintDCMTL@@UEAA@XZ    000000014001f460 f i SdiVC6View.obj
 0001:0001e4e0       ?OnPrepareDC@CView@@UEAAXPEAVCDCMTL@@PEAUCPrintInfo@@@Z 000000014001f4e0 f i SdiVC6View.obj
 0001:0001e510       ?OnPaint@CView@@QEAAXXZ    000000014001f510 f i SdiVC6View.obj
 0001:0001e614       ??_9CView@@$BBBI@AA        000000014001f614 f i SdiVC6View.obj
 0001:0001e620       ?_ProcessWindowMessage@CView@@UEAAHPEAUHWND__@@I_K_JAEA_J@Z 000000014001f620 f i SdiVC6View.obj
 0001:0001e850       ?ActivateTopParent@CWnd@@QEAAXXZ 000000014001f850 f i StdAfx.obj
 0001:0001e8a0       ?HandleFloatingSysCommand@CWnd@@QEAAHI_J@Z 000000014001f8a0 f i StdAfx.obj
 0001:0001e9b0       ?ShowAll@CDockBar@@QEAAXH@Z 000000014001f9b0 f i StdAfx.obj
 0001:0001ea70       ??1CMiniFrameWnd@@UEAA@XZ  000000014001fa70 f i StdAfx.obj
 0001:0001eae0       ?OnFloatStatus@CMiniFrameWnd@@QEAA_J_K_J@Z 000000014001fae0 f i StdAfx.obj
 0001:0001ec20       ?OnGetMinMaxInfo@CMiniFrameWnd@@QEAAXPEAUtagMINMAXINFO@@@Z 000000014001fc20 f i StdAfx.obj
 0001:0001ecb0       ?OnNcCreate@CMiniFrameWnd@@QEAAHPEAUtagCREATESTRUCTA@@@Z 000000014001fcb0 f i StdAfx.obj
 0001:0001ed90       ?OnNcHitTest@CMiniFrameWnd@@QEAA_JVCPoint@WTL@@@Z 000000014001fd90 f i StdAfx.obj
 0001:0001ef00       ?OnQueryCenterWnd@CMiniFrameWnd@@QEAA_J_K_J@Z 000000014001ff00 f i StdAfx.obj
 0001:0001ef40       ?OnSysCommand@CMiniFrameWnd@@QEAAXI_J@Z 000000014001ff40 f i StdAfx.obj
 0001:0001eff0       ?Create@CMiniFrameWnd@@UEAAHPEBD0KAEBUtagRECT@@PEAVCWnd@@I@Z 000000014001fff0 f i StdAfx.obj
 0001:0001f030       ?PreCreateWindow@CMiniFrameWnd@@UEAAHAEAUtagCREATESTRUCTA@@@Z 0000000140020030 f i StdAfx.obj
 0001:0001f0a0       ??_ECMiniFrameWnd@@UEAAPEAXI@Z 00000001400200a0 f i * CIL library *:* CIL module *
 0001:0001f0a0       ??_GCMiniFrameWnd@@UEAAPEAXI@Z 00000001400200a0 f i StdAfx.obj
 0001:0001f0d0       ?_ProcessWindowMessage@CMiniFrameWnd@@UEAAHPEAUHWND__@@I_K_JAEA_J@Z 00000001400200d0 f i StdAfx.obj
 0001:0001f260       ?OnNcLButtonDown@CMiniDockFrameWnd@@QEAAXIVCPoint@WTL@@@Z 0000000140020260 f i StdAfx.obj
 0001:0001f3c0       ?OnNcLButtonDblClk@CMiniDockFrameWnd@@QEAAXIVCPoint@WTL@@@Z 00000001400203c0 f i StdAfx.obj
 0001:0001f490       ?RecalcLayout@CMiniDockFrameWnd@@UEAAXH@Z 0000000140020490 f i StdAfx.obj
 0001:0001f560       ??_ECMiniDockFrameWnd@@UEAAPEAXI@Z 0000000140020560 f i * CIL library *:* CIL module *
 0001:0001f560       ??_GCMiniDockFrameWnd@@UEAAPEAXI@Z 0000000140020560 f i StdAfx.obj
 0001:0001f5b0       ?_ProcessWindowMessage@CMiniDockFrameWnd@@UEAAHPEAUHWND__@@I_K_JAEA_J@Z 00000001400205b0 f i StdAfx.obj
 0001:0001f6f0       ?SetCurrentHandles@CWinApp@@QEAAXXZ 00000001400206f0 f i StdAfx.obj
 0001:0001fa10       ?GetRuntimeClass@CCmdTarget@@UEBAPEAUCRuntimeClass@@XZ 0000000140020a10 f   StdAfx.obj
 0001:0001fa20       ?CreateObject@CWnd@@SAPEAVCObject@@XZ 0000000140020a20 f   StdAfx.obj
 0001:0001fa70       ?GetRuntimeClass@CWnd@@UEBAPEAUCRuntimeClass@@XZ 0000000140020a70 f   StdAfx.obj
 0001:0001fa80       ?GetRuntimeClass@CDialog@@UEBAPEAUCRuntimeClass@@XZ 0000000140020a80 f   StdAfx.obj
 0001:0001fa90       ?CreateObject@CFrameWnd@@SAPEAVCObject@@XZ 0000000140020a90 f   StdAfx.obj
 0001:0001fad0       ?GetRuntimeClass@CFrameWnd@@UEBAPEAUCRuntimeClass@@XZ 0000000140020ad0 f   StdAfx.obj
 0001:0001fae0       ?GetRuntimeClass@CView@@UEBAPEAUCRuntimeClass@@XZ 0000000140020ae0 f   StdAfx.obj
 0001:0001faf0       ?GetRuntimeClass@CSingleDocTemplate@@UEBAPEAUCRuntimeClass@@XZ 0000000140020af0 f   StdAfx.obj
 0001:0001fb00       ?GetRuntimeClass@CControlBar@@UEBAPEAUCRuntimeClass@@XZ 0000000140020b00 f   StdAfx.obj
 0001:0001fb10       ?GetRuntimeClass@CDockBar@@UEBAPEAUCRuntimeClass@@XZ 0000000140020b10 f   StdAfx.obj
 0001:0001fb20       ?GetRuntimeClass@CToolBar@@UEBAPEAUCRuntimeClass@@XZ 0000000140020b20 f   StdAfx.obj
 0001:0001fb30       ?CreateObject@CMiniFrameWnd@@SAPEAVCObject@@XZ 0000000140020b30 f   StdAfx.obj
 0001:0001fb90       ?GetRuntimeClass@CMiniFrameWnd@@UEBAPEAUCRuntimeClass@@XZ 0000000140020b90 f   StdAfx.obj
 0001:0001fba0       ?CreateObject@CMiniDockFrameWnd@@SAPEAVCObject@@XZ 0000000140020ba0 f   StdAfx.obj
 0001:0001fc30       ?GetRuntimeClass@CMiniDockFrameWnd@@UEBAPEAUCRuntimeClass@@XZ 0000000140020c30 f   StdAfx.obj
 0001:0001fc40       ?GetRuntimeClass@CFileDialogMTL@@UEBAPEAUCRuntimeClass@@XZ 0000000140020c40 f   StdAfx.obj
 0001:0001fc50       ?GetRuntimeClass@CToolTipCtrlMTL@@UEBAPEAUCRuntimeClass@@XZ 0000000140020c50 f   StdAfx.obj
 0001:0001fc60       WinMain                    0000000140020c60 f   StdAfx.obj
 0001:0001fcd0       ?__AllocStdCallThunk@ATL@@YAPEAXXZ 0000000140020cd0 f   atls:atlthunk.obj
 0001:0001fd94       ?__FreeStdCallThunk@ATL@@YAXPEAX@Z 0000000140020d94 f   atls:atlthunk.obj
 0001:0001fe24       ??0CAtlBaseModule@ATL@@QEAA@XZ 0000000140020e24 f   atls:atlbase.obj
 0001:0001fecc       ??1CAtlBaseModule@ATL@@QEAA@XZ 0000000140020ecc f   atls:atlbase.obj
 0001:0001ff00       ??3@YAXPEAX@Z              0000000140020f00 f   LIBCMT:delete.obj
 0001:0001ff08       ??0bad_alloc@std@@QEAA@AEBV01@@Z 0000000140020f08 f i LIBCMT:new.obj
 0001:0001ff2c       ??1bad_alloc@std@@UEAA@XZ  0000000140020f2c f i LIBCMT:new.obj
 0001:0001ff3c       ??2@YAPEAX_K@Z             0000000140020f3c f   LIBCMT:new.obj
 0001:0001ffa8       ??_Ebad_alloc@std@@UEAAPEAXI@Z 0000000140020fa8 f i LIBCMT:new.obj
 0001:0001ffa8       ??_Gbad_alloc@std@@UEAAPEAXI@Z 0000000140020fa8 f i LIBCMT:new.obj
 0001:0001ffe4       ??8type_info@@QEBA_NAEBV0@@Z 0000000140020fe4 f   LIBCMT:typinfo.obj
 0001:00020004       ??_Gtype_info@@UEAAPEAXI@Z 0000000140021004 f i LIBCMT:typinfo.obj
 0001:00020004       ??_Etype_info@@UEAAPEAXI@Z 0000000140021004 f i LIBCMT:typinfo.obj
 0001:00020040       memcpy_s                   0000000140021040 f   LIBCMT:memcpy_s.obj
 0001:000200c8       ??_V@YAXPEAX@Z             00000001400210c8 f   LIBCMT:delete2.obj
 0001:000200d0       ??_U@YAPEAX_K@Z            00000001400210d0 f   LIBCMT:new2.obj
 0001:000200d8       __onexitinit               00000001400210d8 f   LIBCMT:onexit.obj
 0001:0002011c       _onexit                    000000014002111c f   LIBCMT:onexit.obj
 0001:00020228       atexit                     0000000140021228 f   LIBCMT:onexit.obj
 0001:00020240       free                       0000000140021240 f   LIBCMT:free.obj
 0001:00020280       ??0_LocaleUpdate@@QEAA@PEAUlocaleinfo_struct@@@Z 0000000140021280 f i LIBCMT:mbschr.obj
 0001:00020328       _mbschr                    0000000140021328 f   LIBCMT:mbschr.obj
 0001:00020330       _mbschr_l                  0000000140021330 f   LIBCMT:mbschr.obj
 0001:000203f0       _mbscmp                    00000001400213f0 f   LIBCMT:mbscmp.obj
 0001:000203f8       _mbscmp_l                  00000001400213f8 f   LIBCMT:mbscmp.obj
 0001:000204f0       memcpy                     00000001400214f0 f   LIBCMT:memcpy.obj
 0001:000204f0       memmove                    00000001400214f0 f   LIBCMT:memcpy.obj
 0001:00020a58       _purecall                  0000000140021a58 f   LIBCMT:purevirt.obj
 0001:00020a84       malloc                     0000000140021a84 f   LIBCMT:malloc.obj
 0001:00020b3c       calloc                     0000000140021b3c f   LIBCMT:calloc.obj
 0001:00020b80       _mbsinc                    0000000140021b80 f   LIBCMT:mbsinc.obj
 0001:00020bc4       _mbsrchr                   0000000140021bc4 f   LIBCMT:mbsrchr.obj
 0001:00020bcc       _mbsrchr_l                 0000000140021bcc f   LIBCMT:mbsrchr.obj
 0001:00020c88       _mbscspn                   0000000140021c88 f   LIBCMT:mbscspn.obj
 0001:00020c90       _mbscspn_l                 0000000140021c90 f   LIBCMT:mbscspn.obj
 0001:00020d6c       _mbsspn                    0000000140021d6c f   LIBCMT:mbsspn.obj
 0001:00020d74       _mbsspn_l                  0000000140021d74 f   LIBCMT:mbsspn.obj
 0001:00020ecc       _ismbblead                 0000000140021ecc f   LIBCMT:ismbbyte.obj
 0001:00020ee0       ??_M@YAXPEAX_KHP6AX0@Z@Z   0000000140021ee0 f   LIBCMT:ehvecdtr.obj
 0001:00020f40       ?__ArrayUnwind@@YAXPEAX_KHP6AX0@Z@Z 0000000140021f40 f   LIBCMT:ehvecdtr.obj
 0001:00020f8c       _strdup                    0000000140021f8c f   LIBCMT:strdup.obj
 0001:00020ffc       ??_L@YAXPEAX_KHP6AX0@Z2@Z  0000000140021ffc f   LIBCMT:ehvecctr.obj
 0001:00021064       __crtCorExitProcess        0000000140022064 f   LIBCMT:crt0dat.obj
 0001:000210a8       __crtExitProcess           00000001400220a8 f   LIBCMT:crt0dat.obj
 0001:000210c0       _amsg_exit                 00000001400220c0 f   LIBCMT:crt0dat.obj
 0001:000210e8       _c_exit                    00000001400220e8 f   LIBCMT:crt0dat.obj
 0001:000210f8       _cexit                     00000001400220f8 f   LIBCMT:crt0dat.obj
 0001:00021108       _cinit                     0000000140022108 f   LIBCMT:crt0dat.obj
 0001:000211a0       _exit                      00000001400221a0 f   LIBCMT:crt0dat.obj
 0001:000211ac       _init_pointers             00000001400221ac f   LIBCMT:crt0dat.obj
 0001:00021258       _initterm_e                0000000140022258 f   LIBCMT:crt0dat.obj
 0001:00021294       _lockexit                  0000000140022294 f   LIBCMT:crt0dat.obj
 0001:000212a0       _unlockexit                00000001400222a0 f   LIBCMT:crt0dat.obj
 0001:00021444       exit                       0000000140022444 f   LIBCMT:crt0dat.obj
 0001:00021704       _mktime64                  0000000140022704 f   LIBCMT:mktime64.obj
 0001:00021710       _mbspbrk                   0000000140022710 f   LIBCMT:mbspbrk.obj
 0001:00021718       _mbspbrk_l                 0000000140022718 f   LIBCMT:mbspbrk.obj
 0001:000217e8       WinMainCRTStartup          00000001400227e8 f   LIBCMT:wincrt0.obj
 0001:000219b4       _recalloc                  00000001400229b4 f   LIBCMT:recalloc.obj
 0001:00021a50       memset                     0000000140022a50 f   LIBCMT:memset.obj
 0001:00021c7c       ??0exception@std@@QEAA@AEBQEBD@Z 0000000140022c7c f   LIBCMT:stdexcpt.obj
 0001:00021cac       ??0exception@std@@QEAA@AEBQEBDH@Z 0000000140022cac f   LIBCMT:stdexcpt.obj
 0001:00021cc8       ??0exception@std@@QEAA@AEBV01@@Z 0000000140022cc8 f   LIBCMT:stdexcpt.obj
 0001:00021cf4       ??1exception@std@@UEAA@XZ  0000000140022cf4 f   LIBCMT:stdexcpt.obj
 0001:00021d04       ??4exception@std@@QEAAAEAV01@AEBV01@@Z 0000000140022d04 f   LIBCMT:stdexcpt.obj
 0001:00021d48       ??_Eexception@std@@UEAAPEAXI@Z 0000000140022d48 f i LIBCMT:stdexcpt.obj
 0001:00021d48       ??_Gexception@std@@UEAAPEAXI@Z 0000000140022d48 f i LIBCMT:stdexcpt.obj
 0001:00021d84       ?_Copy_str@exception@std@@AEAAXPEBD@Z 0000000140022d84 f   LIBCMT:stdexcpt.obj
 0001:00021de0       ?_Tidy@exception@std@@AEAAXXZ 0000000140022de0 f   LIBCMT:stdexcpt.obj
 0001:00021e08       ?what@exception@std@@UEBAPEBDXZ 0000000140022e08 f   LIBCMT:stdexcpt.obj
 0001:00021e1c       _callnewh                  0000000140022e1c f   LIBCMT:handler.obj
 0001:00021e50       _initp_heap_handler        0000000140022e50 f   LIBCMT:handler.obj
 0001:00021e58       _CxxThrowException         0000000140022e58 f   LIBCMT:throw.obj
 0001:00021f30       strcmp                     0000000140022f30 f   LIBCMT:strcmp.obj
 0001:00021f98       ?_Type_info_dtor@type_info@@CAXPEAV1@@Z 0000000140022f98 f   LIBCMT:typname.obj
 0001:00022004       _call_reportfault          0000000140023004 f   LIBCMT:invarg.obj
 0001:000220f8       _initp_misc_invarg         00000001400230f8 f   LIBCMT:invarg.obj
 0001:00022100       _invalid_parameter         0000000140023100 f   LIBCMT:invarg.obj
 0001:00022168       _invalid_parameter_noinfo  0000000140023168 f   LIBCMT:invarg.obj
 0001:00022188       _invoke_watson             0000000140023188 f   LIBCMT:invarg.obj
 0001:000221c4       __doserrno                 00000001400231c4 f   LIBCMT:dosmap.obj
 0001:000221e4       _dosmaperr                 00000001400231e4 f   LIBCMT:dosmap.obj
 0001:00022234       _errno                     0000000140023234 f   LIBCMT:dosmap.obj
 0001:00022254       _get_errno_from_oserr      0000000140023254 f   LIBCMT:dosmap.obj
 0001:000222a4       _msize                     00000001400232a4 f   LIBCMT:msize.obj
 0001:000222e0       _calloc_crt                00000001400232e0 f   LIBCMT:crtheap.obj
 0001:00022360       _malloc_crt                0000000140023360 f   LIBCMT:crtheap.obj
 0001:000223dc       _realloc_crt               00000001400233dc f   LIBCMT:crtheap.obj
 0001:00022460       _recalloc_crt              0000000140023460 f   LIBCMT:crtheap.obj
 0001:000224e4       __C_specific_handler       00000001400234e4 f   LIBCMT:chandler.obj
 0001:000226c8       _heap_init                 00000001400236c8 f   LIBCMT:heapinit.obj
 0001:000226e8       __addlocaleref             00000001400236e8 f   LIBCMT:localref.obj
 0001:00022774       __freetlocinfo             0000000140023774 f   LIBCMT:localref.obj
 0001:0002290c       __removelocaleref          000000014002390c f   LIBCMT:localref.obj
 0001:000229b0       __updatetlocinfo           00000001400239b0 f   LIBCMT:localref.obj
 0001:00022a28       _updatetlocinfoEx_nolock   0000000140023a28 f   LIBCMT:localref.obj
 0001:00022a8c       __initmbctable             0000000140023a8c f   LIBCMT:mbctype.obj
 0001:00022da8       __updatetmbcinfo           0000000140023da8 f   LIBCMT:mbctype.obj
 0001:00022e64       _setmbcp                   0000000140023e64 f   LIBCMT:mbctype.obj
 0001:000230a8       _setmbcp_nolock            00000001400240a8 f   LIBCMT:mbctype.obj
 0001:00023358       strchr                     0000000140024358 f   LIBCMT:strchr.obj
 0001:000233e4       _freefls                   00000001400243e4 f   LIBCMT:tidtable.obj
 0001:00023518       _getptd                    0000000140024518 f   LIBCMT:tidtable.obj
 0001:0002353c       _getptd_noexit             000000014002453c f   LIBCMT:tidtable.obj
 0001:000235c0       _initptd                   00000001400245c0 f   LIBCMT:tidtable.obj
 0001:00023684       _mtinit                    0000000140024684 f   LIBCMT:tidtable.obj
 0001:00023704       _mtterm                    0000000140024704 f   LIBCMT:tidtable.obj
 0001:00023728       __isa_available_init       0000000140024728 f   LIBCMT:cpu_disp.obj
 0001:000238cc       _set_abort_behavior        00000001400248cc f   LIBCMT:abort.obj
 0001:000238e8       abort                      00000001400248e8 f   LIBCMT:abort.obj
 0001:00023940       _initp_misc_purevirt       0000000140024940 f   LIBCMT:inithelp.obj
 0001:00023948       _FF_MSGBANNER              0000000140024948 f   LIBCMT:crt0msg.obj
 0001:0002398c       _GET_RTERRMSG              000000014002498c f   LIBCMT:crt0msg.obj
 0001:000239bc       _NMSG_WRITE                00000001400249bc f   LIBCMT:crt0msg.obj
 0001:00023c2c       _calloc_impl               0000000140024c2c f   LIBCMT:calloc_impl.obj
 0001:00023cc8       strrchr                    0000000140024cc8 f   LIBCMT:strrchr.obj
 0001:00023e0c       strcspn                    0000000140024e0c f   LIBCMT:strcspn.obj
 0001:00023eac       strspn                     0000000140024eac f   LIBCMT:strspn.obj
 0001:00023f70       ?_inconsistency@@YAXXZ     0000000140024f70 f   LIBCMT:hooks.obj
 0001:00023f90       ?terminate@@YAXXZ          0000000140024f90 f   LIBCMT:hooks.obj
 0001:00023fb0       _initp_eh_hooks            0000000140024fb0 f   LIBCMT:hooks.obj
 0001:00023fd0       strcpy_s                   0000000140024fd0 f   LIBCMT:strcpy_s.obj
 0001:00024050       strlen                     0000000140025050 f   LIBCMT:strlen.obj
 0001:000240f8       _RTC_Initialize            00000001400250f8 f   LIBCMT:initsect.obj
 0001:00024130       _RTC_Terminate             0000000140025130 f   LIBCMT:initsect.obj
 0001:00024168       _lock                      0000000140025168 f   LIBCMT:mlock.obj
 0001:000241ac       _mtdeletelocks             00000001400251ac f   LIBCMT:mlock.obj
 0001:00024234       _mtinitlocknum             0000000140025234 f   LIBCMT:mlock.obj
 0001:000242f4       _mtinitlocks               00000001400252f4 f   LIBCMT:mlock.obj
 0001:00024358       _unlock                    0000000140025358 f   LIBCMT:mlock.obj
 0001:00024370       __crtCaptureCurrentContext 0000000140025370 f   LIBCMT:winapisupp.obj
 0001:000243e0       __crtCapturePreviousContext 00000001400253e0 f   LIBCMT:winapisupp.obj
 0001:00024454       __crtFlsAlloc              0000000140025454 f   LIBCMT:winapisupp.obj
 0001:00024470       __crtFlsFree               0000000140025470 f   LIBCMT:winapisupp.obj
 0001:0002448c       __crtFlsGetValue           000000014002548c f   LIBCMT:winapisupp.obj
 0001:000244a8       __crtFlsSetValue           00000001400254a8 f   LIBCMT:winapisupp.obj
 0001:000244c4       __crtGetShowWindowMode     00000001400254c4 f   LIBCMT:winapisupp.obj
 0001:000244f0       __crtInitializeCriticalSectionEx 00000001400254f0 f   LIBCMT:winapisupp.obj
 0001:0002451c       __crtIsPackagedApp         000000014002551c f   LIBCMT:winapisupp.obj
 0001:00024568       __crtLoadWinApiPointers    0000000140025568 f   LIBCMT:winapisupp.obj
 0001:00024964       __crtSetUnhandledExceptionFilter 0000000140025964 f   LIBCMT:winapisupp.obj
 0001:0002496c       __crtSleep                 000000014002596c f   LIBCMT:winapisupp.obj
 0001:00024974       __crtTerminateProcess      0000000140025974 f   LIBCMT:winapisupp.obj
 0001:00024994       __crtUnhandledException    0000000140025994 f   LIBCMT:winapisupp.obj
 0001:000249c0       _FindPESection             00000001400259c0 f   LIBCMT:pesect.obj
 0001:00024a10       _IsNonwritableInCurrentImage 0000000140025a10 f   LIBCMT:pesect.obj
 0001:00024a60       _ValidateImageBase         0000000140025a60 f   LIBCMT:pesect.obj
 0001:00024a90       _initp_misc_cfltcvt_tab    0000000140025a90 f   LIBCMT:cmiscdat.obj
 0001:00024acc       __get_sigabrt              0000000140025acc f   LIBCMT:winsig.obj
 0001:00024adc       _initp_misc_winsig         0000000140025adc f   LIBCMT:winsig.obj
 0001:00024afc       raise                      0000000140025afc f   LIBCMT:winsig.obj
 0001:00024d30       _initp_misc_rand_s         0000000140025d30 f   LIBCMT:rand_s.obj
 0001:00024d38       __daylight                 0000000140025d38 f   LIBCMT:timeset.obj
 0001:00024d40       __dstbias                  0000000140025d40 f   LIBCMT:timeset.obj
 0001:00024d48       __timezone                 0000000140025d48 f   LIBCMT:timeset.obj
 0001:00024d50       __tzname                   0000000140025d50 f   LIBCMT:timeset.obj
 0001:00024d58       _get_daylight              0000000140025d58 f   LIBCMT:timeset.obj
 0001:00024d88       _get_dstbias               0000000140025d88 f   LIBCMT:timeset.obj
 0001:00024db8       _get_timezone              0000000140025db8 f   LIBCMT:timeset.obj
 0001:00024de8       _gmtime64_s                0000000140025de8 f   LIBCMT:gmtime64.obj
 0001:000250b8       _localtime64_s             00000001400260b8 f   LIBCMT:loctim64.obj
 0001:000253c4       __tzset                    00000001400263c4 f   LIBCMT:tzset.obj
 0001:00025400       _isindst                   0000000140026400 f   LIBCMT:tzset.obj
 0001:00025e10       __GSHandlerCheck           0000000140026e10 f   LIBCMT:gshandler.obj
 0001:00025e30       __GSHandlerCheckCommon     0000000140026e30 f   LIBCMT:gshandler.obj
 0001:00025eb0       __security_check_cookie    0000000140026eb0 f   LIBCMT:amdsecgs.obj
 0001:00025ed0       strpbrk                    0000000140026ed0 f   LIBCMT:strpbrk.obj
 0001:00025f74       ?__CxxUnhandledExceptionFilter@@YAJPEAU_EXCEPTION_POINTERS@@@Z 0000000140026f74 f   LIBCMT:unhandld.obj
 0001:00025fac       __CxxSetUnhandledExceptionFilter 0000000140026fac f   LIBCMT:unhandld.obj
 0001:00025fc4       _XcptFilter                0000000140026fc4 f   LIBCMT:winxfltr.obj
 0001:00026190       _ioinit                    0000000140027190 f   LIBCMT:ioinit.obj
 0001:000264c0       _setargv                   00000001400274c0 f   LIBCMT:stdargv.obj
 0001:0002677c       _setenvp                   000000014002777c f   LIBCMT:stdenvp.obj
 0001:000268b0       __set_app_type             00000001400278b0 f   LIBCMT:errmode.obj
 0001:000268b8       _set_error_mode            00000001400278b8 f   LIBCMT:errmode.obj
 0001:000268f8       __security_init_cookie     00000001400278f8 f   LIBCMT:gs_support.obj
 0001:000269a4       __crtGetEnvironmentStringsA 00000001400279a4 f   LIBCMT:a_env.obj
 0001:00026a98       _wincmdln                  0000000140027a98 f   LIBCMT:wincmdln.obj
[...]
 0004:00002c28       $pdata$__report_gsfailure  000000014004cc28     LIBCMT:gs_report.obj
 0004:00002c34       $pdata$__report_rangecheckfailure 000000014004cc34     LIBCMT:gs_report.obj
 0004:00002c40       $pdata$__report_securityfailure 000000014004cc40     LIBCMT:gs_report.obj
 0004:00002c4c       $pdata$__initstdio         000000014004cc4c     LIBCMT:_file.obj
 0004:00002c58       $pdata$__endstdio          000000014004cc58     LIBCMT:_file.obj
 0004:00002c64       $pdata$_lock_file          000000014004cc64     LIBCMT:_file.obj
 0004:00002c70       $pdata$_lock_file2         000000014004cc70     LIBCMT:_file.obj
 0004:00002c7c       $pdata$_fileno             000000014004cc7c     LIBCMT:fileno.obj
 0004:00002c88       $pdata$_isatty             000000014004cc88     LIBCMT:isatty.obj
 0004:00002c94       $pdata$_fflush_nolock      000000014004cc94     LIBCMT:fflush.obj
 0004:00002ca0       $pdata$_flush              000000014004cca0     LIBCMT:fflush.obj
 0004:00002cac       $pdata$flsall              000000014004ccac     LIBCMT:fflush.obj
 0004:00002cb8       $pdata$_getenv_helper_nolock 000000014004ccb8     LIBCMT:getenv.obj
 0004:00002cc4       $pdata$___lc_codepage_func 000000014004ccc4     LIBCMT:initctyp.obj
 0004:00002cd0       $pdata$_locterm            000000014004ccd0     LIBCMT:wsetloca.obj
 0004:00002ce8       $pdata$_fcloseall          000000014004cce8     LIBCMT:closeall.obj
 0004:00002cf4       $pdata$_commit             000000014004ccf4     LIBCMT:commit.obj
 0004:00002d00       $pdata$_write              000000014004cd00     LIBCMT:write.obj
 0004:00002d0c       $pdata$_write_nolock       000000014004cd0c     LIBCMT:write.obj
 0004:00002d18       $pdata$?strtoxl@@YAKPEAUlocaleinfo_struct@@PEBDPEAPEBDHH@Z 000000014004cd18     LIBCMT:strtol.obj
 0004:00002d24       $pdata$strtol              000000014004cd24     LIBCMT:strtol.obj
 0004:00002d30       $pdata$__wtomb_environ     000000014004cd30     LIBCMT:wtombenv.obj
 0004:00002d3c       $pdata$_mbsnbicoll_l       000000014004cd3c     LIBCMT:mbsnbico.obj
 0004:00002d54       $pdata$_fclose_nolock      000000014004cd54     LIBCMT:fclose.obj
 0004:00002d60       $pdata$fclose              000000014004cd60     LIBCMT:fclose.obj
 0004:00002d6c       $pdata$__lock_fhandle      000000014004cd6c     LIBCMT:osfinfo.obj
 0004:00002d78       $pdata$_free_osfhnd        000000014004cd78     LIBCMT:osfinfo.obj
 0004:00002d84       $pdata$_get_osfhandle      000000014004cd84     LIBCMT:osfinfo.obj
 0004:00002d90       $pdata$_isleadbyte_l       000000014004cd90     LIBCMT:_wctype.obj
 0004:00002d9c       $pdata$isleadbyte          000000014004cd9c     LIBCMT:_wctype.obj
 0004:00002da8       $pdata$_lseeki64_nolock    000000014004cda8     LIBCMT:lseeki64.obj
 0004:00002db4       $pdata$_mbtowc_l           000000014004cdb4     LIBCMT:mbtowc.obj
 0004:00002dc0       $pdata$_putwch_nolock      000000014004cdc0     LIBCMT:putwch.obj
 0004:00002dcc       $pdata$_isctype_l          000000014004cdcc     LIBCMT:isctype.obj
 0004:00002dd8       $pdata$__crt_atoflt_l      000000014004cdd8     LIBCMT:atodbl.obj
 0004:00002de4       $pdata$_atodbl_l           000000014004cde4     LIBCMT:atodbl.obj
 0004:00002df0       $pdata$__crtsetenv         000000014004cdf0     LIBCMT:setenv.obj
 0004:00002dfc       $pdata$_strnicoll_l        000000014004cdfc     LIBCMT:strnicol.obj
 0004:00002e08       $pdata$?__crtCompareStringA_stat@@YAHPEAUlocaleinfo_struct@@PEB_WKPEBDH2HH@Z 000000014004ce08     LIBCMT:a_cmp.obj
 0004:00002e14       $pdata$__crtCompareStringA 000000014004ce14     LIBCMT:a_cmp.obj
 0004:00002e20       $pdata$_close              000000014004ce20     LIBCMT:close.obj
 0004:00002e2c       $pdata$_close_nolock       000000014004ce2c     LIBCMT:close.obj
 0004:00002e38       $pdata$_freebuf            000000014004ce38     LIBCMT:_freebuf.obj
 0004:00002e44       $pdata$__termconout        000000014004ce44     LIBCMT:initcon.obj
 0004:00002e50       $pdata$__initconout        000000014004ce50     LIBCMT:initcon.obj
 0004:00002e5c       $pdata$_ld12tod            000000014004ce5c     LIBCMT:intrncvt.obj
 0004:00002e68       $pdata$_ld12tof            000000014004ce68     LIBCMT:intrncvt.obj
 0004:00002e74       $pdata$__strgtold12_l      000000014004ce74     LIBCMT:strgtold.obj
 0004:00002e80       $pdata$_cfltcvt            000000014004ce80     LIBCMT:cvt.obj
 0004:00002e8c       $pdata$_cfltcvt_l          000000014004ce8c     LIBCMT:cvt.obj
 0004:00002e98       $pdata$_cftoa_l            000000014004ce98     LIBCMT:cvt.obj
 0004:00002ea4       $pdata$_cftoe2_l           000000014004cea4     LIBCMT:cvt.obj
 0004:00002eb0       $pdata$_cftoe_l            000000014004ceb0     LIBCMT:cvt.obj
 0004:00002ebc       $pdata$_cftof2_l           000000014004cebc     LIBCMT:cvt.obj
 0004:00002ec8       $pdata$_cftof_l            000000014004cec8     LIBCMT:cvt.obj
 0004:00002ed4       $pdata$_cftog_l            000000014004ced4     LIBCMT:cvt.obj
 0004:00002ee0       $pdata$_cropzeros_l        000000014004cee0     LIBCMT:cvt.obj
 0004:00002eec       $pdata$_fassign_l          000000014004ceec     LIBCMT:cvt.obj
 0004:00002ef8       $pdata$_forcdecpt_l        000000014004cef8     LIBCMT:cvt.obj
 0004:00002f04       $pdata$_strnicmp_l         000000014004cf04     LIBCMT:strnicmp.obj
 0004:00002f10       $pdata$__mtold12           000000014004cf10     LIBCMT:mantold.obj
 0004:00002f1c       $pdata$isdigit             000000014004cf1c     LIBCMT:_ctype.obj
 0004:00002f28       $pdata$_tolower_l          000000014004cf28     LIBCMT:tolower.obj
 0004:00002f34       $pdata$_fptostr            000000014004cf34     LIBCMT:_fptostr.obj
 0004:00002f40       $pdata$__dtold             000000014004cf40     LIBCMT:cfout.obj
 0004:00002f4c       $pdata$_fltout2            000000014004cf4c     LIBCMT:cfout.obj
 0004:00002f58       $pdata$$I10_OUTPUT         000000014004cf58     LIBCMT:x10fout.obj
 0004:00002f64       $pdata$?_GetEstablisherFrame@@YAPEA_KPEA_KPEAU_xDISPATCHER_CONTEXT@@PEBU_s_FuncInfo@@0@Z 000000014004cf64     LIBCMT:trnsctrl.obj
 0004:00002f70       $pdata$?_GetRangeOfTrysToCheck@@YAPEBU_s_TryBlockMapEntry@@PEA_KPEBU_s_FuncInfo@@HHPEAI2PEAU_xDISPATCHER_CONTEXT@@@Z 000000014004cf70     LIBCMT:trnsctrl.obj
 0004:00002f7c       $pdata$?__FrameUnwindToEmptyState@@YAXPEA_KPEAU_xDISPATCHER_CONTEXT@@PEBU_s_FuncInfo@@@Z 000000014004cf7c     LIBCMT:trnsctrl.obj
 0004:00002f88       $pdata$?__SehTransFilter@@YAHPEAU_EXCEPTION_POINTERS@@PEAUEHExceptionRecord@@PEA_KPEAU_CONTEXT@@PEAU_xDISPATCHER_CONTEXT@@PEBU_s_FuncInfo@@PEAH@Z 000000014004cf88     LIBCMT:trnsctrl.obj
 0004:00002f94       $pdata$_CallSETranslator   000000014004cf94     LIBCMT:trnsctrl.obj
 0004:00002fa0       $pdata$_CreateFrameInfo    000000014004cfa0     LIBCMT:trnsctrl.obj
 0004:00002fac       $pdata$_FindAndUnlinkFrame 000000014004cfac     LIBCMT:trnsctrl.obj
 0004:00002fb8       $pdata$_GetImageBase       000000014004cfb8     LIBCMT:trnsctrl.obj
 0004:00002fc4       $pdata$_GetThrowImageBase  000000014004cfc4     LIBCMT:trnsctrl.obj
 0004:00002fd0       $pdata$_IsExceptionObjectToBeDestroyed 000000014004cfd0     LIBCMT:trnsctrl.obj
 0004:00002fdc       $pdata$_SetImageBase       000000014004cfdc     LIBCMT:trnsctrl.obj
 0004:00002fe8       $pdata$_SetThrowImageBase  000000014004cfe8     LIBCMT:trnsctrl.obj
 0004:00002ff4       $pdata$_UnwindNestedFrames 000000014004cff4     LIBCMT:trnsctrl.obj
 0004:00003000       $pdata$__CxxFrameHandler3  000000014004d000     LIBCMT:trnsctrl.obj
 0004:0000300c       $pdata$__DestructExceptionObject 000000014004d00c     LIBCMT:frame.obj
 0004:00003018       $pdata$??0bad_exception@std@@QEAA@AEBV01@@Z 000000014004d018     LIBCMT:frame.obj
 0004:00003024       $pdata$??_Gbad_exception@std@@UEAAPEAXI@Z 000000014004d024     LIBCMT:frame.obj
 0004:00003030       $pdata$?CatchIt@@YAXPEAUEHExceptionRecord@@PEA_KPEAU_CONTEXT@@PEAU_xDISPATCHER_CONTEXT@@PEBU_s_FuncInfo@@PEBU_s_HandlerType@@PEBU_s_CatchableType@@PEBU_s_TryBlockMapEntry@@H1EE@Z 000000014004d030     LIBCMT:frame.obj
 0004:0000303c       $pdata$?FindHandler@@YAXPEAUEHExceptionRecord@@PEA_KPEAU_CONTEXT@@PEAU_xDISPATCHER_CONTEXT@@PEBU_s_FuncInfo@@EH1@Z 000000014004d03c     LIBCMT:frame.obj
 0004:00003048       $pdata$?FindHandlerForForeignException@@YAXPEAUEHExceptionRecord@@PEA_KPEAU_CONTEXT@@PEAU_xDISPATCHER_CONTEXT@@PEBU_s_FuncInfo@@HH1@Z 000000014004d048     LIBCMT:frame.obj
 0004:00003054       $pdata$?IsInExceptionSpec@@YAEPEAUEHExceptionRecord@@PEBU_s_ESTypeList@@@Z 000000014004d054     LIBCMT:frame.obj
 0004:00003060       $pdata$__BuildCatchObject  000000014004d060     LIBCMT:frame.obj
 0004:0000306c       $pdata$__BuildCatchObjectHelper 000000014004d06c     LIBCMT:frame.obj
 0004:00003078       $pdata$__CxxCallCatchBlock 000000014004d078     LIBCMT:frame.obj
 0004:00003084       $pdata$__FrameUnwindFilter 000000014004d084     LIBCMT:frame.obj
 0004:00003090       $pdata$__FrameUnwindToState 000000014004d090     LIBCMT:frame.obj
 0004:0000309c       $pdata$__InternalCxxFrameHandler 000000014004d09c     LIBCMT:frame.obj
 0004:000030a8       $pdata$__TypeMatch         000000014004d0a8     LIBCMT:frame.obj
 0004:000030b4       $pdata$?__GetCurrentState@@YAHPEA_KPEAU_xDISPATCHER_CONTEXT@@PEBU_s_FuncInfo@@@Z 000000014004d0b4     LIBCMT:ehstate.obj
 0004:000030c0       $pdata$?__GetUnwindTryBlock@@YAHPEA_KPEAU_xDISPATCHER_CONTEXT@@PEBU_s_FuncInfo@@@Z 000000014004d0c0     LIBCMT:ehstate.obj
 0004:000030cc       $pdata$?__SetUnwindTryBlock@@YAXPEA_KPEAU_xDISPATCHER_CONTEXT@@PEBU_s_FuncInfo@@H@Z 000000014004d0cc     LIBCMT:ehstate.obj
 0004:000030d8       $pdata$?__StateFromIp@@YAHPEBU_s_FuncInfo@@PEAU_xDISPATCHER_CONTEXT@@_J@Z 000000014004d0d8     LIBCMT:ehstate.obj
 0004:000030f0       $pdata$?catch$0@?0??AllocBuffer@CString@WTL@@IEAAHH@Z@4HA 000000014004d0f0     MainFrm.obj
 0004:000030fc       $pdata$?dtor$0@?0???HWTL@@YA?AVCString@0@AEBV10@0@Z@4HA 000000014004d0fc     SdiVC6.obj
 0004:000030fc       $pdata$?dtor$0@?0???HWTL@@YA?AVCString@0@AEBV10@PEBD@Z@4HA 000000014004d0fc     SdiVC6.obj
 0004:00003108       $pdata$?dtor$0@?0??Mid@CString@WTL@@QEBA?AV12@HH@Z@4HA 000000014004d108     SdiVC6.obj
 0004:00003114       $pdata$?catch$0@?0??OnOpenDocument@CDocument@@UEAAHPEBD@Z@4HA 000000014004d114     SdiVC6Doc.obj
 0004:00003120       $pdata$_onexit$fin$0       000000014004d120     LIBCMT:onexit.obj
 0004:0000312c       $pdata$?fin$0@?0???_M@YAXPEAX_KHP6AX0@Z@Z@4HA 000000014004d12c     LIBCMT:ehvecdtr.obj
 0004:00003138       $pdata$?filt$0@?0??__ArrayUnwind@@YAXPEAX_KHP6AX0@Z@Z@4HA 000000014004d138     LIBCMT:ehvecdtr.obj
 0004:00003144       $pdata$?fin$0@?0???_L@YAXPEAX_KHP6AX0@Z2@Z@4HA 000000014004d144     LIBCMT:ehvecctr.obj
 0004:00003150       $pdata$doexit$fin$0        000000014004d150     LIBCMT:crt0dat.obj
 0004:0000315c       $pdata$__tmainCRTStartup$filt$0 000000014004d15c     LIBCMT:wincrt0.obj
 0004:00003168       $pdata$?fin$0@?0??_Type_info_dtor@type_info@@CAXPEAV1@@Z@4HA 000000014004d168     LIBCMT:typname.obj
 0004:00003174       $pdata$__updatetmbcinfo$fin$0 000000014004d174     LIBCMT:mbctype.obj
 0004:00003174       $pdata$_setmbcp$fin$0      000000014004d174     LIBCMT:mbctype.obj
 0004:00003180       $pdata$_freefls$fin$1      000000014004d180     LIBCMT:tidtable.obj
 0004:00003180       $pdata$_initptd$fin$1      000000014004d180     LIBCMT:tidtable.obj
 0004:0000318c       $pdata$_initptd$fin$0      000000014004d18c     LIBCMT:tidtable.obj
 0004:0000318c       $pdata$_freefls$fin$0      000000014004d18c     LIBCMT:tidtable.obj
 0004:00003198       $pdata$_mtinitlocknum$fin$0 000000014004d198     LIBCMT:mlock.obj
 0004:000031a4       $pdata$_IsNonwritableInCurrentImage$filt$0 000000014004d1a4     LIBCMT:pesect.obj
 0004:000031b0       $pdata$raise$fin$0         000000014004d1b0     LIBCMT:winsig.obj
 0004:000031bc       $pdata$__tzset$fin$0       000000014004d1bc     LIBCMT:tzset.obj
 0004:000031bc       $pdata$_isindst$fin$0      000000014004d1bc     LIBCMT:tzset.obj
 0004:000031c8       $pdata$_tzset_nolock$fin$0 000000014004d1c8     LIBCMT:tzset.obj
 0004:000031d4       $pdata$_ioinit$fin$0       000000014004d1d4     LIBCMT:ioinit.obj
 0004:000031e0       $pdata$flsall$fin$0        000000014004d1e0     LIBCMT:fflush.obj
 0004:000031ec       $pdata$flsall$fin$1        000000014004d1ec     LIBCMT:fflush.obj
 0004:000031f8       $pdata$_locterm$fin$0      000000014004d1f8     LIBCMT:wsetloca.obj
 0004:000031f8       $pdata$__updatetlocinfo$fin$0 000000014004d1f8     LIBCMT:wsetloca.obj
 0004:00003204       $pdata$_fcloseall$fin$0    000000014004d204     LIBCMT:closeall.obj
 0004:00003210       $pdata$_close$fin$0        000000014004d210     LIBCMT:commit.obj
 0004:00003210       $pdata$_commit$fin$0       000000014004d210     LIBCMT:commit.obj
 0004:0000321c       $pdata$_write$fin$0        000000014004d21c     LIBCMT:write.obj
 0004:00003228       $pdata$fclose$fin$0        000000014004d228     LIBCMT:fclose.obj
 0004:00003234       $pdata$__lock_fhandle$fin$0 000000014004d234     LIBCMT:osfinfo.obj
 0004:00003240       $pdata$_CallSETranslator$filt$0 000000014004d240     LIBCMT:trnsctrl.obj
 0004:0000324c       $pdata$__CxxCallCatchBlock$filt$0 000000014004d24c     LIBCMT:frame.obj
 0004:00003258       $pdata$__CxxCallCatchBlock$fin$1 000000014004d258     LIBCMT:frame.obj
 0004:00003264       $pdata$__DestructExceptionObject$filt$0 000000014004d264     LIBCMT:frame.obj
 0004:00003270       $pdata$__FrameUnwindToState$filt$0 000000014004d270     LIBCMT:frame.obj
 0004:0000327c       $pdata$__FrameUnwindToState$fin$1 000000014004d27c     LIBCMT:frame.obj
 0004:00003288       $pdata$??__F_AtlWinModule@ATL@@YAXXZ 000000014004d288     MainFrm.obj
 0004:00003294       $pdata$??__F?wndTop@CWMHnd@@2V1@B@@YAXXZ 000000014004d294     StdAfx.obj
 0004:000032a0       $pdata$??__F?wndBottom@CWMHnd@@2V1@B@@YAXXZ 000000014004d2a0     StdAfx.obj
 0004:000032ac       $pdata$??__F?wndTopMost@CWMHnd@@2V1@B@@YAXXZ 000000014004d2ac     StdAfx.obj
 0004:000032b8       $pdata$??__F?wndNoTopMost@CWMHnd@@2V1@B@@YAXXZ 000000014004d2b8     StdAfx.obj
 0005:00000ee0       $R000000                   000000014004eee0     SdiVC6.res
 0005:000011c8       $R0002E8                   000000014004f1c8     SdiVC6.res
 0005:000012f0       $R000410                   000000014004f2f0     SdiVC6.res
 0005:00001318       $R000438                   000000014004f318     SdiVC6.res
 0005:00001600       $R000720                   000000014004f600     SdiVC6.res
 0005:00001728       $R000848                   000000014004f728     SdiVC6.res
 0005:00001750       $R000870                   000000014004f750     SdiVC6.res
 0005:00001b78       $R000C98                   000000014004fb78     SdiVC6.res
 0005:00001b98       $R000CB8                   000000014004fb98     SdiVC6.res
 0005:00001dd0       $R000EF0                   000000014004fdd0     SdiVC6.res
 0005:00001e38       $R000F58                   000000014004fe38     SdiVC6.res
 0005:00001f40       $R001060                   000000014004ff40     SdiVC6.res
 0005:00002230       $R001350                   0000000140050230     SdiVC6.res
 0005:00002368       $R001488                   0000000140050368     SdiVC6.res
 0005:00002420       $R001540                   0000000140050420     SdiVC6.res
 0005:00002448       $R001568                   0000000140050448     SdiVC6.res
 0005:00002580       $R0016A0                   0000000140050580     SdiVC6.res
 0005:00002598       $R0016B8                   0000000140050598     SdiVC6.res
 0005:000026d0       $R0017F0                   00000001400506d0     SdiVC6.res
 0005:000026e8       $R001808                   00000001400506e8     SdiVC6.res
 0005:00002820       $R001940                   0000000140050820     SdiVC6.res
 0005:00002838       $R001958                   0000000140050838     SdiVC6.res
 0005:00002970       $R001A90                   0000000140050970     SdiVC6.res
 0005:00002988       $R001AA8                   0000000140050988     SdiVC6.res
 0005:00002ac0       $R001BE0                   0000000140050ac0     SdiVC6.res
 0005:00002ad8       $R001BF8                   0000000140050ad8     SdiVC6.res
 0005:00002c10       $R001D30                   0000000140050c10     SdiVC6.res
 0005:00002c28       $R001D48                   0000000140050c28     SdiVC6.res
 0005:00002d60       $R001E80                   0000000140050d60     SdiVC6.res
 0005:00002d78       $R001E98                   0000000140050d78     SdiVC6.res
 0005:00002eb0       $R001FD0                   0000000140050eb0     SdiVC6.res
 0005:00002ec8       $R001FE8                   0000000140050ec8     SdiVC6.res
 0005:00003000       $R002120                   0000000140051000     SdiVC6.res
 0005:00003018       $R002138                   0000000140051018     SdiVC6.res
 0005:00003150       $R002270                   0000000140051150     SdiVC6.res
 0005:00003168       $R002288                   0000000140051168     SdiVC6.res
 0005:000032a0       $R0023C0                   00000001400512a0     SdiVC6.res
 0005:000032b8       $R0023D8                   00000001400512b8     SdiVC6.res
 0005:000033f0       $R002510                   00000001400513f0     SdiVC6.res
 0005:00003408       $R002528                   0000000140051408     SdiVC6.res
 0005:00003540       $R002660                   0000000140051540     SdiVC6.res
 0005:00003558       $R002678                   0000000140051558     SdiVC6.res
 0005:00003690       $R0027B0                   0000000140051690     SdiVC6.res
 0005:000036a8       $R0027C8                   00000001400516a8     SdiVC6.res
 0005:00003790       $R0028B0                   0000000140051790     SdiVC6.res
 0005:000037c8       $R0028E8                   00000001400517c8     SdiVC6.res
 0005:00003880       $R0029A0                   0000000140051880     SdiVC6.res
 0005:000039c8       $R002AE8                   00000001400519c8     SdiVC6.res
 0005:00003a48       $R002B68                   0000000140051a48     SdiVC6.res
 0005:00003a80       $R002BA0                   0000000140051a80     SdiVC6.res
 0005:00003ac8       $R002BE8                   0000000140051ac8     SdiVC6.res
 0005:00003ba0       $R002CC0                   0000000140051ba0     SdiVC6.res
 0005:00003c40       $R002D60                   0000000140051c40     SdiVC6.res
 0005:00003da0       $R002EC0                   0000000140051da0     SdiVC6.res
 0005:00003e18       $R002F38                   0000000140051e18     SdiVC6.res
 0005:00003e58       $R002F78                   0000000140051e58     SdiVC6.res
 0005:00004018       $R003138                   0000000140052018     SdiVC6.res
 0005:000040b8       $R0031D8                   00000001400520b8     SdiVC6.res
 0005:000041b0       $R0032D0                   00000001400521b0     SdiVC6.res
 0005:00004210       $R003330                   0000000140052210     SdiVC6.res
 0005:00004278       $R003398                   0000000140052278     SdiVC6.res
 0005:000042a8       $R0033C8                   00000001400522a8     SdiVC6.res
 0005:00004390       $R0034B0                   0000000140052390     SdiVC6.res
 0005:000046e8       $R003808                   00000001400526e8     SdiVC6.res
 0005:00004760       $R003880                   0000000140052760     SdiVC6.res
 0005:000048f0       $R003A10                   00000001400528f0     SdiVC6.res
 0005:00004ab0       $R003BD0                   0000000140052ab0     SdiVC6.res
 0005:00004d98       $R003EB8                   0000000140052d98     SdiVC6.res
 0005:00004ef8       $R004018                   0000000140052ef8     SdiVC6.res
 0005:00004f88       $R0040A8                   0000000140052f88     SdiVC6.res
 0005:00004fb0       $R0040D0                   0000000140052fb0     SdiVC6.res
 0005:00005018       $R004138                   0000000140053018     SdiVC6.res
 0005:000052d8       $R0043F8                   00000001400532d8     SdiVC6.res
