 viewex

 Timestamp is 591fe4f8 (Sat May 20 15:40:56 2017)

 Preferred load address is 00400000

 Start         Length     Name                   Class
 0001:00000000 00029d66H .text                   CODE
 0001:00029d70 000010b3H .text$x                 CODE
 0002:00000000 00000408H .idata$5                DATA
 0002:00000408 00001844H .rdata                  DATA
 0002:00001c50 00000044H .rdata$r                DATA
 0002:00001c98 000013f8H .xdata$x                DATA
 0002:00003090 000000a0H .idata$2                DATA
 0002:00003130 00000014H .idata$3                DATA
 0002:00003144 00000408H .idata$4                DATA
 0002:0000354c 000010e6H .idata$6                DATA
 0002:00004632 00000000H .edata                  DATA
 0003:00000000 00000004H .CRT$XCA                DATA
 0003:00000004 0000001cH .CRT$XCU                DATA
 0003:00000020 00000004H .CRT$XCZ                DATA
 0003:00000024 00000004H .CRT$XIA                DATA
 0003:00000028 00000008H .CRT$XIC                DATA
 0003:00000030 00000004H .CRT$XIY                DATA
 0003:00000034 00000004H .CRT$XIZ                DATA
 0003:00000038 00000004H .CRT$XPA                DATA
 0003:0000003c 00000004H .CRT$XPZ                DATA
 0003:00000040 00000004H .CRT$XTA                DATA
 0003:00000044 00000004H .CRT$XTB                DATA
 0003:00000048 00000004H .CRT$XTZ                DATA
 0003:00000050 00002dc0H .data                   DATA
 0003:00002e10 00000a70H .bss                    DATA
 0004:00000000 00000c28H .rsrc$01                DATA
 0004:00000c30 000043e8H .rsrc$02                DATA

  Address         Publics by Value              Rva+Base     Lib:Object

 0001:00000000       ?GetRuntimeClass@CEnterDlg@@UBEPAUCRuntimeClass@@XZ 00401000 f   Enterdlg.obj
 0001:00000010       ??0CEnterDlg@@QAE@PAVCWnd@@@Z 00401010 f   Enterdlg.obj
 0001:00000140       ??_GCEnterDlg@@UAEPAXI@Z   00401140 f i Enterdlg.obj
 0001:00000140       ??_ECEnterDlg@@UAEPAXI@Z   00401140 f i Enterdlg.obj
 0001:00000160       ??1CEnterDlg@@UAE@XZ       00401160 f i Enterdlg.obj
 0001:00000370       ?DoDataExchange@CEnterDlg@@MAEXPAVCDataExchange@@@Z 00401370 f   Enterdlg.obj
 0001:000004f0       ?RemoveOwner@?$CHandleList@PAUHDC__@@VCDCMTL@@PAUHWND__@@@@QAEHQAUHWND__@@@Z 004014f0 f i Enterdlg.obj
 0001:000004f0       ?RemoveOwner@?$CHandleList@PAXVCGdiObject@@PAUHWND__@@@@QAEHQAUHWND__@@@Z 004014f0 f i Enterdlg.obj
 0001:000004f0       ?RemoveOwner@?$CHandleList@PAUHMENU__@@VCMenuMTL@@PAUHWND__@@@@QAEHQAUHWND__@@@Z 004014f0 f i Enterdlg.obj
 0001:000004f0       ?RemoveOwner@?$CHandleList@PAXXPAUHWND__@@@@QAEHQAUHWND__@@@Z 004014f0 f i Enterdlg.obj
 0001:00000560       ?memcpy_x@SecureHelper@WTL@@YAXPAXIPBXI@Z 00401560 f i Enterdlg.obj
 0001:00000590       ??_9@$BHE@AE               00401590 f i Enterdlg.obj
 0001:000005a0       ??_9@$BHI@AE               004015a0 f i Enterdlg.obj
 0001:000005b0       ??1CString@WTL@@QAE@XZ     004015b0 f i Enterdlg.obj
 0001:000005e0       ?AllocBuffer@CString@WTL@@IAEHH@Z 004015e0 f i Enterdlg.obj
 0001:00000640       ?Release@CString@WTL@@IAEXXZ 00401640 f i Enterdlg.obj
 0001:00000680       ?Release@CString@WTL@@KGXPAUCStringData@2@@Z 00401680 f i Enterdlg.obj
 0001:000006b0       ?_ProcessWindowMessage@CCmdTarget@@UAEHPAUHWND__@@IIJAAJ@Z 004016b0 f i Enterdlg.obj
 0001:000006c0       ?GetCurrentMessage@CCmdTarget@@UBEPBUtagMSG@@XZ 004016c0 f i Enterdlg.obj
 0001:000006d0       ??1CWMHnd@@UAE@XZ          004016d0 f i Enterdlg.obj
 0001:00000910       ?DefWindowProcA@CWMHnd@@UAEJIIJ@Z 00401910 f i Enterdlg.obj
 0001:00000930       ?WindowProc@CWMHnd@@UAEJIIJ@Z 00401930 f i Enterdlg.obj
 0001:00000950       ?CalcWindowRect@CWMHnd@@UAEXPAUtagRECT@@I@Z 00401950 f i Enterdlg.obj
 0001:00000990       ?DoDataExchange@CWMHnd@@UAEXPAVCDataExchange@@@Z 00401990 f i Enterdlg.obj
 0001:00000990       ?SetRadio@CTestCmdUI@@UAEXH@Z 00401990 f i Enterdlg.obj
 0001:00000990       ?SetText@CTestCmdUI@@UAEXPBD@Z 00401990 f i Enterdlg.obj
 0001:00000990       ?Serialize@CObject@@UAEXAAVCArchive@@@Z 00401990 f i Enterdlg.obj
 0001:00000990       ?SetCheck@CTestCmdUI@@UAEXH@Z 00401990 f i Enterdlg.obj
 0001:00000990       ?RegisterShellFileTypes@CDocManager@@UAEXH@Z 00401990 f i Enterdlg.obj
 0001:00000990       ?OnDraw@CView@@UAEXPAVCDCMTL@@@Z 00401990 f i Enterdlg.obj
 0001:00000990       ?OnDocumentEvent@CDocument@@UAEXW4DocumentEvent@1@@Z 00401990 f i Enterdlg.obj
 0001:00000990       ?PreCloseFrame@CDocument@@UAEXPAVCFrameWnd@@@Z 00401990 f i Enterdlg.obj
 0001:000009a0       ?EnableWindow@CWMHnd@@UAEXH@Z 004019a0 f i Enterdlg.obj
 0001:000009c0       ?GetMenu@CWMHnd@@UBEPAVCMenuMTL@@XZ 004019c0 f i Enterdlg.obj
 0001:00000a50       ?NewNode@?$CHandleList@PAXVCGdiObject@@PAUHWND__@@@@QAEPAV?$CHandlePair@PAXPAVCGdiObject@@PAUHWND__@@@@PAX@Z 00401a50 f i Enterdlg.obj
 0001:00000a50       ?NewNode@?$CHandleList@PAUHDC__@@VCDCMTL@@PAUHWND__@@@@QAEPAV?$CHandlePair@PAUHDC__@@PAVCDCMTL@@PAUHWND__@@@@PAUHDC__@@@Z 00401a50 f i Enterdlg.obj
 0001:00000a50       ?NewNode@?$CHandleList@PAUHMENU__@@VCMenuMTL@@PAUHWND__@@@@QAEPAV?$CHandlePair@PAUHMENU__@@PAVCMenuMTL@@PAUHWND__@@@@PAUHMENU__@@@Z 00401a50 f i Enterdlg.obj
 0001:00000a50       ?NewNode@?$CHandleHashList@PAUHWND__@@VCWMHnd@@PAU1@$0BB@@@QAEPAV?$CHandlePair@PAUHWND__@@PAVCWMHnd@@PAU1@@@PAUHWND__@@@Z 00401a50 f i Enterdlg.obj
 0001:00000a90       ?classHandleFuncCMenuMTL@CMenuMTL@@SAPAXPAX0@Z 00401a90 f i Enterdlg.obj
 0001:00000ad0       ??_ECMenuMTL@@UAEPAXI@Z    00401ad0 f i Enterdlg.obj
 0001:00000ad0       ??_GCMenuMTL@@UAEPAXI@Z    00401ad0 f i Enterdlg.obj
 0001:00000af0       ??1CMenuMTL@@UAE@XZ        00401af0 f i Enterdlg.obj
 0001:00000bc0       ??1?$CMenuT@$00@WTL@@QAE@XZ 00401bc0 f i Enterdlg.obj
 0001:00000be0       ?PreTranslateMessage@CWMHnd@@UAEHPAUtagMSG@@@Z 00401be0 f i Enterdlg.obj
 0001:00000be0       ?OnShareViolation@CFileDialogMTL@@UAEIPBD@Z 00401be0 f i Enterdlg.obj
 0001:00000be0       ?GetScrollBarCtrl@CWMHnd@@UBEPAVCScrollBarMTL@@H@Z 00401be0 f i Enterdlg.obj
 0001:00000bf0       ?SetMenu@CWMHnd@@UAEHPAVCMenuMTL@@@Z 00401bf0 f i Enterdlg.obj
 0001:00000c20       ??_ECWMHnd@@UAEPAXI@Z      00401c20 f i Enterdlg.obj
 0001:00000c20       ??_GCWMHnd@@UAEPAXI@Z      00401c20 f i Enterdlg.obj
 0001:00000e30       ?WindowProc@CWnd@@UAEJIIJ@Z 00401e30 f i Enterdlg.obj
 0001:00000e80       ?OnWndMsg@CWnd@@UAEHIIJPAJ@Z 00401e80 f i Enterdlg.obj
 0001:00000f00       ?OnChildNotify@CWnd@@UAEHIIJPAJ@Z 00401f00 f i Enterdlg.obj
 0001:000010f0       ?OnCommand@CWnd@@UAEHIJ@Z  004020f0 f i Enterdlg.obj
 0001:00001250       ?Enable@CTestCmdUI@@UAEXH@Z 00402250 f i Enterdlg.obj
 0001:00001270       ?OnToolHitTest@CWnd@@UBEJVCPoint@WTL@@PAUtagTOOLINFOA@@@Z 00402270 f i Enterdlg.obj
 0001:000013a0       ?OnNotify@CWnd@@UAEHIJPAJ@Z 004023a0 f i Enterdlg.obj
 0001:000014a0       ?Create@CWnd@@UAEHPBD0KABUtagRECT@@PAV1@IPAUCCreateContext@@@Z 004024a0 f i Enterdlg.obj
 0001:00001500       ?CreateEx@CWnd@@UAEHKPBD0KHHHHPAUHWND__@@PAUHMENU__@@PAX@Z 00402500 f i Enterdlg.obj
 0001:00001690       ?CbtFilterHook@CWnd@@SGJHIJ@Z 00402690 f i Enterdlg.obj
 0001:00001860       ?classHandleFuncCWMHnd@CWMHnd@@SAPAXPAX0@Z 00402860 f i Enterdlg.obj
 0001:000018b0       ?AfxWindowProc@CWMHnd@@SGJPAUHWND__@@IIJ@Z 004028b0 f i Enterdlg.obj
 0001:00001900       ?DestroyWindow@CWMHnd@@UAEHXZ 00402900 f i Enterdlg.obj
 0001:00001900       ?DestroyWindow@CWnd@@UAEHXZ 00402900 f i Enterdlg.obj
 0001:00001910       ?PreCreateWindow@CWnd@@UAEHAAUtagCREATESTRUCTA@@@Z 00402910 f i Enterdlg.obj
 0001:00001c60       ??YCString@WTL@@QAEAAV01@PBD@Z 00402c60 f i Enterdlg.obj
 0001:00001d80       ?ConcatInPlace@CString@WTL@@IAEXHPBD@Z 00402d80 f i Enterdlg.obj
 0001:00001e80       ?_AfxInitCommonControls@CAfx@@SAJPAUtagINITCOMMONCONTROLSEX@@J@Z 00402e80 f i Enterdlg.obj
 0001:00001ea0       ?_AfxRegisterWithIcon@CAfx@@SAHPAUtagWNDCLASSA@@PBDI@Z 00402ea0 f i Enterdlg.obj
 0001:000020e0       ??0CModuleState@@QAE@XZ    004030e0 f i Enterdlg.obj
 0001:00002110       ?AfxRegisterClass@CAfx@@SAHPAUtagWNDCLASSA@@@Z 00403110 f i Enterdlg.obj
 0001:00002340       ?ContinueModal@CWnd@@UAEHXZ 00403340 f i Enterdlg.obj
 0001:00002350       ?EndModalLoop@CWnd@@UAEXH@Z 00403350 f i Enterdlg.obj
 0001:00002380       ??_GCWnd@@UAEPAXI@Z        00403380 f i Enterdlg.obj
 0001:00002380       ??_ECWnd@@UAEPAXI@Z        00403380 f i Enterdlg.obj
 0001:000023a0       ??1CWnd@@UAE@XZ            004033a0 f i Enterdlg.obj
 0001:00002610       ?_ProcessWindowMessage@CWnd@@UAEHPAUHWND__@@IIJAAJ@Z 00403610 f i Enterdlg.obj
 0001:00002890       ??1?$CDCT@$00@WTL@@QAE@XZ  00403890 f i Enterdlg.obj
 0001:000028b0       ?FromHandle@?$CHandleHashList@PAUHWND__@@VCWMHnd@@PAU1@$0BB@@@QAEPAVCWMHnd@@QAUHWND__@@PAV2@0Q6APAXPAX2@Z@Z 004038b0 f i Enterdlg.obj
 0001:00002970       ?SetAttribDC@CDCMTL@@UAEXPAUHDC__@@@Z 00403970 f i Enterdlg.obj
 0001:00002980       ?ReleaseAttribDC@CDCMTL@@UAEXXZ 00403980 f i Enterdlg.obj
 0001:00002990       ?SaveDC@CDCMTL@@UAEHXZ     00403990 f i Enterdlg.obj
 0001:000029d0       ?RestoreDC@CDCMTL@@UAEHH@Z 004039d0 f i Enterdlg.obj
 0001:00002a20       ?TextOutA@CDCMTL@@UAEHHHPBDH@Z 00403a20 f i Enterdlg.obj
 0001:00002a50       ??_GCDCMTL@@UAEPAXI@Z      00403a50 f i Enterdlg.obj
 0001:00002a50       ??_ECDCMTL@@UAEPAXI@Z      00403a50 f i Enterdlg.obj
 0001:00002a70       ??1CDCMTL@@UAE@XZ          00403a70 f i Enterdlg.obj
 0001:00002b40       ?UnsubclassWindow@CWMHnd@@QAEPAUHWND__@@XZ 00403b40 f i Enterdlg.obj
 0001:00002d90       ?classHandleFuncCWnd@CWnd@@SAPAXPAX0@Z 00403d90 f i Enterdlg.obj
 0001:00002df0       ?OnOK@CDialog@@UAEXXZ      00403df0 f i Enterdlg.obj
 0001:00002e60       ?OnCancel@CDialog@@UAEXXZ  00403e60 f i Enterdlg.obj
 0001:00002e90       ?OnInitDialog@CDialog@@UAEHXZ 00403e90 f i Enterdlg.obj
 0001:00002f60       ?ExecuteDlgInit@CWnd@@QAEHPAX@Z 00403f60 f i Enterdlg.obj
 0001:00003040       ?Create@CDialog@@UAEHIPAVCWnd@@@Z 00404040 f i Enterdlg.obj
 0001:00003060       ?Create@CDialog@@UAEHPBDPAVCWnd@@@Z 00404060 f i Enterdlg.obj
 0001:00003210       ?AtlModuleAddCreateWndData@ATL@@YGXPAU_ATL_MODULE@1@PAU_AtlCreateWndData@1@PAX@Z 00404210 f i Enterdlg.obj
 0001:00003250       ?AfxEndDeferRegisterClass@CAfx@@SAHJ@Z 00404250 f i Enterdlg.obj
 0001:000037e0       ?CreateIndirect@CDialog@@UAEHPAXPAVCWnd@@PAUHINSTANCE__@@@Z 004047e0 f i Enterdlg.obj
 0001:00003980       ?DoModal@CDialog@@UAEJXZ   00404980 f i Enterdlg.obj
 0001:00003d30       ?classHandleFuncCDialog@CDialog@@SAPAXPAX0@Z 00404d30 f i Enterdlg.obj
 0001:00003da0       ?PreTranslateMessage@CDialog@@UAEHPAUtagMSG@@@Z 00404da0 f i Enterdlg.obj
 0001:00003eb0       ??_ECDialog@@UAEPAXI@Z     00404eb0 f i Enterdlg.obj
 0001:00003eb0       ??_GCDialog@@UAEPAXI@Z     00404eb0 f i Enterdlg.obj
 0001:00003ed0       ??1CDialog@@UAE@XZ         00404ed0 f i Enterdlg.obj
 0001:000040f0       ?AfxDlgProc@CWnd@@SGJPAUHWND__@@IIJ@Z 004050f0 f i Enterdlg.obj
 0001:000042e0       ?FromHandleWnd@CModuleThreadState@@QAEPAVCWMHnd@@PAUHWND__@@PAV2@0P6APAXPAX2@Z@Z 004052e0 f i Enterdlg.obj
 0001:000043b0       ?RemoveHandleDC@CModuleThreadState@@QAEPAUHDC__@@PAU2@@Z 004053b0 f i Enterdlg.obj
 0001:00004420       ?GetCModuleState@CWinApp@@SAPAVCModuleState@@XZ 00405420 f i Enterdlg.obj
 0001:00004460       ?cModuleState@?1??GetCModuleState@CWinApp@@SAPAVCModuleState@@XZ@$AV2@A 00405460 f i Enterdlg.obj
 0001:00004470       ??1CModuleState@@QAE@XZ    00405470 f i Enterdlg.obj
 0001:00004500       ?OnCmdMsg@CDialog@@UAEHIHPAXPAUAFX_CMDHANDLERINFO@@@Z 00405500 f i Enterdlg.obj
 0001:000046b0       ?PreTranslateMessage@CWnd@@UAEHPAUtagMSG@@@Z 004056b0 f i Enterdlg.obj
 0001:00004700       ?CreateObject@CInputView@@SAPAVCObject@@XZ 00405700 f   Inputvw.obj
 0001:00004760       ?GetRuntimeClass@CInputView@@UBEPAUCRuntimeClass@@XZ 00405760 f   Inputvw.obj
 0001:00004770       ??0CInputView@@IAE@XZ      00405770 f   Inputvw.obj
 0001:00004900       ??_GCInputView@@MAEPAXI@Z  00405900 f i Inputvw.obj
 0001:00004900       ??_ECInputView@@MAEPAXI@Z  00405900 f i Inputvw.obj
 0001:00004920       ??1CInputView@@MAE@XZ      00405920 f   Inputvw.obj
 0001:00004ac0       ?OnUpdate@CInputView@@MAEXPAVCView@@JPAVCObject@@@Z 00405ac0 f   Inputvw.obj
 0001:00004c00       ?DoDataExchange@CInputView@@MAEXPAVCDataExchange@@@Z 00405c00 f   Inputvw.obj
 0001:00004da0       ?_ProcessWindowMessage@CInputView@@UAEHPAUHWND__@@IIJAAJ@Z 00405da0 f i Inputvw.obj
 0001:00004e70       ?OnDataChange@CInputView@@IAEXXZ 00405e70 f   Inputvw.obj
 0001:00005010       ?GetBuffer@CString@WTL@@QAEPADH@Z 00406010 f i Inputvw.obj
 0001:000050c0       ?CopyBeforeWrite@CString@WTL@@IAEXXZ 004060c0 f i Inputvw.obj
 0001:00005160       ??0_AUX_DATA@@QAE@XZ       00406160 f i Inputvw.obj
 0001:00005200       ??0CWnd@@QAE@PAUHWND__@@@Z 00406200 f i Inputvw.obj
 0001:00005240       ?OnBeginPrinting@CView@@UAEXPAVCDCMTL@@PAUCPrintInfo@@@Z 00406240 f i Inputvw.obj
 0001:00005240       ?OnEndPrinting@CView@@UAEXPAVCDCMTL@@PAUCPrintInfo@@@Z 00406240 f i Inputvw.obj
 0001:00005240       ?OnActivateFrame@CView@@UAEXIPAVCFrameWnd@@@Z 00406240 f i Inputvw.obj
 0001:00005250       ?OnActivateView@CView@@UAEXHPAV1@0@Z 00406250 f i Inputvw.obj
 0001:00005350       ?GetOwner@CWnd@@QAEPAV1@XZ 00406350 f i Inputvw.obj
 0001:00005490       ?OnInitialUpdate@CView@@UAEXXZ 00406490 f i Inputvw.obj
 0001:000054a0       ?OnPrint@CView@@UAEXPAVCDCMTL@@PAUCPrintInfo@@@Z 004064a0 f i Inputvw.obj
 0001:000054b0       ?OnPrepareDC@CView@@UAEXPAVCDCMTL@@PAUCPrintInfo@@@Z 004064b0 f i Inputvw.obj
 0001:000054e0       ?OnPreparePrinting@CView@@UAEHPAUCPrintInfo@@@Z 004064e0 f i Inputvw.obj
 0001:000054f0       ?OnScrollBy@CView@@UAEHVCSize@WTL@@H@Z 004064f0 f i Inputvw.obj
 0001:000054f0       ?OnScroll@CView@@UAEHIIH@Z 004064f0 f i Inputvw.obj
 0001:00005500       ?OnUpdate@CView@@UAEXPAV1@JPAVCObject@@@Z 00406500 f i Inputvw.obj
 0001:00005520       ?PreCreateWindow@CView@@UAEHAAUtagCREATESTRUCTA@@@Z 00406520 f i Inputvw.obj
 0001:00005870       ??_GCView@@UAEPAXI@Z       00406870 f i Inputvw.obj
 0001:00005870       ??_ECView@@UAEPAXI@Z       00406870 f i Inputvw.obj
 0001:00005890       ?_ProcessWindowMessage@CView@@UAEHPAUHWND__@@IIJAAJ@Z 00406890 f i Inputvw.obj
 0001:00005c10       ??1?$CHandleWrapper@VCDCMTL@@PAUHDC__@@V?$CDCT@$00@WTL@@@@UAE@XZ 00406c10 f i Inputvw.obj
 0001:00005ce0       ?AddTail@?$CList@PAXPAX@@QAEPAU__POSITION@@PAX@Z 00406ce0 f i Inputvw.obj
 0001:00005d10       ??_9@$BIM@AE               00406d10 f i Inputvw.obj
 0001:00005d20       ??0CPaintDCMTL@@QAE@PAVCWMHnd@@@Z 00406d20 f i Inputvw.obj
 0001:00005d80       ??1CPaintDCMTL@@UAE@XZ     00406d80 f i Inputvw.obj
 0001:00005e60       ??_ECPaintDCMTL@@UAEPAXI@Z 00406e60 f i Inputvw.obj
 0001:00005e60       ??_GCPaintDCMTL@@UAEPAXI@Z 00406e60 f i Inputvw.obj
 0001:00005e80       ?GetParentFrame@CWnd@@QAEPAVCFrameWnd@@XZ 00406e80 f i Inputvw.obj
 0001:00006020       ?SetActiveView@CFrameWnd@@QAEXPAVCView@@H@Z 00407020 f i Inputvw.obj
 0001:00006070       ?OnPrepareDC@CScrollView@@UAEXPAVCDCMTL@@PAUCPrintInfo@@@Z 00407070 f i Inputvw.obj
 0001:000061e0       ?SetViewportExt@CDCMTL@@QAE?AVCSize@WTL@@HH@Z 004071e0 f i Inputvw.obj
 0001:00006250       ?SetWindowExt@CDCMTL@@QAE?AVCSize@WTL@@HH@Z 00407250 f i Inputvw.obj
 0001:000062c0       ?GetScrollPos@CWMHnd@@QBEHH@Z 004072c0 f i Inputvw.obj
 0001:00006300       ?OnScroll@CScrollView@@UAEHIIH@Z 00407300 f i Inputvw.obj
 0001:00006440       ?OnScrollBy@CScrollView@@UAEHVCSize@WTL@@H@Z 00407440 f i Inputvw.obj
 0001:00006750       ?GetScrollInfo@CWMHnd@@QAEHHPAUtagSCROLLINFO@@I@Z 00407750 f i Inputvw.obj
 0001:00006790       ?CCalcWindowRect@CScrollView@@UAEXPAUtagRECT@@I@Z 00407790 f i Inputvw.obj
 0001:000068b0       ?GetWheelScrollDistance@CScrollView@@UAE?AVCSize@WTL@@V23@HH@Z 004078b0 f i Inputvw.obj
 0001:00006910       ??_ECScrollView@@UAEPAXI@Z 00407910 f i Inputvw.obj
 0001:00006910       ??_GCScrollView@@UAEPAXI@Z 00407910 f i Inputvw.obj
 0001:00006930       ??1CScrollView@@UAE@XZ     00407930 f i Inputvw.obj
 0001:00006ad0       ?RemoveHandle@?$CHandleHashList@PAUHWND__@@VCWMHnd@@PAU1@$0BB@@@QAEPAUHWND__@@QAU2@@Z 00407ad0 f i Inputvw.obj
 0001:00006b50       ?RemoveOwner@?$CHandleHashList@PAUHWND__@@VCWMHnd@@PAU1@$0BB@@@QAEHQAUHWND__@@@Z 00407b50 f i Inputvw.obj
 0001:00006be0       ?_ProcessWindowMessage@CScrollView@@UAEHPAUHWND__@@IIJAAJ@Z 00407be0 f i Inputvw.obj
 0001:00006e50       ?IsKindOf@CObject@@QBEHPBUCRuntimeClass@@@Z 00407e50 f i Inputvw.obj
 0001:00006e80       ?DoMouseWheel@CScrollView@@QAEHIFVCPoint@WTL@@@Z 00407e80 f i Inputvw.obj
 0001:00006ff0       ?SetScaleToFitSize@CScrollView@@QAEXUtagSIZE@@@Z 00407ff0 f i Inputvw.obj
 0001:00007300       ??0CRect@WTL@@QAE@XZ       00408300 f i Inputvw.obj
 0001:00007310       ?SetScrollRange@CWMHnd@@QAEXHHHH@Z 00408310 f i Inputvw.obj
 0001:00007370       ?EnableScrollBarCtrl@CWMHnd@@QAEXHH@Z 00408370 f i Inputvw.obj
 0001:000073c0       ?SetScrollInfo@CWMHnd@@QAEHHPAUtagSCROLLINFO@@H@Z 004083c0 f i Inputvw.obj
 0001:00007410       ?GetScrollBarSizes@CScrollView@@QAEXAAVCSize@WTL@@@Z 00408410 f i Inputvw.obj
 0001:00007480       ?GetScrollBarState@CScrollView@@QAEXVCSize@WTL@@AAV23@1AAVCPoint@3@H@Z 00408480 f i Inputvw.obj
 0001:000075e0       ?GetTrueClientSize@CScrollView@@QAEHAAVCSize@WTL@@0@Z 004085e0 f i Inputvw.obj
 0001:000076e0       ?ScrollToDevicePosition@CScrollView@@QAEXUtagPOINT@@@Z 004086e0 f i Inputvw.obj
 0001:00007850       ?UpdateBars@CScrollView@@QAEXXZ 00408850 f i Inputvw.obj
 0001:00007c30       ??GCSize@WTL@@QBE?AV01@UtagSIZE@@@Z 00408c30 f i Inputvw.obj
 0001:00007c50       ?ScrollWindow@CWMHnd@@QAEXHHPBUtagRECT@@0@Z 00408c50 f i Inputvw.obj
 0001:00007d30       ?SetScrollPos@CWMHnd@@QAEHHHH@Z 00408d30 f i Inputvw.obj
 0001:00007d70       ?GetDeviceScrollPosition@CScrollView@@QBE?AVCPoint@WTL@@XZ 00408d70 f i Inputvw.obj
 0001:00007de0       ?OnActivateView@CFormView@@UAEXHPAVCView@@0@Z 00408de0 f i Inputvw.obj
 0001:00007ed0       ?AfxGetParentOwner@CWnd@@SAPAUHWND__@@PAU2@@Z 00408ed0 f i Inputvw.obj
 0001:00007f70       ?OnActivateFrame@CFormView@@UAEXIPAVCFrameWnd@@@Z 00408f70 f i Inputvw.obj
 0001:00007fa0       ?OnInitialUpdate@CFormView@@UAEXXZ 00408fa0 f i Inputvw.obj
 0001:00008000       ?Create@CFormView@@UAEHPBD0KABUtagRECT@@PAVCWnd@@IPAUCCreateContext@@@Z 00409000 f i Inputvw.obj
 0001:00008220       ?_AfxModifyStyle@CWMHnd@@SAHPAUHWND__@@HKKI@Z 00409220 f i Inputvw.obj
 0001:00008280       ?CreateDlgIndirect@CWnd@@QAEHPBUDLGTEMPLATE@@PAV1@PAUHINSTANCE__@@@Z 00409280 f i Inputvw.obj
 0001:00008350       ?SetScrollSizes@CScrollView@@QAEXHUtagSIZE@@ABU2@1@Z 00409350 f i Inputvw.obj
 0001:00008580       ?RemoveHandle@?$CHandleList@PAUHDC__@@VCDCMTL@@PAUHWND__@@@@QAEPAUHDC__@@QAU2@@Z 00409580 f i Inputvw.obj
 0001:000085e0       ??_ECWindowDCMTL@@UAEPAXI@Z 004095e0 f i Inputvw.obj
 0001:000085e0       ??_GCWindowDCMTL@@UAEPAXI@Z 004095e0 f i Inputvw.obj
 0001:00008600       ??1CWindowDCMTL@@UAE@XZ    00409600 f i Inputvw.obj
 0001:000086e0       ?PreTranslateMessage@CFormView@@UAEHPAUtagMSG@@@Z 004096e0 f i Inputvw.obj
 0001:00008900       ??_GCFormView@@UAEPAXI@Z   00409900 f i Inputvw.obj
 0001:00008900       ??_ECFormView@@UAEPAXI@Z   00409900 f i Inputvw.obj
 0001:00008920       ??1CFormView@@UAE@XZ       00409920 f i Inputvw.obj
 0001:00008ac0       ?_ProcessWindowMessage@CFormView@@UAEHPAUHWND__@@IIJAAJ@Z 00409ac0 f i Inputvw.obj
 0001:00008d10       ?OnEndPrintPreview@CView@@UAEXPAVCDCMTL@@PAUCPrintInfo@@UtagPOINT@@PAVCPreviewView@@@Z 00409d10 f i Inputvw.obj
 0001:00008ee0       ?IsDerivedFrom@CRuntimeClass@@QBEHPBU1@@Z 00409ee0 f i Inputvw.obj
 0001:00008f00       ?OnChangedViewList@CDocument@@QAEXXZ 00409f00 f i Inputvw.obj
 0001:00009190       ?OnCloseDocument@CDocument@@QAEXXZ 0040a190 f i Inputvw.obj
 0001:00009270       ?AddView@CDocument@@QAEXPAVCView@@@Z 0040a270 f i Inputvw.obj
 0001:000094d0       ?UpdateFrameCounts@CDocument@@QAEXXZ 0040a4d0 f i Inputvw.obj
 0001:00009740       ??1CView@@UAE@XZ           0040a740 f i Inputvw.obj
 0001:00009920       ??_GCDocument@@QAEPAXI@Z   0040a920 f i Inputvw.obj
 0001:00009940       ?OnCmdMsg@CView@@UAEHIHPAXPAUAFX_CMDHANDLERINFO@@@Z 0040a940 f i Inputvw.obj
 0001:00009a70       ??1CDocument@@QAE@XZ       0040aa70 f i Inputvw.obj
 0001:00009b70       ?RemoveHandleWnd@CModuleThreadState@@QAEPAUHWND__@@PAU2@@Z 0040ab70 f i Inputvw.obj
 0001:00009de0       ?FromHandle@CWnd@@SAPAV1@PAUHWND__@@PAV1@0P6APAXPAX2@Z@Z 0040ade0 f i Inputvw.obj
 0001:00009eb0       ?CreateObject@CMainDoc@@SAPAVCObject@@XZ 0040aeb0 f   Maindoc.obj
 0001:00009f10       ?GetRuntimeClass@CMainDoc@@UBEPAUCRuntimeClass@@XZ 0040af10 f   Maindoc.obj
 0001:00009fa0       ??0CMainDoc@@IAE@XZ        0040afa0 f   Maindoc.obj
 0001:00009ff0       ?_ProcessWindowMessage@CMainDoc@@UAEHPAUHWND__@@IIJAAJ@Z 0040aff0 f i Maindoc.obj
 0001:0000a1a0       ??_ECMainDoc@@UAEPAXI@Z    0040b1a0 f i Maindoc.obj
 0001:0000a1a0       ??_GCMainDoc@@UAEPAXI@Z    0040b1a0 f i Maindoc.obj
 0001:0000a1c0       ??1CMainDoc@@UAE@XZ        0040b1c0 f   Maindoc.obj
 0001:0000a300       ?OnNewDocument@CMainDoc@@MAEHXZ 0040b300 f   Maindoc.obj
 0001:0000a490       ?Serialize@CMainDoc@@UAEXAAVCArchive@@@Z 0040b490 f   Maindoc.obj
 0001:0000a4a0       ?OnChangeData@CMainDoc@@IAEXXZ 0040b4a0 f   Maindoc.obj
 0001:0000a7a0       ?AssignCopy@CString@WTL@@IAEXHPBD@Z 0040b7a0 f i Maindoc.obj
 0001:0000a860       ?AllocBeforeWrite@CString@WTL@@IAEHH@Z 0040b860 f i Maindoc.obj
 0001:0000a900       ?GetCException@CAfx@@SAAAVCException@@H@Z 0040b900 f i Maindoc.obj
 0001:0000aa10       ?SetWindowPos@CWMHnd@@QAEHPBV1@HHHHI@Z 0040ba10 f i Maindoc.obj
 0001:0000aa50       ?GetSafeOwner_@CWnd@@SAPAUHWND__@@PAU2@PAPAU2@@Z 0040ba50 f i Maindoc.obj
 0001:0000abb0       ?GetFirstViewPosition@CDocument@@UBEPAU__POSITION@@XZ 0040bbb0 f i Maindoc.obj
 0001:0000abc0       ?GetNextView@CDocument@@UBEPAVCView@@AAPAU__POSITION@@@Z 0040bbc0 f i Maindoc.obj
 0001:0000abe0       ?ReleaseFile@CDocument@@UAEXPAVCFile@@H@Z 0040bbe0 f i Maindoc.obj
 0001:0000ac20       ??1CFile@@QAE@XZ           0040bc20 f i Maindoc.obj
 0001:0000adc0       ??4CString@WTL@@QAEAAV01@PBD@Z 0040bdc0 f i Maindoc.obj
 0001:0000ae90       ?OsErrorToException@CFileException@@SAHJ@Z 0040be90 f i Maindoc.obj
 0001:0000b040       ?Abort@CFile@@UAEXXZ       0040c040 f i Maindoc.obj
 0001:0000b140       ?Close@CFile@@UAEXXZ       0040c140 f i Maindoc.obj
 0001:0000b240       ?ThrowOsError@CFileException@@SAXJPBD@Z 0040c240 f i Maindoc.obj
 0001:0000b500       ?GetFilePath@CFile@@UBE?AVCString@WTL@@XZ 0040c500 f i Maindoc.obj
 0001:0000b760       ?LoadStringA@CString@WTL@@QAEHI@Z 0040c760 f i Maindoc.obj
 0001:0000b980       ??0CTime@@QAE@ABU_SYSTEMTIME@@H@Z 0040c980 f i Maindoc.obj
 0001:0000bb10       ??0CTime@@QAE@ABU_FILETIME@@H@Z 0040cb10 f i Maindoc.obj
 0001:0000bd90       ??0CSimpleException@@QAE@HI@Z 0040cd90 f i Maindoc.obj
 0001:0000bdb0       ??0CTime@@QAE@HHHHHHH@Z    0040cdb0 f i Maindoc.obj
 0001:0000bf00       ?IsValidFILETIME@CTime@@SAHABU_FILETIME@@@Z 0040cf00 f i Maindoc.obj
 0001:0000bf40       ?GetLength@CFile@@UBE_KXZ  0040cf40 f i Maindoc.obj
 0001:0000bf90       ?Open@CFile@@UAEHPBDIPAVCFileException@@@Z 0040cf90 f i Maindoc.obj
 0001:0000c2b0       ?_AfxFullPath2@CAfx@@SAHPADPBDPAVCFileException@@@Z 0040d2b0 f i Maindoc.obj
 0001:0000c500       ?Read@CFile@@UAEIPAXI@Z    0040d500 f i Maindoc.obj
 0001:0000c550       ?Write@CFile@@UAEXPBXI@Z   0040d550 f i Maindoc.obj
 0001:0000c5b0       ?AfxThrowFileException@CFile@@SAXHJPBD@Z 0040d5b0 f i Maindoc.obj
 0001:0000c6f0       ?Seek@CFile@@UAE_K_JI@Z    0040d6f0 f i Maindoc.obj
 0001:0000c750       ?SetModifiedFlag@CDocument@@UAEXH@Z 0040d750 f i Maindoc.obj
 0001:0000c760       ?SetTitle@CDocument@@UAEXPBD@Z 0040d760 f i Maindoc.obj
 0001:0000c9b0       ?OnCmdMsg@CDocument@@UAEHIHPAXPAUAFX_CMDHANDLERINFO@@@Z 0040d9b0 f i Maindoc.obj
 0001:0000caf0       ?OnOpenDocument@CDocument@@UAEHPBD@Z 0040daf0 f i Maindoc.obj
 0001:0000cdb0       ??4CString@WTL@@QAEAAV01@ABV01@@Z 0040ddb0 f i Maindoc.obj
 0001:0000ce80       ?Flush@CArchive@@QAEXXZ    0040de80 f i Maindoc.obj
 0001:0000ced0       ??_GCFile@@QAEPAXI@Z       0040ded0 f i Maindoc.obj
 0001:0000cef0       ?DoWaitCursor@CWinApp@@QAEXH@Z 0040def0 f i Maindoc.obj
 0001:0000cf60       ??1CWaitCursor@@QAE@XZ     0040df60 f i Maindoc.obj
 0001:0000cfb0       ??1CArchive@@QAE@XZ        0040dfb0 f i Maindoc.obj
 0001:0000cff0       ?OnSaveDocument@CDocument@@UAEHPBD@Z 0040dff0 f i Maindoc.obj
 0001:0000d230       ?DoSave@CDocument@@UAEHPBDH@Z 0040e230 f i Maindoc.obj
 0001:0000d5a0       ?Tokenize@@YA?AVCString@WTL@@AAV12@PADAAH@Z 0040e5a0 f i Maindoc.obj
 0001:0000d5d0       ?Tokenize@CAfx@@SA?AVCString@WTL@@AAV23@PADAAH@Z 0040e5d0 f i Maindoc.obj
 0001:0000d6f0       ?Mid@CString@WTL@@QBE?AV12@HH@Z 0040e6f0 f i Maindoc.obj
 0001:0000d870       ?DoPromptFileName@CWinApp@@QAEHAAVCString@WTL@@IKHPAVCDocTemplate@@@Z 0040e870 f i Maindoc.obj
 0001:0000d8a0       ?DoPromptFileName@CDocManager@@QAEHAAVCString@WTL@@IKHPAVCDocTemplate@@@Z 0040e8a0 f i Maindoc.obj
 0001:0000dda0       ?Empty@CString@WTL@@QAEXXZ 0040eda0 f i Maindoc.obj
 0001:0000dec0       ?SetAt@CString@WTL@@QAEXHD@Z 0040eec0 f i Maindoc.obj
 0001:0000df70       ??YCString@WTL@@QAEAAV01@ABV01@@Z 0040ef70 f i Maindoc.obj
 0001:0000e080       ?Mid@CString@WTL@@QBE?AV12@H@Z 0040f080 f i Maindoc.obj
 0001:0000e0b0       ?ReleaseBuffer@CString@WTL@@QAEXH@Z 0040f0b0 f i Maindoc.obj
 0001:0000e170       ?_LoadString@CString@WTL@@KGHIPADI@Z 0040f170 f i Maindoc.obj
 0001:0000e1a0       ??0CCommonDialog@@QAE@PAVCWnd@@@Z 0040f1a0 f i Maindoc.obj
 0001:0000e1e0       ?OnOK@CCommonDialog@@UAEXXZ 0040f1e0 f i Maindoc.obj
 0001:0000e240       ?Default@CWMHnd@@QAEJXZ    0040f240 f i Maindoc.obj
 0001:0000e240       ?OnInitDialog@CWMHnd@@UAEHXZ 0040f240 f i Maindoc.obj
 0001:0000e240       ?OnCancel@CCommonDialog@@UAEXXZ 0040f240 f i Maindoc.obj
 0001:0000e260       ??_ECCommonDialog@@UAEPAXI@Z 0040f260 f i Maindoc.obj
 0001:0000e260       ??_GCCommonDialog@@UAEPAXI@Z 0040f260 f i Maindoc.obj
 0001:0000e280       ??1CCommonDialog@@UAE@XZ   0040f280 f i Maindoc.obj
 0001:0000e4a0       ?_ProcessWindowMessage@CEnterDlg@@UAEHPAUHWND__@@IIJAAJ@Z 0040f4a0 f i Maindoc.obj
 0001:0000e4a0       ?_ProcessWindowMessage@CCommonDialog@@UAEHPAUHWND__@@IIJAAJ@Z 0040f4a0 f i Maindoc.obj
 0001:0000e4a0       ?_ProcessWindowMessage@CDialog@@UAEHPAUHWND__@@IIJAAJ@Z 0040f4a0 f i Maindoc.obj
 0001:0000e540       ??1CFileDialogMTL@@UAE@XZ  0040f540 f i Maindoc.obj
 0001:0000e750       ?OnInitDone@CFileDialogMTL@@UAEXXZ 0040f750 f i Maindoc.obj
 0001:0000e980       ?OnLBSelChangedNotify@CFileDialogMTL@@UAEXIII@Z 0040f980 f i Maindoc.obj
 0001:0000e990       ?OnNotify@CFileDialogMTL@@UAEHIJPAJ@Z 0040f990 f i Maindoc.obj
 0001:0000eb60       ?DoModal@CFileDialogMTL@@UAEJXZ 0040fb60 f i Maindoc.obj
 0001:0000ece0       ??_GCFileDialogMTL@@UAEPAXI@Z 0040fce0 f i Maindoc.obj
 0001:0000ece0       ??_ECFileDialogMTL@@UAEPAXI@Z 0040fce0 f i Maindoc.obj
 0001:0000ed00       ?_AfxAppendFilterSuffix@@YAXAAVCString@WTL@@AAUtagOFNA@@PAVCDocTemplate@@PAV12@@Z 0040fd00 f i Maindoc.obj
 0001:0000efe0       ?_AfxCommDlgProc@CCommonDialog@@SGKPAUHWND__@@IIJ@Z 0040ffe0 f i Maindoc.obj
 0001:0000f250       ?CenterWindow@CWindow@ATL@@QAEHPAUHWND__@@@Z 00410250 f i Maindoc.obj
 0001:0000f3e0       ?SaveModified@CDocument@@UAEHXZ 004103e0 f i Maindoc.obj
 0001:0000f700       ?AfxFormatStrings@CAfx@@SAXAAVCString@WTL@@IPBQBDH@Z 00410700 f i Maindoc.obj
 0001:0000f8c0       ?AfxFormatStrings@CAfx@@SAXAAVCString@WTL@@PBDPBQBDH@Z 004108c0 f i Maindoc.obj
 0001:0000fb90       ?AfxGetFileTitle@CAfx@@SAIPBDPADI@Z 00410b90 f i Maindoc.obj
 0001:0000fc20       ?ShowAppMessageBox@CWinApp@@SAHPAV1@PBDII@Z 00410c20 f i Maindoc.obj
 0001:0000fde0       ?SetPathName@CDocument@@UAEXPBDH@Z 00410de0 f i Maindoc.obj
 0001:0000ff40       ?RunModalLoop@CWnd@@QAEHK@Z 00410f40 f i Maindoc.obj
 0001:000100e0       ?CreateObject@CTextView@@SAPAVCObject@@XZ 004110e0 f   Simpvw.obj
 0001:00010140       ?GetRuntimeClass@CTextView@@UBEPAUCRuntimeClass@@XZ 00411140 f   Simpvw.obj
 0001:00010150       ??0CTextView@@IAE@XZ       00411150 f   Simpvw.obj
 0001:00010180       ??_ECTextView@@UAEPAXI@Z   00411180 f i Simpvw.obj
 0001:00010180       ??_GCTextView@@UAEPAXI@Z   00411180 f i Simpvw.obj
 0001:000101a0       ??1CTextView@@UAE@XZ       004111a0 f   Simpvw.obj
 0001:00010320       ?OnDraw@CTextView@@UAEXPAVCDCMTL@@@Z 00411320 f   Simpvw.obj
 0001:00010400       ?OnMouseActivate@CColorView@@IAEHPAVCWnd@@II@Z 00411400 f   Simpvw.obj
 0001:00010400       ?OnMouseActivate@CTextView@@IAEHPAVCWnd@@II@Z 00411400 f   Simpvw.obj
 0001:00010420       ?CreateObject@CColorView@@SAPAVCObject@@XZ 00411420 f   Simpvw.obj
 0001:00010480       ?GetRuntimeClass@CColorView@@UBEPAUCRuntimeClass@@XZ 00411480 f   Simpvw.obj
 0001:00010490       ??0CColorView@@IAE@XZ      00411490 f   Simpvw.obj
 0001:000104c0       ?_ProcessWindowMessage@CTextView@@UAEHPAUHWND__@@IIJAAJ@Z 004114c0 f i Simpvw.obj
 0001:000104c0       ?_ProcessWindowMessage@CColorView@@UAEHPAUHWND__@@IIJAAJ@Z 004114c0 f i Simpvw.obj
 0001:000105e0       ??_GCColorView@@UAEPAXI@Z  004115e0 f i Simpvw.obj
 0001:000105e0       ??_ECColorView@@UAEPAXI@Z  004115e0 f i Simpvw.obj
 0001:00010600       ??1CColorView@@UAE@XZ      00411600 f   Simpvw.obj
 0001:00010780       ?OnDraw@CColorView@@UAEXPAVCDCMTL@@@Z 00411780 f   Simpvw.obj
 0001:000108b0       ?OnActivateView@CColorView@@UAEXHPAVCView@@0@Z 004118b0 f   Simpvw.obj
 0001:000108c0       ??1?$CBrushT@$00@WTL@@QAE@XZ 004118c0 f i Simpvw.obj
 0001:000108e0       ??_ECBrushMTL@@UAEPAXI@Z   004118e0 f i Simpvw.obj
 0001:000108e0       ??_GCBrushMTL@@UAEPAXI@Z   004118e0 f i Simpvw.obj
 0001:00010900       ??1CBrushMTL@@UAE@XZ       00411900 f i Simpvw.obj
 0001:000109d0       ?CreateObject@CSplitterFrame@@SAPAVCObject@@XZ 004119d0 f   Splitter.obj
 0001:00010a30       ?GetRuntimeClass@CSplitterFrame@@UBEPAUCRuntimeClass@@XZ 00411a30 f   Splitter.obj
 0001:00010a40       ??0CSplitterFrame@@IAE@XZ  00411a40 f   Splitter.obj
 0001:00010c70       ??_GCSplitterFrame@@UAEPAXI@Z 00411c70 f i Splitter.obj
 0001:00010c70       ??_ECSplitterFrame@@UAEPAXI@Z 00411c70 f i Splitter.obj
 0001:00010c90       ??1CSplitterFrame@@UAE@XZ  00411c90 f   Splitter.obj
 0001:00010e60       ?OnCreateClient@CSplitterFrame@@UAEHPAUtagCREATESTRUCTA@@PAUCCreateContext@@@Z 00411e60 f   Splitter.obj
 0001:00010ff0       ?_ProcessWindowMessage@C3WaySplitterFrame@@UAEHPAUHWND__@@IIJAAJ@Z 00411ff0 f i Splitter.obj
 0001:00010ff0       ?_ProcessWindowMessage@CSplitterFrame@@UAEHPAUHWND__@@IIJAAJ@Z 00411ff0 f i Splitter.obj
 0001:000112a0       ?CreateObject@C3WaySplitterFrame@@SAPAVCObject@@XZ 004122a0 f   Splitter.obj
 0001:00011300       ?GetRuntimeClass@C3WaySplitterFrame@@UBEPAUCRuntimeClass@@XZ 00412300 f   Splitter.obj
 0001:00011310       ??0C3WaySplitterFrame@@IAE@XZ 00412310 f   Splitter.obj
 0001:000114d0       ??_GC3WaySplitterFrame@@UAEPAXI@Z 004124d0 f i Splitter.obj
 0001:000114d0       ??_EC3WaySplitterFrame@@UAEPAXI@Z 004124d0 f i Splitter.obj
 0001:000114f0       ??1C3WaySplitterFrame@@UAE@XZ 004124f0 f   Splitter.obj
 0001:000116d0       ?OnCreateClient@C3WaySplitterFrame@@UAEHPAUtagCREATESTRUCTA@@PAUCCreateContext@@@Z 004126d0 f   Splitter.obj
 0001:000117c0       ?GetRuntimeClass@CViewExSplitWnd@@UBEPAUCRuntimeClass@@XZ 004127c0 f   Splitter.obj
 0001:000117d0       ??0CViewExSplitWnd@@QAE@XZ 004127d0 f   Splitter.obj
 0001:00011950       ??_ECViewExSplitWnd@@UAEPAXI@Z 00412950 f i Splitter.obj
 0001:00011950       ??_GCViewExSplitWnd@@UAEPAXI@Z 00412950 f i Splitter.obj
 0001:00011970       ??1CViewExSplitWnd@@UAE@XZ 00412970 f   Splitter.obj
 0001:00011b60       ?GetActivePane@CViewExSplitWnd@@UAEPAVCWnd@@PAH0@Z 00412b60 f   Splitter.obj
 0001:00011ca0       ?AddHead@?$CList@PAVCFrameWnd@@ABQAV1@@@QAEPAU__POSITION@@ABQAVCFrameWnd@@@Z 00412ca0 f i Splitter.obj
 0001:00011cd0       ?Remove@?$CList@PAVCFrameWnd@@ABQAV1@@@QAEXABQAVCFrameWnd@@@Z 00412cd0 f i Splitter.obj
 0001:00011d30       ?RemoveAt@?$CList@PAVCFrameWnd@@ABQAV1@@@QAEXPAU__POSITION@@@Z 00412d30 f i Splitter.obj
 0001:00011d90       ?_GetEmptyString@CString@WTL@@KGABV12@XZ 00412d90 f i Splitter.obj
 0001:00011da0       ??0CWMHnd@@QAE@PAUHWND__@@@Z 00412da0 f i Splitter.obj
 0001:00011dd0       ?OnCreateClient@CFrameWnd@@UAEHPAUtagCREATESTRUCTA@@PAUCCreateContext@@@Z 00412dd0 f i Splitter.obj
 0001:00011e90       ?OnCreateHelper@CFrameWnd@@QAEHPAUtagCREATESTRUCTA@@PAUCCreateContext@@@Z 00412e90 f i Splitter.obj
 0001:00011f00       ?OnShowMenuBar@CFrameWnd@@UAEXXZ 00412f00 f i Splitter.obj
 0001:00011f00       ?_simpleResourceException@?1??GetCException@CAfx@@SAAAVCException@@H@Z@$AVCResourceException@@A 00412f00 f i Splitter.obj
 0001:00011f00       ?_afxdata@?1??GetAfxData@CAfx@@SAABU_AUX_DATA@@XZ@$AU2@A 00412f00 f i Splitter.obj
 0001:00011f00       ?OnFolderChange@CFileDialogMTL@@UAEXXZ 00412f00 f i Splitter.obj
 0001:00011f00       ?_simpleInvalidArgException@?1??GetCException@CAfx@@SAAAVCException@@H@Z@$AVCInvalidArgException@@A 00412f00 f i Splitter.obj
 0001:00011f00       ?DeleteContents@CDocument@@UAEXXZ 00412f00 f i Splitter.obj
 0001:00011f00       ?_simpleMemoryException@?1??GetCException@CAfx@@SAAAVCException@@H@Z@$AVCMemoryException@@A 00412f00 f i Splitter.obj
 0001:00011f00       ?OnTypeChange@CFileDialogMTL@@UAEXXZ 00412f00 f i Splitter.obj
 0001:00011f00       ?_simpleNotSupportedException@?1??GetCException@CAfx@@SAAAVCException@@H@Z@$AVCNotSupportedException@@A 00412f00 f i Splitter.obj
 0001:00011f00       ?OnHideMenuBar@CFrameWnd@@UAEXXZ 00412f00 f i Splitter.obj
 0001:00011f00       ?UpdateOFNFromShellDialog@CFileDialogMTL@@UAEXXZ 00412f00 f i Splitter.obj
 0001:00011f00       ?PostNcDestroy@CWMHnd@@UAEXXZ 00412f00 f i Splitter.obj
 0001:00011f00       ?OnFileNameChange@CFileDialogMTL@@UAEXXZ 00412f00 f i Splitter.obj
 0001:00011f10       ?ActivateFrame@CFrameWnd@@UAEXH@Z 00412f10 f i Splitter.obj
 0001:00011fb0       ?Create@CFrameWnd@@UAEHPBD0KABUtagRECT@@PAVCWnd@@0KPAUCCreateContext@@@Z 00412fb0 f i Splitter.obj
 0001:00012100       ?GetActiveFrame@CFrameWnd@@UAEPAV1@XZ 00413100 f i Splitter.obj
 0001:00012110       ?InitInstance@CWinApp@@UAEHXZ 00413110 f i Splitter.obj
 0001:00012110       ?IsFrameWnd@CFrameWnd@@UAEHXZ 00413110 f i Splitter.obj
 0001:00012120       ?LoadFrame@CFrameWnd@@UAEHIKPAVCWnd@@PAUCCreateContext@@@Z 00413120 f i Splitter.obj
 0001:00012490       ?AfxExtractSubString@CAfx@@SAHAAVCString@WTL@@PBDHD@Z 00413490 f i Splitter.obj
 0001:000126b0       ?AfxRegisterWndClass@CAfx@@SAPBDIPAUHICON__@@PAUHBRUSH__@@0@Z 004136b0 f i Splitter.obj
 0001:00012960       ?SendMessageToDescendants@CWnd@@QAEXPAUHWND__@@IIJHH@Z 00413960 f i Splitter.obj
 0001:00012a70       ?PostNcDestroy@CFrameWnd@@UAEXXZ 00413a70 f i Splitter.obj
 0001:00012a70       ?PostNcDestroy@CView@@UAEXXZ 00413a70 f i Splitter.obj
 0001:00012a80       ?PreCreateWindow@CFrameWnd@@UAEHAAUtagCREATESTRUCTA@@@Z 00413a80 f i Splitter.obj
 0001:00012dd0       ?PreTranslateMessage@CFrameWnd@@UAEHPAUtagMSG@@@Z 00413dd0 f i Splitter.obj
 0001:00012e60       ?RecalcLayout@CFrameWnd@@UAEXH@Z 00413e60 f i Splitter.obj
 0001:00012ff0       ?RepositionBars@CWnd@@QAEXIIIIPAUtagRECT@@PBU2@H@Z 00413ff0 f i Splitter.obj
 0001:00013330       ??_ECFrameWnd@@UAEPAXI@Z   00414330 f i Splitter.obj
 0001:00013330       ??_GCFrameWnd@@UAEPAXI@Z   00414330 f i Splitter.obj
 0001:00013350       ??1CFrameWnd@@UAE@XZ       00414350 f i Splitter.obj
 0001:00013550       ?_ProcessWindowMessage@CFrameWnd@@UAEHPAUHWND__@@IIJAAJ@Z 00414550 f i Splitter.obj
 0001:00013c80       ??0?$CHandleWrapper@VCDCMTL@@PAUHDC__@@V?$CDCT@$00@WTL@@@@QAE@PAUHDC__@@@Z 00414c80 f i Splitter.obj
 0001:00013c80       ??0?$CHandleWrapper@VCMenuMTL@@PAUHMENU__@@V?$CMenuT@$00@WTL@@@@QAE@PAUHMENU__@@@Z 00414c80 f i Splitter.obj
 0001:00013ca0       ??1?$CHandleWrapper@VCMenuMTL@@PAUHMENU__@@V?$CMenuT@$00@WTL@@@@UAE@XZ 00414ca0 f i Splitter.obj
 0001:00013d70       ??0CDCMTL@@QAE@PAUHDC__@@@Z 00414d70 f i Splitter.obj
 0001:00013da0       ?GetSubMenu@CMenuMTL@@QAEPAV1@H@Z 00414da0 f i Splitter.obj
 0001:00013e40       ??0CCmdUI@@QAE@XZ          00414e40 f i Splitter.obj
 0001:00013e70       ?OnIdle@CCmdUI@@QAEHPAVCCmdTarget@@H@Z 00414e70 f i Splitter.obj
 0001:00013ee0       ?GetTopLevelParent@CWnd@@QAEPAV1@XZ 00414ee0 f i Splitter.obj
 0001:00014050       ?Enable@CCmdUI@@UAEXH@Z    00415050 f i Splitter.obj
 0001:00014190       ?SetCheck@CCmdUI@@UAEXH@Z  00415190 f i Splitter.obj
 0001:00014200       ?SetRadio@CCmdUI@@UAEXH@Z  00415200 f i Splitter.obj
 0001:00014250       ?SetText@CCmdUI@@UAEXPBD@Z 00415250 f i Splitter.obj
 0001:00014320       ?OnEraseBkgnd@CFrameWnd@@QAEHPAVCDCMTL@@@Z 00415320 f i Splitter.obj
 0001:00014360       ?OnIdleUpdateCmdUI@CFrameWnd@@QAEXXZ 00415360 f i Splitter.obj
 0001:000143f0       ?OnMenuSelect@CFrameWnd@@QAEXIIPAUHMENU__@@@Z 004153f0 f i Splitter.obj
 0001:00014670       ?GetDescendantWindow@CWnd@@QAEPAV1@PAUHWND__@@HH@Z 00415670 f i Splitter.obj
 0001:000147f0       ?OnPopMessageString@CFrameWnd@@QAEJIJ@Z 004157f0 f i Splitter.obj
 0001:00014820       ?OnSetMessageString@CFrameWnd@@QAEJIJ@Z 00415820 f i Splitter.obj
 0001:000149e0       ?AfxLoadString@CAfx@@SAHIPADI@Z 004159e0 f i Splitter.obj
 0001:00014aa0       ?OnSize@CFrameWnd@@QAEXIHH@Z 00415aa0 f i Splitter.obj
 0001:00014ae0       ?DestroyDockBars@CFrameWnd@@QAEXXZ 00415ae0 f i Splitter.obj
 0001:00014cc0       ?NewNode@?$CList@PAXPAX@@QAEPAUCNode@1@PAU21@0@Z 00415cc0 f i Splitter.obj
 0001:00014cc0       ?NewNode@?$CList@PAUCRuntimeClass@@ABQAU1@@@QAEPAUCNode@1@PAU21@0@Z 00415cc0 f i Splitter.obj
 0001:00014cc0       ?NewNode@?$CList@PAVCFrameWnd@@ABQAV1@@@QAEPAUCNode@1@PAU21@0@Z 00415cc0 f i Splitter.obj
 0001:00014cc0       ?NewNode@?$CList@PAUHWND__@@PAU1@@@QAEPAUCNode@1@PAU21@0@Z 00415cc0 f i Splitter.obj
 0001:00014d00       ?OnSetPreviewMode@CFrameWnd@@UAEXHPAUCPrintPreviewState@@@Z 00415d00 f i Splitter.obj
 0001:00015160       ?IsFloating@CControlBar@@QBEHXZ 00416160 f i Splitter.obj
 0001:00015190       ?CanCloseFrame@CDocument@@QAEHPAVCFrameWnd@@@Z 00416190 f i Splitter.obj
 0001:00015380       ?GetDefaultAccelerator@CFrameWnd@@UAEPAUHACCEL__@@XZ 00416380 f i Splitter.obj
 0001:000153a0       ?OnUpdateFrameMenu@CFrameWnd@@UAEXPAUHMENU__@@@Z 004163a0 f i Splitter.obj
 0001:000153e0       ?OnUpdateFrameTitle@CFrameWnd@@UAEXH@Z 004163e0 f i Splitter.obj
 0001:00015430       ?UpdateFrameTitleForDocument@CFrameWnd@@QAEXPBD@Z 00416430 f i Splitter.obj
 0001:00015630       ?DefWindowProcA@CMDIChildWnd@@UAEJIIJ@Z 00416630 f i Splitter.obj
 0001:00015650       ?OnSize@CMDIChildWnd@@QAEXIHH@Z 00416650 f i Splitter.obj
 0001:00015760       ?OnUpdateFrameMenu@CMDIChildWnd@@QAEXHPAVCWnd@@PAUHMENU__@@@Z 00416760 f i Splitter.obj
 0001:00015830       ?OnUpdateFrameTitle@CMDIChildWnd@@UAEXH@Z 00416830 f i Splitter.obj
 0001:00015990       ?OnWindowPosChanging@CMDIChildWnd@@QAEXPAUtagWINDOWPOS@@@Z 00416990 f i Splitter.obj
 0001:00015b40       ?ActivateFrame@CMDIChildWnd@@UAEXH@Z 00416b40 f i Splitter.obj
 0001:00015da0       ?BringToTop@CFrameWnd@@QAEXH@Z 00416da0 f i Splitter.obj
 0001:00015dd0       ?DestroyWindow@CMDIChildWnd@@UAEHXZ 00416dd0 f i Splitter.obj
 0001:00015fc0       ?GetMDIFrame@CMDIChildWnd@@QAEPAVCMDIFrameWnd@@XZ 00416fc0 f i Splitter.obj
 0001:00016080       ?ExitInstance@CWinApp@@UAEHXZ 00417080 f i Splitter.obj
 0001:00016080       ?OnFileNameOK@CFileDialogMTL@@UAEHXZ 00417080 f i Splitter.obj
 0001:00016080       ?GetDefaultAccelerator@CDocument@@UAEPAUHACCEL__@@XZ 00417080 f i Splitter.obj
 0001:00016080       ?IsTabbedMDIChild@CMDIChildWnd@@UAEHXZ 00417080 f i Splitter.obj
 0001:00016080       ?IsFrameWnd@CWMHnd@@UAEHXZ 00417080 f i Splitter.obj
 0001:00016090       ?MDIActivate@CMDIChildWnd@@QAEXXZ 00417090 f i Splitter.obj
 0001:00016170       ?PreCreateWindow@CMDIChildWnd@@UAEHAAUtagCREATESTRUCTA@@@Z 00417170 f i Splitter.obj
 0001:00016470       ?PreTranslateMessage@CMDIChildWnd@@UAEHPAUtagMSG@@@Z 00417470 f i Splitter.obj
 0001:000165d0       ?UpdateClientEdge@CMDIChildWnd@@QAEHPAUtagRECT@@@Z 004175d0 f i Splitter.obj
 0001:00016770       ??_GCMDIChildWnd@@UAEPAXI@Z 00417770 f i Splitter.obj
 0001:00016770       ??_ECMDIChildWnd@@UAEPAXI@Z 00417770 f i Splitter.obj
 0001:00016790       ??1CMDIChildWnd@@UAE@XZ    00417790 f i Splitter.obj
 0001:00016940       ?_ProcessWindowMessage@CMDIChildWnd@@UAEHPAUHWND__@@IIJAAJ@Z 00417940 f i Splitter.obj
 0001:00016c60       ?MDIGetActive@CMDIFrameWnd@@QBEPAVCMDIChildWnd@@PAH@Z 00417c60 f i Splitter.obj
 0001:00016d70       ?LoadFrame@CMDIChildWnd@@UAEHIKPAVCWnd@@PAUCCreateContext@@@Z 00417d70 f i Splitter.obj
 0001:00017070       ?OnCommand@CSplitterWnd@@UAEHIJ@Z 00418070 f i Splitter.obj
 0001:000171e0       ?OnDraw@CSplitterWnd@@UAEXPAVCDCMTL@@@Z 004181e0 f i Splitter.obj
 0001:000172e0       ?OnDrawSplitter@CSplitterWnd@@UAEXPAVCDCMTL@@W4ESplitType@1@ABVCRect@WTL@@@Z 004182e0 f i Splitter.obj
 0001:000174c0       ?FillSolidRect@?$CDCT@$00@WTL@@QAEXHHHHK@Z 004184c0 f i Splitter.obj
 0001:00017530       ?Draw3dRect@?$CDCT@$00@WTL@@QAEXHHHHKK@Z 00418530 f i Splitter.obj
 0001:00017690       ?OnInvertTracker@CSplitterWnd@@UAEXABVCRect@WTL@@@Z 00418690 f i Splitter.obj
 0001:00017800       ?FromHandle@?$CHandleList@PAUHDC__@@VCDCMTL@@PAUHWND__@@@@QAEPAVCDCMTL@@QAUHDC__@@PAV2@QAUHWND__@@Q6APAXPAX3@Z@Z 00418800 f i Splitter.obj
 0001:00017880       ?classHandleFuncCBrushMTL@CBrushMTL@@SAPAXPAX0@Z 00418880 f i Splitter.obj
 0001:000178c0       ?classHandleFuncCDCMTL@CDCMTL@@SAPAXPAX0@Z 004188c0 f i Splitter.obj
 0001:00017910       ?OnNotify@CSplitterWnd@@UAEHIJPAJ@Z 00418910 f i Splitter.obj
 0001:00017a60       ?ActivateNext@CSplitterWnd@@UAEXH@Z 00418a60 f i Splitter.obj
 0001:00017b00       ?CanActivateNext@CSplitterWnd@@UAEHH@Z 00418b00 f i Splitter.obj
 0001:00017b30       ?Create@CSplitterWnd@@UAEHPAVCWnd@@HHUtagSIZE@@PAUCCreateContext@@KI@Z 00418b30 f i Splitter.obj
 0001:00017bc0       ?CreateCommon@CSplitterWnd@@QAEHPAVCWnd@@UtagSIZE@@KI@Z 00418bc0 f i Splitter.obj
 0001:00017f60       ?CreateStatic@CSplitterWnd@@UAEHPAVCWnd@@HHKI@Z 00418f60 f i Splitter.obj
 0001:00017fa0       ?CreateScrollBarCtrl@CSplitterWnd@@UAEHKI@Z 00418fa0 f i Splitter.obj
 0001:00017ff0       ?CreateView@CSplitterWnd@@UAEHHHPAUCRuntimeClass@@UtagSIZE@@PAUCCreateContext@@@Z 00418ff0 f i Splitter.obj
 0001:00018160       ?DeleteColumn@CSplitterWnd@@UAEXH@Z 00419160 f i Splitter.obj
 0001:00018330       ?DeleteRow@CSplitterWnd@@UAEXH@Z 00419330 f i Splitter.obj
 0001:000184f0       ?DeleteView@CSplitterWnd@@UAEXHH@Z 004194f0 f i Splitter.obj
 0001:000185f0       ?DoKeyboardSplit@CSplitterWnd@@UAEHXZ 004195f0 f i Splitter.obj
 0001:00018720       ?DoScroll@CSplitterWnd@@UAEHPAVCView@@IH@Z 00419720 f i Splitter.obj
 0001:00018a20       ?DoScrollBy@CSplitterWnd@@UAEHPAVCView@@VCSize@WTL@@H@Z 00419a20 f i Splitter.obj
 0001:00018c50       ?DrawAllSplitBars@CSplitterWnd@@UAEXPAVCDCMTL@@HH@Z 00419c50 f i Splitter.obj
 0001:00018e90       ?GetActivePane@CSplitterWnd@@UAEPAVCWnd@@PAH0@Z 00419e90 f i Splitter.obj
 0001:00019050       ?GetActivePane@CSplitterWnd@@UAEPAVCWnd@@AAH0@Z 0041a050 f i Splitter.obj
 0001:00019060       ?GetInsideRect@CSplitterWnd@@UBEXAAVCRect@WTL@@@Z 0041a060 f i Splitter.obj
 0001:000190c0       ?GetHitRect@CSplitterWnd@@UAEXHAAVCRect@WTL@@@Z 0041a0c0 f i Splitter.obj
 0001:000192b0       ?HitTest@CSplitterWnd@@UBEHVCPoint@WTL@@@Z 0041a2b0 f i Splitter.obj
 0001:00019500       ?RecalcLayout@CSplitterWnd@@UAEXXZ 0041a500 f i Splitter.obj
 0001:00019bd0       ??8CPoint@WTL@@QBEHUtagPOINT@@@Z 0041abd0 f i Splitter.obj
 0001:00019c00       ??0CRect@WTL@@QAE@HHHH@Z   0041ac00 f i Splitter.obj
 0001:00019c20       ?AfxRepositionWindow@CAfx@@SAXPAUAFX_SIZEPARENTPARAMS@@PAUHWND__@@PBUtagRECT@@@Z 0041ac20 f i Splitter.obj
 0001:00019ce0       ?ClientToScreen@CWMHnd@@QBEXPAUtagRECT@@@Z 0041ace0 f i Splitter.obj
 0001:00019d10       ?ModifyStyle@CWMHnd@@QAEHKKI@Z 0041ad10 f i Splitter.obj
 0001:00019d70       ?ScreenToClient@CWMHnd@@QBEXPAUtagRECT@@@Z 0041ad70 f i Splitter.obj
 0001:00019da0       ?_AfxDeferClientPos@CSplitterWnd@@QAEXPAUAFX_SIZEPARENTPARAMS@@PAVCWnd@@HHHHH@Z 0041ada0 f i Splitter.obj
 0001:00019fa0       ?SetActivePane@CSplitterWnd@@UAEXHHPAVCWnd@@@Z 0041afa0 f i Splitter.obj
 0001:0001a0c0       ?SetSplitCursor@CSplitterWnd@@UAEXH@Z 0041b0c0 f i Splitter.obj
 0001:0001a1a0       ?SplitColumn@CSplitterWnd@@UAEHH@Z 0041b1a0 f i Splitter.obj
 0001:0001a3a0       ?SplitRow@CSplitterWnd@@UAEHH@Z 0041b3a0 f i Splitter.obj
 0001:0001a5a0       ?StartTracking@CSplitterWnd@@UAEXH@Z 0041b5a0 f i Splitter.obj
 0001:0001a810       ?StopTracking@CSplitterWnd@@UAEXH@Z 0041b810 f i Splitter.obj
 0001:0001a9d0       ?TrackColumnSize@CSplitterWnd@@UAEXHH@Z 0041b9d0 f i Splitter.obj
 0001:0001aac0       ?TrackRowSize@CSplitterWnd@@UAEXHH@Z 0041bac0 f i Splitter.obj
 0001:0001abc0       ??_ECSplitterWnd@@UAEPAXI@Z 0041bbc0 f i Splitter.obj
 0001:0001abc0       ??_GCSplitterWnd@@UAEPAXI@Z 0041bbc0 f i Splitter.obj
 0001:0001abe0       ??1CSplitterWnd@@UAE@XZ    0041bbe0 f i Splitter.obj
 0001:0001ae20       ?_ProcessWindowMessage@CSplitterWnd@@UAEHPAUHWND__@@IIJAAJ@Z 0041be20 f i Splitter.obj
 0001:0001b710       ?AfxDynamicDownCast@CAfx@@SAPAVCObject@@PAUCRuntimeClass@@PAV2@@Z 0041c710 f i Splitter.obj
 0001:0001b740       ?ModifyStyleEx@CWMHnd@@QAEHKKI@Z 0041c740 f i Splitter.obj
 0001:0001b7a0       ?GetDlgItem@CWnd@@QAEPAV1@H@Z 0041c7a0 f i Splitter.obj
 0001:0001b860       ?OnMouseMove@CSplitterWnd@@QAEXIVCPoint@WTL@@@Z 0041c860 f i Splitter.obj
 0001:0001ba30       ?OnPaint@CSplitterWnd@@QAEXXZ 0041ca30 f i Splitter.obj
 0001:0001bb70       ?OnSetCursor@CSplitterWnd@@QAEHPAVCWnd@@II@Z 0041cb70 f i Splitter.obj
 0001:0001bbb0       ?OnSize@CSplitterWnd@@QAEXIHH@Z 0041cbb0 f i Splitter.obj
 0001:0001bc00       ?OnSysCommand@CSplitterWnd@@QAEXIJ@Z 0041cc00 f i Splitter.obj
 0001:0001bd50       ?OnVScroll@CSplitterWnd@@QAEXIIPAVCScrollBarMTL@@@Z 0041cd50 f i Splitter.obj
 0001:0001be20       ?OnPrintClient@CSplitterWnd@@QAEJPAVCDCMTL@@I@Z 0041ce20 f i Splitter.obj
 0001:0001be40       ?GetPane@CSplitterWnd@@QAEPAVCWnd@@HH@Z 0041ce40 f i Splitter.obj
 0001:0001bf10       ?FromHandleMenu@CModuleThreadState@@QAEPAVCMenuMTL@@PAUHMENU__@@PAV2@PAUHWND__@@P6APAXPAX3@Z@Z 0041cf10 f i Splitter.obj
 0001:0001bfa0       ?CloseAllDocuments@CWinApp@@QAEXH@Z 0041cfa0 f i Splitter.obj
 0001:0001c100       ?HideApplication@CWinApp@@QAEXXZ 0041d100 f i Splitter.obj
 0001:0001c150       ?SaveAllModified@CWinApp@@QAEHXZ 0041d150 f i Splitter.obj
 0001:0001c1c0       ?FromHandle@CBrushMTL@@SAPAV1@PAUHBRUSH__@@PAV1@PAUHWND__@@P6APAXPAX3@Z@Z 0041d1c0 f i Splitter.obj
 0001:0001c250       ?OnCmdMsg@CFrameWnd@@UAEHIHPAXPAUAFX_CMDHANDLERINFO@@@Z 0041d250 f i Splitter.obj
 0001:0001c3b0       ?OnDestroy@CFrameWnd@@QAEXXZ 0041d3b0 f i Splitter.obj
 0001:0001c420       ?Create@CMDIChildWnd@@UAEHPBD0KABUtagRECT@@PAVCMDIFrameWnd@@PAUCCreateContext@@@Z 0041d420 f i Splitter.obj
 0001:0001d050       ?GetRuntimeClass@CCmdTarget@@UBEPAUCRuntimeClass@@XZ 0041e050 f   Stdafx.obj
 0001:0001d060       ?CreateObject@CWnd@@SAPAVCObject@@XZ 0041e060 f   Stdafx.obj
 0001:0001d0a0       ?GetRuntimeClass@CWnd@@UBEPAUCRuntimeClass@@XZ 0041e0a0 f   Stdafx.obj
 0001:0001d0b0       ?GetRuntimeClass@CDialog@@UBEPAUCRuntimeClass@@XZ 0041e0b0 f   Stdafx.obj
 0001:0001d0c0       ?CreateObject@CFrameWnd@@SAPAVCObject@@XZ 0041e0c0 f   Stdafx.obj
 0001:0001d270       ?GetRuntimeClass@CFrameWnd@@UBEPAUCRuntimeClass@@XZ 0041e270 f   Stdafx.obj
 0001:0001d280       ?GetRuntimeClass@CView@@UBEPAUCRuntimeClass@@XZ 0041e280 f   Stdafx.obj
 0001:0001d290       ?GetRuntimeClass@CSplitterWnd@@UBEPAUCRuntimeClass@@XZ 0041e290 f   Stdafx.obj
 0001:0001d2a0       ?GetRuntimeClass@CMultiDocTemplate@@UBEPAUCRuntimeClass@@XZ 0041e2a0 f   Stdafx.obj
 0001:0001d2b0       ?CreateObject@CMDIFrameWnd@@SAPAVCObject@@XZ 0041e2b0 f   Stdafx.obj
 0001:0001d470       ?GetRuntimeClass@CMDIFrameWnd@@UBEPAUCRuntimeClass@@XZ 0041e470 f   Stdafx.obj
 0001:0001d480       ?CreateObject@CMDIChildWnd@@SAPAVCObject@@XZ 0041e480 f   Stdafx.obj
 0001:0001d640       ?GetRuntimeClass@CMDIChildWnd@@UBEPAUCRuntimeClass@@XZ 0041e640 f   Stdafx.obj
 0001:0001d650       ?GetRuntimeClass@CScrollView@@UBEPAUCRuntimeClass@@XZ 0041e650 f   Stdafx.obj
 0001:0001d660       ?GetRuntimeClass@CFormView@@UBEPAUCRuntimeClass@@XZ 0041e660 f   Stdafx.obj
 0001:0001d670       ?GetRuntimeClass@CFileDialogMTL@@UBEPAUCRuntimeClass@@XZ 0041e670 f   Stdafx.obj
 0001:0001d680       _WinMain@16                0041e680 f   Stdafx.obj
 0001:0001d9c0       ?AtlModuleInit@ATL@@YGJPAU_ATL_MODULE@1@PAU_ATL_OBJMAP_ENTRY@1@PAUHINSTANCE__@@@Z 0041e9c0 f i Stdafx.obj
 0001:0001da50       ?AfxGetFileName@CAfx@@SAIPBDPADI@Z 0041ea50 f i Stdafx.obj
 0001:0001da80       ?_AtlGetStringResourceImage@CAfx@@SAPBUATLSTRINGRESOURCEIMAGE@@PAUHINSTANCE__@@PAUHRSRC__@@I@Z 0041ea80 f i Stdafx.obj
 0001:0001daf0       ?DefWindowProcA@CMDIFrameWnd@@UAEJIIJ@Z 0041eaf0 f i Stdafx.obj
 0001:0001db20       ?OnCreateClient@CMDIFrameWnd@@UAEHPAUtagCREATESTRUCTA@@PAUCCreateContext@@@Z 0041eb20 f i Stdafx.obj
 0001:0001dbe0       ?CreateClient@CMDIFrameWnd@@UAEHPAUtagCREATESTRUCTA@@PAVCMenuMTL@@@Z 0041ebe0 f i Stdafx.obj
 0001:0001dcb0       ?DelayUpdateFrameMenu@CMDIFrameWnd@@UAEXPAUHMENU__@@@Z 0041ecb0 f i Stdafx.obj
 0001:0001dce0       ?GetActiveFrame@CMDIFrameWnd@@UAEPAVCFrameWnd@@XZ 0041ece0 f i Stdafx.obj
 0001:0001dde0       ?GetWindowMenuPopup@CMDIFrameWnd@@UAEPAUHMENU__@@PAU2@@Z 0041ede0 f i Stdafx.obj
 0001:0001de60       ?LoadFrame@CMDIFrameWnd@@UAEHIKPAVCWnd@@PAUCCreateContext@@@Z 0041ee60 f i Stdafx.obj
 0001:0001dea0       ?PreCreateWindow@CMDIFrameWnd@@UAEHAAUtagCREATESTRUCTA@@@Z 0041eea0 f i Stdafx.obj
 0001:0001e1e0       ??_ECMDIFrameWnd@@UAEPAXI@Z 0041f1e0 f i Stdafx.obj
 0001:0001e1e0       ??_GCMDIFrameWnd@@UAEPAXI@Z 0041f1e0 f i Stdafx.obj
 0001:0001e200       ??1CMDIFrameWnd@@UAE@XZ    0041f200 f i Stdafx.obj
 0001:0001e3b0       ?_ProcessWindowMessage@CMDIFrameWnd@@UAEHPAUHWND__@@IIJAAJ@Z 0041f3b0 f i Stdafx.obj
 0001:0001e7a0       ?OnIdleUpdateCmdUI@CMDIFrameWnd@@QAEXXZ 0041f7a0 f i Stdafx.obj
 0001:0001e850       ?OnMDIWindowCmd@CMDIFrameWnd@@QAEHI@Z 0041f850 f i Stdafx.obj
 0001:0001e8b0       ?OnUpdateMDIWindowCmd@CMDIFrameWnd@@QAEXPAVCCmdUI@@@Z 0041f8b0 f i Stdafx.obj
 0001:0001e9b0       ?OnCommand@CMDIFrameWnd@@UAEHIJ@Z 0041f9b0 f i Stdafx.obj
 0001:0001eb70       ?OnCmdMsg@CMDIFrameWnd@@UAEHIHPAXPAUAFX_CMDHANDLERINFO@@@Z 0041fb70 f i Stdafx.obj
 0001:0001ed40       ?OnWindowNew@CMDIFrameWnd@@QAEXXZ 0041fd40 f i Stdafx.obj
 0001:0001edf0       ?PreTranslateMessage@CMDIFrameWnd@@UAEHPAUtagMSG@@@Z 0041fdf0 f i Stdafx.obj
 0001:0001ef20       ?AfxMessageBox@@YAHIII@Z   0041ff20 f i Stdafx.obj
 0001:0001f110       ??0CViewExApp@@QAE@XZ      00420110 f   Viewex.obj
 0001:0001f290       ?_ProcessWindowMessage@CViewExApp@@UAEHPAUHWND__@@IIJAAJ@Z 00420290 f i Viewex.obj
 0001:0001f3d0       ??1CViewExApp@@QAE@XZ      004203d0 f i Viewex.obj
 0001:0001f560       ?InitInstance@CViewExApp@@UAEHXZ 00420560 f   Viewex.obj
 0001:0001f900       ?OnAppAbout@CViewExApp@@QAEXXZ 00420900 f   Viewex.obj
 0001:0001faa0       ??1?$CList@PAUCRuntimeClass@@ABQAU1@@@QAE@XZ 00420aa0 f i Viewex.obj
 0001:0001faa0       ??1?$CList@PAXPAX@@QAE@XZ  00420aa0 f i Viewex.obj
 0001:0001faa0       ??1?$CList@PAVCFrameWnd@@ABQAV1@@@QAE@XZ 00420aa0 f i Viewex.obj
 0001:0001faa0       ??1?$CList@PAUHWND__@@PAU1@@@QAE@XZ 00420aa0 f i Viewex.obj
 0001:0001fac0       ??1?$CHandleHashList@PAUHWND__@@VCWMHnd@@PAU1@$0BB@@@QAE@XZ 00420ac0 f i Viewex.obj
 0001:0001fad0       ??_9@$BBE@AE               00420ad0 f i Viewex.obj
 0001:0001fae0       ??_9@$BBI@AE               00420ae0 f i Viewex.obj
 0001:0001faf0       ??0CDocTemplate@@QAE@IPAUCRuntimeClass@@00@Z 00420af0 f i Viewex.obj
 0001:0001fd30       ?OnCmdMsg@CDocTemplate@@UAEHIHPAXPAUAFX_CMDHANDLERINFO@@@Z 00420d30 f i Viewex.obj
 0001:0001fd30       ?OnCmdMsg@CCmdTarget@@UAEHIHPAXPAUAFX_CMDHANDLERINFO@@@Z 00420d30 f i Viewex.obj
 0001:0001fe10       ?CreateNewDocument@CDocTemplate@@UAEPAVCDocument@@XZ 00420e10 f i Viewex.obj
 0001:0001fe40       ?CreateNewFrame@CDocTemplate@@UAEPAVCFrameWnd@@PAVCDocument@@PAV2@@Z 00420e40 f i Viewex.obj
 0001:0001fed0       ?GetDocString@CDocTemplate@@UBEHAAVCString@WTL@@W4DocStringIndex@1@@Z 00420ed0 f i Viewex.obj
 0001:000200d0       ?InitialUpdateFrame@CDocTemplate@@UAEXPAVCFrameWnd@@PAVCDocument@@H@Z 004210d0 f i Viewex.obj
 0001:000201d0       ?MatchDocType@CDocTemplate@@UAE?AW4Confidence@1@PBDAAPAVCDocument@@@Z 004211d0 f i Viewex.obj
 0001:000203e0       ?AfxComparePath@CAfx@@SAHPBD0@Z 004213e0 f i Viewex.obj
 0001:000204c0       ??1CDocTemplate@@QAE@XZ    004214c0 f i Viewex.obj
 0001:00020500       ??0CDocManager@@QAE@XZ     00421500 f i Viewex.obj
 0001:00020520       ?OnFileNew@CDocManager@@UAEXXZ 00421520 f i Viewex.obj
 0001:00020780       ?OnInitDialog@CNewTypeDlg@@UAEHXZ 00421780 f i Viewex.obj
 0001:00020a80       ?UpdateData@CWMHnd@@QAEHH@Z 00421a80 f i Viewex.obj
 0001:00020ad0       ?OnOK@CNewTypeDlg@@UAEXXZ  00421ad0 f i Viewex.obj
 0001:00020ba0       ??_GCNewTypeDlg@@UAEPAXI@Z 00421ba0 f i Viewex.obj
 0001:00020ba0       ??_ECNewTypeDlg@@UAEPAXI@Z 00421ba0 f i Viewex.obj
 0001:00020bc0       ??1CNewTypeDlg@@UAE@XZ     00421bc0 f i Viewex.obj
 0001:00020de0       ?_ProcessWindowMessage@CNewTypeDlg@@UAEHPAUHWND__@@IIJAAJ@Z 00421de0 f i Viewex.obj
 0001:00020eb0       ?AddDocTemplate@CDocManager@@QAEXPAVCDocTemplate@@@Z 00421eb0 f i Viewex.obj
 0001:00020ef0       ?GetFirstDocTemplatePosition@CDocManager@@UBEPAU__POSITION@@XZ 00421ef0 f i Viewex.obj
 0001:00020f00       ??0CMDIFrameWnd@@QAE@XZ    00421f00 f i Viewex.obj
 0001:00021080       ??0CMultiDocTemplate@@QAE@IPAUCRuntimeClass@@00@Z 00422080 f i Viewex.obj
 0001:000212b0       ?AddDocument@CMultiDocTemplate@@UAEXPAVCDocument@@@Z 004222b0 f i Viewex.obj
 0001:000212f0       ?GetFirstDocPosition@CMultiDocTemplate@@UBEPAU__POSITION@@XZ 004222f0 f i Viewex.obj
 0001:00021300       ?GetNextDocTemplate@CDocManager@@UBEPAVCDocTemplate@@AAPAU__POSITION@@@Z 00422300 f i Viewex.obj
 0001:00021300       ?GetNextDoc@CMultiDocTemplate@@UBEPAVCDocument@@AAPAU__POSITION@@@Z 00422300 f i Viewex.obj
 0001:00021320       ?LoadTemplate@CMultiDocTemplate@@UAEXXZ 00422320 f i Viewex.obj
 0001:00021490       ?OpenDocumentFile@CMultiDocTemplate@@UAEPAVCDocument@@PBDH@Z 00422490 f i Viewex.obj
 0001:000214b0       ?RemoveDocument@CMultiDocTemplate@@UAEXPAVCDocument@@@Z 004224b0 f i Viewex.obj
 0001:00021530       ?SetDefaultTitle@CMultiDocTemplate@@UAEXPAVCDocument@@@Z 00422530 f i Viewex.obj
 0001:00021770       ?ConcatCopy@CString@WTL@@IAEHHPBDH0@Z 00422770 f i Viewex.obj
 0001:00021820       ??_GCMultiDocTemplate@@UAEPAXI@Z 00422820 f i Viewex.obj
 0001:00021820       ??_ECMultiDocTemplate@@UAEPAXI@Z 00422820 f i Viewex.obj
 0001:00021840       ??1CMultiDocTemplate@@UAE@XZ 00422840 f i Viewex.obj
 0001:000218f0       ??1CWinThread@@QAE@XZ      004228f0 f i Viewex.obj
 0001:00021910       ?OnAppExit@CWinApp@@QAEXXZ 00422910 f i Viewex.obj
 0001:00021930       ?OnFileNew@CWinApp@@UAEXXZ 00422930 f i Viewex.obj
 0001:00021940       ?OnFileOpen@CWinApp@@UAEXXZ 00422940 f i Viewex.obj
 0001:00021950       ?OnIdle@CWinApp@@UAEHH@Z   00422950 f i Viewex.obj
 0001:00021ad0       ?AddDocTemplate@CWinApp@@QAEXPAVCDocTemplate@@@Z 00422ad0 f i Viewex.obj
 0001:00021b60       ?OpenDocumentFile@CWinApp@@UAEPAVCDocument@@PBD@Z 00422b60 f i Viewex.obj
 0001:00021dd0       ?PreTranslateMessage@CWinApp@@UAEHPAUtagMSG@@@Z 00422dd0 f i Viewex.obj
 0001:00021ec0       ?PumpMessage@CWinApp@@UAEHXZ 00422ec0 f i Viewex.obj
 0001:00021f10       ?Run@CWinApp@@UAEHXZ       00422f10 f i Viewex.obj
 0001:00021fb0       ??1CModuleThreadState@@QAE@XZ 00422fb0 f i Viewex.obj
 0001:00022020       ?_ProcessWindowMessage@CWinApp@@UAEHPAUHWND__@@IIJAAJ@Z 00423020 f i Viewex.obj
 0001:00022070       ?OnFileOpen@CDocManager@@UAEXXZ 00423070 f i Viewex.obj
 0001:000222c0       ??0CFileDialogMTL@@QAE@HPBD0K0PAVCWnd@@KH@Z 004232c0 f i Viewex.obj
 0001:00022510       ?AfxResolveShortcut@@YAHPAVCWMHnd@@PBDPADH@Z 00423510 f i Viewex.obj
 0001:00022790       ?GetClassObject@AFX_COM@@QAEJABU_GUID@@0PAPAX@Z 00423790 f i Viewex.obj
 0001:000229f0       ?AfxGetInProcServer@CAfx@@SAHPBDAAVCString@WTL@@@Z 004239f0 f i Viewex.obj
 0001:00022c00       ?AfxStringFromCLSID@@YA?AVCString@WTL@@ABU_GUID@@@Z 00423c00 f i Viewex.obj
 0001:00022c30       ?AfxStringFromCLSID@CAfx@@SA?AVCString@WTL@@ABU_GUID@@@Z 00423c30 f i Viewex.obj
 0001:00022e20       ?OpenDocumentFile@CMultiDocTemplate@@UAEPAVCDocument@@PBDHH@Z 00423e20 f i Viewex.obj
 0001:00023110       ?DisconnectViews@CDocument@@QAEXXZ 00424110 f i Viewex.obj
 0001:00023150       _GetSaveFileNameA@4        00424150 f   comdlg32:comdlg32.dll
 0001:00023156       _GetOpenFileNameA@4        00424156 f   comdlg32:comdlg32.dll
 0001:0002315c       _GetFileTitleA@12          0042415c f   comdlg32:comdlg32.dll
 0001:00023162       ??3@YAXPAX@Z               00424162 f   LIBCMT:delete.obj
 0001:0002316d       ?_JumpToContinuation@@YGXPAXPAUEHRegistrationNode@@@Z 0042416d f   LIBCMT:trnsctrl.obj
 0001:000231a1       ?_CallMemberFunction0@@YGXPAX0@Z 004241a1 f   LIBCMT:trnsctrl.obj
 0001:000231a1       ?_CallMemberFunction1@@YGXPAX00@Z 004241a1 f   LIBCMT:trnsctrl.obj
 0001:000231a8       ?_CallMemberFunction2@@YGXPAX00H@Z 004241a8 f   LIBCMT:trnsctrl.obj
 0001:000231af       ?_UnwindNestedFrames@@YGXPAUEHRegistrationNode@@PAUEHExceptionRecord@@@Z 004241af f   LIBCMT:trnsctrl.obj
 0001:000231fe       ___CxxFrameHandler         004241fe f   LIBCMT:trnsctrl.obj
 0001:00023234       ?_CallCatchBlock2@@YAPAXPAUEHRegistrationNode@@PBU_s_FuncInfo@@PAXHK@Z 00424234 f   LIBCMT:trnsctrl.obj
 0001:000232ad       ?_CallSETranslator@@YAHPAUEHExceptionRecord@@PAUEHRegistrationNode@@PAX2PBU_s_FuncInfo@@H1@Z 004242ad f   LIBCMT:trnsctrl.obj
 0001:000233d8       ?_GetRangeOfTrysToCheck@@YAPBU_s_TryBlockMapEntry@@PBU_s_FuncInfo@@HHPAI1@Z 004243d8 f   LIBCMT:trnsctrl.obj
 0001:00023454       __global_unwind2           00424454 f   LIBCMT:exsup.obj
 0001:00023496       __local_unwind2            00424496 f   LIBCMT:exsup.obj
 0001:000234ee       __NLG_Return2              004244ee f   LIBCMT:exsup.obj
 0001:000234fe       __abnormal_termination     004244fe f   LIBCMT:exsup.obj
 0001:00023521       __NLG_Notify1              00424521 f   LIBCMT:exsup.obj
 0001:0002352a       __NLG_Notify               0042452a f   LIBCMT:exsup.obj
 0001:0002353d       __NLG_Dispatch             0042453d f   LIBCMT:exsup.obj
 0001:00023542       ??2@YAPAXI@Z               00424542 f   LIBCMT:new.obj
 0001:00023550       __onexit                   00424550 f   LIBCMT:onexit.obj
 0001:000235ce       _atexit                    004245ce f   LIBCMT:onexit.obj
 0001:000235e0       ___onexitinit              004245e0 f   LIBCMT:onexit.obj
 0001:0002360f       __mbscmp                   0042460f f   LIBCMT:mbscmp.obj
 0001:000236be       ??1type_info@@UAE@XZ       004246be f   LIBCMT:typinfo.obj
 0001:000236e7       ??_Etype_info@@UAEPAXI@Z   004246e7 f i LIBCMT:typinfo.obj
 0001:000236e7       ??_Gtype_info@@UAEPAXI@Z   004246e7 f i LIBCMT:typinfo.obj
 0001:00023703       __CxxThrowException@8      00424703 f   LIBCMT:throw.obj
 0001:00023740       _memmove                   00424740 f   LIBCMT:memmove.obj
 0001:00023a75       _mktime                    00424a75 f   LIBCMT:mktime.obj
 0001:00023c67       __mbspbrk                  00424c67 f   LIBCMT:mbspbrk.obj
 0001:00023cfc       __mbscspn                  00424cfc f   LIBCMT:mbscspn.obj
 0001:00023d8b       __mbsspn                   00424d8b f   LIBCMT:mbsspn.obj
 0001:00023e1a       __ismbblead                00424e1a f   LIBCMT:ismbbyte.obj
 0001:00023e5c       __mbschr                   00424e5c f   LIBCMT:mbschr.obj
 0001:00023ef3       __strdup                   00424ef3 f   LIBCMT:strdup.obj
 0001:00023f1e       _free                      00424f1e f   LIBCMT:free.obj
 0001:00024010       __alldiv                   00425010 f   LIBCMT:lldiv.obj
 0001:000240c0       __allmul                   004250c0 f   LIBCMT:llmul.obj
 0001:00024100       __allshr                   00425100 f   LIBCMT:llshr.obj
 0001:00024121       __mbsrchr                  00425121 f   LIBCMT:mbsrchr.obj
 0001:00024193       _WinMainCRTStartup         00425193 f   LIBCMT:wincrt0.obj
 0001:0002429b       __amsg_exit                0042529b f   LIBCMT:wincrt0.obj
 0001:000242e4       ___InternalCxxFrameHandler 004252e4 f   LIBCMT:frame.obj
 0001:00024639       ___FrameUnwindToState      00425639 f   LIBCMT:frame.obj
 0001:00024a71       ?_DestructExceptionObject@@YAXPAUEHExceptionRecord@@E@Z 00425a71 f   LIBCMT:frame.obj
 0001:00024b00       __CallSettingFrame@12      00425b00 f   LIBCMT:lowhelpr.obj
 0001:00024b27       __NLG_Return               00425b27 f   LIBCMT:lowhelpr.obj
 0001:00024b4c       __mtinit                   00425b4c f   LIBCMT:tidtable.obj
 0001:00024ba0       __initptd                  00425ba0 f   LIBCMT:tidtable.obj
 0001:00024bb3       __getptd                   00425bb3 f   LIBCMT:tidtable.obj
 0001:00024c1a       ?terminate@@YAXXZ          00425c1a f   LIBCMT:hooks.obj
 0001:00024c7b       ?_inconsistency@@YAXXZ     00425c7b f   LIBCMT:hooks.obj
 0001:00024cd1       _malloc                    00425cd1 f   LIBCMT:malloc.obj
 0001:00024ce3       __nh_malloc                00425ce3 f   LIBCMT:malloc.obj
 0001:00024d0f       __heap_alloc               00425d0f f   LIBCMT:malloc.obj
 0001:00024e14       __except_handler3          00425e14 f   LIBCMT:exsup3.obj
 0001:00024ed1       __seh_longjmp_unwind@4     00425ed1 f   LIBCMT:exsup3.obj
 0001:00024eec       __cinit                    00425eec f   LIBCMT:crt0dat.obj
 0001:00024f19       _exit                      00425f19 f   LIBCMT:crt0dat.obj
 0001:00024f2a       __exit                     00425f2a f   LIBCMT:crt0dat.obj
 0001:00024fe0       __lockexit                 00425fe0 f   LIBCMT:crt0dat.obj
 0001:00024fe9       __unlockexit               00425fe9 f   LIBCMT:crt0dat.obj
 0001:0002500c       _realloc                   0042600c f   LIBCMT:realloc.obj
 0001:0002533b       __msize                    0042633b f   LIBCMT:msize.obj
 0001:00025429       __mtinitlocks              00426429 f   LIBCMT:mlock.obj
 0001:00025452       __lock                     00426452 f   LIBCMT:mlock.obj
 0001:000254b3       __unlock                   004264b3 f   LIBCMT:mlock.obj
 0001:000254c8       __setmbcp                  004264c8 f   LIBCMT:mbctype.obj
 0001:000258a0       ___initmbctable            004268a0 f   LIBCMT:mbctype.obj
 0001:000258c0       _strcmp                    004268c0 f   LIBCMT:strcmp.obj
 0001:00025944       ?__CxxUnhandledExceptionFilter@@YGJPAU_EXCEPTION_POINTERS@@@Z 00426944 f   LIBCMT:unhandld.obj
 0001:0002598a       ?__CxxSetUnhandledExceptionFilter@@YAXXZ 0042698a f   LIBCMT:unhandld.obj
 0001:0002599b       ?__CxxRestoreUnhandledExceptionFilter@@YAXXZ 0042699b f   LIBCMT:unhandld.obj
 0001:000259a8       _gmtime                    004269a8 f   LIBCMT:gmtime.obj
 0001:00025ab2       _localtime                 00426ab2 f   LIBCMT:localtim.obj
 0001:00025c12       ___tzset                   00426c12 f   LIBCMT:tzset.obj
 0001:00025ec7       __isindst                  00426ec7 f   LIBCMT:tzset.obj
 0001:000261e0       _strpbrk                   004271e0 f   LIBCMT:strpbrk.obj
 0001:00026220       _strcspn                   00427220 f   LIBCMT:strcspn.obj
 0001:00026260       _strspn                    00427260 f   LIBCMT:strspn.obj
 0001:000262b0       _strchr                    004272b0 f   LIBCMT:strchr.obj
 0001:000262b6       ___from_strstr_to_strchr   004272b6 f   LIBCMT:strchr.obj
 0001:00026370       _strcpy                    00427370 f   LIBCMT:strcat.obj
 0001:00026380       _strcat                    00427380 f   LIBCMT:strcat.obj
 0001:00026460       _strlen                    00427460 f   LIBCMT:strlen.obj
 0001:000264db       __GetLinkerVersion         004274db f   LIBCMT:heapinit.obj
 0001:00026508       ___heap_select             00427508 f   LIBCMT:heapinit.obj
 0001:00026650       __heap_init                00427650 f   LIBCMT:heapinit.obj
 0001:000266ad       ___sbh_heap_init           004276ad f   LIBCMT:sbheap.obj
 0001:000266f5       ___sbh_find_block          004276f5 f   LIBCMT:sbheap.obj
 0001:00026720       ___sbh_free_block          00427720 f   LIBCMT:sbheap.obj
 0001:00026a49       ___sbh_alloc_block         00427a49 f   LIBCMT:sbheap.obj
 0001:00026d52       ___sbh_alloc_new_region    00427d52 f   LIBCMT:sbheap.obj
 0001:00026e03       ___sbh_alloc_new_group     00427e03 f   LIBCMT:sbheap.obj
 0001:00026efe       ___sbh_resize_block        00427efe f   LIBCMT:sbheap.obj
 0001:000271f4       ___old_sbh_new_region      004281f4 f   LIBCMT:sbheap.obj
 0001:00027338       ___old_sbh_release_region  00428338 f   LIBCMT:sbheap.obj
 0001:0002738e       ___old_sbh_decommit_pages  0042838e f   LIBCMT:sbheap.obj
 0001:00027450       ___old_sbh_find_block      00428450 f   LIBCMT:sbheap.obj
 0001:000274a7       ___old_sbh_free_block      004284a7 f   LIBCMT:sbheap.obj
 0001:000274ec       ___old_sbh_alloc_block     004284ec f   LIBCMT:sbheap.obj
 0001:000276f4       ___old_sbh_alloc_block_from_page 004286f4 f   LIBCMT:sbheap.obj
 0001:00027818       ___old_sbh_resize_block    00428818 f   LIBCMT:sbheap.obj
 0001:000278d0       _strrchr                   004288d0 f   LIBCMT:strrchr.obj
 0001:000278f7       __XcptFilter               004288f7 f   LIBCMT:winxfltr.obj
 0001:00027a6f       __wincmdln                 00428a6f f   LIBCMT:wincmdln.obj
 0001:00027ac7       __setenvp                  00428ac7 f   LIBCMT:stdenvp.obj
 0001:00027b80       __setargv                  00428b80 f   LIBCMT:stdargv.obj
 0001:00027dcd       ___crtGetEnvironmentStringsA 00428dcd f   LIBCMT:a_env.obj
 0001:00027eff       __ioinit                   00428eff f   LIBCMT:ioinit.obj
 0001:000280bb       __FF_MSGBANNER             004290bb f   LIBCMT:crt0msg.obj
 0001:000280f4       __NMSG_WRITE               004290f4 f   LIBCMT:crt0msg.obj
 0001:00028247       ?_ValidateRead@@YAHPBXI@Z  00429247 f   LIBCMT:validate.obj
 0001:00028263       ?_ValidateWrite@@YAHPAXI@Z 00429263 f   LIBCMT:validate.obj
 0001:0002827f       ?_ValidateExecute@@YAHP6GHXZ@Z 0042927f f   LIBCMT:validate.obj
 0001:00028297       _calloc                    00429297 f   LIBCMT:calloc.obj
 0001:000283d4       _abort                     004293d4 f   LIBCMT:abort.obj
 0001:000283eb       __callnewh                 004293eb f   LIBCMT:handler.obj
 0001:00028410       _memcpy                    00429410 f   LIBCMT:memcpy.obj
 0001:00028745       ___crtLCMapStringA         00429745 f   LIBCMT:a_map.obj
 0001:00028969       ___crtGetStringTypeA       00429969 f   LIBCMT:a_str.obj
 0001:00028ab2       _atol                      00429ab2 f   LIBCMT:atox.obj
 0001:00028b40       _strncpy                   00429b40 f   LIBCMT:strncpy.obj
 0001:00028c3e       __getenv_lk                00429c3e f   LIBCMT:getenv.obj
 0001:00028cbb       _strtol                    00429cbb f   LIBCMT:strtol.obj
 0001:00028ee0       _strstr                    00429ee0 f   LIBCMT:strstr.obj
 0001:00028f60       _strncmp                   00429f60 f   LIBCMT:strncmp.obj
 0001:00028fa0       __chkstk                   00429fa0 f   LIBCMT:chkstk.obj
 0001:00028fa0       __alloca_probe             00429fa0 f   LIBCMT:chkstk.obj
 0001:00028fd0       _memset                    00429fd0 f   LIBCMT:memset.obj
 0001:00029028       ___crtMessageBoxA          0042a028 f   LIBCMT:crtmbox.obj
 0001:000290b1       _raise                     0042a0b1 f   LIBCMT:winsig.obj
 0001:00029270       __isctype                  0042a270 f   LIBCMT:isctype.obj
 0001:000292e5       __mbsnbicoll               0042a2e5 f   LIBCMT:mbsnbico.obj
 0001:00029324       ___wtomb_environ           0042a324 f   LIBCMT:wtombenv.obj
 0001:00029392       __errno                    0042a392 f   LIBCMT:dosmap.obj
 0001:0002939b       _toupper                   0042a39b f   LIBCMT:toupper.obj
 0001:0002940a       __toupper_lk               0042a40a f   LIBCMT:toupper.obj
 0001:000294d6       ___crtCompareStringA       0042a4d6 f   LIBCMT:a_cmp.obj
 0001:0002977e       ___crtsetenv               0042a77e f   LIBCMT:setenv.obj
 0001:000299d0       __stricmp                  0042a9d0 f   LIBCMT:stricmp.obj
 0001:000299d0       __strcmpi                  0042a9d0 f   LIBCMT:stricmp.obj
 0001:00029aa0       __strnicmp                 0042aaa0 f   LIBCMT:strnicmp.obj
 0001:00029bb0       __aulldiv                  0042abb0 f   LIBCMT:ulldiv.obj
 0001:00029c20       __aullrem                  0042ac20 f   LIBCMT:ullrem.obj
 0001:00029c95       __tolower_lk               0042ac95 f   LIBCMT:tolower.obj
 0001:00029d60       _RtlUnwind@16              0042ad60 f   kernel32:KERNEL32.dll
 0002:00000000       __imp__RegQueryValueExA@24 0042c000     advapi32:ADVAPI32.dll
 0002:00000004       __imp__RegOpenKeyExA@20    0042c004     advapi32:ADVAPI32.dll
 0002:00000008       __imp__RegOpenKeyExW@20    0042c008     advapi32:ADVAPI32.dll
 0002:0000000c       __imp__RegCloseKey@4       0042c00c     advapi32:ADVAPI32.dll
 0002:00000010       \177ADVAPI32_NULL_THUNK_DATA 0042c010     advapi32:ADVAPI32.dll
 0002:00000014       __imp__InitCommonControlsEx@4 0042c014     comctl32:COMCTL32.dll
 0002:00000018       \177COMCTL32_NULL_THUNK_DATA 0042c018     comctl32:COMCTL32.dll
 0002:0000001c       __imp__DeleteDC@4          0042c01c     gdi32:GDI32.dll
 0002:00000020       __imp__RestoreDC@8         0042c020     gdi32:GDI32.dll
 0002:00000024       __imp__TextOutA@20         0042c024     gdi32:GDI32.dll
 0002:00000028       __imp__GetDeviceCaps@8     0042c028     gdi32:GDI32.dll
 0002:0000002c       __imp__SetViewportOrgEx@16 0042c02c     gdi32:GDI32.dll
 0002:00000030       __imp__SetMapMode@8        0042c030     gdi32:GDI32.dll
 0002:00000034       __imp__SetViewportExtEx@16 0042c034     gdi32:GDI32.dll
 0002:00000038       __imp__SetWindowExtEx@16   0042c038     gdi32:GDI32.dll
 0002:0000003c       __imp__LPtoDP@12           0042c03c     gdi32:GDI32.dll
 0002:00000040       __imp__SetBkMode@8         0042c040     gdi32:GDI32.dll
 0002:00000044       __imp__SetTextColor@8      0042c044     gdi32:GDI32.dll
 0002:00000048       __imp__SetTextAlign@8      0042c048     gdi32:GDI32.dll
 0002:0000004c       __imp__DeleteObject@4      0042c04c     gdi32:GDI32.dll
 0002:00000050       __imp__CreateSolidBrush@4  0042c050     gdi32:GDI32.dll
 0002:00000054       __imp__ExtTextOutA@32      0042c054     gdi32:GDI32.dll
 0002:00000058       __imp__SetBkColor@8        0042c058     gdi32:GDI32.dll
 0002:0000005c       __imp__PatBlt@24           0042c05c     gdi32:GDI32.dll
 0002:00000060       __imp__SelectObject@8      0042c060     gdi32:GDI32.dll
 0002:00000064       __imp__CreatePatternBrush@4 0042c064     gdi32:GDI32.dll
 0002:00000068       __imp__CreateBitmap@20     0042c068     gdi32:GDI32.dll
 0002:0000006c       __imp__SaveDC@4            0042c06c     gdi32:GDI32.dll
 0002:00000070       \177GDI32_NULL_THUNK_DATA  0042c070     gdi32:GDI32.dll
 0002:00000074       __imp__SetEnvironmentVariableA@8 0042c074     kernel32:KERNEL32.dll
 0002:00000078       __imp__CompareStringW@24   0042c078     kernel32:KERNEL32.dll
 0002:0000007c       __imp__CompareStringA@24   0042c07c     kernel32:KERNEL32.dll
 0002:00000080       __imp__LoadLibraryA@4      0042c080     kernel32:KERNEL32.dll
 0002:00000084       __imp__GetStringTypeW@16   0042c084     kernel32:KERNEL32.dll
 0002:00000088       __imp__GetStringTypeA@20   0042c088     kernel32:KERNEL32.dll
 0002:0000008c       __imp__LCMapStringW@24     0042c08c     kernel32:KERNEL32.dll
 0002:00000090       __imp__LCMapStringA@24     0042c090     kernel32:KERNEL32.dll
 0002:00000094       __imp__MultiByteToWideChar@24 0042c094     kernel32:KERNEL32.dll
 0002:00000098       __imp__IsBadCodePtr@4      0042c098     kernel32:KERNEL32.dll
 0002:0000009c       __imp__IsBadReadPtr@8      0042c09c     kernel32:KERNEL32.dll
 0002:000000a0       __imp__GetFileType@4       0042c0a0     kernel32:KERNEL32.dll
 0002:000000a4       __imp__GetStdHandle@4      0042c0a4     kernel32:KERNEL32.dll
 0002:000000a8       __imp__SetHandleCount@4    0042c0a8     kernel32:KERNEL32.dll
 0002:000000ac       __imp__GetEnvironmentStringsW@0 0042c0ac     kernel32:KERNEL32.dll
 0002:000000b0       __imp__GetEnvironmentStrings@0 0042c0b0     kernel32:KERNEL32.dll
 0002:000000b4       __imp__FreeEnvironmentStringsW@4 0042c0b4     kernel32:KERNEL32.dll
 0002:000000b8       __imp__FreeEnvironmentStringsA@4 0042c0b8     kernel32:KERNEL32.dll
 0002:000000bc       __imp__UnhandledExceptionFilter@4 0042c0bc     kernel32:KERNEL32.dll
 0002:000000c0       __imp__IsBadWritePtr@8     0042c0c0     kernel32:KERNEL32.dll
 0002:000000c4       __imp__VirtualAlloc@16     0042c0c4     kernel32:KERNEL32.dll
 0002:000000c8       __imp__VirtualFree@12      0042c0c8     kernel32:KERNEL32.dll
 0002:000000cc       __imp__GetVersionExA@4     0042c0cc     kernel32:KERNEL32.dll
 0002:000000d0       __imp__GetEnvironmentVariableA@12 0042c0d0     kernel32:KERNEL32.dll
 0002:000000d4       __imp__GetTimeZoneInformation@4 0042c0d4     kernel32:KERNEL32.dll
 0002:000000d8       __imp__SetUnhandledExceptionFilter@4 0042c0d8     kernel32:KERNEL32.dll
 0002:000000dc       __imp__GetOEMCP@0          0042c0dc     kernel32:KERNEL32.dll
 0002:000000e0       __imp__GetACP@0            0042c0e0     kernel32:KERNEL32.dll
 0002:000000e4       __imp__GetCPInfo@8         0042c0e4     kernel32:KERNEL32.dll
 0002:000000e8       __imp__HeapSize@12         0042c0e8     kernel32:KERNEL32.dll
 0002:000000ec       __imp__HeapReAlloc@16      0042c0ec     kernel32:KERNEL32.dll
 0002:000000f0       __imp__TerminateProcess@8  0042c0f0     kernel32:KERNEL32.dll
 0002:000000f4       __imp__HeapAlloc@12        0042c0f4     kernel32:KERNEL32.dll
 0002:000000f8       __imp__TlsGetValue@4       0042c0f8     kernel32:KERNEL32.dll
 0002:000000fc       __imp__SetLastError@4      0042c0fc     kernel32:KERNEL32.dll
 0002:00000100       __imp__TlsAlloc@0          0042c100     kernel32:KERNEL32.dll
 0002:00000104       __imp__TlsSetValue@8       0042c104     kernel32:KERNEL32.dll
 0002:00000108       __imp__ExitProcess@4       0042c108     kernel32:KERNEL32.dll
 0002:0000010c       __imp__GetVersion@0        0042c10c     kernel32:KERNEL32.dll
 0002:00000110       __imp__GetCommandLineA@0   0042c110     kernel32:KERNEL32.dll
 0002:00000114       __imp__GetStartupInfoA@4   0042c114     kernel32:KERNEL32.dll
 0002:00000118       __imp__GetModuleHandleA@4  0042c118     kernel32:KERNEL32.dll
 0002:0000011c       __imp__HeapFree@12         0042c11c     kernel32:KERNEL32.dll
 0002:00000120       __imp__RaiseException@16   0042c120     kernel32:KERNEL32.dll
 0002:00000124       __imp__RtlUnwind@16        0042c124     kernel32:KERNEL32.dll
 0002:00000128       __imp__LoadLibraryExA@12   0042c128     kernel32:KERNEL32.dll
 0002:0000012c       __imp__GetProcAddress@8    0042c12c     kernel32:KERNEL32.dll
 0002:00000130       __imp__GetThreadLocale@0   0042c130     kernel32:KERNEL32.dll
 0002:00000134       __imp__GetStringTypeExA@20 0042c134     kernel32:KERNEL32.dll
 0002:00000138       __imp__GlobalDeleteAtom@4  0042c138     kernel32:KERNEL32.dll
 0002:0000013c       __imp__InitializeCriticalSection@4 0042c13c     kernel32:KERNEL32.dll
 0002:00000140       __imp__DeleteCriticalSection@4 0042c140     kernel32:KERNEL32.dll
 0002:00000144       __imp__HeapDestroy@4       0042c144     kernel32:KERNEL32.dll
 0002:00000148       __imp__FindResourceW@12    0042c148     kernel32:KERNEL32.dll
 0002:0000014c       __imp__SizeofResource@8    0042c14c     kernel32:KERNEL32.dll
 0002:00000150       __imp__WideCharToMultiByte@32 0042c150     kernel32:KERNEL32.dll
 0002:00000154       __imp__GetModuleFileNameA@12 0042c154     kernel32:KERNEL32.dll
 0002:00000158       __imp__lstrcpyA@8          0042c158     kernel32:KERNEL32.dll
 0002:0000015c       __imp__DeleteFileA@4       0042c15c     kernel32:KERNEL32.dll
 0002:00000160       __imp__SetFilePointer@16   0042c160     kernel32:KERNEL32.dll
 0002:00000164       __imp__WriteFile@20        0042c164     kernel32:KERNEL32.dll
 0002:00000168       __imp__ReadFile@20         0042c168     kernel32:KERNEL32.dll
 0002:0000016c       __imp__GetFullPathNameA@16 0042c16c     kernel32:KERNEL32.dll
 0002:00000170       __imp__GetVolumeInformationA@32 0042c170     kernel32:KERNEL32.dll
 0002:00000174       __imp__FindFirstFileA@8    0042c174     kernel32:KERNEL32.dll
 0002:00000178       __imp__FindClose@4         0042c178     kernel32:KERNEL32.dll
 0002:0000017c       __imp__CreateFileA@28      0042c17c     kernel32:KERNEL32.dll
 0002:00000180       __imp__lstrcpynA@12        0042c180     kernel32:KERNEL32.dll
 0002:00000184       __imp__GetFileTime@16      0042c184     kernel32:KERNEL32.dll
 0002:00000188       __imp__GetFileSize@8       0042c188     kernel32:KERNEL32.dll
 0002:0000018c       __imp__FileTimeToLocalFileTime@8 0042c18c     kernel32:KERNEL32.dll
 0002:00000190       __imp__FileTimeToSystemTime@8 0042c190     kernel32:KERNEL32.dll
 0002:00000194       __imp__CloseHandle@4       0042c194     kernel32:KERNEL32.dll
 0002:00000198       __imp__GetLastError@0      0042c198     kernel32:KERNEL32.dll
 0002:0000019c       __imp__GetFileAttributesA@4 0042c19c     kernel32:KERNEL32.dll
 0002:000001a0       __imp__MulDiv@12           0042c1a0     kernel32:KERNEL32.dll
 0002:000001a4       __imp__InterlockedIncrement@4 0042c1a4     kernel32:KERNEL32.dll
 0002:000001a8       __imp__lstrcmpiA@8         0042c1a8     kernel32:KERNEL32.dll
 0002:000001ac       __imp__FindResourceA@12    0042c1ac     kernel32:KERNEL32.dll
 0002:000001b0       __imp__LoadResource@8      0042c1b0     kernel32:KERNEL32.dll
 0002:000001b4       __imp__LockResource@4      0042c1b4     kernel32:KERNEL32.dll
 0002:000001b8       __imp__FreeResource@4      0042c1b8     kernel32:KERNEL32.dll
 0002:000001bc       __imp__FlushInstructionCache@12 0042c1bc     kernel32:KERNEL32.dll
 0002:000001c0       __imp__GetCurrentProcess@0 0042c1c0     kernel32:KERNEL32.dll
 0002:000001c4       __imp__EnterCriticalSection@4 0042c1c4     kernel32:KERNEL32.dll
 0002:000001c8       __imp__GetCurrentThreadId@0 0042c1c8     kernel32:KERNEL32.dll
 0002:000001cc       __imp__LeaveCriticalSection@4 0042c1cc     kernel32:KERNEL32.dll
 0002:000001d0       __imp__lstrcmpA@8          0042c1d0     kernel32:KERNEL32.dll
 0002:000001d4       __imp__lstrlenA@4          0042c1d4     kernel32:KERNEL32.dll
 0002:000001d8       __imp__HeapCreate@12       0042c1d8     kernel32:KERNEL32.dll
 0002:000001dc       __imp__InterlockedDecrement@4 0042c1dc     kernel32:KERNEL32.dll
 0002:000001e0       \177KERNEL32_NULL_THUNK_DATA 0042c1e0     kernel32:KERNEL32.dll
 0002:000001e4       __imp__DragQueryFileA@16   0042c1e4     shell32:SHELL32.dll
 0002:000001e8       __imp__SHGetFileInfoA@20   0042c1e8     shell32:SHELL32.dll
 0002:000001ec       __imp__DragFinish@4        0042c1ec     shell32:SHELL32.dll
 0002:000001f0       \177SHELL32_NULL_THUNK_DATA 0042c1f0     shell32:SHELL32.dll
 0002:000001f4       __imp__PathIsUNCA@4        0042c1f4     Shlwapi:SHLWAPI.dll
 0002:000001f8       __imp__PathStripToRootA@4  0042c1f8     Shlwapi:SHLWAPI.dll
 0002:000001fc       __imp__PathFindFileNameA@4 0042c1fc     Shlwapi:SHLWAPI.dll
 0002:00000200       __imp__PathFindExtensionA@4 0042c200     Shlwapi:SHLWAPI.dll
 0002:00000204       \177SHLWAPI_NULL_THUNK_DATA 0042c204     Shlwapi:SHLWAPI.dll
 0002:00000208       __imp__DefFrameProcA@20    0042c208     user32:USER32.dll
[...]
 0003:00000418       ?__pMyUnhandledExceptionFilter@@3PAXA 00431418     LIBCMT:throw.obj
 0003:00000420       __aexit_rtn                00431420     LIBCMT:wincrt0.obj
 0003:00000424       ___app_type                00431424     LIBCMT:wincrt0.obj
 0003:00000430       ___tlsindex                00431430     LIBCMT:tidtable.obj
 0003:00000434       ?__pInconsistency@@3P6AXXZA 00431434     LIBCMT:hooks.obj
 0003:00000438       __locktable                00431438     LIBCMT:mlock.obj
 0003:000005f0       __timezone                 004315f0     LIBCMT:timeset.obj
 0003:000005f4       __daylight                 004315f4     LIBCMT:timeset.obj
 0003:000005f8       __dstbias                  004315f8     LIBCMT:timeset.obj
 0003:0000067c       __tzname                   0043167c     LIBCMT:timeset.obj
 0003:000006a4       __lpdays                   004316a4     LIBCMT:days.obj
 0003:000006d8       __days                     004316d8     LIBCMT:days.obj
 0003:00000710       __pctype                   00431710     LIBCMT:ctype.obj
 0003:00000714       __pwctype                  00431714     LIBCMT:ctype.obj
 0003:00000718       __ctype                    00431718     LIBCMT:ctype.obj
 0003:00000920       __amblksiz                 00431920     LIBCMT:heapinit.obj
 0003:00000928       ___old_small_block_heap    00431928     LIBCMT:sbheap.obj
 0003:0000294c       ___old_sbh_threshold       0043394c     LIBCMT:sbheap.obj
 0003:00002950       __XcptActTab               00433950     LIBCMT:winxfltr.obj
 0003:000029c8       __First_FPE_Indx           004339c8     LIBCMT:winxfltr.obj
 0003:000029cc       __Num_FPE                  004339cc     LIBCMT:winxfltr.obj
 0003:000029d0       __XcptActTabSize           004339d0     LIBCMT:winxfltr.obj
 0003:000029d4       __XcptActTabCount          004339d4     LIBCMT:winxfltr.obj
 0003:000029d8       ___badioinfo               004339d8     LIBCMT:ioinit.obj
 0003:00002a90       ___mb_cur_max              00433a90     LIBCMT:nlsdata1.obj
 0003:00002a94       ___decimal_point           00433a94     LIBCMT:nlsdata1.obj
 0003:00002a98       ___decimal_point_length    00433a98     LIBCMT:nlsdata1.obj
 0003:00002d14       ___lc_time_curr            00433d14     LIBCMT:strftime.obj
 0003:00002d18       ___lc_time_c               00433d18     LIBCMT:strftime.obj
 0003:00002dc8       ___lconv_static_decimal    00433dc8     LIBCMT:lconv.obj
 0003:00002dd0       ___lconv_c                 00433dd0     LIBCMT:lconv.obj
 0003:00002e00       ___lconv                   00433e00     LIBCMT:lconv.obj
 0003:00002e10       ?_pModule@ATL@@3PAVCComModule@1@A 00433e10     Enterdlg.obj
 0003:00002e14       ??_C@_00A@?$AA@            00433e14     Enterdlg.obj
 0003:00002e18       ?cwp@?1??GetHookOldCbtFilter@CWnd@@SAAAU_CreateWindowParam@2@XZ@4U32@A 00433e18     Enterdlg.obj
 0003:00002e24       ?_afxGotScrollLines@?1??_AfxGetMouseScrollLines@CScrollView@@QAEIXZ@4HA 00433e24     Inputvw.obj
 0003:00002e28       ?_init_CMainDoc@@3UAFX_CLASSINIT@@A 00433e28     Maindoc.obj
 0003:00002e2c       ?_afxMsgSETRGB@?1??_AfxCommDlgProc@CCommonDialog@@SGKPAUHWND__@@IIJ@Z@4IA 00433e2c     Maindoc.obj
 0003:00002e30       ?_afxMsgHELP@?1??_AfxCommDlgProc@CCommonDialog@@SGKPAUHWND__@@IIJ@Z@4IA 00433e30     Maindoc.obj
 0003:00002e34       ?_afxMsgFILEOK@?1??_AfxCommDlgProc@CCommonDialog@@SGKPAUHWND__@@IIJ@Z@4IA 00433e34     Maindoc.obj
 0003:00002e38       ?_afxMsgSHAREVI@?1??_AfxCommDlgProc@CCommonDialog@@SGKPAUHWND__@@IIJ@Z@4IA 00433e38     Maindoc.obj
 0003:00002e3c       ?_afxMsgLBSELCHANGE@?1??_AfxCommDlgProc@CCommonDialog@@SGKPAUHWND__@@IIJ@Z@4IA 00433e3c     Maindoc.obj
 0003:00002e40       ?hHalftoneBrush@?1??HalftoneBrush@CAfx@@SAPAUHBRUSH__@@H@Z@4PAU3@A 00433e40     Splitter.obj
 0003:00002e44       ?_afx_hcurLast@?1??SetSplitCursor@CSplitterWnd@@UAEXH@Z@4PAUHICON__@@A 00433e44     Splitter.obj
 0003:00002e48       ?_afx_hcurDestroy@?1??SetSplitCursor@CSplitterWnd@@UAEXH@Z@4PAUHICON__@@A 00433e48     Splitter.obj
 0003:00002e4c       ?_afx_idcPrimaryLast@?1??SetSplitCursor@CSplitterWnd@@UAEXH@Z@4IA 00433e4c     Splitter.obj
 0003:00002e50       ?m_pCWinApp@CWinApp@@2PAV1@A 00433e50     Stdafx.obj
 0003:00002e58       ?rectDefault@CFrameWnd@@2VCRect@WTL@@B 00433e58     Stdafx.obj
 0003:00002e68       ?_AtlWinModule@@3VCComModule@ATL@@A 00433e68     Stdafx.obj
 0003:00002ef0       ?wndTopMost@CWMHnd@@2V1@B  00433ef0     Stdafx.obj
 0003:00002f18       ?wndBottom@CWMHnd@@2V1@B   00433f18     Stdafx.obj
 0003:00002f40       ?wndTop@CWMHnd@@2V1@B      00433f40     Stdafx.obj
 0003:00002f68       ?wndNoTopMost@CWMHnd@@2V1@B 00433f68     Stdafx.obj
 0003:00002f90       ?theApp@@3VCViewExApp@@A   00433f90     Viewex.obj
 0003:000030d0       __aenvptr                  004340d0     LIBCMT:wincrt0.obj
 0003:000030d4       __wenvptr                  004340d4     LIBCMT:wincrt0.obj
 0003:000030d8       ___error_mode              004340d8     LIBCMT:wincrt0.obj
 0003:000030dc       __umaskval                 004340dc     LIBCMT:crt0dat.obj
 0003:000030e0       __osver                    004340e0     LIBCMT:crt0dat.obj
 0003:000030e4       __winver                   004340e4     LIBCMT:crt0dat.obj
 0003:000030e8       __winmajor                 004340e8     LIBCMT:crt0dat.obj
 0003:000030ec       __winminor                 004340ec     LIBCMT:crt0dat.obj
 0003:000030f0       ___argc                    004340f0     LIBCMT:crt0dat.obj
 0003:000030f4       ___argv                    004340f4     LIBCMT:crt0dat.obj
 0003:000030f8       ___wargv                   004340f8     LIBCMT:crt0dat.obj
 0003:000030fc       __environ                  004340fc     LIBCMT:crt0dat.obj
 0003:00003100       ___initenv                 00434100     LIBCMT:crt0dat.obj
 0003:00003104       __wenviron                 00434104     LIBCMT:crt0dat.obj
 0003:00003108       ___winitenv                00434108     LIBCMT:crt0dat.obj
 0003:0000310c       __pgmptr                   0043410c     LIBCMT:crt0dat.obj
 0003:00003110       __wpgmptr                  00434110     LIBCMT:crt0dat.obj
 0003:00003114       __exitflag                 00434114     LIBCMT:crt0dat.obj
 0003:00003118       __C_Termination_Done       00434118     LIBCMT:crt0dat.obj
 0003:0000311c       __C_Exit_Done              0043411c     LIBCMT:crt0dat.obj
 0003:00003378       __adbgmsg                  00434378     LIBCMT:crt0msg.obj
 0003:0000337c       __newmode                  0043437c     LIBCMT:_newmode.obj
 0003:00003380       ?_pnhHeap@@3P6AHI@ZA       00434380     LIBCMT:handler.obj
 0003:00003384       ___lc_handle               00434384     LIBCMT:nlsdata2.obj
 0003:0000339c       ___lc_codepage             0043439c     LIBCMT:nlsdata2.obj
 0003:000033a0       ___lc_collate_cp           004343a0     LIBCMT:nlsdata2.obj
 0003:000033dc       ___lc_time_intl            004343dc     LIBCMT:inittime.obj
 0003:000033f8       ___lc_id                   004343f8     LIBCMT:nlsdata3.obj
 0003:00003448       ___lconv_static_null       00434448     LIBCMT:lconv.obj
 0003:00003458       ?$S5@?1??GetCException@CAfx@@SAAAVCException@@H@Z@4EA 00434458     <common>
 0003:00003460       ?_simpleInvalidArgException@?1??GetCException@CAfx@@SAAAVCException@@H@Z@4VCInvalidArgException@@A 00434460     <common>
 0003:00003468       ?_simpleMemoryException@?1??GetCException@CAfx@@SAAAVCException@@H@Z@4VCMemoryException@@A 00434468     <common>
 0003:00003470       ?_simpleNotSupportedException@?1??GetCException@CAfx@@SAAAVCException@@H@Z@4VCNotSupportedException@@A 00434470     <common>
 0003:00003478       ?_simpleResourceException@?1??GetCException@CAfx@@SAAAVCException@@H@Z@4VCResourceException@@A 00434478     <common>
 0003:00003480       ?uCachedScrollLines@?1??_AfxGetMouseScrollLines@CScrollView@@QAEIXZ@4IA 00434480     <common>
 0003:00003484       ?$S12@?1??GetAfxData@CAfx@@SAABU_AUX_DATA@@XZ@4EA 00434484     <common>
 0003:000034a0       ?_afxdata@?1??GetAfxData@CAfx@@SAABU_AUX_DATA@@XZ@4U3@A 004344a0     <common>
 0003:000034d4       ?$S55@?1??GetCModuleState@CWinApp@@SAPAVCModuleState@@XZ@4EA 004344d4     <common>
 0003:000034e0       ?cModuleState@?1??GetCModuleState@CWinApp@@SAPAVCModuleState@@XZ@4V3@A 004344e0     <common>
 0003:00003504       ?m_lastSentMsg@?1??GetLastSentMsg@CCmdTarget@@SAAAPAUtagMSG@@XZ@4PAU3@A 00434504     <common>
 0003:00003508       ___setlc_active            00434508     <common>
 0003:0000350c       ___unguarded_readlc_active 0043450c     <common>
 0003:00003520       ___pioinfo                 00434520     <common>
 0003:00003620       __nhandle                  00434620     <common>
 0003:00003624       ___sbh_sizeHeaderList      00434624     <common>
 0003:00003628       ___sbh_indGroupDefer       00434628     <common>
 0003:0000362c       ___sbh_pHeaderScan         0043462c     <common>
 0003:00003630       ___sbh_pHeaderDefer        00434630     <common>
 0003:00003634       ___sbh_cntHeaderList       00434634     <common>
 0003:00003638       ___sbh_pHeaderList         00434638     <common>
 0003:0000363c       ___sbh_threshold           0043463c     <common>
 0003:00003640       __crtheap                  00434640     <common>
 0003:00003644       ___active_heap             00434644     <common>
 0003:00003648       ___mbcodepage              00434648     <common>
 0003:00003650       ___mbulinfo                00434650     <common>
 0003:0000365c       ___ismbcodepage            0043465c     <common>
 0003:00003660       __mbcasemap                00434660     <common>
 0003:00003760       __mbctype                  00434760     <common>
 0003:00003864       ___mblcid                  00434864     <common>
 0003:00003868       ___env_initialized         00434868     <common>
 0003:0000386c       ___mbctype_initialized     0043486c     <common>
 0003:00003870       ___onexitend               00434870     <common>
 0003:00003874       ___onexitbegin             00434874     <common>
 0003:00003878       __FPinit                   00434878     <common>
 0003:0000387c       __acmdln                   0043487c     <common>

 entry point at        0001:00024193

 Static symbols

 0001:0001f390       _$E68                      00420390 f   Viewex.obj
 0001:0001f3a0       _$E65                      004203a0 f   Viewex.obj
 0001:0001f3b0       _$E67                      004203b0 f   Viewex.obj
 0001:0001f3c0       _$E66                      004203c0 f   Viewex.obj
 0001:0001c640       _$E62                      0041d640 f   Stdafx.obj
 0001:0001c650       _$E58                      0041d650 f   Stdafx.obj
 0001:0001c680       _$E61                      0041d680 f   Stdafx.obj
 0001:0001c690       _$E59                      0041d690 f   Stdafx.obj
 0001:0001c8b0       _$E67                      0041d8b0 f   Stdafx.obj
 0001:0001c8c0       _$E64                      0041d8c0 f   Stdafx.obj
 0001:0001c8f0       _$E66                      0041d8f0 f   Stdafx.obj
 0001:0001c900       _$E65                      0041d900 f   Stdafx.obj
 0001:0001cb20       _$E72                      0041db20 f   Stdafx.obj
 0001:0001cb30       _$E69                      0041db30 f   Stdafx.obj
 0001:0001cb70       _$E71                      0041db70 f   Stdafx.obj
 0001:0001cb80       _$E70                      0041db80 f   Stdafx.obj
 0001:0001cda0       _$E77                      0041dda0 f   Stdafx.obj
 0001:0001cdb0       _$E74                      0041ddb0 f   Stdafx.obj
 0001:0001cdf0       _$E76                      0041ddf0 f   Stdafx.obj
 0001:0001ce00       _$E75                      0041de00 f   Stdafx.obj
 0001:0001d020       _$E80                      0041e020 f   Stdafx.obj
 0001:0001d030       _$E79                      0041e030 f   Stdafx.obj
 0001:00009f20       _$E64                      0040af20 f   Maindoc.obj
 0001:00009f30       _$E63                      0040af30 f   Maindoc.obj
 0001:00029905       _findenv                   0042a905 f   LIBCMT:setenv.obj
 0001:0002995d       _copy_environ              0042a95d f   LIBCMT:setenv.obj
 0001:00029753       _strncnt                   0042a753 f   LIBCMT:a_cmp.obj
 0001:00029233       _siglookup                 0042a233 f   LIBCMT:winsig.obj
 0001:00028cd2       _strtoxl                   00429cd2 f   LIBCMT:strtol.obj
 0001:00029753       _strncnt                   0042a753 f   LIBCMT:a_cmp.obj
 0001:00028480       LeadUp1                    00429480 f   LIBCMT:memcpy.obj
 0001:000284ac       LeadUp2                    004294ac f   LIBCMT:memcpy.obj
 0001:000284d0       LeadUp3                    004294d0 f   LIBCMT:memcpy.obj
 0001:0002854f       UnwindUp0                  0042954f f   LIBCMT:memcpy.obj
 0001:0002853c       UnwindUp1                  0042953c f   LIBCMT:memcpy.obj
 0001:00028534       UnwindUp2                  00429534 f   LIBCMT:memcpy.obj
 0001:0002852c       UnwindUp3                  0042952c f   LIBCMT:memcpy.obj
 0001:00028524       UnwindUp4                  00429524 f   LIBCMT:memcpy.obj
 0001:0002851c       UnwindUp5                  0042951c f   LIBCMT:memcpy.obj
 0001:00028514       UnwindUp6                  00429514 f   LIBCMT:memcpy.obj
 0001:0002850c       UnwindUp7                  0042950c f   LIBCMT:memcpy.obj
 0001:00028568       TrailUp0                   00429568 f   LIBCMT:memcpy.obj
 0001:00028570       TrailUp1                   00429570 f   LIBCMT:memcpy.obj
 0001:0002857c       TrailUp2                   0042957c f   LIBCMT:memcpy.obj
 0001:00028590       TrailUp3                   00429590 f   LIBCMT:memcpy.obj
 0001:00028608       LeadDown1                  00429608 f   LIBCMT:memcpy.obj
 0001:00028628       LeadDown2                  00429628 f   LIBCMT:memcpy.obj
 0001:00028650       LeadDown3                  00429650 f   LIBCMT:memcpy.obj
 0001:000286a4       UnwindDown7                004296a4 f   LIBCMT:memcpy.obj
 0001:000286ac       UnwindDown6                004296ac f   LIBCMT:memcpy.obj
 0001:000286b4       UnwindDown5                004296b4 f   LIBCMT:memcpy.obj
 0001:000286bc       UnwindDown4                004296bc f   LIBCMT:memcpy.obj
 0001:000286c4       UnwindDown3                004296c4 f   LIBCMT:memcpy.obj
 0001:000286cc       UnwindDown2                004296cc f   LIBCMT:memcpy.obj
 0001:000286d4       UnwindDown1                004296d4 f   LIBCMT:memcpy.obj
 0001:000286e7       UnwindDown0                004296e7 f   LIBCMT:memcpy.obj
 0001:00028700       TrailDown0                 00429700 f   LIBCMT:memcpy.obj
 0001:00028708       TrailDown1                 00429708 f   LIBCMT:memcpy.obj
 0001:00028718       TrailDown2                 00429718 f   LIBCMT:memcpy.obj
 0001:0002872c       TrailDown3                 0042972c f   LIBCMT:memcpy.obj
 0001:00027c19       _parse_cmdline             00428c19 f   LIBCMT:stdargv.obj
 0001:00027a35       _xcptlookup                00428a35 f   LIBCMT:winxfltr.obj
 0001:00025c40       __tzset_lk                 00426c40 f   LIBCMT:tzset.obj
 0001:00025ee8       __isindst_lk               00426ee8 f   LIBCMT:tzset.obj
 0001:00026094       _cvtdate                   00427094 f   LIBCMT:tzset.obj
 0001:00025675       _getSystemCP               00426675 f   LIBCMT:mbctype.obj
 0001:000256bf       _CPtoLCID                  004266bf f   LIBCMT:mbctype.obj
 0001:000256f2       _setSBCS                   004266f2 f   LIBCMT:mbctype.obj
 0001:0002571b       _setSBUpLow                0042671b f   LIBCMT:mbctype.obj
 0001:00024f3b       _doexit                    00425f3b f   LIBCMT:crt0dat.obj
 0001:00024ff2       __initterm                 00425ff2 f   LIBCMT:crt0dat.obj
 0001:0002437f       ?FindHandler@@YAXPAUEHExceptionRecord@@PAUEHRegistrationNode@@PAU_CONTEXT@@PAXPBU_s_FuncInfo@@EH1@Z 0042537f f   LIBCMT:frame.obj
 0001:00024532       ?FindHandlerForForeignException@@YAXPAUEHExceptionRecord@@PAUEHRegistrationNode@@PAU_CONTEXT@@PAXPBU_s_FuncInfo@@HH1@Z 00425532 f   LIBCMT:frame.obj
 0001:000245dc       ?TypeMatch@@YAHPBU_s_HandlerType@@PBU_s_CatchableType@@PBU_s_ThrowInfo@@@Z 004255dc f   LIBCMT:frame.obj
 0001:000246d7       ?FrameUnwindFilter@@YAHPAU_EXCEPTION_POINTERS@@@Z 004256d7 f   LIBCMT:frame.obj
 0001:000246ed       ?CatchIt@@YAXPAUEHExceptionRecord@@PAUEHRegistrationNode@@PAU_CONTEXT@@PAXPBU_s_FuncInfo@@PBU_s_HandlerType@@PBU_s_CatchableType@@PBU_s_TryBlockMapEntry@@H1E@Z 004256ed f   LIBCMT:frame.obj
 0001:00024768       ?CallCatchBlock@@YAPAXPAUEHExceptionRecord@@PAUEHRegistrationNode@@PAU_CONTEXT@@PBU_s_FuncInfo@@PAXHK@Z 00425768 f   LIBCMT:frame.obj
 0001:00024883       ?ExFilterRethrow@@YAHPAU_EXCEPTION_POINTERS@@@Z 00425883 f   LIBCMT:frame.obj
 0001:000248ad       ?BuildCatchObject@@YAXPAUEHExceptionRecord@@PAUEHRegistrationNode@@PBU_s_HandlerType@@PBU_s_CatchableType@@@Z 004258ad f   LIBCMT:frame.obj
 0001:00024ad8       ?AdjustPointer@@YAPAXPAXABUPMD@@@Z 00425ad8 f   LIBCMT:frame.obj
 0001:000242c0       _fast_error_exit           004252c0 f   LIBCMT:wincrt0.obj
 0001:00023e2b       _x_ismbbtype               00424e2b f   LIBCMT:ismbbyte.obj
 0001:00023a83       __make_time_t              00424a83 f   LIBCMT:mktime.obj
 0001:000237b0       LeadUp1                    004247b0 f   LIBCMT:memmove.obj
 0001:000237dc       LeadUp2                    004247dc f   LIBCMT:memmove.obj
 0001:00023800       LeadUp3                    00424800 f   LIBCMT:memmove.obj
 0001:0002387f       UnwindUp0                  0042487f f   LIBCMT:memmove.obj
 0001:0002386c       UnwindUp1                  0042486c f   LIBCMT:memmove.obj
 0001:00023864       UnwindUp2                  00424864 f   LIBCMT:memmove.obj
 0001:0002385c       UnwindUp3                  0042485c f   LIBCMT:memmove.obj
 0001:00023854       UnwindUp4                  00424854 f   LIBCMT:memmove.obj
 0001:0002384c       UnwindUp5                  0042484c f   LIBCMT:memmove.obj
 0001:00023844       UnwindUp6                  00424844 f   LIBCMT:memmove.obj
 0001:0002383c       UnwindUp7                  0042483c f   LIBCMT:memmove.obj
 0001:00023898       TrailUp0                   00424898 f   LIBCMT:memmove.obj
 0001:000238a0       TrailUp1                   004248a0 f   LIBCMT:memmove.obj
 0001:000238ac       TrailUp2                   004248ac f   LIBCMT:memmove.obj
 0001:000238c0       TrailUp3                   004248c0 f   LIBCMT:memmove.obj
 0001:00023938       LeadDown1                  00424938 f   LIBCMT:memmove.obj
 0001:00023958       LeadDown2                  00424958 f   LIBCMT:memmove.obj
 0001:00023980       LeadDown3                  00424980 f   LIBCMT:memmove.obj
 0001:000239d4       UnwindDown7                004249d4 f   LIBCMT:memmove.obj
 0001:000239dc       UnwindDown6                004249dc f   LIBCMT:memmove.obj
 0001:000239e4       UnwindDown5                004249e4 f   LIBCMT:memmove.obj
 0001:000239ec       UnwindDown4                004249ec f   LIBCMT:memmove.obj
 0001:000239f4       UnwindDown3                004249f4 f   LIBCMT:memmove.obj
 0001:000239fc       UnwindDown2                004249fc f   LIBCMT:memmove.obj
 0001:00023a04       UnwindDown1                00424a04 f   LIBCMT:memmove.obj
 0001:00023a17       UnwindDown0                00424a17 f   LIBCMT:memmove.obj
 0001:00023a30       TrailDown0                 00424a30 f   LIBCMT:memmove.obj
 0001:00023a38       TrailDown1                 00424a38 f   LIBCMT:memmove.obj
 0001:00023a48       TrailDown2                 00424a48 f   LIBCMT:memmove.obj
 0001:00023a5c       TrailDown3                 00424a5c f   LIBCMT:memmove.obj
 0001:0002346c       _gu_return                 0042446c f   LIBCMT:exsup.obj
 0001:00023474       __unwind_handler           00424474 f   LIBCMT:exsup.obj
 0001:00023288       ?CatchGuardHandler@@YA?AW4_EXCEPTION_DISPOSITION@@PAUEHExceptionRecord@@PAUCatchGuardRN@@PAX2@Z 00424288 f   LIBCMT:trnsctrl.obj
 0001:00023363       ?TranslatorGuardHandler@@YA?AW4_EXCEPTION_DISPOSITION@@PAUEHExceptionRecord@@PAUTranslatorGuardRN@@PAX2@Z 00424363 f   LIBCMT:trnsctrl.obj

 3015 bytes saved through ICF

