 propdlg

 Timestamp is 595b143c (Tue Jul 04 13:06:20 2017)

 Preferred load address is 00400000

 Start         Length     Name                   Class
 0001:00000000 0003b686H .text                   CODE
 0001:0003b690 00001813H .text$x                 CODE
 0002:00000000 00000544H .idata$5                DATA
 0002:00000548 00001f04H .rdata                  DATA
 0002:00002450 00000044H .rdata$r                DATA
 0002:00002498 00001e08H .xdata$x                DATA
 0002:000042a0 000000b4H .idata$2                DATA
 0002:00004354 00000014H .idata$3                DATA
 0002:00004368 00000544H .idata$4                DATA
 0002:000048ac 0000161eH .idata$6                DATA
 0002:00005eca 00000000H .edata                  DATA
 0003:00000000 00000004H .CRT$XCA                DATA
 0003:00000004 0000001cH .CRT$XCU                DATA
 0003:00000020 00000004H .CRT$XCZ                DATA
 0003:00000024 00000004H .CRT$XIA                DATA
 0003:00000028 00000008H .CRT$XIC                DATA
 0003:00000030 00000004H .CRT$XIY                DATA
 0003:00000034 00000004H .CRT$XIZ                DATA
 0003:00000038 00000004H .CRT$XPA                DATA
 0003:0000003c 00000004H .CRT$XPZ                DATA
 0003:00000040 00000004H .CRT$XTA                DATA
 0003:00000044 00000004H .CRT$XTB                DATA
 0003:00000048 00000004H .CRT$XTZ                DATA
 0003:00000050 000031c0H .data                   DATA
 0003:00003210 00000bacH .bss                    DATA
 0004:00000000 000010f0H .rsrc$01                DATA
 0004:000010f0 00006818H .rsrc$02                DATA

  Address         Publics by Value              Rva+Base     Lib:Object

 0001:00000000       ??0CColorPage@@QAE@XZ      00401000 f   Colorpge.obj
 0001:000001a0       ??_ECColorPage@@UAEPAXI@Z  004011a0 f i Colorpge.obj
 0001:000001a0       ??_GCColorPage@@UAEPAXI@Z  004011a0 f i Colorpge.obj
 0001:000001c0       ??1CColorPage@@UAE@XZ      004011c0 f i Colorpge.obj
 0001:000002d0       ?DoDataExchange@CColorPage@@MAEXPAVCDataExchange@@@Z 004012d0 f   Colorpge.obj
 0001:00000390       ?OnColorClicked@CColorPage@@IAEXI@Z 00401390 f   Colorpge.obj
 0001:00000390       ?OnStyleClicked@CStylePage@@IAEXI@Z 00401390 f   Colorpge.obj
 0001:000004e0       ?_ProcessWindowMessage@CColorPage@@UAEHPAUHWND__@@IIJAAJ@Z 004014e0 f i Colorpge.obj
 0001:00000540       ??1CString@WTL@@QAE@XZ     00401540 f i Colorpge.obj
 0001:00000570       ?GetCException@CAfx@@SAAAVCException@@H@Z 00401570 f i Colorpge.obj
 0001:00000680       ?IsDerivedFrom@CRuntimeClass@@QBEHPBU1@@Z 00401680 f i Colorpge.obj
 0001:000006a0       ?GetCurrentMessage@CCmdTarget@@UBEPBUtagMSG@@XZ 004016a0 f i Colorpge.obj
 0001:000006b0       ??0CWMHnd@@QAE@PAUHWND__@@@Z 004016b0 f i Colorpge.obj
 0001:000006d0       ?_ProcessWindowMessage@CPrintDialogMTL@@UAEHPAUHWND__@@IIJAAJ@Z 004016d0 f i Colorpge.obj
 0001:000006d0       ?_ProcessWindowMessage@CCmdTarget@@UAEHPAUHWND__@@IIJAAJ@Z 004016d0 f i Colorpge.obj
 0001:000006e0       ??1CWMHnd@@UAE@XZ          004016e0 f i Colorpge.obj
 0001:000006f0       ?CalcWindowRect@CWMHnd@@UAEXPAUtagRECT@@I@Z 004016f0 f i Colorpge.obj
 0001:00000730       ?SetCheck@CTestCmdUI@@UAEXH@Z 00401730 f i Colorpge.obj
 0001:00000730       ?RegisterShellFileTypes@CDocManager@@UAEXH@Z 00401730 f i Colorpge.obj
 0001:00000730       ?OnFinalMessage@?$CWindowImplBaseT@VCWindow@ATL@@V?$CWinTraits@$0FGAAAAAA@$0A@@2@@ATL@@UAEXPAUHWND__@@@Z 00401730 f i Colorpge.obj
 0001:00000730       ?SetText@CToolCmdUI@@UAEXPBG@Z 00401730 f i Colorpge.obj
 0001:00000730       ?OnDraw@CView@@UAEXPAVCDCMTL@@@Z 00401730 f i Colorpge.obj
 0001:00000730       ?OnDocumentEvent@CDocument@@UAEXW4DocumentEvent@1@@Z 00401730 f i Colorpge.obj
 0001:00000730       ?SetRadio@CTestCmdUI@@UAEXH@Z 00401730 f i Colorpge.obj
 0001:00000730       ?PreCloseFrame@CDocument@@UAEXPAVCFrameWnd@@@Z 00401730 f i Colorpge.obj
 0001:00000730       ?Serialize@CObject@@UAEXAAVCArchive@@@Z 00401730 f i Colorpge.obj
 0001:00000730       ?DoDataExchange@CWMHnd@@UAEXPAVCDataExchange@@@Z 00401730 f i Colorpge.obj
 0001:00000730       ?SetText@CTestCmdUI@@UAEXPBG@Z 00401730 f i Colorpge.obj
 0001:00000740       ?EnableWindow@CWMHnd@@UAEXH@Z 00401740 f i Colorpge.obj
 0001:00000760       ?GetMenu@CWMHnd@@UBEPAVCMenuMTL@@XZ 00401760 f i Colorpge.obj
 0001:00000790       ?classHandleFuncCMenuMTL@CMenuMTL@@SAPAXPAX0@Z 00401790 f i Colorpge.obj
 0001:000007d0       ??_ECMenuMTL@@UAEPAXI@Z    004017d0 f i Colorpge.obj
 0001:000007d0       ??_GCMenuMTL@@UAEPAXI@Z    004017d0 f i Colorpge.obj
 0001:000007f0       ??1CMenuMTL@@UAE@XZ        004017f0 f i Colorpge.obj
 0001:00000840       ?SetMenu@CWMHnd@@UAEHPAVCMenuMTL@@@Z 00401840 f i Colorpge.obj
 0001:00000870       ?CWndDestruct@CWnd@@QAEXXZ 00401870 f i Colorpge.obj
 0001:000008d0       ?classHandleFuncCWnd@CWnd@@SAPAXPAX0@Z 004018d0 f i Colorpge.obj
 0001:00000930       ?DefWindowProcW@CWnd@@UAEJIIJ@Z 00401930 f i Colorpge.obj
 0001:00000950       ?WindowProc@CWnd@@UAEJIIJ@Z 00401950 f i Colorpge.obj
 0001:000009a0       ?OnWndMsg@CWnd@@UAEHIIJPAJ@Z 004019a0 f i Colorpge.obj
 0001:00000a20       ?OnChildNotify@CWnd@@UAEHIIJPAJ@Z 00401a20 f i Colorpge.obj
 0001:00000c10       ?OnCommand@CWnd@@UAEHIJ@Z  00401c10 f i Colorpge.obj
 0001:00000d40       ?Enable@CTestCmdUI@@UAEXH@Z 00401d40 f i Colorpge.obj
 0001:00000d60       ?OnToolHitTest@CWnd@@UBEJVCPoint@WTL@@PAUtagTOOLINFOW@@@Z 00401d60 f i Colorpge.obj
 0001:00000e90       ?OnNotify@CWnd@@UAEHIJPAJ@Z 00401e90 f i Colorpge.obj
 0001:00000f60       ?Create@CWnd@@UAEHPBG0KABUtagRECT@@PAV1@IPAUCCreateContext@@@Z 00401f60 f i Colorpge.obj
 0001:00000fc0       ?CreateEx@CWnd@@UAEHKPBG0KHHHHPAUHWND__@@PAUHMENU__@@PAX@Z 00401fc0 f i Colorpge.obj
 0001:00001120       ?CbtFilterHook@CWnd@@SGJHIJ@Z 00402120 f i Colorpge.obj
 0001:00001210       ?AfxWindowProc@CWnd@@SGJPAUHWND__@@IIJ@Z 00402210 f i Colorpge.obj
 0001:00001260       ?DestroyWindow@CWnd@@UAEHXZ 00402260 f i Colorpge.obj
 0001:00001270       ?PreCreateWindow@CWnd@@UAEHAAUtagCREATESTRUCTW@@@Z 00402270 f i Colorpge.obj
 0001:000012b0       ?_AfxEndDeferRegisterClass@CAfx@@SAHJ@Z 004022b0 f i Colorpge.obj
 0001:00001590       ?_AfxRegisterClass@CAfx@@SAHPAUtagWNDCLASSW@@@Z 00402590 f i Colorpge.obj
 0001:000017d0       ?memcpy_x@SecureHelper@WTL@@YAXPAXIPBXI@Z 004027d0 f i Colorpge.obj
 0001:00001800       ?AllocBuffer@CString@WTL@@IAEHH@Z 00402800 f i Colorpge.obj
 0001:00001860       ?ContinueModal@CWnd@@UAEHXZ 00402860 f i Colorpge.obj
 0001:00001870       ?EndModalLoop@CWnd@@UAEXH@Z 00402870 f i Colorpge.obj
 0001:000018a0       ??_GCWnd@@UAEPAXI@Z        004028a0 f i Colorpge.obj
 0001:000018a0       ??_ECWnd@@UAEPAXI@Z        004028a0 f i Colorpge.obj
 0001:000018c0       ??1CWnd@@UAE@XZ            004028c0 f i Colorpge.obj
 0001:00001910       ?_ProcessWindowMessage@CWnd@@UAEHPAUHWND__@@IIJAAJ@Z 00402910 f i Colorpge.obj
 0001:00001b70       ??1?$CDCT@$00@WTL@@QAE@XZ  00402b70 f i Colorpge.obj
 0001:00001b90       ?SetAttribDC@CDCMTL@@UAEXPAUHDC__@@@Z 00402b90 f i Colorpge.obj
 0001:00001ba0       ?ReleaseAttribDC@CDCMTL@@UAEXXZ 00402ba0 f i Colorpge.obj
 0001:00001bb0       ?SaveDC@CDCMTL@@UAEHXZ     00402bb0 f i Colorpge.obj
 0001:00001bf0       ?RestoreDC@CDCMTL@@UAEHH@Z 00402bf0 f i Colorpge.obj
 0001:00001c40       ?TextOutW@CDCMTL@@UAEHHHPBGH@Z 00402c40 f i Colorpge.obj
 0001:00001c70       ??_GCDCMTL@@UAEPAXI@Z      00402c70 f i Colorpge.obj
 0001:00001c70       ??_ECDCMTL@@UAEPAXI@Z      00402c70 f i Colorpge.obj
 0001:00001c90       ??1CDCMTL@@UAE@XZ          00402c90 f i Colorpge.obj
 0001:00001c90       ??1?$CHandleWrapper@VCDCMTL@@PAUHDC__@@V?$CDCT@$00@WTL@@@@UAE@XZ 00402c90 f i Colorpge.obj
 0001:00001ce0       ?OnCancel@CCommonDialog@@UAEXXZ 00402ce0 f i Colorpge.obj
 0001:00001ce0       ?OnInitDialog@CWMHnd@@UAEHXZ 00402ce0 f i Colorpge.obj
 0001:00001ce0       ?Default@CWMHnd@@QAEJXZ    00402ce0 f i Colorpge.obj
 0001:00001d00       ?AfxUnsubclassWindow@CWnd@@QAEPAUHWND__@@XZ 00402d00 f i Colorpge.obj
 0001:00001d50       ?OnOK@CDialog@@UAEXXZ      00402d50 f i Colorpge.obj
 0001:00001dc0       ?OnCancel@CDialog@@UAEXXZ  00402dc0 f i Colorpge.obj
 0001:00001df0       ?OnInitDialog@CDialog@@UAEHXZ 00402df0 f i Colorpge.obj
 0001:00001ec0       ?ExecuteDlgInit@CWnd@@QAEHPAX@Z 00402ec0 f i Colorpge.obj
 0001:00001fa0       ?Create@CDialog@@UAEHIPAVCWnd@@@Z 00402fa0 f i Colorpge.obj
 0001:00001fc0       ?Create@CDialog@@UAEHPBGPAVCWnd@@@Z 00402fc0 f i Colorpge.obj
 0001:000020d0       ?CreateIndirect@CDialog@@UAEHPAXPAVCWnd@@PAUHINSTANCE__@@@Z 004030d0 f i Colorpge.obj
 0001:000021a0       ?DoModal@CDialog@@UAEJXZ   004031a0 f i Colorpge.obj
 0001:00002540       ?classHandleFuncCDialog@CDialog@@SAPAXPAX0@Z 00403540 f i Colorpge.obj
 0001:000025a0       ?PreTranslateMessage@CDialog@@UAEHPAUtagMSG@@@Z 004035a0 f i Colorpge.obj
 0001:00002680       ??_ECDialog@@UAEPAXI@Z     00403680 f i Colorpge.obj
 0001:00002680       ??_GCDialog@@UAEPAXI@Z     00403680 f i Colorpge.obj
 0001:000026a0       ??1CDialog@@UAE@XZ         004036a0 f i Colorpge.obj
 0001:000026f0       ??_9@$BHM@AE               004036f0 f i Colorpge.obj
 0001:00002700       ??_9@$BHI@AE               00403700 f i Colorpge.obj
 0001:00002710       ?AfxDlgProc@CWnd@@SGJPAUHWND__@@IIJ@Z 00403710 f i Colorpge.obj
 0001:00002900       ?AfxPropPageCallback@CPropertyPageMTL@@SGIPAUHWND__@@IPAU_PROPSHEETPAGEW@@@Z 00403900 f i Colorpge.obj
 0001:00002970       ?OnApply@CPropertyPageMTL@@UAEHXZ 00403970 f i Colorpge.obj
 0001:00002980       ?OnKillActive@CPropertyPageMTL@@UAEHXZ 00403980 f i Colorpge.obj
 0001:000029d0       ?OnReset@CPropertyPageMTL@@UAEXXZ 004039d0 f i Colorpge.obj
 0001:000029e0       ?OnSetActive@CPropertyPageMTL@@UAEHXZ 004039e0 f i Colorpge.obj
 0001:00002a40       ?OnWizardFinishEx@CPropertyPageMTL@@UAEPAUHWND__@@XZ 00403a40 f i Colorpge.obj
 0001:00002a50       ?GetParentSheet@CPropertyPageMTL@@UAEPAVCPropertySheetMTL@@XZ 00403a50 f i Colorpge.obj
 0001:00002aa0       ?PreTranslateMessage@CWnd@@UAEHPAUtagMSG@@@Z 00403aa0 f i Colorpge.obj
 0001:00002aa0       ?PreTranslateMessage@CPropertyPageMTL@@UAEHPAUtagMSG@@@Z 00403aa0 f i Colorpge.obj
 0001:00002ac0       ??_GCPropertyPageMTL@@UAEPAXI@Z 00403ac0 f i Colorpge.obj
 0001:00002ac0       ??_ECPropertyPageMTL@@UAEPAXI@Z 00403ac0 f i Colorpge.obj
 0001:00002ae0       ??1CPropertyPageMTL@@UAE@XZ 00403ae0 f i Colorpge.obj
 0001:00002bf0       ?_ProcessWindowMessage@CPropertyPageMTL@@UAEHPAUHWND__@@IIJAAJ@Z 00403bf0 f i Colorpge.obj
 0001:00002e30       ?OnNotify@CPropertyPageMTL@@UAEHIJPAJ@Z 00403e30 f i Colorpge.obj
 0001:00003130       ?OnWizardFinish@CPropertyPageMTL@@UAEHXZ 00404130 f i Colorpge.obj
 0001:000031b0       ?FromHandleWnd@CWinApp@@QAEPAVCWMHnd@@PAUHWND__@@PAV2@0P6APAXPAX2@Z@Z 004041b0 f i Colorpge.obj
 0001:00003280       ?RemoveHandleWnd@CWinApp@@QAEPAUHWND__@@PAU2@@Z 00404280 f i Colorpge.obj
 0001:000034f0       ?FromHandleMenu@CWinApp@@QAEPAVCMenuMTL@@PAUHMENU__@@PAV2@PAUHWND__@@P6APAXPAX3@Z@Z 004044f0 f i Colorpge.obj
 0001:00003580       ?RemoveHandleMenu@CWinApp@@QAEPAUHMENU__@@PAU2@@Z 00404580 f i Colorpge.obj
 0001:000035f0       ?RemoveHandleDC@CWinApp@@QAEPAUHDC__@@PAU2@@Z 004045f0 f i Colorpge.obj
 0001:00003660       ?_GetCModuleState@CWinApp@@SAPAVCModuleState@@XZ 00404660 f i Colorpge.obj
 0001:000036a0       ??0CModuleState@@QAE@XZ    004046a0 f i Colorpge.obj
 0001:000036d0       ?cModuleState@?1??_GetCModuleState@CWinApp@@SAPAVCModuleState@@XZ@$AV2@A 004046d0 f i Colorpge.obj
 0001:000036e0       ??1CModuleState@@QAE@XZ    004046e0 f i Colorpge.obj
 0001:00003770       ?FromHandle@CWnd@@SAPAV1@PAUHWND__@@PAV1@0P6APAXPAX2@Z@Z 00404770 f i Colorpge.obj
 0001:00003790       ?RemoveHandle@CDCMTL@@SAPAUHDC__@@PAU2@@Z 00404790 f i Colorpge.obj
 0001:000037b0       ?OnCmdMsg@CDialog@@UAEHIHPAXPAUAFX_CMDHANDLERINFO@@@Z 004047b0 f i Colorpge.obj
 0001:000037b0       ?OnCmdMsg@CPropertySheetMTL@@UAEHIHPAXPAUAFX_CMDHANDLERINFO@@@Z 004047b0 f i Colorpge.obj
 0001:00003950       ?GetRuntimeClass@CMainFrame@@UBEPAUCRuntimeClass@@XZ 00404950 f   Mainfrm.obj
 0001:00003960       ??0CMainFrame@@QAE@XZ      00404960 f   Mainfrm.obj
 0001:00003b30       ?_ProcessWindowMessage@CMainFrame@@UAEHPAUHWND__@@IIJAAJ@Z 00404b30 f i Mainfrm.obj
 0001:00003ef0       ??_ECMainFrame@@UAEPAXI@Z  00404ef0 f i Mainfrm.obj
 0001:00003ef0       ??_GCMainFrame@@UAEPAXI@Z  00404ef0 f i Mainfrm.obj
 0001:00003f10       ??1CMainFrame@@UAE@XZ      00404f10 f   Mainfrm.obj
 0001:00004050       ?OnCreate@CMainFrame@@QAEHPAUtagCREATESTRUCTW@@@Z 00405050 f   Mainfrm.obj
 0001:00004310       ?OnMiniFramePropertySheet@CMainFrame@@QAEXXZ 00405310 f   Mainfrm.obj
 0001:00004590       ?OnUpdateMiniFramePropertySheet@CMainFrame@@QAEXPAVCCmdUI@@@Z 00405590 f   Mainfrm.obj
 0001:000045d0       ?HideModelessPropSheet@CMainFrame@@QAEXXZ 004055d0 f   Mainfrm.obj
 0001:000045f0       ?CenterWindow@CWindow@ATL@@QAEHPAUHWND__@@@Z 004055f0 f i Mainfrm.obj
 0001:00004780       ??4CString@WTL@@QAEAAV01@PBG@Z 00405780 f i Mainfrm.obj
 0001:00004850       ?GetBuffer@CString@WTL@@QAEPAGH@Z 00405850 f i Mainfrm.obj
 0001:00004910       ?ReleaseBuffer@CString@WTL@@QAEXH@Z 00405910 f i Mainfrm.obj
 0001:000049e0       ?_LoadString@CString@WTL@@KGHIPAGI@Z 004059e0 f i Mainfrm.obj
 0001:00004a10       ?_GetAfxData@CAfx@@SAABU_AUX_DATA@@XZ 00405a10 f i Mainfrm.obj
 0001:00004b00       ??0CWnd@@QAE@PAUHWND__@@@Z 00405b00 f i Mainfrm.obj
 0001:00004b40       ??0CControlBar@@QAE@XZ     00405b40 f i Mainfrm.obj
 0001:00004bf0       ?WindowProc@CControlBar@@UAEJIIJ@Z 00405bf0 f i Mainfrm.obj
 0001:00004e70       ?CalcDynamicLayout@CControlBar@@UAE?AVCSize@WTL@@HK@Z 00405e70 f i Mainfrm.obj
 0001:00004ea0       ?CalcFixedLayout@CControlBar@@UAE?AVCSize@WTL@@HH@Z 00405ea0 f i Mainfrm.obj
 0001:00004ee0       ?IsTabbedMDIChild@CMDIChildWnd@@UAEHXZ 00405ee0 f i Mainfrm.obj
 0001:00004ee0       ?OnFileNameOK@CFileDialogMTL@@UAEHXZ 00405ee0 f i Mainfrm.obj
 0001:00004ee0       ?OnWizardNext@CPropertyPageMTL@@UAEJXZ 00405ee0 f i Mainfrm.obj
 0001:00004ee0       ?GetDefaultAccelerator@CDocument@@UAEPAUHACCEL__@@XZ 00405ee0 f i Mainfrm.obj
 0001:00004ee0       ?GetEventSinkMap@CCmdTarget@@UBEPBUAFX_EVENTSINKMAP@@XZ 00405ee0 f i Mainfrm.obj
 0001:00004ee0       ?IsFrameWnd@CWMHnd@@UAEHXZ 00405ee0 f i Mainfrm.obj
 0001:00004ee0       ?OnWizardBack@CPropertyPageMTL@@UAEJXZ 00405ee0 f i Mainfrm.obj
 0001:00004ee0       ?IsDockBar@CControlBar@@UBEHXZ 00405ee0 f i Mainfrm.obj
 0001:00004ef0       ?IsVisible@CControlBar@@UBEHXZ 00405ef0 f i Mainfrm.obj
 0001:00004f20       ?PostNcDestroy@CControlBar@@UAEXXZ 00405f20 f i Mainfrm.obj
 0001:00004f40       ?PreCreateWindow@CControlBar@@UAEHAAUtagCREATESTRUCTW@@@Z 00405f40 f i Mainfrm.obj
 0001:00005000       ??_ECControlBar@@UAEPAXI@Z 00406000 f i Mainfrm.obj
 0001:00005000       ??_GCControlBar@@UAEPAXI@Z 00406000 f i Mainfrm.obj
 0001:00005020       ??1CControlBar@@UAE@XZ     00406020 f i Mainfrm.obj
 0001:00005090       ?_ProcessWindowMessage@CControlBar@@UAEHPAUHWND__@@IIJAAJ@Z 00406090 f i Mainfrm.obj
 0001:00005380       ?Find@?$CList@PAXPAX@@QBEPAU__POSITION@@PAXPAU2@@Z 00406380 f i Mainfrm.obj
 0001:000053b0       ?RemoveAt@?$CList@PAXPAX@@QAEXPAU__POSITION@@@Z 004063b0 f i Mainfrm.obj
 0001:00005410       ?OnInitialUpdate@CControlBar@@QAEXXZ 00406410 f i Mainfrm.obj
 0001:00005540       ?OnSizeParent@CControlBar@@QAEJIJ@Z 00406540 f i Mainfrm.obj
 0001:000057e0       ?OnBarStyleChange@CStatusBar@@UAEXKK@Z 004067e0 f i Mainfrm.obj
 0001:00005810       ?OnUpdateCmdUI@CStatusBar@@UAEXPAVCFrameWnd@@H@Z 00406810 f i Mainfrm.obj
 0001:00005900       ?UpdateDialogControls@CWnd@@QAEXPAVCCmdTarget@@H@Z 00406900 f i Mainfrm.obj
 0001:00005ae0       ?OnIdle@CCmdUI@@QAEHPAVCCmdTarget@@H@Z 00406ae0 f i Mainfrm.obj
 0001:00005b50       ?Enable@CCmdUI@@UAEXH@Z    00406b50 f i Mainfrm.obj
 0001:00005bf0       ?SetCheck@CCmdUI@@UAEXH@Z  00406bf0 f i Mainfrm.obj
 0001:00005c60       ?SetRadio@CCmdUI@@UAEXH@Z  00406c60 f i Mainfrm.obj
 0001:00005cb0       ?SetText@CCmdUI@@UAEXPBG@Z 00406cb0 f i Mainfrm.obj
 0001:00005d90       ?CalcFixedLayout@CStatusBar@@UAE?AVCSize@WTL@@HH@Z 00406d90 f i Mainfrm.obj
 0001:00005f40       ??0?$CHandleWrapper@VCDCMTL@@PAUHDC__@@V?$CDCT@$00@WTL@@@@QAE@PAUHDC__@@@Z 00406f40 f i Mainfrm.obj
 0001:00005f40       ??0?$CHandleWrapper@VCPenMTL@@PAUHPEN__@@V?$CPenT@$00@WTL@@@@QAE@PAUHPEN__@@@Z 00406f40 f i Mainfrm.obj
 0001:00005f40       ??0?$CHandleWrapper@VCBrushMTL@@PAUHBRUSH__@@V?$CBrushT@$00@WTL@@@@QAE@PAUHBRUSH__@@@Z 00406f40 f i Mainfrm.obj
 0001:00005f60       ??_ECClientDCMTL@@UAEPAXI@Z 00406f60 f i Mainfrm.obj
 0001:00005f60       ??_GCClientDCMTL@@UAEPAXI@Z 00406f60 f i Mainfrm.obj
 0001:00005f80       ??1CClientDCMTL@@UAE@XZ    00406f80 f i Mainfrm.obj
 0001:00005fe0       ?CalcInsideRect@CControlBar@@QBEXAAVCRect@WTL@@H@Z 00406fe0 f i Mainfrm.obj
 0001:000060d0       ?Create@CStatusBar@@UAEHPAVCWnd@@KI@Z 004070d0 f i Mainfrm.obj
 0001:000060f0       ?CreateEx@CStatusBar@@UAEHPAVCWnd@@KKI@Z 004070f0 f i Mainfrm.obj
 0001:000061b0       ?PreCreateWindow@CStatusBar@@UAEHAAUtagCREATESTRUCTW@@@Z 004071b0 f i Mainfrm.obj
 0001:00006290       ?SetIndicators@CStatusBar@@QAEHPBIH@Z 00407290 f i Mainfrm.obj
 0001:000065d0       ?Empty@CString@WTL@@QAEXXZ 004075d0 f i Mainfrm.obj
 0001:00006700       ?AssignCopy@CString@WTL@@IAEXHPBG@Z 00407700 f i Mainfrm.obj
 0001:000067c0       ??0CDCMTL@@QAE@PAUHDC__@@@Z 004077c0 f i Mainfrm.obj
 0001:000067f0       ?AllocElements@CControlBar@@QAEHHH@Z 004077f0 f i Mainfrm.obj
 0001:00006840       ?UpdateAllPanes@CStatusBar@@QAEXHH@Z 00407840 f i Mainfrm.obj
 0001:00006b30       ?RemoveAll@?$CArray@W4LoadArrayObjType@CArchive@@ABW412@@@QAEXXZ 00407b30 f i Mainfrm.obj
 0001:00006b30       ??1?$CArray@PAXABQAX@@QAE@XZ 00407b30 f i Mainfrm.obj
 0001:00006b30       ?RemoveAll@?$CArray@HABH@@QAEXXZ 00407b30 f i Mainfrm.obj
 0001:00006b30       ??1?$CArray@HABH@@QAE@XZ   00407b30 f i Mainfrm.obj
 0001:00006b30       ?RemoveAll@?$CArray@PAXABQAX@@QAEXXZ 00407b30 f i Mainfrm.obj
 0001:00006b50       ?ConstructElements@@YAXPAHJ@Z 00407b50 f i Mainfrm.obj
 0001:00006b50       ?ConstructElements@@YAXPAW4LoadArrayObjType@CArchive@@J@Z 00407b50 f i Mainfrm.obj
 0001:00006b50       ?ConstructElements@@YAXPAPAXJ@Z 00407b50 f i Mainfrm.obj
 0001:00006b60       ??_ECStatusBar@@UAEPAXI@Z  00407b60 f i Mainfrm.obj
 0001:00006b60       ??_GCStatusBar@@UAEPAXI@Z  00407b60 f i Mainfrm.obj
 0001:00006b80       ??1CStatusBar@@UAE@XZ      00407b80 f i Mainfrm.obj
 0001:00006bf0       ?_ProcessWindowMessage@CStatusBar@@UAEHPAUHWND__@@IIJAAJ@Z 00407bf0 f i Mainfrm.obj
 0001:00006f00       ?EraseNonClient@CControlBar@@QAEXXZ 00407f00 f i Mainfrm.obj
 0001:00007160       ?Draw3dRect@?$CDCT@$00@WTL@@QAEXHHHHKK@Z 00408160 f i Mainfrm.obj
 0001:000072c0       ??_GCWindowDCMTL@@UAEPAXI@Z 004082c0 f i Mainfrm.obj
 0001:000072c0       ??_ECWindowDCMTL@@UAEPAXI@Z 004082c0 f i Mainfrm.obj
 0001:000072e0       ??1CWindowDCMTL@@UAE@XZ    004082e0 f i Mainfrm.obj
 0001:00007340       ?OnSetMinHeight@CStatusBar@@QAEJIJ@Z 00408340 f i Mainfrm.obj
 0001:00007370       ?CommandToIndex@CStatusBar@@QBEHI@Z 00408370 f i Mainfrm.obj
 0001:000073a0       ?SetPaneText@CStatusBar@@QAEHHPBGH@Z 004083a0 f i Mainfrm.obj
 0001:00007580       ?Release@CString@WTL@@IAEXXZ 00408580 f i Mainfrm.obj
 0001:000075c0       ?Enable@CStatusCmdUI@@UAEXH@Z 004085c0 f i Mainfrm.obj
 0001:00007790       ?SetCheck@CStatusCmdUI@@UAEXH@Z 00408790 f i Mainfrm.obj
 0001:00007950       ?SetText@CStatusCmdUI@@UAEXPBG@Z 00408950 f i Mainfrm.obj
 0001:00007af0       ?AllocBeforeWrite@CString@WTL@@IAEHH@Z 00408af0 f i Mainfrm.obj
 0001:00007b90       ?AfxLoadSysColorBitmap@@YAPAUHBITMAP__@@PAUHINSTANCE__@@PAUHRSRC__@@H@Z 00408b90 f i Mainfrm.obj
 0001:00007d50       ?OnBarStyleChange@CToolBar@@UAEXKK@Z 00408d50 f i Mainfrm.obj
 0001:00007d90       ?OnToolHitTest@CToolBar@@UBEJVCPoint@WTL@@PAUtagTOOLINFOW@@@Z 00408d90 f i Mainfrm.obj
 0001:00007fb0       ??0CRect@WTL@@QAE@XZ       00408fb0 f i Mainfrm.obj
 0001:00007fc0       ?OnUpdateCmdUI@CToolBar@@UAEXPAVCFrameWnd@@H@Z 00408fc0 f i Mainfrm.obj
 0001:00008150       ?CalcDynamicLayout@CToolBar@@UAE?AVCSize@WTL@@HK@Z 00409150 f i Mainfrm.obj
 0001:000081a0       ?CalcFixedLayout@CToolBar@@UAE?AVCSize@WTL@@HH@Z 004091a0 f i Mainfrm.obj
 0001:000081d0       ?CalcLayout@CToolBar@@QAE?AVCSize@WTL@@KH@Z 004091d0 f i Mainfrm.obj
 0001:000088a0       ?SetWindowPos@CWMHnd@@QAEHPBV1@HHHHI@Z 004098a0 f i Mainfrm.obj
 0001:000088e0       ?CalcSize@CToolBar@@QAE?AVCSize@WTL@@PAU_TBBUTTON@@H@Z 004098e0 f i Mainfrm.obj
 0001:00008af0       ?Create@CToolBar@@UAEHPAVCWnd@@KI@Z 00409af0 f i Mainfrm.obj
 0001:00008b40       ?CreateEx@CToolBar@@UAEHPAVCWnd@@KKVCRect@WTL@@I@Z 00409b40 f i Mainfrm.obj
 0001:00008d60       ?Layout@CToolBar@@QAEXXZ   00409d60 f i Mainfrm.obj
 0001:00008dd0       ?_SetButton@CToolBar@@QAEXHPAU_TBBUTTON@@@Z 00409dd0 f i Mainfrm.obj
 0001:00008f80       ?SizeToolBar@CToolBar@@QAEXPAU_TBBUTTON@@HHH@Z 00409f80 f i Mainfrm.obj
 0001:000092d0       ?WrapToolBar@CToolBar@@QAEHPAU_TBBUTTON@@HH@Z 0040a2d0 f i Mainfrm.obj
 0001:000093c0       ??_GCToolBar@@UAEPAXI@Z    0040a3c0 f i Mainfrm.obj
 0001:000093c0       ??_ECToolBar@@UAEPAXI@Z    0040a3c0 f i Mainfrm.obj
 0001:000093e0       ??1CToolBar@@UAE@XZ        0040a3e0 f i Mainfrm.obj
 0001:00009450       ?_ProcessWindowMessage@CToolBar@@UAEHPAUHWND__@@IIJAAJ@Z 0040a450 f i Mainfrm.obj
 0001:00009970       ?AddTail@?$CList@PAXPAX@@QAEPAU__POSITION@@PAX@Z 0040a970 f i Mainfrm.obj
 0001:000099a0       ?OnLButtonDown@CControlBar@@QAEXIVCPoint@WTL@@@Z 0040a9a0 f i Mainfrm.obj
 0001:00009a10       ?OnLButtonDblClk@CControlBar@@QAEXIVCPoint@WTL@@@Z 0040aa10 f i Mainfrm.obj
 0001:00009be0       ?GetNext@?$CList@V?$CPair@PAXPAX@@ABV1@@@QBEABV?$CPair@PAXPAX@@AAPAU__POSITION@@@Z 0040abe0 f i Mainfrm.obj
 0001:00009be0       ?GetNext@?$CList@PAXPAX@@QBEABQAXAAPAU__POSITION@@@Z 0040abe0 f i Mainfrm.obj
 0001:00009c00       ?OnPreserveSizingPolicyHelper@CToolBar@@QAEJIJ@Z 0040ac00 f i Mainfrm.obj
 0001:00009f10       ?_AfxModifyStyle@CWMHnd@@SAHPAUHWND__@@HKKI@Z 0040af10 f i Mainfrm.obj
 0001:00009f70       ?ModifyStyle@CWMHnd@@QAEHKKI@Z 0040af70 f i Mainfrm.obj
 0001:00009fd0       ?OnPreserveZeroBorderHelper@CToolBar@@QAEJIJ@Z 0040afd0 f i Mainfrm.obj
 0001:0000a090       ?OnSetButtonSize@CToolBar@@QAEJIJ@Z 0040b090 f i Mainfrm.obj
 0001:0000a160       ?OnSetBitmapSize@CToolBar@@QAEJIJ@Z 0040b160 f i Mainfrm.obj
 0001:0000a230       ?DrawBorders@CControlBar@@QAEXPAVCDCMTL@@AAVCRect@WTL@@@Z 0040b230 f i Mainfrm.obj
 0001:0000a670       ?FillSolidRect@?$CDCT@$00@WTL@@QAEXPBUtagRECT@@K@Z 0040b670 f i Mainfrm.obj
 0001:0000a6c0       ?Enable@CToolCmdUI@@UAEXH@Z 0040b6c0 f i Mainfrm.obj
 0001:0000a8f0       ?SetCheck@CToolCmdUI@@UAEXH@Z 0040b8f0 f i Mainfrm.obj
 0001:0000ab20       ?CFrameWndDestruct@CFrameWnd@@QAEXXZ 0040bb20 f i Mainfrm.obj
 0001:0000aba0       ?OnCreateClient@CFrameWnd@@UAEHPAUtagCREATESTRUCTW@@PAUCCreateContext@@@Z 0040bba0 f i Mainfrm.obj
 0001:0000ac60       ?ActivateFrame@CFrameWnd@@UAEXH@Z 0040bc60 f i Mainfrm.obj
 0001:0000ad00       ?Create@CFrameWnd@@UAEHPBG0KABUtagRECT@@PAVCWnd@@0KPAUCCreateContext@@@Z 0040bd00 f i Mainfrm.obj
 0001:0000ae50       ?GetActiveFrame@CFrameWnd@@UAEPAV1@XZ 0040be50 f i Mainfrm.obj
 0001:0000ae60       ?LoadFrame@CFrameWnd@@UAEHIKPAVCWnd@@PAUCCreateContext@@@Z 0040be60 f i Mainfrm.obj
 0001:0000b1c0       ?AfxExtractSubString@CAfx@@SAHAAVCString@WTL@@PBGHG@Z 0040c1c0 f i Mainfrm.obj
 0001:0000b3e0       ?Release@CString@WTL@@KGXPAUCStringData@2@@Z 0040c3e0 f i Mainfrm.obj
 0001:0000b410       ?AfxRegisterWndClass@CAfx@@SAPBGIPAUHICON__@@PAUHBRUSH__@@0@Z 0040c410 f i Mainfrm.obj
 0001:0000b4e0       ?SendMessageToDescendants@CWnd@@QAEXPAUHWND__@@IIJHH@Z 0040c4e0 f i Mainfrm.obj
 0001:0000b5c0       ?PreCreateWindow@CFrameWnd@@UAEHAAUtagCREATESTRUCTW@@@Z 0040c5c0 f i Mainfrm.obj
 0001:0000b5c0       ?PreCreateWindow@CMDIChildWnd@@UAEHAAUtagCREATESTRUCTW@@@Z 0040c5c0 f i Mainfrm.obj
 0001:0000b600       ?PreTranslateMessage@CFrameWnd@@UAEHPAUtagMSG@@@Z 0040c600 f i Mainfrm.obj
 0001:0000b660       ?RecalcLayout@CFrameWnd@@UAEXH@Z 0040c660 f i Mainfrm.obj
 0001:0000b7f0       ?RepositionBars@CWnd@@QAEXIIIIPAUtagRECT@@PBU2@H@Z 0040c7f0 f i Mainfrm.obj
 0001:0000ba60       ?ReDockControlBar@CFrameWnd@@QAEXPAVCControlBar@@PAVCDockBar@@PBUtagRECT@@@Z 0040ca60 f i Mainfrm.obj
 0001:0000bb70       ??_GCFrameWnd@@UAEPAXI@Z   0040cb70 f i Mainfrm.obj
 0001:0000bb70       ??_ECFrameWnd@@UAEPAXI@Z   0040cb70 f i Mainfrm.obj
 0001:0000bb90       ??1CFrameWnd@@UAE@XZ       0040cb90 f i Mainfrm.obj
 0001:0000bc50       ?_ProcessWindowMessage@CFrameWnd@@UAEHPAUHWND__@@IIJAAJ@Z 0040cc50 f i Mainfrm.obj
 0001:0000ca50       ?PostMessageW@CWindow@ATL@@QAEHIIJ@Z 0040da50 f i Mainfrm.obj
 0001:0000ca70       ??1?$CMenuT@$00@WTL@@QAE@XZ 0040da70 f i Mainfrm.obj
 0001:0000ca90       ?GetSubMenu@CMenuMTL@@QAEPAV1@H@Z 0040da90 f i Mainfrm.obj
 0001:0000cac0       ?GetParentFrame@CWnd@@QAEPAVCFrameWnd@@XZ 0040dac0 f i Mainfrm.obj
 0001:0000cb30       ?GetTopLevelParent@CWnd@@QAEPAV1@XZ 0040db30 f i Mainfrm.obj
 0001:0000cbe0       ?GetDescendantWindow@CWnd@@QAEPAV1@HH@Z 0040dbe0 f i Mainfrm.obj
 0001:0000cc90       ?GetDescendantWindow@CWnd@@QAEPAV1@PAUHWND__@@HH@Z 0040dc90 f i Mainfrm.obj
 0001:0000cd40       ?OnBarCheck@CFrameWnd@@QAEHI@Z 0040dd40 f i Mainfrm.obj
 0001:0000cef0       ?OnUpdateControlBarMenu@CFrameWnd@@QAEXPAVCCmdUI@@@Z 0040def0 f i Mainfrm.obj
 0001:0000cf60       ?OnIdleUpdateCmdUI@CFrameWnd@@QAEXXZ 0040df60 f i Mainfrm.obj
 0001:0000cff0       ?OnPopMessageString@CFrameWnd@@QAEJIJ@Z 0040dff0 f i Mainfrm.obj
 0001:0000d020       ?OnSetMessageString@CFrameWnd@@QAEJIJ@Z 0040e020 f i Mainfrm.obj
 0001:0000d1d0       ?CopyBeforeWrite@CString@WTL@@IAEXXZ 0040e1d0 f i Mainfrm.obj
 0001:0000d280       ?AfxLoadString@CAfx@@SAHIPAGI@Z 0040e280 f i Mainfrm.obj
 0001:0000d340       ?OnToolTipText@CFrameWnd@@QAEHIPAUtagNMHDR@@PAJ@Z 0040e340 f i Mainfrm.obj
 0001:0000d590       ?GetBufferSetLength@CString@WTL@@QAEPAGH@Z 0040e590 f i Mainfrm.obj
 0001:0000d660       ?AtlGetStringResourceImage@CAfx@@SAPBUATLSTRINGRESOURCEIMAGE@@PAUHINSTANCE__@@I@Z 0040e660 f i Mainfrm.obj
 0001:0000d6f0       ?OnUpdateKeyIndicator@CFrameWnd@@QAEXPAVCCmdUI@@@Z 0040e6f0 f i Mainfrm.obj
 0001:0000d760       ?DestroyDockBars@CFrameWnd@@QAEXXZ 0040e760 f i Mainfrm.obj
 0001:0000d930       ?IsKindOf@CObject@@QBEHPBUCRuntimeClass@@@Z 0040e930 f i Mainfrm.obj
 0001:0000d960       ?SetMenuBarState@CFrameWnd@@QAEHK@Z 0040e960 f i Mainfrm.obj
 0001:0000d9d0       ?FloatControlBar@CFrameWnd@@QAEXPAVCControlBar@@VCPoint@WTL@@K@Z 0040e9d0 f i Mainfrm.obj
 0001:0000db70       ?Create@CMiniDockFrameWnd@@QAEHPAVCWnd@@K@Z 0040eb70 f i Mainfrm.obj
 0001:0000dec0       ?GetTopLevelFrame@CWnd@@QAEPAVCFrameWnd@@XZ 0040eec0 f i Mainfrm.obj
 0001:0000dfc0       ?ToggleDocking@CDockContext@@QAEXXZ 0040efc0 f i Mainfrm.obj
 0001:0000e1d0       ?GetControlBar@CFrameWnd@@QAEPAVCControlBar@@I@Z 0040f1d0 f i Mainfrm.obj
 0001:0000e220       ?OnIdleUpdateCmdUI@CControlBar@@QAEJIJ@Z 0040f220 f i Mainfrm.obj
 0001:0000e360       ?DestroyWindow@CControlBar@@UAEHXZ 0040f360 f i Mainfrm.obj
 0001:0000e420       ?DockControlBar@CDockBar@@QAEXPAVCControlBar@@PBUtagRECT@@@Z 0040f420 f i Mainfrm.obj
 0001:0000e960       ?InsertAt@?$CArray@PAXABQAX@@QAEXJABQAXJ@Z 0040f960 f i Mainfrm.obj
 0001:0000e960       ?InsertAt@?$CArray@W4LoadArrayObjType@CArchive@@ABW412@@@QAEXJABW4LoadArrayObjType@CArchive@@J@Z 0040f960 f i Mainfrm.obj
 0001:0000ebf0       ?RemoveAt@?$CArray@PAXABQAX@@QAEXJJ@Z 0040fbf0 f i Mainfrm.obj
 0001:0000ec30       ?SetAtGrow@?$CArray@PAXABQAX@@QAEXJABQAX@Z 0040fc30 f i Mainfrm.obj
 0001:0000ed70       ?Size@CRect@WTL@@QBE?AVCSize@2@XZ 0040fd70 f i Mainfrm.obj
 0001:0000ed90       ?AfxSetWindowText@CAfx@@SAXPAUHWND__@@PBG@Z 0040fd90 f i Mainfrm.obj
 0001:0000ee10       ?ScreenToClient@CWMHnd@@QBEXPAUtagRECT@@@Z 0040fe10 f i Mainfrm.obj
 0001:0000ee40       ?GetDockingFrame@CControlBar@@QAEPAVCFrameWnd@@XZ 0040fe40 f i Mainfrm.obj
 0001:0000eec0       ?FindBar@CDockBar@@QAEHPAVCControlBar@@H@Z 0040fec0 f i Mainfrm.obj
 0001:0000eef0       ?GetDockedCount@CDockBar@@QBEHXZ 0040fef0 f i Mainfrm.obj
 0001:0000ef20       ?GetDockedControlBar@CDockBar@@QBEPAVCControlBar@@H@Z 0040ff20 f i Mainfrm.obj
 0001:0000ef40       ?RemovePlaceHolder@CDockBar@@QAEXPAVCControlBar@@@Z 0040ff40 f i Mainfrm.obj
 0001:0000efe0       ?ReDockControlBar@CDockBar@@QAEXPAVCControlBar@@PBUtagRECT@@@Z 0040ffe0 f i Mainfrm.obj
 0001:0000f460       ?RemoveControlBar@CDockBar@@QAEHPAVCControlBar@@HH@Z 00410460 f i Mainfrm.obj
 0001:0000f690       ?OnSetPreviewMode@CFrameWnd@@UAEXHPAUCPrintPreviewState@@@Z 00410690 f i Mainfrm.obj
 0001:0000fb00       ?AfxGetParentOwner@CWnd@@SAPAUHWND__@@PAU2@@Z 00410b00 f i Mainfrm.obj
 0001:0000fb80       ?IsFloating@CControlBar@@QBEHXZ 00410b80 f i Mainfrm.obj
 0001:0000fbb0       ?OnCloseDocument@CDocument@@QAEXXZ 00410bb0 f i Mainfrm.obj
 0001:0000fc70       ?GetDefaultAccelerator@CFrameWnd@@UAEPAUHACCEL__@@XZ 00410c70 f i Mainfrm.obj
 0001:0000fc90       ?OnUpdateFrameMenu@CFrameWnd@@UAEXPAUHMENU__@@@Z 00410c90 f i Mainfrm.obj
 0001:0000fcd0       ?OnUpdateFrameTitle@CFrameWnd@@UAEXH@Z 00410cd0 f i Mainfrm.obj
 0001:0000fd20       ?UpdateFrameTitleForDocument@CFrameWnd@@QAEXPBG@Z 00410d20 f i Mainfrm.obj
 0001:0000ff20       ?ConcatInPlace@CString@WTL@@IAEXHPBG@Z 00410f20 f i Mainfrm.obj
 0001:00010050       ?DefWindowProcW@CMDIFrameWnd@@UAEJIIJ@Z 00411050 f i Mainfrm.obj
 0001:00010080       ?OnCreateClient@CMDIFrameWnd@@UAEHPAUtagCREATESTRUCTW@@PAUCCreateContext@@@Z 00411080 f i Mainfrm.obj
 0001:000100e0       ?OnDestroy@CMDIFrameWnd@@QAEXXZ 004110e0 f i Mainfrm.obj
 0001:00010180       ?OnIdleUpdateCmdUI@CMDIFrameWnd@@QAEXXZ 00411180 f i Mainfrm.obj
 0001:00010230       ?OnMDIWindowCmd@CMDIFrameWnd@@QAEHI@Z 00411230 f i Mainfrm.obj
 0001:00010290       ?OnSize@CMDIFrameWnd@@QAEXIHH@Z 00411290 f i Mainfrm.obj
 0001:000102b0       ?OnUpdateMDIWindowCmd@CMDIFrameWnd@@QAEXPAVCCmdUI@@@Z 004112b0 f i Mainfrm.obj
 0001:00010320       ?CreateClient@CMDIFrameWnd@@UAEHPAUtagCREATESTRUCTW@@PAVCMenuMTL@@@Z 00411320 f i Mainfrm.obj
 0001:00010410       ?DelayUpdateFrameMenu@CMDIFrameWnd@@UAEXPAUHMENU__@@@Z 00411410 f i Mainfrm.obj
 0001:00010440       ?GetActiveFrame@CMDIFrameWnd@@UAEPAVCFrameWnd@@XZ 00411440 f i Mainfrm.obj
 0001:000104a0       ?GetWindowMenuPopup@CMDIFrameWnd@@UAEPAUHMENU__@@PAU2@@Z 004114a0 f i Mainfrm.obj
 0001:00010520       ?LoadFrame@CMDIFrameWnd@@UAEHIKPAVCWnd@@PAUCCreateContext@@@Z 00411520 f i Mainfrm.obj
 0001:00010560       ?PreCreateWindow@CMDIFrameWnd@@UAEHAAUtagCREATESTRUCTW@@@Z 00411560 f i Mainfrm.obj
 0001:00010590       ??_ECMDIFrameWnd@@UAEPAXI@Z 00411590 f i Mainfrm.obj
 0001:00010590       ??_GCMDIFrameWnd@@UAEPAXI@Z 00411590 f i Mainfrm.obj
 0001:000105b0       ??1CMDIFrameWnd@@UAE@XZ    004115b0 f i Mainfrm.obj
 0001:00010670       ?_ProcessWindowMessage@CMDIFrameWnd@@UAEHPAUHWND__@@IIJAAJ@Z 00411670 f i Mainfrm.obj
 0001:00010a20       ?OnCommand@CMDIFrameWnd@@UAEHIJ@Z 00411a20 f i Mainfrm.obj
 0001:00010bd0       ?OnCmdMsg@CMDIFrameWnd@@UAEHIHPAXPAUAFX_CMDHANDLERINFO@@@Z 00411bd0 f i Mainfrm.obj
 0001:00010db0       ?OnWindowNew@CMDIFrameWnd@@QAEXXZ 00411db0 f i Mainfrm.obj
 0001:00010e50       ?PreTranslateMessage@CMDIFrameWnd@@UAEHPAUtagMSG@@@Z 00411e50 f i Mainfrm.obj
 0001:00010f50       ?CloseAllDocuments@CWinApp@@QAEXH@Z 00411f50 f i Mainfrm.obj
 0001:00011080       ?HideApplication@CWinApp@@QAEXXZ 00412080 f i Mainfrm.obj
 0001:000110d0       ?SaveAllModified@CWinApp@@QAEHXZ 004120d0 f i Mainfrm.obj
 0001:00011140       ?FromHandle@CMenuMTL@@SAPAV1@PAUHMENU__@@PAV1@PAUHWND__@@P6APAXPAX3@Z@Z 00412140 f i Mainfrm.obj
 0001:00011160       ?RemoveHandle@CMenuMTL@@SAPAUHMENU__@@PAU2@@Z 00412160 f i Mainfrm.obj
 0001:00011180       ?AfxMessageBox@@YAHIII@Z   00412180 f i Mainfrm.obj
 0001:00011380       ?GetSafeOwner_@CWnd@@SAPAUHWND__@@PAU2@PAPAU2@@Z 00412380 f i Mainfrm.obj
 0001:00011450       ?CControlBarDestruct@CControlBar@@QAEXXZ 00412450 f i Mainfrm.obj
 0001:00011510       ?OnDestroy@CControlBar@@QAEXXZ 00412510 f i Mainfrm.obj
 0001:000115c0       ?OnTimer@CControlBar@@QAEXK@Z 004125c0 f i Mainfrm.obj
 0001:000118a0       ?GetOwner@CWnd@@QAEPAV1@XZ 004128a0 f i Mainfrm.obj
 0001:000118d0       ?PreTranslateMessage@CControlBar@@UAEHPAUtagMSG@@@Z 004128d0 f i Mainfrm.obj
 0001:00011c20       ?SetStatusText@CControlBar@@UAEHJ@Z 00412c20 f i Mainfrm.obj
 0001:00011d30       ?OnCmdMsg@CFrameWnd@@UAEHIHPAXPAUAFX_CMDHANDLERINFO@@@Z 00412d30 f i Mainfrm.obj
 0001:00011e90       ?AddFrameWnd@CFrameWnd@@QAEXXZ 00412e90 f i Mainfrm.obj
 0001:00011ed0       ?_EnableToolTips@CWnd@@QAEHHI@Z 00412ed0 f i Mainfrm.obj
 0001:00011fe0       ?_FilterToolTipMessage@CWnd@@SAXPAUtagMSG@@PAV1@@Z 00412fe0 f i Mainfrm.obj
 0001:00011ff0       ?FilterToolTipMessage@CWnd@@QAEXPAUtagMSG@@@Z 00412ff0 f i Mainfrm.obj
 0001:00012760       ??_ECToolTipCtrlMTL@@UAEPAXI@Z 00413760 f i Mainfrm.obj
 0001:00012760       ??_GCToolTipCtrlMTL@@UAEPAXI@Z 00413760 f i Mainfrm.obj
 0001:00012780       ??1CToolTipCtrlMTL@@UAE@XZ 00413780 f i Mainfrm.obj
 0001:000127f0       ??0CShapePropSheetFrame@@QAE@XZ 004137f0 f   Minifrm.obj
 0001:00012910       ?_ProcessWindowMessage@CShapePropSheetFrame@@UAEHPAUHWND__@@IIJAAJ@Z 00413910 f i Minifrm.obj
 0001:00012c80       ??_ECShapePropSheetFrame@@UAEPAXI@Z 00413c80 f i Minifrm.obj
 0001:00012c80       ??_GCShapePropSheetFrame@@UAEPAXI@Z 00413c80 f i Minifrm.obj
 0001:00012ca0       ??1CShapePropSheetFrame@@UAE@XZ 00413ca0 f i Minifrm.obj
 0001:00012db0       ?OnCreate@CShapePropSheetFrame@@IAEHPAUtagCREATESTRUCTW@@@Z 00413db0 f   Minifrm.obj
 0001:00012f30       ?OnClose@CShapePropSheetFrame@@IAEXXZ 00413f30 f   Minifrm.obj
 0001:00012f60       ?OnSetFocus@CShapePropSheetFrame@@IAEXPAVCWnd@@@Z 00413f60 f   Minifrm.obj
 0001:00012f80       ?OnActivate@CShapePropSheetFrame@@IAEXIPAVCWnd@@H@Z 00413f80 f   Minifrm.obj
 0001:00012fd0       ?OnCreateHelper@CFrameWnd@@QAEHPAUtagCREATESTRUCTW@@PAUCCreateContext@@@Z 00413fd0 f i Minifrm.obj
 0001:00013040       ?OnFloatStatus@CMiniFrameWnd@@QAEJIJ@Z 00414040 f i Minifrm.obj
 0001:00013130       ?OnNcHitTest@CMiniFrameWnd@@QAEJVCPoint@WTL@@@Z 00414130 f i Minifrm.obj
 0001:000132d0       ?OnQueryCenterWnd@CMiniFrameWnd@@QAEJIJ@Z 004142d0 f i Minifrm.obj
 0001:00013300       ?OnSysCommand@CMiniFrameWnd@@QAEXIJ@Z 00414300 f i Minifrm.obj
 0001:000135a0       ?Create@CMiniFrameWnd@@UAEHPBG0KABUtagRECT@@PAVCWnd@@I@Z 004145a0 f i Minifrm.obj
 0001:000135d0       ?CreateEx@CMiniFrameWnd@@UAEHKPBG0KABUtagRECT@@PAVCWnd@@I@Z 004145d0 f i Minifrm.obj
 0001:00013870       ?PreCreateWindow@CMiniFrameWnd@@UAEHAAUtagCREATESTRUCTW@@@Z 00414870 f i Minifrm.obj
 0001:000138d0       ??_ECMiniFrameWnd@@UAEPAXI@Z 004148d0 f i Minifrm.obj
 0001:000138d0       ??_GCMiniFrameWnd@@UAEPAXI@Z 004148d0 f i Minifrm.obj
 0001:000138f0       ??1CMiniFrameWnd@@UAE@XZ   004148f0 f i Minifrm.obj
 0001:00013a00       ?_ProcessWindowMessage@CMiniFrameWnd@@UAEHPAUHWND__@@IIJAAJ@Z 00414a00 f i Minifrm.obj
 0001:00013ed0       ?HandleFloatingSysCommand@CWnd@@QAEHIJ@Z 00414ed0 f i Minifrm.obj
 0001:00014130       ??0CShapePreviewWnd@@AAE@XZ 00415130 f   Preview.obj
 0001:00014160       ?_ProcessWindowMessage@CShapePreviewWnd@@UAEHPAUHWND__@@IIJAAJ@Z 00415160 f i Preview.obj
 0001:00014360       ??_ECShapePreviewWnd@@UAEPAXI@Z 00415360 f i Preview.obj
 0001:00014360       ??_GCShapePreviewWnd@@UAEPAXI@Z 00415360 f i Preview.obj
 0001:00014380       ??1CShapePreviewWnd@@UAE@XZ 00415380 f i Preview.obj
 0001:000143d0       ?OnPaint@CShapePreviewWnd@@AAEXXZ 004153d0 f   Preview.obj
 0001:00014530       ?OnEraseBkgnd@CShapePreviewWnd@@AAEHPAVCDCMTL@@@Z 00415530 f   Preview.obj
 0001:000145d0       ?classHandleFuncCBrushMTL@CBrushMTL@@SAPAXPAX0@Z 004155d0 f i Preview.obj
 0001:00014610       ??_GCBrushMTL@@UAEPAXI@Z   00415610 f i Preview.obj
 0001:00014610       ??_GCPenMTL@@UAEPAXI@Z     00415610 f i Preview.obj
 0001:00014610       ??_ECBrushMTL@@UAEPAXI@Z   00415610 f i Preview.obj
 0001:00014610       ??_ECBitmapMTL@@UAEPAXI@Z  00415610 f i Preview.obj
 0001:00014610       ??_ECPenMTL@@UAEPAXI@Z     00415610 f i Preview.obj
 0001:00014610       ??_GCBitmapMTL@@UAEPAXI@Z  00415610 f i Preview.obj
 0001:00014630       ??1CPaintDCMTL@@UAE@XZ     00415630 f i Preview.obj
 0001:00014690       ??_ECPaintDCMTL@@UAEPAXI@Z 00415690 f i Preview.obj
 0001:00014690       ??_GCPaintDCMTL@@UAEPAXI@Z 00415690 f i Preview.obj
 0001:000146b0       ?SendChildNotifyLastMsg@CWnd@@QAEHPAJ@Z 004156b0 f i Preview.obj
 0001:000146e0       ?FromHandleGdiobj@CWinApp@@QAEPAVCGdiObject@@PAXPAV2@PAUHWND__@@P6APAX00@Z@Z 004156e0 f i Preview.obj
 0001:00014770       ?RemoveHandleGdiobj@CWinApp@@QAEPAXPAX@Z 00415770 f i Preview.obj
 0001:000147e0       ?OnNcDestroy@CWnd@@QAEXXZ  004157e0 f i Preview.obj
 0001:000148c0       ??0CPropDlgApp@@QAE@XZ     004158c0 f   Propdlg.obj
 0001:00014a60       ?_ProcessWindowMessage@CPropDlgApp@@UAEHPAUHWND__@@IIJAAJ@Z 00415a60 f i Propdlg.obj
 0001:00014c70       ??1CPropDlgApp@@QAE@XZ     00415c70 f i Propdlg.obj
 0001:00014e20       ?InitInstance@CPropDlgApp@@UAEHXZ 00415e20 f   Propdlg.obj
 0001:00015190       ??0CAboutDlg@@QAE@XZ       00416190 f   Propdlg.obj
 0001:000151d0       ??_ECAboutDlg@@UAEPAXI@Z   004161d0 f i Propdlg.obj
 0001:000151d0       ??_GCAboutDlg@@UAEPAXI@Z   004161d0 f i Propdlg.obj
 0001:000151f0       ??1CAboutDlg@@UAE@XZ       004161f0 f i Propdlg.obj
 0001:00015240       ?DoDataExchange@CAboutDlg@@MAEXPAVCDataExchange@@@Z 00416240 f   Propdlg.obj
 0001:00015250       ?OnAppAbout@CPropDlgApp@@QAEXXZ 00416250 f   Propdlg.obj
 0001:00015490       ??1?$CHandleHashList@PAUHWND__@@VCWMHnd@@PAU1@$0BB@@@QAE@XZ 00416490 f i Propdlg.obj
 0001:000154a0       ??0CString@WTL@@QAE@PBG@Z  004164a0 f i Propdlg.obj
 0001:00015620       ??_9@$BBM@AE               00416620 f i Propdlg.obj
 0001:00015630       ??_9@$BBI@AE               00416630 f i Propdlg.obj
 0001:00015640       ?AfxGetModuleFileName@CAfx@@SAXPAUHINSTANCE__@@AAVCString@WTL@@@Z 00416640 f i Propdlg.obj
 0001:000157a0       ?HalftoneBrush@CAfx@@SAPAUHBRUSH__@@H@Z 004167a0 f i Propdlg.obj
 0001:00015830       ?ParseParam@CCommandLineInfo@@UAEXPBGHH@Z 00416830 f i Propdlg.obj
 0001:00015940       ??0CRecentFileList@@QAE@IPBG0HH@Z 00416940 f i Propdlg.obj
 0001:00015b30       ??0CString@WTL@@QAE@XZ     00416b30 f i Propdlg.obj
 0001:00015b40       ?Add@CRecentFileList@@UAEXPBG@Z 00416b40 f i Propdlg.obj
 0001:00015d80       ?_AfxFullPath2@CAfx@@SAHPAGPBGPAVCFileException@@@Z 00416d80 f i Propdlg.obj
 0001:00015fd0       ?GetDisplayName@CRecentFileList@@UBEHAAVCString@WTL@@HPBGHH@Z 00416fd0 f i Propdlg.obj
 0001:000162c0       ?_AfxAbbreviateName@CAfx@@SAXPAGHH@Z 004172c0 f i Propdlg.obj
 0001:000163c0       ?AfxComparePath@CAfx@@SAHPBG0@Z 004173c0 f i Propdlg.obj
 0001:000164a0       ?AfxGetFileName@CAfx@@SAIPBGPAGI@Z 004174a0 f i Propdlg.obj
 0001:000164d0       ?Remove@CRecentFileList@@UAEXH@Z 004174d0 f i Propdlg.obj
 0001:00016700       ??_GCRecentFileList@@UAEPAXI@Z 00417700 f i Propdlg.obj
 0001:00016700       ??_ECRecentFileList@@UAEPAXI@Z 00417700 f i Propdlg.obj
 0001:00016720       ??1CRecentFileList@@UAE@XZ 00417720 f i Propdlg.obj
 0001:00016820       ??0CDocTemplate@@QAE@IPAUCRuntimeClass@@00@Z 00417820 f i Propdlg.obj
 0001:00016a60       ?OnCmdMsg@CDocTemplate@@UAEHIHPAXPAUAFX_CMDHANDLERINFO@@@Z 00417a60 f i Propdlg.obj
 0001:00016a60       ?OnCmdMsg@CCmdTarget@@UAEHIHPAXPAUAFX_CMDHANDLERINFO@@@Z 00417a60 f i Propdlg.obj
 0001:00016b40       ?CreateNewDocument@CDocTemplate@@UAEPAVCDocument@@XZ 00417b40 f i Propdlg.obj
 0001:00016b70       ?CreateNewFrame@CDocTemplate@@UAEPAVCFrameWnd@@PAVCDocument@@PAV2@@Z 00417b70 f i Propdlg.obj
 0001:00016c00       ?GetDocString@CDocTemplate@@UBEHAAVCString@WTL@@W4DocStringIndex@1@@Z 00417c00 f i Propdlg.obj
 0001:00016e00       ?InitialUpdateFrame@CDocTemplate@@UAEXPAVCFrameWnd@@PAVCDocument@@H@Z 00417e00 f i Propdlg.obj
 0001:00016f00       ?UpdateFrameCounts@CDocument@@QAEXXZ 00417f00 f i Propdlg.obj
 0001:00017130       ?MatchDocType@CDocTemplate@@UAE?AW4Confidence@1@PBGAAPAVCDocument@@@Z 00418130 f i Propdlg.obj
 0001:00017340       ??1CDocTemplate@@QAE@XZ    00418340 f i Propdlg.obj
 0001:00017380       ?OnFileNew@CDocManager@@UAEXXZ 00418380 f i Propdlg.obj
 0001:000175e0       ?OnInitDialog@CNewTypeDlg@@UAEHXZ 004185e0 f i Propdlg.obj
 0001:000178c0       ??0CDataExchange@@QAE@PAVCWMHnd@@H@Z 004188c0 f i Propdlg.obj
 0001:000178e0       ?OnOK@CNewTypeDlg@@UAEXXZ  004188e0 f i Propdlg.obj
 0001:000179b0       ??_GCNewTypeDlg@@UAEPAXI@Z 004189b0 f i Propdlg.obj
 0001:000179b0       ??_ECNewTypeDlg@@UAEPAXI@Z 004189b0 f i Propdlg.obj
 0001:000179d0       ??1CNewTypeDlg@@UAE@XZ     004189d0 f i Propdlg.obj
 0001:00017a20       ?_ProcessWindowMessage@CNewTypeDlg@@UAEHPAUHWND__@@IIJAAJ@Z 00418a20 f i Propdlg.obj
 0001:00017ad0       ?AddDocTemplate@CDocManager@@QAEXPAVCDocTemplate@@@Z 00418ad0 f i Propdlg.obj
 0001:00017b10       ?GetFirstDocTemplatePosition@CDocManager@@UBEPAU__POSITION@@XZ 00418b10 f i Propdlg.obj
 0001:00017b20       ?GetNextDoc@CMultiDocTemplate@@UBEPAVCDocument@@AAPAU__POSITION@@@Z 00418b20 f i Propdlg.obj
 0001:00017b20       ?GetNextDocTemplate@CDocManager@@UBEPAVCDocTemplate@@AAPAU__POSITION@@@Z 00418b20 f i Propdlg.obj
 0001:00017b40       ?AddDocument@CMultiDocTemplate@@UAEXPAVCDocument@@@Z 00418b40 f i Propdlg.obj
 0001:00017b80       ?GetFirstDocPosition@CMultiDocTemplate@@UBEPAU__POSITION@@XZ 00418b80 f i Propdlg.obj
 0001:00017b90       ?LoadTemplate@CMultiDocTemplate@@UAEXXZ 00418b90 f i Propdlg.obj
 0001:00017d00       ?OpenDocumentFile@CMultiDocTemplate@@UAEPAVCDocument@@PBGH@Z 00418d00 f i Propdlg.obj
 0001:00017d20       ?RemoveDocument@CMultiDocTemplate@@UAEXPAVCDocument@@@Z 00418d20 f i Propdlg.obj
 0001:00017da0       ?SetDefaultTitle@CMultiDocTemplate@@UAEXPAVCDocument@@@Z 00418da0 f i Propdlg.obj
 0001:00017ff0       ?ConcatCopy@CString@WTL@@IAEHHPBGH0@Z 00418ff0 f i Propdlg.obj
 0001:000180d0       ??_GCMultiDocTemplate@@UAEPAXI@Z 004190d0 f i Propdlg.obj
 0001:000180d0       ??_ECMultiDocTemplate@@UAEPAXI@Z 004190d0 f i Propdlg.obj
 0001:000180f0       ??1CMultiDocTemplate@@UAE@XZ 004190f0 f i Propdlg.obj
 0001:000181a0       ??0CWinThread@@QAE@P6AIPAX@Z0@Z 004191a0 f i Propdlg.obj
 0001:000181d0       ??1CWinThread@@QAE@XZ      004191d0 f i Propdlg.obj
 0001:000181f0       ?OnAppExit@CWinApp@@QAEXXZ 004191f0 f i Propdlg.obj
 0001:00018210       ?OnFilePrintSetup@CWinApp@@QAEXXZ 00419210 f i Propdlg.obj
 0001:000183c0       ??0?$CWindowImplBaseT@VCWindow@ATL@@V?$CWinTraits@$0FGAAAAAA@$0A@@2@@ATL@@QAE@XZ 004193c0 f i Propdlg.obj
 0001:000183e0       ?GetWindowProc@?$CWindowImplBaseT@VCWindow@ATL@@V?$CWinTraits@$0FGAAAAAA@$0A@@2@@ATL@@UAEP6GJPAUHWND__@@IIJ@ZXZ 004193e0 f i Propdlg.obj
 0001:000183f0       ?DoModal@?$CPrintDialogImpl@VCPrintDialog@WTL@@@WTL@@QAEJPAUHWND__@@@Z 004193f0 f i Propdlg.obj
 0001:00018460       ?ProcessWindowMessage@?$CPrintDialogImpl@VCPrintDialog@WTL@@@WTL@@UAEHPAUHWND__@@IIJAAJK@Z 00419460 f i Propdlg.obj
 0001:000184c0       ?AtlModuleAddCreateWndData@ATL@@YGXPAU_ATL_MODULE@1@PAU_AtlCreateWndData@1@PAX@Z 004194c0 f i Propdlg.obj
 0001:00018500       ?OnPrintSetup@?$CPrintDialogImpl@VCPrintDialog@WTL@@@WTL@@QAEJGGPAUHWND__@@AAH@Z 00419500 f i Propdlg.obj
 0001:000185a0       ?HookProc@CCommonDialogImplBase@WTL@@SGKPAUHWND__@@IIJ@Z 004195a0 f i Propdlg.obj
 0001:00018690       ?WindowProc@?$CWindowImplBaseT@VCWindow@ATL@@V?$CWinTraits@$0FGAAAAAA@$0A@@2@@ATL@@SGJPAUHWND__@@IIJ@Z 00419690 f i Propdlg.obj
 0001:00018790       ?AfxGlobalFree@CAfx@@SAXPAX@Z 00419790 f i Propdlg.obj
 0001:000187d0       ?_WindowProc@CCommonWnd@@UAEHPAUHWND__@@IIJAAJ@Z 004197d0 f i Propdlg.obj
 0001:00018970       ?OnOpenRecentFile@CWinApp@@QAEHI@Z 00419970 f i Propdlg.obj
 0001:000189d0       ?OnUpdateRecentFileMenu@CWinApp@@QAEXPAVCCmdUI@@@Z 004199d0 f i Propdlg.obj
 0001:00018a00       ?OnFileNew@CWinApp@@UAEXXZ 00419a00 f i Propdlg.obj
 0001:00018a10       ?OnFileOpen@CWinApp@@UAEXXZ 00419a10 f i Propdlg.obj
 0001:00018a20       ?OnIdle@CWinApp@@UAEHH@Z   00419a20 f i Propdlg.obj
 0001:00018b70       ?RemoveOwner@?$CHandleHashList@PAUHWND__@@VCWMHnd@@PAU1@$0BB@@@QAEHQAUHWND__@@@Z 00419b70 f i Propdlg.obj
 0001:00018c00       ?RemoveOwner@?$CHandleList@PAXXPAUHWND__@@@@QAEHQAUHWND__@@@Z 00419c00 f i Propdlg.obj
 0001:00018c00       ?RemoveOwner@?$CHandleList@PAUHMENU__@@VCMenuMTL@@PAUHWND__@@@@QAEHQAUHWND__@@@Z 00419c00 f i Propdlg.obj
 0001:00018c00       ?RemoveOwner@?$CHandleList@PAXVCGdiObject@@PAUHWND__@@@@QAEHQAUHWND__@@@Z 00419c00 f i Propdlg.obj
 0001:00018c00       ?RemoveOwner@?$CHandleList@PAUHDC__@@VCDCMTL@@PAUHWND__@@@@QAEHQAUHWND__@@@Z 00419c00 f i Propdlg.obj
 0001:00018c70       ?ExitInstance@CWinApp@@UAEHXZ 00419c70 f i Propdlg.obj
 0001:00018ce0       ?IsFrameWnd@CFrameWnd@@UAEHXZ 00419ce0 f i Propdlg.obj
 0001:00018ce0       ?OnQueryCancel@CPropertyPageMTL@@UAEHXZ 00419ce0 f i Propdlg.obj
 0001:00018ce0       ?InitInstance@CWinApp@@UAEHXZ 00419ce0 f i Propdlg.obj
 0001:00018cf0       ?OpenDocumentFile@CWinApp@@UAEPAVCDocument@@PBG@Z 00419cf0 f i Propdlg.obj
 0001:00018f50       ?PreTranslateMessage@CWinApp@@UAEHPAUtagMSG@@@Z 00419f50 f i Propdlg.obj
 0001:00018ff0       ?ProcessShellCommand@CWinApp@@QAEHAAVCCommandLineInfo@@@Z 00419ff0 f i Propdlg.obj
 0001:000192f0       ?LoadStringW@CString@WTL@@QAEHI@Z 0041a2f0 f i Propdlg.obj
 0001:00019510       ??HWTL@@YG?AVCString@0@ABV10@PBG@Z 0041a510 f i Propdlg.obj
 0001:000196d0       ?AfxDelRegTreeHelper@CAfx@@SAJPAUHKEY__@@ABVCString@WTL@@PAVCAtlTransactionManager@@@Z 0041a6d0 f i Propdlg.obj
 0001:00019940       ?PumpMessage@CWinApp@@UAEHXZ 0041a940 f i Propdlg.obj
 0001:00019990       ?Run@CWinApp@@UAEHXZ       0041a990 f i Propdlg.obj
 0001:00019a30       ?UpdatePrinterSelection@CWinApp@@QAEXH@Z 0041aa30 f i Propdlg.obj
 0001:00019dd0       ??0CPrintDialog@WTL@@QAE@HKPAUHWND__@@@Z 0041add0 f i Propdlg.obj
 0001:00019e60       ?GetDeviceName@CPrintDialogMTL@@QBE?AVCString@WTL@@XZ 0041ae60 f i Propdlg.obj
 0001:00019fb0       ?GetDriverName@CPrintDialogMTL@@QBE?AVCString@WTL@@XZ 0041afb0 f i Propdlg.obj
 0001:0001a100       ?GetPortName@CPrintDialogMTL@@QBE?AVCString@WTL@@XZ 0041b100 f i Propdlg.obj
 0001:0001a250       ??1CModuleThreadState@@QAE@XZ 0041b250 f i Propdlg.obj
 0001:0001a2a0       ??1CCommandLineInfo@@QAE@XZ 0041b2a0 f i Propdlg.obj
 0001:0001a3a0       ?_ProcessWindowMessage@CWinApp@@UAEHPAUHWND__@@IIJAAJ@Z 0041b3a0 f i Propdlg.obj
 0001:0001a490       ?OnFileOpen@CDocManager@@UAEXXZ 0041b490 f i Propdlg.obj
 0001:0001a6e0       ??YCString@WTL@@QAEAAV01@PBG@Z 0041b6e0 f i Propdlg.obj
 0001:0001a820       ??0CFileDialogMTL@@QAE@HPBG0K0PAVCWnd@@KH@Z 0041b820 f i Propdlg.obj
 0001:0001aa80       ?OnOK@CCommonDialog@@UAEXXZ 0041ba80 f i Propdlg.obj
 0001:0001aae0       ??_GCCommonDialog@@UAEPAXI@Z 0041bae0 f i Propdlg.obj
 0001:0001aae0       ??_ECCommonDialog@@UAEPAXI@Z 0041bae0 f i Propdlg.obj
 0001:0001ab00       ??1CCommonDialog@@UAE@XZ   0041bb00 f i Propdlg.obj
 0001:0001ab50       ?_ProcessWindowMessage@CAboutDlg@@UAEHPAUHWND__@@IIJAAJ@Z 0041bb50 f i Propdlg.obj
 0001:0001ab50       ?_ProcessWindowMessage@CDialog@@UAEHPAUHWND__@@IIJAAJ@Z 0041bb50 f i Propdlg.obj
 0001:0001ab50       ?_ProcessWindowMessage@CCommonDialog@@UAEHPAUHWND__@@IIJAAJ@Z 0041bb50 f i Propdlg.obj
 0001:0001abe0       ??1CFileDialogMTL@@UAE@XZ  0041bbe0 f i Propdlg.obj
 0001:0001ac80       ?OnInitDone@CFileDialogMTL@@UAEXXZ 0041bc80 f i Propdlg.obj
 0001:0001ae10       ?OnLBSelChangedNotify@CFileDialogMTL@@UAEXIII@Z 0041be10 f i Propdlg.obj
 0001:0001ae20       ?OnNotify@CFileDialogMTL@@UAEHIJPAJ@Z 0041be20 f i Propdlg.obj
 0001:0001aff0       ?OnShareViolation@CFileDialogMTL@@UAEIPBG@Z 0041bff0 f i Propdlg.obj
 0001:0001aff0       ?GetScrollBarCtrl@CWMHnd@@UBEPAVCScrollBarMTL@@H@Z 0041bff0 f i Propdlg.obj
 0001:0001b000       ??1CPrintDialogMTL@@QAE@XZ 0041c000 f i Propdlg.obj
 0001:0001b000       ?UpdateOFNFromShellDialog@CFileDialogMTL@@UAEXXZ 0041c000 f i Propdlg.obj
 0001:0001b000       ?OnShowMenuBar@CFrameWnd@@UAEXXZ 0041c000 f i Propdlg.obj
 0001:0001b000       ?OnCancel@CPropertyPageMTL@@UAEXXZ 0041c000 f i Propdlg.obj
 0001:0001b000       ?PostNcDestroy@CWMHnd@@UAEXXZ 0041c000 f i Propdlg.obj
 0001:0001b000       ??1?$CWindowImplRoot@VCWindow@ATL@@@ATL@@QAE@XZ 0041c000 f i Propdlg.obj
 0001:0001b000       ?OnHideMenuBar@CFrameWnd@@UAEXXZ 0041c000 f i Propdlg.obj
 0001:0001b000       ?DeleteContents@CDocument@@UAEXXZ 0041c000 f i Propdlg.obj
 0001:0001b000       ?OnTypeChange@CFileDialogMTL@@UAEXXZ 0041c000 f i Propdlg.obj
 0001:0001b000       ?OnFolderChange@CFileDialogMTL@@UAEXXZ 0041c000 f i Propdlg.obj
 0001:0001b000       ?OnOK@CPropertyPageMTL@@UAEXXZ 0041c000 f i Propdlg.obj
 0001:0001b000       ?OnFileNameChange@CFileDialogMTL@@UAEXXZ 0041c000 f i Propdlg.obj
 0001:0001b000       ?_simpleMemoryException@?1??GetCException@CAfx@@SAAAVCException@@H@Z@$AVCMemoryException@@A 0041c000 f i Propdlg.obj
 0001:0001b000       ?_simpleNotSupportedException@?1??GetCException@CAfx@@SAAAVCException@@H@Z@$AVCNotSupportedException@@A 0041c000 f i Propdlg.obj
 0001:0001b000       ?_simpleResourceException@?1??GetCException@CAfx@@SAAAVCException@@H@Z@$AVCResourceException@@A 0041c000 f i Propdlg.obj
 0001:0001b000       ?_simpleInvalidArgException@?1??GetCException@CAfx@@SAAAVCException@@H@Z@$AVCInvalidArgException@@A 0041c000 f i Propdlg.obj
 0001:0001b000       ?_afxdata@?1??_GetAfxData@CAfx@@SAABU_AUX_DATA@@XZ@$AU2@A 0041c000 f i Propdlg.obj
 0001:0001b010       ?DoModal@CFileDialogMTL@@UAEJXZ 0041c010 f i Propdlg.obj
 0001:0001b190       ??_GCFileDialogMTL@@UAEPAXI@Z 0041c190 f i Propdlg.obj
 0001:0001b190       ??_ECFileDialogMTL@@UAEPAXI@Z 0041c190 f i Propdlg.obj
 0001:0001b1b0       ?_AfxAppendFilterSuffix@@YAXAAVCString@WTL@@AAUtagOFNW@@PAVCDocTemplate@@PAV12@@Z 0041c1b0 f i Propdlg.obj
 0001:0001b4a0       ?Mid@CString@WTL@@QBE?AV12@H@Z 0041c4a0 f i Propdlg.obj
 0001:0001b4d0       ?Mid@CString@WTL@@QBE?AV12@HH@Z 0041c4d0 f i Propdlg.obj
 0001:0001b660       ?Tokenize@@YA?AVCString@WTL@@AAV12@PAGAAH@Z 0041c660 f i Propdlg.obj
 0001:0001b690       ?Tokenize@CAfx@@SA?AVCString@WTL@@AAV23@PAGAAH@Z 0041c690 f i Propdlg.obj
 0001:0001b7c0       ?_AfxCommDlgProc@CCommonDialog@@SGKPAUHWND__@@IIJ@Z 0041c7c0 f i Propdlg.obj
 0001:0001ba10       ?AfxResolveShortcut@@YAHPAVCWMHnd@@PBGPAGH@Z 0041ca10 f i Propdlg.obj
 0001:0001bc90       ?GetClassObject@AFX_COM@@QAEJABU_GUID@@0PAPAX@Z 0041cc90 f i Propdlg.obj
 0001:0001bef0       ?AfxGetInProcServer@CAfx@@SAHPBGAAVCString@WTL@@@Z 0041cef0 f i Propdlg.obj
 0001:0001c100       ?AfxStringFromCLSID@@YA?AVCString@WTL@@ABU_GUID@@@Z 0041d100 f i Propdlg.obj
 0001:0001c130       ?AfxStringFromCLSID@CAfx@@SA?AVCString@WTL@@ABU_GUID@@@Z 0041d130 f i Propdlg.obj
 0001:0001c320       ?OpenDocumentFile@CMultiDocTemplate@@UAEPAVCDocument@@PBGHH@Z 0041d320 f i Propdlg.obj
 0001:0001c5d0       ?ShowAppMessageBox@CWinApp@@SAHPAV1@PBGII@Z 0041d5d0 f i Propdlg.obj
 0001:0001c710       ??1CWaitCursor@@QAE@XZ     0041d710 f i Propdlg.obj
 0001:0001c760       ?ReadList@CRecentFileList@@UAEXXZ 0041d760 f i Propdlg.obj
 0001:0001c910       ?GetProfileStringW@CWinApp@@QAE?AVCString@WTL@@PBG00@Z 0041d910 f i Propdlg.obj
 0001:0001caf0       ?UpdateMenu@CRecentFileList@@UAEXPAVCCmdUI@@@Z 0041daf0 f i Propdlg.obj
 0001:0001cf70       ??HWTL@@YG?AVCString@0@ABV10@0@Z 0041df70 f i Propdlg.obj
 0001:0001d130       ?WriteList@CRecentFileList@@UAEXXZ 0041e130 f i Propdlg.obj
 0001:0001d1d0       ?RunModalLoop@CWnd@@QAEHK@Z 0041e1d0 f i Propdlg.obj
 0001:0001d370       ?GetRuntimeClass@CModalShapePropSheet@@UBEPAUCRuntimeClass@@XZ 0041e370 f   Propsht.obj
 0001:0001d380       ??0CModalShapePropSheet@@QAE@PAVCWnd@@@Z 0041e380 f   Propsht.obj
 0001:0001d640       ?_ProcessWindowMessage@CModalShapePropSheet@@UAEHPAUHWND__@@IIJAAJ@Z 0041e640 f i Propsht.obj
 0001:0001d6b0       ??_GCModalShapePropSheet@@UAEPAXI@Z 0041e6b0 f i Propsht.obj
 0001:0001d6b0       ??_ECModalShapePropSheet@@UAEPAXI@Z 0041e6b0 f i Propsht.obj
 0001:0001d6d0       ??1CStylePage@@UAE@XZ      0041e6d0 f i Propsht.obj
 0001:0001d7e0       ??1CModalShapePropSheet@@UAE@XZ 0041e7e0 f i Propsht.obj
 0001:0001d9d0       ?OnInitDialog@CModalShapePropSheet@@UAEHXZ 0041e9d0 f   Propsht.obj
 0001:0001dca0       ?SetShapePropsFromSheet@CModelessShapePropSheet@@QAEXPAVCShape@@@Z 0041eca0 f   Propsht.obj
 0001:0001dca0       ?SetShapePropsFromSheet@CModalShapePropSheet@@QAEXPAVCShape@@@Z 0041eca0 f   Propsht.obj
 0001:0001dd20       ?UpdateShapePreview@CModalShapePropSheet@@QAEXXZ 0041ed20 f   Propsht.obj
 0001:0001dd50       ?OnApplyNow@CModalShapePropSheet@@IAEXXZ 0041ed50 f   Propsht.obj
 0001:0001de20       ??0CRect@WTL@@QAE@HHHH@Z   0041ee20 f i Propsht.obj
 0001:0001de40       ?PreProcessPageTemplate@CPropertyPageMTL@@QAEXAAU_PROPSHEETPAGEW@@H@Z 0041ee40 f i Propsht.obj
 0001:0001e180       ??0CSimpleException@@QAE@HI@Z 0041f180 f i Propsht.obj
 0001:0001e1a0       ?_AfxChangePropPageFont@CPropertyPageMTL@@SAPAUDLGTEMPLATE@@PBU2@H@Z 0041f1a0 f i Propsht.obj
 0001:0001e510       ??1CDialogTemplate@@QAE@XZ 0041f510 f i Propsht.obj
 0001:0001e520       ?GetFontSizeField@CDialogTemplate@@SAPAEPBUDLGTEMPLATE@@@Z 0041f520 f i Propsht.obj
 0001:0001e590       ?GetFont@CDialogTemplate@@SAHPBUDLGTEMPLATE@@AAVCString@WTL@@AAG@Z 0041f590 f i Propsht.obj
 0001:0001e6d0       ?GetTemplateSize@CDialogTemplate@@QAEIPBUDLGTEMPLATE@@@Z 0041f6d0 f i Propsht.obj
 0001:0001e820       ?SetFont@CDialogTemplate@@QAEHPBGG@Z 0041f820 f i Propsht.obj
 0001:0001ea00       ?SetTemplate@CDialogTemplate@@QAEHPBUDLGTEMPLATE@@I@Z 0041fa00 f i Propsht.obj
 0001:0001ea80       ?IsFontInstalled@CPropertyPageMTL@@SAHPBG@Z 0041fa80 f i Propsht.obj
 0001:0001eaf0       ?FontEnumProc@CPropertyPageMTL@@SGHPBUtagLOGFONTW@@PBUtagTEXTMETRICW@@KJ@Z 0041faf0 f i Propsht.obj
 0001:0001eb10       ?_afxPropPageFontInfo@?1??_GetAfxPropPageFontInfo@CPropertyPageMTL@@SAAAU_AFX_PROPPAGEFONTINFO@@XZ@$AU2@A 0041fb10 f i Propsht.obj
 0001:0001eb20       ??1CPropertySheetMTL@@UAE@XZ 0041fb20 f i Propsht.obj
 0001:0001ebe0       ?OnInitDialog@CPropertySheetMTL@@UAEHXZ 0041fbe0 f i Propsht.obj
 0001:0001efd0       ?OnCommand@CPropertySheetMTL@@UAEHIJ@Z 0041ffd0 f i Propsht.obj
 0001:0001f120       ?AddPage@CPropertySheetMTL@@QAEXPAVCPropertyPageMTL@@@Z 00420120 f i Propsht.obj
 0001:0001f530       ?SetSize@?$CArray@PAXABQAX@@QAEXJJ@Z 00420530 f i Propsht.obj
 0001:0001f530       ?SetSize@?$CArray@W4LoadArrayObjType@CArchive@@ABW412@@@QAEXJJ@Z 00420530 f i Propsht.obj
 0001:0001f650       ?BuildPropPageArray@CPropertySheetMTL@@UAEXXZ 00420650 f i Propsht.obj
 0001:0001f940       ?ContinueModal@CPropertySheetMTL@@UAEHXZ 00420940 f i Propsht.obj
 0001:0001f970       ?PreTranslateMessage@CPropertySheetMTL@@UAEHPAUtagMSG@@@Z 00420970 f i Propsht.obj
 0001:0001fa90       ??_ECPropertySheetMTL@@UAEPAXI@Z 00420a90 f i Propsht.obj
 0001:0001fa90       ??_GCPropertySheetMTL@@UAEPAXI@Z 00420a90 f i Propsht.obj
 0001:0001fab0       ?_ProcessWindowMessage@CPropertySheetMTL@@UAEHPAUHWND__@@IIJAAJ@Z 00420ab0 f i Propsht.obj
 0001:0001fd70       ?OnKickIdle@CPropertySheetMTL@@QAEJIJ@Z 00420d70 f i Propsht.obj
 0001:0001fdd0       ?OnSetDefID@CPropertySheetMTL@@QAEJIJ@Z 00420dd0 f i Propsht.obj
 0001:0001fec0       ?HandleInitDialog@CPropertySheetMTL@@QAEJIJ@Z 00420ec0 f i Propsht.obj
 0001:0001fed0       ?AfxHelpEnabled@@YAHXZ     00420ed0 f i Propsht.obj
 0001:0001ff50       ?Create@CPropertySheetMTL@@UAEHPAVCWnd@@KK@Z 00420f50 f i Propsht.obj
 0001:000200a0       ?AfxPropSheetCallback@CPropertySheetMTL@@SGHPAUHWND__@@IJ@Z 004210a0 f i Propsht.obj
 0001:00020120       ?DoModal@CPropertySheetMTL@@UAEJXZ 00421120 f i Propsht.obj
 0001:00020550       ?GetRuntimeClass@CModelessShapePropSheet@@UBEPAUCRuntimeClass@@XZ 00421550 f   Propsht2.obj
 0001:00020560       ??0CModelessShapePropSheet@@QAE@PAVCWnd@@@Z 00421560 f   Propsht2.obj
 0001:00020810       ?_ProcessWindowMessage@CModelessShapePropSheet@@UAEHPAUHWND__@@IIJAAJ@Z 00421810 f i Propsht2.obj
 0001:00020840       ??_ECModelessShapePropSheet@@UAEPAXI@Z 00421840 f i Propsht2.obj
 0001:00020840       ??_GCModelessShapePropSheet@@UAEPAXI@Z 00421840 f i Propsht2.obj
 0001:00020860       ??1CModelessShapePropSheet@@UAE@XZ 00421860 f i Propsht2.obj
 0001:00020a70       ?PostNcDestroy@CModelessShapePropSheet@@UAEXXZ 00421a70 f   Propsht2.obj
 0001:00020a80       ?SetSheetPropsFromShape@CModelessShapePropSheet@@QAEXPAVCShape@@@Z 00421a80 f   Propsht2.obj
 0001:00020b70       ?CreateObject@CShapesDoc@@SAPAVCObject@@XZ 00421b70 f   Shapedoc.obj
 0001:00020bd0       ?GetRuntimeClass@CShapesDoc@@UBEPAUCRuntimeClass@@XZ 00421bd0 f   Shapedoc.obj
 0001:00020be0       ??0CShapesDoc@@IAE@XZ      00421be0 f   Shapedoc.obj
 0001:00020c30       ?_ProcessWindowMessage@CShapesDoc@@UAEHPAUHWND__@@IIJAAJ@Z 00421c30 f i Shapedoc.obj
 0001:00020d90       ??_ECShapesDoc@@UAEPAXI@Z  00421d90 f i Shapedoc.obj
 0001:00020d90       ??_GCShapesDoc@@UAEPAXI@Z  00421d90 f i Shapedoc.obj
 0001:00020db0       ??1CShapesDoc@@UAE@XZ      00421db0 f   Shapedoc.obj
 0001:00020ed0       ??1?$CList@PAUCRuntimeClass@@ABQAU1@@@QAE@XZ 00421ed0 f i Shapedoc.obj
 0001:00020ed0       ??1?$CList@PAVCFrameWnd@@ABQAV1@@@QAE@XZ 00421ed0 f i Shapedoc.obj
 0001:00020ed0       ??1?$CList@PAXPAX@@QAE@XZ  00421ed0 f i Shapedoc.obj
 0001:00020ed0       ??1?$CTypedPtrList@V?$CList@PAVCObject@@ABQAV1@@@PAVCShape@@@@QAE@XZ 00421ed0 f i Shapedoc.obj
 0001:00020ed0       ??1?$CList@PAUHWND__@@PAU1@@@QAE@XZ 00421ed0 f i Shapedoc.obj
 0001:00020f10       ?OnNewDocument@CShapesDoc@@MAEHXZ 00421f10 f   Shapedoc.obj
 0001:00021080       ?AddShape@CShapesDoc@@QAEXPAVCShape@@@Z 00422080 f   Shapedoc.obj
 0001:000210f0       ?HitTest@CShapesDoc@@QAEPAVCShape@@VCPoint@WTL@@@Z 004220f0 f   Shapedoc.obj
 0001:00021140       ?Serialize@CShapesDoc@@UAEXAAVCArchive@@@Z 00422140 f   Shapedoc.obj
 0001:00021270       ??6CArchive@@QAEAAV0@K@Z   00422270 f i Shapedoc.obj
 0001:000212e0       ?FillBuffer@CArchive@@QAEXI@Z 004222e0 f i Shapedoc.obj
 0001:00021360       ?Flush@CArchive@@QAEXXZ    00422360 f i Shapedoc.obj
 0001:000213b0       ?ReadObject@CArchive@@QAEPAVCObject@@PBUCRuntimeClass@@@Z 004223b0 f i Shapedoc.obj
 0001:00021810       ?Lookup@?$CMapList@PAXPAXV?$CPair@PAXPAX@@$0A@@@QBEHQAXAAPAX@Z 00422810 f i Shapedoc.obj
 0001:00021850       ?Find@?$CMapList@PAXPAXV?$CPair@PAXPAX@@$0A@@@QBEPAU__POSITION@@QAX@Z 00422850 f i Shapedoc.obj
 0001:00021870       ?FindData@?$CMapList@PAXPAXV?$CPair@PAXPAX@@$0A@@@QAEAAV?$CPair@PAXPAX@@QAXH@Z 00422870 f i Shapedoc.obj
 0001:000218e0       ?NewNode@?$CList@V?$CPair@PAXPAX@@ABV1@@@QAEPAUCNode@1@PAU21@0@Z 004228e0 f i Shapedoc.obj
 0001:00021930       ??0CArchiveException@@QAE@HPBG@Z 00422930 f i Shapedoc.obj
 0001:00021a50       ?CreateObject@CRuntimeClass@@QAEPAVCObject@@XZ 00422a50 f i Shapedoc.obj
 0001:00021a60       ??5CArchive@@QAEAAV0@AAG@Z 00422a60 f i Shapedoc.obj
 0001:00021b00       ??5CArchive@@QAEAAV0@AAK@Z 00422b00 f i Shapedoc.obj
 0001:00021ba0       ?AfxThrowArchiveException@CArchive@@SAXHPBG@Z 00422ba0 f i Shapedoc.obj
 0001:00021ce0       ?CheckCount@CArchive@@QAEXXZ 00422ce0 f i Shapedoc.obj
 0001:00021d00       ?EnsureSchemaMapExists@CArchive@@QAEXPAPAV?$CArray@W4LoadArrayObjType@CArchive@@ABW412@@@@Z 00422d00 f i Shapedoc.obj
 0001:00021f30       ?AddTail@?$CList@V?$CPair@PAXPAX@@ABV1@@@QAEPAU__POSITION@@ABV?$CPair@PAXPAX@@@Z 00422f30 f i Shapedoc.obj
 0001:00021f80       ??0?$CPair@PAXPAX@@QAE@PAXH@Z 00422f80 f i Shapedoc.obj
 0001:00021fa0       ?MapObject@CArchive@@QAEXPBVCObject@@@Z 00422fa0 f i Shapedoc.obj
 0001:000222b0       ?WriteObject@CArchive@@QAEXPBVCObject@@@Z 004232b0 f i Shapedoc.obj
 0001:00022550       ??6CArchive@@QAEAAV0@G@Z   00423550 f i Shapedoc.obj
 0001:000225c0       ?Load@CRuntimeClass@@SAPAU1@AAVCArchive@@PAI@Z 004235c0 f i Shapedoc.obj
 0001:000227e0       ?FromName@CRuntimeClass@@SAPAU1@PBD@Z 004237e0 f i Shapedoc.obj
 0001:00022820       ?Store@CRuntimeClass@@QBEXAAVCArchive@@@Z 00423820 f i Shapedoc.obj
 0001:000229d0       ??1CDocument@@UAE@XZ       004239d0 f i Shapedoc.obj
 0001:00022aa0       ?GetFirstViewPosition@CDocument@@UBEPAU__POSITION@@XZ 00423aa0 f i Shapedoc.obj
 0001:00022ab0       ?GetNextView@CDocument@@UBEPAVCView@@AAPAU__POSITION@@@Z 00423ab0 f i Shapedoc.obj
 0001:00022ad0       ?ReleaseFile@CDocument@@UAEXPAVCFile@@H@Z 00423ad0 f i Shapedoc.obj
 0001:00022b10       ??1CFile@@QAE@XZ           00423b10 f i Shapedoc.obj
 0001:00022cb0       ?OsErrorToException@CFileException@@SAHJ@Z 00423cb0 f i Shapedoc.obj
 0001:00022e60       ?Abort@CFile@@UAEXXZ       00423e60 f i Shapedoc.obj
 0001:00022f70       ?Close@CFile@@UAEXXZ       00423f70 f i Shapedoc.obj
 0001:00023080       ?ThrowOsError@CFileException@@SAXJPBG@Z 00424080 f i Shapedoc.obj
 0001:00023340       ?GetFilePath@CFile@@UBE?AVCString@WTL@@XZ 00424340 f i Shapedoc.obj
 0001:000235a0       ??0CTime@@QAE@ABU_SYSTEMTIME@@H@Z 004245a0 f i Shapedoc.obj
 0001:00023730       ??0CTime@@QAE@ABU_FILETIME@@H@Z 00424730 f i Shapedoc.obj
 0001:000239b0       ??0CTime@@QAE@HHHHHHH@Z    004249b0 f i Shapedoc.obj
 0001:00023b00       ?IsValidFILETIME@CTime@@SAHABU_FILETIME@@@Z 00424b00 f i Shapedoc.obj
 0001:00023b40       ?GetLength@CFile@@UBE_KXZ  00424b40 f i Shapedoc.obj
 0001:00023b90       ?Open@CFile@@UAEHPBGIPAVCFileException@@@Z 00424b90 f i Shapedoc.obj
 0001:00023eb0       ?Read@CFile@@UAEIPAXI@Z    00424eb0 f i Shapedoc.obj
 0001:00023f00       ?Write@CFile@@UAEXPBXI@Z   00424f00 f i Shapedoc.obj
 0001:00023f60       ?AfxThrowFileException@CFile@@SAXHJPBG@Z 00424f60 f i Shapedoc.obj
 0001:000240b0       ?Seek@CFile@@UAE_K_JI@Z    004250b0 f i Shapedoc.obj
 0001:00024110       ?SetModifiedFlag@CDocument@@UAEXH@Z 00425110 f i Shapedoc.obj
 0001:00024120       ?SetTitle@CDocument@@UAEXPBG@Z 00425120 f i Shapedoc.obj
 0001:000243d0       ?CDocumentDestruct@CDocument@@QAEXXZ 004253d0 f i Shapedoc.obj
 0001:00024420       ?OnCmdMsg@CDocument@@UAEHIHPAXPAUAFX_CMDHANDLERINFO@@@Z 00425420 f i Shapedoc.obj
 0001:00024560       ?OnOpenDocument@CDocument@@UAEHPBG@Z 00425560 f i Shapedoc.obj
 0001:00024820       ??4CString@WTL@@QAEAAV01@ABV01@@Z 00425820 f i Shapedoc.obj
 0001:000248f0       ??_GCFile@@QAEPAXI@Z       004258f0 f i Shapedoc.obj
 0001:00024910       ?DoWaitCursor@CWinApp@@QAEXH@Z 00425910 f i Shapedoc.obj
 0001:00024980       ??1CArchive@@QAE@XZ        00425980 f i Shapedoc.obj
 0001:000249c0       ?OnSaveDocument@CDocument@@UAEHPBG@Z 004259c0 f i Shapedoc.obj
 0001:00024c00       ?DoSave@CDocument@@UAEHPBGH@Z 00425c00 f i Shapedoc.obj
 0001:00024f80       ?DoPromptFileName@CWinApp@@QAEHAAVCString@WTL@@IKHPAVCDocTemplate@@@Z 00425f80 f i Shapedoc.obj
 0001:00024fb0       ?DoPromptFileName@CDocManager@@QAEHAAVCString@WTL@@IKHPAVCDocTemplate@@@Z 00425fb0 f i Shapedoc.obj
 0001:000254c0       ?SetAt@CString@WTL@@QAEXHG@Z 004264c0 f i Shapedoc.obj
 0001:00025580       ??YCString@WTL@@QAEAAV01@ABV01@@Z 00426580 f i Shapedoc.obj
 0001:000256b0       ??0CCommonDialog@@QAE@PAVCWnd@@@Z 004266b0 f i Shapedoc.obj
 0001:000256f0       ?SaveModified@CDocument@@UAEHXZ 004266f0 f i Shapedoc.obj
 0001:00025a10       ?AfxFormatStrings@CAfx@@SAXAAVCString@WTL@@IPBQBGH@Z 00426a10 f i Shapedoc.obj
 0001:00025d00       ?AfxGetFileTitle@CAfx@@SAIPBGPAGI@Z 00426d00 f i Shapedoc.obj
 0001:00025d90       ?SetPathName@CDocument@@UAEXPBGH@Z 00426d90 f i Shapedoc.obj
 0001:00025ed0       ?CreateObject@CShape@@SAPAVCObject@@XZ 00426ed0 f   Shapeobj.obj
 0001:00025f30       ?GetRuntimeClass@CShape@@UBEPAUCRuntimeClass@@XZ 00426f30 f   Shapeobj.obj
 0001:00025f90       ??0CShape@@QAE@XZ          00426f90 f   Shapeobj.obj
 0001:00025fd0       ??0CShape@@QAE@W4SHAPE_COLOR_ENUM@@W4SHAPE_STYLE@@AAVCRect@WTL@@@Z 00426fd0 f   Shapeobj.obj
 0001:00026010       ?Draw@CShape@@QAEXPAVCDCMTL@@H@Z 00427010 f   Shapeobj.obj
 0001:000262a0       ?Serialize@CShape@@UAEXAAVCArchive@@@Z 004272a0 f   Shapeobj.obj
 0001:00026440       ??BSHAPE_COLOR@@QBEKXZ     00427440 f   Shapeobj.obj
 0001:00026480       ??BSHAPE_COLOR@@QBEHXZ     00427480 f   Shapeobj.obj
 0001:00026490       ??4SHAPE_COLOR@@QAEABU0@H@Z 00427490 f   Shapeobj.obj
 0001:000264a0       ?NewNode@?$CList@PAUHWND__@@PAU1@@@QAEPAUCNode@1@PAU21@0@Z 004274a0 f i Shapeobj.obj
 0001:000264a0       ?NewNode@?$CList@PAXPAX@@QAEPAUCNode@1@PAU21@0@Z 004274a0 f i Shapeobj.obj
 0001:000264a0       ?NewNode@?$CList@PAUCRuntimeClass@@ABQAU1@@@QAEPAUCNode@1@PAU21@0@Z 004274a0 f i Shapeobj.obj
 0001:000264a0       ?NewNode@?$CList@PAVCObject@@ABQAV1@@@QAEPAUCNode@1@PAU21@0@Z 004274a0 f i Shapeobj.obj
 0001:000264a0       ?NewNode@?$CList@PAVCFrameWnd@@ABQAV1@@@QAEPAUCNode@1@PAU21@0@Z 004274a0 f i Shapeobj.obj
 0001:000264e0       ??1?$CPenT@$00@WTL@@QAE@XZ 004274e0 f i Shapeobj.obj
 0001:00026500       ?Read@CArchive@@QAEIPAXI@Z 00427500 f i Shapeobj.obj
 0001:00026650       ?Write@CArchive@@QAEXPBXI@Z 00427650 f i Shapeobj.obj
 0001:00026730       ?classHandleFuncCGdiObject@CGdiObject@@SAPAXPAX0@Z 00427730 f i Shapeobj.obj
 0001:00026770       ??_ECGdiObject@@UAEPAXI@Z  00427770 f i Shapeobj.obj
 0001:00026770       ??_GCGdiObject@@UAEPAXI@Z  00427770 f i Shapeobj.obj
 0001:00026790       ??1CGdiObject@@UAE@XZ      00427790 f i Shapeobj.obj
 0001:000267e0       ?FromHandle@CGdiObject@@SAPAV1@PAXPAV1@PAUHWND__@@P6APAX00@Z@Z 004277e0 f i Shapeobj.obj
 0001:00026800       ?RemoveHandle@CPenMTL@@SAPAUHPEN__@@PAU2@@Z 00427800 f i Shapeobj.obj
 0001:00026820       ?CreateObject@CShapesView@@SAPAVCObject@@XZ 00427820 f   Shapesvw.obj
 0001:00026880       ?GetRuntimeClass@CShapesView@@UBEPAUCRuntimeClass@@XZ 00427880 f   Shapesvw.obj
 0001:00026890       ??0CShapesView@@IAE@XZ     00427890 f   Shapesvw.obj
 0001:000268c0       ?_ProcessWindowMessage@CShapesView@@UAEHPAUHWND__@@IIJAAJ@Z 004278c0 f i Shapesvw.obj
 0001:00026b40       ??_ECShapesView@@UAEPAXI@Z 00427b40 f i Shapesvw.obj
 0001:00026b40       ??_GCShapesView@@UAEPAXI@Z 00427b40 f i Shapesvw.obj
 0001:00026b60       ??1CShapesView@@UAE@XZ     00427b60 f   Shapesvw.obj
 0001:00026bd0       ?GetModelessShapePropSheet@CShapesView@@QAEPAVCModelessShapePropSheet@@XZ 00427bd0 f   Shapesvw.obj
 0001:00026c10       ?OnDraw@CShapesView@@UAEXPAVCDCMTL@@@Z 00427c10 f   Shapesvw.obj
 0001:00026ce0       ?OnPreparePrinting@CShapesView@@MAEHPAUCPrintInfo@@@Z 00427ce0 f   Shapesvw.obj
 0001:00026f30       ?OnEndPrinting@CShapesView@@MAEXPAVCDCMTL@@PAUCPrintInfo@@@Z 00427f30 f   Shapesvw.obj
 0001:00026f30       ?OnBeginPrinting@CShapesView@@MAEXPAVCDCMTL@@PAUCPrintInfo@@@Z 00427f30 f   Shapesvw.obj
 0001:00026f40       ?OnLButtonDown@CShapesView@@IAEXIVCPoint@WTL@@@Z 00427f40 f   Shapesvw.obj
 0001:00027110       ?OnLButtonDblClk@CShapesView@@IAEXIVCPoint@WTL@@@Z 00428110 f   Shapesvw.obj
 0001:00027150       ?OnSimplePropertySheet@CShapesView@@IAEXXZ 00428150 f   Shapesvw.obj
 0001:00027540       ?OnUpdateSimplePropertySheet@CShapesView@@IAEXPAVCCmdUI@@@Z 00428540 f   Shapesvw.obj
 0001:00027550       ?OnPropertySheetWithPreview@CShapesView@@IAEXXZ 00428550 f   Shapesvw.obj
 0001:00027650       ?OnUpdatePropertySheetWithPreview@CShapesView@@IAEXPAVCCmdUI@@@Z 00428650 f   Shapesvw.obj
 0001:00027690       ?OnChangeObjectProps@CShapesView@@IAEJIJ@Z 00428690 f   Shapesvw.obj
 0001:00027710       ?OnKeyDown@CShapesView@@IAEXIII@Z 00428710 f   Shapesvw.obj
 0001:00027770       ?Add@?$CArray@PAXABQAX@@QAEJABQAX@Z 00428770 f i Shapesvw.obj
 0001:00027920       ?CommonConstruct@CPropertySheetMTL@@QAEXPAVCWnd@@I@Z 00428920 f i Shapesvw.obj
 0001:00027a00       ?OnBarStyleChange@CControlBar@@UAEXKK@Z 00428a00 f i Shapesvw.obj
 0001:00027a00       ?OnBeginPrinting@CView@@UAEXPAVCDCMTL@@PAUCPrintInfo@@@Z 00428a00 f i Shapesvw.obj
 0001:00027a00       ?OnActivateFrame@CView@@UAEXIPAVCFrameWnd@@@Z 00428a00 f i Shapesvw.obj
 0001:00027a00       ?OnEndPrinting@CView@@UAEXPAVCDCMTL@@PAUCPrintInfo@@@Z 00428a00 f i Shapesvw.obj
 0001:00027a10       ?OnActivateView@CView@@UAEXHPAV1@0@Z 00428a10 f i Shapesvw.obj
 0001:00027b00       ?OnInitialUpdate@CView@@UAEXXZ 00428b00 f i Shapesvw.obj
 0001:00027b10       ?OnPrint@CView@@UAEXPAVCDCMTL@@PAUCPrintInfo@@@Z 00428b10 f i Shapesvw.obj
 0001:00027b20       ?OnPrepareDC@CView@@UAEXPAVCDCMTL@@PAUCPrintInfo@@@Z 00428b20 f i Shapesvw.obj
 0001:00027b50       ?OnPreparePrinting@CView@@UAEHPAUCPrintInfo@@@Z 00428b50 f i Shapesvw.obj
 0001:00027b60       ?OnScroll@CView@@UAEHIIH@Z 00428b60 f i Shapesvw.obj
 0001:00027b60       ?OnScrollBy@CView@@UAEHVCSize@WTL@@H@Z 00428b60 f i Shapesvw.obj
 0001:00027b70       ?OnUpdate@CView@@UAEXPAV1@JPAVCObject@@@Z 00428b70 f i Shapesvw.obj
 0001:00027b90       ?PostNcDestroy@CView@@UAEXXZ 00428b90 f i Shapesvw.obj
 0001:00027b90       ?PostNcDestroy@CFrameWnd@@UAEXXZ 00428b90 f i Shapesvw.obj
 0001:00027ba0       ?PreCreateWindow@CView@@UAEHAAUtagCREATESTRUCTW@@@Z 00428ba0 f i Shapesvw.obj
 0001:00027bf0       ??_ECView@@UAEPAXI@Z       00428bf0 f i Shapesvw.obj
 0001:00027bf0       ??_GCView@@UAEPAXI@Z       00428bf0 f i Shapesvw.obj
 0001:00027c10       ??1CView@@UAE@XZ           00428c10 f i Shapesvw.obj
 0001:00027c80       ?_ProcessWindowMessage@CView@@UAEHPAUHWND__@@IIJAAJ@Z 00428c80 f i Shapesvw.obj
 0001:00027fe0       ??_9@$BJA@AE               00428fe0 f i Shapesvw.obj
 0001:00027ff0       ??0CPaintDCMTL@@QAE@PAVCWMHnd@@@Z 00428ff0 f i Shapesvw.obj
 0001:00028050       ?SetActiveView@CFrameWnd@@QAEXPAVCView@@H@Z 00429050 f i Shapesvw.obj
 0001:000280a0       ?OnEndPrintPreview@CView@@UAEXPAVCDCMTL@@PAUCPrintInfo@@UtagPOINT@@PAVCPreviewView@@@Z 004290a0 f i Shapesvw.obj
 0001:00028260       ?OnFilePrintPreview@CView@@QAEXXZ 00429260 f i Shapesvw.obj
 0001:00028560       ??0CDialogBar@@QAE@XZ      00429560 f i Shapesvw.obj
 0001:00028610       ?OnUpdateCmdUI@CDialogBar@@UAEXPAVCFrameWnd@@H@Z 00429610 f i Shapesvw.obj
 0001:00028630       ?Create@CDialogBar@@UAEHPAVCWnd@@III@Z 00429630 f i Shapesvw.obj
 0001:00028660       ?Create@CDialogBar@@UAEHPAVCWnd@@PBGII@Z 00429660 f i Shapesvw.obj
 0001:00028890       ?HookWindowCreate@CWnd@@SAHPAV1@G@Z 00429890 f i Shapesvw.obj
 0001:000288d0       ?UnhookWindowCreate@CWnd@@SAHXZ 004298d0 f i Shapesvw.obj
 0001:000288f0       ?CalcFixedLayout@CDialogBar@@UAE?AVCSize@WTL@@HH@Z 004298f0 f i Shapesvw.obj
 0001:00028940       ??_ECDialogBar@@UAEPAXI@Z  00429940 f i Shapesvw.obj
 0001:00028940       ??_GCDialogBar@@UAEPAXI@Z  00429940 f i Shapesvw.obj
 0001:00028960       ??1CDialogBar@@UAE@XZ      00429960 f i Shapesvw.obj
 0001:00028aa0       ?OnPreviewClose@CPreviewView@@QAEXXZ 00429aa0 f i Shapesvw.obj
 0001:00028b90       ?SetPrintView@CPreviewView@@QAEHPAVCView@@@Z 00429b90 f i Shapesvw.obj
 0001:00029030       ?Attach@?$CDCT@$00@WTL@@QAEXPAUHDC__@@@Z 0042a030 f i Shapesvw.obj
 0001:00029060       ?classHandleFuncCDCMTL@CDCMTL@@SAPAXPAX0@Z 0042a060 f i Shapesvw.obj
 0001:000290b0       ?SetMapMode@CDCMTL@@QAEHH@Z 0042a0b0 f i Shapesvw.obj
 0001:000290e0       ?SaveDC@CPreviewDC@@UAEHXZ 0042a0e0 f i Shapesvw.obj
 0001:00029140       ?RestoreDC@CPreviewDC@@UAEHH@Z 0042a140 f i Shapesvw.obj
 0001:00029380       ?MirrorFont@CPreviewDC@@QAEXXZ 0042a380 f i Shapesvw.obj
 0001:00029580       ?TextOutW@CPreviewDC@@UAEHHHPBGH@Z 0042a580 f i Shapesvw.obj
 0001:000295b0       ?ExtTextOutW@CPreviewDC@@QAEHHHIPBUtagRECT@@PBGIPAH@Z 0042a5b0 f i Shapesvw.obj
 0001:000297c0       ?Free@?$CAlloc@HABH@@QAEXXZ 0042a7c0 f i Shapesvw.obj
 0001:000297c0       ??1?$CAlloc@HABH@@QAE@XZ   0042a7c0 f i Shapesvw.obj
 0001:000297c0       ?Free@?$CAlloc@GABG@@QAEXXZ 0042a7c0 f i Shapesvw.obj
 0001:000297c0       ??1?$CAlloc@GABG@@QAE@XZ   0042a7c0 f i Shapesvw.obj
 0001:000297f0       ?ComputeDeltas@CPreviewDC@@QAE?AVCSize@WTL@@AAHPBGAAIHIPAHHPAG30@Z 0042a7f0 f i Shapesvw.obj
 0001:00029b50       ??_GCPreviewDC@@UAEPAXI@Z  0042ab50 f i Shapesvw.obj
 0001:00029b50       ??_ECPreviewDC@@UAEPAXI@Z  0042ab50 f i Shapesvw.obj
 0001:00029b70       ??1CPreviewDC@@UAE@XZ      0042ab70 f i Shapesvw.obj
 0001:00029be0       ??0CWindowDCMTL@@QAE@PAVCWMHnd@@@Z 0042abe0 f i Shapesvw.obj
 0001:00029c40       ??0CPrintDialogMTL@@QAE@HKPAVCWnd@@@Z 0042ac40 f i Shapesvw.obj
 0001:00029cf0       ?UpdateBars@CScrollView@@QAEXXZ 0042acf0 f i Shapesvw.obj
 0001:0002a0c0       ??GCSize@WTL@@QBE?AV01@UtagSIZE@@@Z 0042b0c0 f i Shapesvw.obj
 0001:0002a0e0       ?ScrollWindow@CWMHnd@@QAEXHHPBUtagRECT@@0@Z 0042b0e0 f i Shapesvw.obj
 0001:0002a1c0       ?SetScrollPos@CWMHnd@@QAEHHHH@Z 0042b1c0 f i Shapesvw.obj
 0001:0002a200       ?GetScrollPos@CWMHnd@@QBEHH@Z 0042b200 f i Shapesvw.obj
 0001:0002a240       ?SetScrollRange@CWMHnd@@QAEXHHHH@Z 0042b240 f i Shapesvw.obj
 0001:0002a2a0       ?EnableScrollBarCtrl@CWMHnd@@QAEXHH@Z 0042b2a0 f i Shapesvw.obj
 0001:0002a2f0       ?SetScrollInfo@CWMHnd@@QAEHHPAUtagSCROLLINFO@@H@Z 0042b2f0 f i Shapesvw.obj
 0001:0002a340       ?GetDeviceScrollPosition@CScrollView@@QBE?AVCPoint@WTL@@XZ 0042b340 f i Shapesvw.obj
 0001:0002a3b0       ?GetScrollBarSizes@CScrollView@@QAEXAAVCSize@WTL@@@Z 0042b3b0 f i Shapesvw.obj
 0001:0002a420       ?SetCurrentPage@CPreviewView@@QAEXIH@Z 0042b420 f i Shapesvw.obj
 0001:0002a4e0       ?_AfxPreviewCloseProc@CPrintPreviewState@@SGHPAVCFrameWnd@@@Z 0042b4e0 f i Shapesvw.obj
 0001:0002a5f0       ?OnChangedViewList@CDocument@@QAEXXZ 0042b5f0 f i Shapesvw.obj
 0001:0002a870       ?CViewDestruct@CView@@QAEXXZ 0042b870 f i Shapesvw.obj
 0001:0002a9c0       ?OnCmdMsg@CView@@UAEHIHPAXPAUAFX_CMDHANDLERINFO@@@Z 0042b9c0 f i Shapesvw.obj
 0001:0002aaf0       ?DoPrintDialog@CWinApp@@QAEJPAVCPrintDialogMTL@@@Z 0042baf0 f i Shapesvw.obj
 0001:0002acd0       ?FromHandle@CDCMTL@@SAPAV1@PAUHDC__@@PAV1@PAUHWND__@@P6APAXPAX3@Z@Z 0042bcd0 f i Shapesvw.obj
 0001:0002acf0       ?FromHandleDC@CWinApp@@QAEPAVCDCMTL@@PAUHDC__@@PAV2@PAUHWND__@@P6APAXPAX3@Z@Z 0042bcf0 f i Shapesvw.obj
 0001:0002ad80       ?NewNode@?$CHandleHashList@PAUHWND__@@VCWMHnd@@PAU1@$0BB@@@QAEPAV?$CHandlePair@PAUHWND__@@PAVCWMHnd@@PAU1@@@PAUHWND__@@@Z 0042bd80 f i Shapesvw.obj
 0001:0002ad80       ?NewNode@?$CHandleList@PAUHMENU__@@VCMenuMTL@@PAUHWND__@@@@QAEPAV?$CHandlePair@PAUHMENU__@@PAVCMenuMTL@@PAUHWND__@@@@PAUHMENU__@@@Z 0042bd80 f i Shapesvw.obj
 0001:0002ad80       ?NewNode@?$CHandleList@PAXVCGdiObject@@PAUHWND__@@@@QAEPAV?$CHandlePair@PAXPAVCGdiObject@@PAUHWND__@@@@PAX@Z 0042bd80 f i Shapesvw.obj
 0001:0002ad80       ?NewNode@?$CHandleList@PAUHDC__@@VCDCMTL@@PAUHWND__@@@@QAEPAV?$CHandlePair@PAUHDC__@@PAVCDCMTL@@PAUHWND__@@@@PAUHDC__@@@Z 0042bd80 f i Shapesvw.obj
 0001:0002adc0       ?OnFilePrint@CView@@QAEXXZ 0042bdc0 f i Shapesvw.obj
 0001:0002bc90       ?Attach@?$CHandleWrapper@VCDCMTL@@PAUHDC__@@V?$CDCT@$00@WTL@@@@QAEHPAUHDC__@@@Z 0042cc90 f i Shapesvw.obj
 0001:0002bce0       ?Detach@?$CHandleWrapper@VCDCMTL@@PAUHDC__@@V?$CDCT@$00@WTL@@@@QAEPAUHDC__@@XZ 0042cce0 f i Shapesvw.obj
 0001:0002bd00       ?SetRect@CRect@WTL@@QAEXHHHH@Z 0042cd00 f i Shapesvw.obj
 0001:0002bd20       ?_AfxAbortProc@CPrintingDialog@@SGHPAUHDC__@@H@Z 0042cd20 f i Shapesvw.obj
 0001:0002bd80       ??0CPrintingDialog@@QAE@PAVCWnd@@@Z 0042cd80 f i Shapesvw.obj
 0001:0002be00       ?OnInitDialog@CPrintingDialog@@UAEHXZ 0042ce00 f i Shapesvw.obj
 0001:0002c050       ?OnCancel@CPrintingDialog@@UAEXXZ 0042d050 f i Shapesvw.obj
 0001:0002c080       ??_ECPrintingDialog@@UAEPAXI@Z 0042d080 f i Shapesvw.obj
 0001:0002c080       ??_GCPrintingDialog@@UAEPAXI@Z 0042d080 f i Shapesvw.obj
 0001:0002c0a0       ??1CPrintingDialog@@UAE@XZ 0042d0a0 f i Shapesvw.obj
 0001:0002c0f0       ?GetPathName@CFileDialogMTL@@QAE?AVCString@WTL@@XZ 0042d0f0 f i Shapesvw.obj
 0001:0002c3d0       ??1CPrintInfo@@QAE@XZ      0042d3d0 f i Shapesvw.obj
 0001:0002c470       ??_GCPrintDialogMTL@@QAEPAXI@Z 0042d470 f i Shapesvw.obj
 0001:0002c680       ?GetRuntimeClass@CObject@@UBEPAUCRuntimeClass@@XZ 0042d680 f   Stdafx.obj
 0001:0002c690       ?GetRuntimeClass@CCmdTarget@@UBEPAUCRuntimeClass@@XZ 0042d690 f   Stdafx.obj
 0001:0002c6a0       ?CreateObject@CWnd@@SAPAVCObject@@XZ 0042d6a0 f   Stdafx.obj
 0001:0002c6e0       ?GetRuntimeClass@CWnd@@UBEPAUCRuntimeClass@@XZ 0042d6e0 f   Stdafx.obj
 0001:0002c6f0       ?GetRuntimeClass@CDialog@@UBEPAUCRuntimeClass@@XZ 0042d6f0 f   Stdafx.obj
 0001:0002c700       ?CreateObject@CFrameWnd@@SAPAVCObject@@XZ 0042d700 f   Stdafx.obj
 0001:0002c860       ?GetRuntimeClass@CFrameWnd@@UBEPAUCRuntimeClass@@XZ 0042d860 f   Stdafx.obj
 0001:0002c870       ?GetRuntimeClass@CView@@UBEPAUCRuntimeClass@@XZ 0042d870 f   Stdafx.obj
 0001:0002c880       ?GetRuntimeClass@CMultiDocTemplate@@UBEPAUCRuntimeClass@@XZ 0042d880 f   Stdafx.obj
 0001:0002c890       ?GetRuntimeClass@CControlBar@@UBEPAUCRuntimeClass@@XZ 0042d890 f   Stdafx.obj
 0001:0002c8a0       ?GetRuntimeClass@CToolBar@@UBEPAUCRuntimeClass@@XZ 0042d8a0 f   Stdafx.obj
 0001:0002c8b0       ?CreateObject@CMiniFrameWnd@@SAPAVCObject@@XZ 0042d8b0 f   Stdafx.obj
 0001:0002c9f0       ?GetRuntimeClass@CMiniFrameWnd@@UBEPAUCRuntimeClass@@XZ 0042d9f0 f   Stdafx.obj
 0001:0002ca00       ?CreateObject@CMDIFrameWnd@@SAPAVCObject@@XZ 0042da00 f   Stdafx.obj
 0001:0002cb50       ?GetRuntimeClass@CMDIFrameWnd@@UBEPAUCRuntimeClass@@XZ 0042db50 f   Stdafx.obj
 0001:0002cb60       ?CreateObject@CMDIChildWnd@@SAPAVCObject@@XZ 0042db60 f   Stdafx.obj
 0001:0002ccb0       ?GetRuntimeClass@CMDIChildWnd@@UBEPAUCRuntimeClass@@XZ 0042dcb0 f   Stdafx.obj
 0001:0002ccc0       ?GetRuntimeClass@CScrollView@@UBEPAUCRuntimeClass@@XZ 0042dcc0 f   Stdafx.obj
 0001:0002ccd0       ?CreateObject@CPreviewView@@SAPAVCObject@@XZ 0042dcd0 f   Stdafx.obj
 0001:0002ce50       ?GetRuntimeClass@CPreviewView@@UBEPAUCRuntimeClass@@XZ 0042de50 f   Stdafx.obj
 0001:0002ce60       ?GetRuntimeClass@CPropertyPageMTL@@UBEPAUCRuntimeClass@@XZ 0042de60 f   Stdafx.obj
 0001:0002ce70       ?GetRuntimeClass@CPropertySheetMTL@@UBEPAUCRuntimeClass@@XZ 0042de70 f   Stdafx.obj
 0001:0002ce80       ?GetRuntimeClass@CFileDialogMTL@@UBEPAUCRuntimeClass@@XZ 0042de80 f   Stdafx.obj
 0001:0002ce90       ?GetRuntimeClass@CToolTipCtrlMTL@@UBEPAUCRuntimeClass@@XZ 0042de90 f   Stdafx.obj
 0001:0002cea0       _wWinMain@16               0042dea0 f   Stdafx.obj
 0001:0002d1f0       ?AtlModuleInit@ATL@@YGJPAU_ATL_MODULE@1@PAU_ATL_OBJMAP_ENTRY@1@PAUHINSTANCE__@@@Z 0042e1f0 f i Stdafx.obj
 0001:0002d280       ?_AtlGetStringResourceImage@CAfx@@SAPBUATLSTRINGRESOURCEIMAGE@@PAUHINSTANCE__@@PAUHRSRC__@@I@Z 0042e280 f i Stdafx.obj
 0001:0002d2f0       ?OnPrepareDC@CScrollView@@UAEXPAVCDCMTL@@PAUCPrintInfo@@@Z 0042e2f0 f i Stdafx.obj
 0001:0002d460       ?SetViewportExt@CDCMTL@@QAE?AVCSize@WTL@@HH@Z 0042e460 f i Stdafx.obj
 0001:0002d4d0       ?SetWindowExt@CDCMTL@@QAE?AVCSize@WTL@@HH@Z 0042e4d0 f i Stdafx.obj
 0001:0002d540       ?OnScroll@CScrollView@@UAEHIIH@Z 0042e540 f i Stdafx.obj
 0001:0002d680       ?OnScrollBy@CScrollView@@UAEHVCSize@WTL@@H@Z 0042e680 f i Stdafx.obj
 0001:0002d990       ?GetScrollInfo@CWMHnd@@QAEHHPAUtagSCROLLINFO@@I@Z 0042e990 f i Stdafx.obj
 0001:0002d9d0       ?CCalcWindowRect@CScrollView@@UAEXPAUtagRECT@@I@Z 0042e9d0 f i Stdafx.obj
 0001:0002daf0       ?GetWheelScrollDistance@CScrollView@@UAE?AVCSize@WTL@@V23@HH@Z 0042eaf0 f i Stdafx.obj
 0001:0002db50       ??_GCScrollView@@UAEPAXI@Z 0042eb50 f i Stdafx.obj
 0001:0002db50       ??_ECScrollView@@UAEPAXI@Z 0042eb50 f i Stdafx.obj
 0001:0002db70       ??1CScrollView@@UAE@XZ     0042eb70 f i Stdafx.obj
 0001:0002dc00       ?_ProcessWindowMessage@CScrollView@@UAEHPAUHWND__@@IIJAAJ@Z 0042ec00 f i Stdafx.obj
 0001:0002e020       ?SetViewportOrg@CDCMTL@@QAE?AVCPoint@WTL@@HH@Z 0042f020 f i Stdafx.obj
 0001:0002e090       ?SetWindowOrg@CDCMTL@@QAE?AVCPoint@WTL@@HH@Z 0042f090 f i Stdafx.obj
 0001:0002e100       ?BitBlt@CDCMTL@@QAEHHHHHPAV1@HHK@Z 0042f100 f i Stdafx.obj
 0001:0002e140       ??0CImage@@QAE@XZ          0042f140 f i Stdafx.obj
[...]
 0003:00000800       ?__pMyUnhandledExceptionFilter@@3PAXA 00444800     LIBCMT:throw.obj
 0003:00000810       __XcptActTab               00444810     LIBCMT:winxfltr.obj
 0003:00000888       __First_FPE_Indx           00444888     LIBCMT:winxfltr.obj
 0003:0000088c       __Num_FPE                  0044488c     LIBCMT:winxfltr.obj
 0003:00000890       __XcptActTabSize           00444890     LIBCMT:winxfltr.obj
 0003:00000894       __XcptActTabCount          00444894     LIBCMT:winxfltr.obj
 0003:00000898       ___badioinfo               00444898     LIBCMT:ioinit.obj
 0003:000008bc       ___tlsindex                004448bc     LIBCMT:tidtable.obj
 0003:000008c0       __amblksiz                 004448c0     LIBCMT:heapinit.obj
 0003:00000958       __locktable                00444958     LIBCMT:mlock.obj
 0003:00000a20       ___old_small_block_heap    00444a20     LIBCMT:sbheap.obj
 0003:00002a44       ___old_sbh_threshold       00446a44     LIBCMT:sbheap.obj
 0003:00002a50       ?__pInconsistency@@3P6AXXZA 00446a50     LIBCMT:hooks.obj
 0003:00002a60       __timezone                 00446a60     LIBCMT:timeset.obj
 0003:00002a64       __daylight                 00446a64     LIBCMT:timeset.obj
 0003:00002a68       __dstbias                  00446a68     LIBCMT:timeset.obj
 0003:00002aec       __tzname                   00446aec     LIBCMT:timeset.obj
 0003:00002b14       __lpdays                   00446b14     LIBCMT:days.obj
 0003:00002b48       __days                     00446b48     LIBCMT:days.obj
 0003:00002ce8       __pctype                   00446ce8     LIBCMT:ctype.obj
 0003:00002cec       __pwctype                  00446cec     LIBCMT:ctype.obj
 0003:00002cf0       __ctype                    00446cf0     LIBCMT:ctype.obj
 0003:00002ef4       ___mb_cur_max              00446ef4     LIBCMT:nlsdata1.obj
 0003:00002ef8       ___decimal_point           00446ef8     LIBCMT:nlsdata1.obj
 0003:00002efc       ___decimal_point_length    00446efc     LIBCMT:nlsdata1.obj
 0003:00003110       ___lc_time_curr            00447110     LIBCMT:strftime.obj
 0003:00003118       ___lc_time_c               00447118     LIBCMT:strftime.obj
 0003:000031c8       ___lconv_static_decimal    004471c8     LIBCMT:lconv.obj
 0003:000031d0       ___lconv_c                 004471d0     LIBCMT:lconv.obj
 0003:00003200       ___lconv                   00447200     LIBCMT:lconv.obj
 0003:00003210       ?_pModule@ATL@@3PAVCComModule@1@A 00447210     Colorpge.obj
 0003:00003218       ?cwp@?1??GetHookOldCbtFilter@CWnd@@SAAAU_CreateWindowParam@2@XZ@4U32@A 00447218     Colorpge.obj
 0003:00003224       ??_C@_11A@?$AA?$AA@        00447224     Mainfrm.obj
 0003:00003228       ?theApp@@3VCPropDlgApp@@A  00447228     Propdlg.obj
 0003:000033d8       ?hHalftoneBrush@?1??HalftoneBrush@CAfx@@SAPAUHBRUSH__@@H@Z@4PAU3@A 004473d8     Propdlg.obj
 0003:000033dc       ?_afxMsgSETRGB@?1??_AfxCommDlgProc@CCommonDialog@@SGKPAUHWND__@@IIJ@Z@4IA 004473dc     Propdlg.obj
 0003:000033e0       ?_afxMsgHELP@?1??_AfxCommDlgProc@CCommonDialog@@SGKPAUHWND__@@IIJ@Z@4IA 004473e0     Propdlg.obj
 0003:000033e4       ?_afxMsgFILEOK@?1??_AfxCommDlgProc@CCommonDialog@@SGKPAUHWND__@@IIJ@Z@4IA 004473e4     Propdlg.obj
 0003:000033e8       ?_afxMsgSHAREVI@?1??_AfxCommDlgProc@CCommonDialog@@SGKPAUHWND__@@IIJ@Z@4IA 004473e8     Propdlg.obj
 0003:000033ec       ?_afxMsgLBSELCHANGE@?1??_AfxCommDlgProc@CCommonDialog@@SGKPAUHWND__@@IIJ@Z@4IA 004473ec     Propdlg.obj
 0003:000033f0       ?_init_CShape@@3UAFX_CLASSINIT@@A 004473f0     Shapeobj.obj
 0003:000033f8       ?m_pCWinApp@CWinApp@@2PAV1@A 004473f8     Stdafx.obj
 0003:00003400       ?rectDefault@CFrameWnd@@2VCRect@WTL@@B 00447400     Stdafx.obj
 0003:00003410       ?_AtlWinModule@@3VCComModule@ATL@@A 00447410     Stdafx.obj
 0003:00003498       ?wndTopMost@CWMHnd@@2V1@B  00447498     Stdafx.obj
 0003:000034a8       ?wndBottom@CWMHnd@@2V1@B   004474a8     Stdafx.obj
 0003:000034b8       ?wndTop@CWMHnd@@2V1@B      004474b8     Stdafx.obj
 0003:000034c8       ?wndNoTopMost@CWMHnd@@2V1@B 004474c8     Stdafx.obj
 0003:000034d8       ?_afxGotScrollLines@?1??_AfxGetMouseScrollLines@CScrollView@@QAEIXZ@4HA 004474d8     Stdafx.obj
 0003:000034dc       __aenvptr                  004474dc     LIBCMT:wwincrt0.obj
 0003:000034e0       __wenvptr                  004474e0     LIBCMT:wwincrt0.obj
 0003:000034e4       ___error_mode              004474e4     LIBCMT:wwincrt0.obj
 0003:000034e8       __umaskval                 004474e8     LIBCMT:crt0dat.obj
 0003:000034ec       __osver                    004474ec     LIBCMT:crt0dat.obj
 0003:000034f0       __winver                   004474f0     LIBCMT:crt0dat.obj
 0003:000034f4       __winmajor                 004474f4     LIBCMT:crt0dat.obj
 0003:000034f8       __winminor                 004474f8     LIBCMT:crt0dat.obj
 0003:000034fc       ___argc                    004474fc     LIBCMT:crt0dat.obj
 0003:00003500       ___argv                    00447500     LIBCMT:crt0dat.obj
 0003:00003504       ___wargv                   00447504     LIBCMT:crt0dat.obj
 0003:00003508       __environ                  00447508     LIBCMT:crt0dat.obj
 0003:0000350c       ___initenv                 0044750c     LIBCMT:crt0dat.obj
 0003:00003510       __wenviron                 00447510     LIBCMT:crt0dat.obj
 0003:00003514       ___winitenv                00447514     LIBCMT:crt0dat.obj
 0003:00003518       __pgmptr                   00447518     LIBCMT:crt0dat.obj
 0003:0000351c       __wpgmptr                  0044751c     LIBCMT:crt0dat.obj
 0003:00003520       __exitflag                 00447520     LIBCMT:crt0dat.obj
 0003:00003524       __C_Termination_Done       00447524     LIBCMT:crt0dat.obj
 0003:00003528       __C_Exit_Done              00447528     LIBCMT:crt0dat.obj
 0003:0000373c       __adbgmsg                  0044773c     LIBCMT:crt0msg.obj
 0003:000037a0       __newmode                  004477a0     LIBCMT:_newmode.obj
 0003:000037a4       ?_pnhHeap@@3P6AHI@ZA       004477a4     LIBCMT:handler.obj
 0003:00003894       ___lc_handle               00447894     LIBCMT:nlsdata2.obj
 0003:000038ac       ___lc_codepage             004478ac     LIBCMT:nlsdata2.obj
 0003:000038b0       ___lc_collate_cp           004478b0     LIBCMT:nlsdata2.obj
 0003:000038f0       ___lc_time_intl            004478f0     LIBCMT:inittime.obj
 0003:0000390c       ___lc_id                   0044790c     LIBCMT:nlsdata3.obj
 0003:0000395c       ___lconv_static_null       0044795c     LIBCMT:lconv.obj
 0003:0000396c       ?uCachedScrollLines@?1??_AfxGetMouseScrollLines@CScrollView@@QAEIXZ@4IA 0044796c     <common>
 0003:00003970       ?_afxWinState@?1??GetAfxWinState@CPrintingDialog@@SAPAV_AFX_WIN_STATE@@XZ@4V3@A 00447970     <common>
 0003:00003974       ?$S26@?1??_GetAfxPropPageFontInfo@CPropertyPageMTL@@SAAAU_AFX_PROPPAGEFONTINFO@@XZ@4EA 00447974     <common>
 0003:00003978       ?_afxPropPageFontInfo@?1??_GetAfxPropPageFontInfo@CPropertyPageMTL@@SAAAU_AFX_PROPPAGEFONTINFO@@XZ@4U3@A 00447978     <common>
 0003:00003980       ?$S12@?1??_GetAfxData@CAfx@@SAABU_AUX_DATA@@XZ@4EA 00447980     <common>
 0003:000039a0       ?_afxdata@?1??_GetAfxData@CAfx@@SAABU_AUX_DATA@@XZ@4U3@A 004479a0     <common>
 0003:000039d4       ?$S55@?1??_GetCModuleState@CWinApp@@SAPAVCModuleState@@XZ@4EA 004479d4     <common>
 0003:000039e0       ?cModuleState@?1??_GetCModuleState@CWinApp@@SAPAVCModuleState@@XZ@4V3@A 004479e0     <common>
 0003:00003a04       ?m_lastSentMsg@?1??GetLastSentMsg@CCmdTarget@@SAAAPAUtagMSG@@XZ@4PAU3@A 00447a04     <common>
 0003:00003a08       ?$S5@?1??GetCException@CAfx@@SAAAVCException@@H@Z@4EA 00447a08     <common>
 0003:00003a10       ?_simpleInvalidArgException@?1??GetCException@CAfx@@SAAAVCException@@H@Z@4VCInvalidArgException@@A 00447a10     <common>
 0003:00003a18       ?_simpleMemoryException@?1??GetCException@CAfx@@SAAAVCException@@H@Z@4VCMemoryException@@A 00447a18     <common>
 0003:00003a20       ?_simpleNotSupportedException@?1??GetCException@CAfx@@SAAAVCException@@H@Z@4VCNotSupportedException@@A 00447a20     <common>
 0003:00003a28       ?_simpleResourceException@?1??GetCException@CAfx@@SAAAVCException@@H@Z@4VCResourceException@@A 00447a28     <common>
 0003:00003a30       ___mbcodepage              00447a30     <common>
 0003:00003a40       ___mbulinfo                00447a40     <common>
 0003:00003a4c       ___ismbcodepage            00447a4c     <common>
 0003:00003a60       __mbcasemap                00447a60     <common>
 0003:00003b60       __mbctype                  00447b60     <common>
 0003:00003c64       ___mblcid                  00447c64     <common>
 0003:00003c68       ___setlc_active            00447c68     <common>
 0003:00003c6c       ___unguarded_readlc_active 00447c6c     <common>
 0003:00003c70       ___sbh_sizeHeaderList      00447c70     <common>
 0003:00003c74       ___sbh_indGroupDefer       00447c74     <common>
 0003:00003c78       ___sbh_pHeaderScan         00447c78     <common>
 0003:00003c7c       ___sbh_pHeaderDefer        00447c7c     <common>
 0003:00003c80       ___sbh_cntHeaderList       00447c80     <common>
 0003:00003c84       ___sbh_pHeaderList         00447c84     <common>
 0003:00003c88       ___sbh_threshold           00447c88     <common>
 0003:00003c8c       __crtheap                  00447c8c     <common>
 0003:00003c90       ___active_heap             00447c90     <common>
 0003:00003ca0       ___pioinfo                 00447ca0     <common>
 0003:00003da0       __nhandle                  00447da0     <common>
 0003:00003da4       ___env_initialized         00447da4     <common>
 0003:00003da8       ___mbctype_initialized     00447da8     <common>
 0003:00003dac       ___onexitend               00447dac     <common>
 0003:00003db0       ___onexitbegin             00447db0     <common>
 0003:00003db4       __FPinit                   00447db4     <common>
 0003:00003db8       __wcmdln                   00447db8     <common>

 entry point at        0001:00034a1a

 Static symbols

 0001:0002c490       _$E66                      0042d490 f   Stdafx.obj
 0001:0002c4a0       _$E62                      0042d4a0 f   Stdafx.obj
 0001:0002c4c0       _$E65                      0042d4c0 f   Stdafx.obj
 0001:0002c4d0       _$E63                      0042d4d0 f   Stdafx.obj
 0001:0002c500       _$E71                      0042d500 f   Stdafx.obj
 0001:0002c510       _$E68                      0042d510 f   Stdafx.obj
 0001:0002c530       _$E70                      0042d530 f   Stdafx.obj
 0001:0002c540       _$E69                      0042d540 f   Stdafx.obj
 0001:0002c570       _$E76                      0042d570 f   Stdafx.obj
 0001:0002c580       _$E73                      0042d580 f   Stdafx.obj
 0001:0002c5a0       _$E75                      0042d5a0 f   Stdafx.obj
 0001:0002c5b0       _$E74                      0042d5b0 f   Stdafx.obj
 0001:0002c5e0       _$E81                      0042d5e0 f   Stdafx.obj
 0001:0002c5f0       _$E78                      0042d5f0 f   Stdafx.obj
 0001:0002c610       _$E80                      0042d610 f   Stdafx.obj
 0001:0002c620       _$E79                      0042d620 f   Stdafx.obj
 0001:0002c650       _$E84                      0042d650 f   Stdafx.obj
 0001:0002c660       _$E83                      0042d660 f   Stdafx.obj
 0001:000278a0       ?_AtlCreateDC@WTL@@YAPAUHDC__@@PAX0@Z 004288a0 f   Shapesvw.obj
 0001:00025f40       _$E64                      00426f40 f   Shapeobj.obj
 0001:00025f50       _$E63                      00426f50 f   Shapeobj.obj
 0001:00014c30       _$E71                      00415c30 f   Propdlg.obj
 0001:00014c40       _$E68                      00415c40 f   Propdlg.obj
 0001:00014c50       _$E70                      00415c50 f   Propdlg.obj
 0001:00014c60       _$E69                      00415c60 f   Propdlg.obj
 0001:0003b0e2       _findenv                   0043c0e2 f   LIBCMT:setenv.obj
 0001:0003b13a       _copy_environ              0043c13a f   LIBCMT:setenv.obj
 0001:0003ad14       _getSystemCP               0043bd14 f   LIBCMT:mbctype.obj
 0001:0003ad5e       _CPtoLCID                  0043bd5e f   LIBCMT:mbctype.obj
 0001:0003ad91       _setSBCS                   0043bd91 f   LIBCMT:mbctype.obj
 0001:0003adba       _setSBUpLow                0043bdba f   LIBCMT:mbctype.obj
 0001:0003a776       _strncnt                   0043b776 f   LIBCMT:a_map.obj
 0001:0003a776       _strncnt                   0043b776 f   LIBCMT:a_map.obj
 0001:0003a468       _siglookup                 0043b468 f   LIBCMT:winsig.obj
 0001:000399a2       _strtoxl                   0043a9a2 f   LIBCMT:strtol.obj
 0001:0003932d       __tzset_lk                 0043a32d f   LIBCMT:tzset.obj
 0001:000395d5       __isindst_lk               0043a5d5 f   LIBCMT:tzset.obj
 0001:00039781       _cvtdate                   0043a781 f   LIBCMT:tzset.obj
 0001:00038dd0       LeadUp1                    00439dd0 f   LIBCMT:memcpy.obj
 0001:00038dfc       LeadUp2                    00439dfc f   LIBCMT:memcpy.obj
 0001:00038e20       LeadUp3                    00439e20 f   LIBCMT:memcpy.obj
 0001:00038e9f       UnwindUp0                  00439e9f f   LIBCMT:memcpy.obj
 0001:00038e8c       UnwindUp1                  00439e8c f   LIBCMT:memcpy.obj
 0001:00038e84       UnwindUp2                  00439e84 f   LIBCMT:memcpy.obj
 0001:00038e7c       UnwindUp3                  00439e7c f   LIBCMT:memcpy.obj
 0001:00038e74       UnwindUp4                  00439e74 f   LIBCMT:memcpy.obj
 0001:00038e6c       UnwindUp5                  00439e6c f   LIBCMT:memcpy.obj
 0001:00038e64       UnwindUp6                  00439e64 f   LIBCMT:memcpy.obj
 0001:00038e5c       UnwindUp7                  00439e5c f   LIBCMT:memcpy.obj
 0001:00038eb8       TrailUp0                   00439eb8 f   LIBCMT:memcpy.obj
 0001:00038ec0       TrailUp1                   00439ec0 f   LIBCMT:memcpy.obj
 0001:00038ecc       TrailUp2                   00439ecc f   LIBCMT:memcpy.obj
 0001:00038ee0       TrailUp3                   00439ee0 f   LIBCMT:memcpy.obj
 0001:00038f58       LeadDown1                  00439f58 f   LIBCMT:memcpy.obj
 0001:00038f78       LeadDown2                  00439f78 f   LIBCMT:memcpy.obj
 0001:00038fa0       LeadDown3                  00439fa0 f   LIBCMT:memcpy.obj
 0001:00038ff4       UnwindDown7                00439ff4 f   LIBCMT:memcpy.obj
 0001:00038ffc       UnwindDown6                00439ffc f   LIBCMT:memcpy.obj
 0001:00039004       UnwindDown5                0043a004 f   LIBCMT:memcpy.obj
 0001:0003900c       UnwindDown4                0043a00c f   LIBCMT:memcpy.obj
 0001:00039014       UnwindDown3                0043a014 f   LIBCMT:memcpy.obj
 0001:0003901c       UnwindDown2                0043a01c f   LIBCMT:memcpy.obj
 0001:00039024       UnwindDown1                0043a024 f   LIBCMT:memcpy.obj
 0001:00039037       UnwindDown0                0043a037 f   LIBCMT:memcpy.obj
 0001:00039050       TrailDown0                 0043a050 f   LIBCMT:memcpy.obj
 0001:00039058       TrailDown1                 0043a058 f   LIBCMT:memcpy.obj
 0001:00039068       TrailDown2                 0043a068 f   LIBCMT:memcpy.obj
 0001:0003907c       TrailDown3                 0043a07c f   LIBCMT:memcpy.obj
 0001:0003831e       ?FindHandler@@YAXPAUEHExceptionRecord@@PAUEHRegistrationNode@@PAU_CONTEXT@@PAXPBU_s_FuncInfo@@EH1@Z 0043931e f   LIBCMT:frame.obj
 0001:000384d1       ?FindHandlerForForeignException@@YAXPAUEHExceptionRecord@@PAUEHRegistrationNode@@PAU_CONTEXT@@PAXPBU_s_FuncInfo@@HH1@Z 004394d1 f   LIBCMT:frame.obj
 0001:0003857b       ?TypeMatch@@YAHPBU_s_HandlerType@@PBU_s_CatchableType@@PBU_s_ThrowInfo@@@Z 0043957b f   LIBCMT:frame.obj
 0001:00038676       ?FrameUnwindFilter@@YAHPAU_EXCEPTION_POINTERS@@@Z 00439676 f   LIBCMT:frame.obj
 0001:0003868c       ?CatchIt@@YAXPAUEHExceptionRecord@@PAUEHRegistrationNode@@PAU_CONTEXT@@PAXPBU_s_FuncInfo@@PBU_s_HandlerType@@PBU_s_CatchableType@@PBU_s_TryBlockMapEntry@@H1E@Z 0043968c f   LIBCMT:frame.obj
 0001:00038707       ?CallCatchBlock@@YAPAXPAUEHExceptionRecord@@PAUEHRegistrationNode@@PAU_CONTEXT@@PBU_s_FuncInfo@@PAXHK@Z 00439707 f   LIBCMT:frame.obj
 0001:00038822       ?ExFilterRethrow@@YAHPAU_EXCEPTION_POINTERS@@@Z 00439822 f   LIBCMT:frame.obj
 0001:0003884c       ?BuildCatchObject@@YAXPAUEHExceptionRecord@@PAUEHRegistrationNode@@PBU_s_HandlerType@@PBU_s_CatchableType@@@Z 0043984c f   LIBCMT:frame.obj
 0001:00038a77       ?AdjustPointer@@YAPAXPAXABUPMD@@@Z 00439a77 f   LIBCMT:frame.obj
 0001:000364b5       _wparse_cmdline            004374b5 f   LIBCMT:wstdargv.obj
 0001:000362ef       _xcptlookup                004372ef f   LIBCMT:winxfltr.obj
 0001:00035e4c       __make_time_t              00436e4c f   LIBCMT:mktime.obj
 0001:000358c4       _doexit                    004368c4 f   LIBCMT:crt0dat.obj
 0001:0003597b       __initterm                 0043697b f   LIBCMT:crt0dat.obj
 0001:000355b0       LeadUp1                    004365b0 f   LIBCMT:memmove.obj
 0001:000355dc       LeadUp2                    004365dc f   LIBCMT:memmove.obj
 0001:00035600       LeadUp3                    00436600 f   LIBCMT:memmove.obj
 0001:0003567f       UnwindUp0                  0043667f f   LIBCMT:memmove.obj
 0001:0003566c       UnwindUp1                  0043666c f   LIBCMT:memmove.obj
 0001:00035664       UnwindUp2                  00436664 f   LIBCMT:memmove.obj
 0001:0003565c       UnwindUp3                  0043665c f   LIBCMT:memmove.obj
 0001:00035654       UnwindUp4                  00436654 f   LIBCMT:memmove.obj
 0001:0003564c       UnwindUp5                  0043664c f   LIBCMT:memmove.obj
 0001:00035644       UnwindUp6                  00436644 f   LIBCMT:memmove.obj
 0001:0003563c       UnwindUp7                  0043663c f   LIBCMT:memmove.obj
 0001:00035698       TrailUp0                   00436698 f   LIBCMT:memmove.obj
 0001:000356a0       TrailUp1                   004366a0 f   LIBCMT:memmove.obj
 0001:000356ac       TrailUp2                   004366ac f   LIBCMT:memmove.obj
 0001:000356c0       TrailUp3                   004366c0 f   LIBCMT:memmove.obj
 0001:00035738       LeadDown1                  00436738 f   LIBCMT:memmove.obj
 0001:00035758       LeadDown2                  00436758 f   LIBCMT:memmove.obj
 0001:00035780       LeadDown3                  00436780 f   LIBCMT:memmove.obj
 0001:000357d4       UnwindDown7                004367d4 f   LIBCMT:memmove.obj
 0001:000357dc       UnwindDown6                004367dc f   LIBCMT:memmove.obj
 0001:000357e4       UnwindDown5                004367e4 f   LIBCMT:memmove.obj
 0001:000357ec       UnwindDown4                004367ec f   LIBCMT:memmove.obj
 0001:000357f4       UnwindDown3                004367f4 f   LIBCMT:memmove.obj
 0001:000357fc       UnwindDown2                004367fc f   LIBCMT:memmove.obj
 0001:00035804       UnwindDown1                00436804 f   LIBCMT:memmove.obj
 0001:00035817       UnwindDown0                00436817 f   LIBCMT:memmove.obj
 0001:00035830       TrailDown0                 00436830 f   LIBCMT:memmove.obj
 0001:00035838       TrailDown1                 00436838 f   LIBCMT:memmove.obj
 0001:00035848       TrailDown2                 00436848 f   LIBCMT:memmove.obj
 0001:0003585c       TrailDown3                 0043685c f   LIBCMT:memmove.obj
 0001:00038676       ?ArrayUnwindFilter@@YAHPAU_EXCEPTION_POINTERS@@@Z 00439676 f   LIBCMT:frame.obj
 0001:00034fe8       _gu_return                 00435fe8 f   LIBCMT:exsup.obj
 0001:00034ff0       __unwind_handler           00435ff0 f   LIBCMT:exsup.obj
 0001:00034e04       ?CatchGuardHandler@@YA?AW4_EXCEPTION_DISPOSITION@@PAUEHExceptionRecord@@PAUCatchGuardRN@@PAX2@Z 00435e04 f   LIBCMT:trnsctrl.obj
 0001:00034edf       ?TranslatorGuardHandler@@YA?AW4_EXCEPTION_DISPOSITION@@PAUEHExceptionRecord@@PAUTranslatorGuardRN@@PAX2@Z 00435edf f   LIBCMT:trnsctrl.obj
 0001:00034b46       _fast_error_exit           00435b46 f   LIBCMT:wwincrt0.obj

 5111 bytes saved through ICF

