 propdlg

 Timestamp is 591fe4dd (Sat May 20 15:40:29 2017)

 Preferred load address is 00400000

 Start         Length     Name                   Class
 0001:00000000 000435a6H .text                   CODE
 0001:000435b0 00001e23H .text$x                 CODE
 0002:00000000 0000053cH .idata$5                DATA
 0002:00000540 00001eccH .rdata                  DATA
 0002:00002410 00000044H .rdata$r                DATA
 0002:00002458 000020d0H .xdata$x                DATA
 0002:00004528 000000b4H .idata$2                DATA
 0002:000045dc 00000014H .idata$3                DATA
 0002:000045f0 0000053cH .idata$4                DATA
 0002:00004b2c 000015eaH .idata$6                DATA
 0002:00006116 00000000H .edata                  DATA
 0003:00000000 00000004H .CRT$XCA                DATA
 0003:00000004 0000001cH .CRT$XCU                DATA
 0003:00000020 00000004H .CRT$XCZ                DATA
 0003:00000024 00000004H .CRT$XIA                DATA
 0003:00000028 00000008H .CRT$XIC                DATA
 0003:00000030 00000004H .CRT$XIY                DATA
 0003:00000034 00000004H .CRT$XIZ                DATA
 0003:00000038 00000004H .CRT$XPA                DATA
 0003:0000003c 00000004H .CRT$XPZ                DATA
 0003:00000040 00000004H .CRT$XTA                DATA
 0003:00000044 00000004H .CRT$XTB                DATA
 0003:00000048 00000004H .CRT$XTZ                DATA
 0003:00000050 000031c0H .data                   DATA
 0003:00003210 00000c0cH .bss                    DATA
 0004:00000000 000010f0H .rsrc$01                DATA
 0004:000010f0 00006818H .rsrc$02                DATA

  Address         Publics by Value              Rva+Base     Lib:Object

 0001:00000000       ??0CColorPage@@QAE@XZ      00401000 f   Colorpge.obj
 0001:00000140       ??_GCColorPage@@UAEPAXI@Z  00401140 f i Colorpge.obj
 0001:00000140       ??_ECColorPage@@UAEPAXI@Z  00401140 f i Colorpge.obj
 0001:00000160       ??1CColorPage@@UAE@XZ      00401160 f i Colorpge.obj
 0001:00000310       ?DoDataExchange@CColorPage@@MAEXPAVCDataExchange@@@Z 00401310 f   Colorpge.obj
 0001:000003d0       ?_ProcessWindowMessage@CColorPage@@UAEHPAUHWND__@@IIJAAJ@Z 004013d0 f i Colorpge.obj
 0001:00000430       ?FromHandle@?$CHandleHashList@PAUHWND__@@VCWMHnd@@PAU1@$0BB@@@QAEPAVCWMHnd@@QAUHWND__@@PAV2@0Q6APAXPAX2@Z@Z 00401430 f i Colorpge.obj
 0001:000004f0       ?RemoveHandle@?$CHandleHashList@PAUHWND__@@VCWMHnd@@PAU1@$0BB@@@QAEPAUHWND__@@QAU2@@Z 004014f0 f i Colorpge.obj
 0001:00000570       ?RemoveOwner@?$CHandleHashList@PAUHWND__@@VCWMHnd@@PAU1@$0BB@@@QAEHQAUHWND__@@@Z 00401570 f i Colorpge.obj
 0001:00000600       ?RemoveOwner@?$CHandleList@PAUHMENU__@@VCMenuMTL@@PAUHWND__@@@@QAEHQAUHWND__@@@Z 00401600 f i Colorpge.obj
 0001:00000600       ?RemoveOwner@?$CHandleList@PAUHDC__@@VCDCMTL@@PAUHWND__@@@@QAEHQAUHWND__@@@Z 00401600 f i Colorpge.obj
 0001:00000600       ?RemoveOwner@?$CHandleList@PAXXPAUHWND__@@@@QAEHQAUHWND__@@@Z 00401600 f i Colorpge.obj
 0001:00000600       ?RemoveOwner@?$CHandleList@PAXVCGdiObject@@PAUHWND__@@@@QAEHQAUHWND__@@@Z 00401600 f i Colorpge.obj
 0001:00000670       ??1CString@WTL@@QAE@XZ     00401670 f i Colorpge.obj
 0001:000006a0       ?GetCException@CAfx@@SAAAVCException@@H@Z 004016a0 f i Colorpge.obj
 0001:000007b0       ?IsDerivedFrom@CRuntimeClass@@QBEHPBU1@@Z 004017b0 f i Colorpge.obj
 0001:000007d0       ?_ProcessWindowMessage@CPrintDialogMTL@@UAEHPAUHWND__@@IIJAAJ@Z 004017d0 f i Colorpge.obj
 0001:000007d0       ?_ProcessWindowMessage@CCmdTarget@@UAEHPAUHWND__@@IIJAAJ@Z 004017d0 f i Colorpge.obj
 0001:000007e0       ?GetCurrentMessage@CCmdTarget@@UBEPBUtagMSG@@XZ 004017e0 f i Colorpge.obj
 0001:000007f0       ?OnCmdMsg@CCmdTarget@@UAEHIHPAXPAUAFX_CMDHANDLERINFO@@@Z 004017f0 f i Colorpge.obj
 0001:000007f0       ?OnCmdMsg@CDocTemplate@@UAEHIHPAXPAUAFX_CMDHANDLERINFO@@@Z 004017f0 f i Colorpge.obj
 0001:000008d0       ??0CWMHnd@@QAE@PAUHWND__@@@Z 004018d0 f i Colorpge.obj
 0001:00000900       ??1CWMHnd@@UAE@XZ          00401900 f i Colorpge.obj
 0001:00000b40       ?DefWindowProcW@CWMHnd@@UAEJIIJ@Z 00401b40 f i Colorpge.obj
 0001:00000b60       ?WindowProc@CWMHnd@@UAEJIIJ@Z 00401b60 f i Colorpge.obj
 0001:00000b80       ?CalcWindowRect@CWMHnd@@UAEXPAUtagRECT@@I@Z 00401b80 f i Colorpge.obj
 0001:00000bc0       ?DestroyWindow@CWnd@@UAEHXZ 00401bc0 f i Colorpge.obj
 0001:00000bc0       ?DestroyWindow@CWMHnd@@UAEHXZ 00401bc0 f i Colorpge.obj
 0001:00000bd0       ?EnableWindow@CWMHnd@@UAEXH@Z 00401bd0 f i Colorpge.obj
 0001:00000bf0       ?GetMenu@CWMHnd@@UBEPAVCMenuMTL@@XZ 00401bf0 f i Colorpge.obj
 0001:00000c80       ?NewNode@?$CHandleHashList@PAUHWND__@@VCWMHnd@@PAU1@$0BB@@@QAEPAV?$CHandlePair@PAUHWND__@@PAVCWMHnd@@PAU1@@@PAUHWND__@@@Z 00401c80 f i Colorpge.obj
 0001:00000c80       ?NewNode@?$CHandleList@PAXVCGdiObject@@PAUHWND__@@@@QAEPAV?$CHandlePair@PAXPAVCGdiObject@@PAUHWND__@@@@PAX@Z 00401c80 f i Colorpge.obj
 0001:00000c80       ?NewNode@?$CHandleList@PAUHDC__@@VCDCMTL@@PAUHWND__@@@@QAEPAV?$CHandlePair@PAUHDC__@@PAVCDCMTL@@PAUHWND__@@@@PAUHDC__@@@Z 00401c80 f i Colorpge.obj
 0001:00000c80       ?NewNode@?$CHandleList@PAUHMENU__@@VCMenuMTL@@PAUHWND__@@@@QAEPAV?$CHandlePair@PAUHMENU__@@PAVCMenuMTL@@PAUHWND__@@@@PAUHMENU__@@@Z 00401c80 f i Colorpge.obj
 0001:00000cc0       ?classHandleFuncCMenuMTL@CMenuMTL@@SAPAXPAX0@Z 00401cc0 f i Colorpge.obj
 0001:00000d00       ??_GCMenuMTL@@UAEPAXI@Z    00401d00 f i Colorpge.obj
 0001:00000d00       ??_ECMenuMTL@@UAEPAXI@Z    00401d00 f i Colorpge.obj
 0001:00000d20       ??1CMenuMTL@@UAE@XZ        00401d20 f i Colorpge.obj
 0001:00000df0       ??1?$CMenuT@$00@WTL@@QAE@XZ 00401df0 f i Colorpge.obj
 0001:00000e10       ?OnWizardBack@CPropertyPageMTL@@UAEJXZ 00401e10 f i Colorpge.obj
 0001:00000e10       ?OnWizardNext@CPropertyPageMTL@@UAEJXZ 00401e10 f i Colorpge.obj
 0001:00000e10       ?IsTabbedMDIChild@CMDIChildWnd@@UAEHXZ 00401e10 f i Colorpge.obj
 0001:00000e10       ?OnFileNameOK@CFileDialogMTL@@UAEHXZ 00401e10 f i Colorpge.obj
 0001:00000e10       ?IsFrameWnd@CWMHnd@@UAEHXZ 00401e10 f i Colorpge.obj
 0001:00000e10       ?IsDockBar@CControlBar@@UBEHXZ 00401e10 f i Colorpge.obj
 0001:00000e10       ?GetDefaultAccelerator@CDocument@@UAEPAUHACCEL__@@XZ 00401e10 f i Colorpge.obj
 0001:00000e20       ?OnShareViolation@CFileDialogMTL@@UAEIPBG@Z 00401e20 f i Colorpge.obj
 0001:00000e20       ?GetScrollBarCtrl@CWMHnd@@UBEPAVCScrollBarMTL@@H@Z 00401e20 f i Colorpge.obj
 0001:00000e20       ?PreTranslateMessage@CWMHnd@@UAEHPAUtagMSG@@@Z 00401e20 f i Colorpge.obj
 0001:00000e30       ?SetMenu@CWMHnd@@UAEHPAVCMenuMTL@@@Z 00401e30 f i Colorpge.obj
 0001:00000e60       ?OnInitDialog@CWMHnd@@UAEHXZ 00401e60 f i Colorpge.obj
 0001:00000e60       ?Default@CWMHnd@@QAEJXZ    00401e60 f i Colorpge.obj
 0001:00000e60       ?OnCancel@CCommonDialog@@UAEXXZ 00401e60 f i Colorpge.obj
 0001:00000e80       ??_GCWMHnd@@UAEPAXI@Z      00401e80 f i Colorpge.obj
 0001:00000e80       ??_ECWMHnd@@UAEPAXI@Z      00401e80 f i Colorpge.obj
 0001:00001090       ?classHandleFuncCWnd@CWnd@@SAPAXPAX0@Z 00402090 f i Colorpge.obj
 0001:000010f0       ?WindowProc@CWnd@@UAEJIIJ@Z 004020f0 f i Colorpge.obj
 0001:00001140       ?OnWndMsg@CWnd@@UAEHIIJPAJ@Z 00402140 f i Colorpge.obj
 0001:000011c0       ?OnChildNotify@CWnd@@UAEHIIJPAJ@Z 004021c0 f i Colorpge.obj
 0001:000013b0       ?OnCommand@CWnd@@UAEHIJ@Z  004023b0 f i Colorpge.obj
 0001:00001510       ?Enable@CTestCmdUI@@UAEXH@Z 00402510 f i Colorpge.obj
 0001:00001530       ?OnToolHitTest@CWnd@@UBEJVCPoint@WTL@@PAUtagTOOLINFOW@@@Z 00402530 f i Colorpge.obj
 0001:00001660       ?OnNotify@CWnd@@UAEHIJPAJ@Z 00402660 f i Colorpge.obj
 0001:00001760       ?Create@CWnd@@UAEHPBG0KABUtagRECT@@PAV1@IPAUCCreateContext@@@Z 00402760 f i Colorpge.obj
 0001:000017c0       ?CreateEx@CWnd@@UAEHKPBG0KHHHHPAUHWND__@@PAUHMENU__@@PAX@Z 004027c0 f i Colorpge.obj
 0001:00001950       ?CbtFilterHook@CWnd@@SGJHIJ@Z 00402950 f i Colorpge.obj
 0001:00001b20       ?classHandleFuncCWMHnd@CWMHnd@@SAPAXPAX0@Z 00402b20 f i Colorpge.obj
 0001:00001b70       ?AfxWindowProc@CWMHnd@@SGJPAUHWND__@@IIJ@Z 00402b70 f i Colorpge.obj
 0001:00001bc0       ?PreCreateWindow@CWnd@@UAEHAAUtagCREATESTRUCTW@@@Z 00402bc0 f i Colorpge.obj
 0001:00001f10       ??YCString@WTL@@QAEAAV01@PBG@Z 00402f10 f i Colorpge.obj
 0001:00002050       ?memcpy_x@SecureHelper@WTL@@YAXPAXIPBXI@Z 00403050 f i Colorpge.obj
 0001:00002080       ?AllocBuffer@CString@WTL@@IAEHH@Z 00403080 f i Colorpge.obj
 0001:000020e0       ?ConcatInPlace@CString@WTL@@IAEXHPBG@Z 004030e0 f i Colorpge.obj
 0001:00002210       ?_AfxInitCommonControls@CAfx@@SAJPAUtagINITCOMMONCONTROLSEX@@J@Z 00403210 f i Colorpge.obj
 0001:00002230       ?_AfxRegisterWithIcon@CAfx@@SAHPAUtagWNDCLASSW@@PBGI@Z 00403230 f i Colorpge.obj
 0001:000024b0       ?Release@CString@WTL@@KGXPAUCStringData@2@@Z 004034b0 f i Colorpge.obj
 0001:000024e0       ??0CModuleState@@QAE@XZ    004034e0 f i Colorpge.obj
 0001:00002510       ?AfxRegisterClass@CAfx@@SAHPAUtagWNDCLASSW@@@Z 00403510 f i Colorpge.obj
 0001:00002790       ?ContinueModal@CWnd@@UAEHXZ 00403790 f i Colorpge.obj
 0001:000027a0       ?EndModalLoop@CWnd@@UAEXH@Z 004037a0 f i Colorpge.obj
 0001:000027d0       ??_GCWnd@@UAEPAXI@Z        004037d0 f i Colorpge.obj
 0001:000027d0       ??_ECWnd@@UAEPAXI@Z        004037d0 f i Colorpge.obj
 0001:000027f0       ??1CWnd@@UAE@XZ            004037f0 f i Colorpge.obj
 0001:00002a60       ?_ProcessWindowMessage@CWnd@@UAEHPAUHWND__@@IIJAAJ@Z 00403a60 f i Colorpge.obj
 0001:00002ce0       ??1?$CDCT@$00@WTL@@QAE@XZ  00403ce0 f i Colorpge.obj
 0001:00002d00       ?SetAttribDC@CDCMTL@@UAEXPAUHDC__@@@Z 00403d00 f i Colorpge.obj
 0001:00002d10       ?ReleaseAttribDC@CDCMTL@@UAEXXZ 00403d10 f i Colorpge.obj
 0001:00002d20       ?SaveDC@CDCMTL@@UAEHXZ     00403d20 f i Colorpge.obj
 0001:00002d60       ?RestoreDC@CDCMTL@@UAEHH@Z 00403d60 f i Colorpge.obj
 0001:00002db0       ?TextOutW@CDCMTL@@UAEHHHPBGH@Z 00403db0 f i Colorpge.obj
 0001:00002de0       ??_ECDCMTL@@UAEPAXI@Z      00403de0 f i Colorpge.obj
 0001:00002de0       ??_GCDCMTL@@UAEPAXI@Z      00403de0 f i Colorpge.obj
 0001:00002e00       ??1CDCMTL@@UAE@XZ          00403e00 f i Colorpge.obj
 0001:00002ed0       ?UnsubclassWindow@CWMHnd@@QAEPAUHWND__@@XZ 00403ed0 f i Colorpge.obj
 0001:00003120       ?OnOK@CDialog@@UAEXXZ      00404120 f i Colorpge.obj
 0001:00003190       ?OnCancel@CDialog@@UAEXXZ  00404190 f i Colorpge.obj
 0001:000031c0       ?OnInitDialog@CDialog@@UAEHXZ 004041c0 f i Colorpge.obj
 0001:00003290       ?ExecuteDlgInit@CWnd@@QAEHPAX@Z 00404290 f i Colorpge.obj
 0001:00003370       ?Create@CDialog@@UAEHIPAVCWnd@@@Z 00404370 f i Colorpge.obj
 0001:00003390       ?Create@CDialog@@UAEHPBGPAVCWnd@@@Z 00404390 f i Colorpge.obj
 0001:00003540       ?AtlModuleAddCreateWndData@ATL@@YGXPAU_ATL_MODULE@1@PAU_AtlCreateWndData@1@PAX@Z 00404540 f i Colorpge.obj
 0001:00003580       ?AfxEndDeferRegisterClass@CAfx@@SAHJ@Z 00404580 f i Colorpge.obj
 0001:00003b10       ?CreateIndirect@CDialog@@UAEHPAXPAVCWnd@@PAUHINSTANCE__@@@Z 00404b10 f i Colorpge.obj
 0001:00003cb0       ?DoModal@CDialog@@UAEJXZ   00404cb0 f i Colorpge.obj
 0001:00004060       ?classHandleFuncCDialog@CDialog@@SAPAXPAX0@Z 00405060 f i Colorpge.obj
 0001:000040d0       ?PreTranslateMessage@CDialog@@UAEHPAUtagMSG@@@Z 004050d0 f i Colorpge.obj
 0001:000041e0       ??_ECDialog@@UAEPAXI@Z     004051e0 f i Colorpge.obj
 0001:000041e0       ??_GCDialog@@UAEPAXI@Z     004051e0 f i Colorpge.obj
 0001:00004200       ??1CDialog@@UAE@XZ         00405200 f i Colorpge.obj
 0001:00004420       ?_ProcessWindowMessage@CCommonDialog@@UAEHPAUHWND__@@IIJAAJ@Z 00405420 f i Colorpge.obj
 0001:00004420       ?_ProcessWindowMessage@CAboutDlg@@UAEHPAUHWND__@@IIJAAJ@Z 00405420 f i Colorpge.obj
 0001:00004420       ?_ProcessWindowMessage@CDialog@@UAEHPAUHWND__@@IIJAAJ@Z 00405420 f i Colorpge.obj
 0001:000044c0       ??_9@$BHE@AE               004054c0 f i Colorpge.obj
 0001:000044d0       ??_9@$BHI@AE               004054d0 f i Colorpge.obj
 0001:000044e0       ?AfxDlgProc@CWnd@@SGJPAUHWND__@@IIJ@Z 004054e0 f i Colorpge.obj
 0001:000046d0       ?AfxPropPageCallback@CPropertyPageMTL@@SGIPAUHWND__@@IPAU_PROPSHEETPAGEW@@@Z 004056d0 f i Colorpge.obj
 0001:00004770       ?OnApply@CPropertyPageMTL@@UAEHXZ 00405770 f i Colorpge.obj
 0001:00004780       ?OnKillActive@CPropertyPageMTL@@UAEHXZ 00405780 f i Colorpge.obj
 0001:000047d0       ?OnReset@CPropertyPageMTL@@UAEXXZ 004057d0 f i Colorpge.obj
 0001:000047e0       ?OnSetActive@CPropertyPageMTL@@UAEHXZ 004057e0 f i Colorpge.obj
 0001:00004840       ?OnWizardFinishEx@CPropertyPageMTL@@UAEPAUHWND__@@XZ 00405840 f i Colorpge.obj
 0001:00004850       ?GetParentSheet@CPropertyPageMTL@@UAEPAVCPropertySheetMTL@@XZ 00405850 f i Colorpge.obj
 0001:000049c0       ??_ECPropertyPageMTL@@UAEPAXI@Z 004059c0 f i Colorpge.obj
 0001:000049c0       ??_GCPropertyPageMTL@@UAEPAXI@Z 004059c0 f i Colorpge.obj
 0001:000049e0       ??1CPropertyPageMTL@@UAE@XZ 004059e0 f i Colorpge.obj
 0001:00004bf0       ?_ProcessWindowMessage@CPropertyPageMTL@@UAEHPAUHWND__@@IIJAAJ@Z 00405bf0 f i Colorpge.obj
 0001:00004e00       ?RemoveHandle@?$CHandleList@PAUHDC__@@VCDCMTL@@PAUHWND__@@@@QAEPAUHDC__@@QAU2@@Z 00405e00 f i Colorpge.obj
 0001:00004e60       ?OnNotify@CPropertyPageMTL@@UAEHIJPAJ@Z 00405e60 f i Colorpge.obj
 0001:00005160       ?OnWizardFinish@CPropertyPageMTL@@UAEHXZ 00406160 f i Colorpge.obj
 0001:000051e0       ?FromHandleWnd@CModuleThreadState@@QAEPAVCWMHnd@@PAUHWND__@@PAV2@0P6APAXPAX2@Z@Z 004061e0 f i Colorpge.obj
 0001:000052b0       ?RemoveHandleDC@CModuleThreadState@@QAEPAUHDC__@@PAU2@@Z 004062b0 f i Colorpge.obj
 0001:00005320       ?GetCModuleState@CWinApp@@SAPAVCModuleState@@XZ 00406320 f i Colorpge.obj
 0001:00005360       ?cModuleState@?1??GetCModuleState@CWinApp@@SAPAVCModuleState@@XZ@$AV2@A 00406360 f i Colorpge.obj
 0001:00005370       ??1CModuleState@@QAE@XZ    00406370 f i Colorpge.obj
 0001:00005400       ?AfxHelpEnabled@@YAHXZ     00406400 f i Colorpge.obj
 0001:00005510       ?PreTranslateMessage@CWnd@@UAEHPAUtagMSG@@@Z 00406510 f i Colorpge.obj
 0001:00005510       ?PreTranslateMessage@CPropertyPageMTL@@UAEHPAUtagMSG@@@Z 00406510 f i Colorpge.obj
 0001:00005560       ?GetRuntimeClass@CMainFrame@@UBEPAUCRuntimeClass@@XZ 00406560 f   Mainfrm.obj
 0001:00005570       ??0CMainFrame@@QAE@XZ      00406570 f   Mainfrm.obj
 0001:00005740       ?_ProcessWindowMessage@CMainFrame@@UAEHPAUHWND__@@IIJAAJ@Z 00406740 f i Mainfrm.obj
 0001:00005830       ??_ECMainFrame@@UAEPAXI@Z  00406830 f i Mainfrm.obj
 0001:00005830       ??_GCMainFrame@@UAEPAXI@Z  00406830 f i Mainfrm.obj
 0001:00005850       ??1CMainFrame@@UAE@XZ      00406850 f   Mainfrm.obj
 0001:00005a90       ?OnCreate@CMainFrame@@QAEHPAUtagCREATESTRUCTW@@@Z 00406a90 f   Mainfrm.obj
 0001:00005d50       ?OnMiniFramePropertySheet@CMainFrame@@QAEXXZ 00406d50 f   Mainfrm.obj
 0001:00005fe0       ?OnUpdateMiniFramePropertySheet@CMainFrame@@QAEXPAVCCmdUI@@@Z 00406fe0 f   Mainfrm.obj
 0001:00006020       ?HideModelessPropSheet@CMainFrame@@QAEXXZ 00407020 f   Mainfrm.obj
 0001:00006040       ?Find@?$CList@PAXPAX@@QBEPAU__POSITION@@PAXPAU2@@Z 00407040 f i Mainfrm.obj
 0001:00006070       ?CenterWindow@CWindow@ATL@@QAEHPAUHWND__@@@Z 00407070 f i Mainfrm.obj
 0001:00006200       ?Find@?$CList@PAVCFrameWnd@@ABQAV1@@@QBEPAU__POSITION@@ABQAVCFrameWnd@@PAU2@@Z 00407200 f i Mainfrm.obj
 0001:00006230       ?RemoveAt@?$CList@PAVCFrameWnd@@ABQAV1@@@QAEXPAU__POSITION@@@Z 00407230 f i Mainfrm.obj
 0001:00006230       ?RemoveAt@?$CList@PAXPAX@@QAEXPAU__POSITION@@@Z 00407230 f i Mainfrm.obj
 0001:00006290       ??4CString@WTL@@QAEAAV01@PBG@Z 00407290 f i Mainfrm.obj
 0001:00006360       ?GetBuffer@CString@WTL@@QAEPAGH@Z 00407360 f i Mainfrm.obj
 0001:00006420       ?ReleaseBuffer@CString@WTL@@QAEXH@Z 00407420 f i Mainfrm.obj
 0001:000064f0       ?_LoadString@CString@WTL@@KGHIPAGI@Z 004074f0 f i Mainfrm.obj
 0001:00006520       ?GetAfxData@CAfx@@SAABU_AUX_DATA@@XZ 00407520 f i Mainfrm.obj
 0001:00006610       ??0CWnd@@QAE@PAUHWND__@@@Z 00407610 f i Mainfrm.obj
 0001:00006650       ??0CControlBar@@QAE@XZ     00407650 f i Mainfrm.obj
 0001:000067a0       ?OnBarStyleChange@CControlBar@@UAEXKK@Z 004077a0 f i Mainfrm.obj
 0001:000067a0       ?OnBeginPrinting@CView@@UAEXPAVCDCMTL@@PAUCPrintInfo@@@Z 004077a0 f i Mainfrm.obj
 0001:000067a0       ?OnEndPrinting@CView@@UAEXPAVCDCMTL@@PAUCPrintInfo@@@Z 004077a0 f i Mainfrm.obj
 0001:000067a0       ?OnActivateFrame@CView@@UAEXIPAVCFrameWnd@@@Z 004077a0 f i Mainfrm.obj
 0001:000067b0       ?WindowProc@CControlBar@@UAEJIIJ@Z 004077b0 f i Mainfrm.obj
 0001:00006a60       ?CalcDynamicLayout@CControlBar@@UAE?AVCSize@WTL@@HK@Z 00407a60 f i Mainfrm.obj
 0001:00006a90       ?CalcFixedLayout@CControlBar@@UAE?AVCSize@WTL@@HH@Z 00407a90 f i Mainfrm.obj
 0001:00006ad0       ?GetDockingFrame@CControlBar@@QAEPAVCFrameWnd@@XZ 00407ad0 f i Mainfrm.obj
 0001:00006c90       ?IsVisible@CControlBar@@UBEHXZ 00407c90 f i Mainfrm.obj
 0001:00006cc0       ?PostNcDestroy@CControlBar@@UAEXXZ 00407cc0 f i Mainfrm.obj
 0001:00006ce0       ?PreCreateWindow@CControlBar@@UAEHAAUtagCREATESTRUCTW@@@Z 00407ce0 f i Mainfrm.obj
 0001:00007050       ??_GCControlBar@@UAEPAXI@Z 00408050 f i Mainfrm.obj
 0001:00007050       ??_ECControlBar@@UAEPAXI@Z 00408050 f i Mainfrm.obj
 0001:00007070       ?_ProcessWindowMessage@CControlBar@@UAEHPAUHWND__@@IIJAAJ@Z 00408070 f i Mainfrm.obj
 0001:000072f0       ?AddTail@?$CList@PAXPAX@@QAEPAU__POSITION@@PAX@Z 004082f0 f i Mainfrm.obj
 0001:00007320       ?OnInitialUpdate@CControlBar@@QAEXXZ 00408320 f i Mainfrm.obj
 0001:00007490       ?OnSizeParent@CControlBar@@QAEJIJ@Z 00408490 f i Mainfrm.obj
 0001:00007720       ?OnBarStyleChange@CStatusBar@@UAEXKK@Z 00408720 f i Mainfrm.obj
 0001:00007750       ?OnUpdateCmdUI@CStatusBar@@UAEXPAVCFrameWnd@@H@Z 00408750 f i Mainfrm.obj
 0001:00007840       ?UpdateDialogControls@CWnd@@QAEXPAVCCmdTarget@@H@Z 00408840 f i Mainfrm.obj
 0001:00007a20       ?OnIdle@CCmdUI@@QAEHPAVCCmdTarget@@H@Z 00408a20 f i Mainfrm.obj
 0001:00007a90       ?Enable@CCmdUI@@UAEXH@Z    00408a90 f i Mainfrm.obj
 0001:00007bd0       ?SetCheck@CCmdUI@@UAEXH@Z  00408bd0 f i Mainfrm.obj
 0001:00007c40       ?SetRadio@CCmdUI@@UAEXH@Z  00408c40 f i Mainfrm.obj
 0001:00007c90       ?SetText@CCmdUI@@UAEXPBG@Z 00408c90 f i Mainfrm.obj
 0001:00007d70       ?CalcFixedLayout@CStatusBar@@UAE?AVCSize@WTL@@HH@Z 00408d70 f i Mainfrm.obj
 0001:00007f60       ??_GCClientDCMTL@@UAEPAXI@Z 00408f60 f i Mainfrm.obj
 0001:00007f60       ??_ECClientDCMTL@@UAEPAXI@Z 00408f60 f i Mainfrm.obj
 0001:00007f80       ??1CClientDCMTL@@UAE@XZ    00408f80 f i Mainfrm.obj
 0001:00008060       ?CalcInsideRect@CControlBar@@QBEXAAVCRect@WTL@@H@Z 00409060 f i Mainfrm.obj
 0001:00008150       ?Create@CStatusBar@@UAEHPAVCWnd@@KI@Z 00409150 f i Mainfrm.obj
 0001:00008170       ?CreateEx@CStatusBar@@UAEHPAVCWnd@@KKI@Z 00409170 f i Mainfrm.obj
 0001:00008230       ?PreCreateWindow@CStatusBar@@UAEHAAUtagCREATESTRUCTW@@@Z 00409230 f i Mainfrm.obj
 0001:00008560       ?SetIndicators@CStatusBar@@QAEHPBIH@Z 00409560 f i Mainfrm.obj
 0001:000088a0       ??1?$CHandleWrapper@VCDCMTL@@PAUHDC__@@V?$CDCT@$00@WTL@@@@UAE@XZ 004098a0 f i Mainfrm.obj
 0001:00008970       ?Empty@CString@WTL@@QAEXXZ 00409970 f i Mainfrm.obj
 0001:00008aa0       ?AssignCopy@CString@WTL@@IAEXHPBG@Z 00409aa0 f i Mainfrm.obj
 0001:00008b60       ??0CDCMTL@@QAE@PAUHDC__@@@Z 00409b60 f i Mainfrm.obj
 0001:00008b90       ?AllocElements@CControlBar@@QAEHHH@Z 00409b90 f i Mainfrm.obj
 0001:00008be0       ?UpdateAllPanes@CStatusBar@@QAEXHH@Z 00409be0 f i Mainfrm.obj
 0001:00008ed0       ?ConstructElements@@YAXPAPAXJ@Z 00409ed0 f i Mainfrm.obj
 0001:00008ed0       ?ConstructElements@@YAXPAHJ@Z 00409ed0 f i Mainfrm.obj
 0001:00008ed0       ?ConstructElements@@YAXPAW4LoadArrayObjType@CArchive@@J@Z 00409ed0 f i Mainfrm.obj
 0001:00008ee0       ??_GCStatusBar@@UAEPAXI@Z  00409ee0 f i Mainfrm.obj
 0001:00008ee0       ??_ECStatusBar@@UAEPAXI@Z  00409ee0 f i Mainfrm.obj
 0001:00008f00       ??1CStatusBar@@UAE@XZ      00409f00 f i Mainfrm.obj
 0001:00009080       ?GetParentFrame@CWnd@@QAEPAVCFrameWnd@@XZ 0040a080 f i Mainfrm.obj
 0001:00009220       ?_ProcessWindowMessage@CStatusBar@@UAEHPAUHWND__@@IIJAAJ@Z 0040a220 f i Mainfrm.obj
 0001:00009530       ?EraseNonClient@CControlBar@@QAEXXZ 0040a530 f i Mainfrm.obj
 0001:000097c0       ?Draw3dRect@?$CDCT@$00@WTL@@QAEXHHHHKK@Z 0040a7c0 f i Mainfrm.obj
 0001:00009920       ??1CWindowDCMTL@@UAE@XZ    0040a920 f i Mainfrm.obj
 0001:00009a00       ??_GCWindowDCMTL@@UAEPAXI@Z 0040aa00 f i Mainfrm.obj
 0001:00009a00       ??_ECWindowDCMTL@@UAEPAXI@Z 0040aa00 f i Mainfrm.obj
 0001:00009a20       ?OnSetMinHeight@CStatusBar@@QAEJIJ@Z 0040aa20 f i Mainfrm.obj
 0001:00009a50       ?CommandToIndex@CStatusBar@@QBEHI@Z 0040aa50 f i Mainfrm.obj
 0001:00009a80       ?SetPaneText@CStatusBar@@QAEHHPBGH@Z 0040aa80 f i Mainfrm.obj
 0001:00009c60       ?Release@CString@WTL@@IAEXXZ 0040ac60 f i Mainfrm.obj
 0001:00009ca0       ?Enable@CStatusCmdUI@@UAEXH@Z 0040aca0 f i Mainfrm.obj
 0001:00009e70       ?SetCheck@CStatusCmdUI@@UAEXH@Z 0040ae70 f i Mainfrm.obj
 0001:0000a030       ?SetText@CStatusCmdUI@@UAEXPBG@Z 0040b030 f i Mainfrm.obj
 0001:0000a1d0       ?AllocBeforeWrite@CString@WTL@@IAEHH@Z 0040b1d0 f i Mainfrm.obj
 0001:0000a270       ?IsFloating@CControlBar@@QBEHXZ 0040b270 f i Mainfrm.obj
 0001:0000a2a0       ?AfxLoadSysColorBitmap@@YAPAUHBITMAP__@@PAUHINSTANCE__@@PAUHRSRC__@@H@Z 0040b2a0 f i Mainfrm.obj
 0001:0000a460       ?OnBarStyleChange@CToolBar@@UAEXKK@Z 0040b460 f i Mainfrm.obj
 0001:0000a4a0       ?OnToolHitTest@CToolBar@@UBEJVCPoint@WTL@@PAUtagTOOLINFOW@@@Z 0040b4a0 f i Mainfrm.obj
 0001:0000a6c0       ??0CRect@WTL@@QAE@XZ       0040b6c0 f i Mainfrm.obj
 0001:0000a6d0       ?OnUpdateCmdUI@CToolBar@@UAEXPAVCFrameWnd@@H@Z 0040b6d0 f i Mainfrm.obj
 0001:0000a860       ?CalcDynamicLayout@CToolBar@@UAE?AVCSize@WTL@@HK@Z 0040b860 f i Mainfrm.obj
 0001:0000a8b0       ?CalcFixedLayout@CToolBar@@UAE?AVCSize@WTL@@HH@Z 0040b8b0 f i Mainfrm.obj
 0001:0000a8e0       ?CalcLayout@CToolBar@@QAE?AVCSize@WTL@@KH@Z 0040b8e0 f i Mainfrm.obj
 0001:0000afb0       ?SetWindowPos@CWMHnd@@QAEHPBV1@HHHHI@Z 0040bfb0 f i Mainfrm.obj
 0001:0000aff0       ?CalcSize@CToolBar@@QAE?AVCSize@WTL@@PAU_TBBUTTON@@H@Z 0040bff0 f i Mainfrm.obj
 0001:0000b200       ?Create@CToolBar@@UAEHPAVCWnd@@KI@Z 0040c200 f i Mainfrm.obj
 0001:0000b250       ?CreateEx@CToolBar@@UAEHPAVCWnd@@KKVCRect@WTL@@I@Z 0040c250 f i Mainfrm.obj
 0001:0000b470       ?Layout@CToolBar@@QAEXXZ   0040c470 f i Mainfrm.obj
 0001:0000b4d0       ?_SetButton@CToolBar@@QAEXHPAU_TBBUTTON@@@Z 0040c4d0 f i Mainfrm.obj
 0001:0000b680       ?SizeToolBar@CToolBar@@QAEXPAU_TBBUTTON@@HHH@Z 0040c680 f i Mainfrm.obj
 0001:0000b9d0       ?WrapToolBar@CToolBar@@QAEHPAU_TBBUTTON@@HH@Z 0040c9d0 f i Mainfrm.obj
 0001:0000bac0       ??_GCToolBar@@UAEPAXI@Z    0040cac0 f i Mainfrm.obj
 0001:0000bac0       ??_ECToolBar@@UAEPAXI@Z    0040cac0 f i Mainfrm.obj
 0001:0000bae0       ??1CToolBar@@UAE@XZ        0040cae0 f i Mainfrm.obj
 0001:0000bc60       ?_ProcessWindowMessage@CToolBar@@UAEHPAUHWND__@@IIJAAJ@Z 0040cc60 f i Mainfrm.obj
 0001:0000c180       ?OnLButtonDown@CControlBar@@QAEXIVCPoint@WTL@@@Z 0040d180 f i Mainfrm.obj
 0001:0000c1f0       ?OnLButtonDblClk@CControlBar@@QAEXIVCPoint@WTL@@@Z 0040d1f0 f i Mainfrm.obj
 0001:0000c3c0       ?GetNext@?$CList@PAXPAX@@QBEABQAXAAPAU__POSITION@@@Z 0040d3c0 f i Mainfrm.obj
 0001:0000c3c0       ?GetNext@?$CList@V?$CPair@PAXPAX@@ABV1@@@QBEABV?$CPair@PAXPAX@@AAPAU__POSITION@@@Z 0040d3c0 f i Mainfrm.obj
 0001:0000c3e0       ?OnPreserveSizingPolicyHelper@CToolBar@@QAEJIJ@Z 0040d3e0 f i Mainfrm.obj
 0001:0000c6f0       ?_AfxModifyStyle@CWMHnd@@SAHPAUHWND__@@HKKI@Z 0040d6f0 f i Mainfrm.obj
 0001:0000c750       ?ModifyStyle@CWMHnd@@QAEHKKI@Z 0040d750 f i Mainfrm.obj
 0001:0000c7b0       ?OnPreserveZeroBorderHelper@CToolBar@@QAEJIJ@Z 0040d7b0 f i Mainfrm.obj
 0001:0000c870       ?OnSetButtonSize@CToolBar@@QAEJIJ@Z 0040d870 f i Mainfrm.obj
 0001:0000c940       ?OnSetBitmapSize@CToolBar@@QAEJIJ@Z 0040d940 f i Mainfrm.obj
 0001:0000ca10       ?DrawBorders@CControlBar@@QAEXPAVCDCMTL@@AAVCRect@WTL@@@Z 0040da10 f i Mainfrm.obj
 0001:0000ce30       ?FillSolidRect@?$CDCT@$00@WTL@@QAEXPBUtagRECT@@K@Z 0040de30 f i Mainfrm.obj
 0001:0000ce80       ?Enable@CToolCmdUI@@UAEXH@Z 0040de80 f i Mainfrm.obj
 0001:0000d0b0       ?SetCheck@CToolCmdUI@@UAEXH@Z 0040e0b0 f i Mainfrm.obj
 0001:0000d2e0       ?SetText@CToolCmdUI@@UAEXPBG@Z 0040e2e0 f i Mainfrm.obj
 0001:0000d2e0       ?RegisterShellFileTypes@CDocManager@@UAEXH@Z 0040e2e0 f i Mainfrm.obj
 0001:0000d2e0       ?OnFinalMessage@?$CWindowImplBaseT@VCWindow@ATL@@V?$CWinTraits@$0FGAAAAAA@$0A@@2@@ATL@@UAEXPAUHWND__@@@Z 0040e2e0 f i Mainfrm.obj
 0001:0000d2e0       ?SetText@CTestCmdUI@@UAEXPBG@Z 0040e2e0 f i Mainfrm.obj
 0001:0000d2e0       ?OnDocumentEvent@CDocument@@UAEXW4DocumentEvent@1@@Z 0040e2e0 f i Mainfrm.obj
 0001:0000d2e0       ?OnDraw@CView@@UAEXPAVCDCMTL@@@Z 0040e2e0 f i Mainfrm.obj
 0001:0000d2e0       ?PreCloseFrame@CDocument@@UAEXPAVCFrameWnd@@@Z 0040e2e0 f i Mainfrm.obj
 0001:0000d2e0       ?SetRadio@CTestCmdUI@@UAEXH@Z 0040e2e0 f i Mainfrm.obj
 0001:0000d2e0       ?SetCheck@CTestCmdUI@@UAEXH@Z 0040e2e0 f i Mainfrm.obj
 0001:0000d2e0       ?Serialize@CObject@@UAEXAAVCArchive@@@Z 0040e2e0 f i Mainfrm.obj
 0001:0000d2e0       ?DoDataExchange@CWMHnd@@UAEXPAVCDataExchange@@@Z 0040e2e0 f i Mainfrm.obj
 0001:0000d2f0       ?OnCreateClient@CFrameWnd@@UAEHPAUtagCREATESTRUCTW@@PAUCCreateContext@@@Z 0040e2f0 f i Mainfrm.obj
 0001:0000d3b0       ?ActivateFrame@CFrameWnd@@UAEXH@Z 0040e3b0 f i Mainfrm.obj
 0001:0000d450       ?Create@CFrameWnd@@UAEHPBG0KABUtagRECT@@PAVCWnd@@0KPAUCCreateContext@@@Z 0040e450 f i Mainfrm.obj
 0001:0000d5a0       ?GetActiveFrame@CFrameWnd@@UAEPAV1@XZ 0040e5a0 f i Mainfrm.obj
 0001:0000d5b0       ?IsFrameWnd@CFrameWnd@@UAEHXZ 0040e5b0 f i Mainfrm.obj
 0001:0000d5b0       ?OnQueryCancel@CPropertyPageMTL@@UAEHXZ 0040e5b0 f i Mainfrm.obj
 0001:0000d5b0       ?InitInstance@CWinApp@@UAEHXZ 0040e5b0 f i Mainfrm.obj
 0001:0000d5c0       ?LoadFrame@CFrameWnd@@UAEHIKPAVCWnd@@PAUCCreateContext@@@Z 0040e5c0 f i Mainfrm.obj
 0001:0000d920       ?AfxExtractSubString@CAfx@@SAHAAVCString@WTL@@PBGHG@Z 0040e920 f i Mainfrm.obj
 0001:0000db40       ?AfxRegisterWndClass@CAfx@@SAPBGIPAUHICON__@@PAUHBRUSH__@@0@Z 0040eb40 f i Mainfrm.obj
 0001:0000de30       ?SendMessageToDescendants@CWnd@@QAEXPAUHWND__@@IIJHH@Z 0040ee30 f i Mainfrm.obj
 0001:0000df40       ?PostNcDestroy@CFrameWnd@@UAEXXZ 0040ef40 f i Mainfrm.obj
 0001:0000df40       ?PostNcDestroy@CView@@UAEXXZ 0040ef40 f i Mainfrm.obj
 0001:0000df50       ?PreCreateWindow@CFrameWnd@@UAEHAAUtagCREATESTRUCTW@@@Z 0040ef50 f i Mainfrm.obj
 0001:0000e2a0       ?PreTranslateMessage@CFrameWnd@@UAEHPAUtagMSG@@@Z 0040f2a0 f i Mainfrm.obj
 0001:0000e330       ?RecalcLayout@CFrameWnd@@UAEXH@Z 0040f330 f i Mainfrm.obj
 0001:0000e4c0       ?RepositionBars@CWnd@@QAEXIIIIPAUtagRECT@@PBU2@H@Z 0040f4c0 f i Mainfrm.obj
 0001:0000e800       ?ReDockControlBar@CFrameWnd@@QAEXPAVCControlBar@@PAVCDockBar@@PBUtagRECT@@@Z 0040f800 f i Mainfrm.obj
 0001:0000e910       ??_ECFrameWnd@@UAEPAXI@Z   0040f910 f i Mainfrm.obj
 0001:0000e910       ??_GCFrameWnd@@UAEPAXI@Z   0040f910 f i Mainfrm.obj
 0001:0000e930       ??1CFrameWnd@@UAE@XZ       0040f930 f i Mainfrm.obj
 0001:0000eb40       ?_ProcessWindowMessage@CFrameWnd@@UAEHPAUHWND__@@IIJAAJ@Z 0040fb40 f i Mainfrm.obj
 0001:0000f9d0       ?PostMessageW@CWindow@ATL@@QAEHIIJ@Z 004109d0 f i Mainfrm.obj
 0001:0000f9f0       ?DestroyMenu@?$CMenuT@$00@WTL@@QAEHXZ 004109f0 f i Mainfrm.obj
 0001:0000fa10       ?GetTopLevelParent@CWnd@@QAEPAV1@XZ 00410a10 f i Mainfrm.obj
 0001:0000fb80       ?GetDescendantWindow@CWnd@@QAEPAV1@HH@Z 00410b80 f i Mainfrm.obj
 0001:0000fd00       ?GetDescendantWindow@CWnd@@QAEPAV1@PAUHWND__@@HH@Z 00410d00 f i Mainfrm.obj
 0001:0000fe80       ?OnBarCheck@CFrameWnd@@QAEHI@Z 00410e80 f i Mainfrm.obj
 0001:00010030       ?OnUpdateControlBarMenu@CFrameWnd@@QAEXPAVCCmdUI@@@Z 00411030 f i Mainfrm.obj
 0001:000100a0       ?OnIdleUpdateCmdUI@CFrameWnd@@QAEXXZ 004110a0 f i Mainfrm.obj
 0001:00010130       ?OnPopMessageString@CFrameWnd@@QAEJIJ@Z 00411130 f i Mainfrm.obj
 0001:00010160       ?OnSetMessageString@CFrameWnd@@QAEJIJ@Z 00411160 f i Mainfrm.obj
 0001:00010330       ?CopyBeforeWrite@CString@WTL@@IAEXXZ 00411330 f i Mainfrm.obj
 0001:000103e0       ?AfxLoadString@CAfx@@SAHIPAGI@Z 004113e0 f i Mainfrm.obj
 0001:000104a0       ?OnToolTipText@CFrameWnd@@QAEHIPAUtagNMHDR@@PAJ@Z 004114a0 f i Mainfrm.obj
 0001:000106f0       ?GetBufferSetLength@CString@WTL@@QAEPAGH@Z 004116f0 f i Mainfrm.obj
 0001:000107c0       ?AtlGetStringResourceImage@CAfx@@SAPBUATLSTRINGRESOURCEIMAGE@@PAUHINSTANCE__@@I@Z 004117c0 f i Mainfrm.obj
 0001:00010850       ?OnUpdateKeyIndicator@CFrameWnd@@QAEXPAVCCmdUI@@@Z 00411850 f i Mainfrm.obj
 0001:000108c0       ?DestroyDockBars@CFrameWnd@@QAEXXZ 004118c0 f i Mainfrm.obj
 0001:00010aa0       ?SetMenuBarState@CFrameWnd@@QAEHK@Z 00411aa0 f i Mainfrm.obj
 0001:00010b10       ?FloatControlBar@CFrameWnd@@QAEXPAVCControlBar@@VCPoint@WTL@@K@Z 00411b10 f i Mainfrm.obj
 0001:00010cc0       ?Create@CMiniDockFrameWnd@@QAEHPAVCWnd@@K@Z 00411cc0 f i Mainfrm.obj
 0001:00011030       ?FromHandle@?$CHandleList@PAUHMENU__@@VCMenuMTL@@PAUHWND__@@@@QAEPAVCMenuMTL@@QAUHMENU__@@PAV2@QAUHWND__@@Q6APAXPAX3@Z@Z 00412030 f i Mainfrm.obj
 0001:00011030       ?FromHandle@?$CHandleList@PAXVCGdiObject@@PAUHWND__@@@@QAEPAVCGdiObject@@QAXPAV2@QAUHWND__@@Q6APAXPAX3@Z@Z 00412030 f i Mainfrm.obj
 0001:000110b0       ?ToggleDocking@CDockContext@@QAEXXZ 004120b0 f i Mainfrm.obj
 0001:000112c0       ?GetControlBar@CFrameWnd@@QAEPAVCControlBar@@I@Z 004122c0 f i Mainfrm.obj
 0001:00011310       ?OnIdleUpdateCmdUI@CControlBar@@QAEJIJ@Z 00412310 f i Mainfrm.obj
 0001:00011540       ?DestroyWindow@CControlBar@@UAEHXZ 00412540 f i Mainfrm.obj
 0001:00011620       ?DockControlBar@CDockBar@@QAEXPAVCControlBar@@PBUtagRECT@@@Z 00412620 f i Mainfrm.obj
 0001:00011b20       ?RemoveAt@?$CArray@PAXABQAX@@QAEXJJ@Z 00412b20 f i Mainfrm.obj
 0001:00011b60       ?SetAtGrow@?$CArray@PAXABQAX@@QAEXJABQAX@Z 00412b60 f i Mainfrm.obj
 0001:00011ca0       ?Size@CRect@WTL@@QBE?AVCSize@2@XZ 00412ca0 f i Mainfrm.obj
 0001:00011cc0       ?AfxSetWindowText@CAfx@@SAXPAUHWND__@@PBG@Z 00412cc0 f i Mainfrm.obj
 0001:00011d40       ?ScreenToClient@CWMHnd@@QBEXPAUtagRECT@@@Z 00412d40 f i Mainfrm.obj
 0001:00011d70       ?FindBar@CDockBar@@QAEHPAVCControlBar@@H@Z 00412d70 f i Mainfrm.obj
 0001:00011da0       ?GetDockedControlBar@CDockBar@@QBEPAVCControlBar@@H@Z 00412da0 f i Mainfrm.obj
 0001:00011dc0       ?ReDockControlBar@CDockBar@@QAEXPAVCControlBar@@PBUtagRECT@@@Z 00412dc0 f i Mainfrm.obj
 0001:00012240       ?RemoveControlBar@CDockBar@@QAEHPAVCControlBar@@HH@Z 00413240 f i Mainfrm.obj
 0001:00012470       ?OnSetPreviewMode@CFrameWnd@@UAEXHPAUCPrintPreviewState@@@Z 00413470 f i Mainfrm.obj
 0001:000128d0       ?AfxGetParentOwner@CWnd@@SAPAUHWND__@@PAU2@@Z 004138d0 f i Mainfrm.obj
 0001:00012970       ?GetOwner@CWnd@@QAEPAV1@XZ 00413970 f i Mainfrm.obj
 0001:00012ab0       ?OnCloseDocument@CDocument@@QAEXXZ 00413ab0 f i Mainfrm.obj
 0001:00012b90       ?GetDefaultAccelerator@CFrameWnd@@UAEPAUHACCEL__@@XZ 00413b90 f i Mainfrm.obj
 0001:00012bb0       ?OnUpdateFrameMenu@CFrameWnd@@UAEXPAUHMENU__@@@Z 00413bb0 f i Mainfrm.obj
 0001:00012bf0       ?OnUpdateFrameTitle@CFrameWnd@@UAEXH@Z 00413bf0 f i Mainfrm.obj
 0001:00012c40       ?UpdateFrameTitleForDocument@CFrameWnd@@QAEXPBG@Z 00413c40 f i Mainfrm.obj
 0001:00012e40       ??1CDocument@@QAE@XZ       00413e40 f i Mainfrm.obj
 0001:00012f40       ?DefWindowProcW@CMDIFrameWnd@@UAEJIIJ@Z 00413f40 f i Mainfrm.obj
 0001:00012f70       ?OnCreateClient@CMDIFrameWnd@@UAEHPAUtagCREATESTRUCTW@@PAUCCreateContext@@@Z 00413f70 f i Mainfrm.obj
 0001:00013030       ?CreateClient@CMDIFrameWnd@@UAEHPAUtagCREATESTRUCTW@@PAVCMenuMTL@@@Z 00414030 f i Mainfrm.obj
 0001:00013100       ?DelayUpdateFrameMenu@CMDIFrameWnd@@UAEXPAUHMENU__@@@Z 00414100 f i Mainfrm.obj
 0001:00013130       ?GetActiveFrame@CMDIFrameWnd@@UAEPAVCFrameWnd@@XZ 00414130 f i Mainfrm.obj
 0001:00013230       ?GetWindowMenuPopup@CMDIFrameWnd@@UAEPAUHMENU__@@PAU2@@Z 00414230 f i Mainfrm.obj
 0001:000132b0       ?LoadFrame@CMDIFrameWnd@@UAEHIKPAVCWnd@@PAUCCreateContext@@@Z 004142b0 f i Mainfrm.obj
 0001:000132f0       ?PreCreateWindow@CMDIFrameWnd@@UAEHAAUtagCREATESTRUCTW@@@Z 004142f0 f i Mainfrm.obj
 0001:00013630       ??_ECMDIFrameWnd@@UAEPAXI@Z 00414630 f i Mainfrm.obj
 0001:00013630       ??_GCMDIFrameWnd@@UAEPAXI@Z 00414630 f i Mainfrm.obj
 0001:00013650       ??1CMDIFrameWnd@@UAE@XZ    00414650 f i Mainfrm.obj
 0001:00013800       ?_ProcessWindowMessage@CMDIFrameWnd@@UAEHPAUHWND__@@IIJAAJ@Z 00414800 f i Mainfrm.obj
 0001:00013bf0       ?OnIdleUpdateCmdUI@CMDIFrameWnd@@QAEXXZ 00414bf0 f i Mainfrm.obj
 0001:00013ca0       ?OnMDIWindowCmd@CMDIFrameWnd@@QAEHI@Z 00414ca0 f i Mainfrm.obj
 0001:00013d00       ?OnUpdateMDIWindowCmd@CMDIFrameWnd@@QAEXPAVCCmdUI@@@Z 00414d00 f i Mainfrm.obj
 0001:00013e00       ?OnCommand@CMDIFrameWnd@@UAEHIJ@Z 00414e00 f i Mainfrm.obj
 0001:00013fc0       ?OnCmdMsg@CMDIFrameWnd@@UAEHIHPAXPAUAFX_CMDHANDLERINFO@@@Z 00414fc0 f i Mainfrm.obj
 0001:00014190       ?OnWindowNew@CMDIFrameWnd@@QAEXXZ 00415190 f i Mainfrm.obj
 0001:00014240       ?PreTranslateMessage@CMDIFrameWnd@@UAEHPAUtagMSG@@@Z 00415240 f i Mainfrm.obj
 0001:00014370       ?RemoveHandleWnd@CModuleThreadState@@QAEPAUHWND__@@PAU2@@Z 00415370 f i Mainfrm.obj
 0001:000145e0       ?FromHandleMenu@CModuleThreadState@@QAEPAVCMenuMTL@@PAUHMENU__@@PAV2@PAUHWND__@@P6APAXPAX3@Z@Z 004155e0 f i Mainfrm.obj
 0001:00014670       ?RemoveHandleMenu@CModuleThreadState@@QAEPAUHMENU__@@PAU2@@Z 00415670 f i Mainfrm.obj
 0001:000146e0       ?CloseAllDocuments@CWinApp@@QAEXH@Z 004156e0 f i Mainfrm.obj
 0001:00014840       ?HideApplication@CWinApp@@QAEXXZ 00415840 f i Mainfrm.obj
 0001:00014890       ?SaveAllModified@CWinApp@@QAEHXZ 00415890 f i Mainfrm.obj
 0001:00014900       ?FromHandle@CWnd@@SAPAV1@PAUHWND__@@PAV1@0P6APAXPAX2@Z@Z 00415900 f i Mainfrm.obj
 0001:000149d0       ?AfxMessageBox@@YAHIII@Z   004159d0 f i Mainfrm.obj
 0001:00014bd0       ?GetSafeOwner_@CWnd@@SAPAUHWND__@@PAU2@PAPAU2@@Z 00415bd0 f i Mainfrm.obj
 0001:00014d30       ??1CControlBar@@UAE@XZ     00415d30 f i Mainfrm.obj
 0001:00014ef0       ?OnDestroy@CControlBar@@QAEXXZ 00415ef0 f i Mainfrm.obj
 0001:00014fa0       ?OnTimer@CControlBar@@QAEXK@Z 00415fa0 f i Mainfrm.obj
 0001:00015280       ?PreTranslateMessage@CControlBar@@UAEHPAUtagMSG@@@Z 00416280 f i Mainfrm.obj
 0001:00015620       ?SetStatusText@CControlBar@@UAEHJ@Z 00416620 f i Mainfrm.obj
 0001:00015740       ?OnCmdMsg@CFrameWnd@@UAEHIHPAXPAUAFX_CMDHANDLERINFO@@@Z 00416740 f i Mainfrm.obj
 0001:000158a0       ?AddFrameWnd@CFrameWnd@@QAEXXZ 004168a0 f i Mainfrm.obj
 0001:00015910       ?NewNode@?$CList@PAUCRuntimeClass@@ABQAU1@@@QAEPAUCNode@1@PAU21@0@Z 00416910 f i Mainfrm.obj
 0001:00015910       ?NewNode@?$CList@PAXPAX@@QAEPAUCNode@1@PAU21@0@Z 00416910 f i Mainfrm.obj
 0001:00015910       ?NewNode@?$CList@PAUHWND__@@PAU1@@@QAEPAUCNode@1@PAU21@0@Z 00416910 f i Mainfrm.obj
 0001:00015910       ?NewNode@?$CList@PAVCObject@@ABQAV1@@@QAEPAUCNode@1@PAU21@0@Z 00416910 f i Mainfrm.obj
 0001:00015910       ?NewNode@?$CList@PAVCFrameWnd@@ABQAV1@@@QAEPAUCNode@1@PAU21@0@Z 00416910 f i Mainfrm.obj
 0001:00015950       ?_EnableToolTips@CWnd@@QAEHHI@Z 00416950 f i Mainfrm.obj
 0001:00015a90       ?_FilterToolTipMessage@CWnd@@SAXPAUtagMSG@@PAV1@@Z 00416a90 f i Mainfrm.obj
 0001:00015aa0       ?FilterToolTipMessage@CWnd@@QAEXPAUtagMSG@@@Z 00416aa0 f i Mainfrm.obj
 0001:000162e0       ??_ECToolTipCtrlMTL@@UAEPAXI@Z 004172e0 f i Mainfrm.obj
 0001:000162e0       ??_GCToolTipCtrlMTL@@UAEPAXI@Z 004172e0 f i Mainfrm.obj
 0001:00016300       ??1CToolTipCtrlMTL@@UAE@XZ 00417300 f i Mainfrm.obj
 0001:000164f0       ??0CShapePropSheetFrame@@QAE@XZ 004174f0 f   Minifrm.obj
 0001:00016640       ?_ProcessWindowMessage@CShapePropSheetFrame@@UAEHPAUHWND__@@IIJAAJ@Z 00417640 f i Minifrm.obj
 0001:00016970       ??_GCShapePropSheetFrame@@UAEPAXI@Z 00417970 f i Minifrm.obj
 0001:00016970       ??_ECShapePropSheetFrame@@UAEPAXI@Z 00417970 f i Minifrm.obj
 0001:00016990       ??1CShapePropSheetFrame@@UAE@XZ 00417990 f i Minifrm.obj
 0001:00016b50       ?OnCreate@CShapePropSheetFrame@@IAEHPAUtagCREATESTRUCTW@@@Z 00417b50 f   Minifrm.obj
 0001:00016cd0       ?OnClose@CShapePropSheetFrame@@IAEXXZ 00417cd0 f   Minifrm.obj
 0001:00016db0       ?OnSetFocus@CShapePropSheetFrame@@IAEXPAVCWnd@@@Z 00417db0 f   Minifrm.obj
 0001:00016dd0       ?OnActivate@CShapePropSheetFrame@@IAEXIPAVCWnd@@H@Z 00417dd0 f   Minifrm.obj
 0001:00016e20       ?OnCreateHelper@CFrameWnd@@QAEHPAUtagCREATESTRUCTW@@PAUCCreateContext@@@Z 00417e20 f i Minifrm.obj
 0001:00016e90       ?OnFloatStatus@CMiniFrameWnd@@QAEJIJ@Z 00417e90 f i Minifrm.obj
 0001:00016f80       ?OnNcActivate@CMiniFrameWnd@@QAEHH@Z 00417f80 f i Minifrm.obj
 0001:00016fd0       ?OnNcCreate@CMiniFrameWnd@@QAEHPAUtagCREATESTRUCTW@@@Z 00417fd0 f i Minifrm.obj
 0001:00017130       ?OnNcHitTest@CMiniFrameWnd@@QAEJVCPoint@WTL@@@Z 00418130 f i Minifrm.obj
 0001:000172d0       ?OnQueryCenterWnd@CMiniFrameWnd@@QAEJIJ@Z 004182d0 f i Minifrm.obj
 0001:00017300       ?OnSysCommand@CMiniFrameWnd@@QAEXIJ@Z 00418300 f i Minifrm.obj
 0001:000175b0       ?Create@CMiniFrameWnd@@UAEHPBG0KABUtagRECT@@PAVCWnd@@I@Z 004185b0 f i Minifrm.obj
 0001:000175e0       ?CreateEx@CMiniFrameWnd@@UAEHKPBG0KABUtagRECT@@PAVCWnd@@I@Z 004185e0 f i Minifrm.obj
 0001:00017890       ?PreCreateWindow@CMiniFrameWnd@@UAEHAAUtagCREATESTRUCTW@@@Z 00418890 f i Minifrm.obj
 0001:00017bc0       ??_ECMiniFrameWnd@@UAEPAXI@Z 00418bc0 f i Minifrm.obj
 0001:00017bc0       ??_GCMiniFrameWnd@@UAEPAXI@Z 00418bc0 f i Minifrm.obj
 0001:00017be0       ??1CMiniFrameWnd@@UAE@XZ   00418be0 f i Minifrm.obj
 0001:00017da0       ?_ProcessWindowMessage@CMiniFrameWnd@@UAEHPAUHWND__@@IIJAAJ@Z 00418da0 f i Minifrm.obj
 0001:00018270       ?HandleFloatingSysCommand@CWnd@@QAEHIJ@Z 00419270 f i Minifrm.obj
 0001:000184e0       ??0CShapePreviewWnd@@AAE@XZ 004194e0 f   Preview.obj
 0001:00018510       ?_ProcessWindowMessage@CShapePreviewWnd@@UAEHPAUHWND__@@IIJAAJ@Z 00419510 f i Preview.obj
 0001:00018740       ??_GCShapePreviewWnd@@UAEPAXI@Z 00419740 f i Preview.obj
 0001:00018740       ??_ECShapePreviewWnd@@UAEPAXI@Z 00419740 f i Preview.obj
 0001:00018760       ??1CShapePreviewWnd@@UAE@XZ 00419760 f i Preview.obj
 0001:00018980       ?OnPaint@CShapePreviewWnd@@AAEXXZ 00419980 f   Preview.obj
 0001:00018b30       ?OnEraseBkgnd@CShapePreviewWnd@@AAEHPAVCDCMTL@@@Z 00419b30 f   Preview.obj
 0001:00018c40       ?classHandleFuncCBrushMTL@CBrushMTL@@SAPAXPAX0@Z 00419c40 f i Preview.obj
 0001:00018c80       ??_GCBrushMTL@@UAEPAXI@Z   00419c80 f i Preview.obj
 0001:00018c80       ??_ECBrushMTL@@UAEPAXI@Z   00419c80 f i Preview.obj
 0001:00018ca0       ??1CBrushMTL@@UAE@XZ       00419ca0 f i Preview.obj
 0001:00018d70       ??1CPaintDCMTL@@UAE@XZ     00419d70 f i Preview.obj
 0001:00018e50       ??_GCPaintDCMTL@@UAEPAXI@Z 00419e50 f i Preview.obj
 0001:00018e50       ??_ECPaintDCMTL@@UAEPAXI@Z 00419e50 f i Preview.obj
 0001:00018e70       ?SendChildNotifyLastMsg@CWnd@@QAEHPAJ@Z 00419e70 f i Preview.obj
 0001:00018ea0       ?OnNcDestroy@CWnd@@QAEXXZ  00419ea0 f i Preview.obj
 0001:00019130       ??0CPropDlgApp@@QAE@XZ     0041a130 f   Propdlg.obj
 0001:000192e0       ?_ProcessWindowMessage@CPropDlgApp@@UAEHPAUHWND__@@IIJAAJ@Z 0041a2e0 f i Propdlg.obj
 0001:00019520       ??1CPropDlgApp@@QAE@XZ     0041a520 f i Propdlg.obj
 0001:000196c0       ?InitInstance@CPropDlgApp@@UAEHXZ 0041a6c0 f   Propdlg.obj
 0001:00019a30       ??0CAboutDlg@@QAE@XZ       0041aa30 f   Propdlg.obj
 0001:00019a70       ??_ECAboutDlg@@UAEPAXI@Z   0041aa70 f i Propdlg.obj
 0001:00019a70       ??_GCAboutDlg@@UAEPAXI@Z   0041aa70 f i Propdlg.obj
 0001:00019a90       ??1CAboutDlg@@UAE@XZ       0041aa90 f i Propdlg.obj
 0001:00019cb0       ?DoDataExchange@CAboutDlg@@MAEXPAVCDataExchange@@@Z 0041acb0 f   Propdlg.obj
 0001:00019cc0       ?OnAppAbout@CPropDlgApp@@QAEXXZ 0041acc0 f   Propdlg.obj
 0001:00019f10       ??1?$CList@PAUCRuntimeClass@@ABQAU1@@@QAE@XZ 0041af10 f i Propdlg.obj
 0001:00019f10       ??1?$CList@PAVCFrameWnd@@ABQAV1@@@QAE@XZ 0041af10 f i Propdlg.obj
 0001:00019f10       ??1?$CTypedPtrList@V?$CList@PAVCObject@@ABQAV1@@@PAVCShape@@@@QAE@XZ 0041af10 f i Propdlg.obj
 0001:00019f10       ??1?$CList@PAXPAX@@QAE@XZ  0041af10 f i Propdlg.obj
 0001:00019f10       ??1?$CList@PAUHWND__@@PAU1@@@QAE@XZ 0041af10 f i Propdlg.obj
 0001:00019f30       ??1?$CHandleHashList@PAUHWND__@@VCWMHnd@@PAU1@$0BB@@@QAE@XZ 0041af30 f i Propdlg.obj
 0001:00019f40       ??_9@$BBE@AE               0041af40 f i Propdlg.obj
 0001:00019f50       ??_9@$BBI@AE               0041af50 f i Propdlg.obj
 0001:00019f60       ??0CString@WTL@@QAE@PBG@Z  0041af60 f i Propdlg.obj
 0001:0001a0f0       ?AfxGetModuleFileName@CAfx@@SAXPAUHINSTANCE__@@AAVCString@WTL@@@Z 0041b0f0 f i Propdlg.obj
 0001:0001a250       ?ParseParam@CCommandLineInfo@@UAEXPBGHH@Z 0041b250 f i Propdlg.obj
 0001:0001a360       ??0CRecentFileList@@QAE@IPBG0HH@Z 0041b360 f i Propdlg.obj
 0001:0001a550       ??0CString@WTL@@QAE@XZ     0041b550 f i Propdlg.obj
 0001:0001a560       ?Add@CRecentFileList@@UAEXPBG@Z 0041b560 f i Propdlg.obj
 0001:0001a7a0       ?_AfxFullPath2@CAfx@@SAHPAGPBGPAVCFileException@@@Z 0041b7a0 f i Propdlg.obj
 0001:0001a9f0       ?GetDisplayName@CRecentFileList@@UBEHAAVCString@WTL@@HPBGHH@Z 0041b9f0 f i Propdlg.obj
 0001:0001ace0       ?_AfxAbbreviateName@CAfx@@SAXPAGHH@Z 0041bce0 f i Propdlg.obj
 0001:0001ade0       ?AfxComparePath@CAfx@@SAHPBG0@Z 0041bde0 f i Propdlg.obj
 0001:0001aec0       ?AfxGetFileName@CAfx@@SAIPBGPAGI@Z 0041bec0 f i Propdlg.obj
 0001:0001aef0       ?Remove@CRecentFileList@@UAEXH@Z 0041bef0 f i Propdlg.obj
 0001:0001b120       ??_GCRecentFileList@@UAEPAXI@Z 0041c120 f i Propdlg.obj
 0001:0001b120       ??_ECRecentFileList@@UAEPAXI@Z 0041c120 f i Propdlg.obj
 0001:0001b140       ??1CRecentFileList@@UAE@XZ 0041c140 f i Propdlg.obj
 0001:0001b240       ??0CDocTemplate@@QAE@IPAUCRuntimeClass@@00@Z 0041c240 f i Propdlg.obj
 0001:0001b480       ?CreateNewDocument@CDocTemplate@@UAEPAVCDocument@@XZ 0041c480 f i Propdlg.obj
 0001:0001b4b0       ?CreateNewFrame@CDocTemplate@@UAEPAVCFrameWnd@@PAVCDocument@@PAV2@@Z 0041c4b0 f i Propdlg.obj
 0001:0001b540       ?GetDocString@CDocTemplate@@UBEHAAVCString@WTL@@W4DocStringIndex@1@@Z 0041c540 f i Propdlg.obj
 0001:0001b740       ?InitialUpdateFrame@CDocTemplate@@UAEXPAVCFrameWnd@@PAVCDocument@@H@Z 0041c740 f i Propdlg.obj
 0001:0001b840       ?UpdateFrameCounts@CDocument@@QAEXXZ 0041c840 f i Propdlg.obj
 0001:0001bab0       ?MatchDocType@CDocTemplate@@UAE?AW4Confidence@1@PBGAAPAVCDocument@@@Z 0041cab0 f i Propdlg.obj
 0001:0001bcc0       ??1CDocTemplate@@QAE@XZ    0041ccc0 f i Propdlg.obj
 0001:0001bd00       ?OnFileNew@CDocManager@@UAEXXZ 0041cd00 f i Propdlg.obj
 0001:0001bf60       ?OnInitDialog@CNewTypeDlg@@UAEHXZ 0041cf60 f i Propdlg.obj
 0001:0001c260       ?UpdateData@CWMHnd@@QAEHH@Z 0041d260 f i Propdlg.obj
 0001:0001c2b0       ?OnOK@CNewTypeDlg@@UAEXXZ  0041d2b0 f i Propdlg.obj
 0001:0001c380       ??_ECNewTypeDlg@@UAEPAXI@Z 0041d380 f i Propdlg.obj
 0001:0001c380       ??_GCNewTypeDlg@@UAEPAXI@Z 0041d380 f i Propdlg.obj
 0001:0001c3a0       ??1CNewTypeDlg@@UAE@XZ     0041d3a0 f i Propdlg.obj
 0001:0001c5c0       ?_ProcessWindowMessage@CNewTypeDlg@@UAEHPAUHWND__@@IIJAAJ@Z 0041d5c0 f i Propdlg.obj
 0001:0001c690       ?AddDocTemplate@CDocManager@@QAEXPAVCDocTemplate@@@Z 0041d690 f i Propdlg.obj
 0001:0001c6d0       ?GetFirstDocTemplatePosition@CDocManager@@UBEPAU__POSITION@@XZ 0041d6d0 f i Propdlg.obj
 0001:0001c6e0       ?AddDocument@CMultiDocTemplate@@UAEXPAVCDocument@@@Z 0041d6e0 f i Propdlg.obj
 0001:0001c720       ?GetFirstDocPosition@CMultiDocTemplate@@UBEPAU__POSITION@@XZ 0041d720 f i Propdlg.obj
 0001:0001c730       ?GetNextDocTemplate@CDocManager@@UBEPAVCDocTemplate@@AAPAU__POSITION@@@Z 0041d730 f i Propdlg.obj
 0001:0001c730       ?GetNextDoc@CMultiDocTemplate@@UBEPAVCDocument@@AAPAU__POSITION@@@Z 0041d730 f i Propdlg.obj
 0001:0001c750       ?LoadTemplate@CMultiDocTemplate@@UAEXXZ 0041d750 f i Propdlg.obj
 0001:0001c8c0       ?OpenDocumentFile@CMultiDocTemplate@@UAEPAVCDocument@@PBGH@Z 0041d8c0 f i Propdlg.obj
 0001:0001c8e0       ?RemoveDocument@CMultiDocTemplate@@UAEXPAVCDocument@@@Z 0041d8e0 f i Propdlg.obj
 0001:0001c960       ?SetDefaultTitle@CMultiDocTemplate@@UAEXPAVCDocument@@@Z 0041d960 f i Propdlg.obj
 0001:0001cbb0       ?ConcatCopy@CString@WTL@@IAEHHPBGH0@Z 0041dbb0 f i Propdlg.obj
 0001:0001cc90       ??_GCMultiDocTemplate@@UAEPAXI@Z 0041dc90 f i Propdlg.obj
 0001:0001cc90       ??_ECMultiDocTemplate@@UAEPAXI@Z 0041dc90 f i Propdlg.obj
 0001:0001ccb0       ??1CMultiDocTemplate@@UAE@XZ 0041dcb0 f i Propdlg.obj
 0001:0001cd60       ??1CWinThread@@QAE@XZ      0041dd60 f i Propdlg.obj
 0001:0001cd80       ?OnAppExit@CWinApp@@QAEXXZ 0041dd80 f i Propdlg.obj
 0001:0001cda0       ?OnFilePrintSetup@CWinApp@@QAEXXZ 0041dda0 f i Propdlg.obj
 0001:0001cf50       ?GetWindowProc@?$CWindowImplBaseT@VCWindow@ATL@@V?$CWinTraits@$0FGAAAAAA@$0A@@2@@ATL@@UAEP6GJPAUHWND__@@IIJ@ZXZ 0041df50 f i Propdlg.obj
 0001:0001cf60       ?DoModal@?$CPrintDialogImpl@VCPrintDialog@WTL@@@WTL@@QAEJPAUHWND__@@@Z 0041df60 f i Propdlg.obj
 0001:0001cfd0       ?ProcessWindowMessage@?$CPrintDialogImpl@VCPrintDialog@WTL@@@WTL@@UAEHPAUHWND__@@IIJAAJK@Z 0041dfd0 f i Propdlg.obj
 0001:0001d030       ??0?$CWindowImplBaseT@VCWindow@ATL@@V?$CWinTraits@$0FGAAAAAA@$0A@@2@@ATL@@QAE@XZ 0041e030 f i Propdlg.obj
 0001:0001d050       ?OnPrintSetup@?$CPrintDialogImpl@VCPrintDialog@WTL@@@WTL@@QAEJGGPAUHWND__@@AAH@Z 0041e050 f i Propdlg.obj
 0001:0001d0f0       ?WindowProc@?$CWindowImplBaseT@VCWindow@ATL@@V?$CWinTraits@$0FGAAAAAA@$0A@@2@@ATL@@SGJPAUHWND__@@IIJ@Z 0041e0f0 f i Propdlg.obj
 0001:0001d1f0       ?HookProc@CCommonDialogImplBase@WTL@@SGKPAUHWND__@@IIJ@Z 0041e1f0 f i Propdlg.obj
 0001:0001d2e0       ?AfxGlobalFree@CAfx@@SAXPAX@Z 0041e2e0 f i Propdlg.obj
 0001:0001d320       ?_WindowProc@CCommonWnd@@UAEHPAUHWND__@@IIJAAJ@Z 0041e320 f i Propdlg.obj
 0001:0001d4c0       ?OnOpenRecentFile@CWinApp@@QAEHI@Z 0041e4c0 f i Propdlg.obj
 0001:0001d520       ?OnUpdateRecentFileMenu@CWinApp@@QAEXPAVCCmdUI@@@Z 0041e520 f i Propdlg.obj
 0001:0001d550       ?OnFileNew@CWinApp@@UAEXXZ 0041e550 f i Propdlg.obj
 0001:0001d560       ?OnFileOpen@CWinApp@@UAEXXZ 0041e560 f i Propdlg.obj
 0001:0001d570       ?OnIdle@CWinApp@@UAEHH@Z   0041e570 f i Propdlg.obj
 0001:0001d6f0       ?ExitInstance@CWinApp@@UAEHXZ 0041e6f0 f i Propdlg.obj
 0001:0001d760       ?OpenDocumentFile@CWinApp@@UAEPAVCDocument@@PBG@Z 0041e760 f i Propdlg.obj
 0001:0001d9d0       ?PreTranslateMessage@CWinApp@@UAEHPAUtagMSG@@@Z 0041e9d0 f i Propdlg.obj
 0001:0001dac0       ?ProcessShellCommand@CWinApp@@QAEHAAVCCommandLineInfo@@@Z 0041eac0 f i Propdlg.obj
 0001:0001ddc0       ?LoadStringW@CString@WTL@@QAEHI@Z 0041edc0 f i Propdlg.obj
 0001:0001dfe0       ??HWTL@@YG?AVCString@0@ABV10@PBG@Z 0041efe0 f i Propdlg.obj
 0001:0001e1a0       ?AfxDelRegTreeHelper@CAfx@@SAJPAUHKEY__@@ABVCString@WTL@@PAVCAtlTransactionManager@@@Z 0041f1a0 f i Propdlg.obj
 0001:0001e410       ?PumpMessage@CWinApp@@UAEHXZ 0041f410 f i Propdlg.obj
 0001:0001e460       ?Run@CWinApp@@UAEHXZ       0041f460 f i Propdlg.obj
 0001:0001e500       ?UpdatePrinterSelection@CWinApp@@QAEXH@Z 0041f500 f i Propdlg.obj
 0001:0001e8a0       ??0CPrintDialog@WTL@@QAE@HKPAUHWND__@@@Z 0041f8a0 f i Propdlg.obj
 0001:0001e930       ?GetDeviceName@CPrintDialogMTL@@QBE?AVCString@WTL@@XZ 0041f930 f i Propdlg.obj
 0001:0001ea80       ?GetDriverName@CPrintDialogMTL@@QBE?AVCString@WTL@@XZ 0041fa80 f i Propdlg.obj
 0001:0001ebd0       ?GetPortName@CPrintDialogMTL@@QBE?AVCString@WTL@@XZ 0041fbd0 f i Propdlg.obj
 0001:0001ed20       ??1CModuleThreadState@@QAE@XZ 0041fd20 f i Propdlg.obj
 0001:0001ed90       ??1CCommandLineInfo@@QAE@XZ 0041fd90 f i Propdlg.obj
 0001:0001ee90       ?_ProcessWindowMessage@CWinApp@@UAEHPAUHWND__@@IIJAAJ@Z 0041fe90 f i Propdlg.obj
 0001:0001ef90       ?OnFileOpen@CDocManager@@UAEXXZ 0041ff90 f i Propdlg.obj
 0001:0001f1e0       ??0CFileDialogMTL@@QAE@HPBG0K0PAVCWnd@@KH@Z 004201e0 f i Propdlg.obj
 0001:0001f440       ?OnOK@CCommonDialog@@UAEXXZ 00420440 f i Propdlg.obj
 0001:0001f4a0       ??_GCCommonDialog@@UAEPAXI@Z 004204a0 f i Propdlg.obj
 0001:0001f4a0       ??_ECCommonDialog@@UAEPAXI@Z 004204a0 f i Propdlg.obj
 0001:0001f4c0       ??1CCommonDialog@@UAE@XZ   004204c0 f i Propdlg.obj
 0001:0001f6e0       ??1CFileDialogMTL@@UAE@XZ  004206e0 f i Propdlg.obj
 0001:0001f8f0       ?OnInitDone@CFileDialogMTL@@UAEXXZ 004208f0 f i Propdlg.obj
 0001:0001fb20       ?OnLBSelChangedNotify@CFileDialogMTL@@UAEXIII@Z 00420b20 f i Propdlg.obj
 0001:0001fb30       ?OnNotify@CFileDialogMTL@@UAEHIJPAJ@Z 00420b30 f i Propdlg.obj
 0001:0001fd00       ?_afxdata@?1??GetAfxData@CAfx@@SAABU_AUX_DATA@@XZ@$AU2@A 00420d00 f i Propdlg.obj
 0001:0001fd00       ??1CPrintDialogMTL@@QAE@XZ 00420d00 f i Propdlg.obj
 0001:0001fd00       ?_simpleNotSupportedException@?1??GetCException@CAfx@@SAAAVCException@@H@Z@$AVCNotSupportedException@@A 00420d00 f i Propdlg.obj
 0001:0001fd00       ?OnHideMenuBar@CFrameWnd@@UAEXXZ 00420d00 f i Propdlg.obj
 0001:0001fd00       ?UpdateOFNFromShellDialog@CFileDialogMTL@@UAEXXZ 00420d00 f i Propdlg.obj
 0001:0001fd00       ?OnShowMenuBar@CFrameWnd@@UAEXXZ 00420d00 f i Propdlg.obj
 0001:0001fd00       ?_simpleResourceException@?1??GetCException@CAfx@@SAAAVCException@@H@Z@$AVCResourceException@@A 00420d00 f i Propdlg.obj
 0001:0001fd00       ?_simpleInvalidArgException@?1??GetCException@CAfx@@SAAAVCException@@H@Z@$AVCInvalidArgException@@A 00420d00 f i Propdlg.obj
 0001:0001fd00       ?OnFolderChange@CFileDialogMTL@@UAEXXZ 00420d00 f i Propdlg.obj
 0001:0001fd00       ?OnCancel@CPropertyPageMTL@@UAEXXZ 00420d00 f i Propdlg.obj
 0001:0001fd00       ?OnOK@CPropertyPageMTL@@UAEXXZ 00420d00 f i Propdlg.obj
 0001:0001fd00       ?DeleteContents@CDocument@@UAEXXZ 00420d00 f i Propdlg.obj
 0001:0001fd00       ?OnFileNameChange@CFileDialogMTL@@UAEXXZ 00420d00 f i Propdlg.obj
 0001:0001fd00       ??1?$CWindowImplRoot@VCWindow@ATL@@@ATL@@QAE@XZ 00420d00 f i Propdlg.obj
 0001:0001fd00       ?_simpleMemoryException@?1??GetCException@CAfx@@SAAAVCException@@H@Z@$AVCMemoryException@@A 00420d00 f i Propdlg.obj
 0001:0001fd00       ?PostNcDestroy@CWMHnd@@UAEXXZ 00420d00 f i Propdlg.obj
 0001:0001fd00       ?OnTypeChange@CFileDialogMTL@@UAEXXZ 00420d00 f i Propdlg.obj
 0001:0001fd10       ?DoModal@CFileDialogMTL@@UAEJXZ 00420d10 f i Propdlg.obj
 0001:0001fea0       ??_ECFileDialogMTL@@UAEPAXI@Z 00420ea0 f i Propdlg.obj
 0001:0001fea0       ??_GCFileDialogMTL@@UAEPAXI@Z 00420ea0 f i Propdlg.obj
 0001:0001fec0       ?_AfxAppendFilterSuffix@@YAXAAVCString@WTL@@AAUtagOFNW@@PAVCDocTemplate@@PAV12@@Z 00420ec0 f i Propdlg.obj
 0001:000201b0       ?Mid@CString@WTL@@QBE?AV12@H@Z 004211b0 f i Propdlg.obj
 0001:000201e0       ?Mid@CString@WTL@@QBE?AV12@HH@Z 004211e0 f i Propdlg.obj
 0001:00020370       ?Tokenize@@YA?AVCString@WTL@@AAV12@PAGAAH@Z 00421370 f i Propdlg.obj
 0001:000203a0       ?Tokenize@CAfx@@SA?AVCString@WTL@@AAV23@PAGAAH@Z 004213a0 f i Propdlg.obj
 0001:000204d0       ?_AfxCommDlgProc@CCommonDialog@@SGKPAUHWND__@@IIJ@Z 004214d0 f i Propdlg.obj
 0001:00020740       ?IsKindOf@CObject@@QBEHPBUCRuntimeClass@@@Z 00421740 f i Propdlg.obj
 0001:00020770       ?AfxResolveShortcut@@YAHPAVCWMHnd@@PBGPAGH@Z 00421770 f i Propdlg.obj
 0001:000209f0       ?GetClassObject@AFX_COM@@QAEJABU_GUID@@0PAPAX@Z 004219f0 f i Propdlg.obj
 0001:00020c50       ?AfxGetInProcServer@CAfx@@SAHPBGAAVCString@WTL@@@Z 00421c50 f i Propdlg.obj
 0001:00020e60       ?AfxStringFromCLSID@@YA?AVCString@WTL@@ABU_GUID@@@Z 00421e60 f i Propdlg.obj
 0001:00020e90       ?AfxStringFromCLSID@CAfx@@SA?AVCString@WTL@@ABU_GUID@@@Z 00421e90 f i Propdlg.obj
 0001:00021080       ?OpenDocumentFile@CMultiDocTemplate@@UAEPAVCDocument@@PBGHH@Z 00422080 f i Propdlg.obj
 0001:00021370       ?DisconnectViews@CDocument@@QAEXXZ 00422370 f i Propdlg.obj
 0001:000213b0       ?ShowAppMessageBox@CWinApp@@SAHPAV1@PBGII@Z 004223b0 f i Propdlg.obj
 0001:00021570       ??1CWaitCursor@@QAE@XZ     00422570 f i Propdlg.obj
 0001:000215c0       ?ReadList@CRecentFileList@@UAEXXZ 004225c0 f i Propdlg.obj
 0001:00021770       ?GetProfileStringW@CWinApp@@QAE?AVCString@WTL@@PBG00@Z 00422770 f i Propdlg.obj
 0001:00021950       ?UpdateMenu@CRecentFileList@@UAEXPAVCCmdUI@@@Z 00422950 f i Propdlg.obj
 0001:00021dd0       ??HWTL@@YG?AVCString@0@ABV10@0@Z 00422dd0 f i Propdlg.obj
 0001:00021f90       ?WriteList@CRecentFileList@@UAEXXZ 00422f90 f i Propdlg.obj
 0001:00022030       ?RunModalLoop@CWnd@@QAEHK@Z 00423030 f i Propdlg.obj
 0001:000221d0       ?GetRuntimeClass@CModalShapePropSheet@@UBEPAUCRuntimeClass@@XZ 004231d0 f   Propsht.obj
 0001:000221e0       ??0CModalShapePropSheet@@QAE@PAVCWnd@@@Z 004231e0 f   Propsht.obj
 0001:000224a0       ?_ProcessWindowMessage@CModalShapePropSheet@@UAEHPAUHWND__@@IIJAAJ@Z 004234a0 f i Propsht.obj
 0001:00022510       ??_ECModalShapePropSheet@@UAEPAXI@Z 00423510 f i Propsht.obj
 0001:00022510       ??_GCModalShapePropSheet@@UAEPAXI@Z 00423510 f i Propsht.obj
 0001:00022530       ??1CStylePage@@UAE@XZ      00423530 f i Propsht.obj
 0001:000226e0       ??1CModalShapePropSheet@@UAE@XZ 004236e0 f i Propsht.obj
 0001:00022920       ?OnInitDialog@CModalShapePropSheet@@UAEHXZ 00423920 f   Propsht.obj
 0001:00022bf0       ?UpdateShapePreview@CModalShapePropSheet@@QAEXXZ 00423bf0 f   Propsht.obj
 0001:00022c20       ?OnApplyNow@CModalShapePropSheet@@IAEXXZ 00423c20 f   Propsht.obj
 0001:00022d00       ?RemoveAll@?$CArray@W4LoadArrayObjType@CArchive@@ABW412@@@QAEXXZ 00423d00 f i Propsht.obj
 0001:00022d00       ?RemoveAll@?$CArray@HABH@@QAEXXZ 00423d00 f i Propsht.obj
 0001:00022d00       ??1?$CArray@HABH@@QAE@XZ   00423d00 f i Propsht.obj
 0001:00022d00       ?RemoveAll@?$CArray@PAXABQAX@@QAEXXZ 00423d00 f i Propsht.obj
 0001:00022d00       ??1?$CArray@PAXABQAX@@QAE@XZ 00423d00 f i Propsht.obj
 0001:00022d20       ??0CRect@WTL@@QAE@HHHH@Z   00423d20 f i Propsht.obj
 0001:00022d40       ?PreProcessPageTemplate@CPropertyPageMTL@@QAEXAAU_PROPSHEETPAGEW@@H@Z 00423d40 f i Propsht.obj
 0001:00023080       ??0CSimpleException@@QAE@HI@Z 00424080 f i Propsht.obj
 0001:000230a0       ?_AfxChangePropPageFont@CPropertyPageMTL@@SAPAUDLGTEMPLATE@@PBU2@H@Z 004240a0 f i Propsht.obj
 0001:00023410       ??1CDialogTemplate@@QAE@XZ 00424410 f i Propsht.obj
 0001:00023420       ?GetFontSizeField@CDialogTemplate@@SAPAEPBUDLGTEMPLATE@@@Z 00424420 f i Propsht.obj
 0001:00023490       ?GetFont@CDialogTemplate@@SAHPBUDLGTEMPLATE@@AAVCString@WTL@@AAG@Z 00424490 f i Propsht.obj
 0001:000235d0       ?GetTemplateSize@CDialogTemplate@@QAEIPBUDLGTEMPLATE@@@Z 004245d0 f i Propsht.obj
 0001:00023720       ?SetFont@CDialogTemplate@@QAEHPBGG@Z 00424720 f i Propsht.obj
 0001:00023900       ?SetTemplate@CDialogTemplate@@QAEHPBUDLGTEMPLATE@@I@Z 00424900 f i Propsht.obj
 0001:00023980       ?IsFontInstalled@CPropertyPageMTL@@SAHPBG@Z 00424980 f i Propsht.obj
 0001:000239f0       ?FontEnumProc@CPropertyPageMTL@@SGHPBUtagLOGFONTW@@PBUtagTEXTMETRICW@@KJ@Z 004249f0 f i Propsht.obj
 0001:00023a10       ?_afxPropPageFontInfo@?1??_GetAfxPropPageFontInfo@CPropertyPageMTL@@SAAAU_AFX_PROPPAGEFONTINFO@@XZ@$AU2@A 00424a10 f i Propsht.obj
 0001:00023a20       ??1CPropertySheetMTL@@UAE@XZ 00424a20 f i Propsht.obj
 0001:00023c30       ?OnInitDialog@CPropertySheetMTL@@UAEHXZ 00424c30 f i Propsht.obj
 0001:00024020       ?OnCommand@CPropertySheetMTL@@UAEHIJ@Z 00425020 f i Propsht.obj
 0001:00024180       ?AddPage@CPropertySheetMTL@@QAEXPAVCPropertyPageMTL@@@Z 00425180 f i Propsht.obj
 0001:00024590       ?BuildPropPageArray@CPropertySheetMTL@@UAEXXZ 00425590 f i Propsht.obj
 0001:00024880       ?ContinueModal@CPropertySheetMTL@@UAEHXZ 00425880 f i Propsht.obj
 0001:000248b0       ?PreTranslateMessage@CPropertySheetMTL@@UAEHPAUtagMSG@@@Z 004258b0 f i Propsht.obj
 0001:000249f0       ??_ECPropertySheetMTL@@UAEPAXI@Z 004259f0 f i Propsht.obj
 0001:000249f0       ??_GCPropertySheetMTL@@UAEPAXI@Z 004259f0 f i Propsht.obj
 0001:00024a10       ?_ProcessWindowMessage@CPropertySheetMTL@@UAEHPAUHWND__@@IIJAAJ@Z 00425a10 f i Propsht.obj
 0001:00024ce0       ?OnCtlColor@CWnd@@QAEPAUHBRUSH__@@PAVCDCMTL@@PAV1@I@Z 00425ce0 f i Propsht.obj
 0001:00024d40       ?OnKickIdle@CPropertySheetMTL@@QAEJIJ@Z 00425d40 f i Propsht.obj
 0001:00024db0       ?OnSetDefID@CPropertySheetMTL@@QAEJIJ@Z 00425db0 f i Propsht.obj
 0001:00024ea0       ?HandleInitDialog@CPropertySheetMTL@@QAEJIJ@Z 00425ea0 f i Propsht.obj
 0001:00024eb0       ?OnCmdMsg@CPropertySheetMTL@@UAEHIHPAXPAUAFX_CMDHANDLERINFO@@@Z 00425eb0 f i Propsht.obj
 0001:00024eb0       ?OnCmdMsg@CDialog@@UAEHIHPAXPAUAFX_CMDHANDLERINFO@@@Z 00425eb0 f i Propsht.obj
 0001:00025060       ?Create@CPropertySheetMTL@@UAEHPAVCWnd@@KK@Z 00426060 f i Propsht.obj
 0001:000251d0       ?AfxPropSheetCallback@CPropertySheetMTL@@SGHPAUHWND__@@IJ@Z 004261d0 f i Propsht.obj
 0001:00025250       ?DoModal@CPropertySheetMTL@@UAEJXZ 00426250 f i Propsht.obj
 0001:00025690       ?GetRuntimeClass@CModelessShapePropSheet@@UBEPAUCRuntimeClass@@XZ 00426690 f   Propsht2.obj
 0001:000256a0       ??0CModelessShapePropSheet@@QAE@PAVCWnd@@@Z 004266a0 f   Propsht2.obj
 0001:00025950       ?_ProcessWindowMessage@CModelessShapePropSheet@@UAEHPAUHWND__@@IIJAAJ@Z 00426950 f i Propsht2.obj
 0001:00025980       ??_ECModelessShapePropSheet@@UAEPAXI@Z 00426980 f i Propsht2.obj
 0001:00025980       ??_GCModelessShapePropSheet@@UAEPAXI@Z 00426980 f i Propsht2.obj
 0001:000259a0       ??1CModelessShapePropSheet@@UAE@XZ 004269a0 f i Propsht2.obj
 0001:00025b90       ?PostNcDestroy@CModelessShapePropSheet@@UAEXXZ 00426b90 f   Propsht2.obj
 0001:00025ba0       ?SetSheetPropsFromShape@CModelessShapePropSheet@@QAEXPAVCShape@@@Z 00426ba0 f   Propsht2.obj
 0001:00025ca0       ?SetShapePropsFromSheet@CModelessShapePropSheet@@QAEXPAVCShape@@@Z 00426ca0 f   Propsht2.obj
 0001:00025ca0       ?SetShapePropsFromSheet@CModalShapePropSheet@@QAEXPAVCShape@@@Z 00426ca0 f   Propsht2.obj
 0001:00025d20       ?CreateObject@CShapesDoc@@SAPAVCObject@@XZ 00426d20 f   Shapedoc.obj
 0001:00025d80       ?GetRuntimeClass@CShapesDoc@@UBEPAUCRuntimeClass@@XZ 00426d80 f   Shapedoc.obj
 0001:00025d90       ??0CShapesDoc@@IAE@XZ      00426d90 f   Shapedoc.obj
 0001:00025de0       ?_ProcessWindowMessage@CShapesDoc@@UAEHPAUHWND__@@IIJAAJ@Z 00426de0 f i Shapedoc.obj
 0001:00025f50       ??_GCShapesDoc@@UAEPAXI@Z  00426f50 f i Shapedoc.obj
 0001:00025f50       ??_ECShapesDoc@@UAEPAXI@Z  00426f50 f i Shapedoc.obj
 0001:00025f70       ??1CShapesDoc@@UAE@XZ      00426f70 f   Shapedoc.obj
 0001:000260c0       ?OnNewDocument@CShapesDoc@@MAEHXZ 004270c0 f   Shapedoc.obj
 0001:00026230       ?AddShape@CShapesDoc@@QAEXPAVCShape@@@Z 00427230 f   Shapedoc.obj
 0001:000262a0       ?HitTest@CShapesDoc@@QAEPAVCShape@@VCPoint@WTL@@@Z 004272a0 f   Shapedoc.obj
 0001:000262f0       ?Serialize@CShapesDoc@@UAEXAAVCArchive@@@Z 004272f0 f   Shapedoc.obj
 0001:00026420       ??6CArchive@@QAEAAV0@K@Z   00427420 f i Shapedoc.obj
 0001:00026490       ?FillBuffer@CArchive@@QAEXI@Z 00427490 f i Shapedoc.obj
 0001:00026510       ?Flush@CArchive@@QAEXXZ    00427510 f i Shapedoc.obj
 0001:00026560       ?ReadObject@CArchive@@QAEPAVCObject@@PBUCRuntimeClass@@@Z 00427560 f i Shapedoc.obj
 0001:000269c0       ?Lookup@?$CMapList@PAXPAXV?$CPair@PAXPAX@@$0A@@@QBEHQAXAAPAX@Z 004279c0 f i Shapedoc.obj
 0001:00026a00       ?InsertAt@?$CArray@PAXABQAX@@QAEXJABQAXJ@Z 00427a00 f i Shapedoc.obj
 0001:00026a00       ?InsertAt@?$CArray@W4LoadArrayObjType@CArchive@@ABW412@@@QAEXJABW4LoadArrayObjType@CArchive@@J@Z 00427a00 f i Shapedoc.obj
 0001:00026c90       ?Find@?$CMapList@PAXPAXV?$CPair@PAXPAX@@$0A@@@QBEPAU__POSITION@@QAX@Z 00427c90 f i Shapedoc.obj
 0001:00026cb0       ?FindData@?$CMapList@PAXPAXV?$CPair@PAXPAX@@$0A@@@QAEAAV?$CPair@PAXPAX@@QAXH@Z 00427cb0 f i Shapedoc.obj
 0001:00026d20       ?NewNode@?$CList@V?$CPair@PAXPAX@@ABV1@@@QAEPAUCNode@1@PAU21@0@Z 00427d20 f i Shapedoc.obj
 0001:00026d80       ??0CArchiveException@@QAE@HPBG@Z 00427d80 f i Shapedoc.obj
 0001:00026ea0       ?CreateObject@CRuntimeClass@@QAEPAVCObject@@XZ 00427ea0 f i Shapedoc.obj
 0001:00026eb0       ??5CArchive@@QAEAAV0@AAG@Z 00427eb0 f i Shapedoc.obj
 0001:00026f50       ??5CArchive@@QAEAAV0@AAK@Z 00427f50 f i Shapedoc.obj
 0001:00026ff0       ?AfxThrowArchiveException@CArchive@@SAXHPBG@Z 00427ff0 f i Shapedoc.obj
 0001:00027130       ?CheckCount@CArchive@@QAEXXZ 00428130 f i Shapedoc.obj
 0001:00027150       ?EnsureSchemaMapExists@CArchive@@QAEXPAPAV?$CArray@W4LoadArrayObjType@CArchive@@ABW412@@@@Z 00428150 f i Shapedoc.obj
 0001:00027380       ?AddTail@?$CList@V?$CPair@PAXPAX@@ABV1@@@QAEPAU__POSITION@@ABV?$CPair@PAXPAX@@@Z 00428380 f i Shapedoc.obj
 0001:000273d0       ??0?$CPair@PAXPAX@@QAE@PAXH@Z 004283d0 f i Shapedoc.obj
 0001:000273f0       ?MapObject@CArchive@@QAEXPBVCObject@@@Z 004283f0 f i Shapedoc.obj
 0001:00027700       ?SetSize@?$CArray@W4LoadArrayObjType@CArchive@@ABW412@@@QAEXJJ@Z 00428700 f i Shapedoc.obj
 0001:00027700       ?SetSize@?$CArray@PAXABQAX@@QAEXJJ@Z 00428700 f i Shapedoc.obj
 0001:00027820       ?WriteObject@CArchive@@QAEXPBVCObject@@@Z 00428820 f i Shapedoc.obj
 0001:00027ac0       ??6CArchive@@QAEAAV0@G@Z   00428ac0 f i Shapedoc.obj
 0001:00027b30       ?Load@CRuntimeClass@@SAPAU1@AAVCArchive@@PAI@Z 00428b30 f i Shapedoc.obj
 0001:00027d50       ?FromName@CRuntimeClass@@SAPAU1@PBD@Z 00428d50 f i Shapedoc.obj
 0001:00027dc0       ?Store@CRuntimeClass@@QBEXAAVCArchive@@@Z 00428dc0 f i Shapedoc.obj
 0001:00027f70       ?GetFirstViewPosition@CDocument@@UBEPAU__POSITION@@XZ 00428f70 f i Shapedoc.obj
 0001:00027f80       ?GetNextView@CDocument@@UBEPAVCView@@AAPAU__POSITION@@@Z 00428f80 f i Shapedoc.obj
 0001:00027fa0       ?ReleaseFile@CDocument@@UAEXPAVCFile@@H@Z 00428fa0 f i Shapedoc.obj
 0001:00027fe0       ??1CFile@@QAE@XZ           00428fe0 f i Shapedoc.obj
 0001:00028180       ?OsErrorToException@CFileException@@SAHJ@Z 00429180 f i Shapedoc.obj
 0001:00028330       ?Abort@CFile@@UAEXXZ       00429330 f i Shapedoc.obj
 0001:00028440       ?Close@CFile@@UAEXXZ       00429440 f i Shapedoc.obj
 0001:00028550       ?ThrowOsError@CFileException@@SAXJPBG@Z 00429550 f i Shapedoc.obj
 0001:00028810       ?GetFilePath@CFile@@UBE?AVCString@WTL@@XZ 00429810 f i Shapedoc.obj
 0001:00028a70       ??0CTime@@QAE@ABU_SYSTEMTIME@@H@Z 00429a70 f i Shapedoc.obj
 0001:00028c00       ??0CTime@@QAE@ABU_FILETIME@@H@Z 00429c00 f i Shapedoc.obj
 0001:00028e80       ??0CTime@@QAE@HHHHHHH@Z    00429e80 f i Shapedoc.obj
 0001:00028fd0       ?IsValidFILETIME@CTime@@SAHABU_FILETIME@@@Z 00429fd0 f i Shapedoc.obj
 0001:00029010       ?GetLength@CFile@@UBE_KXZ  0042a010 f i Shapedoc.obj
 0001:00029060       ?Open@CFile@@UAEHPBGIPAVCFileException@@@Z 0042a060 f i Shapedoc.obj
 0001:00029380       ?Read@CFile@@UAEIPAXI@Z    0042a380 f i Shapedoc.obj
 0001:000293d0       ?Write@CFile@@UAEXPBXI@Z   0042a3d0 f i Shapedoc.obj
 0001:00029430       ?AfxThrowFileException@CFile@@SAXHJPBG@Z 0042a430 f i Shapedoc.obj
 0001:00029580       ?Seek@CFile@@UAE_K_JI@Z    0042a580 f i Shapedoc.obj
 0001:000295e0       ?SetModifiedFlag@CDocument@@UAEXH@Z 0042a5e0 f i Shapedoc.obj
 0001:000295f0       ?SetTitle@CDocument@@UAEXPBG@Z 0042a5f0 f i Shapedoc.obj
 0001:00029840       ??_GCDocument@@QAEPAXI@Z   0042a840 f i Shapedoc.obj
 0001:00029860       ?OnCmdMsg@CDocument@@UAEHIHPAXPAUAFX_CMDHANDLERINFO@@@Z 0042a860 f i Shapedoc.obj
 0001:000299a0       ?OnOpenDocument@CDocument@@UAEHPBG@Z 0042a9a0 f i Shapedoc.obj
 0001:00029c60       ??4CString@WTL@@QAEAAV01@ABV01@@Z 0042ac60 f i Shapedoc.obj
 0001:00029d30       ??_GCFile@@QAEPAXI@Z       0042ad30 f i Shapedoc.obj
 0001:00029d50       ?DoWaitCursor@CWinApp@@QAEXH@Z 0042ad50 f i Shapedoc.obj
 0001:00029dc0       ??1CArchive@@QAE@XZ        0042adc0 f i Shapedoc.obj
 0001:00029e00       ?OnSaveDocument@CDocument@@UAEHPBG@Z 0042ae00 f i Shapedoc.obj
 0001:0002a040       ?DoSave@CDocument@@UAEHPBGH@Z 0042b040 f i Shapedoc.obj
 0001:0002a3c0       ?DoPromptFileName@CWinApp@@QAEHAAVCString@WTL@@IKHPAVCDocTemplate@@@Z 0042b3c0 f i Shapedoc.obj
 0001:0002a3f0       ?DoPromptFileName@CDocManager@@QAEHAAVCString@WTL@@IKHPAVCDocTemplate@@@Z 0042b3f0 f i Shapedoc.obj
 0001:0002a900       ?SetAt@CString@WTL@@QAEXHG@Z 0042b900 f i Shapedoc.obj
 0001:0002a9c0       ??YCString@WTL@@QAEAAV01@ABV01@@Z 0042b9c0 f i Shapedoc.obj
 0001:0002aaf0       ??0CCommonDialog@@QAE@PAVCWnd@@@Z 0042baf0 f i Shapedoc.obj
 0001:0002ab30       ?SaveModified@CDocument@@UAEHXZ 0042bb30 f i Shapedoc.obj
 0001:0002ae50       ?AfxFormatStrings@CAfx@@SAXAAVCString@WTL@@IPBQBGH@Z 0042be50 f i Shapedoc.obj
 0001:0002b140       ?AfxGetFileTitle@CAfx@@SAIPBGPAGI@Z 0042c140 f i Shapedoc.obj
 0001:0002b1d0       ?SetPathName@CDocument@@UAEXPBGH@Z 0042c1d0 f i Shapedoc.obj
 0001:0002b310       ?CreateObject@CShape@@SAPAVCObject@@XZ 0042c310 f   Shapeobj.obj
 0001:0002b370       ?GetRuntimeClass@CShape@@UBEPAUCRuntimeClass@@XZ 0042c370 f   Shapeobj.obj
 0001:0002b400       ??0CShape@@QAE@XZ          0042c400 f   Shapeobj.obj
 0001:0002b440       ??0CShape@@QAE@W4SHAPE_COLOR_ENUM@@W4SHAPE_STYLE@@AAVCRect@WTL@@@Z 0042c440 f   Shapeobj.obj
 0001:0002b480       ?Draw@CShape@@QAEXPAVCDCMTL@@H@Z 0042c480 f   Shapeobj.obj
 0001:0002b740       ?Serialize@CShape@@UAEXAAVCArchive@@@Z 0042c740 f   Shapeobj.obj
 0001:0002b8e0       ??BSHAPE_COLOR@@QBEKXZ     0042c8e0 f   Shapeobj.obj
 0001:0002b920       ??BSHAPE_COLOR@@QBEHXZ     0042c920 f   Shapeobj.obj
 0001:0002b930       ??4SHAPE_COLOR@@QAEABU0@H@Z 0042c930 f   Shapeobj.obj
 0001:0002b940       ??1?$CHandleWrapper@VCBrushMTL@@PAUHBRUSH__@@V?$CBrushT@$00@WTL@@@@UAE@XZ 0042c940 f i Shapeobj.obj
 0001:0002ba10       ??0?$CHandleWrapper@VCDCMTL@@PAUHDC__@@V?$CDCT@$00@WTL@@@@QAE@PAUHDC__@@@Z 0042ca10 f i Shapeobj.obj
 0001:0002ba10       ??0?$CHandleWrapper@VCPenMTL@@PAUHPEN__@@V?$CPenT@$00@WTL@@@@QAE@PAUHPEN__@@@Z 0042ca10 f i Shapeobj.obj
 0001:0002ba10       ??0?$CHandleWrapper@VCBrushMTL@@PAUHBRUSH__@@V?$CBrushT@$00@WTL@@@@QAE@PAUHBRUSH__@@@Z 0042ca10 f i Shapeobj.obj
 0001:0002ba30       ?Read@CArchive@@QAEIPAXI@Z 0042ca30 f i Shapeobj.obj
 0001:0002bb80       ?Write@CArchive@@QAEXPBXI@Z 0042cb80 f i Shapeobj.obj
 0001:0002bc60       ?classHandleFuncCGdiObject@CGdiObject@@SAPAXPAX0@Z 0042cc60 f i Shapeobj.obj
 0001:0002bca0       ??_ECGdiObject@@UAEPAXI@Z  0042cca0 f i Shapeobj.obj
 0001:0002bca0       ??_GCGdiObject@@UAEPAXI@Z  0042cca0 f i Shapeobj.obj
 0001:0002bcc0       ??1CGdiObject@@UAE@XZ      0042ccc0 f i Shapeobj.obj
 0001:0002bd90       ??1CGdiobj@@QAE@XZ         0042cd90 f i Shapeobj.obj
 0001:0002bdb0       ??_ECPenMTL@@UAEPAXI@Z     0042cdb0 f i Shapeobj.obj
 0001:0002bdb0       ??_GCPenMTL@@UAEPAXI@Z     0042cdb0 f i Shapeobj.obj
 0001:0002bdd0       ??1CPenMTL@@UAE@XZ         0042cdd0 f i Shapeobj.obj
 0001:0002bea0       ?FromHandleGdiobj@CModuleThreadState@@QAEPAVCGdiObject@@PAXPAV2@PAUHWND__@@P6APAX00@Z@Z 0042cea0 f i Shapeobj.obj
 0001:0002bf30       ?RemoveHandleGdiobj@CModuleThreadState@@QAEPAXPAX@Z 0042cf30 f i Shapeobj.obj
 0001:0002bfa0       ?CreateObject@CShapesView@@SAPAVCObject@@XZ 0042cfa0 f   Shapesvw.obj
 0001:0002c000       ?GetRuntimeClass@CShapesView@@UBEPAUCRuntimeClass@@XZ 0042d000 f   Shapesvw.obj
 0001:0002c010       ??0CShapesView@@IAE@XZ     0042d010 f   Shapesvw.obj
 0001:0002c040       ?_ProcessWindowMessage@CShapesView@@UAEHPAUHWND__@@IIJAAJ@Z 0042d040 f i Shapesvw.obj
 0001:0002c300       ??_GCShapesView@@UAEPAXI@Z 0042d300 f i Shapesvw.obj
 0001:0002c300       ??_ECShapesView@@UAEPAXI@Z 0042d300 f i Shapesvw.obj
 0001:0002c320       ??1CShapesView@@UAE@XZ     0042d320 f   Shapesvw.obj
 0001:0002c4a0       ?GetModelessShapePropSheet@CShapesView@@QAEPAVCModelessShapePropSheet@@XZ 0042d4a0 f   Shapesvw.obj
 0001:0002c570       ?OnDraw@CShapesView@@UAEXPAVCDCMTL@@@Z 0042d570 f   Shapesvw.obj
 0001:0002c640       ?OnPreparePrinting@CShapesView@@MAEHPAUCPrintInfo@@@Z 0042d640 f   Shapesvw.obj
 0001:0002c890       ?OnBeginPrinting@CShapesView@@MAEXPAVCDCMTL@@PAUCPrintInfo@@@Z 0042d890 f   Shapesvw.obj
 0001:0002c890       ?OnEndPrinting@CShapesView@@MAEXPAVCDCMTL@@PAUCPrintInfo@@@Z 0042d890 f   Shapesvw.obj
 0001:0002c8a0       ?OnLButtonDown@CShapesView@@IAEXIVCPoint@WTL@@@Z 0042d8a0 f   Shapesvw.obj
 0001:0002cab0       ?OnLButtonDblClk@CShapesView@@IAEXIVCPoint@WTL@@@Z 0042dab0 f   Shapesvw.obj
 0001:0002cba0       ?OnSimplePropertySheet@CShapesView@@IAEXXZ 0042dba0 f   Shapesvw.obj
 0001:0002cf70       ?OnUpdateSimplePropertySheet@CShapesView@@IAEXPAVCCmdUI@@@Z 0042df70 f   Shapesvw.obj
 0001:0002cf80       ?OnPropertySheetWithPreview@CShapesView@@IAEXXZ 0042df80 f   Shapesvw.obj
 0001:0002d080       ?OnUpdatePropertySheetWithPreview@CShapesView@@IAEXPAVCCmdUI@@@Z 0042e080 f   Shapesvw.obj
 0001:0002d0c0       ?OnChangeObjectProps@CShapesView@@IAEJIJ@Z 0042e0c0 f   Shapesvw.obj
 0001:0002d140       ?OnKeyDown@CShapesView@@IAEXIII@Z 0042e140 f   Shapesvw.obj
 0001:0002d260       ?Add@?$CArray@PAXABQAX@@QAEJABQAX@Z 0042e260 f i Shapesvw.obj
 0001:0002d410       ?CommonConstruct@CPropertySheetMTL@@QAEXPAVCWnd@@I@Z 0042e410 f i Shapesvw.obj
 0001:0002d590       ?OnActivateView@CView@@UAEXHPAV1@0@Z 0042e590 f i Shapesvw.obj
 0001:0002d690       ?OnInitialUpdate@CView@@UAEXXZ 0042e690 f i Shapesvw.obj
 0001:0002d6a0       ?OnPrint@CView@@UAEXPAVCDCMTL@@PAUCPrintInfo@@@Z 0042e6a0 f i Shapesvw.obj
 0001:0002d6b0       ?OnPrepareDC@CView@@UAEXPAVCDCMTL@@PAUCPrintInfo@@@Z 0042e6b0 f i Shapesvw.obj
 0001:0002d6e0       ?OnPreparePrinting@CView@@UAEHPAUCPrintInfo@@@Z 0042e6e0 f i Shapesvw.obj
 0001:0002d6f0       ?OnScroll@CView@@UAEHIIH@Z 0042e6f0 f i Shapesvw.obj
 0001:0002d6f0       ?OnScrollBy@CView@@UAEHVCSize@WTL@@H@Z 0042e6f0 f i Shapesvw.obj
 0001:0002d700       ?OnUpdate@CView@@UAEXPAV1@JPAVCObject@@@Z 0042e700 f i Shapesvw.obj
 0001:0002d720       ?PreCreateWindow@CView@@UAEHAAUtagCREATESTRUCTW@@@Z 0042e720 f i Shapesvw.obj
 0001:0002da70       ??_ECView@@UAEPAXI@Z       0042ea70 f i Shapesvw.obj
 0001:0002da70       ??_GCView@@UAEPAXI@Z       0042ea70 f i Shapesvw.obj
 0001:0002da90       ?_ProcessWindowMessage@CView@@UAEHPAUHWND__@@IIJAAJ@Z 0042ea90 f i Shapesvw.obj
 0001:0002de10       ??_9@$BIM@AE               0042ee10 f i Shapesvw.obj
 0001:0002de20       ??0CPaintDCMTL@@QAE@PAVCWMHnd@@@Z 0042ee20 f i Shapesvw.obj
 0001:0002de80       ?SetActiveView@CFrameWnd@@QAEXPAVCView@@H@Z 0042ee80 f i Shapesvw.obj
 0001:0002ded0       ?OnEndPrintPreview@CView@@UAEXPAVCDCMTL@@PAUCPrintInfo@@UtagPOINT@@PAVCPreviewView@@@Z 0042eed0 f i Shapesvw.obj
 0001:0002e0a0       ?OnFilePrintPreview@CView@@QAEXXZ 0042f0a0 f i Shapesvw.obj
 0001:0002e390       ??0CDialogBar@@QAE@XZ      0042f390 f i Shapesvw.obj
 0001:0002e4f0       ?OnUpdateCmdUI@CDialogBar@@UAEXPAVCFrameWnd@@H@Z 0042f4f0 f i Shapesvw.obj
 0001:0002e510       ?Create@CDialogBar@@UAEHPAVCWnd@@III@Z 0042f510 f i Shapesvw.obj
 0001:0002e540       ?Create@CDialogBar@@UAEHPAVCWnd@@PBGII@Z 0042f540 f i Shapesvw.obj
 0001:0002e770       ?HookWindowCreate@CWnd@@SAHPAV1@G@Z 0042f770 f i Shapesvw.obj
 0001:0002e7e0       ?UnhookWindowCreate@CWnd@@SAHXZ 0042f7e0 f i Shapesvw.obj
 0001:0002e800       ?CalcFixedLayout@CDialogBar@@UAE?AVCSize@WTL@@HH@Z 0042f800 f i Shapesvw.obj
 0001:0002e850       ??_ECDialogBar@@UAEPAXI@Z  0042f850 f i Shapesvw.obj
 0001:0002e850       ??_GCDialogBar@@UAEPAXI@Z  0042f850 f i Shapesvw.obj
 0001:0002e870       ??1CDialogBar@@UAE@XZ      0042f870 f i Shapesvw.obj
 0001:0002ea70       ?OnPreviewClose@CPreviewView@@QAEXXZ 0042fa70 f i Shapesvw.obj
 0001:0002eb80       ?SetPrintView@CPreviewView@@QAEHPAVCView@@@Z 0042fb80 f i Shapesvw.obj
 0001:0002f050       ?Attach@?$CDCT@$00@WTL@@QAEXPAUHDC__@@@Z 00430050 f i Shapesvw.obj
 0001:0002f080       ??0_AUX_DATA@@QAE@XZ       00430080 f i Shapesvw.obj
 0001:0002f120       ?classHandleFuncCDCMTL@CDCMTL@@SAPAXPAX0@Z 00430120 f i Shapesvw.obj
 0001:0002f170       ?SetMapMode@CDCMTL@@QAEHH@Z 00430170 f i Shapesvw.obj
 0001:0002f1a0       ?SaveDC@CPreviewDC@@UAEHXZ 004301a0 f i Shapesvw.obj
 0001:0002f200       ?RestoreDC@CPreviewDC@@UAEHH@Z 00430200 f i Shapesvw.obj
 0001:0002f440       ?MirrorFont@CPreviewDC@@QAEXXZ 00430440 f i Shapesvw.obj
 0001:0002f650       ?TextOutW@CPreviewDC@@UAEHHHPBGH@Z 00430650 f i Shapesvw.obj
 0001:0002f680       ?ExtTextOutW@CPreviewDC@@QAEHHHIPBUtagRECT@@PBGIPAH@Z 00430680 f i Shapesvw.obj
 0001:0002f890       ?Free@?$CAlloc@HABH@@QAEXXZ 00430890 f i Shapesvw.obj
 0001:0002f890       ??1?$CAlloc@GABG@@QAE@XZ   00430890 f i Shapesvw.obj
 0001:0002f890       ?Free@?$CAlloc@GABG@@QAEXXZ 00430890 f i Shapesvw.obj
 0001:0002f890       ??1?$CAlloc@HABH@@QAE@XZ   00430890 f i Shapesvw.obj
 0001:0002f8c0       ?ComputeDeltas@CPreviewDC@@QAE?AVCSize@WTL@@AAHPBGAAIHIPAHHPAG30@Z 004308c0 f i Shapesvw.obj
 0001:0002fc20       ??_GCPreviewDC@@UAEPAXI@Z  00430c20 f i Shapesvw.obj
 0001:0002fc20       ??_ECPreviewDC@@UAEPAXI@Z  00430c20 f i Shapesvw.obj
 0001:0002fc40       ??1CPreviewDC@@UAE@XZ      00430c40 f i Shapesvw.obj
 0001:0002fd30       ??0CWindowDCMTL@@QAE@PAVCWMHnd@@@Z 00430d30 f i Shapesvw.obj
 0001:0002fd90       ??0CPrintDialogMTL@@QAE@HKPAVCWnd@@@Z 00430d90 f i Shapesvw.obj
 0001:0002fe40       ?UpdateBars@CScrollView@@QAEXXZ 00430e40 f i Shapesvw.obj
 0001:00030220       ??GCSize@WTL@@QBE?AV01@UtagSIZE@@@Z 00431220 f i Shapesvw.obj
 0001:00030240       ?ScrollWindow@CWMHnd@@QAEXHHPBUtagRECT@@0@Z 00431240 f i Shapesvw.obj
 0001:00030320       ?SetScrollPos@CWMHnd@@QAEHHHH@Z 00431320 f i Shapesvw.obj
 0001:00030360       ?GetScrollPos@CWMHnd@@QBEHH@Z 00431360 f i Shapesvw.obj
 0001:000303a0       ?SetScrollRange@CWMHnd@@QAEXHHHH@Z 004313a0 f i Shapesvw.obj
 0001:00030400       ?EnableScrollBarCtrl@CWMHnd@@QAEXHH@Z 00431400 f i Shapesvw.obj
 0001:00030450       ?SetScrollInfo@CWMHnd@@QAEHHPAUtagSCROLLINFO@@H@Z 00431450 f i Shapesvw.obj
 0001:000304a0       ?GetDeviceScrollPosition@CScrollView@@QBE?AVCPoint@WTL@@XZ 004314a0 f i Shapesvw.obj
 0001:00030510       ?GetScrollBarSizes@CScrollView@@QAEXAAVCSize@WTL@@@Z 00431510 f i Shapesvw.obj
 0001:00030580       ?SetCurrentPage@CPreviewView@@QAEXIH@Z 00431580 f i Shapesvw.obj
 0001:00030640       ?_AfxPreviewCloseProc@CPrintPreviewState@@SGHPAVCFrameWnd@@@Z 00431640 f i Shapesvw.obj
 0001:000307e0       ?OnChangedViewList@CDocument@@QAEXXZ 004317e0 f i Shapesvw.obj
 0001:00030a70       ??1CView@@UAE@XZ           00431a70 f i Shapesvw.obj
 0001:00030c50       ?OnCmdMsg@CView@@UAEHIHPAXPAUAFX_CMDHANDLERINFO@@@Z 00431c50 f i Shapesvw.obj
 0001:00030d80       ?FromHandleDC@CModuleThreadState@@QAEPAVCDCMTL@@PAUHDC__@@PAV2@PAUHWND__@@P6APAXPAX3@Z@Z 00431d80 f i Shapesvw.obj
 0001:00030e10       ?DoPrintDialog@CWinApp@@QAEJPAVCPrintDialogMTL@@@Z 00431e10 f i Shapesvw.obj
 0001:00030ff0       ?OnFilePrint@CView@@QAEXXZ 00431ff0 f i Shapesvw.obj
 0001:00031eb0       ?Attach@?$CHandleWrapper@VCDCMTL@@PAUHDC__@@V?$CDCT@$00@WTL@@@@QAEHPAUHDC__@@@Z 00432eb0 f i Shapesvw.obj
 0001:00031f60       ?Detach@?$CHandleWrapper@VCDCMTL@@PAUHDC__@@V?$CDCT@$00@WTL@@@@QAEPAUHDC__@@XZ 00432f60 f i Shapesvw.obj
 0001:00031fd0       ?SetRect@CRect@WTL@@QAEXHHHH@Z 00432fd0 f i Shapesvw.obj
 0001:00031ff0       ?_AfxAbortProc@CPrintingDialog@@SGHPAUHDC__@@H@Z 00432ff0 f i Shapesvw.obj
 0001:00032050       ??0CPrintingDialog@@QAE@PAVCWnd@@@Z 00433050 f i Shapesvw.obj
 0001:000320d0       ?OnInitDialog@CPrintingDialog@@UAEHXZ 004330d0 f i Shapesvw.obj
 0001:00032320       ?OnCancel@CPrintingDialog@@UAEXXZ 00433320 f i Shapesvw.obj
 0001:00032350       ??_GCPrintingDialog@@UAEPAXI@Z 00433350 f i Shapesvw.obj
 0001:00032350       ??_ECPrintingDialog@@UAEPAXI@Z 00433350 f i Shapesvw.obj
 0001:00032370       ??1CPrintingDialog@@UAE@XZ 00433370 f i Shapesvw.obj
 0001:00032590       ?GetPathName@CFileDialogMTL@@QAE?AVCString@WTL@@XZ 00433590 f i Shapesvw.obj
 0001:00032870       ??1CPrintInfo@@QAE@XZ      00433870 f i Shapesvw.obj
 0001:00032910       ??_GCPrintDialogMTL@@QAEPAXI@Z 00433910 f i Shapesvw.obj
 0001:00033340       ?GetRuntimeClass@CObject@@UBEPAUCRuntimeClass@@XZ 00434340 f   Stdafx.obj
 0001:00033350       ?GetRuntimeClass@CCmdTarget@@UBEPAUCRuntimeClass@@XZ 00434350 f   Stdafx.obj
 0001:00033360       ?CreateObject@CWnd@@SAPAVCObject@@XZ 00434360 f   Stdafx.obj
 0001:000333a0       ?GetRuntimeClass@CWnd@@UBEPAUCRuntimeClass@@XZ 004343a0 f   Stdafx.obj
 0001:000333b0       ?GetRuntimeClass@CDialog@@UBEPAUCRuntimeClass@@XZ 004343b0 f   Stdafx.obj
 0001:000333c0       ?CreateObject@CFrameWnd@@SAPAVCObject@@XZ 004343c0 f   Stdafx.obj
 0001:00033580       ?GetRuntimeClass@CFrameWnd@@UBEPAUCRuntimeClass@@XZ 00434580 f   Stdafx.obj
 0001:00033590       ?GetRuntimeClass@CView@@UBEPAUCRuntimeClass@@XZ 00434590 f   Stdafx.obj
 0001:000335a0       ?GetRuntimeClass@CMultiDocTemplate@@UBEPAUCRuntimeClass@@XZ 004345a0 f   Stdafx.obj
 0001:000335b0       ?GetRuntimeClass@CControlBar@@UBEPAUCRuntimeClass@@XZ 004345b0 f   Stdafx.obj
 0001:000335c0       ?GetRuntimeClass@CToolBar@@UBEPAUCRuntimeClass@@XZ 004345c0 f   Stdafx.obj
 0001:000335d0       ?CreateObject@CMiniFrameWnd@@SAPAVCObject@@XZ 004345d0 f   Stdafx.obj
 0001:00033740       ?GetRuntimeClass@CMiniFrameWnd@@UBEPAUCRuntimeClass@@XZ 00434740 f   Stdafx.obj
 0001:00033750       ?CreateObject@CMDIFrameWnd@@SAPAVCObject@@XZ 00434750 f   Stdafx.obj
 0001:00033910       ?GetRuntimeClass@CMDIFrameWnd@@UBEPAUCRuntimeClass@@XZ 00434910 f   Stdafx.obj
 0001:00033920       ?CreateObject@CMDIChildWnd@@SAPAVCObject@@XZ 00434920 f   Stdafx.obj
 0001:00033ae0       ?GetRuntimeClass@CMDIChildWnd@@UBEPAUCRuntimeClass@@XZ 00434ae0 f   Stdafx.obj
 0001:00033af0       ?GetRuntimeClass@CScrollView@@UBEPAUCRuntimeClass@@XZ 00434af0 f   Stdafx.obj
 0001:00033b00       ?CreateObject@CPreviewView@@SAPAVCObject@@XZ 00434b00 f   Stdafx.obj
 0001:00033cc0       ?GetRuntimeClass@CPreviewView@@UBEPAUCRuntimeClass@@XZ 00434cc0 f   Stdafx.obj
 0001:00033cd0       ?GetRuntimeClass@CPropertyPageMTL@@UBEPAUCRuntimeClass@@XZ 00434cd0 f   Stdafx.obj
 0001:00033ce0       ?GetRuntimeClass@CPropertySheetMTL@@UBEPAUCRuntimeClass@@XZ 00434ce0 f   Stdafx.obj
 0001:00033cf0       ?GetRuntimeClass@CFileDialogMTL@@UBEPAUCRuntimeClass@@XZ 00434cf0 f   Stdafx.obj
 0001:00033d00       ?GetRuntimeClass@CToolTipCtrlMTL@@UBEPAUCRuntimeClass@@XZ 00434d00 f   Stdafx.obj
 0001:00033d10       _wWinMain@16               00434d10 f   Stdafx.obj
 0001:00034090       ?AtlModuleInit@ATL@@YGJPAU_ATL_MODULE@1@PAU_ATL_OBJMAP_ENTRY@1@PAUHINSTANCE__@@@Z 00435090 f i Stdafx.obj
 0001:00034120       ?_GetEmptyString@CString@WTL@@KGABV12@XZ 00435120 f i Stdafx.obj
 0001:00034130       ?_AtlGetStringResourceImage@CAfx@@SAPBUATLSTRINGRESOURCEIMAGE@@PAUHINSTANCE__@@PAUHRSRC__@@I@Z 00435130 f i Stdafx.obj
 0001:000341a0       ??1CScrollView@@UAE@XZ     004351a0 f i Stdafx.obj
 0001:00034340       ?OnPrepareDC@CScrollView@@UAEXPAVCDCMTL@@PAUCPrintInfo@@@Z 00435340 f i Stdafx.obj
 0001:000344b0       ?SetViewportExt@CDCMTL@@QAE?AVCSize@WTL@@HH@Z 004354b0 f i Stdafx.obj
 0001:00034520       ?SetWindowExt@CDCMTL@@QAE?AVCSize@WTL@@HH@Z 00435520 f i Stdafx.obj
 0001:00034590       ?OnScroll@CScrollView@@UAEHIIH@Z 00435590 f i Stdafx.obj
 0001:000346d0       ?OnScrollBy@CScrollView@@UAEHVCSize@WTL@@H@Z 004356d0 f i Stdafx.obj
 0001:000349e0       ?GetScrollInfo@CWMHnd@@QAEHHPAUtagSCROLLINFO@@I@Z 004359e0 f i Stdafx.obj
 0001:00034a20       ?CCalcWindowRect@CScrollView@@UAEXPAUtagRECT@@I@Z 00435a20 f i Stdafx.obj
 0001:00034b40       ?GetWheelScrollDistance@CScrollView@@UAE?AVCSize@WTL@@V23@HH@Z 00435b40 f i Stdafx.obj
 0001:00034ba0       ??_GCScrollView@@UAEPAXI@Z 00435ba0 f i Stdafx.obj
[...]
 0003:00000800       ?__pMyUnhandledExceptionFilter@@3PAXA 0044e800     LIBCMT:throw.obj
 0003:00000810       __XcptActTab               0044e810     LIBCMT:winxfltr.obj
 0003:00000888       __First_FPE_Indx           0044e888     LIBCMT:winxfltr.obj
 0003:0000088c       __Num_FPE                  0044e88c     LIBCMT:winxfltr.obj
 0003:00000890       __XcptActTabSize           0044e890     LIBCMT:winxfltr.obj
 0003:00000894       __XcptActTabCount          0044e894     LIBCMT:winxfltr.obj
 0003:00000898       ___badioinfo               0044e898     LIBCMT:ioinit.obj
 0003:000008bc       ___tlsindex                0044e8bc     LIBCMT:tidtable.obj
 0003:000008c0       __amblksiz                 0044e8c0     LIBCMT:heapinit.obj
 0003:00000958       __locktable                0044e958     LIBCMT:mlock.obj
 0003:00000a20       ___old_small_block_heap    0044ea20     LIBCMT:sbheap.obj
 0003:00002a44       ___old_sbh_threshold       00450a44     LIBCMT:sbheap.obj
 0003:00002a50       ?__pInconsistency@@3P6AXXZA 00450a50     LIBCMT:hooks.obj
 0003:00002a60       __timezone                 00450a60     LIBCMT:timeset.obj
 0003:00002a64       __daylight                 00450a64     LIBCMT:timeset.obj
 0003:00002a68       __dstbias                  00450a68     LIBCMT:timeset.obj
 0003:00002aec       __tzname                   00450aec     LIBCMT:timeset.obj
 0003:00002b14       __lpdays                   00450b14     LIBCMT:days.obj
 0003:00002b48       __days                     00450b48     LIBCMT:days.obj
 0003:00002ce8       __pctype                   00450ce8     LIBCMT:ctype.obj
 0003:00002cec       __pwctype                  00450cec     LIBCMT:ctype.obj
 0003:00002cf0       __ctype                    00450cf0     LIBCMT:ctype.obj
 0003:00002ef4       ___mb_cur_max              00450ef4     LIBCMT:nlsdata1.obj
 0003:00002ef8       ___decimal_point           00450ef8     LIBCMT:nlsdata1.obj
 0003:00002efc       ___decimal_point_length    00450efc     LIBCMT:nlsdata1.obj
 0003:00003110       ___lc_time_curr            00451110     LIBCMT:strftime.obj
 0003:00003118       ___lc_time_c               00451118     LIBCMT:strftime.obj
 0003:000031c8       ___lconv_static_decimal    004511c8     LIBCMT:lconv.obj
 0003:000031d0       ___lconv_c                 004511d0     LIBCMT:lconv.obj
 0003:00003200       ___lconv                   00451200     LIBCMT:lconv.obj
 0003:00003210       ?_pModule@ATL@@3PAVCComModule@1@A 00451210     Colorpge.obj
 0003:00003218       ?cwp@?1??GetHookOldCbtFilter@CWnd@@SAAAU_CreateWindowParam@2@XZ@4U32@A 00451218     Colorpge.obj
 0003:00003224       ??_C@_11A@?$AA?$AA@        00451224     Mainfrm.obj
 0003:00003228       ?theApp@@3VCPropDlgApp@@A  00451228     Propdlg.obj
 0003:000033d8       ?hHalftoneBrush@?1??HalftoneBrush@CAfx@@SAPAUHBRUSH__@@H@Z@4PAU3@A 004513d8     Propdlg.obj
 0003:000033dc       ?_afxMsgSETRGB@?1??_AfxCommDlgProc@CCommonDialog@@SGKPAUHWND__@@IIJ@Z@4IA 004513dc     Propdlg.obj
 0003:000033e0       ?_afxMsgHELP@?1??_AfxCommDlgProc@CCommonDialog@@SGKPAUHWND__@@IIJ@Z@4IA 004513e0     Propdlg.obj
 0003:000033e4       ?_afxMsgFILEOK@?1??_AfxCommDlgProc@CCommonDialog@@SGKPAUHWND__@@IIJ@Z@4IA 004513e4     Propdlg.obj
 0003:000033e8       ?_afxMsgSHAREVI@?1??_AfxCommDlgProc@CCommonDialog@@SGKPAUHWND__@@IIJ@Z@4IA 004513e8     Propdlg.obj
 0003:000033ec       ?_afxMsgLBSELCHANGE@?1??_AfxCommDlgProc@CCommonDialog@@SGKPAUHWND__@@IIJ@Z@4IA 004513ec     Propdlg.obj
 0003:000033f0       ?_init_CShape@@3UAFX_CLASSINIT@@A 004513f0     Shapeobj.obj
 0003:000033f8       ?m_pCWinApp@CWinApp@@2PAV1@A 004513f8     Stdafx.obj
 0003:00003400       ?rectDefault@CFrameWnd@@2VCRect@WTL@@B 00451400     Stdafx.obj
 0003:00003410       ?_AtlWinModule@@3VCComModule@ATL@@A 00451410     Stdafx.obj
 0003:00003498       ?wndTopMost@CWMHnd@@2V1@B  00451498     Stdafx.obj
 0003:000034c0       ?wndBottom@CWMHnd@@2V1@B   004514c0     Stdafx.obj
 0003:000034e8       ?wndTop@CWMHnd@@2V1@B      004514e8     Stdafx.obj
 0003:00003510       ?wndNoTopMost@CWMHnd@@2V1@B 00451510     Stdafx.obj
 0003:00003538       ?_afxGotScrollLines@?1??_AfxGetMouseScrollLines@CScrollView@@QAEIXZ@4HA 00451538     Stdafx.obj
 0003:0000353c       __aenvptr                  0045153c     LIBCMT:wwincrt0.obj
 0003:00003540       __wenvptr                  00451540     LIBCMT:wwincrt0.obj
 0003:00003544       ___error_mode              00451544     LIBCMT:wwincrt0.obj
 0003:00003548       __umaskval                 00451548     LIBCMT:crt0dat.obj
 0003:0000354c       __osver                    0045154c     LIBCMT:crt0dat.obj
 0003:00003550       __winver                   00451550     LIBCMT:crt0dat.obj
 0003:00003554       __winmajor                 00451554     LIBCMT:crt0dat.obj
 0003:00003558       __winminor                 00451558     LIBCMT:crt0dat.obj
 0003:0000355c       ___argc                    0045155c     LIBCMT:crt0dat.obj
 0003:00003560       ___argv                    00451560     LIBCMT:crt0dat.obj
 0003:00003564       ___wargv                   00451564     LIBCMT:crt0dat.obj
 0003:00003568       __environ                  00451568     LIBCMT:crt0dat.obj
 0003:0000356c       ___initenv                 0045156c     LIBCMT:crt0dat.obj
 0003:00003570       __wenviron                 00451570     LIBCMT:crt0dat.obj
 0003:00003574       ___winitenv                00451574     LIBCMT:crt0dat.obj
 0003:00003578       __pgmptr                   00451578     LIBCMT:crt0dat.obj
 0003:0000357c       __wpgmptr                  0045157c     LIBCMT:crt0dat.obj
 0003:00003580       __exitflag                 00451580     LIBCMT:crt0dat.obj
 0003:00003584       __C_Termination_Done       00451584     LIBCMT:crt0dat.obj
 0003:00003588       __C_Exit_Done              00451588     LIBCMT:crt0dat.obj
 0003:0000379c       __adbgmsg                  0045179c     LIBCMT:crt0msg.obj
 0003:00003800       __newmode                  00451800     LIBCMT:_newmode.obj
 0003:00003804       ?_pnhHeap@@3P6AHI@ZA       00451804     LIBCMT:handler.obj
 0003:000038f4       ___lc_handle               004518f4     LIBCMT:nlsdata2.obj
 0003:0000390c       ___lc_codepage             0045190c     LIBCMT:nlsdata2.obj
 0003:00003910       ___lc_collate_cp           00451910     LIBCMT:nlsdata2.obj
 0003:00003950       ___lc_time_intl            00451950     LIBCMT:inittime.obj
 0003:0000396c       ___lc_id                   0045196c     LIBCMT:nlsdata3.obj
 0003:000039bc       ___lconv_static_null       004519bc     LIBCMT:lconv.obj
 0003:000039cc       ?uCachedScrollLines@?1??_AfxGetMouseScrollLines@CScrollView@@QAEIXZ@4IA 004519cc     <common>
 0003:000039d0       ?_afxWinState@?1??GetAfxWinState@CPrintingDialog@@SAPAV_AFX_WIN_STATE@@XZ@4V3@A 004519d0     <common>
 0003:000039d4       ?$S26@?1??_GetAfxPropPageFontInfo@CPropertyPageMTL@@SAAAU_AFX_PROPPAGEFONTINFO@@XZ@4EA 004519d4     <common>
 0003:000039d8       ?_afxPropPageFontInfo@?1??_GetAfxPropPageFontInfo@CPropertyPageMTL@@SAAAU_AFX_PROPPAGEFONTINFO@@XZ@4U3@A 004519d8     <common>
 0003:000039e0       ?$S12@?1??GetAfxData@CAfx@@SAABU_AUX_DATA@@XZ@4EA 004519e0     <common>
 0003:00003a00       ?_afxdata@?1??GetAfxData@CAfx@@SAABU_AUX_DATA@@XZ@4U3@A 00451a00     <common>
 0003:00003a34       ?$S55@?1??GetCModuleState@CWinApp@@SAPAVCModuleState@@XZ@4EA 00451a34     <common>
 0003:00003a40       ?cModuleState@?1??GetCModuleState@CWinApp@@SAPAVCModuleState@@XZ@4V3@A 00451a40     <common>
 0003:00003a64       ?m_lastSentMsg@?1??GetLastSentMsg@CCmdTarget@@SAAAPAUtagMSG@@XZ@4PAU3@A 00451a64     <common>
 0003:00003a68       ?$S5@?1??GetCException@CAfx@@SAAAVCException@@H@Z@4EA 00451a68     <common>
 0003:00003a70       ?_simpleInvalidArgException@?1??GetCException@CAfx@@SAAAVCException@@H@Z@4VCInvalidArgException@@A 00451a70     <common>
 0003:00003a78       ?_simpleMemoryException@?1??GetCException@CAfx@@SAAAVCException@@H@Z@4VCMemoryException@@A 00451a78     <common>
 0003:00003a80       ?_simpleNotSupportedException@?1??GetCException@CAfx@@SAAAVCException@@H@Z@4VCNotSupportedException@@A 00451a80     <common>
 0003:00003a88       ?_simpleResourceException@?1??GetCException@CAfx@@SAAAVCException@@H@Z@4VCResourceException@@A 00451a88     <common>
 0003:00003a90       ___mbcodepage              00451a90     <common>
 0003:00003aa0       ___mbulinfo                00451aa0     <common>
 0003:00003aac       ___ismbcodepage            00451aac     <common>
 0003:00003ac0       __mbcasemap                00451ac0     <common>
 0003:00003bc0       __mbctype                  00451bc0     <common>
 0003:00003cc4       ___mblcid                  00451cc4     <common>
 0003:00003cc8       ___setlc_active            00451cc8     <common>
 0003:00003ccc       ___unguarded_readlc_active 00451ccc     <common>
 0003:00003cd0       ___sbh_sizeHeaderList      00451cd0     <common>
 0003:00003cd4       ___sbh_indGroupDefer       00451cd4     <common>
 0003:00003cd8       ___sbh_pHeaderScan         00451cd8     <common>
 0003:00003cdc       ___sbh_pHeaderDefer        00451cdc     <common>
 0003:00003ce0       ___sbh_cntHeaderList       00451ce0     <common>
 0003:00003ce4       ___sbh_pHeaderList         00451ce4     <common>
 0003:00003ce8       ___sbh_threshold           00451ce8     <common>
 0003:00003cec       __crtheap                  00451cec     <common>
 0003:00003cf0       ___active_heap             00451cf0     <common>
 0003:00003d00       ___pioinfo                 00451d00     <common>
 0003:00003e00       __nhandle                  00451e00     <common>
 0003:00003e04       ___env_initialized         00451e04     <common>
 0003:00003e08       ___mbctype_initialized     00451e08     <common>
 0003:00003e0c       ___onexitend               00451e0c     <common>
 0003:00003e10       ___onexitbegin             00451e10     <common>
 0003:00003e14       __FPinit                   00451e14     <common>
 0003:00003e18       __wcmdln                   00451e18     <common>

 entry point at        0001:0003c93a

 Static symbols

 0001:00032930       _$E62                      00433930 f   Stdafx.obj
 0001:00032940       _$E58                      00433940 f   Stdafx.obj
 0001:00032970       _$E61                      00433970 f   Stdafx.obj
 0001:00032980       _$E59                      00433980 f   Stdafx.obj
 0001:00032ba0       _$E67                      00433ba0 f   Stdafx.obj
 0001:00032bb0       _$E64                      00433bb0 f   Stdafx.obj
 0001:00032be0       _$E66                      00433be0 f   Stdafx.obj
 0001:00032bf0       _$E65                      00433bf0 f   Stdafx.obj
 0001:00032e10       _$E72                      00433e10 f   Stdafx.obj
 0001:00032e20       _$E69                      00433e20 f   Stdafx.obj
 0001:00032e60       _$E71                      00433e60 f   Stdafx.obj
 0001:00032e70       _$E70                      00433e70 f   Stdafx.obj
 0001:00033090       _$E77                      00434090 f   Stdafx.obj
 0001:000330a0       _$E74                      004340a0 f   Stdafx.obj
 0001:000330e0       _$E76                      004340e0 f   Stdafx.obj
 0001:000330f0       _$E75                      004340f0 f   Stdafx.obj
 0001:00033310       _$E80                      00434310 f   Stdafx.obj
 0001:00033320       _$E79                      00434320 f   Stdafx.obj
 0001:0002d390       ?_AtlCreateDC@WTL@@YAPAUHDC__@@PAX0@Z 0042e390 f   Shapesvw.obj
 0001:0002b380       _$E60                      0042c380 f   Shapeobj.obj
 0001:0002b390       _$E59                      0042c390 f   Shapeobj.obj
 0001:000194e0       _$E67                      0041a4e0 f   Propdlg.obj
 0001:000194f0       _$E64                      0041a4f0 f   Propdlg.obj
 0001:00019500       _$E66                      0041a500 f   Propdlg.obj
 0001:00019510       _$E65                      0041a510 f   Propdlg.obj
 0001:00043002       _findenv                   00444002 f   LIBCMT:setenv.obj
 0001:0004305a       _copy_environ              0044405a f   LIBCMT:setenv.obj
 0001:00042c34       _getSystemCP               00443c34 f   LIBCMT:mbctype.obj
 0001:00042c7e       _CPtoLCID                  00443c7e f   LIBCMT:mbctype.obj
 0001:00042cb1       _setSBCS                   00443cb1 f   LIBCMT:mbctype.obj
 0001:00042cda       _setSBUpLow                00443cda f   LIBCMT:mbctype.obj
 0001:00042a5c       _strncnt                   00443a5c f   LIBCMT:a_cmp.obj
 0001:00042a5c       _strncnt                   00443a5c f   LIBCMT:a_cmp.obj
 0001:00042388       _siglookup                 00443388 f   LIBCMT:winsig.obj
 0001:000418c2       _strtoxl                   004428c2 f   LIBCMT:strtol.obj
 0001:0004124d       __tzset_lk                 0044224d f   LIBCMT:tzset.obj
 0001:000414f5       __isindst_lk               004424f5 f   LIBCMT:tzset.obj
 0001:000416a1       _cvtdate                   004426a1 f   LIBCMT:tzset.obj
 0001:00040cf0       LeadUp1                    00441cf0 f   LIBCMT:memcpy.obj
 0001:00040d1c       LeadUp2                    00441d1c f   LIBCMT:memcpy.obj
 0001:00040d40       LeadUp3                    00441d40 f   LIBCMT:memcpy.obj
 0001:00040dbf       UnwindUp0                  00441dbf f   LIBCMT:memcpy.obj
 0001:00040dac       UnwindUp1                  00441dac f   LIBCMT:memcpy.obj
 0001:00040da4       UnwindUp2                  00441da4 f   LIBCMT:memcpy.obj
 0001:00040d9c       UnwindUp3                  00441d9c f   LIBCMT:memcpy.obj
 0001:00040d94       UnwindUp4                  00441d94 f   LIBCMT:memcpy.obj
 0001:00040d8c       UnwindUp5                  00441d8c f   LIBCMT:memcpy.obj
 0001:00040d84       UnwindUp6                  00441d84 f   LIBCMT:memcpy.obj
 0001:00040d7c       UnwindUp7                  00441d7c f   LIBCMT:memcpy.obj
 0001:00040dd8       TrailUp0                   00441dd8 f   LIBCMT:memcpy.obj
 0001:00040de0       TrailUp1                   00441de0 f   LIBCMT:memcpy.obj
 0001:00040dec       TrailUp2                   00441dec f   LIBCMT:memcpy.obj
 0001:00040e00       TrailUp3                   00441e00 f   LIBCMT:memcpy.obj
 0001:00040e78       LeadDown1                  00441e78 f   LIBCMT:memcpy.obj
 0001:00040e98       LeadDown2                  00441e98 f   LIBCMT:memcpy.obj
 0001:00040ec0       LeadDown3                  00441ec0 f   LIBCMT:memcpy.obj
 0001:00040f14       UnwindDown7                00441f14 f   LIBCMT:memcpy.obj
 0001:00040f1c       UnwindDown6                00441f1c f   LIBCMT:memcpy.obj
 0001:00040f24       UnwindDown5                00441f24 f   LIBCMT:memcpy.obj
 0001:00040f2c       UnwindDown4                00441f2c f   LIBCMT:memcpy.obj
 0001:00040f34       UnwindDown3                00441f34 f   LIBCMT:memcpy.obj
 0001:00040f3c       UnwindDown2                00441f3c f   LIBCMT:memcpy.obj
 0001:00040f44       UnwindDown1                00441f44 f   LIBCMT:memcpy.obj
 0001:00040f57       UnwindDown0                00441f57 f   LIBCMT:memcpy.obj
 0001:00040f70       TrailDown0                 00441f70 f   LIBCMT:memcpy.obj
 0001:00040f78       TrailDown1                 00441f78 f   LIBCMT:memcpy.obj
 0001:00040f88       TrailDown2                 00441f88 f   LIBCMT:memcpy.obj
 0001:00040f9c       TrailDown3                 00441f9c f   LIBCMT:memcpy.obj
 0001:0004023e       ?FindHandler@@YAXPAUEHExceptionRecord@@PAUEHRegistrationNode@@PAU_CONTEXT@@PAXPBU_s_FuncInfo@@EH1@Z 0044123e f   LIBCMT:frame.obj
 0001:000403f1       ?FindHandlerForForeignException@@YAXPAUEHExceptionRecord@@PAUEHRegistrationNode@@PAU_CONTEXT@@PAXPBU_s_FuncInfo@@HH1@Z 004413f1 f   LIBCMT:frame.obj
 0001:0004049b       ?TypeMatch@@YAHPBU_s_HandlerType@@PBU_s_CatchableType@@PBU_s_ThrowInfo@@@Z 0044149b f   LIBCMT:frame.obj
 0001:00040596       ?FrameUnwindFilter@@YAHPAU_EXCEPTION_POINTERS@@@Z 00441596 f   LIBCMT:frame.obj
 0001:000405ac       ?CatchIt@@YAXPAUEHExceptionRecord@@PAUEHRegistrationNode@@PAU_CONTEXT@@PAXPBU_s_FuncInfo@@PBU_s_HandlerType@@PBU_s_CatchableType@@PBU_s_TryBlockMapEntry@@H1E@Z 004415ac f   LIBCMT:frame.obj
 0001:00040627       ?CallCatchBlock@@YAPAXPAUEHExceptionRecord@@PAUEHRegistrationNode@@PAU_CONTEXT@@PBU_s_FuncInfo@@PAXHK@Z 00441627 f   LIBCMT:frame.obj
 0001:00040742       ?ExFilterRethrow@@YAHPAU_EXCEPTION_POINTERS@@@Z 00441742 f   LIBCMT:frame.obj
 0001:0004076c       ?BuildCatchObject@@YAXPAUEHExceptionRecord@@PAUEHRegistrationNode@@PBU_s_HandlerType@@PBU_s_CatchableType@@@Z 0044176c f   LIBCMT:frame.obj
 0001:00040997       ?AdjustPointer@@YAPAXPAXABUPMD@@@Z 00441997 f   LIBCMT:frame.obj
 0001:0003e3d5       _wparse_cmdline            0043f3d5 f   LIBCMT:wstdargv.obj
 0001:0003e20f       _xcptlookup                0043f20f f   LIBCMT:winxfltr.obj
 0001:0003dd6c       __make_time_t              0043ed6c f   LIBCMT:mktime.obj
 0001:0003d7e4       _doexit                    0043e7e4 f   LIBCMT:crt0dat.obj
 0001:0003d89b       __initterm                 0043e89b f   LIBCMT:crt0dat.obj
 0001:0003d4d0       LeadUp1                    0043e4d0 f   LIBCMT:memmove.obj
 0001:0003d4fc       LeadUp2                    0043e4fc f   LIBCMT:memmove.obj
 0001:0003d520       LeadUp3                    0043e520 f   LIBCMT:memmove.obj
 0001:0003d59f       UnwindUp0                  0043e59f f   LIBCMT:memmove.obj
 0001:0003d58c       UnwindUp1                  0043e58c f   LIBCMT:memmove.obj
 0001:0003d584       UnwindUp2                  0043e584 f   LIBCMT:memmove.obj
 0001:0003d57c       UnwindUp3                  0043e57c f   LIBCMT:memmove.obj
 0001:0003d574       UnwindUp4                  0043e574 f   LIBCMT:memmove.obj
 0001:0003d56c       UnwindUp5                  0043e56c f   LIBCMT:memmove.obj
 0001:0003d564       UnwindUp6                  0043e564 f   LIBCMT:memmove.obj
 0001:0003d55c       UnwindUp7                  0043e55c f   LIBCMT:memmove.obj
 0001:0003d5b8       TrailUp0                   0043e5b8 f   LIBCMT:memmove.obj
 0001:0003d5c0       TrailUp1                   0043e5c0 f   LIBCMT:memmove.obj
 0001:0003d5cc       TrailUp2                   0043e5cc f   LIBCMT:memmove.obj
 0001:0003d5e0       TrailUp3                   0043e5e0 f   LIBCMT:memmove.obj
 0001:0003d658       LeadDown1                  0043e658 f   LIBCMT:memmove.obj
 0001:0003d678       LeadDown2                  0043e678 f   LIBCMT:memmove.obj
 0001:0003d6a0       LeadDown3                  0043e6a0 f   LIBCMT:memmove.obj
 0001:0003d6f4       UnwindDown7                0043e6f4 f   LIBCMT:memmove.obj
 0001:0003d6fc       UnwindDown6                0043e6fc f   LIBCMT:memmove.obj
 0001:0003d704       UnwindDown5                0043e704 f   LIBCMT:memmove.obj
 0001:0003d70c       UnwindDown4                0043e70c f   LIBCMT:memmove.obj
 0001:0003d714       UnwindDown3                0043e714 f   LIBCMT:memmove.obj
 0001:0003d71c       UnwindDown2                0043e71c f   LIBCMT:memmove.obj
 0001:0003d724       UnwindDown1                0043e724 f   LIBCMT:memmove.obj
 0001:0003d737       UnwindDown0                0043e737 f   LIBCMT:memmove.obj
 0001:0003d750       TrailDown0                 0043e750 f   LIBCMT:memmove.obj
 0001:0003d758       TrailDown1                 0043e758 f   LIBCMT:memmove.obj
 0001:0003d768       TrailDown2                 0043e768 f   LIBCMT:memmove.obj
 0001:0003d77c       TrailDown3                 0043e77c f   LIBCMT:memmove.obj
 0001:00040596       ?ArrayUnwindFilter@@YAHPAU_EXCEPTION_POINTERS@@@Z 00441596 f   LIBCMT:frame.obj
 0001:0003cf08       _gu_return                 0043df08 f   LIBCMT:exsup.obj
 0001:0003cf10       __unwind_handler           0043df10 f   LIBCMT:exsup.obj
 0001:0003cd24       ?CatchGuardHandler@@YA?AW4_EXCEPTION_DISPOSITION@@PAUEHExceptionRecord@@PAUCatchGuardRN@@PAX2@Z 0043dd24 f   LIBCMT:trnsctrl.obj
 0001:0003cdff       ?TranslatorGuardHandler@@YA?AW4_EXCEPTION_DISPOSITION@@PAUEHExceptionRecord@@PAUTranslatorGuardRN@@PAX2@Z 0043ddff f   LIBCMT:trnsctrl.obj
 0001:0003ca66       _fast_error_exit           0043da66 f   LIBCMT:wwincrt0.obj

 4887 bytes saved through ICF

