 propdlg

 Timestamp is 59474121 (Mon Jun 19 12:12:33 2017)

 Preferred load address is 00400000

 Start         Length     Name                   Class
 0001:00000000 0003d5d6H .text                   CODE
 0001:0003d5e0 00001813H .text$x                 CODE
 0002:00000000 00000544H .idata$5                DATA
 0002:00000548 00001f04H .rdata                  DATA
 0002:00002450 00000044H .rdata$r                DATA
 0002:00002498 00001e08H .xdata$x                DATA
 0002:000042a0 000000b4H .idata$2                DATA
 0002:00004354 00000014H .idata$3                DATA
 0002:00004368 00000544H .idata$4                DATA
 0002:000048ac 0000161eH .idata$6                DATA
 0002:00005eca 00000000H .edata                  DATA
 0003:00000000 00000004H .CRT$XCA                DATA
 0003:00000004 0000001cH .CRT$XCU                DATA
 0003:00000020 00000004H .CRT$XCZ                DATA
 0003:00000024 00000004H .CRT$XIA                DATA
 0003:00000028 00000008H .CRT$XIC                DATA
 0003:00000030 00000004H .CRT$XIY                DATA
 0003:00000034 00000004H .CRT$XIZ                DATA
 0003:00000038 00000004H .CRT$XPA                DATA
 0003:0000003c 00000004H .CRT$XPZ                DATA
 0003:00000040 00000004H .CRT$XTA                DATA
 0003:00000044 00000004H .CRT$XTB                DATA
 0003:00000048 00000004H .CRT$XTZ                DATA
 0003:00000050 000031c0H .data                   DATA
 0003:00003210 00000bacH .bss                    DATA
 0004:00000000 000010f0H .rsrc$01                DATA
 0004:000010f0 00006818H .rsrc$02                DATA

  Address         Publics by Value              Rva+Base     Lib:Object

 0001:00000000       ??0CColorPage@@QAE@XZ      00401000 f   Colorpge.obj
 0001:000001a0       ??_ECColorPage@@UAEPAXI@Z  004011a0 f i Colorpge.obj
 0001:000001a0       ??_GCColorPage@@UAEPAXI@Z  004011a0 f i Colorpge.obj
 0001:000001c0       ??1CColorPage@@UAE@XZ      004011c0 f i Colorpge.obj
 0001:000002d0       ?DoDataExchange@CColorPage@@MAEXPAVCDataExchange@@@Z 004012d0 f   Colorpge.obj
 0001:00000390       ?_ProcessWindowMessage@CColorPage@@UAEHPAUHWND__@@IIJAAJ@Z 00401390 f i Colorpge.obj
 0001:000003f0       ??1CString@WTL@@QAE@XZ     004013f0 f i Colorpge.obj
 0001:00000420       ?GetCException@CAfx@@SAAAVCException@@H@Z 00401420 f i Colorpge.obj
 0001:00000530       ?IsDerivedFrom@CRuntimeClass@@QBEHPBU1@@Z 00401530 f i Colorpge.obj
 0001:00000550       ?GetCurrentMessage@CCmdTarget@@UBEPBUtagMSG@@XZ 00401550 f i Colorpge.obj
 0001:00000560       ?OnCmdMsg@CCmdTarget@@UAEHIHPAXPAUAFX_CMDHANDLERINFO@@@Z 00401560 f i Colorpge.obj
 0001:00000560       ?OnCmdMsg@CDocTemplate@@UAEHIHPAXPAUAFX_CMDHANDLERINFO@@@Z 00401560 f i Colorpge.obj
 0001:00000640       ?OnFileNameOK@CFileDialogMTL@@UAEHXZ 00401640 f i Colorpge.obj
 0001:00000640       ?GetEventSinkMap@CCmdTarget@@UBEPBUAFX_EVENTSINKMAP@@XZ 00401640 f i Colorpge.obj
 0001:00000640       ?IsFrameWnd@CWMHnd@@UAEHXZ 00401640 f i Colorpge.obj
 0001:00000640       ?IsTabbedMDIChild@CMDIChildWnd@@UAEHXZ 00401640 f i Colorpge.obj
 0001:00000640       ?GetDefaultAccelerator@CDocument@@UAEPAUHACCEL__@@XZ 00401640 f i Colorpge.obj
 0001:00000640       ?OnWizardBack@CPropertyPageMTL@@UAEJXZ 00401640 f i Colorpge.obj
 0001:00000640       ?OnWizardNext@CPropertyPageMTL@@UAEJXZ 00401640 f i Colorpge.obj
 0001:00000640       ?IsDockBar@CControlBar@@UBEHXZ 00401640 f i Colorpge.obj
 0001:00000650       ??0CWMHnd@@QAE@PAUHWND__@@@Z 00401650 f i Colorpge.obj
 0001:00000670       ?_ProcessWindowMessage@CCmdTarget@@UAEHPAUHWND__@@IIJAAJ@Z 00401670 f i Colorpge.obj
 0001:00000670       ?_ProcessWindowMessage@CPrintDialogMTL@@UAEHPAUHWND__@@IIJAAJ@Z 00401670 f i Colorpge.obj
 0001:00000680       ??1CWMHnd@@UAE@XZ          00401680 f i Colorpge.obj
 0001:00000690       ?CalcWindowRect@CWMHnd@@UAEXPAUtagRECT@@I@Z 00401690 f i Colorpge.obj
 0001:000006d0       ?EnableWindow@CWMHnd@@UAEXH@Z 004016d0 f i Colorpge.obj
 0001:000006f0       ?GetMenu@CWMHnd@@UBEPAVCMenuMTL@@XZ 004016f0 f i Colorpge.obj
 0001:00000720       ?classHandleFuncCMenuMTL@CMenuMTL@@SAPAXPAX0@Z 00401720 f i Colorpge.obj
 0001:00000760       ??_GCMenuMTL@@UAEPAXI@Z    00401760 f i Colorpge.obj
 0001:00000760       ??_ECMenuMTL@@UAEPAXI@Z    00401760 f i Colorpge.obj
 0001:00000780       ??1CMenuMTL@@UAE@XZ        00401780 f i Colorpge.obj
 0001:000007d0       ?SetMenu@CWMHnd@@UAEHPAVCMenuMTL@@@Z 004017d0 f i Colorpge.obj
 0001:00000800       ?CWndDestruct@CWnd@@QAEXXZ 00401800 f i Colorpge.obj
 0001:00000860       ?classHandleFuncCWnd@CWnd@@SAPAXPAX0@Z 00401860 f i Colorpge.obj
 0001:000008c0       ?DefWindowProcW@CWnd@@UAEJIIJ@Z 004018c0 f i Colorpge.obj
 0001:000008e0       ?WindowProc@CWnd@@UAEJIIJ@Z 004018e0 f i Colorpge.obj
 0001:00000930       ?OnWndMsg@CWnd@@UAEHIIJPAJ@Z 00401930 f i Colorpge.obj
 0001:000009b0       ?OnChildNotify@CWnd@@UAEHIIJPAJ@Z 004019b0 f i Colorpge.obj
 0001:00000ba0       ?OnCommand@CWnd@@UAEHIJ@Z  00401ba0 f i Colorpge.obj
 0001:00000cd0       ?Enable@CTestCmdUI@@UAEXH@Z 00401cd0 f i Colorpge.obj
 0001:00000cf0       ?SetText@CTestCmdUI@@UAEXPBG@Z 00401cf0 f i Colorpge.obj
 0001:00000cf0       ?SetText@CToolCmdUI@@UAEXPBG@Z 00401cf0 f i Colorpge.obj
 0001:00000cf0       ?SetRadio@CTestCmdUI@@UAEXH@Z 00401cf0 f i Colorpge.obj
 0001:00000cf0       ?RegisterShellFileTypes@CDocManager@@UAEXH@Z 00401cf0 f i Colorpge.obj
 0001:00000cf0       ?OnFinalMessage@?$CWindowImplBaseT@VCWindow@ATL@@V?$CWinTraits@$0FGAAAAAA@$0A@@2@@ATL@@UAEXPAUHWND__@@@Z 00401cf0 f i Colorpge.obj
 0001:00000cf0       ?Serialize@CObject@@UAEXAAVCArchive@@@Z 00401cf0 f i Colorpge.obj
 0001:00000cf0       ?SetCheck@CTestCmdUI@@UAEXH@Z 00401cf0 f i Colorpge.obj
 0001:00000cf0       ?OnDocumentEvent@CDocument@@UAEXW4DocumentEvent@1@@Z 00401cf0 f i Colorpge.obj
 0001:00000cf0       ?PreCloseFrame@CDocument@@UAEXPAVCFrameWnd@@@Z 00401cf0 f i Colorpge.obj
 0001:00000cf0       ?DoDataExchange@CWMHnd@@UAEXPAVCDataExchange@@@Z 00401cf0 f i Colorpge.obj
 0001:00000cf0       ?OnDraw@CView@@UAEXPAVCDCMTL@@@Z 00401cf0 f i Colorpge.obj
 0001:00000d00       ?OnToolHitTest@CWnd@@UBEJVCPoint@WTL@@PAUtagTOOLINFOW@@@Z 00401d00 f i Colorpge.obj
 0001:00000e30       ?OnNotify@CWnd@@UAEHIJPAJ@Z 00401e30 f i Colorpge.obj
 0001:00000f00       ?Create@CWnd@@UAEHPBG0KABUtagRECT@@PAV1@IPAUCCreateContext@@@Z 00401f00 f i Colorpge.obj
 0001:00000f60       ?CreateEx@CWnd@@UAEHKPBG0KHHHHPAUHWND__@@PAUHMENU__@@PAX@Z 00401f60 f i Colorpge.obj
 0001:000010f0       ?CbtFilterHook@CWnd@@SGJHIJ@Z 004020f0 f i Colorpge.obj
 0001:00001220       ?AfxWindowProc@CWnd@@SGJPAUHWND__@@IIJ@Z 00402220 f i Colorpge.obj
 0001:00001270       ?DestroyWindow@CWnd@@UAEHXZ 00402270 f i Colorpge.obj
 0001:00001280       ?PreCreateWindow@CWnd@@UAEHAAUtagCREATESTRUCTW@@@Z 00402280 f i Colorpge.obj
 0001:000015d0       ??YCString@WTL@@QAEAAV01@PBG@Z 004025d0 f i Colorpge.obj
 0001:00001710       ?memcpy_x@SecureHelper@WTL@@YAXPAXIPBXI@Z 00402710 f i Colorpge.obj
 0001:00001740       ?AllocBuffer@CString@WTL@@IAEHH@Z 00402740 f i Colorpge.obj
 0001:000017a0       ?ConcatInPlace@CString@WTL@@IAEXHPBG@Z 004027a0 f i Colorpge.obj
 0001:000018d0       ?_AfxInitCommonControls@CAfx@@SAJPAUtagINITCOMMONCONTROLSEX@@J@Z 004028d0 f i Colorpge.obj
 0001:000018f0       ?_AfxRegisterWithIcon@CAfx@@SAHPAUtagWNDCLASSW@@PBGI@Z 004028f0 f i Colorpge.obj
 0001:00001b30       ?Release@CString@WTL@@KGXPAUCStringData@2@@Z 00402b30 f i Colorpge.obj
 0001:00001b60       ?AfxRegisterClass@CAfx@@SAHPAUtagWNDCLASSW@@@Z 00402b60 f i Colorpge.obj
 0001:00001da0       ?ContinueModal@CWnd@@UAEHXZ 00402da0 f i Colorpge.obj
 0001:00001db0       ?EndModalLoop@CWnd@@UAEXH@Z 00402db0 f i Colorpge.obj
 0001:00001de0       ??_GCWnd@@UAEPAXI@Z        00402de0 f i Colorpge.obj
 0001:00001de0       ??_ECWnd@@UAEPAXI@Z        00402de0 f i Colorpge.obj
 0001:00001e00       ??1CWnd@@UAE@XZ            00402e00 f i Colorpge.obj
 0001:00001e50       ?_ProcessWindowMessage@CWnd@@UAEHPAUHWND__@@IIJAAJ@Z 00402e50 f i Colorpge.obj
 0001:000020b0       ??1?$CDCT@$00@WTL@@QAE@XZ  004030b0 f i Colorpge.obj
 0001:000020d0       ?SetAttribDC@CDCMTL@@UAEXPAUHDC__@@@Z 004030d0 f i Colorpge.obj
 0001:000020e0       ?ReleaseAttribDC@CDCMTL@@UAEXXZ 004030e0 f i Colorpge.obj
 0001:000020f0       ?SaveDC@CDCMTL@@UAEHXZ     004030f0 f i Colorpge.obj
 0001:00002130       ?RestoreDC@CDCMTL@@UAEHH@Z 00403130 f i Colorpge.obj
 0001:00002180       ?TextOutW@CDCMTL@@UAEHHHPBGH@Z 00403180 f i Colorpge.obj
 0001:000021b0       ??_GCDCMTL@@UAEPAXI@Z      004031b0 f i Colorpge.obj
 0001:000021b0       ??_ECDCMTL@@UAEPAXI@Z      004031b0 f i Colorpge.obj
 0001:000021d0       ??1CDCMTL@@UAE@XZ          004031d0 f i Colorpge.obj
 0001:000021d0       ??1?$CHandleWrapper@VCDCMTL@@PAUHDC__@@V?$CDCT@$00@WTL@@@@UAE@XZ 004031d0 f i Colorpge.obj
 0001:00002220       ?AfxUnsubclassWindow@CWnd@@QAEPAUHWND__@@XZ 00403220 f i Colorpge.obj
 0001:00002270       ?OnOK@CDialog@@UAEXXZ      00403270 f i Colorpge.obj
 0001:000022e0       ?OnCancel@CDialog@@UAEXXZ  004032e0 f i Colorpge.obj
 0001:00002310       ?OnInitDialog@CDialog@@UAEHXZ 00403310 f i Colorpge.obj
 0001:000023e0       ?ExecuteDlgInit@CWnd@@QAEHPAX@Z 004033e0 f i Colorpge.obj
 0001:000024c0       ?Create@CDialog@@UAEHIPAVCWnd@@@Z 004034c0 f i Colorpge.obj
 0001:000024e0       ?Create@CDialog@@UAEHPBGPAVCWnd@@@Z 004034e0 f i Colorpge.obj
 0001:00002620       ?AfxEndDeferRegisterClass@CAfx@@SAHJ@Z 00403620 f i Colorpge.obj
 0001:00002b20       ?CreateIndirect@CDialog@@UAEHPAXPAVCWnd@@PAUHINSTANCE__@@@Z 00403b20 f i Colorpge.obj
 0001:00002c20       ?DoModal@CDialog@@UAEJXZ   00403c20 f i Colorpge.obj
 0001:00002fc0       ?classHandleFuncCDialog@CDialog@@SAPAXPAX0@Z 00403fc0 f i Colorpge.obj
 0001:00003020       ?PreTranslateMessage@CDialog@@UAEHPAUtagMSG@@@Z 00404020 f i Colorpge.obj
 0001:00003100       ??_ECDialog@@UAEPAXI@Z     00404100 f i Colorpge.obj
 0001:00003100       ??_GCDialog@@UAEPAXI@Z     00404100 f i Colorpge.obj
 0001:00003120       ??1CDialog@@UAE@XZ         00404120 f i Colorpge.obj
 0001:00003170       ??_9@$BHM@AE               00404170 f i Colorpge.obj
 0001:00003180       ??_9@$BHI@AE               00404180 f i Colorpge.obj
 0001:00003190       ?AfxDlgProc@CWnd@@SGJPAUHWND__@@IIJ@Z 00404190 f i Colorpge.obj
 0001:00003380       ?AfxPropPageCallback@CPropertyPageMTL@@SGIPAUHWND__@@IPAU_PROPSHEETPAGEW@@@Z 00404380 f i Colorpge.obj
 0001:00003420       ?OnApply@CPropertyPageMTL@@UAEHXZ 00404420 f i Colorpge.obj
 0001:00003430       ?OnKillActive@CPropertyPageMTL@@UAEHXZ 00404430 f i Colorpge.obj
 0001:00003480       ?OnReset@CPropertyPageMTL@@UAEXXZ 00404480 f i Colorpge.obj
 0001:00003490       ?OnSetActive@CPropertyPageMTL@@UAEHXZ 00404490 f i Colorpge.obj
 0001:000034f0       ?OnWizardFinishEx@CPropertyPageMTL@@UAEPAUHWND__@@XZ 004044f0 f i Colorpge.obj
 0001:00003500       ?GetParentSheet@CPropertyPageMTL@@UAEPAVCPropertySheetMTL@@XZ 00404500 f i Colorpge.obj
 0001:00003550       ??_ECPropertyPageMTL@@UAEPAXI@Z 00404550 f i Colorpge.obj
 0001:00003550       ??_GCPropertyPageMTL@@UAEPAXI@Z 00404550 f i Colorpge.obj
 0001:00003570       ??1CPropertyPageMTL@@UAE@XZ 00404570 f i Colorpge.obj
 0001:00003680       ?_ProcessWindowMessage@CPropertyPageMTL@@UAEHPAUHWND__@@IIJAAJ@Z 00404680 f i Colorpge.obj
 0001:000038c0       ?OnNotify@CPropertyPageMTL@@UAEHIJPAJ@Z 004048c0 f i Colorpge.obj
 0001:00003bc0       ?OnWizardFinish@CPropertyPageMTL@@UAEHXZ 00404bc0 f i Colorpge.obj
 0001:00003c40       ?FromHandleWnd@CWinApp@@QAEPAVCWMHnd@@PAUHWND__@@PAV2@0P6APAXPAX2@Z@Z 00404c40 f i Colorpge.obj
 0001:00003d10       ?NewNode@?$CHandleList@PAXVCGdiObject@@PAUHWND__@@@@QAEPAV?$CHandlePair@PAXPAVCGdiObject@@PAUHWND__@@@@PAX@Z 00404d10 f i Colorpge.obj
 0001:00003d10       ?NewNode@?$CHandleList@PAUHMENU__@@VCMenuMTL@@PAUHWND__@@@@QAEPAV?$CHandlePair@PAUHMENU__@@PAVCMenuMTL@@PAUHWND__@@@@PAUHMENU__@@@Z 00404d10 f i Colorpge.obj
 0001:00003d10       ?NewNode@?$CHandleHashList@PAUHWND__@@VCWMHnd@@PAU1@$0BB@@@QAEPAV?$CHandlePair@PAUHWND__@@PAVCWMHnd@@PAU1@@@PAUHWND__@@@Z 00404d10 f i Colorpge.obj
 0001:00003d10       ?NewNode@?$CHandleList@PAUHDC__@@VCDCMTL@@PAUHWND__@@@@QAEPAV?$CHandlePair@PAUHDC__@@PAVCDCMTL@@PAUHWND__@@@@PAUHDC__@@@Z 00404d10 f i Colorpge.obj
 0001:00003d50       ?RemoveHandleWnd@CWinApp@@QAEPAUHWND__@@PAU2@@Z 00404d50 f i Colorpge.obj
 0001:00003fc0       ?FromHandleMenu@CWinApp@@QAEPAVCMenuMTL@@PAUHMENU__@@PAV2@PAUHWND__@@P6APAXPAX3@Z@Z 00404fc0 f i Colorpge.obj
 0001:00004050       ?RemoveHandleMenu@CWinApp@@QAEPAUHMENU__@@PAU2@@Z 00405050 f i Colorpge.obj
 0001:000040c0       ?RemoveHandleDC@CWinApp@@QAEPAUHDC__@@PAU2@@Z 004050c0 f i Colorpge.obj
 0001:00004130       ?_GetCModuleState@CWinApp@@SAPAVCModuleState@@XZ 00405130 f i Colorpge.obj
 0001:00004170       ??0CModuleState@@QAE@XZ    00405170 f i Colorpge.obj
 0001:000041a0       ?cModuleState@?1??_GetCModuleState@CWinApp@@SAPAVCModuleState@@XZ@$AV2@A 004051a0 f i Colorpge.obj
 0001:000041b0       ??1CModuleState@@QAE@XZ    004051b0 f i Colorpge.obj
 0001:00004240       ?FromHandle@CWnd@@SAPAV1@PAUHWND__@@PAV1@0P6APAXPAX2@Z@Z 00405240 f i Colorpge.obj
 0001:00004260       ?RemoveHandle@CDCMTL@@SAPAUHDC__@@PAU2@@Z 00405260 f i Colorpge.obj
 0001:00004280       ?OnCmdMsg@CPropertySheetMTL@@UAEHIHPAXPAUAFX_CMDHANDLERINFO@@@Z 00405280 f i Colorpge.obj
 0001:00004280       ?OnCmdMsg@CDialog@@UAEHIHPAXPAUAFX_CMDHANDLERINFO@@@Z 00405280 f i Colorpge.obj
 0001:00004420       ?PreTranslateMessage@CWnd@@UAEHPAUtagMSG@@@Z 00405420 f i Colorpge.obj
 0001:00004420       ?PreTranslateMessage@CPropertyPageMTL@@UAEHPAUtagMSG@@@Z 00405420 f i Colorpge.obj
 0001:00004440       ?GetRuntimeClass@CMainFrame@@UBEPAUCRuntimeClass@@XZ 00405440 f   Mainfrm.obj
 0001:00004450       ??0CMainFrame@@QAE@XZ      00405450 f   Mainfrm.obj
 0001:00004620       ?_ProcessWindowMessage@CMainFrame@@UAEHPAUHWND__@@IIJAAJ@Z 00405620 f i Mainfrm.obj
 0001:000049e0       ??_ECMainFrame@@UAEPAXI@Z  004059e0 f i Mainfrm.obj
 0001:000049e0       ??_GCMainFrame@@UAEPAXI@Z  004059e0 f i Mainfrm.obj
 0001:00004a00       ??1CMainFrame@@UAE@XZ      00405a00 f   Mainfrm.obj
 0001:00004b40       ?OnCreate@CMainFrame@@QAEHPAUtagCREATESTRUCTW@@@Z 00405b40 f   Mainfrm.obj
 0001:00004e00       ?OnMiniFramePropertySheet@CMainFrame@@QAEXXZ 00405e00 f   Mainfrm.obj
 0001:00005090       ?OnUpdateMiniFramePropertySheet@CMainFrame@@QAEXPAVCCmdUI@@@Z 00406090 f   Mainfrm.obj
 0001:000050d0       ?HideModelessPropSheet@CMainFrame@@QAEXXZ 004060d0 f   Mainfrm.obj
 0001:000050f0       ?CenterWindow@CWindow@ATL@@QAEHPAUHWND__@@@Z 004060f0 f i Mainfrm.obj
 0001:00005280       ??4CString@WTL@@QAEAAV01@PBG@Z 00406280 f i Mainfrm.obj
 0001:00005350       ?GetBuffer@CString@WTL@@QAEPAGH@Z 00406350 f i Mainfrm.obj
 0001:00005410       ?ReleaseBuffer@CString@WTL@@QAEXH@Z 00406410 f i Mainfrm.obj
 0001:000054e0       ?_LoadString@CString@WTL@@KGHIPAGI@Z 004064e0 f i Mainfrm.obj
 0001:00005510       ?_GetAfxData@CAfx@@SAABU_AUX_DATA@@XZ 00406510 f i Mainfrm.obj
 0001:00005600       ??0CWnd@@QAE@PAUHWND__@@@Z 00406600 f i Mainfrm.obj
 0001:00005640       ??0CControlBar@@QAE@XZ     00406640 f i Mainfrm.obj
 0001:000056f0       ?WindowProc@CControlBar@@UAEJIIJ@Z 004066f0 f i Mainfrm.obj
 0001:00005980       ?CalcDynamicLayout@CControlBar@@UAE?AVCSize@WTL@@HK@Z 00406980 f i Mainfrm.obj
 0001:000059b0       ?CalcFixedLayout@CControlBar@@UAE?AVCSize@WTL@@HH@Z 004069b0 f i Mainfrm.obj
 0001:000059f0       ?IsVisible@CControlBar@@UBEHXZ 004069f0 f i Mainfrm.obj
 0001:00005a20       ?PostNcDestroy@CControlBar@@UAEXXZ 00406a20 f i Mainfrm.obj
 0001:00005a40       ?PreCreateWindow@CControlBar@@UAEHAAUtagCREATESTRUCTW@@@Z 00406a40 f i Mainfrm.obj
 0001:00005db0       ??_ECControlBar@@UAEPAXI@Z 00406db0 f i Mainfrm.obj
 0001:00005db0       ??_GCControlBar@@UAEPAXI@Z 00406db0 f i Mainfrm.obj
 0001:00005dd0       ??1CControlBar@@UAE@XZ     00406dd0 f i Mainfrm.obj
 0001:00005e40       ?_ProcessWindowMessage@CControlBar@@UAEHPAUHWND__@@IIJAAJ@Z 00406e40 f i Mainfrm.obj
 0001:00006130       ?Find@?$CList@PAXPAX@@QBEPAU__POSITION@@PAXPAU2@@Z 00407130 f i Mainfrm.obj
 0001:00006160       ?RemoveAt@?$CList@PAXPAX@@QAEXPAU__POSITION@@@Z 00407160 f i Mainfrm.obj
 0001:000061c0       ?OnInitialUpdate@CControlBar@@QAEXXZ 004071c0 f i Mainfrm.obj
 0001:000062f0       ?OnSizeParent@CControlBar@@QAEJIJ@Z 004072f0 f i Mainfrm.obj
 0001:00006590       ?OnBarStyleChange@CStatusBar@@UAEXKK@Z 00407590 f i Mainfrm.obj
 0001:000065c0       ?OnUpdateCmdUI@CStatusBar@@UAEXPAVCFrameWnd@@H@Z 004075c0 f i Mainfrm.obj
 0001:000066b0       ?UpdateDialogControls@CWnd@@QAEXPAVCCmdTarget@@H@Z 004076b0 f i Mainfrm.obj
 0001:00006890       ?OnIdle@CCmdUI@@QAEHPAVCCmdTarget@@H@Z 00407890 f i Mainfrm.obj
 0001:00006900       ?Enable@CCmdUI@@UAEXH@Z    00407900 f i Mainfrm.obj
 0001:000069a0       ?SetCheck@CCmdUI@@UAEXH@Z  004079a0 f i Mainfrm.obj
 0001:00006a10       ?SetRadio@CCmdUI@@UAEXH@Z  00407a10 f i Mainfrm.obj
 0001:00006a60       ?SetText@CCmdUI@@UAEXPBG@Z 00407a60 f i Mainfrm.obj
 0001:00006b40       ?CalcFixedLayout@CStatusBar@@UAE?AVCSize@WTL@@HH@Z 00407b40 f i Mainfrm.obj
 0001:00006cf0       ??0?$CHandleWrapper@VCPenMTL@@PAUHPEN__@@V?$CPenT@$00@WTL@@@@QAE@PAUHPEN__@@@Z 00407cf0 f i Mainfrm.obj
 0001:00006cf0       ??0?$CHandleWrapper@VCBrushMTL@@PAUHBRUSH__@@V?$CBrushT@$00@WTL@@@@QAE@PAUHBRUSH__@@@Z 00407cf0 f i Mainfrm.obj
 0001:00006cf0       ??0?$CHandleWrapper@VCDCMTL@@PAUHDC__@@V?$CDCT@$00@WTL@@@@QAE@PAUHDC__@@@Z 00407cf0 f i Mainfrm.obj
 0001:00006d10       ??_GCClientDCMTL@@UAEPAXI@Z 00407d10 f i Mainfrm.obj
 0001:00006d10       ??_ECClientDCMTL@@UAEPAXI@Z 00407d10 f i Mainfrm.obj
 0001:00006d30       ??1CClientDCMTL@@UAE@XZ    00407d30 f i Mainfrm.obj
 0001:00006d90       ?CalcInsideRect@CControlBar@@QBEXAAVCRect@WTL@@H@Z 00407d90 f i Mainfrm.obj
 0001:00006e80       ?Create@CStatusBar@@UAEHPAVCWnd@@KI@Z 00407e80 f i Mainfrm.obj
 0001:00006ea0       ?CreateEx@CStatusBar@@UAEHPAVCWnd@@KKI@Z 00407ea0 f i Mainfrm.obj
 0001:00006f60       ?PreCreateWindow@CStatusBar@@UAEHAAUtagCREATESTRUCTW@@@Z 00407f60 f i Mainfrm.obj
 0001:00007290       ?SetIndicators@CStatusBar@@QAEHPBIH@Z 00408290 f i Mainfrm.obj
 0001:000075d0       ?Empty@CString@WTL@@QAEXXZ 004085d0 f i Mainfrm.obj
 0001:00007700       ?AssignCopy@CString@WTL@@IAEXHPBG@Z 00408700 f i Mainfrm.obj
 0001:000077c0       ??0CDCMTL@@QAE@PAUHDC__@@@Z 004087c0 f i Mainfrm.obj
 0001:000077f0       ?AllocElements@CControlBar@@QAEHHH@Z 004087f0 f i Mainfrm.obj
 0001:00007840       ?UpdateAllPanes@CStatusBar@@QAEXHH@Z 00408840 f i Mainfrm.obj
 0001:00007b30       ??_GCStatusBar@@UAEPAXI@Z  00408b30 f i Mainfrm.obj
 0001:00007b30       ??_ECStatusBar@@UAEPAXI@Z  00408b30 f i Mainfrm.obj
 0001:00007b50       ??1CStatusBar@@UAE@XZ      00408b50 f i Mainfrm.obj
 0001:00007bc0       ?_ProcessWindowMessage@CStatusBar@@UAEHPAUHWND__@@IIJAAJ@Z 00408bc0 f i Mainfrm.obj
 0001:00007ed0       ?EraseNonClient@CControlBar@@QAEXXZ 00408ed0 f i Mainfrm.obj
 0001:00008130       ?Draw3dRect@?$CDCT@$00@WTL@@QAEXHHHHKK@Z 00409130 f i Mainfrm.obj
 0001:00008290       ??_GCWindowDCMTL@@UAEPAXI@Z 00409290 f i Mainfrm.obj
 0001:00008290       ??_ECWindowDCMTL@@UAEPAXI@Z 00409290 f i Mainfrm.obj
 0001:000082b0       ??1CWindowDCMTL@@UAE@XZ    004092b0 f i Mainfrm.obj
 0001:00008310       ?OnSetMinHeight@CStatusBar@@QAEJIJ@Z 00409310 f i Mainfrm.obj
 0001:00008340       ?CommandToIndex@CStatusBar@@QBEHI@Z 00409340 f i Mainfrm.obj
 0001:00008370       ?SetPaneText@CStatusBar@@QAEHHPBGH@Z 00409370 f i Mainfrm.obj
 0001:00008550       ?Release@CString@WTL@@IAEXXZ 00409550 f i Mainfrm.obj
 0001:00008590       ?Enable@CStatusCmdUI@@UAEXH@Z 00409590 f i Mainfrm.obj
 0001:00008760       ?SetCheck@CStatusCmdUI@@UAEXH@Z 00409760 f i Mainfrm.obj
 0001:00008920       ?SetText@CStatusCmdUI@@UAEXPBG@Z 00409920 f i Mainfrm.obj
 0001:00008ac0       ?AllocBeforeWrite@CString@WTL@@IAEHH@Z 00409ac0 f i Mainfrm.obj
 0001:00008b60       ?AfxLoadSysColorBitmap@@YAPAUHBITMAP__@@PAUHINSTANCE__@@PAUHRSRC__@@H@Z 00409b60 f i Mainfrm.obj
 0001:00008d20       ?OnBarStyleChange@CToolBar@@UAEXKK@Z 00409d20 f i Mainfrm.obj
 0001:00008d60       ?OnToolHitTest@CToolBar@@UBEJVCPoint@WTL@@PAUtagTOOLINFOW@@@Z 00409d60 f i Mainfrm.obj
 0001:00008f80       ??0CRect@WTL@@QAE@XZ       00409f80 f i Mainfrm.obj
 0001:00008f90       ?OnUpdateCmdUI@CToolBar@@UAEXPAVCFrameWnd@@H@Z 00409f90 f i Mainfrm.obj
 0001:00009120       ?CalcDynamicLayout@CToolBar@@UAE?AVCSize@WTL@@HK@Z 0040a120 f i Mainfrm.obj
 0001:00009170       ?CalcFixedLayout@CToolBar@@UAE?AVCSize@WTL@@HH@Z 0040a170 f i Mainfrm.obj
 0001:000091a0       ?CalcLayout@CToolBar@@QAE?AVCSize@WTL@@KH@Z 0040a1a0 f i Mainfrm.obj
 0001:00009870       ?SetWindowPos@CWMHnd@@QAEHPBV1@HHHHI@Z 0040a870 f i Mainfrm.obj
 0001:000098b0       ?CalcSize@CToolBar@@QAE?AVCSize@WTL@@PAU_TBBUTTON@@H@Z 0040a8b0 f i Mainfrm.obj
 0001:00009ac0       ?Create@CToolBar@@UAEHPAVCWnd@@KI@Z 0040aac0 f i Mainfrm.obj
 0001:00009b10       ?CreateEx@CToolBar@@UAEHPAVCWnd@@KKVCRect@WTL@@I@Z 0040ab10 f i Mainfrm.obj
 0001:00009d30       ?Layout@CToolBar@@QAEXXZ   0040ad30 f i Mainfrm.obj
 0001:00009da0       ?_SetButton@CToolBar@@QAEXHPAU_TBBUTTON@@@Z 0040ada0 f i Mainfrm.obj
 0001:00009f50       ?SizeToolBar@CToolBar@@QAEXPAU_TBBUTTON@@HHH@Z 0040af50 f i Mainfrm.obj
 0001:0000a2a0       ?WrapToolBar@CToolBar@@QAEHPAU_TBBUTTON@@HH@Z 0040b2a0 f i Mainfrm.obj
 0001:0000a390       ??_ECToolBar@@UAEPAXI@Z    0040b390 f i Mainfrm.obj
 0001:0000a390       ??_GCToolBar@@UAEPAXI@Z    0040b390 f i Mainfrm.obj
 0001:0000a3b0       ??1CToolBar@@UAE@XZ        0040b3b0 f i Mainfrm.obj
 0001:0000a420       ?_ProcessWindowMessage@CToolBar@@UAEHPAUHWND__@@IIJAAJ@Z 0040b420 f i Mainfrm.obj
 0001:0000a940       ?AddTail@?$CList@PAXPAX@@QAEPAU__POSITION@@PAX@Z 0040b940 f i Mainfrm.obj
 0001:0000a970       ?OnLButtonDown@CControlBar@@QAEXIVCPoint@WTL@@@Z 0040b970 f i Mainfrm.obj
 0001:0000a9e0       ?OnLButtonDblClk@CControlBar@@QAEXIVCPoint@WTL@@@Z 0040b9e0 f i Mainfrm.obj
 0001:0000abb0       ?OnPreserveSizingPolicyHelper@CToolBar@@QAEJIJ@Z 0040bbb0 f i Mainfrm.obj
 0001:0000aec0       ?_AfxModifyStyle@CWMHnd@@SAHPAUHWND__@@HKKI@Z 0040bec0 f i Mainfrm.obj
 0001:0000af20       ?ModifyStyle@CWMHnd@@QAEHKKI@Z 0040bf20 f i Mainfrm.obj
 0001:0000af80       ?OnPreserveZeroBorderHelper@CToolBar@@QAEJIJ@Z 0040bf80 f i Mainfrm.obj
 0001:0000b040       ?OnSetButtonSize@CToolBar@@QAEJIJ@Z 0040c040 f i Mainfrm.obj
 0001:0000b110       ?OnSetBitmapSize@CToolBar@@QAEJIJ@Z 0040c110 f i Mainfrm.obj
 0001:0000b1e0       ?DrawBorders@CControlBar@@QAEXPAVCDCMTL@@AAVCRect@WTL@@@Z 0040c1e0 f i Mainfrm.obj
 0001:0000b620       ?FillSolidRect@?$CDCT@$00@WTL@@QAEXPBUtagRECT@@K@Z 0040c620 f i Mainfrm.obj
 0001:0000b670       ?Enable@CToolCmdUI@@UAEXH@Z 0040c670 f i Mainfrm.obj
 0001:0000b8a0       ?SetCheck@CToolCmdUI@@UAEXH@Z 0040c8a0 f i Mainfrm.obj
 0001:0000bad0       ?CFrameWndDestruct@CFrameWnd@@QAEXXZ 0040cad0 f i Mainfrm.obj
 0001:0000bb50       ?OnCreateClient@CFrameWnd@@UAEHPAUtagCREATESTRUCTW@@PAUCCreateContext@@@Z 0040cb50 f i Mainfrm.obj
 0001:0000bc10       ?ActivateFrame@CFrameWnd@@UAEXH@Z 0040cc10 f i Mainfrm.obj
 0001:0000bcb0       ?Create@CFrameWnd@@UAEHPBG0KABUtagRECT@@PAVCWnd@@0KPAUCCreateContext@@@Z 0040ccb0 f i Mainfrm.obj
 0001:0000be00       ?GetActiveFrame@CFrameWnd@@UAEPAV1@XZ 0040ce00 f i Mainfrm.obj
 0001:0000be10       ?LoadFrame@CFrameWnd@@UAEHIKPAVCWnd@@PAUCCreateContext@@@Z 0040ce10 f i Mainfrm.obj
 0001:0000c170       ?AfxExtractSubString@CAfx@@SAHAAVCString@WTL@@PBGHG@Z 0040d170 f i Mainfrm.obj
 0001:0000c390       ?AfxRegisterWndClass@CAfx@@SAPBGIPAUHICON__@@PAUHBRUSH__@@0@Z 0040d390 f i Mainfrm.obj
 0001:0000c650       ?SendMessageToDescendants@CWnd@@QAEXPAUHWND__@@IIJHH@Z 0040d650 f i Mainfrm.obj
 0001:0000c730       ?PostNcDestroy@CView@@UAEXXZ 0040d730 f i Mainfrm.obj
 0001:0000c730       ?PostNcDestroy@CFrameWnd@@UAEXXZ 0040d730 f i Mainfrm.obj
 0001:0000c740       ?PreCreateWindow@CFrameWnd@@UAEHAAUtagCREATESTRUCTW@@@Z 0040d740 f i Mainfrm.obj
 0001:0000ca90       ?PreTranslateMessage@CFrameWnd@@UAEHPAUtagMSG@@@Z 0040da90 f i Mainfrm.obj
 0001:0000caf0       ?RecalcLayout@CFrameWnd@@UAEXH@Z 0040daf0 f i Mainfrm.obj
 0001:0000cc80       ?RepositionBars@CWnd@@QAEXIIIIPAUtagRECT@@PBU2@H@Z 0040dc80 f i Mainfrm.obj
 0001:0000cef0       ?ReDockControlBar@CFrameWnd@@QAEXPAVCControlBar@@PAVCDockBar@@PBUtagRECT@@@Z 0040def0 f i Mainfrm.obj
 0001:0000d000       ??_ECFrameWnd@@UAEPAXI@Z   0040e000 f i Mainfrm.obj
 0001:0000d000       ??_GCFrameWnd@@UAEPAXI@Z   0040e000 f i Mainfrm.obj
 0001:0000d020       ??1CFrameWnd@@UAE@XZ       0040e020 f i Mainfrm.obj
 0001:0000d0e0       ?_ProcessWindowMessage@CFrameWnd@@UAEHPAUHWND__@@IIJAAJ@Z 0040e0e0 f i Mainfrm.obj
 0001:0000dee0       ?PostMessageW@CWindow@ATL@@QAEHIIJ@Z 0040eee0 f i Mainfrm.obj
 0001:0000df00       ??1?$CMenuT@$00@WTL@@QAE@XZ 0040ef00 f i Mainfrm.obj
 0001:0000df20       ?GetSubMenu@CMenuMTL@@QAEPAV1@H@Z 0040ef20 f i Mainfrm.obj
 0001:0000df50       ?GetParentFrame@CWnd@@QAEPAVCFrameWnd@@XZ 0040ef50 f i Mainfrm.obj
 0001:0000dfc0       ?GetTopLevelParent@CWnd@@QAEPAV1@XZ 0040efc0 f i Mainfrm.obj
 0001:0000e070       ?GetDescendantWindow@CWnd@@QAEPAV1@HH@Z 0040f070 f i Mainfrm.obj
 0001:0000e120       ?GetDescendantWindow@CWnd@@QAEPAV1@PAUHWND__@@HH@Z 0040f120 f i Mainfrm.obj
 0001:0000e1d0       ?OnBarCheck@CFrameWnd@@QAEHI@Z 0040f1d0 f i Mainfrm.obj
 0001:0000e380       ?OnUpdateControlBarMenu@CFrameWnd@@QAEXPAVCCmdUI@@@Z 0040f380 f i Mainfrm.obj
 0001:0000e3f0       ?OnIdleUpdateCmdUI@CFrameWnd@@QAEXXZ 0040f3f0 f i Mainfrm.obj
 0001:0000e480       ?OnPopMessageString@CFrameWnd@@QAEJIJ@Z 0040f480 f i Mainfrm.obj
 0001:0000e4b0       ?OnSetMessageString@CFrameWnd@@QAEJIJ@Z 0040f4b0 f i Mainfrm.obj
 0001:0000e660       ?CopyBeforeWrite@CString@WTL@@IAEXXZ 0040f660 f i Mainfrm.obj
 0001:0000e710       ?AfxLoadString@CAfx@@SAHIPAGI@Z 0040f710 f i Mainfrm.obj
 0001:0000e7d0       ?OnToolTipText@CFrameWnd@@QAEHIPAUtagNMHDR@@PAJ@Z 0040f7d0 f i Mainfrm.obj
 0001:0000ea20       ?GetBufferSetLength@CString@WTL@@QAEPAGH@Z 0040fa20 f i Mainfrm.obj
 0001:0000eaf0       ?AtlGetStringResourceImage@CAfx@@SAPBUATLSTRINGRESOURCEIMAGE@@PAUHINSTANCE__@@I@Z 0040faf0 f i Mainfrm.obj
 0001:0000eb80       ?OnUpdateKeyIndicator@CFrameWnd@@QAEXPAVCCmdUI@@@Z 0040fb80 f i Mainfrm.obj
 0001:0000ebf0       ?DestroyDockBars@CFrameWnd@@QAEXXZ 0040fbf0 f i Mainfrm.obj
 0001:0000edc0       ??1?$CList@PAXPAX@@QAE@XZ  0040fdc0 f i Mainfrm.obj
 0001:0000edc0       ??1?$CTypedPtrList@V?$CList@PAVCObject@@ABQAV1@@@PAVCShape@@@@QAE@XZ 0040fdc0 f i Mainfrm.obj
 0001:0000edc0       ??1?$CList@PAVCFrameWnd@@ABQAV1@@@QAE@XZ 0040fdc0 f i Mainfrm.obj
 0001:0000edc0       ??1?$CList@PAUCRuntimeClass@@ABQAU1@@@QAE@XZ 0040fdc0 f i Mainfrm.obj
 0001:0000edc0       ??1?$CList@PAUHWND__@@PAU1@@@QAE@XZ 0040fdc0 f i Mainfrm.obj
 0001:0000ee00       ?NewNode@?$CList@PAVCFrameWnd@@ABQAV1@@@QAEPAUCNode@1@PAU21@0@Z 0040fe00 f i Mainfrm.obj
 0001:0000ee00       ?NewNode@?$CList@PAUCRuntimeClass@@ABQAU1@@@QAEPAUCNode@1@PAU21@0@Z 0040fe00 f i Mainfrm.obj
 0001:0000ee00       ?NewNode@?$CList@PAVCObject@@ABQAV1@@@QAEPAUCNode@1@PAU21@0@Z 0040fe00 f i Mainfrm.obj
 0001:0000ee00       ?NewNode@?$CList@PAUHWND__@@PAU1@@@QAEPAUCNode@1@PAU21@0@Z 0040fe00 f i Mainfrm.obj
 0001:0000ee00       ?NewNode@?$CList@PAXPAX@@QAEPAUCNode@1@PAU21@0@Z 0040fe00 f i Mainfrm.obj
 0001:0000ee40       ?IsKindOf@CObject@@QBEHPBUCRuntimeClass@@@Z 0040fe40 f i Mainfrm.obj
 0001:0000ee70       ?SetMenuBarState@CFrameWnd@@QAEHK@Z 0040fe70 f i Mainfrm.obj
 0001:0000eee0       ?FloatControlBar@CFrameWnd@@QAEXPAVCControlBar@@VCPoint@WTL@@K@Z 0040fee0 f i Mainfrm.obj
 0001:0000f080       ?Create@CMiniDockFrameWnd@@QAEHPAVCWnd@@K@Z 00410080 f i Mainfrm.obj
 0001:0000f3d0       ?GetTopLevelFrame@CWnd@@QAEPAVCFrameWnd@@XZ 004103d0 f i Mainfrm.obj
 0001:0000f4d0       ?ToggleDocking@CDockContext@@QAEXXZ 004104d0 f i Mainfrm.obj
 0001:0000f6e0       ?GetControlBar@CFrameWnd@@QAEPAVCControlBar@@I@Z 004106e0 f i Mainfrm.obj
 0001:0000f730       ?OnIdleUpdateCmdUI@CControlBar@@QAEJIJ@Z 00410730 f i Mainfrm.obj
 0001:0000f870       ?DestroyWindow@CControlBar@@UAEHXZ 00410870 f i Mainfrm.obj
 0001:0000f930       ?DockControlBar@CDockBar@@QAEXPAVCControlBar@@PBUtagRECT@@@Z 00410930 f i Mainfrm.obj
 0001:0000fe70       ?InsertAt@?$CArray@W4LoadArrayObjType@CArchive@@ABW412@@@QAEXJABW4LoadArrayObjType@CArchive@@J@Z 00410e70 f i Mainfrm.obj
 0001:0000fe70       ?InsertAt@?$CArray@PAXABQAX@@QAEXJABQAXJ@Z 00410e70 f i Mainfrm.obj
 0001:00010100       ?RemoveAt@?$CArray@PAXABQAX@@QAEXJJ@Z 00411100 f i Mainfrm.obj
 0001:00010140       ?SetAtGrow@?$CArray@PAXABQAX@@QAEXJABQAX@Z 00411140 f i Mainfrm.obj
 0001:00010280       ?Size@CRect@WTL@@QBE?AVCSize@2@XZ 00411280 f i Mainfrm.obj
 0001:000102a0       ?ConstructElements@@YAXPAHJ@Z 004112a0 f i Mainfrm.obj
 0001:000102a0       ?ConstructElements@@YAXPAPAXJ@Z 004112a0 f i Mainfrm.obj
 0001:000102a0       ?ConstructElements@@YAXPAW4LoadArrayObjType@CArchive@@J@Z 004112a0 f i Mainfrm.obj
 0001:000102b0       ?AfxSetWindowText@CAfx@@SAXPAUHWND__@@PBG@Z 004112b0 f i Mainfrm.obj
 0001:00010330       ?ScreenToClient@CWMHnd@@QBEXPAUtagRECT@@@Z 00411330 f i Mainfrm.obj
 0001:00010360       ?GetDockingFrame@CControlBar@@QAEPAVCFrameWnd@@XZ 00411360 f i Mainfrm.obj
 0001:000103e0       ?FindBar@CDockBar@@QAEHPAVCControlBar@@H@Z 004113e0 f i Mainfrm.obj
 0001:00010410       ?GetDockedCount@CDockBar@@QBEHXZ 00411410 f i Mainfrm.obj
 0001:00010440       ?GetDockedControlBar@CDockBar@@QBEPAVCControlBar@@H@Z 00411440 f i Mainfrm.obj
 0001:00010460       ?RemovePlaceHolder@CDockBar@@QAEXPAVCControlBar@@@Z 00411460 f i Mainfrm.obj
 0001:00010500       ?ReDockControlBar@CDockBar@@QAEXPAVCControlBar@@PBUtagRECT@@@Z 00411500 f i Mainfrm.obj
 0001:00010980       ?RemoveControlBar@CDockBar@@QAEHPAVCControlBar@@HH@Z 00411980 f i Mainfrm.obj
 0001:00010bb0       ?OnSetPreviewMode@CFrameWnd@@UAEXHPAUCPrintPreviewState@@@Z 00411bb0 f i Mainfrm.obj
 0001:00011020       ?AfxGetParentOwner@CWnd@@SAPAUHWND__@@PAU2@@Z 00412020 f i Mainfrm.obj
 0001:000110a0       ?IsFloating@CControlBar@@QBEHXZ 004120a0 f i Mainfrm.obj
 0001:000110d0       ?OnCloseDocument@CDocument@@QAEXXZ 004120d0 f i Mainfrm.obj
 0001:00011190       ?GetDefaultAccelerator@CFrameWnd@@UAEPAUHACCEL__@@XZ 00412190 f i Mainfrm.obj
 0001:000111b0       ?OnUpdateFrameMenu@CFrameWnd@@UAEXPAUHMENU__@@@Z 004121b0 f i Mainfrm.obj
 0001:000111f0       ?OnUpdateFrameTitle@CFrameWnd@@UAEXH@Z 004121f0 f i Mainfrm.obj
 0001:00011240       ?UpdateFrameTitleForDocument@CFrameWnd@@QAEXPBG@Z 00412240 f i Mainfrm.obj
 0001:00011440       ?DefWindowProcW@CMDIFrameWnd@@UAEJIIJ@Z 00412440 f i Mainfrm.obj
 0001:00011470       ?OnCreateClient@CMDIFrameWnd@@UAEHPAUtagCREATESTRUCTW@@PAUCCreateContext@@@Z 00412470 f i Mainfrm.obj
 0001:000114d0       ?OnDestroy@CMDIFrameWnd@@QAEXXZ 004124d0 f i Mainfrm.obj
 0001:00011570       ?OnIdleUpdateCmdUI@CMDIFrameWnd@@QAEXXZ 00412570 f i Mainfrm.obj
 0001:00011620       ?OnMDIWindowCmd@CMDIFrameWnd@@QAEHI@Z 00412620 f i Mainfrm.obj
 0001:00011680       ?OnSize@CMDIFrameWnd@@QAEXIHH@Z 00412680 f i Mainfrm.obj
 0001:000116a0       ?OnUpdateMDIWindowCmd@CMDIFrameWnd@@QAEXPAVCCmdUI@@@Z 004126a0 f i Mainfrm.obj
 0001:00011710       ?CreateClient@CMDIFrameWnd@@UAEHPAUtagCREATESTRUCTW@@PAVCMenuMTL@@@Z 00412710 f i Mainfrm.obj
 0001:000117e0       ?DelayUpdateFrameMenu@CMDIFrameWnd@@UAEXPAUHMENU__@@@Z 004127e0 f i Mainfrm.obj
 0001:00011810       ?GetActiveFrame@CMDIFrameWnd@@UAEPAVCFrameWnd@@XZ 00412810 f i Mainfrm.obj
 0001:00011870       ?GetWindowMenuPopup@CMDIFrameWnd@@UAEPAUHMENU__@@PAU2@@Z 00412870 f i Mainfrm.obj
 0001:000118f0       ?LoadFrame@CMDIFrameWnd@@UAEHIKPAVCWnd@@PAUCCreateContext@@@Z 004128f0 f i Mainfrm.obj
 0001:00011930       ?PreCreateWindow@CMDIFrameWnd@@UAEHAAUtagCREATESTRUCTW@@@Z 00412930 f i Mainfrm.obj
 0001:00011c70       ??_GCMDIFrameWnd@@UAEPAXI@Z 00412c70 f i Mainfrm.obj
 0001:00011c70       ??_ECMDIFrameWnd@@UAEPAXI@Z 00412c70 f i Mainfrm.obj
 0001:00011c90       ??1CMDIFrameWnd@@UAE@XZ    00412c90 f i Mainfrm.obj
 0001:00011d50       ?_ProcessWindowMessage@CMDIFrameWnd@@UAEHPAUHWND__@@IIJAAJ@Z 00412d50 f i Mainfrm.obj
 0001:00012100       ?OnCommand@CMDIFrameWnd@@UAEHIJ@Z 00413100 f i Mainfrm.obj
 0001:000122b0       ?OnCmdMsg@CMDIFrameWnd@@UAEHIHPAXPAUAFX_CMDHANDLERINFO@@@Z 004132b0 f i Mainfrm.obj
 0001:00012490       ?OnWindowNew@CMDIFrameWnd@@QAEXXZ 00413490 f i Mainfrm.obj
 0001:00012530       ?PreTranslateMessage@CMDIFrameWnd@@UAEHPAUtagMSG@@@Z 00413530 f i Mainfrm.obj
 0001:00012630       ?CloseAllDocuments@CWinApp@@QAEXH@Z 00413630 f i Mainfrm.obj
 0001:00012760       ?HideApplication@CWinApp@@QAEXXZ 00413760 f i Mainfrm.obj
 0001:000127b0       ?SaveAllModified@CWinApp@@QAEHXZ 004137b0 f i Mainfrm.obj
 0001:00012820       ?FromHandle@CMenuMTL@@SAPAV1@PAUHMENU__@@PAV1@PAUHWND__@@P6APAXPAX3@Z@Z 00413820 f i Mainfrm.obj
 0001:00012840       ?RemoveHandle@CMenuMTL@@SAPAUHMENU__@@PAU2@@Z 00413840 f i Mainfrm.obj
 0001:00012860       ?AfxMessageBox@@YAHIII@Z   00413860 f i Mainfrm.obj
 0001:00012a60       ?GetSafeOwner_@CWnd@@SAPAUHWND__@@PAU2@PAPAU2@@Z 00413a60 f i Mainfrm.obj
 0001:00012b30       ?CControlBarDestruct@CControlBar@@QAEXXZ 00413b30 f i Mainfrm.obj
 0001:00012bf0       ?OnDestroy@CControlBar@@QAEXXZ 00413bf0 f i Mainfrm.obj
 0001:00012ca0       ?OnTimer@CControlBar@@QAEXK@Z 00413ca0 f i Mainfrm.obj
 0001:00012f80       ?GetOwner@CWnd@@QAEPAV1@XZ 00413f80 f i Mainfrm.obj
 0001:00012fb0       ?PreTranslateMessage@CControlBar@@UAEHPAUtagMSG@@@Z 00413fb0 f i Mainfrm.obj
 0001:00013300       ?SetStatusText@CControlBar@@UAEHJ@Z 00414300 f i Mainfrm.obj
 0001:00013410       ?OnCmdMsg@CFrameWnd@@UAEHIHPAXPAUAFX_CMDHANDLERINFO@@@Z 00414410 f i Mainfrm.obj
 0001:00013570       ?AddFrameWnd@CFrameWnd@@QAEXXZ 00414570 f i Mainfrm.obj
 0001:000135b0       ?_EnableToolTips@CWnd@@QAEHHI@Z 004145b0 f i Mainfrm.obj
 0001:000136c0       ?_FilterToolTipMessage@CWnd@@SAXPAUtagMSG@@PAV1@@Z 004146c0 f i Mainfrm.obj
 0001:000136d0       ?FilterToolTipMessage@CWnd@@QAEXPAUtagMSG@@@Z 004146d0 f i Mainfrm.obj
 0001:00013e40       ??_GCToolTipCtrlMTL@@UAEPAXI@Z 00414e40 f i Mainfrm.obj
 0001:00013e40       ??_ECToolTipCtrlMTL@@UAEPAXI@Z 00414e40 f i Mainfrm.obj
 0001:00013e60       ??1CToolTipCtrlMTL@@UAE@XZ 00414e60 f i Mainfrm.obj
 0001:00013ed0       ??0CShapePropSheetFrame@@QAE@XZ 00414ed0 f   Minifrm.obj
 0001:00013ff0       ?_ProcessWindowMessage@CShapePropSheetFrame@@UAEHPAUHWND__@@IIJAAJ@Z 00414ff0 f i Minifrm.obj
 0001:00014360       ??_ECShapePropSheetFrame@@UAEPAXI@Z 00415360 f i Minifrm.obj
 0001:00014360       ??_GCShapePropSheetFrame@@UAEPAXI@Z 00415360 f i Minifrm.obj
 0001:00014380       ??1CShapePropSheetFrame@@UAE@XZ 00415380 f i Minifrm.obj
 0001:00014490       ?OnCreate@CShapePropSheetFrame@@IAEHPAUtagCREATESTRUCTW@@@Z 00415490 f   Minifrm.obj
 0001:00014610       ?OnClose@CShapePropSheetFrame@@IAEXXZ 00415610 f   Minifrm.obj
 0001:00014640       ?OnSetFocus@CShapePropSheetFrame@@IAEXPAVCWnd@@@Z 00415640 f   Minifrm.obj
 0001:00014660       ?OnActivate@CShapePropSheetFrame@@IAEXIPAVCWnd@@H@Z 00415660 f   Minifrm.obj
 0001:000146b0       ?OnCreateHelper@CFrameWnd@@QAEHPAUtagCREATESTRUCTW@@PAUCCreateContext@@@Z 004156b0 f i Minifrm.obj
 0001:00014720       ?OnFloatStatus@CMiniFrameWnd@@QAEJIJ@Z 00415720 f i Minifrm.obj
 0001:00014810       ?OnNcHitTest@CMiniFrameWnd@@QAEJVCPoint@WTL@@@Z 00415810 f i Minifrm.obj
 0001:000149b0       ?OnQueryCenterWnd@CMiniFrameWnd@@QAEJIJ@Z 004159b0 f i Minifrm.obj
 0001:000149e0       ?OnSysCommand@CMiniFrameWnd@@QAEXIJ@Z 004159e0 f i Minifrm.obj
 0001:00014c80       ?Create@CMiniFrameWnd@@UAEHPBG0KABUtagRECT@@PAVCWnd@@I@Z 00415c80 f i Minifrm.obj
 0001:00014cb0       ?CreateEx@CMiniFrameWnd@@UAEHKPBG0KABUtagRECT@@PAVCWnd@@I@Z 00415cb0 f i Minifrm.obj
 0001:00014f60       ?AtlModuleAddCreateWndData@ATL@@YGXPAU_ATL_MODULE@1@PAU_AtlCreateWndData@1@PAX@Z 00415f60 f i Minifrm.obj
 0001:00014fa0       ?PreCreateWindow@CMiniFrameWnd@@UAEHAAUtagCREATESTRUCTW@@@Z 00415fa0 f i Minifrm.obj
 0001:000152d0       ??_GCMiniFrameWnd@@UAEPAXI@Z 004162d0 f i Minifrm.obj
 0001:000152d0       ??_ECMiniFrameWnd@@UAEPAXI@Z 004162d0 f i Minifrm.obj
 0001:000152f0       ??1CMiniFrameWnd@@UAE@XZ   004162f0 f i Minifrm.obj
 0001:00015400       ?_ProcessWindowMessage@CMiniFrameWnd@@UAEHPAUHWND__@@IIJAAJ@Z 00416400 f i Minifrm.obj
 0001:000158d0       ?HandleFloatingSysCommand@CWnd@@QAEHIJ@Z 004168d0 f i Minifrm.obj
 0001:00015b30       ??0CShapePreviewWnd@@AAE@XZ 00416b30 f   Preview.obj
 0001:00015b60       ?_ProcessWindowMessage@CShapePreviewWnd@@UAEHPAUHWND__@@IIJAAJ@Z 00416b60 f i Preview.obj
 0001:00015d60       ??_ECShapePreviewWnd@@UAEPAXI@Z 00416d60 f i Preview.obj
 0001:00015d60       ??_GCShapePreviewWnd@@UAEPAXI@Z 00416d60 f i Preview.obj
 0001:00015d80       ??1CShapePreviewWnd@@UAE@XZ 00416d80 f i Preview.obj
 0001:00015dd0       ?OnPaint@CShapePreviewWnd@@AAEXXZ 00416dd0 f   Preview.obj
 0001:00015f30       ?OnEraseBkgnd@CShapePreviewWnd@@AAEHPAVCDCMTL@@@Z 00416f30 f   Preview.obj
 0001:00015fd0       ?classHandleFuncCBrushMTL@CBrushMTL@@SAPAXPAX0@Z 00416fd0 f i Preview.obj
 0001:00016010       ??1CPaintDCMTL@@UAE@XZ     00417010 f i Preview.obj
 0001:00016070       ??_ECPaintDCMTL@@UAEPAXI@Z 00417070 f i Preview.obj
 0001:00016070       ??_GCPaintDCMTL@@UAEPAXI@Z 00417070 f i Preview.obj
 0001:00016090       ?SendChildNotifyLastMsg@CWnd@@QAEHPAJ@Z 00417090 f i Preview.obj
 0001:000160c0       ?FromHandleGdiobj@CWinApp@@QAEPAVCGdiObject@@PAXPAV2@PAUHWND__@@P6APAX00@Z@Z 004170c0 f i Preview.obj
 0001:00016150       ?RemoveHandleGdiobj@CWinApp@@QAEPAXPAX@Z 00417150 f i Preview.obj
 0001:000161c0       ?OnNcDestroy@CWnd@@QAEXXZ  004171c0 f i Preview.obj
 0001:000162a0       ??0CPropDlgApp@@QAE@XZ     004172a0 f   Propdlg.obj
 0001:00016440       ?_ProcessWindowMessage@CPropDlgApp@@UAEHPAUHWND__@@IIJAAJ@Z 00417440 f i Propdlg.obj
 0001:00016650       ??1CPropDlgApp@@QAE@XZ     00417650 f i Propdlg.obj
 0001:00016800       ?InitInstance@CPropDlgApp@@UAEHXZ 00417800 f   Propdlg.obj
 0001:00016b70       ??0CAboutDlg@@QAE@XZ       00417b70 f   Propdlg.obj
 0001:00016bb0       ??_ECAboutDlg@@UAEPAXI@Z   00417bb0 f i Propdlg.obj
 0001:00016bb0       ??_GCAboutDlg@@UAEPAXI@Z   00417bb0 f i Propdlg.obj
 0001:00016bd0       ??1CAboutDlg@@UAE@XZ       00417bd0 f i Propdlg.obj
 0001:00016c20       ?DoDataExchange@CAboutDlg@@MAEXPAVCDataExchange@@@Z 00417c20 f   Propdlg.obj
 0001:00016c30       ?OnAppAbout@CPropDlgApp@@QAEXXZ 00417c30 f   Propdlg.obj
 0001:00016e70       ??1?$CHandleHashList@PAUHWND__@@VCWMHnd@@PAU1@$0BB@@@QAE@XZ 00417e70 f i Propdlg.obj
 0001:00016e80       ??0CString@WTL@@QAE@PBG@Z  00417e80 f i Propdlg.obj
 0001:00017000       ??_9@$BBM@AE               00418000 f i Propdlg.obj
 0001:00017010       ??_9@$BBI@AE               00418010 f i Propdlg.obj
 0001:00017020       ?AfxGetModuleFileName@CAfx@@SAXPAUHINSTANCE__@@AAVCString@WTL@@@Z 00418020 f i Propdlg.obj
 0001:00017180       ?HalftoneBrush@CAfx@@SAPAUHBRUSH__@@H@Z 00418180 f i Propdlg.obj
 0001:00017210       ?ParseParam@CCommandLineInfo@@UAEXPBGHH@Z 00418210 f i Propdlg.obj
 0001:00017320       ??0CRecentFileList@@QAE@IPBG0HH@Z 00418320 f i Propdlg.obj
 0001:00017510       ??0CString@WTL@@QAE@XZ     00418510 f i Propdlg.obj
 0001:00017520       ?Add@CRecentFileList@@UAEXPBG@Z 00418520 f i Propdlg.obj
 0001:00017760       ?_AfxFullPath2@CAfx@@SAHPAGPBGPAVCFileException@@@Z 00418760 f i Propdlg.obj
 0001:000179b0       ?GetDisplayName@CRecentFileList@@UBEHAAVCString@WTL@@HPBGHH@Z 004189b0 f i Propdlg.obj
 0001:00017ca0       ?_AfxAbbreviateName@CAfx@@SAXPAGHH@Z 00418ca0 f i Propdlg.obj
 0001:00017da0       ?AfxComparePath@CAfx@@SAHPBG0@Z 00418da0 f i Propdlg.obj
 0001:00017e80       ?AfxGetFileName@CAfx@@SAIPBGPAGI@Z 00418e80 f i Propdlg.obj
 0001:00017eb0       ?Remove@CRecentFileList@@UAEXH@Z 00418eb0 f i Propdlg.obj
 0001:000180e0       ??_GCRecentFileList@@UAEPAXI@Z 004190e0 f i Propdlg.obj
 0001:000180e0       ??_ECRecentFileList@@UAEPAXI@Z 004190e0 f i Propdlg.obj
 0001:00018100       ??1CRecentFileList@@UAE@XZ 00419100 f i Propdlg.obj
 0001:00018200       ??0CDocTemplate@@QAE@IPAUCRuntimeClass@@00@Z 00419200 f i Propdlg.obj
 0001:00018440       ?CreateNewDocument@CDocTemplate@@UAEPAVCDocument@@XZ 00419440 f i Propdlg.obj
 0001:00018470       ?CreateNewFrame@CDocTemplate@@UAEPAVCFrameWnd@@PAVCDocument@@PAV2@@Z 00419470 f i Propdlg.obj
 0001:00018500       ?GetDocString@CDocTemplate@@UBEHAAVCString@WTL@@W4DocStringIndex@1@@Z 00419500 f i Propdlg.obj
 0001:00018700       ?InitialUpdateFrame@CDocTemplate@@UAEXPAVCFrameWnd@@PAVCDocument@@H@Z 00419700 f i Propdlg.obj
 0001:00018800       ?UpdateFrameCounts@CDocument@@QAEXXZ 00419800 f i Propdlg.obj
 0001:00018a30       ?MatchDocType@CDocTemplate@@UAE?AW4Confidence@1@PBGAAPAVCDocument@@@Z 00419a30 f i Propdlg.obj
 0001:00018c40       ??1CDocTemplate@@QAE@XZ    00419c40 f i Propdlg.obj
 0001:00018c80       ?OnFileNew@CDocManager@@UAEXXZ 00419c80 f i Propdlg.obj
 0001:00018ee0       ?OnInitDialog@CNewTypeDlg@@UAEHXZ 00419ee0 f i Propdlg.obj
 0001:000191c0       ??0CDataExchange@@QAE@PAVCWMHnd@@H@Z 0041a1c0 f i Propdlg.obj
 0001:000191e0       ?OnOK@CNewTypeDlg@@UAEXXZ  0041a1e0 f i Propdlg.obj
 0001:000192b0       ??_GCNewTypeDlg@@UAEPAXI@Z 0041a2b0 f i Propdlg.obj
 0001:000192b0       ??_ECNewTypeDlg@@UAEPAXI@Z 0041a2b0 f i Propdlg.obj
 0001:000192d0       ??1CNewTypeDlg@@UAE@XZ     0041a2d0 f i Propdlg.obj
 0001:00019320       ?_ProcessWindowMessage@CNewTypeDlg@@UAEHPAUHWND__@@IIJAAJ@Z 0041a320 f i Propdlg.obj
 0001:000193d0       ?AddDocTemplate@CDocManager@@QAEXPAVCDocTemplate@@@Z 0041a3d0 f i Propdlg.obj
 0001:00019410       ?GetFirstDocTemplatePosition@CDocManager@@UBEPAU__POSITION@@XZ 0041a410 f i Propdlg.obj
 0001:00019420       ?AddDocument@CMultiDocTemplate@@UAEXPAVCDocument@@@Z 0041a420 f i Propdlg.obj
 0001:00019460       ?GetFirstDocPosition@CMultiDocTemplate@@UBEPAU__POSITION@@XZ 0041a460 f i Propdlg.obj
 0001:00019470       ?GetNextDoc@CMultiDocTemplate@@UBEPAVCDocument@@AAPAU__POSITION@@@Z 0041a470 f i Propdlg.obj
 0001:00019470       ?GetNextDocTemplate@CDocManager@@UBEPAVCDocTemplate@@AAPAU__POSITION@@@Z 0041a470 f i Propdlg.obj
 0001:00019490       ?LoadTemplate@CMultiDocTemplate@@UAEXXZ 0041a490 f i Propdlg.obj
 0001:00019600       ?OpenDocumentFile@CMultiDocTemplate@@UAEPAVCDocument@@PBGH@Z 0041a600 f i Propdlg.obj
 0001:00019620       ?RemoveDocument@CMultiDocTemplate@@UAEXPAVCDocument@@@Z 0041a620 f i Propdlg.obj
 0001:000196a0       ?SetDefaultTitle@CMultiDocTemplate@@UAEXPAVCDocument@@@Z 0041a6a0 f i Propdlg.obj
 0001:000198f0       ?ConcatCopy@CString@WTL@@IAEHHPBGH0@Z 0041a8f0 f i Propdlg.obj
 0001:000199d0       ??_ECMultiDocTemplate@@UAEPAXI@Z 0041a9d0 f i Propdlg.obj
 0001:000199d0       ??_GCMultiDocTemplate@@UAEPAXI@Z 0041a9d0 f i Propdlg.obj
 0001:000199f0       ??1CMultiDocTemplate@@UAE@XZ 0041a9f0 f i Propdlg.obj
 0001:00019aa0       ??0CWinThread@@QAE@P6AIPAX@Z0@Z 0041aaa0 f i Propdlg.obj
 0001:00019ad0       ??1CWinThread@@QAE@XZ      0041aad0 f i Propdlg.obj
 0001:00019af0       ?OnAppExit@CWinApp@@QAEXXZ 0041aaf0 f i Propdlg.obj
 0001:00019b10       ?OnFilePrintSetup@CWinApp@@QAEXXZ 0041ab10 f i Propdlg.obj
 0001:00019cc0       ??0?$CWindowImplBaseT@VCWindow@ATL@@V?$CWinTraits@$0FGAAAAAA@$0A@@2@@ATL@@QAE@XZ 0041acc0 f i Propdlg.obj
 0001:00019ce0       ?GetWindowProc@?$CWindowImplBaseT@VCWindow@ATL@@V?$CWinTraits@$0FGAAAAAA@$0A@@2@@ATL@@UAEP6GJPAUHWND__@@IIJ@ZXZ 0041ace0 f i Propdlg.obj
 0001:00019cf0       ?DoModal@?$CPrintDialogImpl@VCPrintDialog@WTL@@@WTL@@QAEJPAUHWND__@@@Z 0041acf0 f i Propdlg.obj
 0001:00019d60       ?ProcessWindowMessage@?$CPrintDialogImpl@VCPrintDialog@WTL@@@WTL@@UAEHPAUHWND__@@IIJAAJK@Z 0041ad60 f i Propdlg.obj
 0001:00019dc0       ?OnPrintSetup@?$CPrintDialogImpl@VCPrintDialog@WTL@@@WTL@@QAEJGGPAUHWND__@@AAH@Z 0041adc0 f i Propdlg.obj
 0001:00019e60       ?HookProc@CCommonDialogImplBase@WTL@@SGKPAUHWND__@@IIJ@Z 0041ae60 f i Propdlg.obj
 0001:00019f50       ?WindowProc@?$CWindowImplBaseT@VCWindow@ATL@@V?$CWinTraits@$0FGAAAAAA@$0A@@2@@ATL@@SGJPAUHWND__@@IIJ@Z 0041af50 f i Propdlg.obj
 0001:0001a050       ?AfxGlobalFree@CAfx@@SAXPAX@Z 0041b050 f i Propdlg.obj
 0001:0001a090       ?_WindowProc@CCommonWnd@@UAEHPAUHWND__@@IIJAAJ@Z 0041b090 f i Propdlg.obj
 0001:0001a230       ?OnOpenRecentFile@CWinApp@@QAEHI@Z 0041b230 f i Propdlg.obj
 0001:0001a290       ?OnUpdateRecentFileMenu@CWinApp@@QAEXPAVCCmdUI@@@Z 0041b290 f i Propdlg.obj
 0001:0001a2c0       ?OnFileNew@CWinApp@@UAEXXZ 0041b2c0 f i Propdlg.obj
 0001:0001a2d0       ?OnFileOpen@CWinApp@@UAEXXZ 0041b2d0 f i Propdlg.obj
 0001:0001a2e0       ?OnIdle@CWinApp@@UAEHH@Z   0041b2e0 f i Propdlg.obj
 0001:0001a430       ?RemoveOwner@?$CHandleHashList@PAUHWND__@@VCWMHnd@@PAU1@$0BB@@@QAEHQAUHWND__@@@Z 0041b430 f i Propdlg.obj
 0001:0001a4c0       ?RemoveOwner@?$CHandleList@PAXVCGdiObject@@PAUHWND__@@@@QAEHQAUHWND__@@@Z 0041b4c0 f i Propdlg.obj
 0001:0001a4c0       ?RemoveOwner@?$CHandleList@PAUHMENU__@@VCMenuMTL@@PAUHWND__@@@@QAEHQAUHWND__@@@Z 0041b4c0 f i Propdlg.obj
 0001:0001a4c0       ?RemoveOwner@?$CHandleList@PAXXPAUHWND__@@@@QAEHQAUHWND__@@@Z 0041b4c0 f i Propdlg.obj
 0001:0001a4c0       ?RemoveOwner@?$CHandleList@PAUHDC__@@VCDCMTL@@PAUHWND__@@@@QAEHQAUHWND__@@@Z 0041b4c0 f i Propdlg.obj
 0001:0001a530       ?ExitInstance@CWinApp@@UAEHXZ 0041b530 f i Propdlg.obj
 0001:0001a5a0       ?IsFrameWnd@CFrameWnd@@UAEHXZ 0041b5a0 f i Propdlg.obj
 0001:0001a5a0       ?InitInstance@CWinApp@@UAEHXZ 0041b5a0 f i Propdlg.obj
 0001:0001a5a0       ?OnQueryCancel@CPropertyPageMTL@@UAEHXZ 0041b5a0 f i Propdlg.obj
 0001:0001a5b0       ?OpenDocumentFile@CWinApp@@UAEPAVCDocument@@PBG@Z 0041b5b0 f i Propdlg.obj
 0001:0001a810       ?PreTranslateMessage@CWinApp@@UAEHPAUtagMSG@@@Z 0041b810 f i Propdlg.obj
 0001:0001a8b0       ?ProcessShellCommand@CWinApp@@QAEHAAVCCommandLineInfo@@@Z 0041b8b0 f i Propdlg.obj
 0001:0001abb0       ?LoadStringW@CString@WTL@@QAEHI@Z 0041bbb0 f i Propdlg.obj
 0001:0001add0       ??HWTL@@YG?AVCString@0@ABV10@PBG@Z 0041bdd0 f i Propdlg.obj
 0001:0001af90       ?AfxDelRegTreeHelper@CAfx@@SAJPAUHKEY__@@ABVCString@WTL@@PAVCAtlTransactionManager@@@Z 0041bf90 f i Propdlg.obj
 0001:0001b200       ?PumpMessage@CWinApp@@UAEHXZ 0041c200 f i Propdlg.obj
 0001:0001b250       ?Run@CWinApp@@UAEHXZ       0041c250 f i Propdlg.obj
 0001:0001b2f0       ?UpdatePrinterSelection@CWinApp@@QAEXH@Z 0041c2f0 f i Propdlg.obj
 0001:0001b690       ??0CPrintDialog@WTL@@QAE@HKPAUHWND__@@@Z 0041c690 f i Propdlg.obj
 0001:0001b720       ?GetDeviceName@CPrintDialogMTL@@QBE?AVCString@WTL@@XZ 0041c720 f i Propdlg.obj
 0001:0001b870       ?GetDriverName@CPrintDialogMTL@@QBE?AVCString@WTL@@XZ 0041c870 f i Propdlg.obj
 0001:0001b9c0       ?GetPortName@CPrintDialogMTL@@QBE?AVCString@WTL@@XZ 0041c9c0 f i Propdlg.obj
 0001:0001bb10       ??1CModuleThreadState@@QAE@XZ 0041cb10 f i Propdlg.obj
 0001:0001bb60       ??1CCommandLineInfo@@QAE@XZ 0041cb60 f i Propdlg.obj
 0001:0001bc60       ?_ProcessWindowMessage@CWinApp@@UAEHPAUHWND__@@IIJAAJ@Z 0041cc60 f i Propdlg.obj
 0001:0001bd50       ?OnFileOpen@CDocManager@@UAEXXZ 0041cd50 f i Propdlg.obj
 0001:0001bfa0       ??0CFileDialogMTL@@QAE@HPBG0K0PAVCWnd@@KH@Z 0041cfa0 f i Propdlg.obj
 0001:0001c200       ?OnOK@CCommonDialog@@UAEXXZ 0041d200 f i Propdlg.obj
 0001:0001c260       ?OnCancel@CCommonDialog@@UAEXXZ 0041d260 f i Propdlg.obj
 0001:0001c260       ?Default@CWMHnd@@QAEJXZ    0041d260 f i Propdlg.obj
 0001:0001c260       ?OnInitDialog@CWMHnd@@UAEHXZ 0041d260 f i Propdlg.obj
 0001:0001c280       ??_GCCommonDialog@@UAEPAXI@Z 0041d280 f i Propdlg.obj
 0001:0001c280       ??_ECCommonDialog@@UAEPAXI@Z 0041d280 f i Propdlg.obj
 0001:0001c2a0       ??1CCommonDialog@@UAE@XZ   0041d2a0 f i Propdlg.obj
 0001:0001c2f0       ?_ProcessWindowMessage@CAboutDlg@@UAEHPAUHWND__@@IIJAAJ@Z 0041d2f0 f i Propdlg.obj
 0001:0001c2f0       ?_ProcessWindowMessage@CCommonDialog@@UAEHPAUHWND__@@IIJAAJ@Z 0041d2f0 f i Propdlg.obj
 0001:0001c2f0       ?_ProcessWindowMessage@CDialog@@UAEHPAUHWND__@@IIJAAJ@Z 0041d2f0 f i Propdlg.obj
 0001:0001c380       ??1CFileDialogMTL@@UAE@XZ  0041d380 f i Propdlg.obj
 0001:0001c420       ?OnShowMenuBar@CFrameWnd@@UAEXXZ 0041d420 f i Propdlg.obj
 0001:0001c420       ?DeleteContents@CDocument@@UAEXXZ 0041d420 f i Propdlg.obj
 0001:0001c420       ??1?$CWindowImplRoot@VCWindow@ATL@@@ATL@@QAE@XZ 0041d420 f i Propdlg.obj
 0001:0001c420       ?UpdateOFNFromShellDialog@CFileDialogMTL@@UAEXXZ 0041d420 f i Propdlg.obj
 0001:0001c420       ?OnFolderChange@CFileDialogMTL@@UAEXXZ 0041d420 f i Propdlg.obj
 0001:0001c420       ?OnFileNameChange@CFileDialogMTL@@UAEXXZ 0041d420 f i Propdlg.obj
 0001:0001c420       ?OnTypeChange@CFileDialogMTL@@UAEXXZ 0041d420 f i Propdlg.obj
 0001:0001c420       ?_afxdata@?1??_GetAfxData@CAfx@@SAABU_AUX_DATA@@XZ@$AU2@A 0041d420 f i Propdlg.obj
 0001:0001c420       ?_simpleInvalidArgException@?1??GetCException@CAfx@@SAAAVCException@@H@Z@$AVCInvalidArgException@@A 0041d420 f i Propdlg.obj
 0001:0001c420       ?PostNcDestroy@CWMHnd@@UAEXXZ 0041d420 f i Propdlg.obj
 0001:0001c420       ?OnHideMenuBar@CFrameWnd@@UAEXXZ 0041d420 f i Propdlg.obj
 0001:0001c420       ?_simpleResourceException@?1??GetCException@CAfx@@SAAAVCException@@H@Z@$AVCResourceException@@A 0041d420 f i Propdlg.obj
 0001:0001c420       ?_simpleMemoryException@?1??GetCException@CAfx@@SAAAVCException@@H@Z@$AVCMemoryException@@A 0041d420 f i Propdlg.obj
 0001:0001c420       ?OnOK@CPropertyPageMTL@@UAEXXZ 0041d420 f i Propdlg.obj
 0001:0001c420       ?OnCancel@CPropertyPageMTL@@UAEXXZ 0041d420 f i Propdlg.obj
 0001:0001c420       ?_simpleNotSupportedException@?1??GetCException@CAfx@@SAAAVCException@@H@Z@$AVCNotSupportedException@@A 0041d420 f i Propdlg.obj
 0001:0001c420       ??1CPrintDialogMTL@@QAE@XZ 0041d420 f i Propdlg.obj
 0001:0001c430       ?OnInitDone@CFileDialogMTL@@UAEXXZ 0041d430 f i Propdlg.obj
 0001:0001c5c0       ?OnLBSelChangedNotify@CFileDialogMTL@@UAEXIII@Z 0041d5c0 f i Propdlg.obj
 0001:0001c5d0       ?OnNotify@CFileDialogMTL@@UAEHIJPAJ@Z 0041d5d0 f i Propdlg.obj
 0001:0001c7a0       ?GetScrollBarCtrl@CWMHnd@@UBEPAVCScrollBarMTL@@H@Z 0041d7a0 f i Propdlg.obj
 0001:0001c7a0       ?OnShareViolation@CFileDialogMTL@@UAEIPBG@Z 0041d7a0 f i Propdlg.obj
 0001:0001c7b0       ?DoModal@CFileDialogMTL@@UAEJXZ 0041d7b0 f i Propdlg.obj
 0001:0001c930       ??_ECFileDialogMTL@@UAEPAXI@Z 0041d930 f i Propdlg.obj
 0001:0001c930       ??_GCFileDialogMTL@@UAEPAXI@Z 0041d930 f i Propdlg.obj
 0001:0001c950       ?_AfxAppendFilterSuffix@@YAXAAVCString@WTL@@AAUtagOFNW@@PAVCDocTemplate@@PAV12@@Z 0041d950 f i Propdlg.obj
 0001:0001cc40       ?Mid@CString@WTL@@QBE?AV12@H@Z 0041dc40 f i Propdlg.obj
 0001:0001cc70       ?Mid@CString@WTL@@QBE?AV12@HH@Z 0041dc70 f i Propdlg.obj
 0001:0001ce00       ?Tokenize@@YA?AVCString@WTL@@AAV12@PAGAAH@Z 0041de00 f i Propdlg.obj
 0001:0001ce30       ?Tokenize@CAfx@@SA?AVCString@WTL@@AAV23@PAGAAH@Z 0041de30 f i Propdlg.obj
 0001:0001cf60       ?_AfxCommDlgProc@CCommonDialog@@SGKPAUHWND__@@IIJ@Z 0041df60 f i Propdlg.obj
 0001:0001d1b0       ?AfxResolveShortcut@@YAHPAVCWMHnd@@PBGPAGH@Z 0041e1b0 f i Propdlg.obj
 0001:0001d430       ?GetClassObject@AFX_COM@@QAEJABU_GUID@@0PAPAX@Z 0041e430 f i Propdlg.obj
 0001:0001d690       ?AfxGetInProcServer@CAfx@@SAHPBGAAVCString@WTL@@@Z 0041e690 f i Propdlg.obj
 0001:0001d8a0       ?AfxStringFromCLSID@@YA?AVCString@WTL@@ABU_GUID@@@Z 0041e8a0 f i Propdlg.obj
 0001:0001d8d0       ?AfxStringFromCLSID@CAfx@@SA?AVCString@WTL@@ABU_GUID@@@Z 0041e8d0 f i Propdlg.obj
 0001:0001dac0       ?OpenDocumentFile@CMultiDocTemplate@@UAEPAVCDocument@@PBGHH@Z 0041eac0 f i Propdlg.obj
 0001:0001dd70       ?ShowAppMessageBox@CWinApp@@SAHPAV1@PBGII@Z 0041ed70 f i Propdlg.obj
 0001:0001deb0       ??1CWaitCursor@@QAE@XZ     0041eeb0 f i Propdlg.obj
 0001:0001df00       ?ReadList@CRecentFileList@@UAEXXZ 0041ef00 f i Propdlg.obj
 0001:0001e0b0       ?GetProfileStringW@CWinApp@@QAE?AVCString@WTL@@PBG00@Z 0041f0b0 f i Propdlg.obj
 0001:0001e290       ?UpdateMenu@CRecentFileList@@UAEXPAVCCmdUI@@@Z 0041f290 f i Propdlg.obj
 0001:0001e710       ??HWTL@@YG?AVCString@0@ABV10@0@Z 0041f710 f i Propdlg.obj
 0001:0001e8d0       ?WriteList@CRecentFileList@@UAEXXZ 0041f8d0 f i Propdlg.obj
 0001:0001e970       ?RunModalLoop@CWnd@@QAEHK@Z 0041f970 f i Propdlg.obj
 0001:0001eb10       ?GetRuntimeClass@CModalShapePropSheet@@UBEPAUCRuntimeClass@@XZ 0041fb10 f   Propsht.obj
 0001:0001eb20       ??0CModalShapePropSheet@@QAE@PAVCWnd@@@Z 0041fb20 f   Propsht.obj
 0001:0001ede0       ?_ProcessWindowMessage@CModalShapePropSheet@@UAEHPAUHWND__@@IIJAAJ@Z 0041fde0 f i Propsht.obj
 0001:0001ee50       ??_ECModalShapePropSheet@@UAEPAXI@Z 0041fe50 f i Propsht.obj
 0001:0001ee50       ??_GCModalShapePropSheet@@UAEPAXI@Z 0041fe50 f i Propsht.obj
 0001:0001ee70       ??1CStylePage@@UAE@XZ      0041fe70 f i Propsht.obj
 0001:0001ef80       ??1CModalShapePropSheet@@UAE@XZ 0041ff80 f i Propsht.obj
 0001:0001f170       ?OnInitDialog@CModalShapePropSheet@@UAEHXZ 00420170 f   Propsht.obj
 0001:0001f440       ?SetShapePropsFromSheet@CModelessShapePropSheet@@QAEXPAVCShape@@@Z 00420440 f   Propsht.obj
 0001:0001f440       ?SetShapePropsFromSheet@CModalShapePropSheet@@QAEXPAVCShape@@@Z 00420440 f   Propsht.obj
 0001:0001f4c0       ?UpdateShapePreview@CModalShapePropSheet@@QAEXXZ 004204c0 f   Propsht.obj
 0001:0001f4f0       ?OnApplyNow@CModalShapePropSheet@@IAEXXZ 004204f0 f   Propsht.obj
 0001:0001f5c0       ??0CRect@WTL@@QAE@HHHH@Z   004205c0 f i Propsht.obj
 0001:0001f5e0       ?PreProcessPageTemplate@CPropertyPageMTL@@QAEXAAU_PROPSHEETPAGEW@@H@Z 004205e0 f i Propsht.obj
 0001:0001f920       ??0CSimpleException@@QAE@HI@Z 00420920 f i Propsht.obj
 0001:0001f940       ?_AfxChangePropPageFont@CPropertyPageMTL@@SAPAUDLGTEMPLATE@@PBU2@H@Z 00420940 f i Propsht.obj
 0001:0001fcb0       ??1CDialogTemplate@@QAE@XZ 00420cb0 f i Propsht.obj
 0001:0001fcc0       ?GetFontSizeField@CDialogTemplate@@SAPAEPBUDLGTEMPLATE@@@Z 00420cc0 f i Propsht.obj
 0001:0001fd30       ?GetFont@CDialogTemplate@@SAHPBUDLGTEMPLATE@@AAVCString@WTL@@AAG@Z 00420d30 f i Propsht.obj
 0001:0001fe70       ?GetTemplateSize@CDialogTemplate@@QAEIPBUDLGTEMPLATE@@@Z 00420e70 f i Propsht.obj
 0001:0001ffc0       ?SetFont@CDialogTemplate@@QAEHPBGG@Z 00420fc0 f i Propsht.obj
 0001:000201a0       ?SetTemplate@CDialogTemplate@@QAEHPBUDLGTEMPLATE@@I@Z 004211a0 f i Propsht.obj
 0001:00020220       ?IsFontInstalled@CPropertyPageMTL@@SAHPBG@Z 00421220 f i Propsht.obj
 0001:00020290       ?FontEnumProc@CPropertyPageMTL@@SGHPBUtagLOGFONTW@@PBUtagTEXTMETRICW@@KJ@Z 00421290 f i Propsht.obj
 0001:000202b0       ?_afxPropPageFontInfo@?1??_GetAfxPropPageFontInfo@CPropertyPageMTL@@SAAAU_AFX_PROPPAGEFONTINFO@@XZ@$AU2@A 004212b0 f i Propsht.obj
 0001:000202c0       ??1CPropertySheetMTL@@UAE@XZ 004212c0 f i Propsht.obj
 0001:00020380       ?OnInitDialog@CPropertySheetMTL@@UAEHXZ 00421380 f i Propsht.obj
 0001:00020770       ?OnCommand@CPropertySheetMTL@@UAEHIJ@Z 00421770 f i Propsht.obj
 0001:000208c0       ?AddPage@CPropertySheetMTL@@QAEXPAVCPropertyPageMTL@@@Z 004218c0 f i Propsht.obj
 0001:00020cd0       ?BuildPropPageArray@CPropertySheetMTL@@UAEXXZ 00421cd0 f i Propsht.obj
 0001:00020fc0       ?ContinueModal@CPropertySheetMTL@@UAEHXZ 00421fc0 f i Propsht.obj
 0001:00020ff0       ?PreTranslateMessage@CPropertySheetMTL@@UAEHPAUtagMSG@@@Z 00421ff0 f i Propsht.obj
 0001:00021110       ??_GCPropertySheetMTL@@UAEPAXI@Z 00422110 f i Propsht.obj
 0001:00021110       ??_ECPropertySheetMTL@@UAEPAXI@Z 00422110 f i Propsht.obj
 0001:00021130       ?_ProcessWindowMessage@CPropertySheetMTL@@UAEHPAUHWND__@@IIJAAJ@Z 00422130 f i Propsht.obj
 0001:000213f0       ?OnKickIdle@CPropertySheetMTL@@QAEJIJ@Z 004223f0 f i Propsht.obj
 0001:00021450       ?OnSetDefID@CPropertySheetMTL@@QAEJIJ@Z 00422450 f i Propsht.obj
 0001:00021540       ?HandleInitDialog@CPropertySheetMTL@@QAEJIJ@Z 00422540 f i Propsht.obj
 0001:00021550       ?AfxHelpEnabled@@YAHXZ     00422550 f i Propsht.obj
 0001:000215d0       ?Create@CPropertySheetMTL@@UAEHPAVCWnd@@KK@Z 004225d0 f i Propsht.obj
 0001:00021740       ?AfxPropSheetCallback@CPropertySheetMTL@@SGHPAUHWND__@@IJ@Z 00422740 f i Propsht.obj
 0001:000217c0       ?DoModal@CPropertySheetMTL@@UAEJXZ 004227c0 f i Propsht.obj
 0001:00021c00       ?GetRuntimeClass@CModelessShapePropSheet@@UBEPAUCRuntimeClass@@XZ 00422c00 f   Propsht2.obj
 0001:00021c10       ??0CModelessShapePropSheet@@QAE@PAVCWnd@@@Z 00422c10 f   Propsht2.obj
 0001:00021ec0       ?_ProcessWindowMessage@CModelessShapePropSheet@@UAEHPAUHWND__@@IIJAAJ@Z 00422ec0 f i Propsht2.obj
 0001:00021ef0       ??_GCModelessShapePropSheet@@UAEPAXI@Z 00422ef0 f i Propsht2.obj
 0001:00021ef0       ??_ECModelessShapePropSheet@@UAEPAXI@Z 00422ef0 f i Propsht2.obj
 0001:00021f10       ??1CModelessShapePropSheet@@UAE@XZ 00422f10 f i Propsht2.obj
 0001:00022120       ?PostNcDestroy@CModelessShapePropSheet@@UAEXXZ 00423120 f   Propsht2.obj
 0001:00022130       ?SetSheetPropsFromShape@CModelessShapePropSheet@@QAEXPAVCShape@@@Z 00423130 f   Propsht2.obj
 0001:00022220       ?CreateObject@CShapesDoc@@SAPAVCObject@@XZ 00423220 f   Shapedoc.obj
 0001:00022280       ?GetRuntimeClass@CShapesDoc@@UBEPAUCRuntimeClass@@XZ 00423280 f   Shapedoc.obj
 0001:00022290       ??0CShapesDoc@@IAE@XZ      00423290 f   Shapedoc.obj
 0001:000222e0       ?_ProcessWindowMessage@CShapesDoc@@UAEHPAUHWND__@@IIJAAJ@Z 004232e0 f i Shapedoc.obj
 0001:00022440       ??_GCShapesDoc@@UAEPAXI@Z  00423440 f i Shapedoc.obj
 0001:00022440       ??_ECShapesDoc@@UAEPAXI@Z  00423440 f i Shapedoc.obj
 0001:00022460       ??1CShapesDoc@@UAE@XZ      00423460 f   Shapedoc.obj
 0001:00022580       ?OnNewDocument@CShapesDoc@@MAEHXZ 00423580 f   Shapedoc.obj
 0001:000226f0       ?AddShape@CShapesDoc@@QAEXPAVCShape@@@Z 004236f0 f   Shapedoc.obj
 0001:00022760       ?HitTest@CShapesDoc@@QAEPAVCShape@@VCPoint@WTL@@@Z 00423760 f   Shapedoc.obj
 0001:000227b0       ?Serialize@CShapesDoc@@UAEXAAVCArchive@@@Z 004237b0 f   Shapedoc.obj
 0001:000228e0       ??6CArchive@@QAEAAV0@K@Z   004238e0 f i Shapedoc.obj
 0001:00022950       ?FillBuffer@CArchive@@QAEXI@Z 00423950 f i Shapedoc.obj
 0001:000229d0       ?Flush@CArchive@@QAEXXZ    004239d0 f i Shapedoc.obj
 0001:00022a20       ?ReadObject@CArchive@@QAEPAVCObject@@PBUCRuntimeClass@@@Z 00423a20 f i Shapedoc.obj
 0001:00022e80       ?Lookup@?$CMapList@PAXPAXV?$CPair@PAXPAX@@$0A@@@QBEHQAXAAPAX@Z 00423e80 f i Shapedoc.obj
 0001:00022ec0       ?Find@?$CMapList@PAXPAXV?$CPair@PAXPAX@@$0A@@@QBEPAU__POSITION@@QAX@Z 00423ec0 f i Shapedoc.obj
 0001:00022ee0       ?FindData@?$CMapList@PAXPAXV?$CPair@PAXPAX@@$0A@@@QAEAAV?$CPair@PAXPAX@@QAXH@Z 00423ee0 f i Shapedoc.obj
 0001:00022f50       ?RemoveAll@?$CArray@W4LoadArrayObjType@CArchive@@ABW412@@@QAEXXZ 00423f50 f i Shapedoc.obj
 0001:00022f50       ??1?$CArray@PAXABQAX@@QAE@XZ 00423f50 f i Shapedoc.obj
 0001:00022f50       ?RemoveAll@?$CArray@HABH@@QAEXXZ 00423f50 f i Shapedoc.obj
 0001:00022f50       ??1?$CArray@HABH@@QAE@XZ   00423f50 f i Shapedoc.obj
 0001:00022f50       ?RemoveAll@?$CArray@PAXABQAX@@QAEXXZ 00423f50 f i Shapedoc.obj
 0001:00022f70       ?NewNode@?$CList@V?$CPair@PAXPAX@@ABV1@@@QAEPAUCNode@1@PAU21@0@Z 00423f70 f i Shapedoc.obj
 0001:00022fc0       ??0CArchiveException@@QAE@HPBG@Z 00423fc0 f i Shapedoc.obj
 0001:000230e0       ?CreateObject@CRuntimeClass@@QAEPAVCObject@@XZ 004240e0 f i Shapedoc.obj
 0001:000230f0       ??5CArchive@@QAEAAV0@AAG@Z 004240f0 f i Shapedoc.obj
 0001:00023190       ??5CArchive@@QAEAAV0@AAK@Z 00424190 f i Shapedoc.obj
 0001:00023230       ?AfxThrowArchiveException@CArchive@@SAXHPBG@Z 00424230 f i Shapedoc.obj
 0001:00023370       ?CheckCount@CArchive@@QAEXXZ 00424370 f i Shapedoc.obj
 0001:00023390       ?EnsureSchemaMapExists@CArchive@@QAEXPAPAV?$CArray@W4LoadArrayObjType@CArchive@@ABW412@@@@Z 00424390 f i Shapedoc.obj
 0001:000235c0       ?AddTail@?$CList@V?$CPair@PAXPAX@@ABV1@@@QAEPAU__POSITION@@ABV?$CPair@PAXPAX@@@Z 004245c0 f i Shapedoc.obj
 0001:00023610       ??0?$CPair@PAXPAX@@QAE@PAXH@Z 00424610 f i Shapedoc.obj
 0001:00023630       ?MapObject@CArchive@@QAEXPBVCObject@@@Z 00424630 f i Shapedoc.obj
 0001:00023940       ?SetSize@?$CArray@W4LoadArrayObjType@CArchive@@ABW412@@@QAEXJJ@Z 00424940 f i Shapedoc.obj
 0001:00023940       ?SetSize@?$CArray@PAXABQAX@@QAEXJJ@Z 00424940 f i Shapedoc.obj
 0001:00023a60       ?WriteObject@CArchive@@QAEXPBVCObject@@@Z 00424a60 f i Shapedoc.obj
 0001:00023d00       ?GetNext@?$CList@V?$CPair@PAXPAX@@ABV1@@@QBEABV?$CPair@PAXPAX@@AAPAU__POSITION@@@Z 00424d00 f i Shapedoc.obj
 0001:00023d00       ?GetNext@?$CList@PAXPAX@@QBEABQAXAAPAU__POSITION@@@Z 00424d00 f i Shapedoc.obj
 0001:00023d20       ??6CArchive@@QAEAAV0@G@Z   00424d20 f i Shapedoc.obj
 0001:00023d90       ?Load@CRuntimeClass@@SAPAU1@AAVCArchive@@PAI@Z 00424d90 f i Shapedoc.obj
 0001:00023fb0       ?FromName@CRuntimeClass@@SAPAU1@PBD@Z 00424fb0 f i Shapedoc.obj
 0001:00023ff0       ?Store@CRuntimeClass@@QBEXAAVCArchive@@@Z 00424ff0 f i Shapedoc.obj
 0001:000241a0       ??1CDocument@@UAE@XZ       004251a0 f i Shapedoc.obj
 0001:00024270       ?GetFirstViewPosition@CDocument@@UBEPAU__POSITION@@XZ 00425270 f i Shapedoc.obj
 0001:00024280       ?GetNextView@CDocument@@UBEPAVCView@@AAPAU__POSITION@@@Z 00425280 f i Shapedoc.obj
 0001:000242a0       ?ReleaseFile@CDocument@@UAEXPAVCFile@@H@Z 004252a0 f i Shapedoc.obj
 0001:000242e0       ??1CFile@@QAE@XZ           004252e0 f i Shapedoc.obj
 0001:00024480       ?OsErrorToException@CFileException@@SAHJ@Z 00425480 f i Shapedoc.obj
 0001:00024630       ?Abort@CFile@@UAEXXZ       00425630 f i Shapedoc.obj
 0001:00024740       ?Close@CFile@@UAEXXZ       00425740 f i Shapedoc.obj
 0001:00024850       ?ThrowOsError@CFileException@@SAXJPBG@Z 00425850 f i Shapedoc.obj
 0001:00024b10       ?GetFilePath@CFile@@UBE?AVCString@WTL@@XZ 00425b10 f i Shapedoc.obj
 0001:00024d70       ??0CTime@@QAE@ABU_SYSTEMTIME@@H@Z 00425d70 f i Shapedoc.obj
 0001:00024f00       ??0CTime@@QAE@ABU_FILETIME@@H@Z 00425f00 f i Shapedoc.obj
 0001:00025180       ??0CTime@@QAE@HHHHHHH@Z    00426180 f i Shapedoc.obj
 0001:000252d0       ?IsValidFILETIME@CTime@@SAHABU_FILETIME@@@Z 004262d0 f i Shapedoc.obj
 0001:00025310       ?GetLength@CFile@@UBE_KXZ  00426310 f i Shapedoc.obj
 0001:00025360       ?Open@CFile@@UAEHPBGIPAVCFileException@@@Z 00426360 f i Shapedoc.obj
 0001:00025680       ?Read@CFile@@UAEIPAXI@Z    00426680 f i Shapedoc.obj
 0001:000256d0       ?Write@CFile@@UAEXPBXI@Z   004266d0 f i Shapedoc.obj
 0001:00025730       ?AfxThrowFileException@CFile@@SAXHJPBG@Z 00426730 f i Shapedoc.obj
 0001:00025880       ?Seek@CFile@@UAE_K_JI@Z    00426880 f i Shapedoc.obj
 0001:000258e0       ?SetModifiedFlag@CDocument@@UAEXH@Z 004268e0 f i Shapedoc.obj
 0001:000258f0       ?SetTitle@CDocument@@UAEXPBG@Z 004268f0 f i Shapedoc.obj
 0001:00025ba0       ?CDocumentDestruct@CDocument@@QAEXXZ 00426ba0 f i Shapedoc.obj
 0001:00025bf0       ?OnCmdMsg@CDocument@@UAEHIHPAXPAUAFX_CMDHANDLERINFO@@@Z 00426bf0 f i Shapedoc.obj
 0001:00025d30       ?OnOpenDocument@CDocument@@UAEHPBG@Z 00426d30 f i Shapedoc.obj
 0001:00025ff0       ??4CString@WTL@@QAEAAV01@ABV01@@Z 00426ff0 f i Shapedoc.obj
 0001:000260c0       ??_GCFile@@QAEPAXI@Z       004270c0 f i Shapedoc.obj
 0001:000260e0       ?DoWaitCursor@CWinApp@@QAEXH@Z 004270e0 f i Shapedoc.obj
 0001:00026150       ??1CArchive@@QAE@XZ        00427150 f i Shapedoc.obj
 0001:00026190       ?OnSaveDocument@CDocument@@UAEHPBG@Z 00427190 f i Shapedoc.obj
 0001:000263d0       ?DoSave@CDocument@@UAEHPBGH@Z 004273d0 f i Shapedoc.obj
 0001:00026750       ?DoPromptFileName@CWinApp@@QAEHAAVCString@WTL@@IKHPAVCDocTemplate@@@Z 00427750 f i Shapedoc.obj
 0001:00026780       ?DoPromptFileName@CDocManager@@QAEHAAVCString@WTL@@IKHPAVCDocTemplate@@@Z 00427780 f i Shapedoc.obj
 0001:00026c90       ?SetAt@CString@WTL@@QAEXHG@Z 00427c90 f i Shapedoc.obj
 0001:00026d50       ??YCString@WTL@@QAEAAV01@ABV01@@Z 00427d50 f i Shapedoc.obj
 0001:00026e80       ??0CCommonDialog@@QAE@PAVCWnd@@@Z 00427e80 f i Shapedoc.obj
 0001:00026ec0       ?SaveModified@CDocument@@UAEHXZ 00427ec0 f i Shapedoc.obj
 0001:000271e0       ?AfxFormatStrings@CAfx@@SAXAAVCString@WTL@@IPBQBGH@Z 004281e0 f i Shapedoc.obj
 0001:000274d0       ?AfxGetFileTitle@CAfx@@SAIPBGPAGI@Z 004284d0 f i Shapedoc.obj
 0001:00027560       ?SetPathName@CDocument@@UAEXPBGH@Z 00428560 f i Shapedoc.obj
 0001:000276a0       ?CreateObject@CShape@@SAPAVCObject@@XZ 004286a0 f   Shapeobj.obj
 0001:00027700       ?GetRuntimeClass@CShape@@UBEPAUCRuntimeClass@@XZ 00428700 f   Shapeobj.obj
 0001:00027760       ??0CShape@@QAE@XZ          00428760 f   Shapeobj.obj
 0001:000277a0       ??0CShape@@QAE@W4SHAPE_COLOR_ENUM@@W4SHAPE_STYLE@@AAVCRect@WTL@@@Z 004287a0 f   Shapeobj.obj
 0001:000277e0       ?Draw@CShape@@QAEXPAVCDCMTL@@H@Z 004287e0 f   Shapeobj.obj
 0001:00027a70       ?Serialize@CShape@@UAEXAAVCArchive@@@Z 00428a70 f   Shapeobj.obj
 0001:00027c10       ??BSHAPE_COLOR@@QBEKXZ     00428c10 f   Shapeobj.obj
 0001:00027c50       ??BSHAPE_COLOR@@QBEHXZ     00428c50 f   Shapeobj.obj
 0001:00027c60       ??4SHAPE_COLOR@@QAEABU0@H@Z 00428c60 f   Shapeobj.obj
 0001:00027c70       ??1?$CPenT@$00@WTL@@QAE@XZ 00428c70 f i Shapeobj.obj
 0001:00027c90       ?Read@CArchive@@QAEIPAXI@Z 00428c90 f i Shapeobj.obj
 0001:00027de0       ?Write@CArchive@@QAEXPBXI@Z 00428de0 f i Shapeobj.obj
 0001:00027ec0       ?classHandleFuncCGdiObject@CGdiObject@@SAPAXPAX0@Z 00428ec0 f i Shapeobj.obj
 0001:00027f00       ??_ECGdiObject@@UAEPAXI@Z  00428f00 f i Shapeobj.obj
 0001:00027f00       ??_GCGdiObject@@UAEPAXI@Z  00428f00 f i Shapeobj.obj
 0001:00027f20       ??1CGdiObject@@UAE@XZ      00428f20 f i Shapeobj.obj
 0001:00027f70       ??1CBitmapMTL@@UAE@XZ      00428f70 f i Shapeobj.obj
 0001:00027f70       ??1CPenMTL@@UAE@XZ         00428f70 f i Shapeobj.obj
 0001:00027f70       ??1?$CHandleWrapper@VCBrushMTL@@PAUHBRUSH__@@V?$CBrushT@$00@WTL@@@@UAE@XZ 00428f70 f i Shapeobj.obj
 0001:00027f70       ??1CBrushMTL@@UAE@XZ       00428f70 f i Shapeobj.obj
 0001:00027fc0       ?FromHandle@CGdiObject@@SAPAV1@PAXPAV1@PAUHWND__@@P6APAX00@Z@Z 00428fc0 f i Shapeobj.obj
 0001:00027fe0       ?RemoveHandle@CPenMTL@@SAPAUHPEN__@@PAU2@@Z 00428fe0 f i Shapeobj.obj
 0001:00028000       ?CreateObject@CShapesView@@SAPAVCObject@@XZ 00429000 f   Shapesvw.obj
 0001:00028060       ?GetRuntimeClass@CShapesView@@UBEPAUCRuntimeClass@@XZ 00429060 f   Shapesvw.obj
 0001:00028070       ??0CShapesView@@IAE@XZ     00429070 f   Shapesvw.obj
 0001:000280a0       ?_ProcessWindowMessage@CShapesView@@UAEHPAUHWND__@@IIJAAJ@Z 004290a0 f i Shapesvw.obj
 0001:00028320       ??_ECShapesView@@UAEPAXI@Z 00429320 f i Shapesvw.obj
 0001:00028320       ??_GCShapesView@@UAEPAXI@Z 00429320 f i Shapesvw.obj
 0001:00028340       ??1CShapesView@@UAE@XZ     00429340 f   Shapesvw.obj
 0001:000283b0       ?GetModelessShapePropSheet@CShapesView@@QAEPAVCModelessShapePropSheet@@XZ 004293b0 f   Shapesvw.obj
 0001:000283f0       ?OnDraw@CShapesView@@UAEXPAVCDCMTL@@@Z 004293f0 f   Shapesvw.obj
 0001:000284c0       ?OnPreparePrinting@CShapesView@@MAEHPAUCPrintInfo@@@Z 004294c0 f   Shapesvw.obj
 0001:00028710       ?OnEndPrinting@CShapesView@@MAEXPAVCDCMTL@@PAUCPrintInfo@@@Z 00429710 f   Shapesvw.obj
 0001:00028710       ?OnBeginPrinting@CShapesView@@MAEXPAVCDCMTL@@PAUCPrintInfo@@@Z 00429710 f   Shapesvw.obj
 0001:00028720       ?OnLButtonDown@CShapesView@@IAEXIVCPoint@WTL@@@Z 00429720 f   Shapesvw.obj
 0001:000288f0       ?OnLButtonDblClk@CShapesView@@IAEXIVCPoint@WTL@@@Z 004298f0 f   Shapesvw.obj
 0001:00028930       ?OnSimplePropertySheet@CShapesView@@IAEXXZ 00429930 f   Shapesvw.obj
 0001:00028d20       ?OnUpdateSimplePropertySheet@CShapesView@@IAEXPAVCCmdUI@@@Z 00429d20 f   Shapesvw.obj
 0001:00028d30       ?OnPropertySheetWithPreview@CShapesView@@IAEXXZ 00429d30 f   Shapesvw.obj
 0001:00028e30       ?OnUpdatePropertySheetWithPreview@CShapesView@@IAEXPAVCCmdUI@@@Z 00429e30 f   Shapesvw.obj
 0001:00028e70       ?OnChangeObjectProps@CShapesView@@IAEJIJ@Z 00429e70 f   Shapesvw.obj
 0001:00028ef0       ?OnKeyDown@CShapesView@@IAEXIII@Z 00429ef0 f   Shapesvw.obj
 0001:00028f50       ?Add@?$CArray@PAXABQAX@@QAEJABQAX@Z 00429f50 f i Shapesvw.obj
 0001:00029100       ?CommonConstruct@CPropertySheetMTL@@QAEXPAVCWnd@@I@Z 0042a100 f i Shapesvw.obj
 0001:000291e0       ?OnBarStyleChange@CControlBar@@UAEXKK@Z 0042a1e0 f i Shapesvw.obj
 0001:000291e0       ?OnEndPrinting@CView@@UAEXPAVCDCMTL@@PAUCPrintInfo@@@Z 0042a1e0 f i Shapesvw.obj
 0001:000291e0       ?OnBeginPrinting@CView@@UAEXPAVCDCMTL@@PAUCPrintInfo@@@Z 0042a1e0 f i Shapesvw.obj
 0001:000291e0       ?OnActivateFrame@CView@@UAEXIPAVCFrameWnd@@@Z 0042a1e0 f i Shapesvw.obj
 0001:000291f0       ?OnActivateView@CView@@UAEXHPAV1@0@Z 0042a1f0 f i Shapesvw.obj
 0001:000292e0       ?OnInitialUpdate@CView@@UAEXXZ 0042a2e0 f i Shapesvw.obj
 0001:000292f0       ?OnPrint@CView@@UAEXPAVCDCMTL@@PAUCPrintInfo@@@Z 0042a2f0 f i Shapesvw.obj
 0001:00029300       ?OnPrepareDC@CView@@UAEXPAVCDCMTL@@PAUCPrintInfo@@@Z 0042a300 f i Shapesvw.obj
 0001:00029330       ?OnPreparePrinting@CView@@UAEHPAUCPrintInfo@@@Z 0042a330 f i Shapesvw.obj
 0001:00029340       ?OnScrollBy@CView@@UAEHVCSize@WTL@@H@Z 0042a340 f i Shapesvw.obj
 0001:00029340       ?OnScroll@CView@@UAEHIIH@Z 0042a340 f i Shapesvw.obj
 0001:00029350       ?OnUpdate@CView@@UAEXPAV1@JPAVCObject@@@Z 0042a350 f i Shapesvw.obj
 0001:00029370       ?PreCreateWindow@CView@@UAEHAAUtagCREATESTRUCTW@@@Z 0042a370 f i Shapesvw.obj
 0001:000296c0       ??_ECView@@UAEPAXI@Z       0042a6c0 f i Shapesvw.obj
 0001:000296c0       ??_GCView@@UAEPAXI@Z       0042a6c0 f i Shapesvw.obj
 0001:000296e0       ??1CView@@UAE@XZ           0042a6e0 f i Shapesvw.obj
 0001:00029750       ?_ProcessWindowMessage@CView@@UAEHPAUHWND__@@IIJAAJ@Z 0042a750 f i Shapesvw.obj
 0001:00029ab0       ??_9@$BJA@AE               0042aab0 f i Shapesvw.obj
 0001:00029ac0       ??0CPaintDCMTL@@QAE@PAVCWMHnd@@@Z 0042aac0 f i Shapesvw.obj
 0001:00029b20       ?SetActiveView@CFrameWnd@@QAEXPAVCView@@H@Z 0042ab20 f i Shapesvw.obj
 0001:00029b70       ?OnEndPrintPreview@CView@@UAEXPAVCDCMTL@@PAUCPrintInfo@@UtagPOINT@@PAVCPreviewView@@@Z 0042ab70 f i Shapesvw.obj
 0001:00029d30       ?OnFilePrintPreview@CView@@QAEXXZ 0042ad30 f i Shapesvw.obj
 0001:0002a030       ??0CDialogBar@@QAE@XZ      0042b030 f i Shapesvw.obj
 0001:0002a0e0       ?OnUpdateCmdUI@CDialogBar@@UAEXPAVCFrameWnd@@H@Z 0042b0e0 f i Shapesvw.obj
 0001:0002a100       ?Create@CDialogBar@@UAEHPAVCWnd@@III@Z 0042b100 f i Shapesvw.obj
 0001:0002a130       ?Create@CDialogBar@@UAEHPAVCWnd@@PBGII@Z 0042b130 f i Shapesvw.obj
 0001:0002a360       ?HookWindowCreate@CWnd@@SAHPAV1@G@Z 0042b360 f i Shapesvw.obj
 0001:0002a3d0       ?UnhookWindowCreate@CWnd@@SAHXZ 0042b3d0 f i Shapesvw.obj
 0001:0002a3f0       ?CalcFixedLayout@CDialogBar@@UAE?AVCSize@WTL@@HH@Z 0042b3f0 f i Shapesvw.obj
 0001:0002a440       ??_ECDialogBar@@UAEPAXI@Z  0042b440 f i Shapesvw.obj
 0001:0002a440       ??_GCDialogBar@@UAEPAXI@Z  0042b440 f i Shapesvw.obj
 0001:0002a460       ??1CDialogBar@@UAE@XZ      0042b460 f i Shapesvw.obj
 0001:0002a5a0       ?OnPreviewClose@CPreviewView@@QAEXXZ 0042b5a0 f i Shapesvw.obj
 0001:0002a690       ?SetPrintView@CPreviewView@@QAEHPAVCView@@@Z 0042b690 f i Shapesvw.obj
 0001:0002ab30       ?Attach@?$CDCT@$00@WTL@@QAEXPAUHDC__@@@Z 0042bb30 f i Shapesvw.obj
 0001:0002ab60       ?classHandleFuncCDCMTL@CDCMTL@@SAPAXPAX0@Z 0042bb60 f i Shapesvw.obj
 0001:0002abb0       ?SetMapMode@CDCMTL@@QAEHH@Z 0042bbb0 f i Shapesvw.obj
 0001:0002abe0       ?SaveDC@CPreviewDC@@UAEHXZ 0042bbe0 f i Shapesvw.obj
 0001:0002ac40       ?RestoreDC@CPreviewDC@@UAEHH@Z 0042bc40 f i Shapesvw.obj
 0001:0002ae80       ?MirrorFont@CPreviewDC@@QAEXXZ 0042be80 f i Shapesvw.obj
 0001:0002b080       ?TextOutW@CPreviewDC@@UAEHHHPBGH@Z 0042c080 f i Shapesvw.obj
 0001:0002b0b0       ?ExtTextOutW@CPreviewDC@@QAEHHHIPBUtagRECT@@PBGIPAH@Z 0042c0b0 f i Shapesvw.obj
 0001:0002b2c0       ?Free@?$CAlloc@GABG@@QAEXXZ 0042c2c0 f i Shapesvw.obj
 0001:0002b2c0       ??1?$CAlloc@HABH@@QAE@XZ   0042c2c0 f i Shapesvw.obj
 0001:0002b2c0       ?Free@?$CAlloc@HABH@@QAEXXZ 0042c2c0 f i Shapesvw.obj
 0001:0002b2c0       ??1?$CAlloc@GABG@@QAE@XZ   0042c2c0 f i Shapesvw.obj
 0001:0002b2f0       ?ComputeDeltas@CPreviewDC@@QAE?AVCSize@WTL@@AAHPBGAAIHIPAHHPAG30@Z 0042c2f0 f i Shapesvw.obj
 0001:0002b650       ??_GCPreviewDC@@UAEPAXI@Z  0042c650 f i Shapesvw.obj
 0001:0002b650       ??_ECPreviewDC@@UAEPAXI@Z  0042c650 f i Shapesvw.obj
 0001:0002b670       ??1CPreviewDC@@UAE@XZ      0042c670 f i Shapesvw.obj
 0001:0002b6e0       ??0CWindowDCMTL@@QAE@PAVCWMHnd@@@Z 0042c6e0 f i Shapesvw.obj
 0001:0002b740       ??0CPrintDialogMTL@@QAE@HKPAVCWnd@@@Z 0042c740 f i Shapesvw.obj
 0001:0002b7f0       ?UpdateBars@CScrollView@@QAEXXZ 0042c7f0 f i Shapesvw.obj
 0001:0002bbc0       ??GCSize@WTL@@QBE?AV01@UtagSIZE@@@Z 0042cbc0 f i Shapesvw.obj
 0001:0002bbe0       ?ScrollWindow@CWMHnd@@QAEXHHPBUtagRECT@@0@Z 0042cbe0 f i Shapesvw.obj
 0001:0002bcc0       ?SetScrollPos@CWMHnd@@QAEHHHH@Z 0042ccc0 f i Shapesvw.obj
 0001:0002bd00       ?GetScrollPos@CWMHnd@@QBEHH@Z 0042cd00 f i Shapesvw.obj
 0001:0002bd40       ?SetScrollRange@CWMHnd@@QAEXHHHH@Z 0042cd40 f i Shapesvw.obj
 0001:0002bda0       ?EnableScrollBarCtrl@CWMHnd@@QAEXHH@Z 0042cda0 f i Shapesvw.obj
 0001:0002bdf0       ?SetScrollInfo@CWMHnd@@QAEHHPAUtagSCROLLINFO@@H@Z 0042cdf0 f i Shapesvw.obj
 0001:0002be40       ?GetDeviceScrollPosition@CScrollView@@QBE?AVCPoint@WTL@@XZ 0042ce40 f i Shapesvw.obj
 0001:0002beb0       ?GetScrollBarSizes@CScrollView@@QAEXAAVCSize@WTL@@@Z 0042ceb0 f i Shapesvw.obj
 0001:0002bf20       ?SetCurrentPage@CPreviewView@@QAEXIH@Z 0042cf20 f i Shapesvw.obj
 0001:0002bfe0       ?_AfxPreviewCloseProc@CPrintPreviewState@@SGHPAVCFrameWnd@@@Z 0042cfe0 f i Shapesvw.obj
 0001:0002c0f0       ?OnChangedViewList@CDocument@@QAEXXZ 0042d0f0 f i Shapesvw.obj
 0001:0002c370       ?CViewDestruct@CView@@QAEXXZ 0042d370 f i Shapesvw.obj
 0001:0002c4c0       ?OnCmdMsg@CView@@UAEHIHPAXPAUAFX_CMDHANDLERINFO@@@Z 0042d4c0 f i Shapesvw.obj
 0001:0002c5f0       ?DoPrintDialog@CWinApp@@QAEJPAVCPrintDialogMTL@@@Z 0042d5f0 f i Shapesvw.obj
 0001:0002c7d0       ?FromHandle@CDCMTL@@SAPAV1@PAUHDC__@@PAV1@PAUHWND__@@P6APAXPAX3@Z@Z 0042d7d0 f i Shapesvw.obj
 0001:0002c7f0       ?FromHandleDC@CWinApp@@QAEPAVCDCMTL@@PAUHDC__@@PAV2@PAUHWND__@@P6APAXPAX3@Z@Z 0042d7f0 f i Shapesvw.obj
 0001:0002c880       ?OnFilePrint@CView@@QAEXXZ 0042d880 f i Shapesvw.obj
 0001:0002d740       ?Attach@?$CHandleWrapper@VCDCMTL@@PAUHDC__@@V?$CDCT@$00@WTL@@@@QAEHPAUHDC__@@@Z 0042e740 f i Shapesvw.obj
 0001:0002d790       ?Detach@?$CHandleWrapper@VCDCMTL@@PAUHDC__@@V?$CDCT@$00@WTL@@@@QAEPAUHDC__@@XZ 0042e790 f i Shapesvw.obj
 0001:0002d7b0       ?SetRect@CRect@WTL@@QAEXHHHH@Z 0042e7b0 f i Shapesvw.obj
 0001:0002d7d0       ?_AfxAbortProc@CPrintingDialog@@SGHPAUHDC__@@H@Z 0042e7d0 f i Shapesvw.obj
 0001:0002d830       ??0CPrintingDialog@@QAE@PAVCWnd@@@Z 0042e830 f i Shapesvw.obj
 0001:0002d8b0       ?OnInitDialog@CPrintingDialog@@UAEHXZ 0042e8b0 f i Shapesvw.obj
 0001:0002db00       ?OnCancel@CPrintingDialog@@UAEXXZ 0042eb00 f i Shapesvw.obj
 0001:0002db30       ??_GCPrintingDialog@@UAEPAXI@Z 0042eb30 f i Shapesvw.obj
 0001:0002db30       ??_ECPrintingDialog@@UAEPAXI@Z 0042eb30 f i Shapesvw.obj
 0001:0002db50       ??1CPrintingDialog@@UAE@XZ 0042eb50 f i Shapesvw.obj
 0001:0002dba0       ?GetPathName@CFileDialogMTL@@QAE?AVCString@WTL@@XZ 0042eba0 f i Shapesvw.obj
 0001:0002de80       ??1CPrintInfo@@QAE@XZ      0042ee80 f i Shapesvw.obj
 0001:0002df20       ??_GCPrintDialogMTL@@QAEPAXI@Z 0042ef20 f i Shapesvw.obj
 0001:0002e130       ?GetRuntimeClass@CObject@@UBEPAUCRuntimeClass@@XZ 0042f130 f   Stdafx.obj
 0001:0002e140       ?GetRuntimeClass@CCmdTarget@@UBEPAUCRuntimeClass@@XZ 0042f140 f   Stdafx.obj
 0001:0002e150       ?CreateObject@CWnd@@SAPAVCObject@@XZ 0042f150 f   Stdafx.obj
 0001:0002e190       ?GetRuntimeClass@CWnd@@UBEPAUCRuntimeClass@@XZ 0042f190 f   Stdafx.obj
 0001:0002e1a0       ?GetRuntimeClass@CDialog@@UBEPAUCRuntimeClass@@XZ 0042f1a0 f   Stdafx.obj
 0001:0002e1b0       ?CreateObject@CFrameWnd@@SAPAVCObject@@XZ 0042f1b0 f   Stdafx.obj
 0001:0002e310       ?GetRuntimeClass@CFrameWnd@@UBEPAUCRuntimeClass@@XZ 0042f310 f   Stdafx.obj
 0001:0002e320       ?GetRuntimeClass@CView@@UBEPAUCRuntimeClass@@XZ 0042f320 f   Stdafx.obj
 0001:0002e330       ?GetRuntimeClass@CMultiDocTemplate@@UBEPAUCRuntimeClass@@XZ 0042f330 f   Stdafx.obj
 0001:0002e340       ?GetRuntimeClass@CControlBar@@UBEPAUCRuntimeClass@@XZ 0042f340 f   Stdafx.obj
 0001:0002e350       ?GetRuntimeClass@CToolBar@@UBEPAUCRuntimeClass@@XZ 0042f350 f   Stdafx.obj
 0001:0002e360       ?CreateObject@CMiniFrameWnd@@SAPAVCObject@@XZ 0042f360 f   Stdafx.obj
 0001:0002e4a0       ?GetRuntimeClass@CMiniFrameWnd@@UBEPAUCRuntimeClass@@XZ 0042f4a0 f   Stdafx.obj
 0001:0002e4b0       ?CreateObject@CMDIFrameWnd@@SAPAVCObject@@XZ 0042f4b0 f   Stdafx.obj
 0001:0002e600       ?GetRuntimeClass@CMDIFrameWnd@@UBEPAUCRuntimeClass@@XZ 0042f600 f   Stdafx.obj
 0001:0002e610       ?CreateObject@CMDIChildWnd@@SAPAVCObject@@XZ 0042f610 f   Stdafx.obj
 0001:0002e760       ?GetRuntimeClass@CMDIChildWnd@@UBEPAUCRuntimeClass@@XZ 0042f760 f   Stdafx.obj
 0001:0002e770       ?GetRuntimeClass@CScrollView@@UBEPAUCRuntimeClass@@XZ 0042f770 f   Stdafx.obj
 0001:0002e780       ?CreateObject@CPreviewView@@SAPAVCObject@@XZ 0042f780 f   Stdafx.obj
 0001:0002e900       ?GetRuntimeClass@CPreviewView@@UBEPAUCRuntimeClass@@XZ 0042f900 f   Stdafx.obj
 0001:0002e910       ?GetRuntimeClass@CPropertyPageMTL@@UBEPAUCRuntimeClass@@XZ 0042f910 f   Stdafx.obj
 0001:0002e920       ?GetRuntimeClass@CPropertySheetMTL@@UBEPAUCRuntimeClass@@XZ 0042f920 f   Stdafx.obj
 0001:0002e930       ?GetRuntimeClass@CFileDialogMTL@@UBEPAUCRuntimeClass@@XZ 0042f930 f   Stdafx.obj
 0001:0002e940       ?GetRuntimeClass@CToolTipCtrlMTL@@UBEPAUCRuntimeClass@@XZ 0042f940 f   Stdafx.obj
 0001:0002e950       _wWinMain@16               0042f950 f   Stdafx.obj
 0001:0002eca0       ?AtlModuleInit@ATL@@YGJPAU_ATL_MODULE@1@PAU_ATL_OBJMAP_ENTRY@1@PAUHINSTANCE__@@@Z 0042fca0 f i Stdafx.obj
 0001:0002ed30       ?_AtlGetStringResourceImage@CAfx@@SAPBUATLSTRINGRESOURCEIMAGE@@PAUHINSTANCE__@@PAUHRSRC__@@I@Z 0042fd30 f i Stdafx.obj
 0001:0002eda0       ?OnPrepareDC@CScrollView@@UAEXPAVCDCMTL@@PAUCPrintInfo@@@Z 0042fda0 f i Stdafx.obj
 0001:0002ef10       ?SetViewportExt@CDCMTL@@QAE?AVCSize@WTL@@HH@Z 0042ff10 f i Stdafx.obj
 0001:0002ef80       ?SetWindowExt@CDCMTL@@QAE?AVCSize@WTL@@HH@Z 0042ff80 f i Stdafx.obj
 0001:0002eff0       ?OnScroll@CScrollView@@UAEHIIH@Z 0042fff0 f i Stdafx.obj
 0001:0002f130       ?OnScrollBy@CScrollView@@UAEHVCSize@WTL@@H@Z 00430130 f i Stdafx.obj
 0001:0002f440       ?GetScrollInfo@CWMHnd@@QAEHHPAUtagSCROLLINFO@@I@Z 00430440 f i Stdafx.obj
 0001:0002f480       ?CCalcWindowRect@CScrollView@@UAEXPAUtagRECT@@I@Z 00430480 f i Stdafx.obj
 0001:0002f5a0       ?GetWheelScrollDistance@CScrollView@@UAE?AVCSize@WTL@@V23@HH@Z 004305a0 f i Stdafx.obj
 0001:0002f600       ??_ECScrollView@@UAEPAXI@Z 00430600 f i Stdafx.obj
 0001:0002f600       ??_GCScrollView@@UAEPAXI@Z 00430600 f i Stdafx.obj
 0001:0002f620       ??1CScrollView@@UAE@XZ     00430620 f i Stdafx.obj
 0001:0002f6b0       ?_ProcessWindowMessage@CScrollView@@UAEHPAUHWND__@@IIJAAJ@Z 004306b0 f i Stdafx.obj
 0001:0002fad0       ?SetViewportOrg@CDCMTL@@QAE?AVCPoint@WTL@@HH@Z 00430ad0 f i Stdafx.obj
 0001:0002fb40       ?SetWindowOrg@CDCMTL@@QAE?AVCPoint@WTL@@HH@Z 00430b40 f i Stdafx.obj
 0001:0002fbb0       ?BitBlt@CDCMTL@@QAEHHHHHPAV1@HHK@Z 00430bb0 f i Stdafx.obj
 0001:0002fbf0       ??0CImage@@QAE@XZ          00430bf0 f i Stdafx.obj
 0001:0002fc30       ??1CImage@@UAE@XZ          00430c30 f i Stdafx.obj
 0001:0002fca0       ?CreateEx@CImage@@QAEHHHHKPBKK@Z 00430ca0 f i Stdafx.obj
[...]
 0003:00000800       ?__pMyUnhandledExceptionFilter@@3PAXA 00446800     LIBCMT:throw.obj
 0003:00000810       __XcptActTab               00446810     LIBCMT:winxfltr.obj
 0003:00000888       __First_FPE_Indx           00446888     LIBCMT:winxfltr.obj
 0003:0000088c       __Num_FPE                  0044688c     LIBCMT:winxfltr.obj
 0003:00000890       __XcptActTabSize           00446890     LIBCMT:winxfltr.obj
 0003:00000894       __XcptActTabCount          00446894     LIBCMT:winxfltr.obj
 0003:00000898       ___badioinfo               00446898     LIBCMT:ioinit.obj
 0003:000008bc       ___tlsindex                004468bc     LIBCMT:tidtable.obj
 0003:000008c0       __amblksiz                 004468c0     LIBCMT:heapinit.obj
 0003:00000958       __locktable                00446958     LIBCMT:mlock.obj
 0003:00000a20       ___old_small_block_heap    00446a20     LIBCMT:sbheap.obj
 0003:00002a44       ___old_sbh_threshold       00448a44     LIBCMT:sbheap.obj
 0003:00002a50       ?__pInconsistency@@3P6AXXZA 00448a50     LIBCMT:hooks.obj
 0003:00002a60       __timezone                 00448a60     LIBCMT:timeset.obj
 0003:00002a64       __daylight                 00448a64     LIBCMT:timeset.obj
 0003:00002a68       __dstbias                  00448a68     LIBCMT:timeset.obj
 0003:00002aec       __tzname                   00448aec     LIBCMT:timeset.obj
 0003:00002b14       __lpdays                   00448b14     LIBCMT:days.obj
 0003:00002b48       __days                     00448b48     LIBCMT:days.obj
 0003:00002ce8       __pctype                   00448ce8     LIBCMT:ctype.obj
 0003:00002cec       __pwctype                  00448cec     LIBCMT:ctype.obj
 0003:00002cf0       __ctype                    00448cf0     LIBCMT:ctype.obj
 0003:00002ef4       ___mb_cur_max              00448ef4     LIBCMT:nlsdata1.obj
 0003:00002ef8       ___decimal_point           00448ef8     LIBCMT:nlsdata1.obj
 0003:00002efc       ___decimal_point_length    00448efc     LIBCMT:nlsdata1.obj
 0003:00003110       ___lc_time_curr            00449110     LIBCMT:strftime.obj
 0003:00003118       ___lc_time_c               00449118     LIBCMT:strftime.obj
 0003:000031c8       ___lconv_static_decimal    004491c8     LIBCMT:lconv.obj
 0003:000031d0       ___lconv_c                 004491d0     LIBCMT:lconv.obj
 0003:00003200       ___lconv                   00449200     LIBCMT:lconv.obj
 0003:00003210       ?_pModule@ATL@@3PAVCComModule@1@A 00449210     Colorpge.obj
 0003:00003218       ?cwp@?1??GetHookOldCbtFilter@CWnd@@SAAAU_CreateWindowParam@2@XZ@4U32@A 00449218     Colorpge.obj
 0003:00003224       ??_C@_11A@?$AA?$AA@        00449224     Mainfrm.obj
 0003:00003228       ?theApp@@3VCPropDlgApp@@A  00449228     Propdlg.obj
 0003:000033d8       ?hHalftoneBrush@?1??HalftoneBrush@CAfx@@SAPAUHBRUSH__@@H@Z@4PAU3@A 004493d8     Propdlg.obj
 0003:000033dc       ?_afxMsgSETRGB@?1??_AfxCommDlgProc@CCommonDialog@@SGKPAUHWND__@@IIJ@Z@4IA 004493dc     Propdlg.obj
 0003:000033e0       ?_afxMsgHELP@?1??_AfxCommDlgProc@CCommonDialog@@SGKPAUHWND__@@IIJ@Z@4IA 004493e0     Propdlg.obj
 0003:000033e4       ?_afxMsgFILEOK@?1??_AfxCommDlgProc@CCommonDialog@@SGKPAUHWND__@@IIJ@Z@4IA 004493e4     Propdlg.obj
 0003:000033e8       ?_afxMsgSHAREVI@?1??_AfxCommDlgProc@CCommonDialog@@SGKPAUHWND__@@IIJ@Z@4IA 004493e8     Propdlg.obj
 0003:000033ec       ?_afxMsgLBSELCHANGE@?1??_AfxCommDlgProc@CCommonDialog@@SGKPAUHWND__@@IIJ@Z@4IA 004493ec     Propdlg.obj
 0003:000033f0       ?_init_CShape@@3UAFX_CLASSINIT@@A 004493f0     Shapeobj.obj
 0003:000033f8       ?m_pCWinApp@CWinApp@@2PAV1@A 004493f8     Stdafx.obj
 0003:00003400       ?rectDefault@CFrameWnd@@2VCRect@WTL@@B 00449400     Stdafx.obj
 0003:00003410       ?_AtlWinModule@@3VCComModule@ATL@@A 00449410     Stdafx.obj
 0003:00003498       ?wndTopMost@CWMHnd@@2V1@B  00449498     Stdafx.obj
 0003:000034a8       ?wndBottom@CWMHnd@@2V1@B   004494a8     Stdafx.obj
 0003:000034b8       ?wndTop@CWMHnd@@2V1@B      004494b8     Stdafx.obj
 0003:000034c8       ?wndNoTopMost@CWMHnd@@2V1@B 004494c8     Stdafx.obj
 0003:000034d8       ?_afxGotScrollLines@?1??_AfxGetMouseScrollLines@CScrollView@@QAEIXZ@4HA 004494d8     Stdafx.obj
 0003:000034dc       __aenvptr                  004494dc     LIBCMT:wwincrt0.obj
 0003:000034e0       __wenvptr                  004494e0     LIBCMT:wwincrt0.obj
 0003:000034e4       ___error_mode              004494e4     LIBCMT:wwincrt0.obj
 0003:000034e8       __umaskval                 004494e8     LIBCMT:crt0dat.obj
 0003:000034ec       __osver                    004494ec     LIBCMT:crt0dat.obj
 0003:000034f0       __winver                   004494f0     LIBCMT:crt0dat.obj
 0003:000034f4       __winmajor                 004494f4     LIBCMT:crt0dat.obj
 0003:000034f8       __winminor                 004494f8     LIBCMT:crt0dat.obj
 0003:000034fc       ___argc                    004494fc     LIBCMT:crt0dat.obj
 0003:00003500       ___argv                    00449500     LIBCMT:crt0dat.obj
 0003:00003504       ___wargv                   00449504     LIBCMT:crt0dat.obj
 0003:00003508       __environ                  00449508     LIBCMT:crt0dat.obj
 0003:0000350c       ___initenv                 0044950c     LIBCMT:crt0dat.obj
 0003:00003510       __wenviron                 00449510     LIBCMT:crt0dat.obj
 0003:00003514       ___winitenv                00449514     LIBCMT:crt0dat.obj
 0003:00003518       __pgmptr                   00449518     LIBCMT:crt0dat.obj
 0003:0000351c       __wpgmptr                  0044951c     LIBCMT:crt0dat.obj
 0003:00003520       __exitflag                 00449520     LIBCMT:crt0dat.obj
 0003:00003524       __C_Termination_Done       00449524     LIBCMT:crt0dat.obj
 0003:00003528       __C_Exit_Done              00449528     LIBCMT:crt0dat.obj
 0003:0000373c       __adbgmsg                  0044973c     LIBCMT:crt0msg.obj
 0003:000037a0       __newmode                  004497a0     LIBCMT:_newmode.obj
 0003:000037a4       ?_pnhHeap@@3P6AHI@ZA       004497a4     LIBCMT:handler.obj
 0003:00003894       ___lc_handle               00449894     LIBCMT:nlsdata2.obj
 0003:000038ac       ___lc_codepage             004498ac     LIBCMT:nlsdata2.obj
 0003:000038b0       ___lc_collate_cp           004498b0     LIBCMT:nlsdata2.obj
 0003:000038f0       ___lc_time_intl            004498f0     LIBCMT:inittime.obj
 0003:0000390c       ___lc_id                   0044990c     LIBCMT:nlsdata3.obj
 0003:0000395c       ___lconv_static_null       0044995c     LIBCMT:lconv.obj
 0003:0000396c       ?uCachedScrollLines@?1??_AfxGetMouseScrollLines@CScrollView@@QAEIXZ@4IA 0044996c     <common>
 0003:00003970       ?_afxWinState@?1??GetAfxWinState@CPrintingDialog@@SAPAV_AFX_WIN_STATE@@XZ@4V3@A 00449970     <common>
 0003:00003974       ?$S26@?1??_GetAfxPropPageFontInfo@CPropertyPageMTL@@SAAAU_AFX_PROPPAGEFONTINFO@@XZ@4EA 00449974     <common>
 0003:00003978       ?_afxPropPageFontInfo@?1??_GetAfxPropPageFontInfo@CPropertyPageMTL@@SAAAU_AFX_PROPPAGEFONTINFO@@XZ@4U3@A 00449978     <common>
 0003:00003980       ?$S12@?1??_GetAfxData@CAfx@@SAABU_AUX_DATA@@XZ@4EA 00449980     <common>
 0003:000039a0       ?_afxdata@?1??_GetAfxData@CAfx@@SAABU_AUX_DATA@@XZ@4U3@A 004499a0     <common>
 0003:000039d4       ?$S55@?1??_GetCModuleState@CWinApp@@SAPAVCModuleState@@XZ@4EA 004499d4     <common>
 0003:000039e0       ?cModuleState@?1??_GetCModuleState@CWinApp@@SAPAVCModuleState@@XZ@4V3@A 004499e0     <common>
 0003:00003a04       ?m_lastSentMsg@?1??GetLastSentMsg@CCmdTarget@@SAAAPAUtagMSG@@XZ@4PAU3@A 00449a04     <common>
 0003:00003a08       ?$S5@?1??GetCException@CAfx@@SAAAVCException@@H@Z@4EA 00449a08     <common>
 0003:00003a10       ?_simpleInvalidArgException@?1??GetCException@CAfx@@SAAAVCException@@H@Z@4VCInvalidArgException@@A 00449a10     <common>
 0003:00003a18       ?_simpleMemoryException@?1??GetCException@CAfx@@SAAAVCException@@H@Z@4VCMemoryException@@A 00449a18     <common>
 0003:00003a20       ?_simpleNotSupportedException@?1??GetCException@CAfx@@SAAAVCException@@H@Z@4VCNotSupportedException@@A 00449a20     <common>
 0003:00003a28       ?_simpleResourceException@?1??GetCException@CAfx@@SAAAVCException@@H@Z@4VCResourceException@@A 00449a28     <common>
 0003:00003a30       ___mbcodepage              00449a30     <common>
 0003:00003a40       ___mbulinfo                00449a40     <common>
 0003:00003a4c       ___ismbcodepage            00449a4c     <common>
 0003:00003a60       __mbcasemap                00449a60     <common>
 0003:00003b60       __mbctype                  00449b60     <common>
 0003:00003c64       ___mblcid                  00449c64     <common>
 0003:00003c68       ___setlc_active            00449c68     <common>
 0003:00003c6c       ___unguarded_readlc_active 00449c6c     <common>
 0003:00003c70       ___sbh_sizeHeaderList      00449c70     <common>
 0003:00003c74       ___sbh_indGroupDefer       00449c74     <common>
 0003:00003c78       ___sbh_pHeaderScan         00449c78     <common>
 0003:00003c7c       ___sbh_pHeaderDefer        00449c7c     <common>
 0003:00003c80       ___sbh_cntHeaderList       00449c80     <common>
 0003:00003c84       ___sbh_pHeaderList         00449c84     <common>
 0003:00003c88       ___sbh_threshold           00449c88     <common>
 0003:00003c8c       __crtheap                  00449c8c     <common>
 0003:00003c90       ___active_heap             00449c90     <common>
 0003:00003ca0       ___pioinfo                 00449ca0     <common>
 0003:00003da0       __nhandle                  00449da0     <common>
 0003:00003da4       ___env_initialized         00449da4     <common>
 0003:00003da8       ___mbctype_initialized     00449da8     <common>
 0003:00003dac       ___onexitend               00449dac     <common>
 0003:00003db0       ___onexitbegin             00449db0     <common>
 0003:00003db4       __FPinit                   00449db4     <common>
 0003:00003db8       __wcmdln                   00449db8     <common>

 entry point at        0001:0003696a

 Static symbols

 0001:0002df40       _$E66                      0042ef40 f   Stdafx.obj
 0001:0002df50       _$E62                      0042ef50 f   Stdafx.obj
 0001:0002df70       _$E65                      0042ef70 f   Stdafx.obj
 0001:0002df80       _$E63                      0042ef80 f   Stdafx.obj
 0001:0002dfb0       _$E71                      0042efb0 f   Stdafx.obj
 0001:0002dfc0       _$E68                      0042efc0 f   Stdafx.obj
 0001:0002dfe0       _$E70                      0042efe0 f   Stdafx.obj
 0001:0002dff0       _$E69                      0042eff0 f   Stdafx.obj
 0001:0002e020       _$E76                      0042f020 f   Stdafx.obj
 0001:0002e030       _$E73                      0042f030 f   Stdafx.obj
 0001:0002e050       _$E75                      0042f050 f   Stdafx.obj
 0001:0002e060       _$E74                      0042f060 f   Stdafx.obj
 0001:0002e090       _$E81                      0042f090 f   Stdafx.obj
 0001:0002e0a0       _$E78                      0042f0a0 f   Stdafx.obj
 0001:0002e0c0       _$E80                      0042f0c0 f   Stdafx.obj
 0001:0002e0d0       _$E79                      0042f0d0 f   Stdafx.obj
 0001:0002e100       _$E84                      0042f100 f   Stdafx.obj
 0001:0002e110       _$E83                      0042f110 f   Stdafx.obj
 0001:00029080       ?_AtlCreateDC@WTL@@YAPAUHDC__@@PAX0@Z 0042a080 f   Shapesvw.obj
 0001:00027710       _$E64                      00428710 f   Shapeobj.obj
 0001:00027720       _$E63                      00428720 f   Shapeobj.obj
 0001:00016610       _$E71                      00417610 f   Propdlg.obj
 0001:00016620       _$E68                      00417620 f   Propdlg.obj
 0001:00016630       _$E70                      00417630 f   Propdlg.obj
 0001:00016640       _$E69                      00417640 f   Propdlg.obj
 0001:0003d032       _findenv                   0043e032 f   LIBCMT:setenv.obj
 0001:0003d08a       _copy_environ              0043e08a f   LIBCMT:setenv.obj
 0001:0003cc64       _getSystemCP               0043dc64 f   LIBCMT:mbctype.obj
 0001:0003ccae       _CPtoLCID                  0043dcae f   LIBCMT:mbctype.obj
 0001:0003cce1       _setSBCS                   0043dce1 f   LIBCMT:mbctype.obj
 0001:0003cd0a       _setSBUpLow                0043dd0a f   LIBCMT:mbctype.obj
 0001:0003c6c6       _strncnt                   0043d6c6 f   LIBCMT:a_map.obj
 0001:0003c6c6       _strncnt                   0043d6c6 f   LIBCMT:a_map.obj
 0001:0003c3b8       _siglookup                 0043d3b8 f   LIBCMT:winsig.obj
 0001:0003b8f2       _strtoxl                   0043c8f2 f   LIBCMT:strtol.obj
 0001:0003b27d       __tzset_lk                 0043c27d f   LIBCMT:tzset.obj
 0001:0003b525       __isindst_lk               0043c525 f   LIBCMT:tzset.obj
 0001:0003b6d1       _cvtdate                   0043c6d1 f   LIBCMT:tzset.obj
 0001:0003ad20       LeadUp1                    0043bd20 f   LIBCMT:memcpy.obj
 0001:0003ad4c       LeadUp2                    0043bd4c f   LIBCMT:memcpy.obj
 0001:0003ad70       LeadUp3                    0043bd70 f   LIBCMT:memcpy.obj
 0001:0003adef       UnwindUp0                  0043bdef f   LIBCMT:memcpy.obj
 0001:0003addc       UnwindUp1                  0043bddc f   LIBCMT:memcpy.obj
 0001:0003add4       UnwindUp2                  0043bdd4 f   LIBCMT:memcpy.obj
 0001:0003adcc       UnwindUp3                  0043bdcc f   LIBCMT:memcpy.obj
 0001:0003adc4       UnwindUp4                  0043bdc4 f   LIBCMT:memcpy.obj
 0001:0003adbc       UnwindUp5                  0043bdbc f   LIBCMT:memcpy.obj
 0001:0003adb4       UnwindUp6                  0043bdb4 f   LIBCMT:memcpy.obj
 0001:0003adac       UnwindUp7                  0043bdac f   LIBCMT:memcpy.obj
 0001:0003ae08       TrailUp0                   0043be08 f   LIBCMT:memcpy.obj
 0001:0003ae10       TrailUp1                   0043be10 f   LIBCMT:memcpy.obj
 0001:0003ae1c       TrailUp2                   0043be1c f   LIBCMT:memcpy.obj
 0001:0003ae30       TrailUp3                   0043be30 f   LIBCMT:memcpy.obj
 0001:0003aea8       LeadDown1                  0043bea8 f   LIBCMT:memcpy.obj
 0001:0003aec8       LeadDown2                  0043bec8 f   LIBCMT:memcpy.obj
 0001:0003aef0       LeadDown3                  0043bef0 f   LIBCMT:memcpy.obj
 0001:0003af44       UnwindDown7                0043bf44 f   LIBCMT:memcpy.obj
 0001:0003af4c       UnwindDown6                0043bf4c f   LIBCMT:memcpy.obj
 0001:0003af54       UnwindDown5                0043bf54 f   LIBCMT:memcpy.obj
 0001:0003af5c       UnwindDown4                0043bf5c f   LIBCMT:memcpy.obj
 0001:0003af64       UnwindDown3                0043bf64 f   LIBCMT:memcpy.obj
 0001:0003af6c       UnwindDown2                0043bf6c f   LIBCMT:memcpy.obj
 0001:0003af74       UnwindDown1                0043bf74 f   LIBCMT:memcpy.obj
 0001:0003af87       UnwindDown0                0043bf87 f   LIBCMT:memcpy.obj
 0001:0003afa0       TrailDown0                 0043bfa0 f   LIBCMT:memcpy.obj
 0001:0003afa8       TrailDown1                 0043bfa8 f   LIBCMT:memcpy.obj
 0001:0003afb8       TrailDown2                 0043bfb8 f   LIBCMT:memcpy.obj
 0001:0003afcc       TrailDown3                 0043bfcc f   LIBCMT:memcpy.obj
 0001:0003a26e       ?FindHandler@@YAXPAUEHExceptionRecord@@PAUEHRegistrationNode@@PAU_CONTEXT@@PAXPBU_s_FuncInfo@@EH1@Z 0043b26e f   LIBCMT:frame.obj
 0001:0003a421       ?FindHandlerForForeignException@@YAXPAUEHExceptionRecord@@PAUEHRegistrationNode@@PAU_CONTEXT@@PAXPBU_s_FuncInfo@@HH1@Z 0043b421 f   LIBCMT:frame.obj
 0001:0003a4cb       ?TypeMatch@@YAHPBU_s_HandlerType@@PBU_s_CatchableType@@PBU_s_ThrowInfo@@@Z 0043b4cb f   LIBCMT:frame.obj
 0001:0003a5c6       ?FrameUnwindFilter@@YAHPAU_EXCEPTION_POINTERS@@@Z 0043b5c6 f   LIBCMT:frame.obj
 0001:0003a5dc       ?CatchIt@@YAXPAUEHExceptionRecord@@PAUEHRegistrationNode@@PAU_CONTEXT@@PAXPBU_s_FuncInfo@@PBU_s_HandlerType@@PBU_s_CatchableType@@PBU_s_TryBlockMapEntry@@H1E@Z 0043b5dc f   LIBCMT:frame.obj
 0001:0003a657       ?CallCatchBlock@@YAPAXPAUEHExceptionRecord@@PAUEHRegistrationNode@@PAU_CONTEXT@@PBU_s_FuncInfo@@PAXHK@Z 0043b657 f   LIBCMT:frame.obj
 0001:0003a772       ?ExFilterRethrow@@YAHPAU_EXCEPTION_POINTERS@@@Z 0043b772 f   LIBCMT:frame.obj
 0001:0003a79c       ?BuildCatchObject@@YAXPAUEHExceptionRecord@@PAUEHRegistrationNode@@PBU_s_HandlerType@@PBU_s_CatchableType@@@Z 0043b79c f   LIBCMT:frame.obj
 0001:0003a9c7       ?AdjustPointer@@YAPAXPAXABUPMD@@@Z 0043b9c7 f   LIBCMT:frame.obj
 0001:00038405       _wparse_cmdline            00439405 f   LIBCMT:wstdargv.obj
 0001:0003823f       _xcptlookup                0043923f f   LIBCMT:winxfltr.obj
 0001:00037d9c       __make_time_t              00438d9c f   LIBCMT:mktime.obj
 0001:00037814       _doexit                    00438814 f   LIBCMT:crt0dat.obj
 0001:000378cb       __initterm                 004388cb f   LIBCMT:crt0dat.obj
 0001:00037500       LeadUp1                    00438500 f   LIBCMT:memmove.obj
 0001:0003752c       LeadUp2                    0043852c f   LIBCMT:memmove.obj
 0001:00037550       LeadUp3                    00438550 f   LIBCMT:memmove.obj
 0001:000375cf       UnwindUp0                  004385cf f   LIBCMT:memmove.obj
 0001:000375bc       UnwindUp1                  004385bc f   LIBCMT:memmove.obj
 0001:000375b4       UnwindUp2                  004385b4 f   LIBCMT:memmove.obj
 0001:000375ac       UnwindUp3                  004385ac f   LIBCMT:memmove.obj
 0001:000375a4       UnwindUp4                  004385a4 f   LIBCMT:memmove.obj
 0001:0003759c       UnwindUp5                  0043859c f   LIBCMT:memmove.obj
 0001:00037594       UnwindUp6                  00438594 f   LIBCMT:memmove.obj
 0001:0003758c       UnwindUp7                  0043858c f   LIBCMT:memmove.obj
 0001:000375e8       TrailUp0                   004385e8 f   LIBCMT:memmove.obj
 0001:000375f0       TrailUp1                   004385f0 f   LIBCMT:memmove.obj
 0001:000375fc       TrailUp2                   004385fc f   LIBCMT:memmove.obj
 0001:00037610       TrailUp3                   00438610 f   LIBCMT:memmove.obj
 0001:00037688       LeadDown1                  00438688 f   LIBCMT:memmove.obj
 0001:000376a8       LeadDown2                  004386a8 f   LIBCMT:memmove.obj
 0001:000376d0       LeadDown3                  004386d0 f   LIBCMT:memmove.obj
 0001:00037724       UnwindDown7                00438724 f   LIBCMT:memmove.obj
 0001:0003772c       UnwindDown6                0043872c f   LIBCMT:memmove.obj
 0001:00037734       UnwindDown5                00438734 f   LIBCMT:memmove.obj
 0001:0003773c       UnwindDown4                0043873c f   LIBCMT:memmove.obj
 0001:00037744       UnwindDown3                00438744 f   LIBCMT:memmove.obj
 0001:0003774c       UnwindDown2                0043874c f   LIBCMT:memmove.obj
 0001:00037754       UnwindDown1                00438754 f   LIBCMT:memmove.obj
 0001:00037767       UnwindDown0                00438767 f   LIBCMT:memmove.obj
 0001:00037780       TrailDown0                 00438780 f   LIBCMT:memmove.obj
 0001:00037788       TrailDown1                 00438788 f   LIBCMT:memmove.obj
 0001:00037798       TrailDown2                 00438798 f   LIBCMT:memmove.obj
 0001:000377ac       TrailDown3                 004387ac f   LIBCMT:memmove.obj
 0001:0003a5c6       ?ArrayUnwindFilter@@YAHPAU_EXCEPTION_POINTERS@@@Z 0043b5c6 f   LIBCMT:frame.obj
 0001:00036f38       _gu_return                 00437f38 f   LIBCMT:exsup.obj
 0001:00036f40       __unwind_handler           00437f40 f   LIBCMT:exsup.obj
 0001:00036d54       ?CatchGuardHandler@@YA?AW4_EXCEPTION_DISPOSITION@@PAUEHExceptionRecord@@PAUCatchGuardRN@@PAX2@Z 00437d54 f   LIBCMT:trnsctrl.obj
 0001:00036e2f       ?TranslatorGuardHandler@@YA?AW4_EXCEPTION_DISPOSITION@@PAUEHExceptionRecord@@PAUTranslatorGuardRN@@PAX2@Z 00437e2f f   LIBCMT:trnsctrl.obj
 0001:00036a96       _fast_error_exit           00437a96 f   LIBCMT:wwincrt0.obj

 5047 bytes saved through ICF

